[2026-09-12 16:08:59] INFO Downstream start | run=cross_dataset_pemsbay/pemsbay_source_router_st_norm_seed42 | device=cuda:0 (requested=cuda:0) | seed=42 | output=C:\Users\clw\projects\researchRep\STAnchor-BlockMemory\artifacts\cross_dataset_pemsbay\pemsbay_source_router_st_norm_seed42
[2026-09-12 16:08:59] INFO Mode | downstream_mode=learned_topk_error_aware | training_protocol=posthoc_frozen_base | candidate_protocol=weekday_radius1_overlap | candidate_ranking=learned_key | candidate_payload=offset_decay
[2026-09-12 16:08:59] INFO Downstream initialization | seed=42 | state_hash=2e207286ec25fef6
[2026-09-12 16:08:59] INFO Frozen base | checkpoint=C:\Users\clw\projects\researchRep\STAnchor-BlockMemory\artifacts\cross_dataset_pemsbay\pemsbay_baseonly_st_norm_seed42\downstream_best.pt | fingerprint=02cb9b41409815b1
[2026-09-12 16:08:59] INFO Data | steps=52116 | nodes=325 | channels=1 | training_scope=full_train | memory/post_memory/train_selected/val/test=25327/10855/36182/4912/10125
[2026-09-12 16:08:59] INFO Bank/retrieval | dataset=pemsbay_source_queue | events=25327 | nodes=325 | retrieval_dim=64 | event_top_r=96 | node_top_k=12 | key_dtype=float16
[2026-09-12 16:08:59] INFO Frozen path cache | enabled=yes | candidate_ranking=learned_key | fill=first_epoch
[2026-09-12 16:08:59] INFO Parameters | downstream_total=936,790 | downstream_trainable=879,693 | backbone=0 | confidence_head=0 | fusion=0 | frozen_pretrained=958,704
[2026-09-12 16:08:59] INFO Optimization | epochs=50 | batch_size=32 | optimizer=adam | lr=0.0005 | weight_decay=0.0001 | scheduler=step_lr | step_size=10 | gamma=0.500 | confidence_weight=0.000 | patience=20 | early_stopping=disabled
[2026-09-12 16:09:01] INFO Stage start | stage=posthoc_calibrator | epochs=50 | optimizer_lrs=[0.0005]
[2026-09-12 16:26:25] INFO Epoch 001 | stage=posthoc_calibrator | train_total=1.504700 | train_forecast=1.504700 | train_confidence=0.000000 | train_risk=0.000000 | train_blend=0.000000 | val_total=1.640417 | val_mae=1.635559 | val_rmse=3.653785 | val_mape=3.742223 | val_confidence=0.000000 | val_risk=0.000000 | val_blend=0.000000 | batches=1131/154 | seconds=1044.58 | lr=[0.0005] | cuda_peak_mb=5430.7
[2026-09-12 16:26:25] INFO Val horizons | 15min_mae=1.386594 15min_rmse=2.853242 15min_mape=3.006445 | 30min_mae=1.702050 30min_rmse=3.756613 30min_mape=3.901657 | 60min_mae=1.985015 60min_rmse=4.447915 60min_mape=4.741763
[2026-09-12 16:26:25] INFO Checkpoint updated | epoch=1 | stage=posthoc_calibrator | best_val_mae=1.635559 | path=C:\Users\clw\projects\researchRep\STAnchor-BlockMemory\artifacts\cross_dataset_pemsbay\pemsbay_source_router_st_norm_seed42\downstream_best.pt
[2026-09-12 16:28:56] INFO Epoch 002 | stage=posthoc_calibrator | train_total=1.492930 | train_forecast=1.492930 | train_confidence=0.000000 | train_risk=0.000000 | train_blend=0.000000 | val_total=1.632939 | val_mae=1.628026 | val_rmse=3.674226 | val_mape=3.756984 | val_confidence=0.000000 | val_risk=0.000000 | val_blend=0.000000 | batches=1131/154 | seconds=151.02 | lr=[0.0005] | cuda_peak_mb=2202.9
[2026-09-12 16:28:56] INFO Val horizons | 15min_mae=1.382433 15min_rmse=2.857351 15min_mape=3.019144 | 30min_mae=1.692885 30min_rmse=3.771352 30min_mape=3.924198 | 60min_mae=1.978655 60min_rmse=4.495553 60min_mape=4.758825
[2026-09-12 16:28:56] INFO Checkpoint updated | epoch=2 | stage=posthoc_calibrator | best_val_mae=1.628026 | path=C:\Users\clw\projects\researchRep\STAnchor-BlockMemory\artifacts\cross_dataset_pemsbay\pemsbay_source_router_st_norm_seed42\downstream_best.pt
[2026-09-12 16:31:28] INFO Epoch 003 | stage=posthoc_calibrator | train_total=1.490064 | train_forecast=1.490064 | train_confidence=0.000000 | train_risk=0.000000 | train_blend=0.000000 | val_total=1.629802 | val_mae=1.624908 | val_rmse=3.656325 | val_mape=3.744071 | val_confidence=0.000000 | val_risk=0.000000 | val_blend=0.000000 | batches=1131/154 | seconds=151.29 | lr=[0.0005] | cuda_peak_mb=2201.6
[2026-09-12 16:31:28] INFO Val horizons | 15min_mae=1.381126 15min_rmse=2.850225 15min_mape=3.006285 | 30min_mae=1.689528 30min_rmse=3.752104 30min_mape=3.904458 | 60min_mae=1.971677 60min_rmse=4.463963 60min_mape=4.740208
[2026-09-12 16:31:28] INFO Checkpoint updated | epoch=3 | stage=posthoc_calibrator | best_val_mae=1.624908 | path=C:\Users\clw\projects\researchRep\STAnchor-BlockMemory\artifacts\cross_dataset_pemsbay\pemsbay_source_router_st_norm_seed42\downstream_best.pt
[2026-09-12 16:33:58] INFO Epoch 004 | stage=posthoc_calibrator | train_total=1.488352 | train_forecast=1.488352 | train_confidence=0.000000 | train_risk=0.000000 | train_blend=0.000000 | val_total=1.630788 | val_mae=1.625918 | val_rmse=3.669762 | val_mape=3.733406 | val_confidence=0.000000 | val_risk=0.000000 | val_blend=0.000000 | batches=1131/154 | seconds=150.11 | lr=[0.0005] | cuda_peak_mb=2201.9
[2026-09-12 16:33:58] INFO Val horizons | 15min_mae=1.381474 15min_rmse=2.856046 15min_mape=3.004794 | 30min_mae=1.690363 30min_rmse=3.767545 30min_mape=3.896040 | 60min_mae=1.972940 60min_rmse=4.478060 60min_mape=4.710317
[2026-09-12 16:36:28] INFO Epoch 005 | stage=posthoc_calibrator | train_total=1.487394 | train_forecast=1.487394 | train_confidence=0.000000 | train_risk=0.000000 | train_blend=0.000000 | val_total=1.634164 | val_mae=1.629247 | val_rmse=3.683670 | val_mape=3.772825 | val_confidence=0.000000 | val_risk=0.000000 | val_blend=0.000000 | batches=1131/154 | seconds=149.84 | lr=[0.0005] | cuda_peak_mb=2201.6
[2026-09-12 16:36:28] INFO Val horizons | 15min_mae=1.382491 15min_rmse=2.858648 15min_mape=3.018930 | 30min_mae=1.693884 30min_rmse=3.780240 30min_mape=3.942352 | 60min_mae=1.979225 60min_rmse=4.500046 60min_mape=4.767217
[2026-09-12 16:38:57] INFO Epoch 006 | stage=posthoc_calibrator | train_total=1.486680 | train_forecast=1.486680 | train_confidence=0.000000 | train_risk=0.000000 | train_blend=0.000000 | val_total=1.631590 | val_mae=1.626718 | val_rmse=3.658994 | val_mape=3.735938 | val_confidence=0.000000 | val_risk=0.000000 | val_blend=0.000000 | batches=1131/154 | seconds=149.45 | lr=[0.0005] | cuda_peak_mb=2201.9
[2026-09-12 16:38:57] INFO Val horizons | 15min_mae=1.380501 15min_rmse=2.851693 15min_mape=3.004094 | 30min_mae=1.690573 30min_rmse=3.754919 30min_mape=3.896559 | 60min_mae=1.976622 60min_rmse=4.469180 60min_mape=4.721096
[2026-09-12 16:41:27] INFO Epoch 007 | stage=posthoc_calibrator | train_total=1.485682 | train_forecast=1.485682 | train_confidence=0.000000 | train_risk=0.000000 | train_blend=0.000000 | val_total=1.627153 | val_mae=1.622288 | val_rmse=3.654355 | val_mape=3.719436 | val_confidence=0.000000 | val_risk=0.000000 | val_blend=0.000000 | batches=1131/154 | seconds=149.39 | lr=[0.0005] | cuda_peak_mb=2202.3
[2026-09-12 16:41:27] INFO Val horizons | 15min_mae=1.376805 15min_rmse=2.845421 15min_mape=2.980777 | 30min_mae=1.684976 30min_rmse=3.749470 30min_mape=3.863186 | 60min_mae=1.971082 60min_rmse=4.462489 60min_mape=4.727504
[2026-09-12 16:41:27] INFO Checkpoint updated | epoch=7 | stage=posthoc_calibrator | best_val_mae=1.622288 | path=C:\Users\clw\projects\researchRep\STAnchor-BlockMemory\artifacts\cross_dataset_pemsbay\pemsbay_source_router_st_norm_seed42\downstream_best.pt
[2026-09-12 16:43:56] INFO Epoch 008 | stage=posthoc_calibrator | train_total=1.485214 | train_forecast=1.485214 | train_confidence=0.000000 | train_risk=0.000000 | train_blend=0.000000 | val_total=1.624321 | val_mae=1.619568 | val_rmse=3.650392 | val_mape=3.699678 | val_confidence=0.000000 | val_risk=0.000000 | val_blend=0.000000 | batches=1131/154 | seconds=149.47 | lr=[0.0005] | cuda_peak_mb=2201.6
[2026-09-12 16:43:56] INFO Val horizons | 15min_mae=1.375749 15min_rmse=2.845330 15min_mape=2.981625 | 30min_mae=1.681427 30min_rmse=3.744786 30min_mape=3.851142 | 60min_mae=1.969979 60min_rmse=4.463029 60min_mape=4.685036
[2026-09-12 16:43:56] INFO Checkpoint updated | epoch=8 | stage=posthoc_calibrator | best_val_mae=1.619568 | path=C:\Users\clw\projects\researchRep\STAnchor-BlockMemory\artifacts\cross_dataset_pemsbay\pemsbay_source_router_st_norm_seed42\downstream_best.pt
[2026-09-12 16:46:25] INFO Epoch 009 | stage=posthoc_calibrator | train_total=1.484236 | train_forecast=1.484236 | train_confidence=0.000000 | train_risk=0.000000 | train_blend=0.000000 | val_total=1.628423 | val_mae=1.623666 | val_rmse=3.667746 | val_mape=3.716657 | val_confidence=0.000000 | val_risk=0.000000 | val_blend=0.000000 | batches=1131/154 | seconds=149.42 | lr=[0.0005] | cuda_peak_mb=2201.5
[2026-09-12 16:46:25] INFO Val horizons | 15min_mae=1.377436 15min_rmse=2.847904 15min_mape=2.986664 | 30min_mae=1.685525 30min_rmse=3.753887 30min_mape=3.860698 | 60min_mae=1.977412 60min_rmse=4.500871 60min_mape=4.723916
[2026-09-12 16:48:55] INFO Epoch 010 | stage=posthoc_calibrator | train_total=1.483764 | train_forecast=1.483764 | train_confidence=0.000000 | train_risk=0.000000 | train_blend=0.000000 | val_total=1.627861 | val_mae=1.623009 | val_rmse=3.678634 | val_mape=3.740055 | val_confidence=0.000000 | val_risk=0.000000 | val_blend=0.000000 | batches=1131/154 | seconds=149.39 | lr=[0.0005] | cuda_peak_mb=2201.6
[2026-09-12 16:48:55] INFO Val horizons | 15min_mae=1.374523 15min_rmse=2.849785 15min_mape=2.981534 | 30min_mae=1.683970 30min_rmse=3.760987 30min_mape=3.874655 | 60min_mae=1.977347 60min_rmse=4.518121 60min_mape=4.777526
[2026-09-12 16:51:25] INFO Epoch 011 | stage=posthoc_calibrator | train_total=1.481767 | train_forecast=1.481767 | train_confidence=0.000000 | train_risk=0.000000 | train_blend=0.000000 | val_total=1.622746 | val_mae=1.617940 | val_rmse=3.647042 | val_mape=3.697543 | val_confidence=0.000000 | val_risk=0.000000 | val_blend=0.000000 | batches=1131/154 | seconds=150.59 | lr=[0.00025] | cuda_peak_mb=2201.9
[2026-09-12 16:51:25] INFO Val horizons | 15min_mae=1.372080 15min_rmse=2.842056 15min_mape=2.964737 | 30min_mae=1.679742 30min_rmse=3.743149 30min_mape=3.833804 | 60min_mae=1.968630 60min_rmse=4.459656 60min_mape=4.709421
[2026-09-12 16:51:26] INFO Checkpoint updated | epoch=11 | stage=posthoc_calibrator | best_val_mae=1.617940 | path=C:\Users\clw\projects\researchRep\STAnchor-BlockMemory\artifacts\cross_dataset_pemsbay\pemsbay_source_router_st_norm_seed42\downstream_best.pt
[2026-09-12 16:53:57] INFO Epoch 012 | stage=posthoc_calibrator | train_total=1.481489 | train_forecast=1.481489 | train_confidence=0.000000 | train_risk=0.000000 | train_blend=0.000000 | val_total=1.626856 | val_mae=1.621908 | val_rmse=3.666170 | val_mape=3.737037 | val_confidence=0.000000 | val_risk=0.000000 | val_blend=0.000000 | batches=1131/154 | seconds=151.20 | lr=[0.00025] | cuda_peak_mb=2201.6
[2026-09-12 16:53:57] INFO Val horizons | 15min_mae=1.376093 15min_rmse=2.842470 15min_mape=2.987374 | 30min_mae=1.684798 30min_rmse=3.751036 30min_mape=3.885591 | 60min_mae=1.971636 60min_rmse=4.493004 60min_mape=4.746905
[2026-09-12 16:56:28] INFO Epoch 013 | stage=posthoc_calibrator | train_total=1.481200 | train_forecast=1.481200 | train_confidence=0.000000 | train_risk=0.000000 | train_blend=0.000000 | val_total=1.622676 | val_mae=1.617871 | val_rmse=3.656489 | val_mape=3.697081 | val_confidence=0.000000 | val_risk=0.000000 | val_blend=0.000000 | batches=1131/154 | seconds=151.25 | lr=[0.00025] | cuda_peak_mb=2201.9
[2026-09-12 16:56:28] INFO Val horizons | 15min_mae=1.371803 15min_rmse=2.840525 15min_mape=2.958078 | 30min_mae=1.679535 30min_rmse=3.742077 30min_mape=3.827286 | 60min_mae=1.969063 60min_rmse=4.488087 60min_mape=4.716106
[2026-09-12 16:56:28] INFO Checkpoint updated | epoch=13 | stage=posthoc_calibrator | best_val_mae=1.617871 | path=C:\Users\clw\projects\researchRep\STAnchor-BlockMemory\artifacts\cross_dataset_pemsbay\pemsbay_source_router_st_norm_seed42\downstream_best.pt
[2026-09-12 16:58:59] INFO Epoch 014 | stage=posthoc_calibrator | train_total=1.480689 | train_forecast=1.480689 | train_confidence=0.000000 | train_risk=0.000000 | train_blend=0.000000 | val_total=1.626683 | val_mae=1.621729 | val_rmse=3.672925 | val_mape=3.754350 | val_confidence=0.000000 | val_risk=0.000000 | val_blend=0.000000 | batches=1131/154 | seconds=151.00 | lr=[0.00025] | cuda_peak_mb=2202.3
[2026-09-12 16:58:59] INFO Val horizons | 15min_mae=1.374344 15min_rmse=2.850103 15min_mape=2.994275 | 30min_mae=1.684324 30min_rmse=3.762362 30min_mape=3.908678 | 60min_mae=1.973592 60min_rmse=4.499176 60min_mape=4.770080
[2026-09-12 17:01:30] INFO Epoch 015 | stage=posthoc_calibrator | train_total=1.480476 | train_forecast=1.480476 | train_confidence=0.000000 | train_risk=0.000000 | train_blend=0.000000 | val_total=1.623024 | val_mae=1.618176 | val_rmse=3.655987 | val_mape=3.692442 | val_confidence=0.000000 | val_risk=0.000000 | val_blend=0.000000 | batches=1131/154 | seconds=151.39 | lr=[0.00025] | cuda_peak_mb=2201.6
[2026-09-12 17:01:30] INFO Val horizons | 15min_mae=1.372856 15min_rmse=2.843494 15min_mape=2.962011 | 30min_mae=1.680600 30min_rmse=3.749091 30min_mape=3.827094 | 60min_mae=1.967914 60min_rmse=4.475874 60min_mape=4.701829
[2026-09-12 17:04:02] INFO Epoch 016 | stage=posthoc_calibrator | train_total=1.480040 | train_forecast=1.480040 | train_confidence=0.000000 | train_risk=0.000000 | train_blend=0.000000 | val_total=1.623188 | val_mae=1.618322 | val_rmse=3.659891 | val_mape=3.724067 | val_confidence=0.000000 | val_risk=0.000000 | val_blend=0.000000 | batches=1131/154 | seconds=151.50 | lr=[0.00025] | cuda_peak_mb=2201.5
[2026-09-12 17:04:02] INFO Val horizons | 15min_mae=1.372871 15min_rmse=2.842083 15min_mape=2.978459 | 30min_mae=1.680358 30min_rmse=3.745888 30min_mape=3.867227 | 60min_mae=1.968509 60min_rmse=4.486198 60min_mape=4.739180
[2026-09-12 17:06:33] INFO Epoch 017 | stage=posthoc_calibrator | train_total=1.479531 | train_forecast=1.479531 | train_confidence=0.000000 | train_risk=0.000000 | train_blend=0.000000 | val_total=1.622871 | val_mae=1.618000 | val_rmse=3.658532 | val_mape=3.713344 | val_confidence=0.000000 | val_risk=0.000000 | val_blend=0.000000 | batches=1131/154 | seconds=151.46 | lr=[0.00025] | cuda_peak_mb=2201.6
[2026-09-12 17:06:33] INFO Val horizons | 15min_mae=1.372280 15min_rmse=2.840497 15min_mape=2.971583 | 30min_mae=1.681038 30min_rmse=3.745336 30min_mape=3.863826 | 60min_mae=1.966407 60min_rmse=4.482502 60min_mape=4.707902
[2026-09-12 17:09:05] INFO Epoch 018 | stage=posthoc_calibrator | train_total=1.479329 | train_forecast=1.479329 | train_confidence=0.000000 | train_risk=0.000000 | train_blend=0.000000 | val_total=1.622610 | val_mae=1.617773 | val_rmse=3.661572 | val_mape=3.726134 | val_confidence=0.000000 | val_risk=0.000000 | val_blend=0.000000 | batches=1131/154 | seconds=151.49 | lr=[0.00025] | cuda_peak_mb=2201.9
[2026-09-12 17:09:05] INFO Val horizons | 15min_mae=1.372807 15min_rmse=2.844776 15min_mape=2.990097 | 30min_mae=1.679993 30min_rmse=3.750100 30min_mape=3.884370 | 60min_mae=1.969002 60min_rmse=4.489607 60min_mape=4.723022
[2026-09-12 17:09:05] INFO Checkpoint updated | epoch=18 | stage=posthoc_calibrator | best_val_mae=1.617773 | path=C:\Users\clw\projects\researchRep\STAnchor-BlockMemory\artifacts\cross_dataset_pemsbay\pemsbay_source_router_st_norm_seed42\downstream_best.pt
[2026-09-12 17:11:36] INFO Epoch 019 | stage=posthoc_calibrator | train_total=1.479083 | train_forecast=1.479083 | train_confidence=0.000000 | train_risk=0.000000 | train_blend=0.000000 | val_total=1.620084 | val_mae=1.615294 | val_rmse=3.651367 | val_mape=3.696453 | val_confidence=0.000000 | val_risk=0.000000 | val_blend=0.000000 | batches=1131/154 | seconds=150.88 | lr=[0.00025] | cuda_peak_mb=2201.6
[2026-09-12 17:11:36] INFO Val horizons | 15min_mae=1.370635 15min_rmse=2.836697 15min_mape=2.960296 | 30min_mae=1.676970 30min_rmse=3.737743 30min_mape=3.838024 | 60min_mae=1.964738 60min_rmse=4.478973 60min_mape=4.699585
[2026-09-12 17:11:36] INFO Checkpoint updated | epoch=19 | stage=posthoc_calibrator | best_val_mae=1.615294 | path=C:\Users\clw\projects\researchRep\STAnchor-BlockMemory\artifacts\cross_dataset_pemsbay\pemsbay_source_router_st_norm_seed42\downstream_best.pt
[2026-09-12 17:14:07] INFO Epoch 020 | stage=posthoc_calibrator | train_total=1.478833 | train_forecast=1.478833 | train_confidence=0.000000 | train_risk=0.000000 | train_blend=0.000000 | val_total=1.621904 | val_mae=1.617134 | val_rmse=3.662029 | val_mape=3.708850 | val_confidence=0.000000 | val_risk=0.000000 | val_blend=0.000000 | batches=1131/154 | seconds=151.27 | lr=[0.00025] | cuda_peak_mb=2201.9
[2026-09-12 17:14:07] INFO Val horizons | 15min_mae=1.369143 15min_rmse=2.840320 15min_mape=2.951238 | 30min_mae=1.676789 30min_rmse=3.745156 30min_mape=3.834555 | 60min_mae=1.973654 60min_rmse=4.499741 60min_mape=4.749911
[2026-09-12 17:16:38] INFO Epoch 021 | stage=posthoc_calibrator | train_total=1.477424 | train_forecast=1.477424 | train_confidence=0.000000 | train_risk=0.000000 | train_blend=0.000000 | val_total=1.620516 | val_mae=1.615686 | val_rmse=3.659784 | val_mape=3.701055 | val_confidence=0.000000 | val_risk=0.000000 | val_blend=0.000000 | batches=1131/154 | seconds=150.97 | lr=[0.000125] | cuda_peak_mb=2202.3
[2026-09-12 17:16:38] INFO Val horizons | 15min_mae=1.370697 15min_rmse=2.839931 15min_mape=2.964323 | 30min_mae=1.677538 30min_rmse=3.746938 30min_mape=3.841725 | 60min_mae=1.965391 60min_rmse=4.486030 60min_mape=4.703435
[2026-09-12 17:19:09] INFO Epoch 022 | stage=posthoc_calibrator | train_total=1.477222 | train_forecast=1.477222 | train_confidence=0.000000 | train_risk=0.000000 | train_blend=0.000000 | val_total=1.619792 | val_mae=1.615008 | val_rmse=3.647379 | val_mape=3.676023 | val_confidence=0.000000 | val_risk=0.000000 | val_blend=0.000000 | batches=1131/154 | seconds=150.81 | lr=[0.000125] | cuda_peak_mb=2201.6
[2026-09-12 17:19:09] INFO Val horizons | 15min_mae=1.369925 15min_rmse=2.835993 15min_mape=2.954120 | 30min_mae=1.676593 30min_rmse=3.736451 30min_mape=3.819359 | 60min_mae=1.965212 60min_rmse=4.470245 60min_mape=4.665761
[2026-09-12 17:19:09] INFO Checkpoint updated | epoch=22 | stage=posthoc_calibrator | best_val_mae=1.615008 | path=C:\Users\clw\projects\researchRep\STAnchor-BlockMemory\artifacts\cross_dataset_pemsbay\pemsbay_source_router_st_norm_seed42\downstream_best.pt
[2026-09-12 17:21:40] INFO Epoch 023 | stage=posthoc_calibrator | train_total=1.477043 | train_forecast=1.477043 | train_confidence=0.000000 | train_risk=0.000000 | train_blend=0.000000 | val_total=1.623507 | val_mae=1.618743 | val_rmse=3.660026 | val_mape=3.734673 | val_confidence=0.000000 | val_risk=0.000000 | val_blend=0.000000 | batches=1131/154 | seconds=151.35 | lr=[0.000125] | cuda_peak_mb=2201.5
[2026-09-12 17:21:40] INFO Val horizons | 15min_mae=1.372484 15min_rmse=2.843587 15min_mape=2.986562 | 30min_mae=1.681188 30min_rmse=3.750322 30min_mape=3.889008 | 60min_mae=1.970317 60min_rmse=4.485080 60min_mape=4.743036
[2026-09-12 17:24:11] INFO Epoch 024 | stage=posthoc_calibrator | train_total=1.477089 | train_forecast=1.477089 | train_confidence=0.000000 | train_risk=0.000000 | train_blend=0.000000 | val_total=1.620770 | val_mae=1.615896 | val_rmse=3.656190 | val_mape=3.727703 | val_confidence=0.000000 | val_risk=0.000000 | val_blend=0.000000 | batches=1131/154 | seconds=150.71 | lr=[0.000125] | cuda_peak_mb=2201.6
[2026-09-12 17:24:11] INFO Val horizons | 15min_mae=1.371553 15min_rmse=2.837166 15min_mape=2.980350 | 30min_mae=1.679143 30min_rmse=3.741425 30min_mape=3.883382 | 60min_mae=1.963540 60min_rmse=4.483789 60min_mape=4.729263
[2026-09-12 17:26:40] INFO Epoch 025 | stage=posthoc_calibrator | train_total=1.476663 | train_forecast=1.476663 | train_confidence=0.000000 | train_risk=0.000000 | train_blend=0.000000 | val_total=1.619771 | val_mae=1.614954 | val_rmse=3.657641 | val_mape=3.707064 | val_confidence=0.000000 | val_risk=0.000000 | val_blend=0.000000 | batches=1131/154 | seconds=148.98 | lr=[0.000125] | cuda_peak_mb=2201.9
[2026-09-12 17:26:40] INFO Val horizons | 15min_mae=1.369847 15min_rmse=2.839069 15min_mape=2.964832 | 30min_mae=1.677392 30min_rmse=3.744901 30min_mape=3.855336 | 60min_mae=1.964319 60min_rmse=4.484632 60min_mape=4.711418
[2026-09-12 17:26:40] INFO Checkpoint updated | epoch=25 | stage=posthoc_calibrator | best_val_mae=1.614954 | path=C:\Users\clw\projects\researchRep\STAnchor-BlockMemory\artifacts\cross_dataset_pemsbay\pemsbay_source_router_st_norm_seed42\downstream_best.pt
[2026-09-12 17:29:09] INFO Epoch 026 | stage=posthoc_calibrator | train_total=1.476570 | train_forecast=1.476570 | train_confidence=0.000000 | train_risk=0.000000 | train_blend=0.000000 | val_total=1.620427 | val_mae=1.615616 | val_rmse=3.655156 | val_mape=3.720368 | val_confidence=0.000000 | val_risk=0.000000 | val_blend=0.000000 | batches=1131/154 | seconds=149.29 | lr=[0.000125] | cuda_peak_mb=2201.6
[2026-09-12 17:29:09] INFO Val horizons | 15min_mae=1.369898 15min_rmse=2.840785 15min_mape=2.971104 | 30min_mae=1.678353 30min_rmse=3.746421 30min_mape=3.871209 | 60min_mae=1.965664 60min_rmse=4.477578 60min_mape=4.732097
[2026-09-12 17:31:39] INFO Epoch 027 | stage=posthoc_calibrator | train_total=1.476382 | train_forecast=1.476382 | train_confidence=0.000000 | train_risk=0.000000 | train_blend=0.000000 | val_total=1.620615 | val_mae=1.615810 | val_rmse=3.660099 | val_mape=3.707696 | val_confidence=0.000000 | val_risk=0.000000 | val_blend=0.000000 | batches=1131/154 | seconds=149.37 | lr=[0.000125] | cuda_peak_mb=2201.9
[2026-09-12 17:31:39] INFO Val horizons | 15min_mae=1.370453 15min_rmse=2.841844 15min_mape=2.969791 | 30min_mae=1.677384 30min_rmse=3.749329 30min_mape=3.853820 | 60min_mae=1.966687 60min_rmse=4.484682 60min_mape=4.709683
[2026-09-12 17:34:08] INFO Epoch 028 | stage=posthoc_calibrator | train_total=1.476215 | train_forecast=1.476215 | train_confidence=0.000000 | train_risk=0.000000 | train_blend=0.000000 | val_total=1.617399 | val_mae=1.612633 | val_rmse=3.648568 | val_mape=3.692372 | val_confidence=0.000000 | val_risk=0.000000 | val_blend=0.000000 | batches=1131/154 | seconds=149.50 | lr=[0.000125] | cuda_peak_mb=2202.3
[2026-09-12 17:34:08] INFO Val horizons | 15min_mae=1.368440 15min_rmse=2.836940 15min_mape=2.959228 | 30min_mae=1.674260 30min_rmse=3.739618 30min_mape=3.837416 | 60min_mae=1.962062 60min_rmse=4.469305 60min_mape=4.693684
[2026-09-12 17:34:08] INFO Checkpoint updated | epoch=28 | stage=posthoc_calibrator | best_val_mae=1.612633 | path=C:\Users\clw\projects\researchRep\STAnchor-BlockMemory\artifacts\cross_dataset_pemsbay\pemsbay_source_router_st_norm_seed42\downstream_best.pt
[2026-09-12 17:36:38] INFO Epoch 029 | stage=posthoc_calibrator | train_total=1.475981 | train_forecast=1.475981 | train_confidence=0.000000 | train_risk=0.000000 | train_blend=0.000000 | val_total=1.619622 | val_mae=1.614876 | val_rmse=3.653011 | val_mape=3.707484 | val_confidence=0.000000 | val_risk=0.000000 | val_blend=0.000000 | batches=1131/154 | seconds=150.09 | lr=[0.000125] | cuda_peak_mb=2201.6
[2026-09-12 17:36:38] INFO Val horizons | 15min_mae=1.369023 15min_rmse=2.838442 15min_mape=2.964160 | 30min_mae=1.675786 30min_rmse=3.742266 30min_mape=3.847493 | 60min_mae=1.967185 60min_rmse=4.477736 60min_mape=4.724057
[2026-09-12 17:39:07] INFO Epoch 030 | stage=posthoc_calibrator | train_total=1.475924 | train_forecast=1.475924 | train_confidence=0.000000 | train_risk=0.000000 | train_blend=0.000000 | val_total=1.617405 | val_mae=1.612613 | val_rmse=3.651770 | val_mape=3.682336 | val_confidence=0.000000 | val_risk=0.000000 | val_blend=0.000000 | batches=1131/154 | seconds=149.21 | lr=[0.000125] | cuda_peak_mb=2201.5
[2026-09-12 17:39:07] INFO Val horizons | 15min_mae=1.368775 15min_rmse=2.835597 15min_mape=2.947348 | 30min_mae=1.674366 30min_rmse=3.737389 30min_mape=3.819798 | 60min_mae=1.961511 60min_rmse=4.479981 60min_mape=4.687618
[2026-09-12 17:39:07] INFO Checkpoint updated | epoch=30 | stage=posthoc_calibrator | best_val_mae=1.612613 | path=C:\Users\clw\projects\researchRep\STAnchor-BlockMemory\artifacts\cross_dataset_pemsbay\pemsbay_source_router_st_norm_seed42\downstream_best.pt
[2026-09-12 17:41:37] INFO Epoch 031 | stage=posthoc_calibrator | train_total=1.475155 | train_forecast=1.475155 | train_confidence=0.000000 | train_risk=0.000000 | train_blend=0.000000 | val_total=1.617666 | val_mae=1.612874 | val_rmse=3.652732 | val_mape=3.689066 | val_confidence=0.000000 | val_risk=0.000000 | val_blend=0.000000 | batches=1131/154 | seconds=149.97 | lr=[6.25e-05] | cuda_peak_mb=2201.6
[2026-09-12 17:41:37] INFO Val horizons | 15min_mae=1.368409 15min_rmse=2.836265 15min_mape=2.955040 | 30min_mae=1.674005 30min_rmse=3.739476 30min_mape=3.826895 | 60min_mae=1.963150 60min_rmse=4.479335 60min_mape=4.696914
[2026-09-12 17:44:07] INFO Epoch 032 | stage=posthoc_calibrator | train_total=1.475082 | train_forecast=1.475082 | train_confidence=0.000000 | train_risk=0.000000 | train_blend=0.000000 | val_total=1.617781 | val_mae=1.613004 | val_rmse=3.652782 | val_mape=3.703860 | val_confidence=0.000000 | val_risk=0.000000 | val_blend=0.000000 | batches=1131/154 | seconds=149.45 | lr=[6.25e-05] | cuda_peak_mb=2201.9
[2026-09-12 17:44:07] INFO Val horizons | 15min_mae=1.368388 15min_rmse=2.836877 15min_mape=2.962082 | 30min_mae=1.674681 30min_rmse=3.740505 30min_mape=3.847917 | 60min_mae=1.962715 60min_rmse=4.479087 60min_mape=4.714253
[2026-09-12 17:46:36] INFO Epoch 033 | stage=posthoc_calibrator | train_total=1.475034 | train_forecast=1.475034 | train_confidence=0.000000 | train_risk=0.000000 | train_blend=0.000000 | val_total=1.618792 | val_mae=1.613950 | val_rmse=3.658458 | val_mape=3.703639 | val_confidence=0.000000 | val_risk=0.000000 | val_blend=0.000000 | batches=1131/154 | seconds=149.18 | lr=[6.25e-05] | cuda_peak_mb=2201.6
[2026-09-12 17:46:36] INFO Val horizons | 15min_mae=1.369408 15min_rmse=2.837861 15min_mape=2.961130 | 30min_mae=1.676393 30min_rmse=3.745249 30min_mape=3.848127 | 60min_mae=1.961897 60min_rmse=4.484620 60min_mape=4.707624
[2026-09-12 17:49:05] INFO Epoch 034 | stage=posthoc_calibrator | train_total=1.474983 | train_forecast=1.474983 | train_confidence=0.000000 | train_risk=0.000000 | train_blend=0.000000 | val_total=1.618005 | val_mae=1.613198 | val_rmse=3.653938 | val_mape=3.694841 | val_confidence=0.000000 | val_risk=0.000000 | val_blend=0.000000 | batches=1131/154 | seconds=149.23 | lr=[6.25e-05] | cuda_peak_mb=2201.9
[2026-09-12 17:49:05] INFO Val horizons | 15min_mae=1.368834 15min_rmse=2.837431 15min_mape=2.959426 | 30min_mae=1.675027 30min_rmse=3.742240 30min_mape=3.835519 | 60min_mae=1.962249 60min_rmse=4.479003 60min_mape=4.701010
[2026-09-12 17:51:35] INFO Epoch 035 | stage=posthoc_calibrator | train_total=1.474764 | train_forecast=1.474764 | train_confidence=0.000000 | train_risk=0.000000 | train_blend=0.000000 | val_total=1.616801 | val_mae=1.611995 | val_rmse=3.649239 | val_mape=3.691974 | val_confidence=0.000000 | val_risk=0.000000 | val_blend=0.000000 | batches=1131/154 | seconds=149.24 | lr=[6.25e-05] | cuda_peak_mb=2202.3
[2026-09-12 17:51:35] INFO Val horizons | 15min_mae=1.367864 15min_rmse=2.836671 15min_mape=2.956671 | 30min_mae=1.673810 30min_rmse=3.738354 30min_mape=3.834200 | 60min_mae=1.960633 60min_rmse=4.472466 60min_mape=4.694506
[2026-09-12 17:51:35] INFO Checkpoint updated | epoch=35 | stage=posthoc_calibrator | best_val_mae=1.611995 | path=C:\Users\clw\projects\researchRep\STAnchor-BlockMemory\artifacts\cross_dataset_pemsbay\pemsbay_source_router_st_norm_seed42\downstream_best.pt
[2026-09-12 17:54:04] INFO Epoch 036 | stage=posthoc_calibrator | train_total=1.474830 | train_forecast=1.474830 | train_confidence=0.000000 | train_risk=0.000000 | train_blend=0.000000 | val_total=1.618696 | val_mae=1.613896 | val_rmse=3.654852 | val_mape=3.713081 | val_confidence=0.000000 | val_risk=0.000000 | val_blend=0.000000 | batches=1131/154 | seconds=149.22 | lr=[6.25e-05] | cuda_peak_mb=2201.6
[2026-09-12 17:54:04] INFO Val horizons | 15min_mae=1.368789 15min_rmse=2.837959 15min_mape=2.965435 | 30min_mae=1.675694 30min_rmse=3.743216 30min_mape=3.856780 | 60min_mae=1.963951 60min_rmse=4.480070 60min_mape=4.730275
[2026-09-12 17:56:33] INFO Epoch 037 | stage=posthoc_calibrator | train_total=1.474561 | train_forecast=1.474561 | train_confidence=0.000000 | train_risk=0.000000 | train_blend=0.000000 | val_total=1.618283 | val_mae=1.613471 | val_rmse=3.656022 | val_mape=3.703707 | val_confidence=0.000000 | val_risk=0.000000 | val_blend=0.000000 | batches=1131/154 | seconds=149.26 | lr=[6.25e-05] | cuda_peak_mb=2201.5
[2026-09-12 17:56:33] INFO Val horizons | 15min_mae=1.368210 15min_rmse=2.836983 15min_mape=2.956663 | 30min_mae=1.675067 30min_rmse=3.742163 30min_mape=3.844995 | 60min_mae=1.963521 60min_rmse=4.484873 60min_mape=4.717986
[2026-09-12 17:59:02] INFO Epoch 038 | stage=posthoc_calibrator | train_total=1.474646 | train_forecast=1.474646 | train_confidence=0.000000 | train_risk=0.000000 | train_blend=0.000000 | val_total=1.617745 | val_mae=1.612939 | val_rmse=3.650994 | val_mape=3.686455 | val_confidence=0.000000 | val_risk=0.000000 | val_blend=0.000000 | batches=1131/154 | seconds=149.23 | lr=[6.25e-05] | cuda_peak_mb=2201.6
[2026-09-12 17:59:02] INFO Val horizons | 15min_mae=1.367902 15min_rmse=2.835236 15min_mape=2.952185 | 30min_mae=1.674497 30min_rmse=3.739727 30min_mape=3.827804 | 60min_mae=1.962839 60min_rmse=4.474668 60min_mape=4.689309
[2026-09-12 18:01:31] INFO Epoch 039 | stage=posthoc_calibrator | train_total=1.474508 | train_forecast=1.474508 | train_confidence=0.000000 | train_risk=0.000000 | train_blend=0.000000 | val_total=1.616733 | val_mae=1.611963 | val_rmse=3.652910 | val_mape=3.684463 | val_confidence=0.000000 | val_risk=0.000000 | val_blend=0.000000 | batches=1131/154 | seconds=149.14 | lr=[6.25e-05] | cuda_peak_mb=2201.9
[2026-09-12 18:01:31] INFO Val horizons | 15min_mae=1.367887 15min_rmse=2.836178 15min_mape=2.951983 | 30min_mae=1.673207 30min_rmse=3.738717 30min_mape=3.819341 | 60min_mae=1.961771 60min_rmse=4.483083 60min_mape=4.696751
[2026-09-12 18:01:31] INFO Checkpoint updated | epoch=39 | stage=posthoc_calibrator | best_val_mae=1.611963 | path=C:\Users\clw\projects\researchRep\STAnchor-BlockMemory\artifacts\cross_dataset_pemsbay\pemsbay_source_router_st_norm_seed42\downstream_best.pt
[2026-09-12 18:04:01] INFO Epoch 040 | stage=posthoc_calibrator | train_total=1.474548 | train_forecast=1.474548 | train_confidence=0.000000 | train_risk=0.000000 | train_blend=0.000000 | val_total=1.617450 | val_mae=1.612618 | val_rmse=3.652014 | val_mape=3.706802 | val_confidence=0.000000 | val_risk=0.000000 | val_blend=0.000000 | batches=1131/154 | seconds=149.29 | lr=[6.25e-05] | cuda_peak_mb=2201.6
[2026-09-12 18:04:01] INFO Val horizons | 15min_mae=1.368683 15min_rmse=2.835915 15min_mape=2.966314 | 30min_mae=1.674599 30min_rmse=3.741123 30min_mape=3.854820 | 60min_mae=1.960800 60min_rmse=4.474730 60min_mape=4.710475
[2026-09-12 18:06:30] INFO Epoch 041 | stage=posthoc_calibrator | train_total=1.474037 | train_forecast=1.474037 | train_confidence=0.000000 | train_risk=0.000000 | train_blend=0.000000 | val_total=1.616764 | val_mae=1.611962 | val_rmse=3.655620 | val_mape=3.695043 | val_confidence=0.000000 | val_risk=0.000000 | val_blend=0.000000 | batches=1131/154 | seconds=149.14 | lr=[3.125e-05] | cuda_peak_mb=2201.9
[2026-09-12 18:06:30] INFO Val horizons | 15min_mae=1.367890 15min_rmse=2.836832 15min_mape=2.955283 | 30min_mae=1.673688 30min_rmse=3.743252 30min_mape=3.835452 | 60min_mae=1.960296 60min_rmse=4.482795 60min_mape=4.705073
[2026-09-12 18:06:30] INFO Checkpoint updated | epoch=41 | stage=posthoc_calibrator | best_val_mae=1.611962 | path=C:\Users\clw\projects\researchRep\STAnchor-BlockMemory\artifacts\cross_dataset_pemsbay\pemsbay_source_router_st_norm_seed42\downstream_best.pt
[2026-09-12 18:08:59] INFO Epoch 042 | stage=posthoc_calibrator | train_total=1.473999 | train_forecast=1.473999 | train_confidence=0.000000 | train_risk=0.000000 | train_blend=0.000000 | val_total=1.616887 | val_mae=1.612074 | val_rmse=3.649231 | val_mape=3.694525 | val_confidence=0.000000 | val_risk=0.000000 | val_blend=0.000000 | batches=1131/154 | seconds=149.17 | lr=[3.125e-05] | cuda_peak_mb=2202.3
[2026-09-12 18:08:59] INFO Val horizons | 15min_mae=1.368120 15min_rmse=2.834576 15min_mape=2.958070 | 30min_mae=1.673766 30min_rmse=3.735752 30min_mape=3.836418 | 60min_mae=1.960447 60min_rmse=4.473846 60min_mape=4.699887
[2026-09-12 18:11:28] INFO Epoch 043 | stage=posthoc_calibrator | train_total=1.473974 | train_forecast=1.473974 | train_confidence=0.000000 | train_risk=0.000000 | train_blend=0.000000 | val_total=1.617559 | val_mae=1.612727 | val_rmse=3.654201 | val_mape=3.701874 | val_confidence=0.000000 | val_risk=0.000000 | val_blend=0.000000 | batches=1131/154 | seconds=149.35 | lr=[3.125e-05] | cuda_peak_mb=2201.6
[2026-09-12 18:11:28] INFO Val horizons | 15min_mae=1.368303 15min_rmse=2.836245 15min_mape=2.959291 | 30min_mae=1.674777 30min_rmse=3.743359 30min_mape=3.847153 | 60min_mae=1.961285 60min_rmse=4.477600 60min_mape=4.708993
[2026-09-12 18:13:58] INFO Epoch 044 | stage=posthoc_calibrator | train_total=1.473829 | train_forecast=1.473829 | train_confidence=0.000000 | train_risk=0.000000 | train_blend=0.000000 | val_total=1.616811 | val_mae=1.612026 | val_rmse=3.649045 | val_mape=3.685352 | val_confidence=0.000000 | val_risk=0.000000 | val_blend=0.000000 | batches=1131/154 | seconds=149.41 | lr=[3.125e-05] | cuda_peak_mb=2201.5
[2026-09-12 18:13:58] INFO Val horizons | 15min_mae=1.368040 15min_rmse=2.835367 15min_mape=2.955120 | 30min_mae=1.673523 30min_rmse=3.737832 30min_mape=3.827067 | 60min_mae=1.961476 60min_rmse=4.472441 60min_mape=4.687621
[2026-09-12 18:16:27] INFO Epoch 045 | stage=posthoc_calibrator | train_total=1.473845 | train_forecast=1.473845 | train_confidence=0.000000 | train_risk=0.000000 | train_blend=0.000000 | val_total=1.617385 | val_mae=1.612563 | val_rmse=3.650606 | val_mape=3.690882 | val_confidence=0.000000 | val_risk=0.000000 | val_blend=0.000000 | batches=1131/154 | seconds=149.17 | lr=[3.125e-05] | cuda_peak_mb=2201.6
[2026-09-12 18:16:27] INFO Val horizons | 15min_mae=1.368725 15min_rmse=2.836193 15min_mape=2.960643 | 30min_mae=1.674822 30min_rmse=3.739797 30min_mape=3.840432 | 60min_mae=1.960429 60min_rmse=4.472215 60min_mape=4.680430
[2026-09-12 18:18:56] INFO Epoch 046 | stage=posthoc_calibrator | train_total=1.473880 | train_forecast=1.473880 | train_confidence=0.000000 | train_risk=0.000000 | train_blend=0.000000 | val_total=1.617921 | val_mae=1.613133 | val_rmse=3.652314 | val_mape=3.707175 | val_confidence=0.000000 | val_risk=0.000000 | val_blend=0.000000 | batches=1131/154 | seconds=149.08 | lr=[3.125e-05] | cuda_peak_mb=2201.9
[2026-09-12 18:18:56] INFO Val horizons | 15min_mae=1.368261 15min_rmse=2.835839 15min_mape=2.962705 | 30min_mae=1.674733 30min_rmse=3.738707 30min_mape=3.851920 | 60min_mae=1.962944 60min_rmse=4.479049 60min_mape=4.717330
[2026-09-12 18:21:25] INFO Epoch 047 | stage=posthoc_calibrator | train_total=1.473854 | train_forecast=1.473854 | train_confidence=0.000000 | train_risk=0.000000 | train_blend=0.000000 | val_total=1.616935 | val_mae=1.612134 | val_rmse=3.652038 | val_mape=3.682553 | val_confidence=0.000000 | val_risk=0.000000 | val_blend=0.000000 | batches=1131/154 | seconds=149.16 | lr=[3.125e-05] | cuda_peak_mb=2201.6
[2026-09-12 18:21:25] INFO Val horizons | 15min_mae=1.367910 15min_rmse=2.835002 15min_mape=2.952341 | 30min_mae=1.673555 30min_rmse=3.738870 30min_mape=3.823293 | 60min_mae=1.961745 60min_rmse=4.479176 60min_mape=4.684311
[2026-09-12 18:23:55] INFO Epoch 048 | stage=posthoc_calibrator | train_total=1.473834 | train_forecast=1.473834 | train_confidence=0.000000 | train_risk=0.000000 | train_blend=0.000000 | val_total=1.618447 | val_mae=1.613601 | val_rmse=3.655615 | val_mape=3.705927 | val_confidence=0.000000 | val_risk=0.000000 | val_blend=0.000000 | batches=1131/154 | seconds=149.35 | lr=[3.125e-05] | cuda_peak_mb=2201.9
[2026-09-12 18:23:55] INFO Val horizons | 15min_mae=1.369045 15min_rmse=2.837276 15min_mape=2.964038 | 30min_mae=1.675924 30min_rmse=3.743609 30min_mape=3.853697 | 60min_mae=1.961937 60min_rmse=4.480017 60min_mape=4.708674
[2026-09-12 18:26:24] INFO Epoch 049 | stage=posthoc_calibrator | train_total=1.473717 | train_forecast=1.473717 | train_confidence=0.000000 | train_risk=0.000000 | train_blend=0.000000 | val_total=1.617523 | val_mae=1.612713 | val_rmse=3.651568 | val_mape=3.697423 | val_confidence=0.000000 | val_risk=0.000000 | val_blend=0.000000 | batches=1131/154 | seconds=149.05 | lr=[3.125e-05] | cuda_peak_mb=2202.3
[2026-09-12 18:26:24] INFO Val horizons | 15min_mae=1.368144 15min_rmse=2.836580 15min_mape=2.958558 | 30min_mae=1.674709 30min_rmse=3.740398 30min_mape=3.843387 | 60min_mae=1.961761 60min_rmse=4.474695 60min_mape=4.700003
[2026-09-12 18:28:53] INFO Epoch 050 | stage=posthoc_calibrator | train_total=1.473687 | train_forecast=1.473687 | train_confidence=0.000000 | train_risk=0.000000 | train_blend=0.000000 | val_total=1.616874 | val_mae=1.612074 | val_rmse=3.646766 | val_mape=3.684347 | val_confidence=0.000000 | val_risk=0.000000 | val_blend=0.000000 | batches=1131/154 | seconds=149.24 | lr=[3.125e-05] | cuda_peak_mb=2201.6
[2026-09-12 18:28:53] INFO Val horizons | 15min_mae=1.367553 15min_rmse=2.833581 15min_mape=2.952178 | 30min_mae=1.673485 30min_rmse=3.734149 30min_mape=3.823556 | 60min_mae=1.961588 60min_rmse=4.470659 60min_mape=4.687144
[2026-09-12 18:28:53] INFO Downstream training finished | best_val_mae=1.611962 | checkpoint=C:\Users\clw\projects\researchRep\STAnchor-BlockMemory\artifacts\cross_dataset_pemsbay\pemsbay_source_router_st_norm_seed42\downstream_best.pt
