[2026-09-13 06:22:58] INFO Downstream start | run=cross_dataset_pemsbay/pemsbay_finetuned_router_st_ssdl_seed42 | device=cuda:0 (requested=cuda:0) | seed=42 | output=C:\Users\clw\projects\researchRep\STAnchor-BlockMemory\artifacts\cross_dataset_pemsbay\pemsbay_finetuned_router_st_ssdl_seed42
[2026-09-13 06:22:58] INFO Mode | downstream_mode=learned_topk_error_aware | training_protocol=posthoc_frozen_base | candidate_protocol=weekday_radius1_overlap | candidate_ranking=learned_key | candidate_payload=offset_decay
[2026-09-13 06:22:58] INFO Downstream initialization | seed=42 | state_hash=c5d07ec490320274
[2026-09-13 06:22:58] INFO Frozen base | checkpoint=C:\Users\clw\projects\researchRep\STAnchor-BlockMemory\artifacts\cross_dataset_pemsbay\pemsbay_baseonly_st_ssdl_seed42\downstream_best.pt | fingerprint=e7f7e1e95d3b57c9
[2026-09-13 06:22:58] INFO Data | steps=52116 | nodes=325 | channels=1 | training_scope=full_train | memory/post_memory/train_selected/val/test=25327/10855/36182/4912/10125
[2026-09-13 06:22:58] INFO Bank/retrieval | dataset=pemsbay_finetuned_queue | events=25327 | nodes=325 | retrieval_dim=64 | event_top_r=96 | node_top_k=12 | key_dtype=float16
[2026-09-13 06:22:58] INFO Frozen path cache | enabled=yes | candidate_ranking=learned_key | fill=first_epoch
[2026-09-13 06:22:58] INFO Parameters | downstream_total=1,533,799 | downstream_trainable=879,693 | backbone=0 | confidence_head=0 | fusion=0 | frozen_pretrained=958,704
[2026-09-13 06:22:58] INFO Optimization | epochs=50 | batch_size=32 | optimizer=adam | lr=0.0005 | weight_decay=0.0001 | scheduler=step_lr | step_size=10 | gamma=0.500 | confidence_weight=0.000 | patience=20 | early_stopping=disabled
[2026-09-13 06:22:59] INFO Stage start | stage=posthoc_calibrator | epochs=50 | optimizer_lrs=[0.0005]
[2026-09-13 06:42:44] INFO Epoch 001 | stage=posthoc_calibrator | train_total=1.378003 | train_forecast=1.378003 | train_confidence=0.000000 | train_risk=0.000000 | train_blend=0.000000 | val_total=1.540417 | val_mae=1.535803 | val_rmse=3.633303 | val_mape=3.475819 | val_confidence=0.000000 | val_risk=0.000000 | val_blend=0.000000 | batches=1131/154 | seconds=1184.85 | lr=[0.0005] | cuda_peak_mb=5436.3
[2026-09-13 06:42:44] INFO Val horizons | 15min_mae=1.288834 15min_rmse=2.762379 15min_mape=2.731598 | 30min_mae=1.599603 30min_rmse=3.733320 30min_mape=3.633009 | 60min_mae=1.870967 60min_rmse=4.473111 60min_mape=4.425245
[2026-09-13 06:42:44] INFO Checkpoint updated | epoch=1 | stage=posthoc_calibrator | best_val_mae=1.535803 | path=C:\Users\clw\projects\researchRep\STAnchor-BlockMemory\artifacts\cross_dataset_pemsbay\pemsbay_finetuned_router_st_ssdl_seed42\downstream_best.pt
[2026-09-13 06:45:15] INFO Epoch 002 | stage=posthoc_calibrator | train_total=1.369511 | train_forecast=1.369511 | train_confidence=0.000000 | train_risk=0.000000 | train_blend=0.000000 | val_total=1.537593 | val_mae=1.533005 | val_rmse=3.628303 | val_mape=3.467084 | val_confidence=0.000000 | val_risk=0.000000 | val_blend=0.000000 | batches=1131/154 | seconds=151.83 | lr=[0.0005] | cuda_peak_mb=2208.0
[2026-09-13 06:45:15] INFO Val horizons | 15min_mae=1.288228 15min_rmse=2.760508 15min_mape=2.733808 | 30min_mae=1.595522 30min_rmse=3.721328 30min_mape=3.625214 | 60min_mae=1.868474 60min_rmse=4.478212 60min_mape=4.412490
[2026-09-13 06:45:15] INFO Checkpoint updated | epoch=2 | stage=posthoc_calibrator | best_val_mae=1.533005 | path=C:\Users\clw\projects\researchRep\STAnchor-BlockMemory\artifacts\cross_dataset_pemsbay\pemsbay_finetuned_router_st_ssdl_seed42\downstream_best.pt
[2026-09-13 06:47:46] INFO Epoch 003 | stage=posthoc_calibrator | train_total=1.368158 | train_forecast=1.368158 | train_confidence=0.000000 | train_risk=0.000000 | train_blend=0.000000 | val_total=1.541587 | val_mae=1.536972 | val_rmse=3.658968 | val_mape=3.470620 | val_confidence=0.000000 | val_risk=0.000000 | val_blend=0.000000 | batches=1131/154 | seconds=150.66 | lr=[0.0005] | cuda_peak_mb=2208.4
[2026-09-13 06:47:46] INFO Val horizons | 15min_mae=1.289040 15min_rmse=2.775598 15min_mape=2.724924 | 30min_mae=1.599358 30min_rmse=3.751168 30min_mape=3.618791 | 60min_mae=1.877063 60min_rmse=4.528350 60min_mape=4.446888
[2026-09-13 06:50:17] INFO Epoch 004 | stage=posthoc_calibrator | train_total=1.367052 | train_forecast=1.367052 | train_confidence=0.000000 | train_risk=0.000000 | train_blend=0.000000 | val_total=1.538469 | val_mae=1.533877 | val_rmse=3.639748 | val_mape=3.465347 | val_confidence=0.000000 | val_risk=0.000000 | val_blend=0.000000 | batches=1131/154 | seconds=150.39 | lr=[0.0005] | cuda_peak_mb=2207.5
[2026-09-13 06:50:17] INFO Val horizons | 15min_mae=1.288628 15min_rmse=2.769081 15min_mape=2.723979 | 30min_mae=1.597778 30min_rmse=3.737008 30min_mape=3.615759 | 60min_mae=1.867032 60min_rmse=4.486739 60min_mape=4.426658
[2026-09-13 06:52:46] INFO Epoch 005 | stage=posthoc_calibrator | train_total=1.366285 | train_forecast=1.366285 | train_confidence=0.000000 | train_risk=0.000000 | train_blend=0.000000 | val_total=1.533256 | val_mae=1.528691 | val_rmse=3.611245 | val_mape=3.452695 | val_confidence=0.000000 | val_risk=0.000000 | val_blend=0.000000 | batches=1131/154 | seconds=149.95 | lr=[0.0005] | cuda_peak_mb=2208.0
[2026-09-13 06:52:46] INFO Val horizons | 15min_mae=1.287389 15min_rmse=2.762774 15min_mape=2.723996 | 30min_mae=1.593630 30min_rmse=3.714965 30min_mape=3.615244 | 60min_mae=1.857013 60min_rmse=4.442575 60min_mape=4.385409
[2026-09-13 06:52:47] INFO Checkpoint updated | epoch=5 | stage=posthoc_calibrator | best_val_mae=1.528691 | path=C:\Users\clw\projects\researchRep\STAnchor-BlockMemory\artifacts\cross_dataset_pemsbay\pemsbay_finetuned_router_st_ssdl_seed42\downstream_best.pt
[2026-09-13 06:55:16] INFO Epoch 006 | stage=posthoc_calibrator | train_total=1.365989 | train_forecast=1.365989 | train_confidence=0.000000 | train_risk=0.000000 | train_blend=0.000000 | val_total=1.534674 | val_mae=1.530137 | val_rmse=3.616694 | val_mape=3.481426 | val_confidence=0.000000 | val_risk=0.000000 | val_blend=0.000000 | batches=1131/154 | seconds=149.72 | lr=[0.0005] | cuda_peak_mb=2208.0
[2026-09-13 06:55:16] INFO Val horizons | 15min_mae=1.287549 15min_rmse=2.762857 15min_mape=2.729378 | 30min_mae=1.594804 30min_rmse=3.716293 30min_mape=3.635605 | 60min_mae=1.859355 60min_rmse=4.450055 60min_mape=4.448203
[2026-09-13 06:57:46] INFO Epoch 007 | stage=posthoc_calibrator | train_total=1.365290 | train_forecast=1.365290 | train_confidence=0.000000 | train_risk=0.000000 | train_blend=0.000000 | val_total=1.538014 | val_mae=1.533461 | val_rmse=3.642626 | val_mape=3.477946 | val_confidence=0.000000 | val_risk=0.000000 | val_blend=0.000000 | batches=1131/154 | seconds=149.74 | lr=[0.0005] | cuda_peak_mb=2208.0
[2026-09-13 06:57:46] INFO Val horizons | 15min_mae=1.288114 15min_rmse=2.772636 15min_mape=2.725223 | 30min_mae=1.597570 30min_rmse=3.743387 30min_mape=3.628725 | 60min_mae=1.867835 60min_rmse=4.493111 60min_mape=4.455975
[2026-09-13 07:00:16] INFO Epoch 008 | stage=posthoc_calibrator | train_total=1.364831 | train_forecast=1.364831 | train_confidence=0.000000 | train_risk=0.000000 | train_blend=0.000000 | val_total=1.539124 | val_mae=1.534696 | val_rmse=3.618837 | val_mape=3.543254 | val_confidence=0.000000 | val_risk=0.000000 | val_blend=0.000000 | batches=1131/154 | seconds=149.89 | lr=[0.0005] | cuda_peak_mb=2208.0
[2026-09-13 07:00:16] INFO Val horizons | 15min_mae=1.288860 15min_rmse=2.759561 15min_mape=2.750656 | 30min_mae=1.597851 30min_rmse=3.712545 30min_mape=3.696990 | 60min_mae=1.870617 60min_rmse=4.461466 60min_mape=4.565399
[2026-09-13 07:02:46] INFO Epoch 009 | stage=posthoc_calibrator | train_total=1.364434 | train_forecast=1.364434 | train_confidence=0.000000 | train_risk=0.000000 | train_blend=0.000000 | val_total=1.538844 | val_mae=1.534314 | val_rmse=3.647387 | val_mape=3.492585 | val_confidence=0.000000 | val_risk=0.000000 | val_blend=0.000000 | batches=1131/154 | seconds=149.72 | lr=[0.0005] | cuda_peak_mb=2208.0
[2026-09-13 07:02:46] INFO Val horizons | 15min_mae=1.288141 15min_rmse=2.771547 15min_mape=2.727383 | 30min_mae=1.598559 30min_rmse=3.744667 30min_mape=3.641652 | 60min_mae=1.869606 60min_rmse=4.504842 60min_mape=4.485468
[2026-09-13 07:05:15] INFO Epoch 010 | stage=posthoc_calibrator | train_total=1.364068 | train_forecast=1.364068 | train_confidence=0.000000 | train_risk=0.000000 | train_blend=0.000000 | val_total=1.534277 | val_mae=1.529767 | val_rmse=3.620674 | val_mape=3.478247 | val_confidence=0.000000 | val_risk=0.000000 | val_blend=0.000000 | batches=1131/154 | seconds=149.68 | lr=[0.0005] | cuda_peak_mb=2208.0
[2026-09-13 07:05:15] INFO Val horizons | 15min_mae=1.287295 15min_rmse=2.767100 15min_mape=2.729412 | 30min_mae=1.594376 30min_rmse=3.723746 30min_mape=3.635030 | 60min_mae=1.860239 60min_rmse=4.455820 60min_mape=4.446476
[2026-09-13 07:07:45] INFO Epoch 011 | stage=posthoc_calibrator | train_total=1.362919 | train_forecast=1.362919 | train_confidence=0.000000 | train_risk=0.000000 | train_blend=0.000000 | val_total=1.532914 | val_mae=1.528386 | val_rmse=3.615742 | val_mape=3.473145 | val_confidence=0.000000 | val_risk=0.000000 | val_blend=0.000000 | batches=1131/154 | seconds=149.78 | lr=[0.00025] | cuda_peak_mb=2208.0
[2026-09-13 07:07:45] INFO Val horizons | 15min_mae=1.286456 15min_rmse=2.762690 15min_mape=2.726667 | 30min_mae=1.593216 30min_rmse=3.720330 30min_mape=3.629422 | 60min_mae=1.857274 60min_rmse=4.448448 60min_mape=4.434591
[2026-09-13 07:07:45] INFO Checkpoint updated | epoch=11 | stage=posthoc_calibrator | best_val_mae=1.528386 | path=C:\Users\clw\projects\researchRep\STAnchor-BlockMemory\artifacts\cross_dataset_pemsbay\pemsbay_finetuned_router_st_ssdl_seed42\downstream_best.pt
[2026-09-13 07:10:15] INFO Epoch 012 | stage=posthoc_calibrator | train_total=1.362730 | train_forecast=1.362730 | train_confidence=0.000000 | train_risk=0.000000 | train_blend=0.000000 | val_total=1.533665 | val_mae=1.529125 | val_rmse=3.622316 | val_mape=3.471530 | val_confidence=0.000000 | val_risk=0.000000 | val_blend=0.000000 | batches=1131/154 | seconds=149.70 | lr=[0.00025] | cuda_peak_mb=2208.0
[2026-09-13 07:10:15] INFO Val horizons | 15min_mae=1.286391 15min_rmse=2.763565 15min_mape=2.724159 | 30min_mae=1.593245 30min_rmse=3.721041 30min_mape=3.627734 | 60min_mae=1.859903 60min_rmse=4.465181 60min_mape=4.428281
[2026-09-13 07:12:45] INFO Epoch 013 | stage=posthoc_calibrator | train_total=1.362499 | train_forecast=1.362499 | train_confidence=0.000000 | train_risk=0.000000 | train_blend=0.000000 | val_total=1.533170 | val_mae=1.528685 | val_rmse=3.616469 | val_mape=3.482811 | val_confidence=0.000000 | val_risk=0.000000 | val_blend=0.000000 | batches=1131/154 | seconds=149.76 | lr=[0.00025] | cuda_peak_mb=2208.0
[2026-09-13 07:12:45] INFO Val horizons | 15min_mae=1.286704 15min_rmse=2.764694 15min_mape=2.728197 | 30min_mae=1.593400 30min_rmse=3.719427 30min_mape=3.636795 | 60min_mae=1.857883 60min_rmse=4.450358 60min_mape=4.456954
[2026-09-13 07:15:14] INFO Epoch 014 | stage=posthoc_calibrator | train_total=1.362210 | train_forecast=1.362210 | train_confidence=0.000000 | train_risk=0.000000 | train_blend=0.000000 | val_total=1.533091 | val_mae=1.528514 | val_rmse=3.611853 | val_mape=3.449166 | val_confidence=0.000000 | val_risk=0.000000 | val_blend=0.000000 | batches=1131/154 | seconds=149.78 | lr=[0.00025] | cuda_peak_mb=2208.0
[2026-09-13 07:15:14] INFO Val horizons | 15min_mae=1.286160 15min_rmse=2.756042 15min_mape=2.717821 | 30min_mae=1.592406 30min_rmse=3.711051 30min_mape=3.601910 | 60min_mae=1.858092 60min_rmse=4.447068 60min_mape=4.393287
[2026-09-13 07:17:44] INFO Epoch 015 | stage=posthoc_calibrator | train_total=1.361875 | train_forecast=1.361875 | train_confidence=0.000000 | train_risk=0.000000 | train_blend=0.000000 | val_total=1.534320 | val_mae=1.529799 | val_rmse=3.627667 | val_mape=3.482238 | val_confidence=0.000000 | val_risk=0.000000 | val_blend=0.000000 | batches=1131/154 | seconds=149.89 | lr=[0.00025] | cuda_peak_mb=2208.0
[2026-09-13 07:17:44] INFO Val horizons | 15min_mae=1.286539 15min_rmse=2.764666 15min_mape=2.726360 | 30min_mae=1.593937 30min_rmse=3.726434 30min_mape=3.634950 | 60min_mae=1.860844 60min_rmse=4.470898 60min_mape=4.456949
[2026-09-13 07:20:14] INFO Epoch 016 | stage=posthoc_calibrator | train_total=1.361719 | train_forecast=1.361719 | train_confidence=0.000000 | train_risk=0.000000 | train_blend=0.000000 | val_total=1.530572 | val_mae=1.526094 | val_rmse=3.596886 | val_mape=3.479535 | val_confidence=0.000000 | val_risk=0.000000 | val_blend=0.000000 | batches=1131/154 | seconds=149.65 | lr=[0.00025] | cuda_peak_mb=2208.0
[2026-09-13 07:20:14] INFO Val horizons | 15min_mae=1.285496 15min_rmse=2.757204 15min_mape=2.726114 | 30min_mae=1.591174 30min_rmse=3.703901 30min_mape=3.633791 | 60min_mae=1.852844 60min_rmse=4.417907 60min_mape=4.444928
[2026-09-13 07:20:14] INFO Checkpoint updated | epoch=16 | stage=posthoc_calibrator | best_val_mae=1.526094 | path=C:\Users\clw\projects\researchRep\STAnchor-BlockMemory\artifacts\cross_dataset_pemsbay\pemsbay_finetuned_router_st_ssdl_seed42\downstream_best.pt
[2026-09-13 07:22:44] INFO Epoch 017 | stage=posthoc_calibrator | train_total=1.361463 | train_forecast=1.361463 | train_confidence=0.000000 | train_risk=0.000000 | train_blend=0.000000 | val_total=1.533664 | val_mae=1.529136 | val_rmse=3.624988 | val_mape=3.474181 | val_confidence=0.000000 | val_risk=0.000000 | val_blend=0.000000 | batches=1131/154 | seconds=149.71 | lr=[0.00025] | cuda_peak_mb=2208.0
[2026-09-13 07:22:44] INFO Val horizons | 15min_mae=1.285961 15min_rmse=2.759761 15min_mape=2.725167 | 30min_mae=1.592917 30min_rmse=3.722468 30min_mape=3.625140 | 60min_mae=1.860555 60min_rmse=4.471483 60min_mape=4.444457
[2026-09-13 07:25:13] INFO Epoch 018 | stage=posthoc_calibrator | train_total=1.361282 | train_forecast=1.361282 | train_confidence=0.000000 | train_risk=0.000000 | train_blend=0.000000 | val_total=1.532354 | val_mae=1.527909 | val_rmse=3.611314 | val_mape=3.491932 | val_confidence=0.000000 | val_risk=0.000000 | val_blend=0.000000 | batches=1131/154 | seconds=149.64 | lr=[0.00025] | cuda_peak_mb=2208.0
[2026-09-13 07:25:13] INFO Val horizons | 15min_mae=1.286069 15min_rmse=2.756404 15min_mape=2.731566 | 30min_mae=1.592494 30min_rmse=3.706799 30min_mape=3.649205 | 60min_mae=1.856884 60min_rmse=4.451671 60min_mape=4.462995
[2026-09-13 07:27:43] INFO Epoch 019 | stage=posthoc_calibrator | train_total=1.360955 | train_forecast=1.360955 | train_confidence=0.000000 | train_risk=0.000000 | train_blend=0.000000 | val_total=1.534510 | val_mae=1.530019 | val_rmse=3.622969 | val_mape=3.502577 | val_confidence=0.000000 | val_risk=0.000000 | val_blend=0.000000 | batches=1131/154 | seconds=149.83 | lr=[0.00025] | cuda_peak_mb=2208.0
[2026-09-13 07:27:43] INFO Val horizons | 15min_mae=1.286462 15min_rmse=2.763725 15min_mape=2.731358 | 30min_mae=1.594546 30min_rmse=3.726914 30min_mape=3.653662 | 60min_mae=1.860479 60min_rmse=4.457543 60min_mape=4.496149
[2026-09-13 07:30:13] INFO Epoch 020 | stage=posthoc_calibrator | train_total=1.360951 | train_forecast=1.360951 | train_confidence=0.000000 | train_risk=0.000000 | train_blend=0.000000 | val_total=1.532811 | val_mae=1.528265 | val_rmse=3.622132 | val_mape=3.457049 | val_confidence=0.000000 | val_risk=0.000000 | val_blend=0.000000 | batches=1131/154 | seconds=149.85 | lr=[0.00025] | cuda_peak_mb=2208.0
[2026-09-13 07:30:13] INFO Val horizons | 15min_mae=1.285652 15min_rmse=2.761848 15min_mape=2.718801 | 30min_mae=1.592655 30min_rmse=3.724955 30min_mape=3.609554 | 60min_mae=1.858271 60min_rmse=4.460229 60min_mape=4.412085
[2026-09-13 07:32:43] INFO Epoch 021 | stage=posthoc_calibrator | train_total=1.360338 | train_forecast=1.360338 | train_confidence=0.000000 | train_risk=0.000000 | train_blend=0.000000 | val_total=1.534669 | val_mae=1.530111 | val_rmse=3.635878 | val_mape=3.464656 | val_confidence=0.000000 | val_risk=0.000000 | val_blend=0.000000 | batches=1131/154 | seconds=149.57 | lr=[0.000125] | cuda_peak_mb=2208.0
[2026-09-13 07:32:43] INFO Val horizons | 15min_mae=1.286004 15min_rmse=2.764527 15min_mape=2.720490 | 30min_mae=1.593950 30min_rmse=3.735175 30min_mape=3.614747 | 60min_mae=1.862821 60min_rmse=4.486184 60min_mape=4.433050
[2026-09-13 07:35:12] INFO Epoch 022 | stage=posthoc_calibrator | train_total=1.360155 | train_forecast=1.360155 | train_confidence=0.000000 | train_risk=0.000000 | train_blend=0.000000 | val_total=1.533394 | val_mae=1.528914 | val_rmse=3.622764 | val_mape=3.490810 | val_confidence=0.000000 | val_risk=0.000000 | val_blend=0.000000 | batches=1131/154 | seconds=149.54 | lr=[0.000125] | cuda_peak_mb=2208.0
[2026-09-13 07:35:12] INFO Val horizons | 15min_mae=1.286138 15min_rmse=2.761695 15min_mape=2.729169 | 30min_mae=1.593019 30min_rmse=3.720290 30min_mape=3.641472 | 60min_mae=1.859368 60min_rmse=4.466306 60min_mape=4.475496
[2026-09-13 07:37:41] INFO Epoch 023 | stage=posthoc_calibrator | train_total=1.359877 | train_forecast=1.359877 | train_confidence=0.000000 | train_risk=0.000000 | train_blend=0.000000 | val_total=1.532936 | val_mae=1.528369 | val_rmse=3.626062 | val_mape=3.454293 | val_confidence=0.000000 | val_risk=0.000000 | val_blend=0.000000 | batches=1131/154 | seconds=149.38 | lr=[0.000125] | cuda_peak_mb=2208.0
[2026-09-13 07:37:41] INFO Val horizons | 15min_mae=1.285688 15min_rmse=2.763481 15min_mape=2.719674 | 30min_mae=1.592485 30min_rmse=3.725747 30min_mape=3.607480 | 60min_mae=1.858686 60min_rmse=4.468177 60min_mape=4.405264
[2026-09-13 07:40:11] INFO Epoch 024 | stage=posthoc_calibrator | train_total=1.359928 | train_forecast=1.359928 | train_confidence=0.000000 | train_risk=0.000000 | train_blend=0.000000 | val_total=1.533701 | val_mae=1.529198 | val_rmse=3.628157 | val_mape=3.490325 | val_confidence=0.000000 | val_risk=0.000000 | val_blend=0.000000 | batches=1131/154 | seconds=149.71 | lr=[0.000125] | cuda_peak_mb=2208.0
[2026-09-13 07:40:11] INFO Val horizons | 15min_mae=1.285686 15min_rmse=2.761348 15min_mape=2.725594 | 30min_mae=1.593063 30min_rmse=3.723283 30min_mape=3.640354 | 60min_mae=1.861065 60min_rmse=4.478970 60min_mape=4.476573
[2026-09-13 07:42:41] INFO Epoch 025 | stage=posthoc_calibrator | train_total=1.359755 | train_forecast=1.359755 | train_confidence=0.000000 | train_risk=0.000000 | train_blend=0.000000 | val_total=1.532120 | val_mae=1.527611 | val_rmse=3.621645 | val_mape=3.472603 | val_confidence=0.000000 | val_risk=0.000000 | val_blend=0.000000 | batches=1131/154 | seconds=149.70 | lr=[0.000125] | cuda_peak_mb=2208.0
[2026-09-13 07:42:41] INFO Val horizons | 15min_mae=1.285774 15min_rmse=2.760198 15min_mape=2.725672 | 30min_mae=1.591595 30min_rmse=3.715541 30min_mape=3.628943 | 60min_mae=1.858141 60min_rmse=4.471802 60min_mape=4.434444
[2026-09-13 07:45:11] INFO Epoch 026 | stage=posthoc_calibrator | train_total=1.359756 | train_forecast=1.359756 | train_confidence=0.000000 | train_risk=0.000000 | train_blend=0.000000 | val_total=1.530804 | val_mae=1.526308 | val_rmse=3.607817 | val_mape=3.462959 | val_confidence=0.000000 | val_risk=0.000000 | val_blend=0.000000 | batches=1131/154 | seconds=149.65 | lr=[0.000125] | cuda_peak_mb=2208.0
[2026-09-13 07:45:11] INFO Val horizons | 15min_mae=1.285680 15min_rmse=2.761288 15min_mape=2.722206 | 30min_mae=1.591314 30min_rmse=3.711509 30min_mape=3.617292 | 60min_mae=1.853320 60min_rmse=4.437276 60min_mape=4.418426
[2026-09-13 07:47:40] INFO Epoch 027 | stage=posthoc_calibrator | train_total=1.359756 | train_forecast=1.359756 | train_confidence=0.000000 | train_risk=0.000000 | train_blend=0.000000 | val_total=1.533020 | val_mae=1.528569 | val_rmse=3.617398 | val_mape=3.498986 | val_confidence=0.000000 | val_risk=0.000000 | val_blend=0.000000 | batches=1131/154 | seconds=149.65 | lr=[0.000125] | cuda_peak_mb=2208.0
[2026-09-13 07:47:40] INFO Val horizons | 15min_mae=1.286014 15min_rmse=2.760199 15min_mape=2.730527 | 30min_mae=1.593046 30min_rmse=3.715839 30min_mape=3.652194 | 60min_mae=1.858483 60min_rmse=4.457526 60min_mape=4.484900
[2026-09-13 07:50:10] INFO Epoch 028 | stage=posthoc_calibrator | train_total=1.359565 | train_forecast=1.359565 | train_confidence=0.000000 | train_risk=0.000000 | train_blend=0.000000 | val_total=1.529293 | val_mae=1.524782 | val_rmse=3.600365 | val_mape=3.460117 | val_confidence=0.000000 | val_risk=0.000000 | val_blend=0.000000 | batches=1131/154 | seconds=149.48 | lr=[0.000125] | cuda_peak_mb=2208.0
[2026-09-13 07:50:10] INFO Val horizons | 15min_mae=1.285233 15min_rmse=2.755218 15min_mape=2.723318 | 30min_mae=1.590068 30min_rmse=3.704186 30min_mape=3.617946 | 60min_mae=1.849594 60min_rmse=4.424205 60min_mape=4.402422
[2026-09-13 07:50:10] INFO Checkpoint updated | epoch=28 | stage=posthoc_calibrator | best_val_mae=1.524782 | path=C:\Users\clw\projects\researchRep\STAnchor-BlockMemory\artifacts\cross_dataset_pemsbay\pemsbay_finetuned_router_st_ssdl_seed42\downstream_best.pt
[2026-09-13 07:52:39] INFO Epoch 029 | stage=posthoc_calibrator | train_total=1.359402 | train_forecast=1.359402 | train_confidence=0.000000 | train_risk=0.000000 | train_blend=0.000000 | val_total=1.531094 | val_mae=1.526630 | val_rmse=3.605133 | val_mape=3.495810 | val_confidence=0.000000 | val_risk=0.000000 | val_blend=0.000000 | batches=1131/154 | seconds=149.63 | lr=[0.000125] | cuda_peak_mb=2208.0
[2026-09-13 07:52:39] INFO Val horizons | 15min_mae=1.285804 15min_rmse=2.757661 15min_mape=2.732035 | 30min_mae=1.591942 30min_rmse=3.708173 30min_mape=3.650001 | 60min_mae=1.852715 60min_rmse=4.431607 60min_mape=4.473345
[2026-09-13 07:55:09] INFO Epoch 030 | stage=posthoc_calibrator | train_total=1.359334 | train_forecast=1.359334 | train_confidence=0.000000 | train_risk=0.000000 | train_blend=0.000000 | val_total=1.532346 | val_mae=1.527835 | val_rmse=3.624421 | val_mape=3.475103 | val_confidence=0.000000 | val_risk=0.000000 | val_blend=0.000000 | batches=1131/154 | seconds=149.62 | lr=[0.000125] | cuda_peak_mb=2208.0
[2026-09-13 07:55:09] INFO Val horizons | 15min_mae=1.285716 15min_rmse=2.761881 15min_mape=2.724770 | 30min_mae=1.592001 30min_rmse=3.721762 30min_mape=3.629027 | 60min_mae=1.857916 60min_rmse=4.469125 60min_mape=4.440583
[2026-09-13 07:57:38] INFO Epoch 031 | stage=posthoc_calibrator | train_total=1.358956 | train_forecast=1.358956 | train_confidence=0.000000 | train_risk=0.000000 | train_blend=0.000000 | val_total=1.530883 | val_mae=1.526371 | val_rmse=3.612100 | val_mape=3.471550 | val_confidence=0.000000 | val_risk=0.000000 | val_blend=0.000000 | batches=1131/154 | seconds=149.41 | lr=[6.25e-05] | cuda_peak_mb=2208.0
[2026-09-13 07:57:38] INFO Val horizons | 15min_mae=1.285497 15min_rmse=2.760206 15min_mape=2.723693 | 30min_mae=1.591730 30min_rmse=3.717140 30min_mape=3.626054 | 60min_mae=1.852843 60min_rmse=4.442401 60min_mape=4.432493
[2026-09-13 08:00:08] INFO Epoch 032 | stage=posthoc_calibrator | train_total=1.358953 | train_forecast=1.358953 | train_confidence=0.000000 | train_risk=0.000000 | train_blend=0.000000 | val_total=1.530912 | val_mae=1.526405 | val_rmse=3.614013 | val_mape=3.466046 | val_confidence=0.000000 | val_risk=0.000000 | val_blend=0.000000 | batches=1131/154 | seconds=149.66 | lr=[6.25e-05] | cuda_peak_mb=2208.0
[2026-09-13 08:00:08] INFO Val horizons | 15min_mae=1.285543 15min_rmse=2.762289 15min_mape=2.723525 | 30min_mae=1.591875 30min_rmse=3.720132 30min_mape=3.622979 | 60min_mae=1.852988 60min_rmse=4.443928 60min_mape=4.420657
[2026-09-13 08:02:38] INFO Epoch 033 | stage=posthoc_calibrator | train_total=1.358918 | train_forecast=1.358918 | train_confidence=0.000000 | train_risk=0.000000 | train_blend=0.000000 | val_total=1.530659 | val_mae=1.526168 | val_rmse=3.612155 | val_mape=3.471686 | val_confidence=0.000000 | val_risk=0.000000 | val_blend=0.000000 | batches=1131/154 | seconds=149.55 | lr=[6.25e-05] | cuda_peak_mb=2208.0
[2026-09-13 08:02:38] INFO Val horizons | 15min_mae=1.285325 15min_rmse=2.759295 15min_mape=2.723938 | 30min_mae=1.590796 30min_rmse=3.711141 30min_mape=3.625705 | 60min_mae=1.854180 60min_rmse=4.450490 60min_mape=4.434458
[2026-09-13 08:05:07] INFO Epoch 034 | stage=posthoc_calibrator | train_total=1.358927 | train_forecast=1.358927 | train_confidence=0.000000 | train_risk=0.000000 | train_blend=0.000000 | val_total=1.529730 | val_mae=1.525226 | val_rmse=3.605120 | val_mape=3.468057 | val_confidence=0.000000 | val_risk=0.000000 | val_blend=0.000000 | batches=1131/154 | seconds=149.41 | lr=[6.25e-05] | cuda_peak_mb=2208.0
[2026-09-13 08:05:07] INFO Val horizons | 15min_mae=1.285421 15min_rmse=2.760532 15min_mape=2.724532 | 30min_mae=1.590759 30min_rmse=3.711532 30min_mape=3.624295 | 60min_mae=1.850147 60min_rmse=4.427375 60min_mape=4.422667
[2026-09-13 08:07:36] INFO Epoch 035 | stage=posthoc_calibrator | train_total=1.358785 | train_forecast=1.358785 | train_confidence=0.000000 | train_risk=0.000000 | train_blend=0.000000 | val_total=1.529436 | val_mae=1.524923 | val_rmse=3.602012 | val_mape=3.456746 | val_confidence=0.000000 | val_risk=0.000000 | val_blend=0.000000 | batches=1131/154 | seconds=149.50 | lr=[6.25e-05] | cuda_peak_mb=2208.0
[2026-09-13 08:07:36] INFO Val horizons | 15min_mae=1.285333 15min_rmse=2.757815 15min_mape=2.722718 | 30min_mae=1.590652 30min_rmse=3.709407 30min_mape=3.616055 | 60min_mae=1.849018 60min_rmse=4.422552 60min_mape=4.397681
[2026-09-13 08:10:06] INFO Epoch 036 | stage=posthoc_calibrator | train_total=1.358827 | train_forecast=1.358827 | train_confidence=0.000000 | train_risk=0.000000 | train_blend=0.000000 | val_total=1.531132 | val_mae=1.526626 | val_rmse=3.617160 | val_mape=3.471636 | val_confidence=0.000000 | val_risk=0.000000 | val_blend=0.000000 | batches=1131/154 | seconds=149.55 | lr=[6.25e-05] | cuda_peak_mb=2208.0
[2026-09-13 08:10:06] INFO Val horizons | 15min_mae=1.285372 15min_rmse=2.761674 15min_mape=2.723387 | 30min_mae=1.591596 30min_rmse=3.719962 30min_mape=3.624583 | 60min_mae=1.853940 60min_rmse=4.451278 60min_mape=4.434939
[2026-09-13 08:12:36] INFO Epoch 037 | stage=posthoc_calibrator | train_total=1.358734 | train_forecast=1.358734 | train_confidence=0.000000 | train_risk=0.000000 | train_blend=0.000000 | val_total=1.531323 | val_mae=1.526814 | val_rmse=3.619367 | val_mape=3.471935 | val_confidence=0.000000 | val_risk=0.000000 | val_blend=0.000000 | batches=1131/154 | seconds=149.63 | lr=[6.25e-05] | cuda_peak_mb=2208.0
[2026-09-13 08:12:36] INFO Val horizons | 15min_mae=1.285449 15min_rmse=2.760980 15min_mape=2.723819 | 30min_mae=1.591246 30min_rmse=3.718288 30min_mape=3.626406 | 60min_mae=1.855335 60min_rmse=4.459397 60min_mape=4.434892
[2026-09-13 08:15:05] INFO Epoch 038 | stage=posthoc_calibrator | train_total=1.358674 | train_forecast=1.358674 | train_confidence=0.000000 | train_risk=0.000000 | train_blend=0.000000 | val_total=1.530236 | val_mae=1.525779 | val_rmse=3.604319 | val_mape=3.494566 | val_confidence=0.000000 | val_risk=0.000000 | val_blend=0.000000 | batches=1131/154 | seconds=149.65 | lr=[6.25e-05] | cuda_peak_mb=2208.0
[2026-09-13 08:15:05] INFO Val horizons | 15min_mae=1.285463 15min_rmse=2.757804 15min_mape=2.729868 | 30min_mae=1.591058 30min_rmse=3.704097 30min_mape=3.648759 | 60min_mae=1.852158 60min_rmse=4.438012 60min_mape=4.476000
[2026-09-13 08:17:35] INFO Epoch 039 | stage=posthoc_calibrator | train_total=1.358664 | train_forecast=1.358664 | train_confidence=0.000000 | train_risk=0.000000 | train_blend=0.000000 | val_total=1.531451 | val_mae=1.526934 | val_rmse=3.617664 | val_mape=3.476870 | val_confidence=0.000000 | val_risk=0.000000 | val_blend=0.000000 | batches=1131/154 | seconds=149.75 | lr=[6.25e-05] | cuda_peak_mb=2208.0
[2026-09-13 08:17:35] INFO Val horizons | 15min_mae=1.285595 15min_rmse=2.762003 15min_mape=2.725029 | 30min_mae=1.592314 30min_rmse=3.722518 30min_mape=3.630245 | 60min_mae=1.853575 60min_rmse=4.448945 60min_mape=4.442208
[2026-09-13 08:20:05] INFO Epoch 040 | stage=posthoc_calibrator | train_total=1.358625 | train_forecast=1.358625 | train_confidence=0.000000 | train_risk=0.000000 | train_blend=0.000000 | val_total=1.530431 | val_mae=1.525943 | val_rmse=3.611288 | val_mape=3.467612 | val_confidence=0.000000 | val_risk=0.000000 | val_blend=0.000000 | batches=1131/154 | seconds=149.60 | lr=[6.25e-05] | cuda_peak_mb=2208.0
[2026-09-13 08:20:05] INFO Val horizons | 15min_mae=1.285334 15min_rmse=2.759701 15min_mape=2.723788 | 30min_mae=1.591068 30min_rmse=3.716731 30min_mape=3.621353 | 60min_mae=1.852564 60min_rmse=4.441387 60min_mape=4.427764
[2026-09-13 08:22:34] INFO Epoch 041 | stage=posthoc_calibrator | train_total=1.358422 | train_forecast=1.358422 | train_confidence=0.000000 | train_risk=0.000000 | train_blend=0.000000 | val_total=1.529521 | val_mae=1.525035 | val_rmse=3.602175 | val_mape=3.474553 | val_confidence=0.000000 | val_risk=0.000000 | val_blend=0.000000 | batches=1131/154 | seconds=149.69 | lr=[3.125e-05] | cuda_peak_mb=2208.0
[2026-09-13 08:22:34] INFO Val horizons | 15min_mae=1.285287 15min_rmse=2.758123 15min_mape=2.724895 | 30min_mae=1.590584 30min_rmse=3.706987 30min_mape=3.629378 | 60min_mae=1.849720 60min_rmse=4.426892 60min_mape=4.435853
[2026-09-13 08:25:04] INFO Epoch 042 | stage=posthoc_calibrator | train_total=1.358390 | train_forecast=1.358390 | train_confidence=0.000000 | train_risk=0.000000 | train_blend=0.000000 | val_total=1.529959 | val_mae=1.525472 | val_rmse=3.607339 | val_mape=3.474141 | val_confidence=0.000000 | val_risk=0.000000 | val_blend=0.000000 | batches=1131/154 | seconds=149.56 | lr=[3.125e-05] | cuda_peak_mb=2208.0
[2026-09-13 08:25:04] INFO Val horizons | 15min_mae=1.285075 15min_rmse=2.758822 15min_mape=2.723242 | 30min_mae=1.590639 30min_rmse=3.710260 30min_mape=3.626184 | 60min_mae=1.851624 60min_rmse=4.437742 60min_mape=4.441162
[2026-09-13 08:27:33] INFO Epoch 043 | stage=posthoc_calibrator | train_total=1.358394 | train_forecast=1.358394 | train_confidence=0.000000 | train_risk=0.000000 | train_blend=0.000000 | val_total=1.530462 | val_mae=1.525947 | val_rmse=3.612617 | val_mape=3.465402 | val_confidence=0.000000 | val_risk=0.000000 | val_blend=0.000000 | batches=1131/154 | seconds=149.25 | lr=[3.125e-05] | cuda_peak_mb=2208.0
[2026-09-13 08:27:33] INFO Val horizons | 15min_mae=1.285180 15min_rmse=2.759663 15min_mape=2.722104 | 30min_mae=1.590964 30min_rmse=3.716310 30min_mape=3.619387 | 60min_mae=1.852824 60min_rmse=4.444761 60min_mape=4.423868
[2026-09-13 08:30:03] INFO Epoch 044 | stage=posthoc_calibrator | train_total=1.358436 | train_forecast=1.358436 | train_confidence=0.000000 | train_risk=0.000000 | train_blend=0.000000 | val_total=1.530451 | val_mae=1.525967 | val_rmse=3.612023 | val_mape=3.476059 | val_confidence=0.000000 | val_risk=0.000000 | val_blend=0.000000 | batches=1131/154 | seconds=149.54 | lr=[3.125e-05] | cuda_peak_mb=2208.0
[2026-09-13 08:30:03] INFO Val horizons | 15min_mae=1.285270 15min_rmse=2.760614 15min_mape=2.724724 | 30min_mae=1.591120 30min_rmse=3.716334 30min_mape=3.628225 | 60min_mae=1.852871 60min_rmse=4.444736 60min_mape=4.446592
[2026-09-13 08:32:32] INFO Epoch 045 | stage=posthoc_calibrator | train_total=1.358367 | train_forecast=1.358367 | train_confidence=0.000000 | train_risk=0.000000 | train_blend=0.000000 | val_total=1.531228 | val_mae=1.526725 | val_rmse=3.618755 | val_mape=3.473657 | val_confidence=0.000000 | val_risk=0.000000 | val_blend=0.000000 | batches=1131/154 | seconds=149.49 | lr=[3.125e-05] | cuda_peak_mb=2208.0
[2026-09-13 08:32:32] INFO Val horizons | 15min_mae=1.285315 15min_rmse=2.759622 15min_mape=2.724806 | 30min_mae=1.591380 30min_rmse=3.718825 30min_mape=3.627780 | 60min_mae=1.854825 60min_rmse=4.458363 60min_mape=4.439367
[2026-09-13 08:35:02] INFO Epoch 046 | stage=posthoc_calibrator | train_total=1.358306 | train_forecast=1.358306 | train_confidence=0.000000 | train_risk=0.000000 | train_blend=0.000000 | val_total=1.530253 | val_mae=1.525745 | val_rmse=3.611630 | val_mape=3.467632 | val_confidence=0.000000 | val_risk=0.000000 | val_blend=0.000000 | batches=1131/154 | seconds=149.45 | lr=[3.125e-05] | cuda_peak_mb=2208.0
[2026-09-13 08:35:02] INFO Val horizons | 15min_mae=1.285198 15min_rmse=2.760765 15min_mape=2.721822 | 30min_mae=1.590943 30min_rmse=3.715087 30min_mape=3.621144 | 60min_mae=1.851868 60min_rmse=4.441618 60min_mape=4.427673
[2026-09-13 08:37:31] INFO Epoch 047 | stage=posthoc_calibrator | train_total=1.358299 | train_forecast=1.358299 | train_confidence=0.000000 | train_risk=0.000000 | train_blend=0.000000 | val_total=1.530312 | val_mae=1.525812 | val_rmse=3.610109 | val_mape=3.476288 | val_confidence=0.000000 | val_risk=0.000000 | val_blend=0.000000 | batches=1131/154 | seconds=149.23 | lr=[3.125e-05] | cuda_peak_mb=2208.0
[2026-09-13 08:37:31] INFO Val horizons | 15min_mae=1.285168 15min_rmse=2.759063 15min_mape=2.724018 | 30min_mae=1.590866 30min_rmse=3.713246 30min_mape=3.628744 | 60min_mae=1.852180 60min_rmse=4.439550 60min_mape=4.446777
[2026-09-13 08:40:00] INFO Epoch 048 | stage=posthoc_calibrator | train_total=1.358240 | train_forecast=1.358240 | train_confidence=0.000000 | train_risk=0.000000 | train_blend=0.000000 | val_total=1.531037 | val_mae=1.526524 | val_rmse=3.618441 | val_mape=3.467536 | val_confidence=0.000000 | val_risk=0.000000 | val_blend=0.000000 | batches=1131/154 | seconds=149.23 | lr=[3.125e-05] | cuda_peak_mb=2208.0
[2026-09-13 08:40:00] INFO Val horizons | 15min_mae=1.285250 15min_rmse=2.761792 15min_mape=2.721462 | 30min_mae=1.591420 30min_rmse=3.720916 30min_mape=3.620157 | 60min_mae=1.853930 60min_rmse=4.453515 60min_mape=4.429944
[2026-09-13 08:42:29] INFO Epoch 049 | stage=posthoc_calibrator | train_total=1.358257 | train_forecast=1.358257 | train_confidence=0.000000 | train_risk=0.000000 | train_blend=0.000000 | val_total=1.530064 | val_mae=1.525569 | val_rmse=3.610814 | val_mape=3.471861 | val_confidence=0.000000 | val_risk=0.000000 | val_blend=0.000000 | batches=1131/154 | seconds=149.35 | lr=[3.125e-05] | cuda_peak_mb=2208.0
[2026-09-13 08:42:29] INFO Val horizons | 15min_mae=1.285185 15min_rmse=2.760489 15min_mape=2.723586 | 30min_mae=1.590792 30min_rmse=3.714814 30min_mape=3.625895 | 60min_mae=1.851320 60min_rmse=4.438826 60min_mape=4.433562
[2026-09-13 08:44:59] INFO Epoch 050 | stage=posthoc_calibrator | train_total=1.358277 | train_forecast=1.358277 | train_confidence=0.000000 | train_risk=0.000000 | train_blend=0.000000 | val_total=1.531242 | val_mae=1.526711 | val_rmse=3.621911 | val_mape=3.465545 | val_confidence=0.000000 | val_risk=0.000000 | val_blend=0.000000 | batches=1131/154 | seconds=149.16 | lr=[3.125e-05] | cuda_peak_mb=2208.0
[2026-09-13 08:44:59] INFO Val horizons | 15min_mae=1.285085 15min_rmse=2.761367 15min_mape=2.721582 | 30min_mae=1.591190 30min_rmse=3.723170 30min_mape=3.618403 | 60min_mae=1.855187 60min_rmse=4.460358 60min_mape=4.426443
[2026-09-13 08:44:59] INFO Downstream training finished | best_val_mae=1.524782 | checkpoint=C:\Users\clw\projects\researchRep\STAnchor-BlockMemory\artifacts\cross_dataset_pemsbay\pemsbay_finetuned_router_st_ssdl_seed42\downstream_best.pt
