[2026-09-16 23:02:00] INFO Downstream start | run=paper_final_joint_context_offset_only_seed42/ablations/calibrator_simple_horizon/metrla/stgcn | device=cuda:0 (requested=cuda:0) | seed=42 | output=D:\projects\researchProjects\TrafficRobustST\STAnchor-BlockMemory\artifacts\paper_final_joint_context_offset_only_seed42\ablations\calibrator_simple_horizon\metrla\stgcn
[2026-09-16 23:02:00] INFO Mode | downstream_mode=learned_topk_offset_only_horizon | training_protocol=posthoc_frozen_base | candidate_protocol=weekday_radius1_overlap | candidate_ranking=learned_key | candidate_payload=offset_only
[2026-09-16 23:02:00] INFO Downstream initialization | seed=42 | state_hash=28047f64315107ce
[2026-09-16 23:02:00] INFO Frozen base | checkpoint=D:\projects\researchProjects\TrafficRobustST\STAnchor-BlockMemory\artifacts\convergence\downstream_tgge_v3_matched_fulltrain_queue\downstream_tgge_v3_stgcn_base_only_fulltrain_seed42\downstream_best.pt | fingerprint=aed70b50b981ce0f
[2026-09-16 23:02:00] INFO Data | steps=34272 | nodes=207 | channels=1 | training_scope=full_train | memory/post_memory/train_selected/val/test=15876/6805/22681/2993/6025
[2026-09-16 23:02:00] INFO Frozen path cache | enabled=True | storage=disk_mmap | train_samples=22681 | val_samples=2993 | allocated_mib=1520.5
[2026-09-16 23:02:00] INFO Bank/retrieval | dataset=metrla_joint_context_offset_only_seed42_epoch34 | events=15876 | nodes=207 | retrieval_dim=64 | event_top_r=32 | node_top_k=12 | key_dtype=float16
[2026-09-16 23:02:00] INFO Frozen path cache | enabled=yes | candidate_ranking=learned_key | fill=first_epoch
[2026-09-16 23:02:00] INFO Parameters | downstream_total=231,513 | downstream_trainable=12 | backbone=0 | confidence_head=0 | fusion=12 | frozen_pretrained=958,704
[2026-09-16 23:02:00] INFO Optimization | epochs=10 | batch_size=32 | optimizer=adam | lr=0.0005 | weight_decay=0.0001 | scheduler=step_lr | step_size=10 | gamma=0.500 | confidence_weight=0.000 | patience=20 | early_stopping=disabled
[2026-09-16 23:02:02] INFO Stage start | stage=posthoc_calibrator | epochs=10 | optimizer_lrs=[0.0005]
[2026-09-16 23:07:16] INFO Epoch 001 | stage=posthoc_calibrator | train_total=2.987839 | train_forecast=2.987839 | train_confidence=0.000000 | train_risk=0.000000 | train_blend=0.000000 | val_total=2.861066 | val_mae=2.857946 | val_rmse=5.883306 | val_mape=8.028720 | val_confidence=0.000000 | val_risk=0.000000 | val_blend=0.000000 | batches=709/94 | seconds=314.70 | lr=[0.0005] | cuda_peak_mb=3442.2
[2026-09-16 23:07:16] INFO Val horizons | 15min_mae=2.558535 15min_rmse=5.018306 15min_mape=6.745560 | 30min_mae=2.878847 30min_rmse=5.922350 30min_mape=8.108014 | 60min_mae=3.290009 60min_rmse=6.927340 60min_mape=9.778257
[2026-09-16 23:07:16] INFO Checkpoint updated | epoch=1 | stage=posthoc_calibrator | best_val_mae=2.857946 | path=D:\projects\researchProjects\TrafficRobustST\STAnchor-BlockMemory\artifacts\paper_final_joint_context_offset_only_seed42\ablations\calibrator_simple_horizon\metrla\stgcn\downstream_best.pt
[2026-09-16 23:08:25] INFO Epoch 002 | stage=posthoc_calibrator | train_total=2.986168 | train_forecast=2.986168 | train_confidence=0.000000 | train_risk=0.000000 | train_blend=0.000000 | val_total=2.857708 | val_mae=2.854586 | val_rmse=5.869590 | val_mape=8.010191 | val_confidence=0.000000 | val_risk=0.000000 | val_blend=0.000000 | batches=709/94 | seconds=68.28 | lr=[0.0005] | cuda_peak_mb=98.7
[2026-09-16 23:08:25] INFO Val horizons | 15min_mae=2.554638 15min_rmse=5.004799 15min_mape=6.723825 | 30min_mae=2.876921 30min_rmse=5.912383 30min_mape=8.096093 | 60min_mae=3.287216 60min_rmse=6.908617 60min_mape=9.761478
[2026-09-16 23:08:25] INFO Checkpoint updated | epoch=2 | stage=posthoc_calibrator | best_val_mae=2.854586 | path=D:\projects\researchProjects\TrafficRobustST\STAnchor-BlockMemory\artifacts\paper_final_joint_context_offset_only_seed42\ablations\calibrator_simple_horizon\metrla\stgcn\downstream_best.pt
[2026-09-16 23:09:29] INFO Epoch 003 | stage=posthoc_calibrator | train_total=2.985335 | train_forecast=2.985335 | train_confidence=0.000000 | train_risk=0.000000 | train_blend=0.000000 | val_total=2.855793 | val_mae=2.852670 | val_rmse=5.861664 | val_mape=7.998870 | val_confidence=0.000000 | val_risk=0.000000 | val_blend=0.000000 | batches=709/94 | seconds=64.49 | lr=[0.0005] | cuda_peak_mb=98.7
[2026-09-16 23:09:29] INFO Val horizons | 15min_mae=2.552651 15min_rmse=4.997049 15min_mape=6.711637 | 30min_mae=2.876017 30min_rmse=5.907237 30min_mape=8.090032 | 60min_mae=3.285979 60min_rmse=6.899091 60min_mape=9.753192
[2026-09-16 23:09:29] INFO Checkpoint updated | epoch=3 | stage=posthoc_calibrator | best_val_mae=2.852670 | path=D:\projects\researchProjects\TrafficRobustST\STAnchor-BlockMemory\artifacts\paper_final_joint_context_offset_only_seed42\ablations\calibrator_simple_horizon\metrla\stgcn\downstream_best.pt
[2026-09-16 23:10:31] INFO Epoch 004 | stage=posthoc_calibrator | train_total=2.985294 | train_forecast=2.985294 | train_confidence=0.000000 | train_risk=0.000000 | train_blend=0.000000 | val_total=2.854933 | val_mae=2.851808 | val_rmse=5.858238 | val_mape=7.993510 | val_confidence=0.000000 | val_risk=0.000000 | val_blend=0.000000 | batches=709/94 | seconds=61.64 | lr=[0.0005] | cuda_peak_mb=98.7
[2026-09-16 23:10:31] INFO Val horizons | 15min_mae=2.551892 15min_rmse=4.993842 15min_mape=6.706656 | 30min_mae=2.875679 30min_rmse=5.905217 30min_mape=8.087667 | 60min_mae=3.285544 60min_rmse=6.895484 60min_mape=9.750093
[2026-09-16 23:10:31] INFO Checkpoint updated | epoch=4 | stage=posthoc_calibrator | best_val_mae=2.851808 | path=D:\projects\researchProjects\TrafficRobustST\STAnchor-BlockMemory\artifacts\paper_final_joint_context_offset_only_seed42\ablations\calibrator_simple_horizon\metrla\stgcn\downstream_best.pt
[2026-09-16 23:11:38] INFO Epoch 005 | stage=posthoc_calibrator | train_total=2.985264 | train_forecast=2.985264 | train_confidence=0.000000 | train_risk=0.000000 | train_blend=0.000000 | val_total=2.854491 | val_mae=2.851365 | val_rmse=5.856217 | val_mape=7.990578 | val_confidence=0.000000 | val_risk=0.000000 | val_blend=0.000000 | batches=709/94 | seconds=66.90 | lr=[0.0005] | cuda_peak_mb=98.7
[2026-09-16 23:11:38] INFO Val horizons | 15min_mae=2.551568 15min_rmse=4.992419 15min_mape=6.704462 | 30min_mae=2.875492 30min_rmse=5.904069 30min_mape=8.086326 | 60min_mae=3.285244 60min_rmse=6.892891 60min_mape=9.747884
[2026-09-16 23:11:38] INFO Checkpoint updated | epoch=5 | stage=posthoc_calibrator | best_val_mae=2.851365 | path=D:\projects\researchProjects\TrafficRobustST\STAnchor-BlockMemory\artifacts\paper_final_joint_context_offset_only_seed42\ablations\calibrator_simple_horizon\metrla\stgcn\downstream_best.pt
[2026-09-16 23:12:41] INFO Epoch 006 | stage=posthoc_calibrator | train_total=2.985204 | train_forecast=2.985204 | train_confidence=0.000000 | train_risk=0.000000 | train_blend=0.000000 | val_total=2.854361 | val_mae=2.851235 | val_rmse=5.855608 | val_mape=7.989690 | val_confidence=0.000000 | val_risk=0.000000 | val_blend=0.000000 | batches=709/94 | seconds=63.13 | lr=[0.0005] | cuda_peak_mb=98.7
[2026-09-16 23:12:41] INFO Val horizons | 15min_mae=2.551456 15min_rmse=4.991922 15min_mape=6.703696 | 30min_mae=2.875400 30min_rmse=5.903500 30min_mape=8.085664 | 60min_mae=3.285164 60min_rmse=6.892182 60min_mape=9.747282
[2026-09-16 23:12:41] INFO Checkpoint updated | epoch=6 | stage=posthoc_calibrator | best_val_mae=2.851235 | path=D:\projects\researchProjects\TrafficRobustST\STAnchor-BlockMemory\artifacts\paper_final_joint_context_offset_only_seed42\ablations\calibrator_simple_horizon\metrla\stgcn\downstream_best.pt
[2026-09-16 23:13:45] INFO Epoch 007 | stage=posthoc_calibrator | train_total=2.984998 | train_forecast=2.984998 | train_confidence=0.000000 | train_risk=0.000000 | train_blend=0.000000 | val_total=2.854278 | val_mae=2.851152 | val_rmse=5.855162 | val_mape=7.989107 | val_confidence=0.000000 | val_risk=0.000000 | val_blend=0.000000 | batches=709/94 | seconds=64.25 | lr=[0.0005] | cuda_peak_mb=98.7
[2026-09-16 23:13:45] INFO Val horizons | 15min_mae=2.551398 15min_rmse=4.991660 15min_mape=6.703293 | 30min_mae=2.875354 30min_rmse=5.903218 30min_mape=8.085335 | 60min_mae=3.285105 60min_rmse=6.891652 60min_mape=9.746832
[2026-09-16 23:13:45] INFO Checkpoint updated | epoch=7 | stage=posthoc_calibrator | best_val_mae=2.851152 | path=D:\projects\researchProjects\TrafficRobustST\STAnchor-BlockMemory\artifacts\paper_final_joint_context_offset_only_seed42\ablations\calibrator_simple_horizon\metrla\stgcn\downstream_best.pt
[2026-09-16 23:14:51] INFO Epoch 008 | stage=posthoc_calibrator | train_total=2.984930 | train_forecast=2.984930 | train_confidence=0.000000 | train_risk=0.000000 | train_blend=0.000000 | val_total=2.854316 | val_mae=2.851190 | val_rmse=5.855395 | val_mape=7.989378 | val_confidence=0.000000 | val_risk=0.000000 | val_blend=0.000000 | batches=709/94 | seconds=65.59 | lr=[0.0005] | cuda_peak_mb=98.7
[2026-09-16 23:14:51] INFO Val horizons | 15min_mae=2.551461 15min_rmse=4.991941 15min_mape=6.703725 | 30min_mae=2.875398 30min_rmse=5.903490 30min_mape=8.085652 | 60min_mae=3.285116 60min_rmse=6.891755 60min_mape=9.746920
[2026-09-16 23:15:56] INFO Epoch 009 | stage=posthoc_calibrator | train_total=2.985058 | train_forecast=2.985058 | train_confidence=0.000000 | train_risk=0.000000 | train_blend=0.000000 | val_total=2.854339 | val_mae=2.851213 | val_rmse=5.855602 | val_mape=7.989544 | val_confidence=0.000000 | val_risk=0.000000 | val_blend=0.000000 | batches=709/94 | seconds=64.96 | lr=[0.0005] | cuda_peak_mb=98.7
[2026-09-16 23:15:56] INFO Val horizons | 15min_mae=2.551483 15min_rmse=4.992040 15min_mape=6.703878 | 30min_mae=2.875458 30min_rmse=5.903860 30min_mape=8.086082 | 60min_mae=3.285182 60min_rmse=6.892337 60min_mape=9.747413
[2026-09-16 23:17:04] INFO Epoch 010 | stage=posthoc_calibrator | train_total=2.985057 | train_forecast=2.985057 | train_confidence=0.000000 | train_risk=0.000000 | train_blend=0.000000 | val_total=2.854329 | val_mae=2.851203 | val_rmse=5.855507 | val_mape=7.989472 | val_confidence=0.000000 | val_risk=0.000000 | val_blend=0.000000 | batches=709/94 | seconds=67.95 | lr=[0.0005] | cuda_peak_mb=98.7
[2026-09-16 23:17:04] INFO Val horizons | 15min_mae=2.551495 15min_rmse=4.992093 15min_mape=6.703960 | 30min_mae=2.875421 30min_rmse=5.903633 30min_mape=8.085818 | 60min_mae=3.285149 60min_rmse=6.892050 60min_mape=9.747169
[2026-09-16 23:17:04] INFO Downstream training finished | best_val_mae=2.851152 | checkpoint=D:\projects\researchProjects\TrafficRobustST\STAnchor-BlockMemory\artifacts\paper_final_joint_context_offset_only_seed42\ablations\calibrator_simple_horizon\metrla\stgcn\downstream_best.pt
