[2026-09-18 03:11:23] INFO Downstream start | run=paper_final_joint_context_offset_only_seed42/main_table/pems08/ours/stgcn | device=cuda:0 (requested=cuda:0) | seed=42 | output=C:\Users\clw\projects\researchRep\STAnchor-BlockMemory\artifacts\paper_final_joint_context_offset_only_seed42\main_table\pems08\ours\stgcn
[2026-09-18 03:11:23] INFO Mode | downstream_mode=learned_topk_error_aware | training_protocol=posthoc_frozen_base | candidate_protocol=weekday_radius1_overlap | candidate_ranking=learned_key | candidate_payload=offset_only
[2026-09-18 03:11:23] INFO Downstream initialization | seed=42 | state_hash=4b3a258201a3813f
[2026-09-18 03:11:23] INFO Frozen base | checkpoint=C:\Users\clw\projects\researchRep\STAnchor-BlockMemory\artifacts\cross_dataset_final\pems08_baseonly_stgcn_seed42\downstream_best.pt | fingerprint=3079af3b02ae69f5
[2026-09-18 03:11:23] INFO Data | steps=17856 | nodes=170 | channels=1 | training_scope=full_train | memory/post_memory/train_selected/val/test=8540/3660/12200/1486/3273
[2026-09-18 03:11:23] INFO Frozen path cache | enabled=True | storage=disk_mmap | train_samples=12200 | val_samples=1486 | allocated_mib=1233.7
[2026-09-18 03:11:23] INFO Bank/retrieval | dataset=pems08_joint_context_offset_only_t1 | events=8540 | nodes=170 | retrieval_dim=64 | event_top_r=96 | node_top_k=12 | key_dtype=float16
[2026-09-18 03:11:23] INFO Frozen path cache | enabled=yes | candidate_ranking=learned_key | fill=first_epoch
[2026-09-18 03:11:23] INFO Parameters | downstream_total=1,097,654 | downstream_trainable=885,085 | backbone=0 | confidence_head=0 | fusion=0 | frozen_pretrained=958,704
[2026-09-18 03:11:23] INFO Optimization | epochs=50 | batch_size=32 | optimizer=adam | lr=0.001 | weight_decay=0.0001 | scheduler=step_lr | step_size=10 | gamma=0.950 | confidence_weight=0.000 | patience=10 | early_stopping=disabled
[2026-09-18 03:11:24] INFO Stage start | stage=posthoc_calibrator | epochs=50 | optimizer_lrs=[0.001]
[2026-09-18 03:13:43] INFO Epoch 001 | stage=posthoc_calibrator | train_total=1.123050 | train_forecast=1.123050 | train_confidence=0.000000 | train_risk=0.000000 | train_blend=0.000000 | val_total=1.316392 | val_mae=1.313118 | val_rmse=3.421701 | val_mape=2.890829 | val_confidence=0.000000 | val_risk=0.000000 | val_blend=0.000000 | batches=382/47 | seconds=138.70 | lr=[0.001] | cuda_peak_mb=1388.5
[2026-09-18 03:13:43] INFO Val horizons | 15min_mae=1.103141 15min_rmse=2.595040 15min_mape=2.229272 | 30min_mae=1.354895 30min_rmse=3.482021 30min_mape=2.967444 | 60min_mae=1.603189 60min_rmse=4.216734 60min_mape=3.767452
[2026-09-18 03:13:43] INFO Checkpoint updated | epoch=1 | stage=posthoc_calibrator | best_val_mae=1.313118 | path=C:\Users\clw\projects\researchRep\STAnchor-BlockMemory\artifacts\paper_final_joint_context_offset_only_seed42\main_table\pems08\ours\stgcn\downstream_best.pt
[2026-09-18 03:14:36] INFO Epoch 002 | stage=posthoc_calibrator | train_total=1.108649 | train_forecast=1.108649 | train_confidence=0.000000 | train_risk=0.000000 | train_blend=0.000000 | val_total=1.314733 | val_mae=1.311204 | val_rmse=3.431690 | val_mape=2.892249 | val_confidence=0.000000 | val_risk=0.000000 | val_blend=0.000000 | batches=382/47 | seconds=53.26 | lr=[0.001] | cuda_peak_mb=1213.8
[2026-09-18 03:14:36] INFO Val horizons | 15min_mae=1.099088 15min_rmse=2.590786 15min_mape=2.222268 | 30min_mae=1.352919 30min_rmse=3.487541 30min_mape=2.971203 | 60min_mae=1.604650 60min_rmse=4.242335 60min_mape=3.783321
[2026-09-18 03:14:36] INFO Checkpoint updated | epoch=2 | stage=posthoc_calibrator | best_val_mae=1.311204 | path=C:\Users\clw\projects\researchRep\STAnchor-BlockMemory\artifacts\paper_final_joint_context_offset_only_seed42\main_table\pems08\ours\stgcn\downstream_best.pt
[2026-09-18 03:15:30] INFO Epoch 003 | stage=posthoc_calibrator | train_total=1.105332 | train_forecast=1.105332 | train_confidence=0.000000 | train_risk=0.000000 | train_blend=0.000000 | val_total=1.308225 | val_mae=1.304823 | val_rmse=3.425807 | val_mape=2.888560 | val_confidence=0.000000 | val_risk=0.000000 | val_blend=0.000000 | batches=382/47 | seconds=53.34 | lr=[0.001] | cuda_peak_mb=1215.0
[2026-09-18 03:15:30] INFO Val horizons | 15min_mae=1.094595 15min_rmse=2.588406 15min_mape=2.217591 | 30min_mae=1.347746 30min_rmse=3.486763 30min_mape=2.970965 | 60min_mae=1.593212 60min_rmse=4.223819 60min_mape=3.769997
[2026-09-18 03:15:30] INFO Checkpoint updated | epoch=3 | stage=posthoc_calibrator | best_val_mae=1.304823 | path=C:\Users\clw\projects\researchRep\STAnchor-BlockMemory\artifacts\paper_final_joint_context_offset_only_seed42\main_table\pems08\ours\stgcn\downstream_best.pt
[2026-09-18 03:16:23] INFO Epoch 004 | stage=posthoc_calibrator | train_total=1.103228 | train_forecast=1.103228 | train_confidence=0.000000 | train_risk=0.000000 | train_blend=0.000000 | val_total=1.302150 | val_mae=1.298787 | val_rmse=3.396935 | val_mape=2.864017 | val_confidence=0.000000 | val_risk=0.000000 | val_blend=0.000000 | batches=382/47 | seconds=53.04 | lr=[0.001] | cuda_peak_mb=1213.8
[2026-09-18 03:16:23] INFO Val horizons | 15min_mae=1.091628 15min_rmse=2.573365 15min_mape=2.209610 | 30min_mae=1.340636 30min_rmse=3.452092 30min_mape=2.947927 | 60min_mae=1.586988 60min_rmse=4.196379 60min_mape=3.734067
[2026-09-18 03:16:23] INFO Checkpoint updated | epoch=4 | stage=posthoc_calibrator | best_val_mae=1.298787 | path=C:\Users\clw\projects\researchRep\STAnchor-BlockMemory\artifacts\paper_final_joint_context_offset_only_seed42\main_table\pems08\ours\stgcn\downstream_best.pt
[2026-09-18 03:17:16] INFO Epoch 005 | stage=posthoc_calibrator | train_total=1.100946 | train_forecast=1.100946 | train_confidence=0.000000 | train_risk=0.000000 | train_blend=0.000000 | val_total=1.305807 | val_mae=1.302305 | val_rmse=3.400369 | val_mape=2.864147 | val_confidence=0.000000 | val_risk=0.000000 | val_blend=0.000000 | batches=382/47 | seconds=53.25 | lr=[0.001] | cuda_peak_mb=1213.8
[2026-09-18 03:17:16] INFO Val horizons | 15min_mae=1.094356 15min_rmse=2.576892 15min_mape=2.208721 | 30min_mae=1.345745 30min_rmse=3.460982 30min_mape=2.949254 | 60min_mae=1.588241 60min_rmse=4.191080 60min_mape=3.725621
[2026-09-18 03:18:09] INFO Epoch 006 | stage=posthoc_calibrator | train_total=1.099756 | train_forecast=1.099756 | train_confidence=0.000000 | train_risk=0.000000 | train_blend=0.000000 | val_total=1.304173 | val_mae=1.300725 | val_rmse=3.411838 | val_mape=2.863560 | val_confidence=0.000000 | val_risk=0.000000 | val_blend=0.000000 | batches=382/47 | seconds=52.94 | lr=[0.001] | cuda_peak_mb=1215.0
[2026-09-18 03:18:09] INFO Val horizons | 15min_mae=1.091833 15min_rmse=2.582268 15min_mape=2.206595 | 30min_mae=1.344075 30min_rmse=3.475724 30min_mape=2.950526 | 60min_mae=1.588209 60min_rmse=4.203040 60min_mape=3.723560
[2026-09-18 03:19:02] INFO Epoch 007 | stage=posthoc_calibrator | train_total=1.098816 | train_forecast=1.098816 | train_confidence=0.000000 | train_risk=0.000000 | train_blend=0.000000 | val_total=1.297955 | val_mae=1.294612 | val_rmse=3.372312 | val_mape=2.838960 | val_confidence=0.000000 | val_risk=0.000000 | val_blend=0.000000 | batches=382/47 | seconds=52.90 | lr=[0.001] | cuda_peak_mb=1213.8
[2026-09-18 03:19:02] INFO Val horizons | 15min_mae=1.089793 15min_rmse=2.567854 15min_mape=2.204060 | 30min_mae=1.337295 30min_rmse=3.435468 30min_mape=2.931271 | 60min_mae=1.578706 60min_rmse=4.143232 60min_mape=3.669605
[2026-09-18 03:19:02] INFO Checkpoint updated | epoch=7 | stage=posthoc_calibrator | best_val_mae=1.294612 | path=C:\Users\clw\projects\researchRep\STAnchor-BlockMemory\artifacts\paper_final_joint_context_offset_only_seed42\main_table\pems08\ours\stgcn\downstream_best.pt
[2026-09-18 03:19:55] INFO Epoch 008 | stage=posthoc_calibrator | train_total=1.097654 | train_forecast=1.097654 | train_confidence=0.000000 | train_risk=0.000000 | train_blend=0.000000 | val_total=1.301362 | val_mae=1.298009 | val_rmse=3.413734 | val_mape=2.872349 | val_confidence=0.000000 | val_risk=0.000000 | val_blend=0.000000 | batches=382/47 | seconds=52.92 | lr=[0.001] | cuda_peak_mb=1213.8
[2026-09-18 03:19:55] INFO Val horizons | 15min_mae=1.089377 15min_rmse=2.580180 15min_mape=2.207209 | 30min_mae=1.341304 30min_rmse=3.473955 30min_mape=2.956556 | 60min_mae=1.584658 60min_rmse=4.210988 60min_mape=3.743680
[2026-09-18 03:20:48] INFO Epoch 009 | stage=posthoc_calibrator | train_total=1.097455 | train_forecast=1.097455 | train_confidence=0.000000 | train_risk=0.000000 | train_blend=0.000000 | val_total=1.300123 | val_mae=1.296644 | val_rmse=3.406041 | val_mape=2.858839 | val_confidence=0.000000 | val_risk=0.000000 | val_blend=0.000000 | batches=382/47 | seconds=53.10 | lr=[0.001] | cuda_peak_mb=1215.0
[2026-09-18 03:20:48] INFO Val horizons | 15min_mae=1.088844 15min_rmse=2.576516 15min_mape=2.200461 | 30min_mae=1.339452 30min_rmse=3.466211 30min_mape=2.942052 | 60min_mae=1.583689 60min_rmse=4.200461 60min_mape=3.726869
[2026-09-18 03:21:41] INFO Epoch 010 | stage=posthoc_calibrator | train_total=1.096538 | train_forecast=1.096538 | train_confidence=0.000000 | train_risk=0.000000 | train_blend=0.000000 | val_total=1.306800 | val_mae=1.303227 | val_rmse=3.426163 | val_mape=2.879750 | val_confidence=0.000000 | val_risk=0.000000 | val_blend=0.000000 | batches=382/47 | seconds=53.31 | lr=[0.001] | cuda_peak_mb=1213.8
[2026-09-18 03:21:41] INFO Val horizons | 15min_mae=1.092675 15min_rmse=2.583803 15min_mape=2.213120 | 30min_mae=1.345897 30min_rmse=3.482465 30min_mape=2.963496 | 60min_mae=1.592845 60min_rmse=4.232682 60min_mape=3.755559
[2026-09-18 03:22:35] INFO Epoch 011 | stage=posthoc_calibrator | train_total=1.096426 | train_forecast=1.096426 | train_confidence=0.000000 | train_risk=0.000000 | train_blend=0.000000 | val_total=1.299642 | val_mae=1.296134 | val_rmse=3.405825 | val_mape=2.863125 | val_confidence=0.000000 | val_risk=0.000000 | val_blend=0.000000 | batches=382/47 | seconds=53.34 | lr=[0.00095] | cuda_peak_mb=1213.8
[2026-09-18 03:22:35] INFO Val horizons | 15min_mae=1.088120 15min_rmse=2.573960 15min_mape=2.203161 | 30min_mae=1.337984 30min_rmse=3.462196 30min_mape=2.945572 | 60min_mae=1.583767 60min_rmse=4.206993 60min_mape=3.735498
[2026-09-18 03:23:28] INFO Epoch 012 | stage=posthoc_calibrator | train_total=1.096168 | train_forecast=1.096168 | train_confidence=0.000000 | train_risk=0.000000 | train_blend=0.000000 | val_total=1.303716 | val_mae=1.300086 | val_rmse=3.405647 | val_mape=2.855584 | val_confidence=0.000000 | val_risk=0.000000 | val_blend=0.000000 | batches=382/47 | seconds=53.40 | lr=[0.00095] | cuda_peak_mb=1215.0
[2026-09-18 03:23:28] INFO Val horizons | 15min_mae=1.091073 15min_rmse=2.578934 15min_mape=2.202585 | 30min_mae=1.343707 30min_rmse=3.468704 30min_mape=2.944937 | 60min_mae=1.587558 60min_rmse=4.196556 60min_mape=3.710850
[2026-09-18 03:24:21] INFO Epoch 013 | stage=posthoc_calibrator | train_total=1.095626 | train_forecast=1.095626 | train_confidence=0.000000 | train_risk=0.000000 | train_blend=0.000000 | val_total=1.297045 | val_mae=1.293558 | val_rmse=3.392001 | val_mape=2.848510 | val_confidence=0.000000 | val_risk=0.000000 | val_blend=0.000000 | batches=382/47 | seconds=53.38 | lr=[0.00095] | cuda_peak_mb=1213.8
[2026-09-18 03:24:21] INFO Val horizons | 15min_mae=1.087187 15min_rmse=2.566091 15min_mape=2.195855 | 30min_mae=1.337071 30min_rmse=3.452867 30min_mape=2.934867 | 60min_mae=1.577449 60min_rmse=4.179745 60min_mape=3.704347
[2026-09-18 03:24:22] INFO Checkpoint updated | epoch=13 | stage=posthoc_calibrator | best_val_mae=1.293558 | path=C:\Users\clw\projects\researchRep\STAnchor-BlockMemory\artifacts\paper_final_joint_context_offset_only_seed42\main_table\pems08\ours\stgcn\downstream_best.pt
[2026-09-18 03:25:15] INFO Epoch 014 | stage=posthoc_calibrator | train_total=1.095567 | train_forecast=1.095567 | train_confidence=0.000000 | train_risk=0.000000 | train_blend=0.000000 | val_total=1.296023 | val_mae=1.292417 | val_rmse=3.380834 | val_mape=2.843766 | val_confidence=0.000000 | val_risk=0.000000 | val_blend=0.000000 | batches=382/47 | seconds=53.15 | lr=[0.00095] | cuda_peak_mb=1213.8
[2026-09-18 03:25:15] INFO Val horizons | 15min_mae=1.086141 15min_rmse=2.562505 15min_mape=2.191571 | 30min_mae=1.334105 30min_rmse=3.433053 30min_mape=2.926412 | 60min_mae=1.579829 60min_rmse=4.178799 60min_mape=3.708301
[2026-09-18 03:25:15] INFO Checkpoint updated | epoch=14 | stage=posthoc_calibrator | best_val_mae=1.292417 | path=C:\Users\clw\projects\researchRep\STAnchor-BlockMemory\artifacts\paper_final_joint_context_offset_only_seed42\main_table\pems08\ours\stgcn\downstream_best.pt
[2026-09-18 03:26:08] INFO Epoch 015 | stage=posthoc_calibrator | train_total=1.094920 | train_forecast=1.094920 | train_confidence=0.000000 | train_risk=0.000000 | train_blend=0.000000 | val_total=1.297637 | val_mae=1.294159 | val_rmse=3.406158 | val_mape=2.859360 | val_confidence=0.000000 | val_risk=0.000000 | val_blend=0.000000 | batches=382/47 | seconds=53.15 | lr=[0.00095] | cuda_peak_mb=1215.0
[2026-09-18 03:26:08] INFO Val horizons | 15min_mae=1.086776 15min_rmse=2.573001 15min_mape=2.199949 | 30min_mae=1.337614 30min_rmse=3.468285 30min_mape=2.947530 | 60min_mae=1.579532 60min_rmse=4.201175 60min_mape=3.725149
[2026-09-18 03:27:01] INFO Epoch 016 | stage=posthoc_calibrator | train_total=1.094468 | train_forecast=1.094468 | train_confidence=0.000000 | train_risk=0.000000 | train_blend=0.000000 | val_total=1.303626 | val_mae=1.300181 | val_rmse=3.413508 | val_mape=2.866038 | val_confidence=0.000000 | val_risk=0.000000 | val_blend=0.000000 | batches=382/47 | seconds=53.51 | lr=[0.00095] | cuda_peak_mb=1213.8
[2026-09-18 03:27:01] INFO Val horizons | 15min_mae=1.092553 15min_rmse=2.586122 15min_mape=2.208704 | 30min_mae=1.344163 30min_rmse=3.478731 30min_mape=2.952670 | 60min_mae=1.586064 60min_rmse=4.206689 60min_mape=3.731211
[2026-09-18 03:27:55] INFO Epoch 017 | stage=posthoc_calibrator | train_total=1.094620 | train_forecast=1.094620 | train_confidence=0.000000 | train_risk=0.000000 | train_blend=0.000000 | val_total=1.296802 | val_mae=1.293432 | val_rmse=3.398883 | val_mape=2.860885 | val_confidence=0.000000 | val_risk=0.000000 | val_blend=0.000000 | batches=382/47 | seconds=53.71 | lr=[0.00095] | cuda_peak_mb=1213.8
[2026-09-18 03:27:55] INFO Val horizons | 15min_mae=1.088210 15min_rmse=2.574345 15min_mape=2.206333 | 30min_mae=1.336475 30min_rmse=3.459870 30min_mape=2.948030 | 60min_mae=1.576169 60min_rmse=4.183680 60min_mape=3.715672
[2026-09-18 03:28:49] INFO Epoch 018 | stage=posthoc_calibrator | train_total=1.094061 | train_forecast=1.094061 | train_confidence=0.000000 | train_risk=0.000000 | train_blend=0.000000 | val_total=1.301286 | val_mae=1.297791 | val_rmse=3.415483 | val_mape=2.873273 | val_confidence=0.000000 | val_risk=0.000000 | val_blend=0.000000 | batches=382/47 | seconds=53.44 | lr=[0.00095] | cuda_peak_mb=1215.0
[2026-09-18 03:28:49] INFO Val horizons | 15min_mae=1.090040 15min_rmse=2.580624 15min_mape=2.209141 | 30min_mae=1.341199 30min_rmse=3.476168 30min_mape=2.959648 | 60min_mae=1.583693 60min_rmse=4.212811 60min_mape=3.741798
[2026-09-18 03:29:42] INFO Epoch 019 | stage=posthoc_calibrator | train_total=1.094356 | train_forecast=1.094356 | train_confidence=0.000000 | train_risk=0.000000 | train_blend=0.000000 | val_total=1.299723 | val_mae=1.296286 | val_rmse=3.408534 | val_mape=2.865536 | val_confidence=0.000000 | val_risk=0.000000 | val_blend=0.000000 | batches=382/47 | seconds=53.32 | lr=[0.00095] | cuda_peak_mb=1213.8
[2026-09-18 03:29:42] INFO Val horizons | 15min_mae=1.089559 15min_rmse=2.580177 15min_mape=2.207529 | 30min_mae=1.339092 30min_rmse=3.469562 30min_mape=2.950174 | 60min_mae=1.580631 60min_rmse=4.196641 60min_mape=3.727610
[2026-09-18 03:30:35] INFO Epoch 020 | stage=posthoc_calibrator | train_total=1.093911 | train_forecast=1.093911 | train_confidence=0.000000 | train_risk=0.000000 | train_blend=0.000000 | val_total=1.297326 | val_mae=1.293908 | val_rmse=3.399098 | val_mape=2.853853 | val_confidence=0.000000 | val_risk=0.000000 | val_blend=0.000000 | batches=382/47 | seconds=53.30 | lr=[0.00095] | cuda_peak_mb=1213.8
[2026-09-18 03:30:35] INFO Val horizons | 15min_mae=1.088154 15min_rmse=2.574762 15min_mape=2.203836 | 30min_mae=1.337135 30min_rmse=3.460826 30min_mape=2.943194 | 60min_mae=1.577595 60min_rmse=4.183713 60min_mape=3.702462
[2026-09-18 03:31:29] INFO Epoch 021 | stage=posthoc_calibrator | train_total=1.093505 | train_forecast=1.093505 | train_confidence=0.000000 | train_risk=0.000000 | train_blend=0.000000 | val_total=1.304683 | val_mae=1.301289 | val_rmse=3.419380 | val_mape=2.882940 | val_confidence=0.000000 | val_risk=0.000000 | val_blend=0.000000 | batches=382/47 | seconds=53.39 | lr=[0.0009025] | cuda_peak_mb=1215.0
[2026-09-18 03:31:29] INFO Val horizons | 15min_mae=1.092610 15min_rmse=2.584630 15min_mape=2.215310 | 30min_mae=1.342451 30min_rmse=3.471915 30min_mape=2.961530 | 60min_mae=1.589918 60min_rmse=4.222312 60min_mape=3.762701
[2026-09-18 03:32:22] INFO Epoch 022 | stage=posthoc_calibrator | train_total=1.093964 | train_forecast=1.093964 | train_confidence=0.000000 | train_risk=0.000000 | train_blend=0.000000 | val_total=1.299162 | val_mae=1.295945 | val_rmse=3.411360 | val_mape=2.873675 | val_confidence=0.000000 | val_risk=0.000000 | val_blend=0.000000 | batches=382/47 | seconds=53.40 | lr=[0.0009025] | cuda_peak_mb=1213.8
[2026-09-18 03:32:22] INFO Val horizons | 15min_mae=1.089759 15min_rmse=2.580606 15min_mape=2.212611 | 30min_mae=1.339952 30min_rmse=3.474362 30min_mape=2.962380 | 60min_mae=1.579708 60min_rmse=4.201151 60min_mape=3.737261
[2026-09-18 03:33:15] INFO Epoch 023 | stage=posthoc_calibrator | train_total=1.092764 | train_forecast=1.092764 | train_confidence=0.000000 | train_risk=0.000000 | train_blend=0.000000 | val_total=1.297550 | val_mae=1.294115 | val_rmse=3.396471 | val_mape=2.854781 | val_confidence=0.000000 | val_risk=0.000000 | val_blend=0.000000 | batches=382/47 | seconds=53.30 | lr=[0.0009025] | cuda_peak_mb=1213.8
[2026-09-18 03:33:15] INFO Val horizons | 15min_mae=1.088880 15min_rmse=2.575603 15min_mape=2.205564 | 30min_mae=1.337676 30min_rmse=3.461077 30min_mape=2.946089 | 60min_mae=1.576429 60min_rmse=4.173439 60min_mape=3.696255
[2026-09-18 03:34:09] INFO Epoch 024 | stage=posthoc_calibrator | train_total=1.093163 | train_forecast=1.093163 | train_confidence=0.000000 | train_risk=0.000000 | train_blend=0.000000 | val_total=1.298075 | val_mae=1.294663 | val_rmse=3.405298 | val_mape=2.863485 | val_confidence=0.000000 | val_risk=0.000000 | val_blend=0.000000 | batches=382/47 | seconds=53.26 | lr=[0.0009025] | cuda_peak_mb=1215.0
[2026-09-18 03:34:09] INFO Val horizons | 15min_mae=1.088501 15min_rmse=2.576547 15min_mape=2.206254 | 30min_mae=1.337760 30min_rmse=3.463636 30min_mape=2.950821 | 60min_mae=1.578561 60min_rmse=4.196928 60min_mape=3.722450
[2026-09-18 03:35:02] INFO Epoch 025 | stage=posthoc_calibrator | train_total=1.092964 | train_forecast=1.092964 | train_confidence=0.000000 | train_risk=0.000000 | train_blend=0.000000 | val_total=1.294775 | val_mae=1.291412 | val_rmse=3.388898 | val_mape=2.846631 | val_confidence=0.000000 | val_risk=0.000000 | val_blend=0.000000 | batches=382/47 | seconds=53.41 | lr=[0.0009025] | cuda_peak_mb=1213.8
[2026-09-18 03:35:02] INFO Val horizons | 15min_mae=1.086169 15min_rmse=2.568655 15min_mape=2.196375 | 30min_mae=1.334237 30min_rmse=3.448581 30min_mape=2.933380 | 60min_mae=1.575069 60min_rmse=4.172884 60min_mape=3.698672
[2026-09-18 03:35:02] INFO Checkpoint updated | epoch=25 | stage=posthoc_calibrator | best_val_mae=1.291412 | path=C:\Users\clw\projects\researchRep\STAnchor-BlockMemory\artifacts\paper_final_joint_context_offset_only_seed42\main_table\pems08\ours\stgcn\downstream_best.pt
[2026-09-18 03:35:55] INFO Epoch 026 | stage=posthoc_calibrator | train_total=1.092944 | train_forecast=1.092944 | train_confidence=0.000000 | train_risk=0.000000 | train_blend=0.000000 | val_total=1.299469 | val_mae=1.296046 | val_rmse=3.407506 | val_mape=2.857910 | val_confidence=0.000000 | val_risk=0.000000 | val_blend=0.000000 | batches=382/47 | seconds=53.31 | lr=[0.0009025] | cuda_peak_mb=1213.8
[2026-09-18 03:35:55] INFO Val horizons | 15min_mae=1.088852 15min_rmse=2.579350 15min_mape=2.202439 | 30min_mae=1.339378 30min_rmse=3.469208 30min_mape=2.943680 | 60min_mae=1.581501 60min_rmse=4.197409 60min_mape=3.719990
[2026-09-18 03:36:49] INFO Epoch 027 | stage=posthoc_calibrator | train_total=1.092373 | train_forecast=1.092373 | train_confidence=0.000000 | train_risk=0.000000 | train_blend=0.000000 | val_total=1.301629 | val_mae=1.298183 | val_rmse=3.405490 | val_mape=2.866547 | val_confidence=0.000000 | val_risk=0.000000 | val_blend=0.000000 | batches=382/47 | seconds=53.59 | lr=[0.0009025] | cuda_peak_mb=1215.0
[2026-09-18 03:36:49] INFO Val horizons | 15min_mae=1.090523 15min_rmse=2.580171 15min_mape=2.207230 | 30min_mae=1.339421 30min_rmse=3.456134 30min_mape=2.945593 | 60min_mae=1.588110 60min_rmse=4.208114 60min_mape=3.746079
[2026-09-18 03:37:42] INFO Epoch 028 | stage=posthoc_calibrator | train_total=1.092413 | train_forecast=1.092413 | train_confidence=0.000000 | train_risk=0.000000 | train_blend=0.000000 | val_total=1.297079 | val_mae=1.293664 | val_rmse=3.401224 | val_mape=2.850032 | val_confidence=0.000000 | val_risk=0.000000 | val_blend=0.000000 | batches=382/47 | seconds=53.31 | lr=[0.0009025] | cuda_peak_mb=1213.8
[2026-09-18 03:37:42] INFO Val horizons | 15min_mae=1.087508 15min_rmse=2.573900 15min_mape=2.197326 | 30min_mae=1.336601 30min_rmse=3.458329 30min_mape=2.936178 | 60min_mae=1.579563 60min_rmse=4.197494 60min_mape=3.713904
[2026-09-18 03:38:36] INFO Epoch 029 | stage=posthoc_calibrator | train_total=1.092056 | train_forecast=1.092056 | train_confidence=0.000000 | train_risk=0.000000 | train_blend=0.000000 | val_total=1.290725 | val_mae=1.287540 | val_rmse=3.350308 | val_mape=2.825478 | val_confidence=0.000000 | val_risk=0.000000 | val_blend=0.000000 | batches=382/47 | seconds=53.35 | lr=[0.0009025] | cuda_peak_mb=1213.8
[2026-09-18 03:38:36] INFO Val horizons | 15min_mae=1.085462 15min_rmse=2.558768 15min_mape=2.194384 | 30min_mae=1.330015 30min_rmse=3.408794 30min_mape=2.914228 | 60min_mae=1.569937 60min_rmse=4.116865 60min_mape=3.656185
[2026-09-18 03:38:36] INFO Checkpoint updated | epoch=29 | stage=posthoc_calibrator | best_val_mae=1.287540 | path=C:\Users\clw\projects\researchRep\STAnchor-BlockMemory\artifacts\paper_final_joint_context_offset_only_seed42\main_table\pems08\ours\stgcn\downstream_best.pt
[2026-09-18 03:39:29] INFO Epoch 030 | stage=posthoc_calibrator | train_total=1.092405 | train_forecast=1.092405 | train_confidence=0.000000 | train_risk=0.000000 | train_blend=0.000000 | val_total=1.292649 | val_mae=1.289534 | val_rmse=3.387476 | val_mape=2.846432 | val_confidence=0.000000 | val_risk=0.000000 | val_blend=0.000000 | batches=382/47 | seconds=53.27 | lr=[0.0009025] | cuda_peak_mb=1215.0
[2026-09-18 03:39:29] INFO Val horizons | 15min_mae=1.085053 15min_rmse=2.566135 15min_mape=2.197465 | 30min_mae=1.332665 30min_rmse=3.446520 30min_mape=2.937382 | 60min_mae=1.572945 60min_rmse=4.176199 60min_mape=3.697853
[2026-09-18 03:40:22] INFO Epoch 031 | stage=posthoc_calibrator | train_total=1.091692 | train_forecast=1.091692 | train_confidence=0.000000 | train_risk=0.000000 | train_blend=0.000000 | val_total=1.295634 | val_mae=1.292411 | val_rmse=3.396236 | val_mape=2.860928 | val_confidence=0.000000 | val_risk=0.000000 | val_blend=0.000000 | batches=382/47 | seconds=53.51 | lr=[0.000857375] | cuda_peak_mb=1213.8
[2026-09-18 03:40:22] INFO Val horizons | 15min_mae=1.087483 15min_rmse=2.571557 15min_mape=2.207316 | 30min_mae=1.335850 30min_rmse=3.457107 30min_mape=2.951749 | 60min_mae=1.575404 60min_rmse=4.180786 60min_mape=3.715228
[2026-09-18 03:41:16] INFO Epoch 032 | stage=posthoc_calibrator | train_total=1.091935 | train_forecast=1.091935 | train_confidence=0.000000 | train_risk=0.000000 | train_blend=0.000000 | val_total=1.291551 | val_mae=1.288230 | val_rmse=3.367792 | val_mape=2.831234 | val_confidence=0.000000 | val_risk=0.000000 | val_blend=0.000000 | batches=382/47 | seconds=53.60 | lr=[0.000857375] | cuda_peak_mb=1213.8
[2026-09-18 03:41:16] INFO Val horizons | 15min_mae=1.084355 15min_rmse=2.559788 15min_mape=2.191178 | 30min_mae=1.330633 30min_rmse=3.425316 30min_mape=2.919537 | 60min_mae=1.572880 60min_rmse=4.155369 60min_mape=3.684345
[2026-09-18 03:42:09] INFO Epoch 033 | stage=posthoc_calibrator | train_total=1.091839 | train_forecast=1.091839 | train_confidence=0.000000 | train_risk=0.000000 | train_blend=0.000000 | val_total=1.299042 | val_mae=1.295653 | val_rmse=3.412657 | val_mape=2.864639 | val_confidence=0.000000 | val_risk=0.000000 | val_blend=0.000000 | batches=382/47 | seconds=53.40 | lr=[0.000857375] | cuda_peak_mb=1215.0
[2026-09-18 03:42:09] INFO Val horizons | 15min_mae=1.088701 15min_rmse=2.579211 15min_mape=2.205605 | 30min_mae=1.337630 30min_rmse=3.467778 30min_mape=2.946016 | 60min_mae=1.584416 60min_rmse=4.217469 60min_mape=3.743909
[2026-09-18 03:43:03] INFO Epoch 034 | stage=posthoc_calibrator | train_total=1.091394 | train_forecast=1.091394 | train_confidence=0.000000 | train_risk=0.000000 | train_blend=0.000000 | val_total=1.297383 | val_mae=1.294202 | val_rmse=3.399863 | val_mape=2.853703 | val_confidence=0.000000 | val_risk=0.000000 | val_blend=0.000000 | batches=382/47 | seconds=53.47 | lr=[0.000857375] | cuda_peak_mb=1213.8
[2026-09-18 03:43:03] INFO Val horizons | 15min_mae=1.088795 15min_rmse=2.576475 15min_mape=2.203506 | 30min_mae=1.338537 30min_rmse=3.464237 30min_mape=2.943220 | 60min_mae=1.578617 60min_rmse=4.186226 60min_mape=3.710614
[2026-09-18 03:43:56] INFO Epoch 035 | stage=posthoc_calibrator | train_total=1.091522 | train_forecast=1.091522 | train_confidence=0.000000 | train_risk=0.000000 | train_blend=0.000000 | val_total=1.294550 | val_mae=1.291263 | val_rmse=3.383456 | val_mape=2.832708 | val_confidence=0.000000 | val_risk=0.000000 | val_blend=0.000000 | batches=382/47 | seconds=53.33 | lr=[0.000857375] | cuda_peak_mb=1213.8
[2026-09-18 03:43:56] INFO Val horizons | 15min_mae=1.086891 15min_rmse=2.569496 15min_mape=2.193459 | 30min_mae=1.335587 30min_rmse=3.448572 30min_mape=2.925435 | 60min_mae=1.573830 60min_rmse=4.162439 60min_mape=3.674042
[2026-09-18 03:44:50] INFO Epoch 036 | stage=posthoc_calibrator | train_total=1.091375 | train_forecast=1.091375 | train_confidence=0.000000 | train_risk=0.000000 | train_blend=0.000000 | val_total=1.296928 | val_mae=1.293693 | val_rmse=3.406937 | val_mape=2.855030 | val_confidence=0.000000 | val_risk=0.000000 | val_blend=0.000000 | batches=382/47 | seconds=53.36 | lr=[0.000857375] | cuda_peak_mb=1215.0
[2026-09-18 03:44:50] INFO Val horizons | 15min_mae=1.088038 15min_rmse=2.580181 15min_mape=2.205129 | 30min_mae=1.337644 30min_rmse=3.470314 30min_mape=2.946718 | 60min_mae=1.578019 60min_rmse=4.195237 60min_mape=3.708499
[2026-09-18 03:45:43] INFO Epoch 037 | stage=posthoc_calibrator | train_total=1.090949 | train_forecast=1.090949 | train_confidence=0.000000 | train_risk=0.000000 | train_blend=0.000000 | val_total=1.300413 | val_mae=1.297134 | val_rmse=3.419522 | val_mape=2.871555 | val_confidence=0.000000 | val_risk=0.000000 | val_blend=0.000000 | batches=382/47 | seconds=53.26 | lr=[0.000857375] | cuda_peak_mb=1213.8
[2026-09-18 03:45:43] INFO Val horizons | 15min_mae=1.090190 15min_rmse=2.586322 15min_mape=2.210407 | 30min_mae=1.340633 30min_rmse=3.480878 30min_mape=2.956923 | 60min_mae=1.583956 60min_rmse=4.215711 60min_mape=3.745710
[2026-09-18 03:46:36] INFO Epoch 038 | stage=posthoc_calibrator | train_total=1.091644 | train_forecast=1.091644 | train_confidence=0.000000 | train_risk=0.000000 | train_blend=0.000000 | val_total=1.295772 | val_mae=1.292759 | val_rmse=3.390008 | val_mape=2.861729 | val_confidence=0.000000 | val_risk=0.000000 | val_blend=0.000000 | batches=382/47 | seconds=53.23 | lr=[0.000857375] | cuda_peak_mb=1213.8
[2026-09-18 03:46:36] INFO Val horizons | 15min_mae=1.087417 15min_rmse=2.570220 15min_mape=2.206539 | 30min_mae=1.335987 30min_rmse=3.447703 30min_mape=2.949442 | 60min_mae=1.576851 60min_rmse=4.177087 60min_mape=3.721297
[2026-09-18 03:47:29] INFO Epoch 039 | stage=posthoc_calibrator | train_total=1.091165 | train_forecast=1.091165 | train_confidence=0.000000 | train_risk=0.000000 | train_blend=0.000000 | val_total=1.296188 | val_mae=1.292812 | val_rmse=3.397670 | val_mape=2.849510 | val_confidence=0.000000 | val_risk=0.000000 | val_blend=0.000000 | batches=382/47 | seconds=53.37 | lr=[0.000857375] | cuda_peak_mb=1215.0
[2026-09-18 03:47:29] INFO Val horizons | 15min_mae=1.087313 15min_rmse=2.576440 15min_mape=2.200352 | 30min_mae=1.336629 30min_rmse=3.462891 30min_mape=2.938381 | 60min_mae=1.576431 60min_rmse=4.179169 60min_mape=3.702466
[2026-09-18 03:48:23] INFO Epoch 040 | stage=posthoc_calibrator | train_total=1.090917 | train_forecast=1.090917 | train_confidence=0.000000 | train_risk=0.000000 | train_blend=0.000000 | val_total=1.298697 | val_mae=1.295393 | val_rmse=3.405169 | val_mape=2.859816 | val_confidence=0.000000 | val_risk=0.000000 | val_blend=0.000000 | batches=382/47 | seconds=53.43 | lr=[0.000857375] | cuda_peak_mb=1213.8
[2026-09-18 03:48:23] INFO Val horizons | 15min_mae=1.088557 15min_rmse=2.578231 15min_mape=2.203883 | 30min_mae=1.337870 30min_rmse=3.460825 30min_mape=2.942327 | 60min_mae=1.583148 60min_rmse=4.203197 60min_mape=3.732158
[2026-09-18 03:49:16] INFO Epoch 041 | stage=posthoc_calibrator | train_total=1.091124 | train_forecast=1.091124 | train_confidence=0.000000 | train_risk=0.000000 | train_blend=0.000000 | val_total=1.297178 | val_mae=1.293824 | val_rmse=3.402547 | val_mape=2.846205 | val_confidence=0.000000 | val_risk=0.000000 | val_blend=0.000000 | batches=382/47 | seconds=53.30 | lr=[0.0008145062499999999] | cuda_peak_mb=1213.8
[2026-09-18 03:49:16] INFO Val horizons | 15min_mae=1.088031 15min_rmse=2.578400 15min_mape=2.199238 | 30min_mae=1.337801 30min_rmse=3.464499 30min_mape=2.937832 | 60min_mae=1.578098 60min_rmse=4.188595 60min_mape=3.695328
[2026-09-18 03:50:09] INFO Epoch 042 | stage=posthoc_calibrator | train_total=1.090764 | train_forecast=1.090764 | train_confidence=0.000000 | train_risk=0.000000 | train_blend=0.000000 | val_total=1.294018 | val_mae=1.290630 | val_rmse=3.381863 | val_mape=2.841244 | val_confidence=0.000000 | val_risk=0.000000 | val_blend=0.000000 | batches=382/47 | seconds=53.31 | lr=[0.0008145062499999999] | cuda_peak_mb=1215.0
[2026-09-18 03:50:09] INFO Val horizons | 15min_mae=1.086836 15min_rmse=2.568065 15min_mape=2.197749 | 30min_mae=1.334041 30min_rmse=3.441729 30min_mape=2.928027 | 60min_mae=1.573797 60min_rmse=4.164396 60min_mape=3.692377
[2026-09-18 03:51:03] INFO Epoch 043 | stage=posthoc_calibrator | train_total=1.090576 | train_forecast=1.090576 | train_confidence=0.000000 | train_risk=0.000000 | train_blend=0.000000 | val_total=1.291729 | val_mae=1.288453 | val_rmse=3.366457 | val_mape=2.833395 | val_confidence=0.000000 | val_risk=0.000000 | val_blend=0.000000 | batches=382/47 | seconds=53.46 | lr=[0.0008145062499999999] | cuda_peak_mb=1213.8
[2026-09-18 03:51:03] INFO Val horizons | 15min_mae=1.084934 15min_rmse=2.561837 15min_mape=2.192455 | 30min_mae=1.331310 30min_rmse=3.424500 30min_mape=2.920102 | 60min_mae=1.571803 60min_rmse=4.145847 60min_mape=3.684040
[2026-09-18 03:51:56] INFO Epoch 044 | stage=posthoc_calibrator | train_total=1.090928 | train_forecast=1.090928 | train_confidence=0.000000 | train_risk=0.000000 | train_blend=0.000000 | val_total=1.294631 | val_mae=1.291647 | val_rmse=3.392755 | val_mape=2.850797 | val_confidence=0.000000 | val_risk=0.000000 | val_blend=0.000000 | batches=382/47 | seconds=53.46 | lr=[0.0008145062499999999] | cuda_peak_mb=1213.8
[2026-09-18 03:51:56] INFO Val horizons | 15min_mae=1.086851 15min_rmse=2.574081 15min_mape=2.203833 | 30min_mae=1.334234 30min_rmse=3.450048 30min_mape=2.939751 | 60min_mae=1.576054 60min_rmse=4.176096 60min_mape=3.702661
[2026-09-18 03:52:50] INFO Epoch 045 | stage=posthoc_calibrator | train_total=1.090867 | train_forecast=1.090867 | train_confidence=0.000000 | train_risk=0.000000 | train_blend=0.000000 | val_total=1.296113 | val_mae=1.292644 | val_rmse=3.391689 | val_mape=2.848253 | val_confidence=0.000000 | val_risk=0.000000 | val_blend=0.000000 | batches=382/47 | seconds=53.36 | lr=[0.0008145062499999999] | cuda_peak_mb=1215.0
[2026-09-18 03:52:50] INFO Val horizons | 15min_mae=1.085978 15min_rmse=2.567403 15min_mape=2.194752 | 30min_mae=1.335549 30min_rmse=3.447774 30min_mape=2.930856 | 60min_mae=1.578030 60min_rmse=4.182918 60min_mape=3.711823
[2026-09-18 03:53:43] INFO Epoch 046 | stage=posthoc_calibrator | train_total=1.090488 | train_forecast=1.090488 | train_confidence=0.000000 | train_risk=0.000000 | train_blend=0.000000 | val_total=1.297364 | val_mae=1.294193 | val_rmse=3.358272 | val_mape=2.826603 | val_confidence=0.000000 | val_risk=0.000000 | val_blend=0.000000 | batches=382/47 | seconds=53.44 | lr=[0.0008145062499999999] | cuda_peak_mb=1213.8
[2026-09-18 03:53:43] INFO Val horizons | 15min_mae=1.087341 15min_rmse=2.558307 15min_mape=2.191333 | 30min_mae=1.339579 30min_rmse=3.422860 30min_mape=2.918613 | 60min_mae=1.579400 60min_rmse=4.124264 60min_mape=3.660218
[2026-09-18 03:54:37] INFO Epoch 047 | stage=posthoc_calibrator | train_total=1.090531 | train_forecast=1.090531 | train_confidence=0.000000 | train_risk=0.000000 | train_blend=0.000000 | val_total=1.298239 | val_mae=1.294986 | val_rmse=3.412038 | val_mape=2.858195 | val_confidence=0.000000 | val_risk=0.000000 | val_blend=0.000000 | batches=382/47 | seconds=53.38 | lr=[0.0008145062499999999] | cuda_peak_mb=1213.8
[2026-09-18 03:54:37] INFO Val horizons | 15min_mae=1.088673 15min_rmse=2.581589 15min_mape=2.202777 | 30min_mae=1.339295 30min_rmse=3.475307 30min_mape=2.946767 | 60min_mae=1.581191 60min_rmse=4.208814 60min_mape=3.727526
[2026-09-18 03:55:30] INFO Epoch 048 | stage=posthoc_calibrator | train_total=1.090412 | train_forecast=1.090412 | train_confidence=0.000000 | train_risk=0.000000 | train_blend=0.000000 | val_total=1.298852 | val_mae=1.295612 | val_rmse=3.404226 | val_mape=2.856791 | val_confidence=0.000000 | val_risk=0.000000 | val_blend=0.000000 | batches=382/47 | seconds=53.49 | lr=[0.0008145062499999999] | cuda_peak_mb=1215.0
[2026-09-18 03:55:30] INFO Val horizons | 15min_mae=1.089430 15min_rmse=2.581564 15min_mape=2.203633 | 30min_mae=1.339537 30min_rmse=3.466010 30min_mape=2.942395 | 60min_mae=1.582480 60min_rmse=4.198811 60min_mape=3.725064
[2026-09-18 03:56:24] INFO Epoch 049 | stage=posthoc_calibrator | train_total=1.090567 | train_forecast=1.090567 | train_confidence=0.000000 | train_risk=0.000000 | train_blend=0.000000 | val_total=1.298409 | val_mae=1.295078 | val_rmse=3.406527 | val_mape=2.856351 | val_confidence=0.000000 | val_risk=0.000000 | val_blend=0.000000 | batches=382/47 | seconds=53.50 | lr=[0.0008145062499999999] | cuda_peak_mb=1213.8
[2026-09-18 03:56:24] INFO Val horizons | 15min_mae=1.087561 15min_rmse=2.575993 15min_mape=2.200074 | 30min_mae=1.339278 30min_rmse=3.470117 30min_mape=2.944415 | 60min_mae=1.581073 60min_rmse=4.198872 60min_mape=3.719486
[2026-09-18 03:57:17] INFO Epoch 050 | stage=posthoc_calibrator | train_total=1.090867 | train_forecast=1.090867 | train_confidence=0.000000 | train_risk=0.000000 | train_blend=0.000000 | val_total=1.297479 | val_mae=1.294181 | val_rmse=3.400609 | val_mape=2.846162 | val_confidence=0.000000 | val_risk=0.000000 | val_blend=0.000000 | batches=382/47 | seconds=53.12 | lr=[0.0008145062499999999] | cuda_peak_mb=1213.8
[2026-09-18 03:57:17] INFO Val horizons | 15min_mae=1.088583 15min_rmse=2.574759 15min_mape=2.198859 | 30min_mae=1.338294 30min_rmse=3.461909 30min_mape=2.935656 | 60min_mae=1.578942 60min_rmse=4.189342 60min_mape=3.703338
[2026-09-18 03:57:17] INFO Downstream training finished | best_val_mae=1.287540 | checkpoint=C:\Users\clw\projects\researchRep\STAnchor-BlockMemory\artifacts\paper_final_joint_context_offset_only_seed42\main_table\pems08\ours\stgcn\downstream_best.pt
