[2026-09-09 12:16:57] INFO Downstream start | run=cross_dataset_final/pemsbay_finetuned_router_staeformer_seed42 | device=cuda:0 (requested=cuda:0) | seed=42 | output=C:\Users\clw\projects\researchRep\STAnchor-BlockMemory\artifacts\cross_dataset_final\pemsbay_finetuned_router_staeformer_seed42
[2026-09-09 12:16:57] INFO Mode | downstream_mode=learned_topk_error_aware | training_protocol=posthoc_frozen_base | candidate_protocol=weekday_radius1_overlap
[2026-09-09 12:16:57] INFO STAEformer temporal covariates | mode=calendar | source=dataset slot/weekday
[2026-09-09 12:16:57] INFO Downstream initialization | seed=42 | state_hash=e155100a8714faf2
[2026-09-09 12:16:57] INFO Frozen base | checkpoint=C:\Users\clw\projects\researchRep\STAnchor-BlockMemory\artifacts\cross_dataset_stage1\pemsbay_baseonly_staeformer_seed42\downstream_best.pt | fingerprint=6f593ac9a74ab861
[2026-09-09 12:16:57] INFO Data | steps=52116 | nodes=325 | channels=1 | training_scope=full_train | memory/post_memory/train_selected/val/test=25327/10855/36182/4912/10125
[2026-09-09 12:16:57] INFO Bank/retrieval | dataset=PEMS-BAY-T1 | events=25327 | nodes=325 | retrieval_dim=64 | event_top_r=96 | node_top_k=12 | key_dtype=float16
[2026-09-09 12:16:57] INFO Parameters | downstream_total=2,252,174 | downstream_trainable=879,693 | backbone=0 | confidence_head=0 | fusion=0 | frozen_pretrained=958,704
[2026-09-09 12:16:57] INFO Optimization | epochs=50 | batch_size=32 | optimizer=adam | lr=0.001 | weight_decay=0.0001 | scheduler=step_lr | step_size=10 | gamma=0.950 | confidence_weight=0.000 | patience=10 | early_stopping=disabled
[2026-09-09 12:16:58] INFO Stage start | stage=posthoc_calibrator | epochs=50 | optimizer_lrs=[0.001]
[2026-09-09 12:37:28] INFO Epoch 001 | stage=posthoc_calibrator | train_total=1.301606 | train_forecast=1.301606 | train_confidence=0.000000 | train_risk=0.000000 | train_blend=0.000000 | val_total=1.542093 | val_mae=1.537420 | val_rmse=3.568635 | val_mape=3.522567 | val_confidence=0.000000 | val_risk=0.000000 | val_blend=0.000000 | batches=1131/154 | seconds=1229.38 | lr=[0.001] | cuda_peak_mb=5435.6
[2026-09-09 12:37:28] INFO Val horizons | 15min_mae=1.324002 15min_rmse=2.815305 15min_mape=2.885764 | 30min_mae=1.606323 30min_rmse=3.702462 30min_mape=3.712876 | 60min_mae=1.827712 60min_rmse=4.283097 60min_mape=4.327168
[2026-09-09 12:37:28] INFO Checkpoint updated | epoch=1 | stage=posthoc_calibrator | best_val_mae=1.537420 | path=C:\Users\clw\projects\researchRep\STAnchor-BlockMemory\artifacts\cross_dataset_final\pemsbay_finetuned_router_staeformer_seed42\downstream_best.pt
[2026-09-09 12:39:59] INFO Epoch 002 | stage=posthoc_calibrator | train_total=1.297901 | train_forecast=1.297901 | train_confidence=0.000000 | train_risk=0.000000 | train_blend=0.000000 | val_total=1.540774 | val_mae=1.536136 | val_rmse=3.560974 | val_mape=3.524403 | val_confidence=0.000000 | val_risk=0.000000 | val_blend=0.000000 | batches=1131/154 | seconds=151.23 | lr=[0.001] | cuda_peak_mb=2207.6
[2026-09-09 12:39:59] INFO Val horizons | 15min_mae=1.323636 15min_rmse=2.811866 15min_mape=2.888633 | 30min_mae=1.604634 30min_rmse=3.692695 30min_mape=3.714124 | 60min_mae=1.826019 60min_rmse=4.273508 60min_mape=4.331768
[2026-09-09 12:39:59] INFO Checkpoint updated | epoch=2 | stage=posthoc_calibrator | best_val_mae=1.536136 | path=C:\Users\clw\projects\researchRep\STAnchor-BlockMemory\artifacts\cross_dataset_final\pemsbay_finetuned_router_staeformer_seed42\downstream_best.pt
[2026-09-09 12:42:29] INFO Epoch 003 | stage=posthoc_calibrator | train_total=1.296970 | train_forecast=1.296970 | train_confidence=0.000000 | train_risk=0.000000 | train_blend=0.000000 | val_total=1.540731 | val_mae=1.536081 | val_rmse=3.564191 | val_mape=3.494449 | val_confidence=0.000000 | val_risk=0.000000 | val_blend=0.000000 | batches=1131/154 | seconds=149.98 | lr=[0.001] | cuda_peak_mb=2206.3
[2026-09-09 12:42:29] INFO Val horizons | 15min_mae=1.322297 15min_rmse=2.807960 15min_mape=2.866774 | 30min_mae=1.603724 30min_rmse=3.693977 30min_mape=3.668546 | 60min_mae=1.827405 60min_rmse=4.279553 60min_mape=4.308427
[2026-09-09 12:42:29] INFO Checkpoint updated | epoch=3 | stage=posthoc_calibrator | best_val_mae=1.536081 | path=C:\Users\clw\projects\researchRep\STAnchor-BlockMemory\artifacts\cross_dataset_final\pemsbay_finetuned_router_staeformer_seed42\downstream_best.pt
[2026-09-09 12:44:58] INFO Epoch 004 | stage=posthoc_calibrator | train_total=1.296473 | train_forecast=1.296473 | train_confidence=0.000000 | train_risk=0.000000 | train_blend=0.000000 | val_total=1.540723 | val_mae=1.536082 | val_rmse=3.564432 | val_mape=3.504373 | val_confidence=0.000000 | val_risk=0.000000 | val_blend=0.000000 | batches=1131/154 | seconds=149.34 | lr=[0.001] | cuda_peak_mb=2206.5
[2026-09-09 12:44:58] INFO Val horizons | 15min_mae=1.322559 15min_rmse=2.809323 15min_mape=2.873509 | 30min_mae=1.603803 30min_rmse=3.694925 30min_mape=3.685499 | 60min_mae=1.827447 60min_rmse=4.279110 60min_mape=4.314248
[2026-09-09 12:47:28] INFO Epoch 005 | stage=posthoc_calibrator | train_total=1.296005 | train_forecast=1.296005 | train_confidence=0.000000 | train_risk=0.000000 | train_blend=0.000000 | val_total=1.541678 | val_mae=1.537015 | val_rmse=3.569536 | val_mape=3.528199 | val_confidence=0.000000 | val_risk=0.000000 | val_blend=0.000000 | batches=1131/154 | seconds=149.37 | lr=[0.001] | cuda_peak_mb=2207.0
[2026-09-09 12:47:28] INFO Val horizons | 15min_mae=1.323312 15min_rmse=2.814051 15min_mape=2.886031 | 30min_mae=1.605295 30min_rmse=3.702421 30min_mape=3.714976 | 60min_mae=1.828480 60min_rmse=4.283516 60min_mape=4.344508
[2026-09-09 12:49:57] INFO Epoch 006 | stage=posthoc_calibrator | train_total=1.295662 | train_forecast=1.295662 | train_confidence=0.000000 | train_risk=0.000000 | train_blend=0.000000 | val_total=1.539179 | val_mae=1.534572 | val_rmse=3.563747 | val_mape=3.505370 | val_confidence=0.000000 | val_risk=0.000000 | val_blend=0.000000 | batches=1131/154 | seconds=149.32 | lr=[0.001] | cuda_peak_mb=2207.4
[2026-09-09 12:49:57] INFO Val horizons | 15min_mae=1.321892 15min_rmse=2.807355 15min_mape=2.874501 | 30min_mae=1.602403 30min_rmse=3.693242 30min_mape=3.688290 | 60min_mae=1.825139 60min_rmse=4.278702 60min_mape=4.312404
[2026-09-09 12:49:57] INFO Checkpoint updated | epoch=6 | stage=posthoc_calibrator | best_val_mae=1.534572 | path=C:\Users\clw\projects\researchRep\STAnchor-BlockMemory\artifacts\cross_dataset_final\pemsbay_finetuned_router_staeformer_seed42\downstream_best.pt
[2026-09-09 12:52:26] INFO Epoch 007 | stage=posthoc_calibrator | train_total=1.295257 | train_forecast=1.295257 | train_confidence=0.000000 | train_risk=0.000000 | train_blend=0.000000 | val_total=1.541573 | val_mae=1.536883 | val_rmse=3.571711 | val_mape=3.515185 | val_confidence=0.000000 | val_risk=0.000000 | val_blend=0.000000 | batches=1131/154 | seconds=149.39 | lr=[0.001] | cuda_peak_mb=2206.8
[2026-09-09 12:52:26] INFO Val horizons | 15min_mae=1.323075 15min_rmse=2.814596 15min_mape=2.880285 | 30min_mae=1.605418 30min_rmse=3.706769 30min_mape=3.696901 | 60min_mae=1.827320 60min_rmse=4.281170 60min_mape=4.329961
[2026-09-09 12:54:56] INFO Epoch 008 | stage=posthoc_calibrator | train_total=1.295060 | train_forecast=1.295060 | train_confidence=0.000000 | train_risk=0.000000 | train_blend=0.000000 | val_total=1.538804 | val_mae=1.534198 | val_rmse=3.556597 | val_mape=3.504468 | val_confidence=0.000000 | val_risk=0.000000 | val_blend=0.000000 | batches=1131/154 | seconds=149.27 | lr=[0.001] | cuda_peak_mb=2206.3
[2026-09-09 12:54:56] INFO Val horizons | 15min_mae=1.321488 15min_rmse=2.805884 15min_mape=2.874563 | 30min_mae=1.601968 30min_rmse=3.686725 30min_mape=3.682323 | 60min_mae=1.824733 60min_rmse=4.268344 60min_mape=4.318598
[2026-09-09 12:54:56] INFO Checkpoint updated | epoch=8 | stage=posthoc_calibrator | best_val_mae=1.534198 | path=C:\Users\clw\projects\researchRep\STAnchor-BlockMemory\artifacts\cross_dataset_final\pemsbay_finetuned_router_staeformer_seed42\downstream_best.pt
[2026-09-09 12:57:25] INFO Epoch 009 | stage=posthoc_calibrator | train_total=1.294815 | train_forecast=1.294815 | train_confidence=0.000000 | train_risk=0.000000 | train_blend=0.000000 | val_total=1.539511 | val_mae=1.534871 | val_rmse=3.563389 | val_mape=3.510210 | val_confidence=0.000000 | val_risk=0.000000 | val_blend=0.000000 | batches=1131/154 | seconds=149.40 | lr=[0.001] | cuda_peak_mb=2207.7
[2026-09-09 12:57:25] INFO Val horizons | 15min_mae=1.321949 15min_rmse=2.809852 15min_mape=2.877253 | 30min_mae=1.603006 30min_rmse=3.694786 30min_mape=3.689851 | 60min_mae=1.824991 60min_rmse=4.275489 60min_mape=4.324527
[2026-09-09 12:59:55] INFO Epoch 010 | stage=posthoc_calibrator | train_total=1.294472 | train_forecast=1.294472 | train_confidence=0.000000 | train_risk=0.000000 | train_blend=0.000000 | val_total=1.538808 | val_mae=1.534193 | val_rmse=3.563633 | val_mape=3.508345 | val_confidence=0.000000 | val_risk=0.000000 | val_blend=0.000000 | batches=1131/154 | seconds=149.41 | lr=[0.001] | cuda_peak_mb=2206.7
[2026-09-09 12:59:55] INFO Val horizons | 15min_mae=1.321675 15min_rmse=2.808555 15min_mape=2.873829 | 30min_mae=1.602326 30min_rmse=3.694689 30min_mape=3.688289 | 60min_mae=1.823989 60min_rmse=4.275806 60min_mape=4.321555
[2026-09-09 12:59:55] INFO Checkpoint updated | epoch=10 | stage=posthoc_calibrator | best_val_mae=1.534193 | path=C:\Users\clw\projects\researchRep\STAnchor-BlockMemory\artifacts\cross_dataset_final\pemsbay_finetuned_router_staeformer_seed42\downstream_best.pt
[2026-09-09 13:02:24] INFO Epoch 011 | stage=posthoc_calibrator | train_total=1.294486 | train_forecast=1.294486 | train_confidence=0.000000 | train_risk=0.000000 | train_blend=0.000000 | val_total=1.540254 | val_mae=1.535637 | val_rmse=3.566421 | val_mape=3.508656 | val_confidence=0.000000 | val_risk=0.000000 | val_blend=0.000000 | batches=1131/154 | seconds=149.35 | lr=[0.00095] | cuda_peak_mb=2206.3
[2026-09-09 13:02:24] INFO Val horizons | 15min_mae=1.322806 15min_rmse=2.814528 15min_mape=2.878500 | 30min_mae=1.603684 30min_rmse=3.700119 30min_mape=3.686868 | 60min_mae=1.825496 60min_rmse=4.277107 60min_mape=4.321589
[2026-09-09 13:04:53] INFO Epoch 012 | stage=posthoc_calibrator | train_total=1.294214 | train_forecast=1.294214 | train_confidence=0.000000 | train_risk=0.000000 | train_blend=0.000000 | val_total=1.539341 | val_mae=1.534713 | val_rmse=3.566580 | val_mape=3.509709 | val_confidence=0.000000 | val_risk=0.000000 | val_blend=0.000000 | batches=1131/154 | seconds=149.15 | lr=[0.00095] | cuda_peak_mb=2207.7
[2026-09-09 13:04:53] INFO Val horizons | 15min_mae=1.322078 15min_rmse=2.811907 15min_mape=2.877956 | 30min_mae=1.602803 30min_rmse=3.698891 30min_mape=3.692892 | 60min_mae=1.824320 60min_rmse=4.278490 60min_mape=4.315737
[2026-09-09 13:07:22] INFO Epoch 013 | stage=posthoc_calibrator | train_total=1.294313 | train_forecast=1.294313 | train_confidence=0.000000 | train_risk=0.000000 | train_blend=0.000000 | val_total=1.540834 | val_mae=1.536184 | val_rmse=3.572356 | val_mape=3.499098 | val_confidence=0.000000 | val_risk=0.000000 | val_blend=0.000000 | batches=1131/154 | seconds=149.21 | lr=[0.00095] | cuda_peak_mb=2206.7
[2026-09-09 13:07:22] INFO Val horizons | 15min_mae=1.322488 15min_rmse=2.814651 15min_mape=2.869318 | 30min_mae=1.604723 30min_rmse=3.706045 30min_mape=3.674373 | 60min_mae=1.826329 60min_rmse=4.283248 60min_mape=4.316960
[2026-09-09 13:09:52] INFO Epoch 014 | stage=posthoc_calibrator | train_total=1.294045 | train_forecast=1.294045 | train_confidence=0.000000 | train_risk=0.000000 | train_blend=0.000000 | val_total=1.539189 | val_mae=1.534568 | val_rmse=3.562504 | val_mape=3.524783 | val_confidence=0.000000 | val_risk=0.000000 | val_blend=0.000000 | batches=1131/154 | seconds=149.34 | lr=[0.00095] | cuda_peak_mb=2206.3
[2026-09-09 13:09:52] INFO Val horizons | 15min_mae=1.322186 15min_rmse=2.811558 15min_mape=2.886614 | 30min_mae=1.602284 30min_rmse=3.694005 30min_mape=3.709135 | 60min_mae=1.824864 60min_rmse=4.274586 60min_mape=4.337943
[2026-09-09 13:12:21] INFO Epoch 015 | stage=posthoc_calibrator | train_total=1.294100 | train_forecast=1.294100 | train_confidence=0.000000 | train_risk=0.000000 | train_blend=0.000000 | val_total=1.541050 | val_mae=1.536415 | val_rmse=3.570498 | val_mape=3.519697 | val_confidence=0.000000 | val_risk=0.000000 | val_blend=0.000000 | batches=1131/154 | seconds=149.25 | lr=[0.00095] | cuda_peak_mb=2207.7
[2026-09-09 13:12:21] INFO Val horizons | 15min_mae=1.322955 15min_rmse=2.813850 15min_mape=2.880104 | 30min_mae=1.604340 30min_rmse=3.703101 30min_mape=3.702592 | 60min_mae=1.827302 60min_rmse=4.284616 60min_mape=4.335561
[2026-09-09 13:14:50] INFO Epoch 016 | stage=posthoc_calibrator | train_total=1.293913 | train_forecast=1.293913 | train_confidence=0.000000 | train_risk=0.000000 | train_blend=0.000000 | val_total=1.540669 | val_mae=1.536006 | val_rmse=3.569627 | val_mape=3.523763 | val_confidence=0.000000 | val_risk=0.000000 | val_blend=0.000000 | batches=1131/154 | seconds=149.39 | lr=[0.00095] | cuda_peak_mb=2206.7
[2026-09-09 13:14:50] INFO Val horizons | 15min_mae=1.322886 15min_rmse=2.815505 15min_mape=2.884971 | 30min_mae=1.604231 30min_rmse=3.703613 30min_mape=3.705697 | 60min_mae=1.826370 60min_rmse=4.279686 60min_mape=4.341070
[2026-09-09 13:17:20] INFO Epoch 017 | stage=posthoc_calibrator | train_total=1.293968 | train_forecast=1.293968 | train_confidence=0.000000 | train_risk=0.000000 | train_blend=0.000000 | val_total=1.540476 | val_mae=1.535833 | val_rmse=3.568981 | val_mape=3.521296 | val_confidence=0.000000 | val_risk=0.000000 | val_blend=0.000000 | batches=1131/154 | seconds=149.54 | lr=[0.00095] | cuda_peak_mb=2206.3
[2026-09-09 13:17:20] INFO Val horizons | 15min_mae=1.322573 15min_rmse=2.813189 15min_mape=2.880454 | 30min_mae=1.604340 30min_rmse=3.702541 30min_mape=3.704996 | 60min_mae=1.825873 60min_rmse=4.282440 60min_mape=4.336467
[2026-09-09 13:19:49] INFO Epoch 018 | stage=posthoc_calibrator | train_total=1.293924 | train_forecast=1.293924 | train_confidence=0.000000 | train_risk=0.000000 | train_blend=0.000000 | val_total=1.539549 | val_mae=1.534917 | val_rmse=3.564699 | val_mape=3.520461 | val_confidence=0.000000 | val_risk=0.000000 | val_blend=0.000000 | batches=1131/154 | seconds=149.53 | lr=[0.00095] | cuda_peak_mb=2207.7
[2026-09-09 13:19:49] INFO Val horizons | 15min_mae=1.321899 15min_rmse=2.810377 15min_mape=2.878917 | 30min_mae=1.603156 30min_rmse=3.697116 30min_mape=3.702185 | 60min_mae=1.825019 60min_rmse=4.277485 60min_mape=4.339874
[2026-09-09 13:22:19] INFO Epoch 019 | stage=posthoc_calibrator | train_total=1.293883 | train_forecast=1.293883 | train_confidence=0.000000 | train_risk=0.000000 | train_blend=0.000000 | val_total=1.538759 | val_mae=1.534156 | val_rmse=3.567836 | val_mape=3.505371 | val_confidence=0.000000 | val_risk=0.000000 | val_blend=0.000000 | batches=1131/154 | seconds=149.65 | lr=[0.00095] | cuda_peak_mb=2206.7
[2026-09-09 13:22:19] INFO Val horizons | 15min_mae=1.321292 15min_rmse=2.811763 15min_mape=2.872565 | 30min_mae=1.602186 30min_rmse=3.700582 30min_mape=3.686633 | 60min_mae=1.824325 60min_rmse=4.281071 60min_mape=4.318538
[2026-09-09 13:22:19] INFO Checkpoint updated | epoch=19 | stage=posthoc_calibrator | best_val_mae=1.534156 | path=C:\Users\clw\projects\researchRep\STAnchor-BlockMemory\artifacts\cross_dataset_final\pemsbay_finetuned_router_staeformer_seed42\downstream_best.pt
[2026-09-09 13:24:49] INFO Epoch 020 | stage=posthoc_calibrator | train_total=1.293740 | train_forecast=1.293740 | train_confidence=0.000000 | train_risk=0.000000 | train_blend=0.000000 | val_total=1.539713 | val_mae=1.535112 | val_rmse=3.566627 | val_mape=3.501020 | val_confidence=0.000000 | val_risk=0.000000 | val_blend=0.000000 | batches=1131/154 | seconds=150.10 | lr=[0.00095] | cuda_peak_mb=2206.3
[2026-09-09 13:24:49] INFO Val horizons | 15min_mae=1.321869 15min_rmse=2.812297 15min_mape=2.870344 | 30min_mae=1.602976 30min_rmse=3.700229 30min_mape=3.675611 | 60min_mae=1.825124 60min_rmse=4.275698 60min_mape=4.319846
[2026-09-09 13:27:19] INFO Epoch 021 | stage=posthoc_calibrator | train_total=1.293659 | train_forecast=1.293659 | train_confidence=0.000000 | train_risk=0.000000 | train_blend=0.000000 | val_total=1.539778 | val_mae=1.535144 | val_rmse=3.568778 | val_mape=3.510215 | val_confidence=0.000000 | val_risk=0.000000 | val_blend=0.000000 | batches=1131/154 | seconds=149.56 | lr=[0.0009025] | cuda_peak_mb=2207.7
[2026-09-09 13:27:19] INFO Val horizons | 15min_mae=1.321904 15min_rmse=2.810250 15min_mape=2.874248 | 30min_mae=1.603052 30min_rmse=3.701208 30min_mape=3.690541 | 60min_mae=1.825402 60min_rmse=4.280859 60min_mape=4.324415
[2026-09-09 13:29:55] INFO Epoch 022 | stage=posthoc_calibrator | train_total=1.293759 | train_forecast=1.293759 | train_confidence=0.000000 | train_risk=0.000000 | train_blend=0.000000 | val_total=1.540774 | val_mae=1.536146 | val_rmse=3.570187 | val_mape=3.520399 | val_confidence=0.000000 | val_risk=0.000000 | val_blend=0.000000 | batches=1131/154 | seconds=156.37 | lr=[0.0009025] | cuda_peak_mb=2206.7
[2026-09-09 13:29:55] INFO Val horizons | 15min_mae=1.322765 15min_rmse=2.815545 15min_mape=2.882744 | 30min_mae=1.603536 30min_rmse=3.702474 30min_mape=3.699663 | 60min_mae=1.827264 60min_rmse=4.282260 60min_mape=4.337934
[2026-09-09 13:32:30] INFO Epoch 023 | stage=posthoc_calibrator | train_total=1.293730 | train_forecast=1.293730 | train_confidence=0.000000 | train_risk=0.000000 | train_blend=0.000000 | val_total=1.540084 | val_mae=1.535441 | val_rmse=3.567456 | val_mape=3.514287 | val_confidence=0.000000 | val_risk=0.000000 | val_blend=0.000000 | batches=1131/154 | seconds=154.37 | lr=[0.0009025] | cuda_peak_mb=2206.3
[2026-09-09 13:32:30] INFO Val horizons | 15min_mae=1.322516 15min_rmse=2.813521 15min_mape=2.880153 | 30min_mae=1.603652 30min_rmse=3.701109 30min_mape=3.695041 | 60min_mae=1.825475 60min_rmse=4.279334 60min_mape=4.331077
[2026-09-09 13:35:02] INFO Epoch 024 | stage=posthoc_calibrator | train_total=1.293645 | train_forecast=1.293645 | train_confidence=0.000000 | train_risk=0.000000 | train_blend=0.000000 | val_total=1.539605 | val_mae=1.534991 | val_rmse=3.568679 | val_mape=3.493531 | val_confidence=0.000000 | val_risk=0.000000 | val_blend=0.000000 | batches=1131/154 | seconds=152.51 | lr=[0.0009025] | cuda_peak_mb=2207.7
[2026-09-09 13:35:02] INFO Val horizons | 15min_mae=1.321712 15min_rmse=2.810334 15min_mape=2.864613 | 30min_mae=1.602791 30min_rmse=3.700484 30min_mape=3.670087 | 60min_mae=1.825418 60min_rmse=4.281904 60min_mape=4.302700
[2026-09-09 13:37:34] INFO Epoch 025 | stage=posthoc_calibrator | train_total=1.293546 | train_forecast=1.293546 | train_confidence=0.000000 | train_risk=0.000000 | train_blend=0.000000 | val_total=1.539144 | val_mae=1.534531 | val_rmse=3.568075 | val_mape=3.504541 | val_confidence=0.000000 | val_risk=0.000000 | val_blend=0.000000 | batches=1131/154 | seconds=152.24 | lr=[0.0009025] | cuda_peak_mb=2206.7
[2026-09-09 13:37:34] INFO Val horizons | 15min_mae=1.321245 15min_rmse=2.811968 15min_mape=2.869100 | 30min_mae=1.602591 30min_rmse=3.700963 30min_mape=3.682191 | 60min_mae=1.824654 60min_rmse=4.280075 60min_mape=4.319486
[2026-09-09 13:40:06] INFO Epoch 026 | stage=posthoc_calibrator | train_total=1.293579 | train_forecast=1.293579 | train_confidence=0.000000 | train_risk=0.000000 | train_blend=0.000000 | val_total=1.540482 | val_mae=1.535834 | val_rmse=3.566731 | val_mape=3.523707 | val_confidence=0.000000 | val_risk=0.000000 | val_blend=0.000000 | batches=1131/154 | seconds=151.96 | lr=[0.0009025] | cuda_peak_mb=2206.3
[2026-09-09 13:40:06] INFO Val horizons | 15min_mae=1.322628 15min_rmse=2.812936 15min_mape=2.882608 | 30min_mae=1.604153 30min_rmse=3.700100 30min_mape=3.706314 | 60min_mae=1.826001 60min_rmse=4.278826 60min_mape=4.343216
[2026-09-09 13:42:38] INFO Epoch 027 | stage=posthoc_calibrator | train_total=1.293528 | train_forecast=1.293528 | train_confidence=0.000000 | train_risk=0.000000 | train_blend=0.000000 | val_total=1.539701 | val_mae=1.535086 | val_rmse=3.565670 | val_mape=3.508660 | val_confidence=0.000000 | val_risk=0.000000 | val_blend=0.000000 | batches=1131/154 | seconds=151.90 | lr=[0.0009025] | cuda_peak_mb=2207.7
[2026-09-09 13:42:38] INFO Val horizons | 15min_mae=1.322235 15min_rmse=2.811222 15min_mape=2.876461 | 30min_mae=1.602900 30min_rmse=3.696860 30min_mape=3.689495 | 60min_mae=1.825088 60min_rmse=4.277097 60min_mape=4.315884
[2026-09-09 13:45:10] INFO Epoch 028 | stage=posthoc_calibrator | train_total=1.293560 | train_forecast=1.293560 | train_confidence=0.000000 | train_risk=0.000000 | train_blend=0.000000 | val_total=1.540963 | val_mae=1.536313 | val_rmse=3.564339 | val_mape=3.527117 | val_confidence=0.000000 | val_risk=0.000000 | val_blend=0.000000 | batches=1131/154 | seconds=151.61 | lr=[0.0009025] | cuda_peak_mb=2206.7
[2026-09-09 13:45:10] INFO Val horizons | 15min_mae=1.323596 15min_rmse=2.815049 15min_mape=2.891950 | 30min_mae=1.605437 30min_rmse=3.699104 30min_mape=3.717027 | 60min_mae=1.825295 60min_rmse=4.272696 60min_mape=4.332762
[2026-09-09 13:47:41] INFO Epoch 029 | stage=posthoc_calibrator | train_total=1.293447 | train_forecast=1.293447 | train_confidence=0.000000 | train_risk=0.000000 | train_blend=0.000000 | val_total=1.539710 | val_mae=1.535088 | val_rmse=3.568383 | val_mape=3.503820 | val_confidence=0.000000 | val_risk=0.000000 | val_blend=0.000000 | batches=1131/154 | seconds=151.55 | lr=[0.0009025] | cuda_peak_mb=2206.3
[2026-09-09 13:47:41] INFO Val horizons | 15min_mae=1.321890 15min_rmse=2.811319 15min_mape=2.870042 | 30min_mae=1.603520 30min_rmse=3.700936 30min_mape=3.681823 | 60min_mae=1.824444 60min_rmse=4.279263 60min_mape=4.317368
[2026-09-09 13:50:11] INFO Epoch 030 | stage=posthoc_calibrator | train_total=1.293456 | train_forecast=1.293456 | train_confidence=0.000000 | train_risk=0.000000 | train_blend=0.000000 | val_total=1.539167 | val_mae=1.534547 | val_rmse=3.564452 | val_mape=3.510962 | val_confidence=0.000000 | val_risk=0.000000 | val_blend=0.000000 | batches=1131/154 | seconds=149.94 | lr=[0.0009025] | cuda_peak_mb=2207.7
[2026-09-09 13:50:11] INFO Val horizons | 15min_mae=1.321695 15min_rmse=2.810945 15min_mape=2.874581 | 30min_mae=1.602993 30min_rmse=3.698316 30min_mape=3.691912 | 60min_mae=1.824121 60min_rmse=4.274253 60min_mape=4.324857
[2026-09-09 13:52:41] INFO Epoch 031 | stage=posthoc_calibrator | train_total=1.293429 | train_forecast=1.293429 | train_confidence=0.000000 | train_risk=0.000000 | train_blend=0.000000 | val_total=1.539320 | val_mae=1.534708 | val_rmse=3.567909 | val_mape=3.495205 | val_confidence=0.000000 | val_risk=0.000000 | val_blend=0.000000 | batches=1131/154 | seconds=149.74 | lr=[0.000857375] | cuda_peak_mb=2206.7
[2026-09-09 13:52:41] INFO Val horizons | 15min_mae=1.321459 15min_rmse=2.808815 15min_mape=2.862532 | 30min_mae=1.602745 30min_rmse=3.700574 30min_mape=3.671243 | 60min_mae=1.824379 60min_rmse=4.278347 60min_mape=4.310003
[2026-09-09 13:55:11] INFO Epoch 032 | stage=posthoc_calibrator | train_total=1.293418 | train_forecast=1.293418 | train_confidence=0.000000 | train_risk=0.000000 | train_blend=0.000000 | val_total=1.539869 | val_mae=1.535252 | val_rmse=3.570567 | val_mape=3.503060 | val_confidence=0.000000 | val_risk=0.000000 | val_blend=0.000000 | batches=1131/154 | seconds=149.60 | lr=[0.000857375] | cuda_peak_mb=2206.3
[2026-09-09 13:55:11] INFO Val horizons | 15min_mae=1.322005 15min_rmse=2.812989 15min_mape=2.868949 | 30min_mae=1.603436 30min_rmse=3.705719 30min_mape=3.681205 | 60min_mae=1.824946 60min_rmse=4.280463 60min_mape=4.314009
[2026-09-09 13:57:40] INFO Epoch 033 | stage=posthoc_calibrator | train_total=1.293331 | train_forecast=1.293331 | train_confidence=0.000000 | train_risk=0.000000 | train_blend=0.000000 | val_total=1.540560 | val_mae=1.535928 | val_rmse=3.569792 | val_mape=3.503304 | val_confidence=0.000000 | val_risk=0.000000 | val_blend=0.000000 | batches=1131/154 | seconds=149.49 | lr=[0.000857375] | cuda_peak_mb=2207.7
[2026-09-09 13:57:40] INFO Val horizons | 15min_mae=1.322377 15min_rmse=2.814898 15min_mape=2.872917 | 30min_mae=1.604329 30min_rmse=3.705585 30min_mape=3.682910 | 60min_mae=1.825436 60min_rmse=4.277123 60min_mape=4.314180
[2026-09-09 14:00:10] INFO Epoch 034 | stage=posthoc_calibrator | train_total=1.293439 | train_forecast=1.293439 | train_confidence=0.000000 | train_risk=0.000000 | train_blend=0.000000 | val_total=1.538328 | val_mae=1.533725 | val_rmse=3.564053 | val_mape=3.506965 | val_confidence=0.000000 | val_risk=0.000000 | val_blend=0.000000 | batches=1131/154 | seconds=149.44 | lr=[0.000857375] | cuda_peak_mb=2206.7
[2026-09-09 14:00:10] INFO Val horizons | 15min_mae=1.321021 15min_rmse=2.810005 15min_mape=2.872244 | 30min_mae=1.601717 30min_rmse=3.696281 30min_mape=3.688230 | 60min_mae=1.823194 60min_rmse=4.274482 60min_mape=4.317973
[2026-09-09 14:00:10] INFO Checkpoint updated | epoch=34 | stage=posthoc_calibrator | best_val_mae=1.533725 | path=C:\Users\clw\projects\researchRep\STAnchor-BlockMemory\artifacts\cross_dataset_final\pemsbay_finetuned_router_staeformer_seed42\downstream_best.pt
[2026-09-09 14:02:39] INFO Epoch 035 | stage=posthoc_calibrator | train_total=1.293338 | train_forecast=1.293338 | train_confidence=0.000000 | train_risk=0.000000 | train_blend=0.000000 | val_total=1.540658 | val_mae=1.536007 | val_rmse=3.571097 | val_mape=3.508365 | val_confidence=0.000000 | val_risk=0.000000 | val_blend=0.000000 | batches=1131/154 | seconds=149.36 | lr=[0.000857375] | cuda_peak_mb=2206.3
[2026-09-09 14:02:39] INFO Val horizons | 15min_mae=1.322023 15min_rmse=2.814866 15min_mape=2.875754 | 30min_mae=1.604367 30min_rmse=3.706340 30min_mape=3.685965 | 60min_mae=1.826037 60min_rmse=4.280008 60min_mape=4.326098
[2026-09-09 14:05:08] INFO Epoch 036 | stage=posthoc_calibrator | train_total=1.293272 | train_forecast=1.293272 | train_confidence=0.000000 | train_risk=0.000000 | train_blend=0.000000 | val_total=1.538971 | val_mae=1.534383 | val_rmse=3.562342 | val_mape=3.504449 | val_confidence=0.000000 | val_risk=0.000000 | val_blend=0.000000 | batches=1131/154 | seconds=149.51 | lr=[0.000857375] | cuda_peak_mb=2207.7
[2026-09-09 14:05:08] INFO Val horizons | 15min_mae=1.321438 15min_rmse=2.809874 15min_mape=2.874038 | 30min_mae=1.602574 30min_rmse=3.695567 30min_mape=3.685976 | 60min_mae=1.823522 60min_rmse=4.271262 60min_mape=4.312307
[2026-09-09 14:07:38] INFO Epoch 037 | stage=posthoc_calibrator | train_total=1.293177 | train_forecast=1.293177 | train_confidence=0.000000 | train_risk=0.000000 | train_blend=0.000000 | val_total=1.539052 | val_mae=1.534464 | val_rmse=3.565490 | val_mape=3.501819 | val_confidence=0.000000 | val_risk=0.000000 | val_blend=0.000000 | batches=1131/154 | seconds=149.43 | lr=[0.000857375] | cuda_peak_mb=2206.7
[2026-09-09 14:07:38] INFO Val horizons | 15min_mae=1.321545 15min_rmse=2.811947 15min_mape=2.867681 | 30min_mae=1.602694 30min_rmse=3.699364 30min_mape=3.680008 | 60min_mae=1.823942 60min_rmse=4.276314 60min_mape=4.315401
[2026-09-09 14:10:08] INFO Epoch 038 | stage=posthoc_calibrator | train_total=1.293182 | train_forecast=1.293182 | train_confidence=0.000000 | train_risk=0.000000 | train_blend=0.000000 | val_total=1.539303 | val_mae=1.534706 | val_rmse=3.571058 | val_mape=3.495162 | val_confidence=0.000000 | val_risk=0.000000 | val_blend=0.000000 | batches=1131/154 | seconds=150.39 | lr=[0.000857375] | cuda_peak_mb=2206.3
[2026-09-09 14:10:08] INFO Val horizons | 15min_mae=1.321466 15min_rmse=2.813697 15min_mape=2.866189 | 30min_mae=1.602621 30min_rmse=3.704929 30min_mape=3.671870 | 60min_mae=1.824482 60min_rmse=4.279964 60min_mape=4.307673
[2026-09-09 14:12:38] INFO Epoch 039 | stage=posthoc_calibrator | train_total=1.293183 | train_forecast=1.293183 | train_confidence=0.000000 | train_risk=0.000000 | train_blend=0.000000 | val_total=1.540811 | val_mae=1.536189 | val_rmse=3.565932 | val_mape=3.502563 | val_confidence=0.000000 | val_risk=0.000000 | val_blend=0.000000 | batches=1131/154 | seconds=149.49 | lr=[0.000857375] | cuda_peak_mb=2207.7
[2026-09-09 14:12:38] INFO Val horizons | 15min_mae=1.322237 15min_rmse=2.812733 15min_mape=2.871402 | 30min_mae=1.604308 30min_rmse=3.700260 30min_mape=3.675813 | 60min_mae=1.826212 60min_rmse=4.274361 60min_mape=4.321730
[2026-09-09 14:15:07] INFO Epoch 040 | stage=posthoc_calibrator | train_total=1.293116 | train_forecast=1.293116 | train_confidence=0.000000 | train_risk=0.000000 | train_blend=0.000000 | val_total=1.541116 | val_mae=1.536449 | val_rmse=3.569498 | val_mape=3.519325 | val_confidence=0.000000 | val_risk=0.000000 | val_blend=0.000000 | batches=1131/154 | seconds=149.57 | lr=[0.000857375] | cuda_peak_mb=2206.7
[2026-09-09 14:15:07] INFO Val horizons | 15min_mae=1.322688 15min_rmse=2.815783 15min_mape=2.882859 | 30min_mae=1.604956 30min_rmse=3.706393 30min_mape=3.700184 | 60min_mae=1.826563 60min_rmse=4.275776 60min_mape=4.336837
[2026-09-09 14:17:37] INFO Epoch 041 | stage=posthoc_calibrator | train_total=1.293035 | train_forecast=1.293035 | train_confidence=0.000000 | train_risk=0.000000 | train_blend=0.000000 | val_total=1.540699 | val_mae=1.536058 | val_rmse=3.570417 | val_mape=3.511142 | val_confidence=0.000000 | val_risk=0.000000 | val_blend=0.000000 | batches=1131/154 | seconds=149.68 | lr=[0.0008145062499999999] | cuda_peak_mb=2206.3
[2026-09-09 14:17:37] INFO Val horizons | 15min_mae=1.322857 15min_rmse=2.813494 15min_mape=2.873516 | 30min_mae=1.604878 30min_rmse=3.705023 30min_mape=3.691986 | 60min_mae=1.825215 60min_rmse=4.280485 60min_mape=4.323632
[2026-09-09 14:20:07] INFO Epoch 042 | stage=posthoc_calibrator | train_total=1.293125 | train_forecast=1.293125 | train_confidence=0.000000 | train_risk=0.000000 | train_blend=0.000000 | val_total=1.538989 | val_mae=1.534373 | val_rmse=3.569166 | val_mape=3.507352 | val_confidence=0.000000 | val_risk=0.000000 | val_blend=0.000000 | batches=1131/154 | seconds=149.55 | lr=[0.0008145062499999999] | cuda_peak_mb=2207.7
[2026-09-09 14:20:07] INFO Val horizons | 15min_mae=1.321698 15min_rmse=2.812969 15min_mape=2.874332 | 30min_mae=1.602598 30min_rmse=3.701914 30min_mape=3.691549 | 60min_mae=1.823771 60min_rmse=4.280083 60min_mape=4.312375
[2026-09-09 14:22:36] INFO Epoch 043 | stage=posthoc_calibrator | train_total=1.292995 | train_forecast=1.292995 | train_confidence=0.000000 | train_risk=0.000000 | train_blend=0.000000 | val_total=1.539208 | val_mae=1.534592 | val_rmse=3.567443 | val_mape=3.492019 | val_confidence=0.000000 | val_risk=0.000000 | val_blend=0.000000 | batches=1131/154 | seconds=149.39 | lr=[0.0008145062499999999] | cuda_peak_mb=2206.7
[2026-09-09 14:22:36] INFO Val horizons | 15min_mae=1.320958 15min_rmse=2.810733 15min_mape=2.864560 | 30min_mae=1.602626 30min_rmse=3.701318 30min_mape=3.668279 | 60min_mae=1.824454 60min_rmse=4.276489 60min_mape=4.304147
[2026-09-09 14:25:05] INFO Epoch 044 | stage=posthoc_calibrator | train_total=1.292990 | train_forecast=1.292990 | train_confidence=0.000000 | train_risk=0.000000 | train_blend=0.000000 | val_total=1.539273 | val_mae=1.534664 | val_rmse=3.565511 | val_mape=3.510035 | val_confidence=0.000000 | val_risk=0.000000 | val_blend=0.000000 | batches=1131/154 | seconds=149.36 | lr=[0.0008145062499999999] | cuda_peak_mb=2206.3
[2026-09-09 14:25:05] INFO Val horizons | 15min_mae=1.321920 15min_rmse=2.811648 15min_mape=2.873122 | 30min_mae=1.603198 30min_rmse=3.698139 30min_mape=3.687945 | 60min_mae=1.823894 60min_rmse=4.276427 60min_mape=4.329081
[2026-09-09 14:27:35] INFO Epoch 045 | stage=posthoc_calibrator | train_total=1.292994 | train_forecast=1.292994 | train_confidence=0.000000 | train_risk=0.000000 | train_blend=0.000000 | val_total=1.538732 | val_mae=1.534108 | val_rmse=3.565880 | val_mape=3.518157 | val_confidence=0.000000 | val_risk=0.000000 | val_blend=0.000000 | batches=1131/154 | seconds=149.40 | lr=[0.0008145062499999999] | cuda_peak_mb=2207.7
[2026-09-09 14:27:35] INFO Val horizons | 15min_mae=1.321513 15min_rmse=2.811587 15min_mape=2.877925 | 30min_mae=1.602583 30min_rmse=3.698364 30min_mape=3.702851 | 60min_mae=1.823263 60min_rmse=4.277419 60min_mape=4.329858
[2026-09-09 14:30:04] INFO Epoch 046 | stage=posthoc_calibrator | train_total=1.292964 | train_forecast=1.292964 | train_confidence=0.000000 | train_risk=0.000000 | train_blend=0.000000 | val_total=1.538625 | val_mae=1.534009 | val_rmse=3.568343 | val_mape=3.513384 | val_confidence=0.000000 | val_risk=0.000000 | val_blend=0.000000 | batches=1131/154 | seconds=149.40 | lr=[0.0008145062499999999] | cuda_peak_mb=2206.7
[2026-09-09 14:30:04] INFO Val horizons | 15min_mae=1.320933 15min_rmse=2.812808 15min_mape=2.873235 | 30min_mae=1.602348 30min_rmse=3.701600 30min_mape=3.693962 | 60min_mae=1.823704 60min_rmse=4.280451 60min_mape=4.331297
[2026-09-09 14:32:34] INFO Epoch 047 | stage=posthoc_calibrator | train_total=1.293055 | train_forecast=1.293055 | train_confidence=0.000000 | train_risk=0.000000 | train_blend=0.000000 | val_total=1.540328 | val_mae=1.535672 | val_rmse=3.575132 | val_mape=3.502948 | val_confidence=0.000000 | val_risk=0.000000 | val_blend=0.000000 | batches=1131/154 | seconds=149.48 | lr=[0.0008145062499999999] | cuda_peak_mb=2206.3
[2026-09-09 14:32:34] INFO Val horizons | 15min_mae=1.321365 15min_rmse=2.814206 15min_mape=2.865442 | 30min_mae=1.604048 30min_rmse=3.710094 30min_mape=3.680506 | 60min_mae=1.825854 60min_rmse=4.286409 60min_mape=4.321375
[2026-09-09 14:35:03] INFO Epoch 048 | stage=posthoc_calibrator | train_total=1.292961 | train_forecast=1.292961 | train_confidence=0.000000 | train_risk=0.000000 | train_blend=0.000000 | val_total=1.539729 | val_mae=1.535082 | val_rmse=3.569350 | val_mape=3.507147 | val_confidence=0.000000 | val_risk=0.000000 | val_blend=0.000000 | batches=1131/154 | seconds=149.46 | lr=[0.0008145062499999999] | cuda_peak_mb=2207.7
[2026-09-09 14:35:03] INFO Val horizons | 15min_mae=1.321391 15min_rmse=2.812291 15min_mape=2.871376 | 30min_mae=1.603487 30min_rmse=3.703486 30min_mape=3.687747 | 60min_mae=1.824888 60min_rmse=4.280071 60min_mape=4.320402
[2026-09-09 14:37:33] INFO Epoch 049 | stage=posthoc_calibrator | train_total=1.292258 | train_forecast=1.292258 | train_confidence=0.000000 | train_risk=0.000000 | train_blend=0.000000 | val_total=1.539478 | val_mae=1.534815 | val_rmse=3.568682 | val_mape=3.505549 | val_confidence=0.000000 | val_risk=0.000000 | val_blend=0.000000 | batches=1131/154 | seconds=149.53 | lr=[0.0008145062499999999] | cuda_peak_mb=2206.7
[2026-09-09 14:37:33] INFO Val horizons | 15min_mae=1.321407 15min_rmse=2.811827 15min_mape=2.869862 | 30min_mae=1.603290 30min_rmse=3.703302 30min_mape=3.688541 | 60min_mae=1.824196 60min_rmse=4.277654 60min_mape=4.317843
[2026-09-09 14:40:02] INFO Epoch 050 | stage=posthoc_calibrator | train_total=1.291770 | train_forecast=1.291770 | train_confidence=0.000000 | train_risk=0.000000 | train_blend=0.000000 | val_total=1.537738 | val_mae=1.533084 | val_rmse=3.569380 | val_mape=3.498698 | val_confidence=0.000000 | val_risk=0.000000 | val_blend=0.000000 | batches=1131/154 | seconds=149.55 | lr=[0.0008145062499999999] | cuda_peak_mb=2206.3
[2026-09-09 14:40:02] INFO Val horizons | 15min_mae=1.319834 15min_rmse=2.812295 15min_mape=2.866144 | 30min_mae=1.600231 30min_rmse=3.703258 30min_mape=3.675150 | 60min_mae=1.823502 60min_rmse=4.278949 60min_mape=4.318285
[2026-09-09 14:40:02] INFO Checkpoint updated | epoch=50 | stage=posthoc_calibrator | best_val_mae=1.533084 | path=C:\Users\clw\projects\researchRep\STAnchor-BlockMemory\artifacts\cross_dataset_final\pemsbay_finetuned_router_staeformer_seed42\downstream_best.pt
[2026-09-09 14:40:02] INFO Downstream training finished | best_val_mae=1.533084 | checkpoint=C:\Users\clw\projects\researchRep\STAnchor-BlockMemory\artifacts\cross_dataset_final\pemsbay_finetuned_router_staeformer_seed42\downstream_best.pt
