[2026-09-11 03:05:43] INFO Downstream start | run=convergence/formal_20260910_baseonly_dcrnn_seed42 | device=cuda:0 (requested=cuda:0) | seed=42 | output=C:\Users\clw\projects\researchRep\STAnchor-BlockMemory\artifacts\convergence\formal_20260910_baseonly_dcrnn_seed42
[2026-09-11 03:05:43] INFO Mode | downstream_mode=base_only | training_protocol=staged_joint | candidate_protocol=weekday_radius1_overlap | candidate_ranking=learned_key
[2026-09-11 03:05:43] INFO Downstream initialization | seed=42 | state_hash=a70d41bd22070bb2
[2026-09-11 03:05:43] INFO Data | steps=34272 | nodes=207 | channels=1 | training_scope=full_train | memory/post_memory/train_selected/val/test=15876/6805/22681/2993/6025
[2026-09-11 03:05:43] INFO Bank/retrieval | disabled (base_only)
[2026-09-11 03:05:43] INFO Frozen path cache | enabled=no | candidate_ranking=learned_key | fill=first_epoch
[2026-09-11 03:05:43] INFO Parameters | downstream_total=372,621 | downstream_trainable=372,352 | backbone=372,352 | confidence_head=0 | fusion=0 | frozen_pretrained=0
[2026-09-11 03:05:43] INFO Optimization | epochs=100 | batch_size=64 | optimizer=adam | lr=0.01 | weight_decay=0 | scheduler=multi_step_lr | step_size=10 | gamma=0.100 | confidence_weight=0.000 | patience=50 | early_stopping=enabled
[2026-09-11 03:05:45] INFO Stage start | stage=standard | epochs=100 | optimizer_lrs=[0.01]
[2026-09-11 03:08:10] INFO Epoch 001 | stage=standard | train_total=2.547355 | train_forecast=2.547355 | train_confidence=0.000000 | train_risk=0.000000 | train_blend=0.000000 | val_total=3.259443 | val_mae=3.263277 | val_rmse=6.738252 | val_mape=9.521714 | val_confidence=0.000000 | val_risk=0.000000 | val_blend=0.000000 | batches=355/47 | seconds=144.93 | lr=[0.01] | cuda_peak_mb=3239.7
[2026-09-11 03:08:10] INFO Val horizons | 15min_mae=2.749150 15min_rmse=5.401421 15min_mape=7.590004 | 30min_mae=3.258537 30min_rmse=6.680438 30min_mape=9.524187 | 60min_mae=4.022022 60min_rmse=8.334689 60min_mape=12.302856
[2026-09-11 03:08:10] INFO Checkpoint updated | epoch=1 | stage=standard | best_val_mae=3.263277 | path=C:\Users\clw\projects\researchRep\STAnchor-BlockMemory\artifacts\convergence\formal_20260910_baseonly_dcrnn_seed42\downstream_best.pt
[2026-09-11 03:10:35] INFO Epoch 002 | stage=standard | train_total=2.253644 | train_forecast=2.253644 | train_confidence=0.000000 | train_risk=0.000000 | train_blend=0.000000 | val_total=3.097122 | val_mae=3.101813 | val_rmse=6.590203 | val_mape=8.558748 | val_confidence=0.000000 | val_risk=0.000000 | val_blend=0.000000 | batches=355/47 | seconds=144.98 | lr=[0.01] | cuda_peak_mb=3239.7
[2026-09-11 03:10:35] INFO Val horizons | 15min_mae=2.614073 15min_rmse=5.225464 15min_mape=6.825200 | 30min_mae=3.085133 30min_rmse=6.496190 30min_mape=8.528960 | 60min_mae=3.845260 60min_rmse=8.261875 60min_mape=11.074010
[2026-09-11 03:10:35] INFO Checkpoint updated | epoch=2 | stage=standard | best_val_mae=3.101813 | path=C:\Users\clw\projects\researchRep\STAnchor-BlockMemory\artifacts\convergence\formal_20260910_baseonly_dcrnn_seed42\downstream_best.pt
[2026-09-11 03:13:00] INFO Epoch 003 | stage=standard | train_total=2.197488 | train_forecast=2.197488 | train_confidence=0.000000 | train_risk=0.000000 | train_blend=0.000000 | val_total=3.144309 | val_mae=3.148052 | val_rmse=6.555883 | val_mape=9.698284 | val_confidence=0.000000 | val_risk=0.000000 | val_blend=0.000000 | batches=355/47 | seconds=144.86 | lr=[0.01] | cuda_peak_mb=3239.7
[2026-09-11 03:13:00] INFO Val horizons | 15min_mae=2.641235 15min_rmse=5.153245 15min_mape=7.229922 | 30min_mae=3.156970 30min_rmse=6.438954 30min_mape=9.657929 | 60min_mae=3.875909 60min_rmse=8.271042 60min_mape=13.212499
[2026-09-11 03:15:24] INFO Epoch 004 | stage=standard | train_total=2.158602 | train_forecast=2.158602 | train_confidence=0.000000 | train_risk=0.000000 | train_blend=0.000000 | val_total=2.951157 | val_mae=2.955475 | val_rmse=6.317841 | val_mape=8.216828 | val_confidence=0.000000 | val_risk=0.000000 | val_blend=0.000000 | batches=355/47 | seconds=144.89 | lr=[0.01] | cuda_peak_mb=3239.7
[2026-09-11 03:15:24] INFO Val horizons | 15min_mae=2.542035 15min_rmse=5.094019 15min_mape=6.607899 | 30min_mae=2.962924 30min_rmse=6.308968 30min_mape=8.263263 | 60min_mae=3.564519 60min_rmse=7.740480 60min_mape=10.506946
[2026-09-11 03:15:25] INFO Checkpoint updated | epoch=4 | stage=standard | best_val_mae=2.955475 | path=C:\Users\clw\projects\researchRep\STAnchor-BlockMemory\artifacts\convergence\formal_20260910_baseonly_dcrnn_seed42\downstream_best.pt
[2026-09-11 03:17:49] INFO Epoch 005 | stage=standard | train_total=2.129729 | train_forecast=2.129729 | train_confidence=0.000000 | train_risk=0.000000 | train_blend=0.000000 | val_total=3.008549 | val_mae=3.011898 | val_rmse=6.426904 | val_mape=8.326477 | val_confidence=0.000000 | val_risk=0.000000 | val_blend=0.000000 | batches=355/47 | seconds=144.95 | lr=[0.01] | cuda_peak_mb=3239.7
[2026-09-11 03:17:49] INFO Val horizons | 15min_mae=2.532656 15min_rmse=5.081428 15min_mape=6.529051 | 30min_mae=3.000099 30min_rmse=6.377316 30min_mape=8.331295 | 60min_mae=3.730861 60min_rmse=7.992680 60min_mape=10.894053
[2026-09-11 03:20:14] INFO Epoch 006 | stage=standard | train_total=2.105972 | train_forecast=2.105972 | train_confidence=0.000000 | train_risk=0.000000 | train_blend=0.000000 | val_total=2.972150 | val_mae=2.975060 | val_rmse=6.308630 | val_mape=8.985666 | val_confidence=0.000000 | val_risk=0.000000 | val_blend=0.000000 | batches=355/47 | seconds=144.88 | lr=[0.01] | cuda_peak_mb=3239.7
[2026-09-11 03:20:14] INFO Val horizons | 15min_mae=2.512975 15min_rmse=4.985688 15min_mape=6.803760 | 30min_mae=2.978274 30min_rmse=6.278729 30min_mape=8.991789 | 60min_mae=3.637398 60min_rmse=7.796251 60min_mape=12.007524
[2026-09-11 03:22:39] INFO Epoch 007 | stage=standard | train_total=2.086177 | train_forecast=2.086177 | train_confidence=0.000000 | train_risk=0.000000 | train_blend=0.000000 | val_total=2.889655 | val_mae=2.892866 | val_rmse=6.157184 | val_mape=8.102474 | val_confidence=0.000000 | val_risk=0.000000 | val_blend=0.000000 | batches=355/47 | seconds=144.94 | lr=[0.01] | cuda_peak_mb=3239.7
[2026-09-11 03:22:39] INFO Val horizons | 15min_mae=2.488825 15min_rmse=4.946012 15min_mape=6.515490 | 30min_mae=2.904083 30min_rmse=6.149030 30min_mape=8.205564 | 60min_mae=3.483694 60min_rmse=7.547508 60min_mape=10.286480
[2026-09-11 03:22:39] INFO Checkpoint updated | epoch=7 | stage=standard | best_val_mae=2.892866 | path=C:\Users\clw\projects\researchRep\STAnchor-BlockMemory\artifacts\convergence\formal_20260910_baseonly_dcrnn_seed42\downstream_best.pt
[2026-09-11 03:25:04] INFO Epoch 008 | stage=standard | train_total=2.072100 | train_forecast=2.072100 | train_confidence=0.000000 | train_risk=0.000000 | train_blend=0.000000 | val_total=2.893082 | val_mae=2.896745 | val_rmse=6.251653 | val_mape=7.720883 | val_confidence=0.000000 | val_risk=0.000000 | val_blend=0.000000 | batches=355/47 | seconds=145.04 | lr=[0.01] | cuda_peak_mb=3239.7
[2026-09-11 03:25:04] INFO Val horizons | 15min_mae=2.473567 15min_rmse=4.944900 15min_mape=6.395383 | 30min_mae=2.891878 30min_rmse=6.189957 30min_mape=7.820061 | 60min_mae=3.530389 60min_rmse=7.789836 60min_mape=9.576349
[2026-09-11 03:27:29] INFO Epoch 009 | stage=standard | train_total=2.057462 | train_forecast=2.057462 | train_confidence=0.000000 | train_risk=0.000000 | train_blend=0.000000 | val_total=2.944407 | val_mae=2.947686 | val_rmse=6.231064 | val_mape=7.634970 | val_confidence=0.000000 | val_risk=0.000000 | val_blend=0.000000 | batches=355/47 | seconds=145.04 | lr=[0.01] | cuda_peak_mb=3239.7
[2026-09-11 03:27:29] INFO Val horizons | 15min_mae=2.488495 15min_rmse=4.921691 15min_mape=6.290709 | 30min_mae=2.932190 30min_rmse=6.151323 30min_mape=7.727904 | 60min_mae=3.660576 60min_rmse=7.829134 60min_mape=9.567877
[2026-09-11 03:29:54] INFO Epoch 010 | stage=standard | train_total=2.045786 | train_forecast=2.045786 | train_confidence=0.000000 | train_risk=0.000000 | train_blend=0.000000 | val_total=2.893510 | val_mae=2.896767 | val_rmse=6.277132 | val_mape=8.123997 | val_confidence=0.000000 | val_risk=0.000000 | val_blend=0.000000 | batches=355/47 | seconds=144.92 | lr=[0.01] | cuda_peak_mb=3239.7
[2026-09-11 03:29:54] INFO Val horizons | 15min_mae=2.475151 15min_rmse=4.964099 15min_mape=6.437986 | 30min_mae=2.905980 30min_rmse=6.261859 30min_mape=8.178956 | 60min_mae=3.510652 60min_rmse=7.761868 60min_mape=10.504299
[2026-09-11 03:32:19] INFO Epoch 011 | stage=standard | train_total=2.035306 | train_forecast=2.035306 | train_confidence=0.000000 | train_risk=0.000000 | train_blend=0.000000 | val_total=2.971767 | val_mae=2.972937 | val_rmse=6.296933 | val_mape=8.520773 | val_confidence=0.000000 | val_risk=0.000000 | val_blend=0.000000 | batches=355/47 | seconds=144.98 | lr=[0.01] | cuda_peak_mb=3239.7
[2026-09-11 03:32:19] INFO Val horizons | 15min_mae=2.495594 15min_rmse=4.959106 15min_mape=6.473401 | 30min_mae=2.970135 30min_rmse=6.238003 30min_mape=8.447966 | 60min_mae=3.671534 60min_rmse=7.865636 60min_mape=11.519243
[2026-09-11 03:34:44] INFO Epoch 012 | stage=standard | train_total=2.025073 | train_forecast=2.025073 | train_confidence=0.000000 | train_risk=0.000000 | train_blend=0.000000 | val_total=2.885610 | val_mae=2.887133 | val_rmse=6.181835 | val_mape=8.551020 | val_confidence=0.000000 | val_risk=0.000000 | val_blend=0.000000 | batches=355/47 | seconds=144.96 | lr=[0.01] | cuda_peak_mb=3239.7
[2026-09-11 03:34:44] INFO Val horizons | 15min_mae=2.460344 15min_rmse=4.882009 15min_mape=6.490064 | 30min_mae=2.897349 30min_rmse=6.134875 30min_mape=8.519828 | 60min_mae=3.502151 60min_rmse=7.687461 60min_mape=11.501795
[2026-09-11 03:34:44] INFO Checkpoint updated | epoch=12 | stage=standard | best_val_mae=2.887133 | path=C:\Users\clw\projects\researchRep\STAnchor-BlockMemory\artifacts\convergence\formal_20260910_baseonly_dcrnn_seed42\downstream_best.pt
[2026-09-11 03:37:09] INFO Epoch 013 | stage=standard | train_total=2.015252 | train_forecast=2.015252 | train_confidence=0.000000 | train_risk=0.000000 | train_blend=0.000000 | val_total=2.969750 | val_mae=2.972172 | val_rmse=6.486344 | val_mape=9.335052 | val_confidence=0.000000 | val_risk=0.000000 | val_blend=0.000000 | batches=355/47 | seconds=144.95 | lr=[0.01] | cuda_peak_mb=3239.7
[2026-09-11 03:37:09] INFO Val horizons | 15min_mae=2.512173 15min_rmse=4.997819 15min_mape=6.921687 | 30min_mae=3.003598 30min_rmse=6.502812 30min_mape=9.448661 | 60min_mae=3.598157 60min_rmse=8.048051 60min_mape=12.522535
[2026-09-11 03:39:34] INFO Epoch 014 | stage=standard | train_total=2.012796 | train_forecast=2.012796 | train_confidence=0.000000 | train_risk=0.000000 | train_blend=0.000000 | val_total=2.873726 | val_mae=2.876135 | val_rmse=6.157739 | val_mape=7.601360 | val_confidence=0.000000 | val_risk=0.000000 | val_blend=0.000000 | batches=355/47 | seconds=145.01 | lr=[0.01] | cuda_peak_mb=3239.7
[2026-09-11 03:39:34] INFO Val horizons | 15min_mae=2.451948 15min_rmse=4.904154 15min_mape=6.213975 | 30min_mae=2.872378 30min_rmse=6.129731 30min_mape=7.683433 | 60min_mae=3.531631 60min_rmse=7.656904 60min_mape=9.601529
[2026-09-11 03:39:34] INFO Checkpoint updated | epoch=14 | stage=standard | best_val_mae=2.876135 | path=C:\Users\clw\projects\researchRep\STAnchor-BlockMemory\artifacts\convergence\formal_20260910_baseonly_dcrnn_seed42\downstream_best.pt
[2026-09-11 03:41:59] INFO Epoch 015 | stage=standard | train_total=2.002009 | train_forecast=2.002009 | train_confidence=0.000000 | train_risk=0.000000 | train_blend=0.000000 | val_total=2.975003 | val_mae=2.978560 | val_rmse=6.470114 | val_mape=8.080057 | val_confidence=0.000000 | val_risk=0.000000 | val_blend=0.000000 | batches=355/47 | seconds=144.91 | lr=[0.01] | cuda_peak_mb=3239.7
[2026-09-11 03:41:59] INFO Val horizons | 15min_mae=2.482049 15min_rmse=4.972993 15min_mape=6.348577 | 30min_mae=2.969652 30min_rmse=6.376898 30min_mape=8.109962 | 60min_mae=3.722154 60min_rmse=8.213082 60min_mape=10.540807
[2026-09-11 03:44:24] INFO Epoch 016 | stage=standard | train_total=1.997340 | train_forecast=1.997340 | train_confidence=0.000000 | train_risk=0.000000 | train_blend=0.000000 | val_total=3.017201 | val_mae=3.020518 | val_rmse=6.683252 | val_mape=9.487200 | val_confidence=0.000000 | val_risk=0.000000 | val_blend=0.000000 | batches=355/47 | seconds=144.92 | lr=[0.01] | cuda_peak_mb=3239.7
[2026-09-11 03:44:24] INFO Val horizons | 15min_mae=2.522973 15min_rmse=5.109662 15min_mape=6.930863 | 30min_mae=3.048581 30min_rmse=6.682670 30min_mape=9.538416 | 60min_mae=3.702975 60min_rmse=8.346610 60min_mape=12.949655
[2026-09-11 03:46:49] INFO Epoch 017 | stage=standard | train_total=1.991961 | train_forecast=1.991961 | train_confidence=0.000000 | train_risk=0.000000 | train_blend=0.000000 | val_total=2.867222 | val_mae=2.868695 | val_rmse=6.185329 | val_mape=8.119673 | val_confidence=0.000000 | val_risk=0.000000 | val_blend=0.000000 | batches=355/47 | seconds=145.02 | lr=[0.01] | cuda_peak_mb=3239.7
[2026-09-11 03:46:49] INFO Val horizons | 15min_mae=2.464242 15min_rmse=4.940006 15min_mape=6.506268 | 30min_mae=2.885845 30min_rmse=6.179337 30min_mape=8.194428 | 60min_mae=3.448678 60min_rmse=7.606601 60min_mape=10.366225
[2026-09-11 03:46:49] INFO Checkpoint updated | epoch=17 | stage=standard | best_val_mae=2.868695 | path=C:\Users\clw\projects\researchRep\STAnchor-BlockMemory\artifacts\convergence\formal_20260910_baseonly_dcrnn_seed42\downstream_best.pt
[2026-09-11 03:49:14] INFO Epoch 018 | stage=standard | train_total=1.989235 | train_forecast=1.989235 | train_confidence=0.000000 | train_risk=0.000000 | train_blend=0.000000 | val_total=2.839853 | val_mae=2.841626 | val_rmse=6.153503 | val_mape=7.984396 | val_confidence=0.000000 | val_risk=0.000000 | val_blend=0.000000 | batches=355/47 | seconds=144.96 | lr=[0.01] | cuda_peak_mb=3239.7
[2026-09-11 03:49:14] INFO Val horizons | 15min_mae=2.453442 15min_rmse=4.934084 15min_mape=6.438628 | 30min_mae=2.864304 30min_rmse=6.171611 30min_mape=8.074341 | 60min_mae=3.396879 60min_rmse=7.526389 60min_mape=10.116846
[2026-09-11 03:49:14] INFO Checkpoint updated | epoch=18 | stage=standard | best_val_mae=2.841626 | path=C:\Users\clw\projects\researchRep\STAnchor-BlockMemory\artifacts\convergence\formal_20260910_baseonly_dcrnn_seed42\downstream_best.pt
[2026-09-11 03:51:39] INFO Epoch 019 | stage=standard | train_total=1.983297 | train_forecast=1.983297 | train_confidence=0.000000 | train_risk=0.000000 | train_blend=0.000000 | val_total=2.841648 | val_mae=2.842675 | val_rmse=6.039939 | val_mape=7.953142 | val_confidence=0.000000 | val_risk=0.000000 | val_blend=0.000000 | batches=355/47 | seconds=144.89 | lr=[0.01] | cuda_peak_mb=3239.7
[2026-09-11 03:51:39] INFO Val horizons | 15min_mae=2.455185 15min_rmse=4.886834 15min_mape=6.406704 | 30min_mae=2.866532 30min_rmse=6.076684 30min_mape=8.066066 | 60min_mae=3.398802 60min_rmse=7.341827 60min_mape=10.091649
[2026-09-11 03:54:04] INFO Epoch 020 | stage=standard | train_total=1.980856 | train_forecast=1.980856 | train_confidence=0.000000 | train_risk=0.000000 | train_blend=0.000000 | val_total=2.873177 | val_mae=2.874451 | val_rmse=6.159607 | val_mape=8.160494 | val_confidence=0.000000 | val_risk=0.000000 | val_blend=0.000000 | batches=355/47 | seconds=144.99 | lr=[0.01] | cuda_peak_mb=3239.7
[2026-09-11 03:54:04] INFO Val horizons | 15min_mae=2.469141 15min_rmse=4.909229 15min_mape=6.445770 | 30min_mae=2.895231 30min_rmse=6.149748 30min_mape=8.229215 | 60min_mae=3.456957 60min_rmse=7.600081 60min_mape=10.577362
[2026-09-11 03:56:29] INFO Epoch 021 | stage=standard | train_total=1.956835 | train_forecast=1.956835 | train_confidence=0.000000 | train_risk=0.000000 | train_blend=0.000000 | val_total=2.793651 | val_mae=2.794774 | val_rmse=6.067832 | val_mape=7.774779 | val_confidence=0.000000 | val_risk=0.000000 | val_blend=0.000000 | batches=355/47 | seconds=144.95 | lr=[0.001] | cuda_peak_mb=3239.7
[2026-09-11 03:56:29] INFO Val horizons | 15min_mae=2.424012 15min_rmse=4.881966 15min_mape=6.252671 | 30min_mae=2.820290 30min_rmse=6.093988 30min_mape=7.866611 | 60min_mae=3.325294 60min_rmse=7.410253 60min_mape=9.889456
[2026-09-11 03:56:29] INFO Checkpoint updated | epoch=21 | stage=standard | best_val_mae=2.794774 | path=C:\Users\clw\projects\researchRep\STAnchor-BlockMemory\artifacts\convergence\formal_20260910_baseonly_dcrnn_seed42\downstream_best.pt
[2026-09-11 03:58:54] INFO Epoch 022 | stage=standard | train_total=1.955541 | train_forecast=1.955541 | train_confidence=0.000000 | train_risk=0.000000 | train_blend=0.000000 | val_total=2.793476 | val_mae=2.794023 | val_rmse=6.024713 | val_mape=7.855780 | val_confidence=0.000000 | val_risk=0.000000 | val_blend=0.000000 | batches=355/47 | seconds=144.94 | lr=[0.001] | cuda_peak_mb=3239.7
[2026-09-11 03:58:54] INFO Val horizons | 15min_mae=2.423145 15min_rmse=4.858941 15min_mape=6.304434 | 30min_mae=2.818399 30min_rmse=6.052302 30min_mape=7.964474 | 60min_mae=3.330993 60min_rmse=7.357463 60min_mape=9.999693
[2026-09-11 03:58:54] INFO Checkpoint updated | epoch=22 | stage=standard | best_val_mae=2.794023 | path=C:\Users\clw\projects\researchRep\STAnchor-BlockMemory\artifacts\convergence\formal_20260910_baseonly_dcrnn_seed42\downstream_best.pt
[2026-09-11 04:01:19] INFO Epoch 023 | stage=standard | train_total=1.954322 | train_forecast=1.954322 | train_confidence=0.000000 | train_risk=0.000000 | train_blend=0.000000 | val_total=2.796432 | val_mae=2.797154 | val_rmse=6.035074 | val_mape=7.710037 | val_confidence=0.000000 | val_risk=0.000000 | val_blend=0.000000 | batches=355/47 | seconds=145.00 | lr=[0.001] | cuda_peak_mb=3239.7
[2026-09-11 04:01:19] INFO Val horizons | 15min_mae=2.423965 15min_rmse=4.865708 15min_mape=6.242636 | 30min_mae=2.820061 30min_rmse=6.061999 30min_mape=7.819623 | 60min_mae=3.335903 60min_rmse=7.362108 60min_mape=9.733724
[2026-09-11 04:03:44] INFO Epoch 024 | stage=standard | train_total=1.954563 | train_forecast=1.954563 | train_confidence=0.000000 | train_risk=0.000000 | train_blend=0.000000 | val_total=2.791852 | val_mae=2.792801 | val_rmse=6.038815 | val_mape=7.934915 | val_confidence=0.000000 | val_risk=0.000000 | val_blend=0.000000 | batches=355/47 | seconds=144.94 | lr=[0.001] | cuda_peak_mb=3239.7
[2026-09-11 04:03:44] INFO Val horizons | 15min_mae=2.425674 15min_rmse=4.875608 15min_mape=6.356594 | 30min_mae=2.822388 30min_rmse=6.080437 30min_mape=8.057612 | 60min_mae=3.316616 60min_rmse=7.348034 60min_mape=10.104204
[2026-09-11 04:03:44] INFO Checkpoint updated | epoch=24 | stage=standard | best_val_mae=2.792801 | path=C:\Users\clw\projects\researchRep\STAnchor-BlockMemory\artifacts\convergence\formal_20260910_baseonly_dcrnn_seed42\downstream_best.pt
[2026-09-11 04:06:09] INFO Epoch 025 | stage=standard | train_total=1.956939 | train_forecast=1.956939 | train_confidence=0.000000 | train_risk=0.000000 | train_blend=0.000000 | val_total=2.798923 | val_mae=2.799697 | val_rmse=6.070945 | val_mape=7.888003 | val_confidence=0.000000 | val_risk=0.000000 | val_blend=0.000000 | batches=355/47 | seconds=144.86 | lr=[0.001] | cuda_peak_mb=3239.7
[2026-09-11 04:06:09] INFO Val horizons | 15min_mae=2.427374 15min_rmse=4.884681 15min_mape=6.328440 | 30min_mae=2.826792 30min_rmse=6.101357 30min_mape=7.997823 | 60min_mae=3.331104 60min_rmse=7.409354 60min_mape=10.036613
[2026-09-11 04:08:34] INFO Epoch 026 | stage=standard | train_total=1.958201 | train_forecast=1.958201 | train_confidence=0.000000 | train_risk=0.000000 | train_blend=0.000000 | val_total=2.782076 | val_mae=2.782841 | val_rmse=6.014687 | val_mape=7.679864 | val_confidence=0.000000 | val_risk=0.000000 | val_blend=0.000000 | batches=355/47 | seconds=144.94 | lr=[0.001] | cuda_peak_mb=3239.7
[2026-09-11 04:08:34] INFO Val horizons | 15min_mae=2.420452 15min_rmse=4.863860 15min_mape=6.231503 | 30min_mae=2.809951 30min_rmse=6.050667 30min_mape=7.799658 | 60min_mae=3.301882 60min_rmse=7.314604 60min_mape=9.653390
[2026-09-11 04:08:34] INFO Checkpoint updated | epoch=26 | stage=standard | best_val_mae=2.782841 | path=C:\Users\clw\projects\researchRep\STAnchor-BlockMemory\artifacts\convergence\formal_20260910_baseonly_dcrnn_seed42\downstream_best.pt
[2026-09-11 04:10:59] INFO Epoch 027 | stage=standard | train_total=1.961312 | train_forecast=1.961312 | train_confidence=0.000000 | train_risk=0.000000 | train_blend=0.000000 | val_total=2.778218 | val_mae=2.779194 | val_rmse=6.012470 | val_mape=7.723747 | val_confidence=0.000000 | val_risk=0.000000 | val_blend=0.000000 | batches=355/47 | seconds=144.90 | lr=[0.001] | cuda_peak_mb=3239.7
[2026-09-11 04:10:59] INFO Val horizons | 15min_mae=2.420170 15min_rmse=4.855956 15min_mape=6.216733 | 30min_mae=2.806822 30min_rmse=6.046769 30min_mape=7.828511 | 60min_mae=3.292541 60min_rmse=7.319739 60min_mape=9.804289
[2026-09-11 04:10:59] INFO Checkpoint updated | epoch=27 | stage=standard | best_val_mae=2.779194 | path=C:\Users\clw\projects\researchRep\STAnchor-BlockMemory\artifacts\convergence\formal_20260910_baseonly_dcrnn_seed42\downstream_best.pt
[2026-09-11 04:13:23] INFO Epoch 028 | stage=standard | train_total=1.963226 | train_forecast=1.963226 | train_confidence=0.000000 | train_risk=0.000000 | train_blend=0.000000 | val_total=2.784823 | val_mae=2.785468 | val_rmse=5.999334 | val_mape=7.719050 | val_confidence=0.000000 | val_risk=0.000000 | val_blend=0.000000 | batches=355/47 | seconds=144.93 | lr=[0.001] | cuda_peak_mb=3239.7
[2026-09-11 04:13:23] INFO Val horizons | 15min_mae=2.419604 15min_rmse=4.846723 15min_mape=6.271497 | 30min_mae=2.808302 30min_rmse=6.024374 30min_mape=7.835594 | 60min_mae=3.315740 60min_rmse=7.313613 60min_mape=9.722446
[2026-09-11 04:15:48] INFO Epoch 029 | stage=standard | train_total=1.963155 | train_forecast=1.963155 | train_confidence=0.000000 | train_risk=0.000000 | train_blend=0.000000 | val_total=2.786427 | val_mae=2.787243 | val_rmse=6.029093 | val_mape=7.590445 | val_confidence=0.000000 | val_risk=0.000000 | val_blend=0.000000 | batches=355/47 | seconds=144.97 | lr=[0.001] | cuda_peak_mb=3239.7
[2026-09-11 04:15:48] INFO Val horizons | 15min_mae=2.420327 15min_rmse=4.862774 15min_mape=6.211707 | 30min_mae=2.809048 30min_rmse=6.049134 30min_mape=7.706612 | 60min_mae=3.317047 60min_rmse=7.354719 60min_mape=9.485580
[2026-09-11 04:18:13] INFO Epoch 030 | stage=standard | train_total=1.970126 | train_forecast=1.970126 | train_confidence=0.000000 | train_risk=0.000000 | train_blend=0.000000 | val_total=2.787965 | val_mae=2.788451 | val_rmse=6.034527 | val_mape=7.816802 | val_confidence=0.000000 | val_risk=0.000000 | val_blend=0.000000 | batches=355/47 | seconds=144.93 | lr=[0.001] | cuda_peak_mb=3239.7
[2026-09-11 04:18:13] INFO Val horizons | 15min_mae=2.424347 15min_rmse=4.874929 15min_mape=6.304998 | 30min_mae=2.817798 30min_rmse=6.073783 30min_mape=7.946927 | 60min_mae=3.306655 60min_rmse=7.335365 60min_mape=9.869057
[2026-09-11 04:20:38] INFO Epoch 031 | stage=standard | train_total=1.975821 | train_forecast=1.975821 | train_confidence=0.000000 | train_risk=0.000000 | train_blend=0.000000 | val_total=2.776905 | val_mae=2.777493 | val_rmse=6.008031 | val_mape=7.751610 | val_confidence=0.000000 | val_risk=0.000000 | val_blend=0.000000 | batches=355/47 | seconds=144.88 | lr=[0.0001] | cuda_peak_mb=3239.7
[2026-09-11 04:20:38] INFO Val horizons | 15min_mae=2.417371 15min_rmse=4.850919 15min_mape=6.262758 | 30min_mae=2.804210 30min_rmse=6.039363 30min_mape=7.865354 | 60min_mae=3.293481 60min_rmse=7.314733 60min_mape=9.799707
[2026-09-11 04:20:38] INFO Checkpoint updated | epoch=31 | stage=standard | best_val_mae=2.777493 | path=C:\Users\clw\projects\researchRep\STAnchor-BlockMemory\artifacts\convergence\formal_20260910_baseonly_dcrnn_seed42\downstream_best.pt
[2026-09-11 04:23:03] INFO Epoch 032 | stage=standard | train_total=1.982415 | train_forecast=1.982415 | train_confidence=0.000000 | train_risk=0.000000 | train_blend=0.000000 | val_total=2.777565 | val_mae=2.777984 | val_rmse=5.997857 | val_mape=7.755994 | val_confidence=0.000000 | val_risk=0.000000 | val_blend=0.000000 | batches=355/47 | seconds=145.01 | lr=[0.0001] | cuda_peak_mb=3239.7
[2026-09-11 04:23:03] INFO Val horizons | 15min_mae=2.418073 15min_rmse=4.851723 15min_mape=6.276620 | 30min_mae=2.805556 30min_rmse=6.034008 30min_mape=7.877344 | 60min_mae=3.293083 60min_rmse=7.291432 60min_mape=9.783578
[2026-09-11 04:25:28] INFO Epoch 033 | stage=standard | train_total=1.985318 | train_forecast=1.985318 | train_confidence=0.000000 | train_risk=0.000000 | train_blend=0.000000 | val_total=2.777461 | val_mae=2.777976 | val_rmse=6.000170 | val_mape=7.755417 | val_confidence=0.000000 | val_risk=0.000000 | val_blend=0.000000 | batches=355/47 | seconds=144.95 | lr=[0.0001] | cuda_peak_mb=3239.7
[2026-09-11 04:25:28] INFO Val horizons | 15min_mae=2.416939 15min_rmse=4.846083 15min_mape=6.259705 | 30min_mae=2.804604 30min_rmse=6.032640 30min_mape=7.867853 | 60min_mae=3.296445 60min_rmse=7.306382 60min_mape=9.815629
[2026-09-11 04:27:53] INFO Epoch 034 | stage=standard | train_total=2.000653 | train_forecast=2.000653 | train_confidence=0.000000 | train_risk=0.000000 | train_blend=0.000000 | val_total=2.773106 | val_mae=2.773619 | val_rmse=5.991320 | val_mape=7.712047 | val_confidence=0.000000 | val_risk=0.000000 | val_blend=0.000000 | batches=355/47 | seconds=145.16 | lr=[0.0001] | cuda_peak_mb=3239.7
[2026-09-11 04:27:53] INFO Val horizons | 15min_mae=2.416905 15min_rmse=4.848089 15min_mape=6.259924 | 30min_mae=2.800883 30min_rmse=6.025742 30min_mape=7.834472 | 60min_mae=3.284950 60min_rmse=7.283410 60min_mape=9.699263
[2026-09-11 04:27:53] INFO Checkpoint updated | epoch=34 | stage=standard | best_val_mae=2.773619 | path=C:\Users\clw\projects\researchRep\STAnchor-BlockMemory\artifacts\convergence\formal_20260910_baseonly_dcrnn_seed42\downstream_best.pt
[2026-09-11 04:30:19] INFO Epoch 035 | stage=standard | train_total=2.005312 | train_forecast=2.005312 | train_confidence=0.000000 | train_risk=0.000000 | train_blend=0.000000 | val_total=2.771441 | val_mae=2.771987 | val_rmse=5.989700 | val_mape=7.720737 | val_confidence=0.000000 | val_risk=0.000000 | val_blend=0.000000 | batches=355/47 | seconds=145.09 | lr=[0.0001] | cuda_peak_mb=3239.7
[2026-09-11 04:30:19] INFO Val horizons | 15min_mae=2.416077 15min_rmse=4.848058 15min_mape=6.253463 | 30min_mae=2.799863 30min_rmse=6.025752 30min_mape=7.836584 | 60min_mae=3.281751 60min_rmse=7.281130 60min_mape=9.741395
[2026-09-11 04:30:19] INFO Checkpoint updated | epoch=35 | stage=standard | best_val_mae=2.771987 | path=C:\Users\clw\projects\researchRep\STAnchor-BlockMemory\artifacts\convergence\formal_20260910_baseonly_dcrnn_seed42\downstream_best.pt
[2026-09-11 04:32:43] INFO Epoch 036 | stage=standard | train_total=2.017009 | train_forecast=2.017009 | train_confidence=0.000000 | train_risk=0.000000 | train_blend=0.000000 | val_total=2.772348 | val_mae=2.772993 | val_rmse=5.984764 | val_mape=7.613119 | val_confidence=0.000000 | val_risk=0.000000 | val_blend=0.000000 | batches=355/47 | seconds=144.97 | lr=[0.0001] | cuda_peak_mb=3239.7
[2026-09-11 04:32:43] INFO Val horizons | 15min_mae=2.414914 15min_rmse=4.844257 15min_mape=6.216840 | 30min_mae=2.797645 30min_rmse=6.013822 30min_mape=7.729270 | 60min_mae=3.290294 60min_rmse=7.285459 60min_mape=9.537752
[2026-09-11 04:35:08] INFO Epoch 037 | stage=standard | train_total=2.027934 | train_forecast=2.027934 | train_confidence=0.000000 | train_risk=0.000000 | train_blend=0.000000 | val_total=2.769814 | val_mae=2.770304 | val_rmse=5.978079 | val_mape=7.737534 | val_confidence=0.000000 | val_risk=0.000000 | val_blend=0.000000 | batches=355/47 | seconds=144.98 | lr=[0.0001] | cuda_peak_mb=3239.7
[2026-09-11 04:35:08] INFO Val horizons | 15min_mae=2.415000 15min_rmse=4.841201 15min_mape=6.255802 | 30min_mae=2.798088 30min_rmse=6.013333 30min_mape=7.849795 | 60min_mae=3.277638 60min_rmse=7.260764 60min_mape=9.770934
[2026-09-11 04:35:08] INFO Checkpoint updated | epoch=37 | stage=standard | best_val_mae=2.770304 | path=C:\Users\clw\projects\researchRep\STAnchor-BlockMemory\artifacts\convergence\formal_20260910_baseonly_dcrnn_seed42\downstream_best.pt
[2026-09-11 04:37:33] INFO Epoch 038 | stage=standard | train_total=2.043949 | train_forecast=2.043949 | train_confidence=0.000000 | train_risk=0.000000 | train_blend=0.000000 | val_total=2.767257 | val_mae=2.767802 | val_rmse=5.971663 | val_mape=7.688714 | val_confidence=0.000000 | val_risk=0.000000 | val_blend=0.000000 | batches=355/47 | seconds=145.01 | lr=[0.0001] | cuda_peak_mb=3239.7
[2026-09-11 04:37:33] INFO Val horizons | 15min_mae=2.415417 15min_rmse=4.842134 15min_mape=6.263521 | 30min_mae=2.795422 30min_rmse=6.008270 30min_mape=7.811683 | 60min_mae=3.273617 60min_rmse=7.254741 60min_mape=9.648778
[2026-09-11 04:37:34] INFO Checkpoint updated | epoch=38 | stage=standard | best_val_mae=2.767802 | path=C:\Users\clw\projects\researchRep\STAnchor-BlockMemory\artifacts\convergence\formal_20260910_baseonly_dcrnn_seed42\downstream_best.pt
[2026-09-11 04:39:58] INFO Epoch 039 | stage=standard | train_total=2.063970 | train_forecast=2.063970 | train_confidence=0.000000 | train_risk=0.000000 | train_blend=0.000000 | val_total=2.766476 | val_mae=2.766920 | val_rmse=5.964733 | val_mape=7.731216 | val_confidence=0.000000 | val_risk=0.000000 | val_blend=0.000000 | batches=355/47 | seconds=144.98 | lr=[0.0001] | cuda_peak_mb=3239.7
[2026-09-11 04:39:58] INFO Val horizons | 15min_mae=2.414371 15min_rmse=4.833695 15min_mape=6.254219 | 30min_mae=2.794501 30min_rmse=5.998960 30min_mape=7.838845 | 60min_mae=3.272459 60min_rmse=7.249671 60min_mape=9.779008
[2026-09-11 04:39:59] INFO Checkpoint updated | epoch=39 | stage=standard | best_val_mae=2.766920 | path=C:\Users\clw\projects\researchRep\STAnchor-BlockMemory\artifacts\convergence\formal_20260910_baseonly_dcrnn_seed42\downstream_best.pt
[2026-09-11 04:42:23] INFO Epoch 040 | stage=standard | train_total=2.079062 | train_forecast=2.079062 | train_confidence=0.000000 | train_risk=0.000000 | train_blend=0.000000 | val_total=2.764330 | val_mae=2.764762 | val_rmse=5.954098 | val_mape=7.746151 | val_confidence=0.000000 | val_risk=0.000000 | val_blend=0.000000 | batches=355/47 | seconds=144.86 | lr=[0.0001] | cuda_peak_mb=3239.7
[2026-09-11 04:42:23] INFO Val horizons | 15min_mae=2.413581 15min_rmse=4.826407 15min_mape=6.248097 | 30min_mae=2.793100 30min_rmse=5.989360 30min_mape=7.854008 | 60min_mae=3.265797 60min_rmse=7.229723 60min_mape=9.808716
[2026-09-11 04:42:23] INFO Checkpoint updated | epoch=40 | stage=standard | best_val_mae=2.764762 | path=C:\Users\clw\projects\researchRep\STAnchor-BlockMemory\artifacts\convergence\formal_20260910_baseonly_dcrnn_seed42\downstream_best.pt
[2026-09-11 04:44:48] INFO Epoch 041 | stage=standard | train_total=2.098023 | train_forecast=2.098023 | train_confidence=0.000000 | train_risk=0.000000 | train_blend=0.000000 | val_total=2.760330 | val_mae=2.760772 | val_rmse=5.943762 | val_mape=7.711395 | val_confidence=0.000000 | val_risk=0.000000 | val_blend=0.000000 | batches=355/47 | seconds=145.00 | lr=[1e-05] | cuda_peak_mb=3239.7
[2026-09-11 04:44:48] INFO Val horizons | 15min_mae=2.412397 15min_rmse=4.825465 15min_mape=6.251896 | 30min_mae=2.789089 30min_rmse=5.980724 30min_mape=7.827235 | 60min_mae=3.260024 60min_rmse=7.213403 60min_mape=9.721179
[2026-09-11 04:44:48] INFO Checkpoint updated | epoch=41 | stage=standard | best_val_mae=2.760772 | path=C:\Users\clw\projects\researchRep\STAnchor-BlockMemory\artifacts\convergence\formal_20260910_baseonly_dcrnn_seed42\downstream_best.pt
[2026-09-11 04:47:13] INFO Epoch 042 | stage=standard | train_total=2.122622 | train_forecast=2.122622 | train_confidence=0.000000 | train_risk=0.000000 | train_blend=0.000000 | val_total=2.755797 | val_mae=2.756273 | val_rmse=5.935218 | val_mape=7.693345 | val_confidence=0.000000 | val_risk=0.000000 | val_blend=0.000000 | batches=355/47 | seconds=144.94 | lr=[1e-05] | cuda_peak_mb=3239.7
[2026-09-11 04:47:13] INFO Val horizons | 15min_mae=2.411733 15min_rmse=4.824389 15min_mape=6.245732 | 30min_mae=2.786025 30min_rmse=5.976078 30min_mape=7.810900 | 60min_mae=3.248021 60min_rmse=7.192526 60min_mape=9.685202
[2026-09-11 04:47:13] INFO Checkpoint updated | epoch=42 | stage=standard | best_val_mae=2.756273 | path=C:\Users\clw\projects\researchRep\STAnchor-BlockMemory\artifacts\convergence\formal_20260910_baseonly_dcrnn_seed42\downstream_best.pt
[2026-09-11 04:49:39] INFO Epoch 043 | stage=standard | train_total=2.146634 | train_forecast=2.146634 | train_confidence=0.000000 | train_risk=0.000000 | train_blend=0.000000 | val_total=2.756465 | val_mae=2.756944 | val_rmse=5.936954 | val_mape=7.695318 | val_confidence=0.000000 | val_risk=0.000000 | val_blend=0.000000 | batches=355/47 | seconds=145.19 | lr=[1e-05] | cuda_peak_mb=3239.7
[2026-09-11 04:49:39] INFO Val horizons | 15min_mae=2.411970 15min_rmse=4.825286 15min_mape=6.246217 | 30min_mae=2.786366 30min_rmse=5.976238 30min_mape=7.810870 | 60min_mae=3.249448 60min_rmse=7.196802 60min_mape=9.692410
[2026-09-11 04:52:04] INFO Epoch 044 | stage=standard | train_total=2.175831 | train_forecast=2.175831 | train_confidence=0.000000 | train_risk=0.000000 | train_blend=0.000000 | val_total=2.753045 | val_mae=2.753584 | val_rmse=5.924378 | val_mape=7.667779 | val_confidence=0.000000 | val_risk=0.000000 | val_blend=0.000000 | batches=355/47 | seconds=145.38 | lr=[1e-05] | cuda_peak_mb=3239.7
[2026-09-11 04:52:04] INFO Val horizons | 15min_mae=2.411034 15min_rmse=4.818820 15min_mape=6.234856 | 30min_mae=2.782578 30min_rmse=5.961846 30min_mape=7.777983 | 60min_mae=3.243468 60min_rmse=7.180142 60min_mape=9.651151
[2026-09-11 04:52:04] INFO Checkpoint updated | epoch=44 | stage=standard | best_val_mae=2.753584 | path=C:\Users\clw\projects\researchRep\STAnchor-BlockMemory\artifacts\convergence\formal_20260910_baseonly_dcrnn_seed42\downstream_best.pt
[2026-09-11 04:54:29] INFO Epoch 045 | stage=standard | train_total=2.219611 | train_forecast=2.219611 | train_confidence=0.000000 | train_risk=0.000000 | train_blend=0.000000 | val_total=2.750523 | val_mae=2.751031 | val_rmse=5.905529 | val_mape=7.649020 | val_confidence=0.000000 | val_risk=0.000000 | val_blend=0.000000 | batches=355/47 | seconds=144.86 | lr=[1e-05] | cuda_peak_mb=3239.7
[2026-09-11 04:54:29] INFO Val horizons | 15min_mae=2.410555 15min_rmse=4.812231 15min_mape=6.229530 | 30min_mae=2.780045 30min_rmse=5.944058 30min_mape=7.762657 | 60min_mae=3.237945 60min_rmse=7.150136 60min_mape=9.610897
[2026-09-11 04:54:29] INFO Checkpoint updated | epoch=45 | stage=standard | best_val_mae=2.751031 | path=C:\Users\clw\projects\researchRep\STAnchor-BlockMemory\artifacts\convergence\formal_20260910_baseonly_dcrnn_seed42\downstream_best.pt
[2026-09-11 04:56:54] INFO Epoch 046 | stage=standard | train_total=2.233466 | train_forecast=2.233466 | train_confidence=0.000000 | train_risk=0.000000 | train_blend=0.000000 | val_total=2.752646 | val_mae=2.753127 | val_rmse=5.921781 | val_mape=7.718992 | val_confidence=0.000000 | val_risk=0.000000 | val_blend=0.000000 | batches=355/47 | seconds=144.89 | lr=[1e-05] | cuda_peak_mb=3239.7
[2026-09-11 04:56:54] INFO Val horizons | 15min_mae=2.411089 15min_rmse=4.816148 15min_mape=6.250042 | 30min_mae=2.782274 30min_rmse=5.959202 30min_mape=7.826058 | 60min_mae=3.241953 60min_rmse=7.178872 60min_mape=9.755940
[2026-09-11 04:59:19] INFO Epoch 047 | stage=standard | train_total=2.266833 | train_forecast=2.266833 | train_confidence=0.000000 | train_risk=0.000000 | train_blend=0.000000 | val_total=2.749373 | val_mae=2.749827 | val_rmse=5.904310 | val_mape=7.677353 | val_confidence=0.000000 | val_risk=0.000000 | val_blend=0.000000 | batches=355/47 | seconds=144.95 | lr=[1e-05] | cuda_peak_mb=3239.7
[2026-09-11 04:59:19] INFO Val horizons | 15min_mae=2.410606 15min_rmse=4.810699 15min_mape=6.244936 | 30min_mae=2.779467 30min_rmse=5.944102 30min_mape=7.790157 | 60min_mae=3.233837 60min_rmse=7.146935 60min_mape=9.659528
[2026-09-11 04:59:19] INFO Checkpoint updated | epoch=47 | stage=standard | best_val_mae=2.749827 | path=C:\Users\clw\projects\researchRep\STAnchor-BlockMemory\artifacts\convergence\formal_20260910_baseonly_dcrnn_seed42\downstream_best.pt
[2026-09-11 05:01:44] INFO Epoch 048 | stage=standard | train_total=2.289479 | train_forecast=2.289479 | train_confidence=0.000000 | train_risk=0.000000 | train_blend=0.000000 | val_total=2.747714 | val_mae=2.748244 | val_rmse=5.901181 | val_mape=7.637993 | val_confidence=0.000000 | val_risk=0.000000 | val_blend=0.000000 | batches=355/47 | seconds=144.94 | lr=[1e-05] | cuda_peak_mb=3239.7
[2026-09-11 05:01:44] INFO Val horizons | 15min_mae=2.410225 15min_rmse=4.810653 15min_mape=6.226422 | 30min_mae=2.778112 30min_rmse=5.942023 30min_mape=7.751933 | 60min_mae=3.229961 60min_rmse=7.139849 60min_mape=9.588852
[2026-09-11 05:01:44] INFO Checkpoint updated | epoch=48 | stage=standard | best_val_mae=2.748244 | path=C:\Users\clw\projects\researchRep\STAnchor-BlockMemory\artifacts\convergence\formal_20260910_baseonly_dcrnn_seed42\downstream_best.pt
[2026-09-11 05:04:09] INFO Epoch 049 | stage=standard | train_total=2.331888 | train_forecast=2.331888 | train_confidence=0.000000 | train_risk=0.000000 | train_blend=0.000000 | val_total=2.748093 | val_mae=2.748601 | val_rmse=5.898345 | val_mape=7.666251 | val_confidence=0.000000 | val_risk=0.000000 | val_blend=0.000000 | batches=355/47 | seconds=144.98 | lr=[1e-05] | cuda_peak_mb=3239.7
[2026-09-11 05:04:09] INFO Val horizons | 15min_mae=2.411017 15min_rmse=4.810110 15min_mape=6.248629 | 30min_mae=2.778407 30min_rmse=5.938562 30min_mape=7.783046 | 60min_mae=3.229788 60min_rmse=7.135040 60min_mape=9.624437
[2026-09-11 05:06:34] INFO Epoch 050 | stage=standard | train_total=2.375759 | train_forecast=2.375759 | train_confidence=0.000000 | train_risk=0.000000 | train_blend=0.000000 | val_total=2.745081 | val_mae=2.745626 | val_rmse=5.893413 | val_mape=7.663825 | val_confidence=0.000000 | val_risk=0.000000 | val_blend=0.000000 | batches=355/47 | seconds=144.96 | lr=[1e-05] | cuda_peak_mb=3239.7
[2026-09-11 05:06:34] INFO Val horizons | 15min_mae=2.410937 15min_rmse=4.807880 15min_mape=6.245944 | 30min_mae=2.776791 30min_rmse=5.936512 30min_mape=7.781756 | 60min_mae=3.220651 60min_rmse=7.123426 60min_mape=9.619648
[2026-09-11 05:06:34] INFO Checkpoint updated | epoch=50 | stage=standard | best_val_mae=2.745626 | path=C:\Users\clw\projects\researchRep\STAnchor-BlockMemory\artifacts\convergence\formal_20260910_baseonly_dcrnn_seed42\downstream_best.pt
[2026-09-11 05:08:58] INFO Epoch 051 | stage=standard | train_total=2.405353 | train_forecast=2.405353 | train_confidence=0.000000 | train_risk=0.000000 | train_blend=0.000000 | val_total=2.745088 | val_mae=2.745627 | val_rmse=5.891811 | val_mape=7.676817 | val_confidence=0.000000 | val_risk=0.000000 | val_blend=0.000000 | batches=355/47 | seconds=144.89 | lr=[1.0000000000000002e-06] | cuda_peak_mb=3239.7
[2026-09-11 05:08:58] INFO Val horizons | 15min_mae=2.410834 15min_rmse=4.806977 15min_mape=6.249475 | 30min_mae=2.776522 30min_rmse=5.933913 30min_mape=7.792201 | 60min_mae=3.221242 60min_rmse=7.122755 60min_mape=9.649938
[2026-09-11 05:11:23] INFO Epoch 052 | stage=standard | train_total=2.429106 | train_forecast=2.429106 | train_confidence=0.000000 | train_risk=0.000000 | train_blend=0.000000 | val_total=2.744346 | val_mae=2.744880 | val_rmse=5.888859 | val_mape=7.656681 | val_confidence=0.000000 | val_risk=0.000000 | val_blend=0.000000 | batches=355/47 | seconds=144.86 | lr=[1.0000000000000002e-06] | cuda_peak_mb=3239.7
[2026-09-11 05:11:23] INFO Val horizons | 15min_mae=2.410568 15min_rmse=4.806566 15min_mape=6.241878 | 30min_mae=2.775635 30min_rmse=5.931131 30min_mape=7.772880 | 60min_mae=3.220080 60min_rmse=7.117616 60min_mape=9.611653
[2026-09-11 05:11:23] INFO Checkpoint updated | epoch=52 | stage=standard | best_val_mae=2.744880 | path=C:\Users\clw\projects\researchRep\STAnchor-BlockMemory\artifacts\convergence\formal_20260910_baseonly_dcrnn_seed42\downstream_best.pt
[2026-09-11 05:13:48] INFO Epoch 053 | stage=standard | train_total=2.476865 | train_forecast=2.476865 | train_confidence=0.000000 | train_risk=0.000000 | train_blend=0.000000 | val_total=2.744095 | val_mae=2.744620 | val_rmse=5.885388 | val_mape=7.654974 | val_confidence=0.000000 | val_risk=0.000000 | val_blend=0.000000 | batches=355/47 | seconds=144.95 | lr=[1.0000000000000002e-06] | cuda_peak_mb=3239.7
[2026-09-11 05:13:48] INFO Val horizons | 15min_mae=2.410577 15min_rmse=4.805524 15min_mape=6.241876 | 30min_mae=2.775440 30min_rmse=5.928169 30min_mape=7.772117 | 60min_mae=3.219267 60min_rmse=7.111360 60min_mape=9.606694
[2026-09-11 05:13:48] INFO Checkpoint updated | epoch=53 | stage=standard | best_val_mae=2.744620 | path=C:\Users\clw\projects\researchRep\STAnchor-BlockMemory\artifacts\convergence\formal_20260910_baseonly_dcrnn_seed42\downstream_best.pt
[2026-09-11 05:16:13] INFO Epoch 054 | stage=standard | train_total=2.494483 | train_forecast=2.494483 | train_confidence=0.000000 | train_risk=0.000000 | train_blend=0.000000 | val_total=2.743753 | val_mae=2.744273 | val_rmse=5.882724 | val_mape=7.664682 | val_confidence=0.000000 | val_risk=0.000000 | val_blend=0.000000 | batches=355/47 | seconds=144.93 | lr=[1.0000000000000002e-06] | cuda_peak_mb=3239.7
[2026-09-11 05:16:13] INFO Val horizons | 15min_mae=2.410636 15min_rmse=4.804521 15min_mape=6.246839 | 30min_mae=2.775326 30min_rmse=5.926035 30min_mape=7.782446 | 60min_mae=3.218256 60min_rmse=7.106944 60min_mape=9.623510
[2026-09-11 05:16:13] INFO Checkpoint updated | epoch=54 | stage=standard | best_val_mae=2.744273 | path=C:\Users\clw\projects\researchRep\STAnchor-BlockMemory\artifacts\convergence\formal_20260910_baseonly_dcrnn_seed42\downstream_best.pt
[2026-09-11 05:18:38] INFO Epoch 055 | stage=standard | train_total=2.513500 | train_forecast=2.513500 | train_confidence=0.000000 | train_risk=0.000000 | train_blend=0.000000 | val_total=2.742958 | val_mae=2.743490 | val_rmse=5.880162 | val_mape=7.647588 | val_confidence=0.000000 | val_risk=0.000000 | val_blend=0.000000 | batches=355/47 | seconds=144.92 | lr=[1.0000000000000002e-06] | cuda_peak_mb=3239.7
[2026-09-11 05:18:38] INFO Val horizons | 15min_mae=2.410391 15min_rmse=4.804009 15min_mape=6.239614 | 30min_mae=2.774466 30min_rmse=5.923656 30min_mape=7.765701 | 60min_mae=3.216935 60min_rmse=7.102720 60min_mape=9.593084
[2026-09-11 05:18:38] INFO Checkpoint updated | epoch=55 | stage=standard | best_val_mae=2.743490 | path=C:\Users\clw\projects\researchRep\STAnchor-BlockMemory\artifacts\convergence\formal_20260910_baseonly_dcrnn_seed42\downstream_best.pt
[2026-09-11 05:21:03] INFO Epoch 056 | stage=standard | train_total=2.544785 | train_forecast=2.544785 | train_confidence=0.000000 | train_risk=0.000000 | train_blend=0.000000 | val_total=2.743229 | val_mae=2.743755 | val_rmse=5.880318 | val_mape=7.664572 | val_confidence=0.000000 | val_risk=0.000000 | val_blend=0.000000 | batches=355/47 | seconds=144.85 | lr=[1.0000000000000002e-06] | cuda_peak_mb=3239.7
[2026-09-11 05:21:03] INFO Val horizons | 15min_mae=2.410713 15min_rmse=4.804426 15min_mape=6.247400 | 30min_mae=2.775040 30min_rmse=5.924365 30min_mape=7.783187 | 60min_mae=3.216716 60min_rmse=7.101693 60min_mape=9.622531
[2026-09-11 05:23:28] INFO Epoch 057 | stage=standard | train_total=2.558540 | train_forecast=2.558540 | train_confidence=0.000000 | train_risk=0.000000 | train_blend=0.000000 | val_total=2.742316 | val_mae=2.742843 | val_rmse=5.875892 | val_mape=7.642025 | val_confidence=0.000000 | val_risk=0.000000 | val_blend=0.000000 | batches=355/47 | seconds=144.90 | lr=[1.0000000000000002e-06] | cuda_peak_mb=3239.7
[2026-09-11 05:23:28] INFO Val horizons | 15min_mae=2.410459 15min_rmse=4.803419 15min_mape=6.239058 | 30min_mae=2.774198 30min_rmse=5.920955 30min_mape=7.762044 | 60min_mae=3.214965 60min_rmse=7.093878 60min_mape=9.579368
[2026-09-11 05:23:28] INFO Checkpoint updated | epoch=57 | stage=standard | best_val_mae=2.742843 | path=C:\Users\clw\projects\researchRep\STAnchor-BlockMemory\artifacts\convergence\formal_20260910_baseonly_dcrnn_seed42\downstream_best.pt
[2026-09-11 05:25:53] INFO Epoch 058 | stage=standard | train_total=2.597661 | train_forecast=2.597661 | train_confidence=0.000000 | train_risk=0.000000 | train_blend=0.000000 | val_total=2.742575 | val_mae=2.743110 | val_rmse=5.876252 | val_mape=7.659395 | val_confidence=0.000000 | val_risk=0.000000 | val_blend=0.000000 | batches=355/47 | seconds=144.97 | lr=[1.0000000000000002e-06] | cuda_peak_mb=3239.7
[2026-09-11 05:25:53] INFO Val horizons | 15min_mae=2.410706 15min_rmse=4.803555 15min_mape=6.246080 | 30min_mae=2.774663 30min_rmse=5.921384 30min_mape=7.779434 | 60min_mae=3.214954 60min_rmse=7.094059 60min_mape=9.611298
[2026-09-11 05:28:18] INFO Epoch 059 | stage=standard | train_total=2.598803 | train_forecast=2.598803 | train_confidence=0.000000 | train_risk=0.000000 | train_blend=0.000000 | val_total=2.742409 | val_mae=2.742968 | val_rmse=5.876910 | val_mape=7.667536 | val_confidence=0.000000 | val_risk=0.000000 | val_blend=0.000000 | batches=355/47 | seconds=145.02 | lr=[1.0000000000000002e-06] | cuda_peak_mb=3239.7
[2026-09-11 05:28:18] INFO Val horizons | 15min_mae=2.410831 15min_rmse=4.804241 15min_mape=6.249311 | 30min_mae=2.774632 30min_rmse=5.922173 30min_mape=7.786905 | 60min_mae=3.214384 60min_rmse=7.094731 60min_mape=9.627775
[2026-09-11 05:30:43] INFO Epoch 060 | stage=standard | train_total=2.632098 | train_forecast=2.632098 | train_confidence=0.000000 | train_risk=0.000000 | train_blend=0.000000 | val_total=2.741913 | val_mae=2.742455 | val_rmse=5.872143 | val_mape=7.656188 | val_confidence=0.000000 | val_risk=0.000000 | val_blend=0.000000 | batches=355/47 | seconds=144.96 | lr=[1.0000000000000002e-06] | cuda_peak_mb=3239.7
[2026-09-11 05:30:43] INFO Val horizons | 15min_mae=2.410774 15min_rmse=4.802908 15min_mape=6.246111 | 30min_mae=2.774213 30min_rmse=5.918450 30min_mape=7.777486 | 60min_mae=3.213204 60min_rmse=7.086167 60min_mape=9.602976
[2026-09-11 05:30:43] INFO Checkpoint updated | epoch=60 | stage=standard | best_val_mae=2.742455 | path=C:\Users\clw\projects\researchRep\STAnchor-BlockMemory\artifacts\convergence\formal_20260910_baseonly_dcrnn_seed42\downstream_best.pt
[2026-09-11 05:33:08] INFO Epoch 061 | stage=standard | train_total=2.637250 | train_forecast=2.637250 | train_confidence=0.000000 | train_risk=0.000000 | train_blend=0.000000 | val_total=2.741904 | val_mae=2.742470 | val_rmse=5.873769 | val_mape=7.667256 | val_confidence=0.000000 | val_risk=0.000000 | val_blend=0.000000 | batches=355/47 | seconds=144.94 | lr=[1.0000000000000002e-06] | cuda_peak_mb=3239.7
[2026-09-11 05:33:08] INFO Val horizons | 15min_mae=2.410978 15min_rmse=4.803757 15min_mape=6.250341 | 30min_mae=2.774457 30min_rmse=5.920145 30min_mape=7.787774 | 60min_mae=3.212530 60min_rmse=7.087880 60min_mape=9.624514
[2026-09-11 05:35:33] INFO Epoch 062 | stage=standard | train_total=2.636126 | train_forecast=2.636126 | train_confidence=0.000000 | train_risk=0.000000 | train_blend=0.000000 | val_total=2.740586 | val_mae=2.741167 | val_rmse=5.871273 | val_mape=7.645536 | val_confidence=0.000000 | val_risk=0.000000 | val_blend=0.000000 | batches=355/47 | seconds=144.98 | lr=[1.0000000000000002e-06] | cuda_peak_mb=3239.7
[2026-09-11 05:35:33] INFO Val horizons | 15min_mae=2.410687 15min_rmse=4.804152 15min_mape=6.242823 | 30min_mae=2.773316 30min_rmse=5.918980 30min_mape=7.767656 | 60min_mae=3.209759 60min_rmse=7.081796 60min_mape=9.581532
[2026-09-11 05:35:33] INFO Checkpoint updated | epoch=62 | stage=standard | best_val_mae=2.741167 | path=C:\Users\clw\projects\researchRep\STAnchor-BlockMemory\artifacts\convergence\formal_20260910_baseonly_dcrnn_seed42\downstream_best.pt
[2026-09-11 05:37:58] INFO Epoch 063 | stage=standard | train_total=2.655686 | train_forecast=2.655686 | train_confidence=0.000000 | train_risk=0.000000 | train_blend=0.000000 | val_total=2.741390 | val_mae=2.741932 | val_rmse=5.869765 | val_mape=7.653418 | val_confidence=0.000000 | val_risk=0.000000 | val_blend=0.000000 | batches=355/47 | seconds=144.91 | lr=[1.0000000000000002e-06] | cuda_peak_mb=3239.7
[2026-09-11 05:37:58] INFO Val horizons | 15min_mae=2.410953 15min_rmse=4.803172 15min_mape=6.246645 | 30min_mae=2.773998 30min_rmse=5.917501 30min_mape=7.776177 | 60min_mae=3.211377 60min_rmse=7.080468 60min_mape=9.594866
[2026-09-11 05:40:23] INFO Epoch 064 | stage=standard | train_total=2.663078 | train_forecast=2.663078 | train_confidence=0.000000 | train_risk=0.000000 | train_blend=0.000000 | val_total=2.741625 | val_mae=2.742174 | val_rmse=5.870114 | val_mape=7.664571 | val_confidence=0.000000 | val_risk=0.000000 | val_blend=0.000000 | batches=355/47 | seconds=144.93 | lr=[1.0000000000000002e-06] | cuda_peak_mb=3239.7
[2026-09-11 05:40:23] INFO Val horizons | 15min_mae=2.411228 15min_rmse=4.803593 15min_mape=6.251831 | 30min_mae=2.774404 30min_rmse=5.918090 30min_mape=7.787746 | 60min_mae=3.211440 60min_rmse=7.080499 60min_mape=9.613850
[2026-09-11 05:42:48] INFO Epoch 065 | stage=standard | train_total=2.685464 | train_forecast=2.685464 | train_confidence=0.000000 | train_risk=0.000000 | train_blend=0.000000 | val_total=2.740968 | val_mae=2.741544 | val_rmse=5.868897 | val_mape=7.658474 | val_confidence=0.000000 | val_risk=0.000000 | val_blend=0.000000 | batches=355/47 | seconds=144.94 | lr=[1.0000000000000002e-06] | cuda_peak_mb=3239.7
[2026-09-11 05:42:48] INFO Val horizons | 15min_mae=2.411217 15min_rmse=4.803945 15min_mape=6.250376 | 30min_mae=2.773945 30min_rmse=5.917588 30min_mape=7.782498 | 60min_mae=3.209766 60min_rmse=7.077401 60min_mape=9.600653
[2026-09-11 05:45:12] INFO Epoch 066 | stage=standard | train_total=2.676973 | train_forecast=2.676973 | train_confidence=0.000000 | train_risk=0.000000 | train_blend=0.000000 | val_total=2.740310 | val_mae=2.740880 | val_rmse=5.865683 | val_mape=7.637672 | val_confidence=0.000000 | val_risk=0.000000 | val_blend=0.000000 | batches=355/47 | seconds=144.87 | lr=[1.0000000000000002e-06] | cuda_peak_mb=3239.7
[2026-09-11 05:45:12] INFO Val horizons | 15min_mae=2.410973 15min_rmse=4.803146 15min_mape=6.242377 | 30min_mae=2.773239 30min_rmse=5.915039 30min_mape=7.763018 | 60min_mae=3.208644 60min_rmse=7.071805 60min_mape=9.561107
[2026-09-11 05:45:12] INFO Checkpoint updated | epoch=66 | stage=standard | best_val_mae=2.740880 | path=C:\Users\clw\projects\researchRep\STAnchor-BlockMemory\artifacts\convergence\formal_20260910_baseonly_dcrnn_seed42\downstream_best.pt
[2026-09-11 05:47:37] INFO Epoch 067 | stage=standard | train_total=2.684969 | train_forecast=2.684969 | train_confidence=0.000000 | train_risk=0.000000 | train_blend=0.000000 | val_total=2.740244 | val_mae=2.740823 | val_rmse=5.865729 | val_mape=7.642678 | val_confidence=0.000000 | val_risk=0.000000 | val_blend=0.000000 | batches=355/47 | seconds=144.89 | lr=[1.0000000000000002e-06] | cuda_peak_mb=3239.7
[2026-09-11 05:47:37] INFO Val horizons | 15min_mae=2.411125 15min_rmse=4.803570 15min_mape=6.244309 | 30min_mae=2.773391 30min_rmse=5.915439 30min_mape=7.768062 | 60min_mae=3.207958 60min_rmse=7.070634 60min_mape=9.569732
[2026-09-11 05:47:37] INFO Checkpoint updated | epoch=67 | stage=standard | best_val_mae=2.740823 | path=C:\Users\clw\projects\researchRep\STAnchor-BlockMemory\artifacts\convergence\formal_20260910_baseonly_dcrnn_seed42\downstream_best.pt
[2026-09-11 05:50:02] INFO Epoch 068 | stage=standard | train_total=2.685605 | train_forecast=2.685605 | train_confidence=0.000000 | train_risk=0.000000 | train_blend=0.000000 | val_total=2.740498 | val_mae=2.741068 | val_rmse=5.865797 | val_mape=7.648962 | val_confidence=0.000000 | val_risk=0.000000 | val_blend=0.000000 | batches=355/47 | seconds=144.82 | lr=[1.0000000000000002e-06] | cuda_peak_mb=3239.7
[2026-09-11 05:50:02] INFO Val horizons | 15min_mae=2.411306 15min_rmse=4.803732 15min_mape=6.247424 | 30min_mae=2.773651 30min_rmse=5.915628 30min_mape=7.774471 | 60min_mae=3.208347 60min_rmse=7.070816 60min_mape=9.580567
[2026-09-11 05:52:27] INFO Epoch 069 | stage=standard | train_total=2.690387 | train_forecast=2.690387 | train_confidence=0.000000 | train_risk=0.000000 | train_blend=0.000000 | val_total=2.740343 | val_mae=2.740912 | val_rmse=5.865140 | val_mape=7.651018 | val_confidence=0.000000 | val_risk=0.000000 | val_blend=0.000000 | batches=355/47 | seconds=144.82 | lr=[1.0000000000000002e-06] | cuda_peak_mb=3239.7
[2026-09-11 05:52:27] INFO Val horizons | 15min_mae=2.411411 15min_rmse=4.803835 15min_mape=6.249130 | 30min_mae=2.773605 30min_rmse=5.915290 30min_mape=7.777003 | 60min_mae=3.207769 60min_rmse=7.069309 60min_mape=9.582818
[2026-09-11 05:54:52] INFO Epoch 070 | stage=standard | train_total=2.690334 | train_forecast=2.690334 | train_confidence=0.000000 | train_risk=0.000000 | train_blend=0.000000 | val_total=2.740207 | val_mae=2.740774 | val_rmse=5.864549 | val_mape=7.648684 | val_confidence=0.000000 | val_risk=0.000000 | val_blend=0.000000 | batches=355/47 | seconds=144.83 | lr=[1.0000000000000002e-06] | cuda_peak_mb=3239.7
[2026-09-11 05:54:52] INFO Val horizons | 15min_mae=2.411424 15min_rmse=4.803923 15min_mape=6.248285 | 30min_mae=2.773498 30min_rmse=5.915033 30min_mape=7.774901 | 60min_mae=3.207334 60min_rmse=7.067680 60min_mape=9.577958
[2026-09-11 05:54:52] INFO Checkpoint updated | epoch=70 | stage=standard | best_val_mae=2.740774 | path=C:\Users\clw\projects\researchRep\STAnchor-BlockMemory\artifacts\convergence\formal_20260910_baseonly_dcrnn_seed42\downstream_best.pt
[2026-09-11 05:57:17] INFO Epoch 071 | stage=standard | train_total=2.692345 | train_forecast=2.692345 | train_confidence=0.000000 | train_risk=0.000000 | train_blend=0.000000 | val_total=2.739777 | val_mae=2.740331 | val_rmse=5.861271 | val_mape=7.634486 | val_confidence=0.000000 | val_risk=0.000000 | val_blend=0.000000 | batches=355/47 | seconds=144.91 | lr=[1.0000000000000002e-06] | cuda_peak_mb=3239.7
[2026-09-11 05:57:17] INFO Val horizons | 15min_mae=2.411342 15min_rmse=4.803255 15min_mape=6.244011 | 30min_mae=2.773087 30min_rmse=5.912506 30min_mape=7.762485 | 60min_mae=3.206431 60min_rmse=7.061485 60min_mape=9.548350
[2026-09-11 05:57:17] INFO Checkpoint updated | epoch=71 | stage=standard | best_val_mae=2.740331 | path=C:\Users\clw\projects\researchRep\STAnchor-BlockMemory\artifacts\convergence\formal_20260910_baseonly_dcrnn_seed42\downstream_best.pt
[2026-09-11 05:59:42] INFO Epoch 072 | stage=standard | train_total=2.700517 | train_forecast=2.700517 | train_confidence=0.000000 | train_risk=0.000000 | train_blend=0.000000 | val_total=2.739929 | val_mae=2.740483 | val_rmse=5.861404 | val_mape=7.642838 | val_confidence=0.000000 | val_risk=0.000000 | val_blend=0.000000 | batches=355/47 | seconds=144.79 | lr=[1.0000000000000002e-06] | cuda_peak_mb=3239.7
[2026-09-11 05:59:42] INFO Val horizons | 15min_mae=2.411507 15min_rmse=4.803458 15min_mape=6.248028 | 30min_mae=2.773341 30min_rmse=5.912839 30min_mape=7.771260 | 60min_mae=3.206330 60min_rmse=7.061200 60min_mape=9.561718
[2026-09-11 06:02:06] INFO Epoch 073 | stage=standard | train_total=2.700854 | train_forecast=2.700854 | train_confidence=0.000000 | train_risk=0.000000 | train_blend=0.000000 | val_total=2.739007 | val_mae=2.739581 | val_rmse=5.859917 | val_mape=7.628929 | val_confidence=0.000000 | val_risk=0.000000 | val_blend=0.000000 | batches=355/47 | seconds=144.81 | lr=[1.0000000000000002e-06] | cuda_peak_mb=3239.7
[2026-09-11 06:02:06] INFO Val horizons | 15min_mae=2.411297 15min_rmse=4.803607 15min_mape=6.242817 | 30min_mae=2.772556 30min_rmse=5.911969 30min_mape=7.758053 | 60min_mae=3.204365 60min_rmse=7.057550 60min_mape=9.535026
[2026-09-11 06:02:06] INFO Checkpoint updated | epoch=73 | stage=standard | best_val_mae=2.739581 | path=C:\Users\clw\projects\researchRep\STAnchor-BlockMemory\artifacts\convergence\formal_20260910_baseonly_dcrnn_seed42\downstream_best.pt
[2026-09-11 06:04:31] INFO Epoch 074 | stage=standard | train_total=2.700861 | train_forecast=2.700861 | train_confidence=0.000000 | train_risk=0.000000 | train_blend=0.000000 | val_total=2.739042 | val_mae=2.739624 | val_rmse=5.860417 | val_mape=7.633307 | val_confidence=0.000000 | val_risk=0.000000 | val_blend=0.000000 | batches=355/47 | seconds=144.90 | lr=[1.0000000000000002e-06] | cuda_peak_mb=3239.7
[2026-09-11 06:04:31] INFO Val horizons | 15min_mae=2.411419 15min_rmse=4.803945 15min_mape=6.244877 | 30min_mae=2.772694 30min_rmse=5.912555 30min_mape=7.762446 | 60min_mae=3.204138 60min_rmse=7.058020 60min_mape=9.542333
[2026-09-11 06:06:56] INFO Epoch 075 | stage=standard | train_total=2.700737 | train_forecast=2.700737 | train_confidence=0.000000 | train_risk=0.000000 | train_blend=0.000000 | val_total=2.739832 | val_mae=2.740382 | val_rmse=5.859939 | val_mape=7.644896 | val_confidence=0.000000 | val_risk=0.000000 | val_blend=0.000000 | batches=355/47 | seconds=144.84 | lr=[1.0000000000000002e-06] | cuda_peak_mb=3239.7
[2026-09-11 06:06:56] INFO Val horizons | 15min_mae=2.411709 15min_rmse=4.803545 15min_mape=6.250287 | 30min_mae=2.773448 30min_rmse=5.912078 30min_mape=7.774804 | 60min_mae=3.205555 60min_rmse=7.057451 60min_mape=9.561361
[2026-09-11 06:09:21] INFO Epoch 076 | stage=standard | train_total=2.705866 | train_forecast=2.705866 | train_confidence=0.000000 | train_risk=0.000000 | train_blend=0.000000 | val_total=2.739221 | val_mae=2.739787 | val_rmse=5.859615 | val_mape=7.633297 | val_confidence=0.000000 | val_risk=0.000000 | val_blend=0.000000 | batches=355/47 | seconds=144.81 | lr=[1.0000000000000002e-06] | cuda_peak_mb=3239.7
[2026-09-11 06:09:21] INFO Val horizons | 15min_mae=2.411545 15min_rmse=4.803910 15min_mape=6.246170 | 30min_mae=2.772828 30min_rmse=5.911944 30min_mape=7.763715 | 60min_mae=3.204327 60min_rmse=7.056474 60min_mape=9.539025
[2026-09-11 06:11:46] INFO Epoch 077 | stage=standard | train_total=2.702121 | train_forecast=2.702121 | train_confidence=0.000000 | train_risk=0.000000 | train_blend=0.000000 | val_total=2.739027 | val_mae=2.739576 | val_rmse=5.857394 | val_mape=7.625019 | val_confidence=0.000000 | val_risk=0.000000 | val_blend=0.000000 | batches=355/47 | seconds=144.92 | lr=[1.0000000000000002e-06] | cuda_peak_mb=3239.7
[2026-09-11 06:11:46] INFO Val horizons | 15min_mae=2.411531 15min_rmse=4.803369 15min_mape=6.243324 | 30min_mae=2.772673 30min_rmse=5.910326 30min_mape=7.756443 | 60min_mae=3.203844 60min_rmse=7.052292 60min_mape=9.522062
[2026-09-11 06:11:46] INFO Checkpoint updated | epoch=77 | stage=standard | best_val_mae=2.739576 | path=C:\Users\clw\projects\researchRep\STAnchor-BlockMemory\artifacts\convergence\formal_20260910_baseonly_dcrnn_seed42\downstream_best.pt
[2026-09-11 06:14:11] INFO Epoch 078 | stage=standard | train_total=2.704942 | train_forecast=2.704942 | train_confidence=0.000000 | train_risk=0.000000 | train_blend=0.000000 | val_total=2.739459 | val_mae=2.740000 | val_rmse=5.857423 | val_mape=7.637577 | val_confidence=0.000000 | val_risk=0.000000 | val_blend=0.000000 | batches=355/47 | seconds=144.87 | lr=[1.0000000000000002e-06] | cuda_peak_mb=3239.7
[2026-09-11 06:14:11] INFO Val horizons | 15min_mae=2.411773 15min_rmse=4.803312 15min_mape=6.248872 | 30min_mae=2.773184 30min_rmse=5.910449 30min_mape=7.769277 | 60min_mae=3.204399 60min_rmse=7.052167 60min_mape=9.543588
[2026-09-11 06:16:36] INFO Epoch 079 | stage=standard | train_total=2.705886 | train_forecast=2.705886 | train_confidence=0.000000 | train_risk=0.000000 | train_blend=0.000000 | val_total=2.739064 | val_mae=2.739618 | val_rmse=5.857597 | val_mape=7.632281 | val_confidence=0.000000 | val_risk=0.000000 | val_blend=0.000000 | batches=355/47 | seconds=144.76 | lr=[1.0000000000000002e-06] | cuda_peak_mb=3239.7
[2026-09-11 06:16:36] INFO Val horizons | 15min_mae=2.411706 15min_rmse=4.803746 15min_mape=6.246825 | 30min_mae=2.772849 30min_rmse=5.910870 30min_mape=7.764112 | 60min_mae=3.203501 60min_rmse=7.051912 60min_mape=9.533744
[2026-09-11 06:19:00] INFO Epoch 080 | stage=standard | train_total=2.703925 | train_forecast=2.703925 | train_confidence=0.000000 | train_risk=0.000000 | train_blend=0.000000 | val_total=2.738935 | val_mae=2.739492 | val_rmse=5.857554 | val_mape=7.632434 | val_confidence=0.000000 | val_risk=0.000000 | val_blend=0.000000 | batches=355/47 | seconds=144.87 | lr=[1.0000000000000002e-06] | cuda_peak_mb=3239.7
[2026-09-11 06:19:00] INFO Val horizons | 15min_mae=2.411791 15min_rmse=4.804252 15min_mape=6.247171 | 30min_mae=2.772834 30min_rmse=5.911275 30min_mape=7.764468 | 60min_mae=3.203003 60min_rmse=7.050893 60min_mape=9.533320
[2026-09-11 06:19:00] INFO Checkpoint updated | epoch=80 | stage=standard | best_val_mae=2.739492 | path=C:\Users\clw\projects\researchRep\STAnchor-BlockMemory\artifacts\convergence\formal_20260910_baseonly_dcrnn_seed42\downstream_best.pt
[2026-09-11 06:21:25] INFO Epoch 081 | stage=standard | train_total=2.705768 | train_forecast=2.705768 | train_confidence=0.000000 | train_risk=0.000000 | train_blend=0.000000 | val_total=2.739411 | val_mae=2.739966 | val_rmse=5.859634 | val_mape=7.644524 | val_confidence=0.000000 | val_risk=0.000000 | val_blend=0.000000 | batches=355/47 | seconds=144.85 | lr=[1.0000000000000002e-06] | cuda_peak_mb=3239.7
[2026-09-11 06:21:25] INFO Val horizons | 15min_mae=2.412049 15min_rmse=4.805105 15min_mape=6.251786 | 30min_mae=2.773359 30min_rmse=5.913338 30min_mape=7.776047 | 60min_mae=3.203556 60min_rmse=7.053849 60min_mape=9.555970
[2026-09-11 06:23:50] INFO Epoch 082 | stage=standard | train_total=2.704679 | train_forecast=2.704679 | train_confidence=0.000000 | train_risk=0.000000 | train_blend=0.000000 | val_total=2.739256 | val_mae=2.739796 | val_rmse=5.856725 | val_mape=7.629019 | val_confidence=0.000000 | val_risk=0.000000 | val_blend=0.000000 | batches=355/47 | seconds=144.84 | lr=[1.0000000000000002e-06] | cuda_peak_mb=3239.7
[2026-09-11 06:23:50] INFO Val horizons | 15min_mae=2.411861 15min_rmse=4.803779 15min_mape=6.245991 | 30min_mae=2.773011 30min_rmse=5.910526 30min_mape=7.761818 | 60min_mae=3.203781 60min_rmse=7.050189 60min_mape=9.526363
[2026-09-11 06:26:15] INFO Epoch 083 | stage=standard | train_total=2.706554 | train_forecast=2.706554 | train_confidence=0.000000 | train_risk=0.000000 | train_blend=0.000000 | val_total=2.738964 | val_mae=2.739523 | val_rmse=5.857284 | val_mape=7.631765 | val_confidence=0.000000 | val_risk=0.000000 | val_blend=0.000000 | batches=355/47 | seconds=144.83 | lr=[1.0000000000000002e-06] | cuda_peak_mb=3239.7
[2026-09-11 06:26:15] INFO Val horizons | 15min_mae=2.411849 15min_rmse=4.804247 15min_mape=6.246800 | 30min_mae=2.772844 30min_rmse=5.911223 30min_mape=7.764197 | 60min_mae=3.202874 60min_rmse=7.050351 60min_mape=9.531835
[2026-09-11 06:28:40] INFO Epoch 084 | stage=standard | train_total=2.703813 | train_forecast=2.703813 | train_confidence=0.000000 | train_risk=0.000000 | train_blend=0.000000 | val_total=2.738693 | val_mae=2.739250 | val_rmse=5.856667 | val_mape=7.630736 | val_confidence=0.000000 | val_risk=0.000000 | val_blend=0.000000 | batches=355/47 | seconds=144.87 | lr=[1.0000000000000002e-06] | cuda_peak_mb=3239.7
[2026-09-11 06:28:40] INFO Val horizons | 15min_mae=2.411905 15min_rmse=4.804521 15min_mape=6.246524 | 30min_mae=2.772748 30min_rmse=5.911258 30min_mape=7.763430 | 60min_mae=3.202043 60min_rmse=7.048231 60min_mape=9.529404
[2026-09-11 06:28:40] INFO Checkpoint updated | epoch=84 | stage=standard | best_val_mae=2.739250 | path=C:\Users\clw\projects\researchRep\STAnchor-BlockMemory\artifacts\convergence\formal_20260910_baseonly_dcrnn_seed42\downstream_best.pt
[2026-09-11 06:31:05] INFO Epoch 085 | stage=standard | train_total=2.705615 | train_forecast=2.705615 | train_confidence=0.000000 | train_risk=0.000000 | train_blend=0.000000 | val_total=2.739176 | val_mae=2.739697 | val_rmse=5.855440 | val_mape=7.633813 | val_confidence=0.000000 | val_risk=0.000000 | val_blend=0.000000 | batches=355/47 | seconds=144.81 | lr=[1.0000000000000002e-06] | cuda_peak_mb=3239.7
[2026-09-11 06:31:05] INFO Val horizons | 15min_mae=2.412011 15min_rmse=4.803642 15min_mape=6.247990 | 30min_mae=2.773074 30min_rmse=5.909921 30min_mape=7.767021 | 60min_mae=3.203276 60min_rmse=7.047584 60min_mape=9.534720
[2026-09-11 06:33:29] INFO Epoch 086 | stage=standard | train_total=2.704814 | train_forecast=2.704814 | train_confidence=0.000000 | train_risk=0.000000 | train_blend=0.000000 | val_total=2.738868 | val_mae=2.739411 | val_rmse=5.855930 | val_mape=7.633787 | val_confidence=0.000000 | val_risk=0.000000 | val_blend=0.000000 | batches=355/47 | seconds=144.86 | lr=[1.0000000000000002e-06] | cuda_peak_mb=3239.7
[2026-09-11 06:33:29] INFO Val horizons | 15min_mae=2.411948 15min_rmse=4.803935 15min_mape=6.247912 | 30min_mae=2.772855 30min_rmse=5.910378 30min_mape=7.766983 | 60min_mae=3.202417 60min_rmse=7.047911 60min_mape=9.534452
[2026-09-11 06:35:54] INFO Epoch 087 | stage=standard | train_total=2.705030 | train_forecast=2.705030 | train_confidence=0.000000 | train_risk=0.000000 | train_blend=0.000000 | val_total=2.738902 | val_mae=2.739448 | val_rmse=5.856481 | val_mape=7.639694 | val_confidence=0.000000 | val_risk=0.000000 | val_blend=0.000000 | batches=355/47 | seconds=144.84 | lr=[1.0000000000000002e-06] | cuda_peak_mb=3239.7
[2026-09-11 06:35:54] INFO Val horizons | 15min_mae=2.412096 15min_rmse=4.804584 15min_mape=6.250298 | 30min_mae=2.773041 30min_rmse=5.911315 30min_mape=7.772903 | 60min_mae=3.202054 60min_rmse=7.047545 60min_mape=9.544483
[2026-09-11 06:38:19] INFO Epoch 088 | stage=standard | train_total=2.704839 | train_forecast=2.704839 | train_confidence=0.000000 | train_risk=0.000000 | train_blend=0.000000 | val_total=2.738929 | val_mae=2.739480 | val_rmse=5.857043 | val_mape=7.644978 | val_confidence=0.000000 | val_risk=0.000000 | val_blend=0.000000 | batches=355/47 | seconds=144.81 | lr=[1.0000000000000002e-06] | cuda_peak_mb=3239.7
[2026-09-11 06:38:19] INFO Val horizons | 15min_mae=2.412178 15min_rmse=4.804905 15min_mape=6.252286 | 30min_mae=2.773107 30min_rmse=5.911799 30min_mape=7.777713 | 60min_mae=3.201940 60min_rmse=7.048324 60min_mape=9.554769
[2026-09-11 06:40:44] INFO Epoch 089 | stage=standard | train_total=2.703857 | train_forecast=2.703857 | train_confidence=0.000000 | train_risk=0.000000 | train_blend=0.000000 | val_total=2.739047 | val_mae=2.739577 | val_rmse=5.856829 | val_mape=7.641777 | val_confidence=0.000000 | val_risk=0.000000 | val_blend=0.000000 | batches=355/47 | seconds=144.84 | lr=[1.0000000000000002e-06] | cuda_peak_mb=3239.7
[2026-09-11 06:40:44] INFO Val horizons | 15min_mae=2.412198 15min_rmse=4.804847 15min_mape=6.251631 | 30min_mae=2.773099 30min_rmse=5.911680 30min_mape=7.775161 | 60min_mae=3.202319 60min_rmse=7.048269 60min_mape=9.547723
[2026-09-11 06:43:09] INFO Epoch 090 | stage=standard | train_total=2.703738 | train_forecast=2.703738 | train_confidence=0.000000 | train_risk=0.000000 | train_blend=0.000000 | val_total=2.738770 | val_mae=2.739303 | val_rmse=5.855171 | val_mape=7.634041 | val_confidence=0.000000 | val_risk=0.000000 | val_blend=0.000000 | batches=355/47 | seconds=144.81 | lr=[1.0000000000000002e-06] | cuda_peak_mb=3239.7
[2026-09-11 06:43:09] INFO Val horizons | 15min_mae=2.412100 15min_rmse=4.804363 15min_mape=6.248809 | 30min_mae=2.772837 30min_rmse=5.910283 30min_mape=7.768205 | 60min_mae=3.201864 60min_rmse=7.045392 60min_mape=9.532352
[2026-09-11 06:45:34] INFO Epoch 091 | stage=standard | train_total=2.703405 | train_forecast=2.703405 | train_confidence=0.000000 | train_risk=0.000000 | train_blend=0.000000 | val_total=2.738669 | val_mae=2.739195 | val_rmse=5.855443 | val_mape=7.634501 | val_confidence=0.000000 | val_risk=0.000000 | val_blend=0.000000 | batches=355/47 | seconds=144.82 | lr=[1.0000000000000002e-06] | cuda_peak_mb=3239.7
[2026-09-11 06:45:34] INFO Val horizons | 15min_mae=2.412155 15min_rmse=4.804771 15min_mape=6.249095 | 30min_mae=2.772773 30min_rmse=5.910832 30min_mape=7.768571 | 60min_mae=3.201529 60min_rmse=7.045413 60min_mape=9.533382
[2026-09-11 06:45:34] INFO Checkpoint updated | epoch=91 | stage=standard | best_val_mae=2.739195 | path=C:\Users\clw\projects\researchRep\STAnchor-BlockMemory\artifacts\convergence\formal_20260910_baseonly_dcrnn_seed42\downstream_best.pt
[2026-09-11 06:47:58] INFO Epoch 092 | stage=standard | train_total=2.704362 | train_forecast=2.704362 | train_confidence=0.000000 | train_risk=0.000000 | train_blend=0.000000 | val_total=2.738787 | val_mae=2.739304 | val_rmse=5.854566 | val_mape=7.634093 | val_confidence=0.000000 | val_risk=0.000000 | val_blend=0.000000 | batches=355/47 | seconds=144.86 | lr=[1.0000000000000002e-06] | cuda_peak_mb=3239.7
[2026-09-11 06:47:58] INFO Val horizons | 15min_mae=2.412179 15min_rmse=4.804202 15min_mape=6.249013 | 30min_mae=2.772846 30min_rmse=5.909936 30min_mape=7.768571 | 60min_mae=3.201778 60min_rmse=7.044403 60min_mape=9.532081
[2026-09-11 06:50:23] INFO Epoch 093 | stage=standard | train_total=2.704041 | train_forecast=2.704041 | train_confidence=0.000000 | train_risk=0.000000 | train_blend=0.000000 | val_total=2.738399 | val_mae=2.738918 | val_rmse=5.853314 | val_mape=7.624517 | val_confidence=0.000000 | val_risk=0.000000 | val_blend=0.000000 | batches=355/47 | seconds=144.79 | lr=[1.0000000000000002e-06] | cuda_peak_mb=3239.7
[2026-09-11 06:50:23] INFO Val horizons | 15min_mae=2.412096 15min_rmse=4.804167 15min_mape=6.245691 | 30min_mae=2.772520 30min_rmse=5.909122 30min_mape=7.759778 | 60min_mae=3.200971 60min_rmse=7.041498 60min_mape=9.513099
[2026-09-11 06:50:23] INFO Checkpoint updated | epoch=93 | stage=standard | best_val_mae=2.738918 | path=C:\Users\clw\projects\researchRep\STAnchor-BlockMemory\artifacts\convergence\formal_20260910_baseonly_dcrnn_seed42\downstream_best.pt
[2026-09-11 06:52:48] INFO Epoch 094 | stage=standard | train_total=2.703515 | train_forecast=2.703515 | train_confidence=0.000000 | train_risk=0.000000 | train_blend=0.000000 | val_total=2.738507 | val_mae=2.739021 | val_rmse=5.853627 | val_mape=7.630451 | val_confidence=0.000000 | val_risk=0.000000 | val_blend=0.000000 | batches=355/47 | seconds=144.77 | lr=[1.0000000000000002e-06] | cuda_peak_mb=3239.7
[2026-09-11 06:52:48] INFO Val horizons | 15min_mae=2.412161 15min_rmse=4.804187 15min_mape=6.247847 | 30min_mae=2.772626 30min_rmse=5.909363 30min_mape=7.765525 | 60min_mae=3.201081 60min_rmse=7.042170 60min_mape=9.524337
[2026-09-11 06:55:13] INFO Epoch 095 | stage=standard | train_total=2.702948 | train_forecast=2.702948 | train_confidence=0.000000 | train_risk=0.000000 | train_blend=0.000000 | val_total=2.738120 | val_mae=2.738635 | val_rmse=5.852906 | val_mape=7.625731 | val_confidence=0.000000 | val_risk=0.000000 | val_blend=0.000000 | batches=355/47 | seconds=144.86 | lr=[1.0000000000000002e-06] | cuda_peak_mb=3239.7
[2026-09-11 06:55:13] INFO Val horizons | 15min_mae=2.412057 15min_rmse=4.804020 15min_mape=6.245833 | 30min_mae=2.772247 30min_rmse=5.908851 30min_mape=7.760967 | 60min_mae=3.200278 60min_rmse=7.040857 60min_mape=9.515813
[2026-09-11 06:55:13] INFO Checkpoint updated | epoch=95 | stage=standard | best_val_mae=2.738635 | path=C:\Users\clw\projects\researchRep\STAnchor-BlockMemory\artifacts\convergence\formal_20260910_baseonly_dcrnn_seed42\downstream_best.pt
[2026-09-11 06:57:38] INFO Epoch 096 | stage=standard | train_total=2.702269 | train_forecast=2.702269 | train_confidence=0.000000 | train_risk=0.000000 | train_blend=0.000000 | val_total=2.738251 | val_mae=2.738759 | val_rmse=5.851757 | val_mape=7.620904 | val_confidence=0.000000 | val_risk=0.000000 | val_blend=0.000000 | batches=355/47 | seconds=144.78 | lr=[1.0000000000000002e-06] | cuda_peak_mb=3239.7
[2026-09-11 06:57:38] INFO Val horizons | 15min_mae=2.412098 15min_rmse=4.803644 15min_mape=6.244280 | 30min_mae=2.772358 30min_rmse=5.907885 30min_mape=7.756838 | 60min_mae=3.200624 60min_rmse=7.038953 60min_mape=9.505823
[2026-09-11 07:00:02] INFO Epoch 097 | stage=standard | train_total=2.702108 | train_forecast=2.702108 | train_confidence=0.000000 | train_risk=0.000000 | train_blend=0.000000 | val_total=2.738223 | val_mae=2.738739 | val_rmse=5.851978 | val_mape=7.621330 | val_confidence=0.000000 | val_risk=0.000000 | val_blend=0.000000 | batches=355/47 | seconds=144.74 | lr=[1.0000000000000002e-06] | cuda_peak_mb=3239.7
[2026-09-11 07:00:02] INFO Val horizons | 15min_mae=2.412114 15min_rmse=4.803791 15min_mape=6.244577 | 30min_mae=2.772319 30min_rmse=5.908040 30min_mape=7.757276 | 60min_mae=3.200459 60min_rmse=7.039107 60min_mape=9.506160
[2026-09-11 07:02:27] INFO Epoch 098 | stage=standard | train_total=2.701864 | train_forecast=2.701864 | train_confidence=0.000000 | train_risk=0.000000 | train_blend=0.000000 | val_total=2.738990 | val_mae=2.739498 | val_rmse=5.854691 | val_mape=7.646489 | val_confidence=0.000000 | val_risk=0.000000 | val_blend=0.000000 | batches=355/47 | seconds=144.85 | lr=[1.0000000000000002e-06] | cuda_peak_mb=3239.7
[2026-09-11 07:02:27] INFO Val horizons | 15min_mae=2.412495 15min_rmse=4.804632 15min_mape=6.253976 | 30min_mae=2.773242 30min_rmse=5.910532 30min_mape=7.781430 | 60min_mae=3.201408 60min_rmse=7.043401 60min_mape=9.553463
[2026-09-11 07:04:52] INFO Epoch 099 | stage=standard | train_total=2.702051 | train_forecast=2.702051 | train_confidence=0.000000 | train_risk=0.000000 | train_blend=0.000000 | val_total=2.738254 | val_mae=2.738763 | val_rmse=5.852320 | val_mape=7.628640 | val_confidence=0.000000 | val_risk=0.000000 | val_blend=0.000000 | batches=355/47 | seconds=144.80 | lr=[1.0000000000000002e-06] | cuda_peak_mb=3239.7
[2026-09-11 07:04:52] INFO Val horizons | 15min_mae=2.412215 15min_rmse=4.803968 15min_mape=6.247295 | 30min_mae=2.772424 30min_rmse=5.908420 30min_mape=7.764560 | 60min_mae=3.200300 60min_rmse=7.039597 60min_mape=9.519720
[2026-09-11 07:07:17] INFO Epoch 100 | stage=standard | train_total=2.702292 | train_forecast=2.702292 | train_confidence=0.000000 | train_risk=0.000000 | train_blend=0.000000 | val_total=2.738456 | val_mae=2.738961 | val_rmse=5.854438 | val_mape=7.640259 | val_confidence=0.000000 | val_risk=0.000000 | val_blend=0.000000 | batches=355/47 | seconds=144.81 | lr=[1.0000000000000002e-06] | cuda_peak_mb=3239.7
[2026-09-11 07:07:17] INFO Val horizons | 15min_mae=2.412455 15min_rmse=4.805091 15min_mape=6.251690 | 30min_mae=2.772770 30min_rmse=5.910744 30min_mape=7.775305 | 60min_mae=3.200301 60min_rmse=7.042682 60min_mape=9.542524
[2026-09-11 07:07:17] INFO Downstream training finished | best_val_mae=2.738635 | checkpoint=C:\Users\clw\projects\researchRep\STAnchor-BlockMemory\artifacts\convergence\formal_20260910_baseonly_dcrnn_seed42\downstream_best.pt
