[2026-09-08 22:08:32] INFO Downstream start | run=cross_dataset_final/pemsbay_source_router_gwn_seed42 | device=cuda:0 (requested=cuda:0) | seed=42 | output=C:\Users\clw\projects\researchRep\STAnchor-BlockMemory\artifacts\cross_dataset_final\pemsbay_source_router_gwn_seed42
[2026-09-08 22:08:32] INFO Mode | downstream_mode=learned_topk_error_aware | training_protocol=posthoc_frozen_base | candidate_protocol=weekday_radius1_overlap
[2026-09-08 22:08:32] INFO Downstream initialization | seed=42 | state_hash=652eaf1b37a83a2f
[2026-09-08 22:08:32] INFO Frozen base | checkpoint=C:\Users\clw\projects\researchRep\STAnchor-BlockMemory\artifacts\cross_dataset_stage1\pemsbay_baseonly_gwn_seed42\downstream_best.pt | fingerprint=a00a53284d334d67
[2026-09-08 22:08:32] INFO Data | steps=52116 | nodes=325 | channels=1 | training_scope=full_train | memory/post_memory/train_selected/val/test=25327/10855/36182/4912/10125
[2026-09-08 22:08:32] INFO Bank/retrieval | dataset=PEMS-BAY | events=25327 | nodes=325 | retrieval_dim=64 | event_top_r=96 | node_top_k=12 | key_dtype=float16
[2026-09-08 22:08:32] INFO Parameters | downstream_total=1,191,690 | downstream_trainable=879,693 | backbone=0 | confidence_head=0 | fusion=0 | frozen_pretrained=958,704
[2026-09-08 22:08:32] INFO Optimization | epochs=50 | batch_size=32 | optimizer=adam | lr=0.001 | weight_decay=0.0001 | scheduler=step_lr | step_size=10 | gamma=0.950 | confidence_weight=0.000 | patience=10 | early_stopping=disabled
[2026-09-08 22:08:34] INFO Stage start | stage=posthoc_calibrator | epochs=50 | optimizer_lrs=[0.001]
[2026-09-08 22:27:21] INFO Epoch 001 | stage=posthoc_calibrator | train_total=1.396811 | train_forecast=1.396811 | train_confidence=0.000000 | train_risk=0.000000 | train_blend=0.000000 | val_total=1.570501 | val_mae=1.565422 | val_rmse=3.620804 | val_mape=3.612840 | val_confidence=0.000000 | val_risk=0.000000 | val_blend=0.000000 | batches=1131/154 | seconds=1126.75 | lr=[0.001] | cuda_peak_mb=5432.5
[2026-09-08 22:27:21] INFO Val horizons | 15min_mae=1.318918 15min_rmse=2.761203 15min_mape=2.827333 | 30min_mae=1.628640 30min_rmse=3.710026 30min_mape=3.762572 | 60min_mae=1.906029 60min_rmse=4.459537 60min_mape=4.623369
[2026-09-08 22:27:21] INFO Checkpoint updated | epoch=1 | stage=posthoc_calibrator | best_val_mae=1.565422 | path=C:\Users\clw\projects\researchRep\STAnchor-BlockMemory\artifacts\cross_dataset_final\pemsbay_source_router_gwn_seed42\downstream_best.pt
[2026-09-08 22:29:56] INFO Epoch 002 | stage=posthoc_calibrator | train_total=1.391948 | train_forecast=1.391948 | train_confidence=0.000000 | train_risk=0.000000 | train_blend=0.000000 | val_total=1.566459 | val_mae=1.561523 | val_rmse=3.603384 | val_mape=3.569584 | val_confidence=0.000000 | val_risk=0.000000 | val_blend=0.000000 | batches=1131/154 | seconds=155.79 | lr=[0.001] | cuda_peak_mb=2203.5
[2026-09-08 22:29:56] INFO Val horizons | 15min_mae=1.317489 15min_rmse=2.752891 15min_mape=2.812992 | 30min_mae=1.625027 30min_rmse=3.694943 30min_mape=3.724293 | 60min_mae=1.898379 60min_rmse=4.430835 60min_mape=4.548879
[2026-09-08 22:29:57] INFO Checkpoint updated | epoch=2 | stage=posthoc_calibrator | best_val_mae=1.561523 | path=C:\Users\clw\projects\researchRep\STAnchor-BlockMemory\artifacts\cross_dataset_final\pemsbay_source_router_gwn_seed42\downstream_best.pt
[2026-09-08 22:32:31] INFO Epoch 003 | stage=posthoc_calibrator | train_total=1.390139 | train_forecast=1.390139 | train_confidence=0.000000 | train_risk=0.000000 | train_blend=0.000000 | val_total=1.566581 | val_mae=1.561517 | val_rmse=3.617841 | val_mape=3.601489 | val_confidence=0.000000 | val_risk=0.000000 | val_blend=0.000000 | batches=1131/154 | seconds=154.21 | lr=[0.001] | cuda_peak_mb=2203.3
[2026-09-08 22:32:31] INFO Val horizons | 15min_mae=1.315683 15min_rmse=2.757372 15min_mape=2.822314 | 30min_mae=1.625041 30min_rmse=3.711180 30min_mape=3.759058 | 60min_mae=1.898123 60min_rmse=4.444034 60min_mape=4.584701
[2026-09-08 22:32:31] INFO Checkpoint updated | epoch=3 | stage=posthoc_calibrator | best_val_mae=1.561517 | path=C:\Users\clw\projects\researchRep\STAnchor-BlockMemory\artifacts\cross_dataset_final\pemsbay_source_router_gwn_seed42\downstream_best.pt
[2026-09-08 22:35:04] INFO Epoch 004 | stage=posthoc_calibrator | train_total=1.388709 | train_forecast=1.388709 | train_confidence=0.000000 | train_risk=0.000000 | train_blend=0.000000 | val_total=1.565657 | val_mae=1.560656 | val_rmse=3.613191 | val_mape=3.580700 | val_confidence=0.000000 | val_risk=0.000000 | val_blend=0.000000 | batches=1131/154 | seconds=153.62 | lr=[0.001] | cuda_peak_mb=2203.5
[2026-09-08 22:35:04] INFO Val horizons | 15min_mae=1.316060 15min_rmse=2.759686 15min_mape=2.821175 | 30min_mae=1.624373 30min_rmse=3.706758 30min_mape=3.737200 | 60min_mae=1.895934 60min_rmse=4.436431 60min_mape=4.546184
[2026-09-08 22:35:04] INFO Checkpoint updated | epoch=4 | stage=posthoc_calibrator | best_val_mae=1.560656 | path=C:\Users\clw\projects\researchRep\STAnchor-BlockMemory\artifacts\cross_dataset_final\pemsbay_source_router_gwn_seed42\downstream_best.pt
[2026-09-08 22:37:38] INFO Epoch 005 | stage=posthoc_calibrator | train_total=1.387796 | train_forecast=1.387796 | train_confidence=0.000000 | train_risk=0.000000 | train_blend=0.000000 | val_total=1.567214 | val_mae=1.562212 | val_rmse=3.621087 | val_mape=3.595407 | val_confidence=0.000000 | val_risk=0.000000 | val_blend=0.000000 | batches=1131/154 | seconds=153.99 | lr=[0.001] | cuda_peak_mb=2203.3
[2026-09-08 22:37:38] INFO Val horizons | 15min_mae=1.316278 15min_rmse=2.760299 15min_mape=2.822721 | 30min_mae=1.625007 30min_rmse=3.713070 30min_mape=3.745580 | 60min_mae=1.900040 60min_rmse=4.453619 60min_mape=4.589812
[2026-09-08 22:40:12] INFO Epoch 006 | stage=posthoc_calibrator | train_total=1.386700 | train_forecast=1.386700 | train_confidence=0.000000 | train_risk=0.000000 | train_blend=0.000000 | val_total=1.563794 | val_mae=1.558890 | val_rmse=3.609131 | val_mape=3.578661 | val_confidence=0.000000 | val_risk=0.000000 | val_blend=0.000000 | batches=1131/154 | seconds=153.22 | lr=[0.001] | cuda_peak_mb=2203.6
[2026-09-08 22:40:12] INFO Val horizons | 15min_mae=1.315284 15min_rmse=2.756339 15min_mape=2.820268 | 30min_mae=1.621534 30min_rmse=3.702428 30min_mape=3.730554 | 60min_mae=1.894430 60min_rmse=4.432239 60min_mape=4.555485
[2026-09-08 22:40:12] INFO Checkpoint updated | epoch=6 | stage=posthoc_calibrator | best_val_mae=1.558890 | path=C:\Users\clw\projects\researchRep\STAnchor-BlockMemory\artifacts\cross_dataset_final\pemsbay_source_router_gwn_seed42\downstream_best.pt
[2026-09-08 22:42:45] INFO Epoch 007 | stage=posthoc_calibrator | train_total=1.385630 | train_forecast=1.385630 | train_confidence=0.000000 | train_risk=0.000000 | train_blend=0.000000 | val_total=1.565305 | val_mae=1.560256 | val_rmse=3.626443 | val_mape=3.595879 | val_confidence=0.000000 | val_risk=0.000000 | val_blend=0.000000 | batches=1131/154 | seconds=152.95 | lr=[0.001] | cuda_peak_mb=2203.9
[2026-09-08 22:42:45] INFO Val horizons | 15min_mae=1.315410 15min_rmse=2.760949 15min_mape=2.823277 | 30min_mae=1.623740 30min_rmse=3.718099 30min_mape=3.747639 | 60min_mae=1.897397 60min_rmse=4.465637 60min_mape=4.592888
[2026-09-08 22:45:17] INFO Epoch 008 | stage=posthoc_calibrator | train_total=1.384990 | train_forecast=1.384990 | train_confidence=0.000000 | train_risk=0.000000 | train_blend=0.000000 | val_total=1.564038 | val_mae=1.559076 | val_rmse=3.616555 | val_mape=3.590959 | val_confidence=0.000000 | val_risk=0.000000 | val_blend=0.000000 | batches=1131/154 | seconds=152.76 | lr=[0.001] | cuda_peak_mb=2203.3
[2026-09-08 22:45:17] INFO Val horizons | 15min_mae=1.315058 15min_rmse=2.761420 15min_mape=2.822868 | 30min_mae=1.622394 30min_rmse=3.712112 30min_mape=3.745087 | 60min_mae=1.894274 60min_rmse=4.442478 60min_mape=4.569171
[2026-09-08 22:47:50] INFO Epoch 009 | stage=posthoc_calibrator | train_total=1.384559 | train_forecast=1.384559 | train_confidence=0.000000 | train_risk=0.000000 | train_blend=0.000000 | val_total=1.564858 | val_mae=1.559737 | val_rmse=3.614488 | val_mape=3.598804 | val_confidence=0.000000 | val_risk=0.000000 | val_blend=0.000000 | batches=1131/154 | seconds=152.74 | lr=[0.001] | cuda_peak_mb=2203.1
[2026-09-08 22:47:50] INFO Val horizons | 15min_mae=1.315077 15min_rmse=2.754932 15min_mape=2.825961 | 30min_mae=1.623146 30min_rmse=3.706865 30min_mape=3.755997 | 60min_mae=1.894811 60min_rmse=4.443170 60min_mape=4.573702
[2026-09-08 22:50:24] INFO Epoch 010 | stage=posthoc_calibrator | train_total=1.384121 | train_forecast=1.384121 | train_confidence=0.000000 | train_risk=0.000000 | train_blend=0.000000 | val_total=1.564385 | val_mae=1.559344 | val_rmse=3.614492 | val_mape=3.575753 | val_confidence=0.000000 | val_risk=0.000000 | val_blend=0.000000 | batches=1131/154 | seconds=153.39 | lr=[0.001] | cuda_peak_mb=2203.3
[2026-09-08 22:50:24] INFO Val horizons | 15min_mae=1.314798 15min_rmse=2.755999 15min_mape=2.813455 | 30min_mae=1.622376 30min_rmse=3.704522 30min_mape=3.725500 | 60min_mae=1.895688 60min_rmse=4.447503 60min_mape=4.553986
[2026-09-08 22:52:56] INFO Epoch 011 | stage=posthoc_calibrator | train_total=1.383665 | train_forecast=1.383665 | train_confidence=0.000000 | train_risk=0.000000 | train_blend=0.000000 | val_total=1.561664 | val_mae=1.556724 | val_rmse=3.611486 | val_mape=3.574700 | val_confidence=0.000000 | val_risk=0.000000 | val_blend=0.000000 | batches=1131/154 | seconds=152.59 | lr=[0.00095] | cuda_peak_mb=2203.5
[2026-09-08 22:52:56] INFO Val horizons | 15min_mae=1.313726 15min_rmse=2.757156 15min_mape=2.815258 | 30min_mae=1.619548 30min_rmse=3.707789 30min_mape=3.723883 | 60min_mae=1.891895 60min_rmse=4.436338 60min_mape=4.555950
[2026-09-08 22:52:56] INFO Checkpoint updated | epoch=11 | stage=posthoc_calibrator | best_val_mae=1.556724 | path=C:\Users\clw\projects\researchRep\STAnchor-BlockMemory\artifacts\cross_dataset_final\pemsbay_source_router_gwn_seed42\downstream_best.pt
[2026-09-08 22:55:29] INFO Epoch 012 | stage=posthoc_calibrator | train_total=1.383510 | train_forecast=1.383510 | train_confidence=0.000000 | train_risk=0.000000 | train_blend=0.000000 | val_total=1.562250 | val_mae=1.557281 | val_rmse=3.608281 | val_mape=3.569766 | val_confidence=0.000000 | val_risk=0.000000 | val_blend=0.000000 | batches=1131/154 | seconds=153.22 | lr=[0.00095] | cuda_peak_mb=2203.3
[2026-09-08 22:55:29] INFO Val horizons | 15min_mae=1.314202 15min_rmse=2.756942 15min_mape=2.816895 | 30min_mae=1.619930 30min_rmse=3.704433 30min_mape=3.719815 | 60min_mae=1.893073 60min_rmse=4.430274 60min_mape=4.543143
[2026-09-08 22:58:03] INFO Epoch 013 | stage=posthoc_calibrator | train_total=1.382995 | train_forecast=1.382995 | train_confidence=0.000000 | train_risk=0.000000 | train_blend=0.000000 | val_total=1.563987 | val_mae=1.559040 | val_rmse=3.602878 | val_mape=3.607903 | val_confidence=0.000000 | val_risk=0.000000 | val_blend=0.000000 | batches=1131/154 | seconds=153.08 | lr=[0.00095] | cuda_peak_mb=2203.6
[2026-09-08 22:58:03] INFO Val horizons | 15min_mae=1.314743 15min_rmse=2.751116 15min_mape=2.830726 | 30min_mae=1.620596 30min_rmse=3.691775 30min_mape=3.755910 | 60min_mae=1.897924 60min_rmse=4.433340 60min_mape=4.615350
[2026-09-08 23:00:36] INFO Epoch 014 | stage=posthoc_calibrator | train_total=1.382793 | train_forecast=1.382793 | train_confidence=0.000000 | train_risk=0.000000 | train_blend=0.000000 | val_total=1.565299 | val_mae=1.560305 | val_rmse=3.617930 | val_mape=3.594016 | val_confidence=0.000000 | val_risk=0.000000 | val_blend=0.000000 | batches=1131/154 | seconds=153.08 | lr=[0.00095] | cuda_peak_mb=2203.9
[2026-09-08 23:00:36] INFO Val horizons | 15min_mae=1.315572 15min_rmse=2.762840 15min_mape=2.830797 | 30min_mae=1.624698 30min_rmse=3.718930 30min_mape=3.759334 | 60min_mae=1.895405 60min_rmse=4.435322 60min_mape=4.556407
[2026-09-08 23:03:09] INFO Epoch 015 | stage=posthoc_calibrator | train_total=1.382584 | train_forecast=1.382584 | train_confidence=0.000000 | train_risk=0.000000 | train_blend=0.000000 | val_total=1.566185 | val_mae=1.561248 | val_rmse=3.614309 | val_mape=3.599894 | val_confidence=0.000000 | val_risk=0.000000 | val_blend=0.000000 | batches=1131/154 | seconds=153.78 | lr=[0.00095] | cuda_peak_mb=2203.3
[2026-09-08 23:03:09] INFO Val horizons | 15min_mae=1.315234 15min_rmse=2.759367 15min_mape=2.829739 | 30min_mae=1.624880 30min_rmse=3.712318 30min_mape=3.761859 | 60min_mae=1.898680 60min_rmse=4.436401 60min_mape=4.574172
[2026-09-08 23:05:42] INFO Epoch 016 | stage=posthoc_calibrator | train_total=1.382399 | train_forecast=1.382399 | train_confidence=0.000000 | train_risk=0.000000 | train_blend=0.000000 | val_total=1.566794 | val_mae=1.561889 | val_rmse=3.615560 | val_mape=3.596169 | val_confidence=0.000000 | val_risk=0.000000 | val_blend=0.000000 | batches=1131/154 | seconds=152.94 | lr=[0.00095] | cuda_peak_mb=2203.1
[2026-09-08 23:05:42] INFO Val horizons | 15min_mae=1.317235 15min_rmse=2.760054 15min_mape=2.839022 | 30min_mae=1.623691 30min_rmse=3.706889 30min_mape=3.748018 | 60min_mae=1.900521 60min_rmse=4.447191 60min_mape=4.575175
[2026-09-08 23:08:15] INFO Epoch 017 | stage=posthoc_calibrator | train_total=1.382242 | train_forecast=1.382242 | train_confidence=0.000000 | train_risk=0.000000 | train_blend=0.000000 | val_total=1.565427 | val_mae=1.560411 | val_rmse=3.626829 | val_mape=3.593838 | val_confidence=0.000000 | val_risk=0.000000 | val_blend=0.000000 | batches=1131/154 | seconds=152.94 | lr=[0.00095] | cuda_peak_mb=2203.3
[2026-09-08 23:08:15] INFO Val horizons | 15min_mae=1.314872 15min_rmse=2.762216 15min_mape=2.820477 | 30min_mae=1.623209 30min_rmse=3.720815 30min_mape=3.747287 | 60min_mae=1.898425 60min_rmse=4.461285 60min_mape=4.582243
[2026-09-08 23:10:48] INFO Epoch 018 | stage=posthoc_calibrator | train_total=1.382199 | train_forecast=1.382199 | train_confidence=0.000000 | train_risk=0.000000 | train_blend=0.000000 | val_total=1.567000 | val_mae=1.561943 | val_rmse=3.625752 | val_mape=3.616945 | val_confidence=0.000000 | val_risk=0.000000 | val_blend=0.000000 | batches=1131/154 | seconds=153.10 | lr=[0.00095] | cuda_peak_mb=2203.5
[2026-09-08 23:10:48] INFO Val horizons | 15min_mae=1.315794 15min_rmse=2.763217 15min_mape=2.836362 | 30min_mae=1.626297 30min_rmse=3.722458 30min_mape=3.782574 | 60min_mae=1.898290 60min_rmse=4.454697 60min_mape=4.594598
[2026-09-08 23:13:21] INFO Epoch 019 | stage=posthoc_calibrator | train_total=1.381928 | train_forecast=1.381928 | train_confidence=0.000000 | train_risk=0.000000 | train_blend=0.000000 | val_total=1.561472 | val_mae=1.556547 | val_rmse=3.612205 | val_mape=3.563490 | val_confidence=0.000000 | val_risk=0.000000 | val_blend=0.000000 | batches=1131/154 | seconds=153.00 | lr=[0.00095] | cuda_peak_mb=2203.3
[2026-09-08 23:13:21] INFO Val horizons | 15min_mae=1.313756 15min_rmse=2.757694 15min_mape=2.809772 | 30min_mae=1.618846 30min_rmse=3.707736 30min_mape=3.707806 | 60min_mae=1.892720 60min_rmse=4.440322 60min_mape=4.547993
[2026-09-08 23:13:21] INFO Checkpoint updated | epoch=19 | stage=posthoc_calibrator | best_val_mae=1.556547 | path=C:\Users\clw\projects\researchRep\STAnchor-BlockMemory\artifacts\cross_dataset_final\pemsbay_source_router_gwn_seed42\downstream_best.pt
[2026-09-08 23:15:55] INFO Epoch 020 | stage=posthoc_calibrator | train_total=1.381806 | train_forecast=1.381806 | train_confidence=0.000000 | train_risk=0.000000 | train_blend=0.000000 | val_total=1.564193 | val_mae=1.559335 | val_rmse=3.610525 | val_mape=3.578727 | val_confidence=0.000000 | val_risk=0.000000 | val_blend=0.000000 | batches=1131/154 | seconds=153.23 | lr=[0.00095] | cuda_peak_mb=2203.6
[2026-09-08 23:15:55] INFO Val horizons | 15min_mae=1.314620 15min_rmse=2.757117 15min_mape=2.822355 | 30min_mae=1.620844 30min_rmse=3.703079 30min_mape=3.726735 | 60min_mae=1.898951 60min_rmse=4.440761 60min_mape=4.563440
[2026-09-08 23:18:28] INFO Epoch 021 | stage=posthoc_calibrator | train_total=1.381707 | train_forecast=1.381707 | train_confidence=0.000000 | train_risk=0.000000 | train_blend=0.000000 | val_total=1.563094 | val_mae=1.558072 | val_rmse=3.619001 | val_mape=3.592293 | val_confidence=0.000000 | val_risk=0.000000 | val_blend=0.000000 | batches=1131/154 | seconds=153.13 | lr=[0.0009025] | cuda_peak_mb=2203.9
[2026-09-08 23:18:28] INFO Val horizons | 15min_mae=1.313340 15min_rmse=2.758747 15min_mape=2.816254 | 30min_mae=1.620025 30min_rmse=3.710137 30min_mape=3.738682 | 60min_mae=1.896884 60min_rmse=4.455944 60min_mape=4.594327
[2026-09-08 23:21:01] INFO Epoch 022 | stage=posthoc_calibrator | train_total=1.381479 | train_forecast=1.381479 | train_confidence=0.000000 | train_risk=0.000000 | train_blend=0.000000 | val_total=1.560430 | val_mae=1.555591 | val_rmse=3.606989 | val_mape=3.562043 | val_confidence=0.000000 | val_risk=0.000000 | val_blend=0.000000 | batches=1131/154 | seconds=153.24 | lr=[0.0009025] | cuda_peak_mb=2203.3
[2026-09-08 23:21:01] INFO Val horizons | 15min_mae=1.313423 15min_rmse=2.757132 15min_mape=2.812169 | 30min_mae=1.617768 30min_rmse=3.704006 30min_mape=3.707837 | 60min_mae=1.891009 60min_rmse=4.432732 60min_mape=4.537193
[2026-09-08 23:21:01] INFO Checkpoint updated | epoch=22 | stage=posthoc_calibrator | best_val_mae=1.555591 | path=C:\Users\clw\projects\researchRep\STAnchor-BlockMemory\artifacts\cross_dataset_final\pemsbay_source_router_gwn_seed42\downstream_best.pt
[2026-09-08 23:23:34] INFO Epoch 023 | stage=posthoc_calibrator | train_total=1.381624 | train_forecast=1.381624 | train_confidence=0.000000 | train_risk=0.000000 | train_blend=0.000000 | val_total=1.562480 | val_mae=1.557377 | val_rmse=3.614581 | val_mape=3.580981 | val_confidence=0.000000 | val_risk=0.000000 | val_blend=0.000000 | batches=1131/154 | seconds=153.22 | lr=[0.0009025] | cuda_peak_mb=2203.1
[2026-09-08 23:23:34] INFO Val horizons | 15min_mae=1.313260 15min_rmse=2.753377 15min_mape=2.812427 | 30min_mae=1.620164 30min_rmse=3.705367 30min_mape=3.731408 | 60min_mae=1.894249 60min_rmse=4.449171 60min_mape=4.570445
[2026-09-08 23:26:08] INFO Epoch 024 | stage=posthoc_calibrator | train_total=1.381645 | train_forecast=1.381645 | train_confidence=0.000000 | train_risk=0.000000 | train_blend=0.000000 | val_total=1.563345 | val_mae=1.558309 | val_rmse=3.620452 | val_mape=3.598159 | val_confidence=0.000000 | val_risk=0.000000 | val_blend=0.000000 | batches=1131/154 | seconds=153.44 | lr=[0.0009025] | cuda_peak_mb=2203.3
[2026-09-08 23:26:08] INFO Val horizons | 15min_mae=1.313437 15min_rmse=2.759731 15min_mape=2.820990 | 30min_mae=1.621398 30min_rmse=3.714233 30min_mape=3.750512 | 60min_mae=1.895319 60min_rmse=4.453256 60min_mape=4.592098
[2026-09-08 23:28:41] INFO Epoch 025 | stage=posthoc_calibrator | train_total=1.381364 | train_forecast=1.381364 | train_confidence=0.000000 | train_risk=0.000000 | train_blend=0.000000 | val_total=1.560218 | val_mae=1.555309 | val_rmse=3.604757 | val_mape=3.572392 | val_confidence=0.000000 | val_risk=0.000000 | val_blend=0.000000 | batches=1131/154 | seconds=153.55 | lr=[0.0009025] | cuda_peak_mb=2203.5
[2026-09-08 23:28:41] INFO Val horizons | 15min_mae=1.312265 15min_rmse=2.752430 15min_mape=2.809512 | 30min_mae=1.617323 30min_rmse=3.695976 30min_mape=3.718010 | 60min_mae=1.891392 60min_rmse=4.436062 60min_mape=4.560855
[2026-09-08 23:28:41] INFO Checkpoint updated | epoch=25 | stage=posthoc_calibrator | best_val_mae=1.555309 | path=C:\Users\clw\projects\researchRep\STAnchor-BlockMemory\artifacts\cross_dataset_final\pemsbay_source_router_gwn_seed42\downstream_best.pt
[2026-09-08 23:31:15] INFO Epoch 026 | stage=posthoc_calibrator | train_total=1.381259 | train_forecast=1.381259 | train_confidence=0.000000 | train_risk=0.000000 | train_blend=0.000000 | val_total=1.565302 | val_mae=1.560245 | val_rmse=3.618834 | val_mape=3.606260 | val_confidence=0.000000 | val_risk=0.000000 | val_blend=0.000000 | batches=1131/154 | seconds=153.40 | lr=[0.0009025] | cuda_peak_mb=2203.3
[2026-09-08 23:31:15] INFO Val horizons | 15min_mae=1.314784 15min_rmse=2.761725 15min_mape=2.827809 | 30min_mae=1.623234 30min_rmse=3.711530 30min_mape=3.761459 | 60min_mae=1.897882 60min_rmse=4.451324 60min_mape=4.593749
[2026-09-08 23:33:48] INFO Epoch 027 | stage=posthoc_calibrator | train_total=1.381449 | train_forecast=1.381449 | train_confidence=0.000000 | train_risk=0.000000 | train_blend=0.000000 | val_total=1.561356 | val_mae=1.556402 | val_rmse=3.614021 | val_mape=3.569211 | val_confidence=0.000000 | val_risk=0.000000 | val_blend=0.000000 | batches=1131/154 | seconds=153.44 | lr=[0.0009025] | cuda_peak_mb=2203.6
[2026-09-08 23:33:48] INFO Val horizons | 15min_mae=1.312894 15min_rmse=2.758929 15min_mape=2.808738 | 30min_mae=1.618954 30min_rmse=3.708344 30min_mape=3.716144 | 60min_mae=1.892565 60min_rmse=4.441353 60min_mape=4.552379
[2026-09-08 23:36:22] INFO Epoch 028 | stage=posthoc_calibrator | train_total=1.381260 | train_forecast=1.381260 | train_confidence=0.000000 | train_risk=0.000000 | train_blend=0.000000 | val_total=1.560120 | val_mae=1.555210 | val_rmse=3.609144 | val_mape=3.564247 | val_confidence=0.000000 | val_risk=0.000000 | val_blend=0.000000 | batches=1131/154 | seconds=153.93 | lr=[0.0009025] | cuda_peak_mb=2203.9
[2026-09-08 23:36:22] INFO Val horizons | 15min_mae=1.312839 15min_rmse=2.756766 15min_mape=2.807753 | 30min_mae=1.618262 30min_rmse=3.705916 30min_mape=3.715046 | 60min_mae=1.889593 60min_rmse=4.433274 60min_mape=4.538497
[2026-09-08 23:36:22] INFO Checkpoint updated | epoch=28 | stage=posthoc_calibrator | best_val_mae=1.555210 | path=C:\Users\clw\projects\researchRep\STAnchor-BlockMemory\artifacts\cross_dataset_final\pemsbay_source_router_gwn_seed42\downstream_best.pt
[2026-09-08 23:38:56] INFO Epoch 029 | stage=posthoc_calibrator | train_total=1.381333 | train_forecast=1.381333 | train_confidence=0.000000 | train_risk=0.000000 | train_blend=0.000000 | val_total=1.560742 | val_mae=1.555845 | val_rmse=3.609898 | val_mape=3.563715 | val_confidence=0.000000 | val_risk=0.000000 | val_blend=0.000000 | batches=1131/154 | seconds=153.48 | lr=[0.0009025] | cuda_peak_mb=2203.3
[2026-09-08 23:38:56] INFO Val horizons | 15min_mae=1.313113 15min_rmse=2.759129 15min_mape=2.810550 | 30min_mae=1.619052 30min_rmse=3.708691 30min_mape=3.715120 | 60min_mae=1.890268 60min_rmse=4.430690 60min_mape=4.537459
[2026-09-08 23:41:27] INFO Epoch 030 | stage=posthoc_calibrator | train_total=1.381098 | train_forecast=1.381098 | train_confidence=0.000000 | train_risk=0.000000 | train_blend=0.000000 | val_total=1.561009 | val_mae=1.556030 | val_rmse=3.610490 | val_mape=3.582129 | val_confidence=0.000000 | val_risk=0.000000 | val_blend=0.000000 | batches=1131/154 | seconds=151.05 | lr=[0.0009025] | cuda_peak_mb=2203.1
[2026-09-08 23:41:27] INFO Val horizons | 15min_mae=1.313080 15min_rmse=2.758831 15min_mape=2.821769 | 30min_mae=1.619858 30min_rmse=3.710081 30min_mape=3.743195 | 60min_mae=1.888596 60min_rmse=4.427895 60min_mape=4.540356
[2026-09-08 23:43:58] INFO Epoch 031 | stage=posthoc_calibrator | train_total=1.381115 | train_forecast=1.381115 | train_confidence=0.000000 | train_risk=0.000000 | train_blend=0.000000 | val_total=1.562213 | val_mae=1.557206 | val_rmse=3.617394 | val_mape=3.587091 | val_confidence=0.000000 | val_risk=0.000000 | val_blend=0.000000 | batches=1131/154 | seconds=151.12 | lr=[0.000857375] | cuda_peak_mb=2203.3
[2026-09-08 23:43:58] INFO Val horizons | 15min_mae=1.312628 15min_rmse=2.756162 15min_mape=2.813642 | 30min_mae=1.618947 30min_rmse=3.708049 30min_mape=3.731044 | 60min_mae=1.895322 60min_rmse=4.454354 60min_mape=4.585887
[2026-09-08 23:46:29] INFO Epoch 032 | stage=posthoc_calibrator | train_total=1.380929 | train_forecast=1.380929 | train_confidence=0.000000 | train_risk=0.000000 | train_blend=0.000000 | val_total=1.563894 | val_mae=1.558809 | val_rmse=3.621673 | val_mape=3.594595 | val_confidence=0.000000 | val_risk=0.000000 | val_blend=0.000000 | batches=1131/154 | seconds=151.00 | lr=[0.000857375] | cuda_peak_mb=2203.5
[2026-09-08 23:46:29] INFO Val horizons | 15min_mae=1.313737 15min_rmse=2.759432 15min_mape=2.823680 | 30min_mae=1.621304 30min_rmse=3.714040 30min_mape=3.749862 | 60min_mae=1.896399 60min_rmse=4.456501 60min_mape=4.578448
[2026-09-08 23:49:00] INFO Epoch 033 | stage=posthoc_calibrator | train_total=1.380977 | train_forecast=1.380977 | train_confidence=0.000000 | train_risk=0.000000 | train_blend=0.000000 | val_total=1.561930 | val_mae=1.557012 | val_rmse=3.616727 | val_mape=3.577416 | val_confidence=0.000000 | val_risk=0.000000 | val_blend=0.000000 | batches=1131/154 | seconds=151.30 | lr=[0.000857375] | cuda_peak_mb=2203.3
[2026-09-08 23:49:00] INFO Val horizons | 15min_mae=1.312567 15min_rmse=2.757426 15min_mape=2.810726 | 30min_mae=1.618856 30min_rmse=3.707970 30min_mape=3.719828 | 60min_mae=1.895381 60min_rmse=4.451188 60min_mape=4.576029
[2026-09-08 23:51:32] INFO Epoch 034 | stage=posthoc_calibrator | train_total=1.380809 | train_forecast=1.380809 | train_confidence=0.000000 | train_risk=0.000000 | train_blend=0.000000 | val_total=1.563048 | val_mae=1.558182 | val_rmse=3.613394 | val_mape=3.562775 | val_confidence=0.000000 | val_risk=0.000000 | val_blend=0.000000 | batches=1131/154 | seconds=151.56 | lr=[0.000857375] | cuda_peak_mb=2203.6
[2026-09-08 23:51:32] INFO Val horizons | 15min_mae=1.314122 15min_rmse=2.759107 15min_mape=2.809861 | 30min_mae=1.620412 30min_rmse=3.708372 30min_mape=3.712705 | 60min_mae=1.895751 60min_rmse=4.439164 60min_mape=4.536119
[2026-09-08 23:54:02] INFO Epoch 035 | stage=posthoc_calibrator | train_total=1.380812 | train_forecast=1.380812 | train_confidence=0.000000 | train_risk=0.000000 | train_blend=0.000000 | val_total=1.560797 | val_mae=1.555856 | val_rmse=3.605082 | val_mape=3.583183 | val_confidence=0.000000 | val_risk=0.000000 | val_blend=0.000000 | batches=1131/154 | seconds=150.71 | lr=[0.000857375] | cuda_peak_mb=2203.9
[2026-09-08 23:54:02] INFO Val horizons | 15min_mae=1.313041 15min_rmse=2.754929 15min_mape=2.824268 | 30min_mae=1.619208 30min_rmse=3.701566 30min_mape=3.742961 | 60min_mae=1.889485 60min_rmse=4.424834 60min_mape=4.546717
[2026-09-08 23:56:32] INFO Epoch 036 | stage=posthoc_calibrator | train_total=1.380797 | train_forecast=1.380797 | train_confidence=0.000000 | train_risk=0.000000 | train_blend=0.000000 | val_total=1.561727 | val_mae=1.556739 | val_rmse=3.611115 | val_mape=3.582718 | val_confidence=0.000000 | val_risk=0.000000 | val_blend=0.000000 | batches=1131/154 | seconds=149.57 | lr=[0.000857375] | cuda_peak_mb=2203.3
[2026-09-08 23:56:32] INFO Val horizons | 15min_mae=1.312618 15min_rmse=2.755429 15min_mape=2.816691 | 30min_mae=1.619614 30min_rmse=3.705070 30min_mape=3.737186 | 60min_mae=1.892486 60min_rmse=4.436323 60min_mape=4.558915
[2026-09-08 23:59:02] INFO Epoch 037 | stage=posthoc_calibrator | train_total=1.380888 | train_forecast=1.380888 | train_confidence=0.000000 | train_risk=0.000000 | train_blend=0.000000 | val_total=1.566022 | val_mae=1.561128 | val_rmse=3.620763 | val_mape=3.603935 | val_confidence=0.000000 | val_risk=0.000000 | val_blend=0.000000 | batches=1131/154 | seconds=149.69 | lr=[0.000857375] | cuda_peak_mb=2203.1
[2026-09-08 23:59:02] INFO Val horizons | 15min_mae=1.316078 15min_rmse=2.765951 15min_mape=2.832456 | 30min_mae=1.624585 30min_rmse=3.720136 30min_mape=3.758994 | 60min_mae=1.898090 60min_rmse=4.441919 60min_mape=4.586708
[2026-09-09 00:01:31] INFO Epoch 038 | stage=posthoc_calibrator | train_total=1.380720 | train_forecast=1.380720 | train_confidence=0.000000 | train_risk=0.000000 | train_blend=0.000000 | val_total=1.561467 | val_mae=1.556472 | val_rmse=3.616098 | val_mape=3.576215 | val_confidence=0.000000 | val_risk=0.000000 | val_blend=0.000000 | batches=1131/154 | seconds=149.56 | lr=[0.000857375] | cuda_peak_mb=2203.3
[2026-09-09 00:01:31] INFO Val horizons | 15min_mae=1.313078 15min_rmse=2.759069 15min_mape=2.812954 | 30min_mae=1.619560 30min_rmse=3.712005 30min_mape=3.729243 | 60min_mae=1.892059 60min_rmse=4.443663 60min_mape=4.554123
[2026-09-09 00:04:02] INFO Epoch 039 | stage=posthoc_calibrator | train_total=1.380777 | train_forecast=1.380777 | train_confidence=0.000000 | train_risk=0.000000 | train_blend=0.000000 | val_total=1.562240 | val_mae=1.557285 | val_rmse=3.614725 | val_mape=3.594153 | val_confidence=0.000000 | val_risk=0.000000 | val_blend=0.000000 | batches=1131/154 | seconds=150.25 | lr=[0.000857375] | cuda_peak_mb=2203.5
[2026-09-09 00:04:02] INFO Val horizons | 15min_mae=1.312829 15min_rmse=2.757038 15min_mape=2.821176 | 30min_mae=1.620078 30min_rmse=3.708918 30min_mape=3.746690 | 60min_mae=1.893537 60min_rmse=4.444904 60min_mape=4.582471
[2026-09-09 00:06:31] INFO Epoch 040 | stage=posthoc_calibrator | train_total=1.380680 | train_forecast=1.380680 | train_confidence=0.000000 | train_risk=0.000000 | train_blend=0.000000 | val_total=1.564262 | val_mae=1.559304 | val_rmse=3.625901 | val_mape=3.596725 | val_confidence=0.000000 | val_risk=0.000000 | val_blend=0.000000 | batches=1131/154 | seconds=149.53 | lr=[0.000857375] | cuda_peak_mb=2203.3
[2026-09-09 00:06:31] INFO Val horizons | 15min_mae=1.313290 15min_rmse=2.760819 15min_mape=2.821660 | 30min_mae=1.621408 30min_rmse=3.720406 30min_mape=3.748327 | 60min_mae=1.898665 60min_rmse=4.459554 60min_mape=4.592770
[2026-09-09 00:09:01] INFO Epoch 041 | stage=posthoc_calibrator | train_total=1.380716 | train_forecast=1.380716 | train_confidence=0.000000 | train_risk=0.000000 | train_blend=0.000000 | val_total=1.560841 | val_mae=1.555926 | val_rmse=3.614325 | val_mape=3.566541 | val_confidence=0.000000 | val_risk=0.000000 | val_blend=0.000000 | batches=1131/154 | seconds=149.59 | lr=[0.0008145062499999999] | cuda_peak_mb=2203.6
[2026-09-09 00:09:01] INFO Val horizons | 15min_mae=1.312908 15min_rmse=2.758155 15min_mape=2.811869 | 30min_mae=1.618714 30min_rmse=3.711514 30min_mape=3.714648 | 60min_mae=1.891273 60min_rmse=4.437678 60min_mape=4.545109
[2026-09-09 00:11:30] INFO Epoch 042 | stage=posthoc_calibrator | train_total=1.380664 | train_forecast=1.380664 | train_confidence=0.000000 | train_risk=0.000000 | train_blend=0.000000 | val_total=1.558446 | val_mae=1.553563 | val_rmse=3.596061 | val_mape=3.555489 | val_confidence=0.000000 | val_risk=0.000000 | val_blend=0.000000 | batches=1131/154 | seconds=149.52 | lr=[0.0008145062499999999] | cuda_peak_mb=2203.9
[2026-09-09 00:11:30] INFO Val horizons | 15min_mae=1.312310 15min_rmse=2.753490 15min_mape=2.809094 | 30min_mae=1.616459 30min_rmse=3.694078 30min_mape=3.702863 | 60min_mae=1.886665 60min_rmse=4.411065 60min_mape=4.524684
[2026-09-09 00:11:30] INFO Checkpoint updated | epoch=42 | stage=posthoc_calibrator | best_val_mae=1.553563 | path=C:\Users\clw\projects\researchRep\STAnchor-BlockMemory\artifacts\cross_dataset_final\pemsbay_source_router_gwn_seed42\downstream_best.pt
[2026-09-09 00:14:00] INFO Epoch 043 | stage=posthoc_calibrator | train_total=1.380567 | train_forecast=1.380567 | train_confidence=0.000000 | train_risk=0.000000 | train_blend=0.000000 | val_total=1.563419 | val_mae=1.558450 | val_rmse=3.618371 | val_mape=3.588887 | val_confidence=0.000000 | val_risk=0.000000 | val_blend=0.000000 | batches=1131/154 | seconds=149.53 | lr=[0.0008145062499999999] | cuda_peak_mb=2203.3
[2026-09-09 00:14:00] INFO Val horizons | 15min_mae=1.314136 15min_rmse=2.760911 15min_mape=2.827104 | 30min_mae=1.622021 30min_rmse=3.717093 30min_mape=3.750314 | 60min_mae=1.894076 60min_rmse=4.440694 60min_mape=4.555979
[2026-09-09 00:16:29] INFO Epoch 044 | stage=posthoc_calibrator | train_total=1.380587 | train_forecast=1.380587 | train_confidence=0.000000 | train_risk=0.000000 | train_blend=0.000000 | val_total=1.562674 | val_mae=1.557762 | val_rmse=3.615232 | val_mape=3.583719 | val_confidence=0.000000 | val_risk=0.000000 | val_blend=0.000000 | batches=1131/154 | seconds=149.42 | lr=[0.0008145062499999999] | cuda_peak_mb=2203.1
[2026-09-09 00:16:29] INFO Val horizons | 15min_mae=1.313303 15min_rmse=2.759257 15min_mape=2.819005 | 30min_mae=1.619976 30min_rmse=3.705252 30min_mape=3.733042 | 60min_mae=1.895328 60min_rmse=4.449357 60min_mape=4.569268
[2026-09-09 00:18:59] INFO Epoch 045 | stage=posthoc_calibrator | train_total=1.380547 | train_forecast=1.380547 | train_confidence=0.000000 | train_risk=0.000000 | train_blend=0.000000 | val_total=1.563960 | val_mae=1.558890 | val_rmse=3.621404 | val_mape=3.600954 | val_confidence=0.000000 | val_risk=0.000000 | val_blend=0.000000 | batches=1131/154 | seconds=149.83 | lr=[0.0008145062499999999] | cuda_peak_mb=2203.3
[2026-09-09 00:18:59] INFO Val horizons | 15min_mae=1.313676 15min_rmse=2.759009 15min_mape=2.825647 | 30min_mae=1.622502 30min_rmse=3.718020 30min_mape=3.760011 | 60min_mae=1.894337 60min_rmse=4.447275 60min_mape=4.580698
[2026-09-09 00:21:29] INFO Epoch 046 | stage=posthoc_calibrator | train_total=1.380370 | train_forecast=1.380370 | train_confidence=0.000000 | train_risk=0.000000 | train_blend=0.000000 | val_total=1.560247 | val_mae=1.555387 | val_rmse=3.607893 | val_mape=3.563043 | val_confidence=0.000000 | val_risk=0.000000 | val_blend=0.000000 | batches=1131/154 | seconds=149.57 | lr=[0.0008145062499999999] | cuda_peak_mb=2203.5
[2026-09-09 00:21:29] INFO Val horizons | 15min_mae=1.312402 15min_rmse=2.753509 15min_mape=2.806770 | 30min_mae=1.616945 30min_rmse=3.700198 30min_mape=3.705263 | 60min_mae=1.892593 60min_rmse=4.438271 60min_mape=4.551457
[2026-09-09 00:23:58] INFO Epoch 047 | stage=posthoc_calibrator | train_total=1.380494 | train_forecast=1.380494 | train_confidence=0.000000 | train_risk=0.000000 | train_blend=0.000000 | val_total=1.561169 | val_mae=1.556241 | val_rmse=3.609800 | val_mape=3.587601 | val_confidence=0.000000 | val_risk=0.000000 | val_blend=0.000000 | batches=1131/154 | seconds=149.71 | lr=[0.0008145062499999999] | cuda_peak_mb=2203.3
[2026-09-09 00:23:58] INFO Val horizons | 15min_mae=1.313131 15min_rmse=2.759870 15min_mape=2.823538 | 30min_mae=1.619811 30min_rmse=3.706814 30min_mape=3.745425 | 60min_mae=1.890307 60min_rmse=4.430756 60min_mape=4.560628
[2026-09-09 00:26:28] INFO Epoch 048 | stage=posthoc_calibrator | train_total=1.380387 | train_forecast=1.380387 | train_confidence=0.000000 | train_risk=0.000000 | train_blend=0.000000 | val_total=1.561495 | val_mae=1.556571 | val_rmse=3.611051 | val_mape=3.584851 | val_confidence=0.000000 | val_risk=0.000000 | val_blend=0.000000 | batches=1131/154 | seconds=149.62 | lr=[0.0008145062499999999] | cuda_peak_mb=2203.6
[2026-09-09 00:26:28] INFO Val horizons | 15min_mae=1.313124 15min_rmse=2.760037 15min_mape=2.821902 | 30min_mae=1.619498 30min_rmse=3.707236 30min_mape=3.735054 | 60min_mae=1.891526 60min_rmse=4.434933 60min_mape=4.566573
[2026-09-09 00:28:58] INFO Epoch 049 | stage=posthoc_calibrator | train_total=1.380476 | train_forecast=1.380476 | train_confidence=0.000000 | train_risk=0.000000 | train_blend=0.000000 | val_total=1.563432 | val_mae=1.558359 | val_rmse=3.617664 | val_mape=3.593756 | val_confidence=0.000000 | val_risk=0.000000 | val_blend=0.000000 | batches=1131/154 | seconds=149.75 | lr=[0.0008145062499999999] | cuda_peak_mb=2203.9
[2026-09-09 00:28:58] INFO Val horizons | 15min_mae=1.313914 15min_rmse=2.758584 15min_mape=2.824526 | 30min_mae=1.622006 30min_rmse=3.714006 30min_mape=3.750958 | 60min_mae=1.892308 60min_rmse=4.440214 60min_mape=4.565711
[2026-09-09 00:31:28] INFO Epoch 050 | stage=posthoc_calibrator | train_total=1.380308 | train_forecast=1.380308 | train_confidence=0.000000 | train_risk=0.000000 | train_blend=0.000000 | val_total=1.561753 | val_mae=1.556753 | val_rmse=3.612501 | val_mape=3.578646 | val_confidence=0.000000 | val_risk=0.000000 | val_blend=0.000000 | batches=1131/154 | seconds=149.92 | lr=[0.0008145062499999999] | cuda_peak_mb=2203.3
[2026-09-09 00:31:28] INFO Val horizons | 15min_mae=1.312960 15min_rmse=2.757385 15min_mape=2.814899 | 30min_mae=1.619476 30min_rmse=3.707792 30min_mape=3.730079 | 60min_mae=1.892924 60min_rmse=4.439717 60min_mape=4.560351
[2026-09-09 00:31:28] INFO Downstream training finished | best_val_mae=1.553563 | checkpoint=C:\Users\clw\projects\researchRep\STAnchor-BlockMemory\artifacts\cross_dataset_final\pemsbay_source_router_gwn_seed42\downstream_best.pt
