[2026-09-10 06:21:11] INFO Downstream start | run=cross_dataset_final/pems08_baseonly_staeformer_seed42 | device=cuda:0 (requested=cuda:0) | seed=42 | output=C:\Users\clw\projects\researchRep\STAnchor-BlockMemory\artifacts\cross_dataset_final\pems08_baseonly_staeformer_seed42
[2026-09-10 06:21:11] INFO Mode | downstream_mode=base_only | training_protocol=staged_joint | candidate_protocol=weekday_radius1_overlap
[2026-09-10 06:21:11] INFO STAEformer temporal covariates | mode=calendar | source=dataset slot/weekday
[2026-09-10 06:21:11] INFO Downstream initialization | seed=42 | state_hash=1c2ce980083577da
[2026-09-10 06:21:11] INFO Data | steps=17856 | nodes=170 | channels=1 | training_scope=full_train | memory/post_memory/train_selected/val/test=8540/3660/12200/1486/3273
[2026-09-10 06:21:11] INFO Bank/retrieval | disabled (base_only)
[2026-09-10 06:21:11] INFO Parameters | downstream_total=1,223,681 | downstream_trainable=1,223,412 | backbone=1,223,412 | confidence_head=0 | fusion=0 | frozen_pretrained=0
[2026-09-10 06:21:11] INFO Optimization | epochs=50 | batch_size=32 | optimizer=adam | lr=0.001 | weight_decay=0.0001 | scheduler=step_lr | step_size=10 | gamma=0.950 | confidence_weight=0.000 | patience=10 | early_stopping=disabled
[2026-09-10 06:21:12] INFO Stage start | stage=standard | epochs=50 | optimizer_lrs=[0.001]
[2026-09-10 06:22:38] INFO Epoch 001 | stage=standard | train_total=1.650734 | train_forecast=1.650734 | train_confidence=0.000000 | train_risk=0.000000 | train_blend=0.000000 | val_total=1.623363 | val_mae=1.618587 | val_rmse=3.758663 | val_mape=3.682341 | val_confidence=0.000000 | val_risk=0.000000 | val_blend=0.000000 | batches=382/47 | seconds=85.96 | lr=[0.001] | cuda_peak_mb=3372.8
[2026-09-10 06:22:38] INFO Val horizons | 15min_mae=1.365545 15min_rmse=2.950937 15min_mape=2.928643 | 30min_mae=1.647227 30min_rmse=3.784010 30min_mape=3.737090 | 60min_mae=1.985851 60min_rmse=4.621030 60min_mape=4.719759
[2026-09-10 06:22:38] INFO Checkpoint updated | epoch=1 | stage=standard | best_val_mae=1.618587 | path=C:\Users\clw\projects\researchRep\STAnchor-BlockMemory\artifacts\cross_dataset_final\pems08_baseonly_staeformer_seed42\downstream_best.pt
[2026-09-10 06:24:04] INFO Epoch 002 | stage=standard | train_total=1.392675 | train_forecast=1.392675 | train_confidence=0.000000 | train_risk=0.000000 | train_blend=0.000000 | val_total=1.556449 | val_mae=1.554030 | val_rmse=3.746706 | val_mape=3.578751 | val_confidence=0.000000 | val_risk=0.000000 | val_blend=0.000000 | batches=382/47 | seconds=86.26 | lr=[0.001] | cuda_peak_mb=3372.8
[2026-09-10 06:24:04] INFO Val horizons | 15min_mae=1.318886 15min_rmse=2.896535 15min_mape=2.846077 | 30min_mae=1.592702 30min_rmse=3.748035 30min_mape=3.642287 | 60min_mae=1.889995 60min_rmse=4.635179 60min_mape=4.561148
[2026-09-10 06:24:04] INFO Checkpoint updated | epoch=2 | stage=standard | best_val_mae=1.554030 | path=C:\Users\clw\projects\researchRep\STAnchor-BlockMemory\artifacts\cross_dataset_final\pems08_baseonly_staeformer_seed42\downstream_best.pt
[2026-09-10 06:25:31] INFO Epoch 003 | stage=standard | train_total=1.315497 | train_forecast=1.315497 | train_confidence=0.000000 | train_risk=0.000000 | train_blend=0.000000 | val_total=1.437504 | val_mae=1.435598 | val_rmse=3.494874 | val_mape=3.152530 | val_confidence=0.000000 | val_risk=0.000000 | val_blend=0.000000 | batches=382/47 | seconds=86.25 | lr=[0.001] | cuda_peak_mb=3372.8
[2026-09-10 06:25:31] INFO Val horizons | 15min_mae=1.195076 15min_rmse=2.662013 15min_mape=2.428417 | 30min_mae=1.469858 30min_rmse=3.503352 30min_mape=3.190610 | 60min_mae=1.791497 60min_rmse=4.390828 60min_mape=4.193768
[2026-09-10 06:25:31] INFO Checkpoint updated | epoch=3 | stage=standard | best_val_mae=1.435598 | path=C:\Users\clw\projects\researchRep\STAnchor-BlockMemory\artifacts\cross_dataset_final\pems08_baseonly_staeformer_seed42\downstream_best.pt
[2026-09-10 06:26:57] INFO Epoch 004 | stage=standard | train_total=1.260096 | train_forecast=1.260096 | train_confidence=0.000000 | train_risk=0.000000 | train_blend=0.000000 | val_total=1.402023 | val_mae=1.399385 | val_rmse=3.446910 | val_mape=3.111634 | val_confidence=0.000000 | val_risk=0.000000 | val_blend=0.000000 | batches=382/47 | seconds=86.18 | lr=[0.001] | cuda_peak_mb=3372.8
[2026-09-10 06:26:57] INFO Val horizons | 15min_mae=1.174726 15min_rmse=2.621625 15min_mape=2.379652 | 30min_mae=1.429272 30min_rmse=3.465325 30min_mape=3.171757 | 60min_mae=1.728986 60min_rmse=4.309561 60min_mape=4.108057
[2026-09-10 06:26:57] INFO Checkpoint updated | epoch=4 | stage=standard | best_val_mae=1.399385 | path=C:\Users\clw\projects\researchRep\STAnchor-BlockMemory\artifacts\cross_dataset_final\pems08_baseonly_staeformer_seed42\downstream_best.pt
[2026-09-10 06:28:23] INFO Epoch 005 | stage=standard | train_total=1.224333 | train_forecast=1.224333 | train_confidence=0.000000 | train_risk=0.000000 | train_blend=0.000000 | val_total=1.384104 | val_mae=1.382545 | val_rmse=3.439012 | val_mape=2.962578 | val_confidence=0.000000 | val_risk=0.000000 | val_blend=0.000000 | batches=382/47 | seconds=86.22 | lr=[0.001] | cuda_peak_mb=3372.8
[2026-09-10 06:28:23] INFO Val horizons | 15min_mae=1.150377 15min_rmse=2.592558 15min_mape=2.260274 | 30min_mae=1.426793 30min_rmse=3.475993 30min_mape=3.040422 | 60min_mae=1.708003 60min_rmse=4.307469 60min_mape=3.906773
[2026-09-10 06:28:23] INFO Checkpoint updated | epoch=5 | stage=standard | best_val_mae=1.382545 | path=C:\Users\clw\projects\researchRep\STAnchor-BlockMemory\artifacts\cross_dataset_final\pems08_baseonly_staeformer_seed42\downstream_best.pt
[2026-09-10 06:29:49] INFO Epoch 006 | stage=standard | train_total=1.198618 | train_forecast=1.198618 | train_confidence=0.000000 | train_risk=0.000000 | train_blend=0.000000 | val_total=1.397072 | val_mae=1.394533 | val_rmse=3.397996 | val_mape=2.961370 | val_confidence=0.000000 | val_risk=0.000000 | val_blend=0.000000 | batches=382/47 | seconds=85.96 | lr=[0.001] | cuda_peak_mb=3372.8
[2026-09-10 06:29:49] INFO Val horizons | 15min_mae=1.180688 15min_rmse=2.587676 15min_mape=2.320002 | 30min_mae=1.435307 30min_rmse=3.416128 30min_mape=3.015967 | 60min_mae=1.709741 60min_rmse=4.252430 60min_mape=3.881877
[2026-09-10 06:31:15] INFO Epoch 007 | stage=standard | train_total=1.175978 | train_forecast=1.175978 | train_confidence=0.000000 | train_risk=0.000000 | train_blend=0.000000 | val_total=1.381811 | val_mae=1.380207 | val_rmse=3.562964 | val_mape=3.127576 | val_confidence=0.000000 | val_risk=0.000000 | val_blend=0.000000 | batches=382/47 | seconds=85.93 | lr=[0.001] | cuda_peak_mb=3372.8
[2026-09-10 06:31:15] INFO Val horizons | 15min_mae=1.161260 15min_rmse=2.676998 15min_mape=2.425408 | 30min_mae=1.420678 30min_rmse=3.609258 30min_mape=3.217125 | 60min_mae=1.684796 60min_rmse=4.426028 60min_mape=4.043367
[2026-09-10 06:31:15] INFO Checkpoint updated | epoch=7 | stage=standard | best_val_mae=1.380207 | path=C:\Users\clw\projects\researchRep\STAnchor-BlockMemory\artifacts\cross_dataset_final\pems08_baseonly_staeformer_seed42\downstream_best.pt
[2026-09-10 06:32:41] INFO Epoch 008 | stage=standard | train_total=1.159821 | train_forecast=1.159821 | train_confidence=0.000000 | train_risk=0.000000 | train_blend=0.000000 | val_total=1.381018 | val_mae=1.378990 | val_rmse=3.482651 | val_mape=3.057569 | val_confidence=0.000000 | val_risk=0.000000 | val_blend=0.000000 | batches=382/47 | seconds=86.05 | lr=[0.001] | cuda_peak_mb=3372.8
[2026-09-10 06:32:41] INFO Val horizons | 15min_mae=1.168813 15min_rmse=2.609837 15min_mape=2.376276 | 30min_mae=1.414802 30min_rmse=3.471552 30min_mape=3.096046 | 60min_mae=1.694081 60min_rmse=4.413743 60min_mape=4.039046
[2026-09-10 06:32:41] INFO Checkpoint updated | epoch=8 | stage=standard | best_val_mae=1.378990 | path=C:\Users\clw\projects\researchRep\STAnchor-BlockMemory\artifacts\cross_dataset_final\pems08_baseonly_staeformer_seed42\downstream_best.pt
[2026-09-10 06:34:07] INFO Epoch 009 | stage=standard | train_total=1.148905 | train_forecast=1.148905 | train_confidence=0.000000 | train_risk=0.000000 | train_blend=0.000000 | val_total=1.352068 | val_mae=1.350836 | val_rmse=3.469607 | val_mape=2.977790 | val_confidence=0.000000 | val_risk=0.000000 | val_blend=0.000000 | batches=382/47 | seconds=85.94 | lr=[0.001] | cuda_peak_mb=3372.8
[2026-09-10 06:34:07] INFO Val horizons | 15min_mae=1.124955 15min_rmse=2.576876 15min_mape=2.258439 | 30min_mae=1.385473 30min_rmse=3.476001 30min_mape=3.021097 | 60min_mae=1.671307 60min_rmse=4.379507 60min_mape=3.950535
[2026-09-10 06:34:07] INFO Checkpoint updated | epoch=9 | stage=standard | best_val_mae=1.350836 | path=C:\Users\clw\projects\researchRep\STAnchor-BlockMemory\artifacts\cross_dataset_final\pems08_baseonly_staeformer_seed42\downstream_best.pt
[2026-09-10 06:35:33] INFO Epoch 010 | stage=standard | train_total=1.136724 | train_forecast=1.136724 | train_confidence=0.000000 | train_risk=0.000000 | train_blend=0.000000 | val_total=1.346791 | val_mae=1.344871 | val_rmse=3.474120 | val_mape=2.978501 | val_confidence=0.000000 | val_risk=0.000000 | val_blend=0.000000 | batches=382/47 | seconds=85.91 | lr=[0.001] | cuda_peak_mb=3372.8
[2026-09-10 06:35:33] INFO Val horizons | 15min_mae=1.125062 15min_rmse=2.590014 15min_mape=2.291768 | 30min_mae=1.389325 30min_rmse=3.521641 30min_mape=3.069785 | 60min_mae=1.654038 60min_rmse=4.338981 60min_mape=3.903065
[2026-09-10 06:35:33] INFO Checkpoint updated | epoch=10 | stage=standard | best_val_mae=1.344871 | path=C:\Users\clw\projects\researchRep\STAnchor-BlockMemory\artifacts\cross_dataset_final\pems08_baseonly_staeformer_seed42\downstream_best.pt
[2026-09-10 06:36:59] INFO Epoch 011 | stage=standard | train_total=1.122011 | train_forecast=1.122011 | train_confidence=0.000000 | train_risk=0.000000 | train_blend=0.000000 | val_total=1.346544 | val_mae=1.344135 | val_rmse=3.474772 | val_mape=3.000052 | val_confidence=0.000000 | val_risk=0.000000 | val_blend=0.000000 | batches=382/47 | seconds=86.00 | lr=[0.00095] | cuda_peak_mb=3372.8
[2026-09-10 06:36:59] INFO Val horizons | 15min_mae=1.132609 15min_rmse=2.613207 15min_mape=2.349715 | 30min_mae=1.381681 30min_rmse=3.529566 30min_mape=3.086997 | 60min_mae=1.644726 60min_rmse=4.329313 60min_mape=3.883147
[2026-09-10 06:36:59] INFO Checkpoint updated | epoch=11 | stage=standard | best_val_mae=1.344135 | path=C:\Users\clw\projects\researchRep\STAnchor-BlockMemory\artifacts\cross_dataset_final\pems08_baseonly_staeformer_seed42\downstream_best.pt
[2026-09-10 06:38:25] INFO Epoch 012 | stage=standard | train_total=1.112341 | train_forecast=1.112341 | train_confidence=0.000000 | train_risk=0.000000 | train_blend=0.000000 | val_total=1.350896 | val_mae=1.348727 | val_rmse=3.505946 | val_mape=2.943663 | val_confidence=0.000000 | val_risk=0.000000 | val_blend=0.000000 | batches=382/47 | seconds=86.01 | lr=[0.00095] | cuda_peak_mb=3372.8
[2026-09-10 06:38:25] INFO Val horizons | 15min_mae=1.121054 15min_rmse=2.615446 15min_mape=2.271095 | 30min_mae=1.385515 30min_rmse=3.558274 30min_mape=3.010422 | 60min_mae=1.671736 60min_rmse=4.377235 60min_mape=3.882544
[2026-09-10 06:39:51] INFO Epoch 013 | stage=standard | train_total=1.103610 | train_forecast=1.103610 | train_confidence=0.000000 | train_risk=0.000000 | train_blend=0.000000 | val_total=1.331256 | val_mae=1.328672 | val_rmse=3.461067 | val_mape=2.943641 | val_confidence=0.000000 | val_risk=0.000000 | val_blend=0.000000 | batches=382/47 | seconds=86.00 | lr=[0.00095] | cuda_peak_mb=3372.8
[2026-09-10 06:39:51] INFO Val horizons | 15min_mae=1.117537 15min_rmse=2.633473 15min_mape=2.319120 | 30min_mae=1.362127 30min_rmse=3.500296 30min_mape=2.999784 | 60min_mae=1.638798 60min_rmse=4.314763 60min_mape=3.829532
[2026-09-10 06:39:51] INFO Checkpoint updated | epoch=13 | stage=standard | best_val_mae=1.328672 | path=C:\Users\clw\projects\researchRep\STAnchor-BlockMemory\artifacts\cross_dataset_final\pems08_baseonly_staeformer_seed42\downstream_best.pt
[2026-09-10 06:41:17] INFO Epoch 014 | stage=standard | train_total=1.096336 | train_forecast=1.096336 | train_confidence=0.000000 | train_risk=0.000000 | train_blend=0.000000 | val_total=1.331078 | val_mae=1.328115 | val_rmse=3.478552 | val_mape=2.937320 | val_confidence=0.000000 | val_risk=0.000000 | val_blend=0.000000 | batches=382/47 | seconds=86.02 | lr=[0.00095] | cuda_peak_mb=3372.8
[2026-09-10 06:41:17] INFO Val horizons | 15min_mae=1.118668 15min_rmse=2.624265 15min_mape=2.277267 | 30min_mae=1.369832 30min_rmse=3.540926 30min_mape=3.018468 | 60min_mae=1.625074 60min_rmse=4.300679 60min_mape=3.815775
[2026-09-10 06:41:17] INFO Checkpoint updated | epoch=14 | stage=standard | best_val_mae=1.328115 | path=C:\Users\clw\projects\researchRep\STAnchor-BlockMemory\artifacts\cross_dataset_final\pems08_baseonly_staeformer_seed42\downstream_best.pt
[2026-09-10 06:42:43] INFO Epoch 015 | stage=standard | train_total=1.087114 | train_forecast=1.087114 | train_confidence=0.000000 | train_risk=0.000000 | train_blend=0.000000 | val_total=1.322308 | val_mae=1.320252 | val_rmse=3.427765 | val_mape=2.880951 | val_confidence=0.000000 | val_risk=0.000000 | val_blend=0.000000 | batches=382/47 | seconds=85.89 | lr=[0.00095] | cuda_peak_mb=3372.8
[2026-09-10 06:42:43] INFO Val horizons | 15min_mae=1.108545 15min_rmse=2.587238 15min_mape=2.229824 | 30min_mae=1.361621 30min_rmse=3.477969 30min_mape=2.962064 | 60min_mae=1.628662 60min_rmse=4.272684 60min_mape=3.780754
[2026-09-10 06:42:43] INFO Checkpoint updated | epoch=15 | stage=standard | best_val_mae=1.320252 | path=C:\Users\clw\projects\researchRep\STAnchor-BlockMemory\artifacts\cross_dataset_final\pems08_baseonly_staeformer_seed42\downstream_best.pt
[2026-09-10 06:44:09] INFO Epoch 016 | stage=standard | train_total=1.080093 | train_forecast=1.080093 | train_confidence=0.000000 | train_risk=0.000000 | train_blend=0.000000 | val_total=1.340080 | val_mae=1.337234 | val_rmse=3.533440 | val_mape=3.000642 | val_confidence=0.000000 | val_risk=0.000000 | val_blend=0.000000 | batches=382/47 | seconds=85.96 | lr=[0.00095] | cuda_peak_mb=3372.8
[2026-09-10 06:44:09] INFO Val horizons | 15min_mae=1.132084 15min_rmse=2.674731 15min_mape=2.368158 | 30min_mae=1.378388 30min_rmse=3.609251 30min_mape=3.095468 | 60min_mae=1.640877 60min_rmse=4.354225 60min_mape=3.858940
[2026-09-10 06:45:35] INFO Epoch 017 | stage=standard | train_total=1.071273 | train_forecast=1.071273 | train_confidence=0.000000 | train_risk=0.000000 | train_blend=0.000000 | val_total=1.343241 | val_mae=1.340038 | val_rmse=3.532643 | val_mape=2.991778 | val_confidence=0.000000 | val_risk=0.000000 | val_blend=0.000000 | batches=382/47 | seconds=86.03 | lr=[0.00095] | cuda_peak_mb=3372.8
[2026-09-10 06:45:35] INFO Val horizons | 15min_mae=1.120809 15min_rmse=2.634078 15min_mape=2.306668 | 30min_mae=1.376291 30min_rmse=3.568159 30min_mape=3.053987 | 60min_mae=1.659306 60min_rmse=4.429658 60min_mape=3.945317
[2026-09-10 06:47:01] INFO Epoch 018 | stage=standard | train_total=1.063594 | train_forecast=1.063594 | train_confidence=0.000000 | train_risk=0.000000 | train_blend=0.000000 | val_total=1.333417 | val_mae=1.329906 | val_rmse=3.492496 | val_mape=2.940517 | val_confidence=0.000000 | val_risk=0.000000 | val_blend=0.000000 | batches=382/47 | seconds=85.91 | lr=[0.00095] | cuda_peak_mb=3372.8
[2026-09-10 06:47:01] INFO Val horizons | 15min_mae=1.115295 15min_rmse=2.616232 15min_mape=2.265418 | 30min_mae=1.374349 30min_rmse=3.557414 30min_mape=3.041540 | 60min_mae=1.627274 60min_rmse=4.314051 60min_mape=3.807588
[2026-09-10 06:48:27] INFO Epoch 019 | stage=standard | train_total=1.059405 | train_forecast=1.059405 | train_confidence=0.000000 | train_risk=0.000000 | train_blend=0.000000 | val_total=1.348342 | val_mae=1.345565 | val_rmse=3.594607 | val_mape=3.031668 | val_confidence=0.000000 | val_risk=0.000000 | val_blend=0.000000 | batches=382/47 | seconds=85.87 | lr=[0.00095] | cuda_peak_mb=3372.8
[2026-09-10 06:48:27] INFO Val horizons | 15min_mae=1.131355 15min_rmse=2.699138 15min_mape=2.359101 | 30min_mae=1.393784 30min_rmse=3.699850 30min_mape=3.156458 | 60min_mae=1.654049 60min_rmse=4.431766 60min_mape=3.931255
[2026-09-10 06:49:53] INFO Epoch 020 | stage=standard | train_total=1.054657 | train_forecast=1.054657 | train_confidence=0.000000 | train_risk=0.000000 | train_blend=0.000000 | val_total=1.348634 | val_mae=1.345135 | val_rmse=3.531856 | val_mape=2.952434 | val_confidence=0.000000 | val_risk=0.000000 | val_blend=0.000000 | batches=382/47 | seconds=85.90 | lr=[0.00095] | cuda_peak_mb=3372.8
[2026-09-10 06:49:53] INFO Val horizons | 15min_mae=1.134959 15min_rmse=2.704834 15min_mape=2.360211 | 30min_mae=1.390403 30min_rmse=3.621151 30min_mape=3.042762 | 60min_mae=1.638910 60min_rmse=4.324711 60min_mape=3.748208
[2026-09-10 06:51:19] INFO Epoch 021 | stage=standard | train_total=1.045165 | train_forecast=1.045165 | train_confidence=0.000000 | train_risk=0.000000 | train_blend=0.000000 | val_total=1.343550 | val_mae=1.340409 | val_rmse=3.556917 | val_mape=2.968641 | val_confidence=0.000000 | val_risk=0.000000 | val_blend=0.000000 | batches=382/47 | seconds=85.91 | lr=[0.0009025] | cuda_peak_mb=3372.8
[2026-09-10 06:51:19] INFO Val horizons | 15min_mae=1.120840 15min_rmse=2.650987 15min_mape=2.300414 | 30min_mae=1.386966 30min_rmse=3.642502 30min_mape=3.090221 | 60min_mae=1.646654 60min_rmse=4.387406 60min_mape=3.834569
[2026-09-10 06:52:45] INFO Epoch 022 | stage=standard | train_total=1.040494 | train_forecast=1.040494 | train_confidence=0.000000 | train_risk=0.000000 | train_blend=0.000000 | val_total=1.332682 | val_mae=1.329605 | val_rmse=3.496111 | val_mape=2.879222 | val_confidence=0.000000 | val_risk=0.000000 | val_blend=0.000000 | batches=382/47 | seconds=85.93 | lr=[0.0009025] | cuda_peak_mb=3372.8
[2026-09-10 06:52:45] INFO Val horizons | 15min_mae=1.113464 15min_rmse=2.648288 15min_mape=2.263465 | 30min_mae=1.374772 30min_rmse=3.574206 30min_mape=2.976853 | 60min_mae=1.640316 60min_rmse=4.318912 60min_mape=3.717877
[2026-09-10 06:54:10] INFO Epoch 023 | stage=standard | train_total=1.034245 | train_forecast=1.034245 | train_confidence=0.000000 | train_risk=0.000000 | train_blend=0.000000 | val_total=1.363792 | val_mae=1.361196 | val_rmse=3.640413 | val_mape=3.029825 | val_confidence=0.000000 | val_risk=0.000000 | val_blend=0.000000 | batches=382/47 | seconds=85.92 | lr=[0.0009025] | cuda_peak_mb=3372.8
[2026-09-10 06:54:10] INFO Val horizons | 15min_mae=1.133928 15min_rmse=2.709926 15min_mape=2.356710 | 30min_mae=1.410764 30min_rmse=3.732991 30min_mape=3.162660 | 60min_mae=1.682250 60min_rmse=4.479742 60min_mape=3.891697
[2026-09-10 06:55:36] INFO Epoch 024 | stage=standard | train_total=1.029748 | train_forecast=1.029748 | train_confidence=0.000000 | train_risk=0.000000 | train_blend=0.000000 | val_total=1.332174 | val_mae=1.329537 | val_rmse=3.537406 | val_mape=2.930759 | val_confidence=0.000000 | val_risk=0.000000 | val_blend=0.000000 | batches=382/47 | seconds=85.92 | lr=[0.0009025] | cuda_peak_mb=3372.8
[2026-09-10 06:55:36] INFO Val horizons | 15min_mae=1.114859 15min_rmse=2.643565 15min_mape=2.277754 | 30min_mae=1.374022 30min_rmse=3.606242 30min_mape=3.036385 | 60min_mae=1.639029 60min_rmse=4.398557 60min_mape=3.809130
[2026-09-10 06:57:02] INFO Epoch 025 | stage=standard | train_total=1.024956 | train_forecast=1.024956 | train_confidence=0.000000 | train_risk=0.000000 | train_blend=0.000000 | val_total=1.336500 | val_mae=1.333125 | val_rmse=3.546155 | val_mape=2.963961 | val_confidence=0.000000 | val_risk=0.000000 | val_blend=0.000000 | batches=382/47 | seconds=85.74 | lr=[0.0009025] | cuda_peak_mb=3372.8
[2026-09-10 06:57:02] INFO Val horizons | 15min_mae=1.122593 15min_rmse=2.677813 15min_mape=2.331417 | 30min_mae=1.378726 30min_rmse=3.638670 30min_mape=3.075573 | 60min_mae=1.638425 60min_rmse=4.373474 60min_mape=3.832842
[2026-09-10 06:58:28] INFO Epoch 026 | stage=standard | train_total=1.021847 | train_forecast=1.021847 | train_confidence=0.000000 | train_risk=0.000000 | train_blend=0.000000 | val_total=1.358292 | val_mae=1.356116 | val_rmse=3.651153 | val_mape=3.022425 | val_confidence=0.000000 | val_risk=0.000000 | val_blend=0.000000 | batches=382/47 | seconds=85.63 | lr=[0.0009025] | cuda_peak_mb=3372.8
[2026-09-10 06:58:28] INFO Val horizons | 15min_mae=1.125813 15min_rmse=2.681392 15min_mape=2.313435 | 30min_mae=1.411232 30min_rmse=3.753624 30min_mape=3.161038 | 60min_mae=1.670877 60min_rmse=4.523332 60min_mape=3.927626
[2026-09-10 06:59:54] INFO Epoch 027 | stage=standard | train_total=1.017081 | train_forecast=1.017081 | train_confidence=0.000000 | train_risk=0.000000 | train_blend=0.000000 | val_total=1.338380 | val_mae=1.335538 | val_rmse=3.542164 | val_mape=2.940644 | val_confidence=0.000000 | val_risk=0.000000 | val_blend=0.000000 | batches=382/47 | seconds=85.80 | lr=[0.0009025] | cuda_peak_mb=3372.8
[2026-09-10 06:59:54] INFO Val horizons | 15min_mae=1.118862 15min_rmse=2.659463 15min_mape=2.274600 | 30min_mae=1.385896 30min_rmse=3.630598 30min_mape=3.038462 | 60min_mae=1.643871 60min_rmse=4.383906 60min_mape=3.857130
[2026-09-10 07:01:20] INFO Epoch 028 | stage=standard | train_total=1.012715 | train_forecast=1.012715 | train_confidence=0.000000 | train_risk=0.000000 | train_blend=0.000000 | val_total=1.365258 | val_mae=1.361924 | val_rmse=3.631879 | val_mape=2.994294 | val_confidence=0.000000 | val_risk=0.000000 | val_blend=0.000000 | batches=382/47 | seconds=85.92 | lr=[0.0009025] | cuda_peak_mb=3372.8
[2026-09-10 07:01:20] INFO Val horizons | 15min_mae=1.140353 15min_rmse=2.751888 15min_mape=2.367933 | 30min_mae=1.416808 30min_rmse=3.731803 30min_mape=3.108032 | 60min_mae=1.669442 60min_rmse=4.469824 60min_mape=3.845193
[2026-09-10 07:02:45] INFO Epoch 029 | stage=standard | train_total=1.008018 | train_forecast=1.008018 | train_confidence=0.000000 | train_risk=0.000000 | train_blend=0.000000 | val_total=1.372307 | val_mae=1.369457 | val_rmse=3.600158 | val_mape=2.941411 | val_confidence=0.000000 | val_risk=0.000000 | val_blend=0.000000 | batches=382/47 | seconds=85.83 | lr=[0.0009025] | cuda_peak_mb=3372.8
[2026-09-10 07:02:45] INFO Val horizons | 15min_mae=1.144674 15min_rmse=2.703676 15min_mape=2.305122 | 30min_mae=1.417646 30min_rmse=3.694417 30min_mape=3.050841 | 60min_mae=1.693395 60min_rmse=4.446577 60min_mape=3.810762
[2026-09-10 07:04:11] INFO Epoch 030 | stage=standard | train_total=1.007691 | train_forecast=1.007691 | train_confidence=0.000000 | train_risk=0.000000 | train_blend=0.000000 | val_total=1.337637 | val_mae=1.334611 | val_rmse=3.520896 | val_mape=2.941982 | val_confidence=0.000000 | val_risk=0.000000 | val_blend=0.000000 | batches=382/47 | seconds=85.75 | lr=[0.0009025] | cuda_peak_mb=3372.8
[2026-09-10 07:04:11] INFO Val horizons | 15min_mae=1.121775 15min_rmse=2.688092 15min_mape=2.316585 | 30min_mae=1.385686 30min_rmse=3.606730 30min_mape=3.047431 | 60min_mae=1.638449 60min_rmse=4.328905 60min_mape=3.800126
[2026-09-10 07:05:37] INFO Epoch 031 | stage=standard | train_total=0.997914 | train_forecast=0.997914 | train_confidence=0.000000 | train_risk=0.000000 | train_blend=0.000000 | val_total=1.357592 | val_mae=1.354501 | val_rmse=3.658231 | val_mape=3.005822 | val_confidence=0.000000 | val_risk=0.000000 | val_blend=0.000000 | batches=382/47 | seconds=85.78 | lr=[0.000857375] | cuda_peak_mb=3372.8
[2026-09-10 07:05:37] INFO Val horizons | 15min_mae=1.151559 15min_rmse=2.808069 15min_mape=2.413269 | 30min_mae=1.409070 30min_rmse=3.792796 30min_mape=3.143885 | 60min_mae=1.649973 60min_rmse=4.449002 60min_mape=3.810826
[2026-09-10 07:07:03] INFO Epoch 032 | stage=standard | train_total=0.994454 | train_forecast=0.994454 | train_confidence=0.000000 | train_risk=0.000000 | train_blend=0.000000 | val_total=1.344026 | val_mae=1.340672 | val_rmse=3.563961 | val_mape=2.907093 | val_confidence=0.000000 | val_risk=0.000000 | val_blend=0.000000 | batches=382/47 | seconds=85.80 | lr=[0.000857375] | cuda_peak_mb=3372.8
[2026-09-10 07:07:03] INFO Val horizons | 15min_mae=1.131306 15min_rmse=2.737346 15min_mape=2.334839 | 30min_mae=1.394290 30min_rmse=3.678123 30min_mape=3.026937 | 60min_mae=1.636461 60min_rmse=4.350139 60min_mape=3.693207
[2026-09-10 07:08:28] INFO Epoch 033 | stage=standard | train_total=0.994290 | train_forecast=0.994290 | train_confidence=0.000000 | train_risk=0.000000 | train_blend=0.000000 | val_total=1.347393 | val_mae=1.344185 | val_rmse=3.565341 | val_mape=2.956073 | val_confidence=0.000000 | val_risk=0.000000 | val_blend=0.000000 | batches=382/47 | seconds=85.76 | lr=[0.000857375] | cuda_peak_mb=3372.8
[2026-09-10 07:08:28] INFO Val horizons | 15min_mae=1.139518 15min_rmse=2.766047 15min_mape=2.386673 | 30min_mae=1.403835 30min_rmse=3.689593 30min_mape=3.080965 | 60min_mae=1.639340 60min_rmse=4.304953 60min_mape=3.752354
[2026-09-10 07:09:54] INFO Epoch 034 | stage=standard | train_total=0.991620 | train_forecast=0.991620 | train_confidence=0.000000 | train_risk=0.000000 | train_blend=0.000000 | val_total=1.371120 | val_mae=1.367635 | val_rmse=3.651908 | val_mape=2.986711 | val_confidence=0.000000 | val_risk=0.000000 | val_blend=0.000000 | batches=382/47 | seconds=85.72 | lr=[0.000857375] | cuda_peak_mb=3372.8
[2026-09-10 07:09:54] INFO Val horizons | 15min_mae=1.145427 15min_rmse=2.761635 15min_mape=2.364359 | 30min_mae=1.420804 30min_rmse=3.762818 30min_mape=3.111444 | 60min_mae=1.670948 60min_rmse=4.453768 60min_mape=3.815429
[2026-09-10 07:11:20] INFO Epoch 035 | stage=standard | train_total=0.987316 | train_forecast=0.987316 | train_confidence=0.000000 | train_risk=0.000000 | train_blend=0.000000 | val_total=1.359211 | val_mae=1.356132 | val_rmse=3.589042 | val_mape=2.951997 | val_confidence=0.000000 | val_risk=0.000000 | val_blend=0.000000 | batches=382/47 | seconds=85.72 | lr=[0.000857375] | cuda_peak_mb=3372.8
[2026-09-10 07:11:20] INFO Val horizons | 15min_mae=1.139171 15min_rmse=2.715809 15min_mape=2.324901 | 30min_mae=1.403814 30min_rmse=3.693549 30min_mape=3.063145 | 60min_mae=1.661289 60min_rmse=4.400844 60min_mape=3.793219
[2026-09-10 07:12:46] INFO Epoch 036 | stage=standard | train_total=0.984343 | train_forecast=0.984343 | train_confidence=0.000000 | train_risk=0.000000 | train_blend=0.000000 | val_total=1.360655 | val_mae=1.357480 | val_rmse=3.628363 | val_mape=2.972809 | val_confidence=0.000000 | val_risk=0.000000 | val_blend=0.000000 | batches=382/47 | seconds=85.80 | lr=[0.000857375] | cuda_peak_mb=3372.8
[2026-09-10 07:12:46] INFO Val horizons | 15min_mae=1.135720 15min_rmse=2.738897 15min_mape=2.331687 | 30min_mae=1.412434 30min_rmse=3.728164 30min_mape=3.086436 | 60min_mae=1.669964 60min_rmse=4.471317 60min_mape=3.836861
[2026-09-10 07:14:11] INFO Epoch 037 | stage=standard | train_total=0.980704 | train_forecast=0.980704 | train_confidence=0.000000 | train_risk=0.000000 | train_blend=0.000000 | val_total=1.347612 | val_mae=1.344903 | val_rmse=3.572840 | val_mape=2.923076 | val_confidence=0.000000 | val_risk=0.000000 | val_blend=0.000000 | batches=382/47 | seconds=85.67 | lr=[0.000857375] | cuda_peak_mb=3372.8
[2026-09-10 07:14:11] INFO Val horizons | 15min_mae=1.136328 15min_rmse=2.733818 15min_mape=2.338868 | 30min_mae=1.393045 30min_rmse=3.678712 30min_mape=3.037684 | 60min_mae=1.649801 60min_rmse=4.355607 60min_mape=3.729023
[2026-09-10 07:15:37] INFO Epoch 038 | stage=standard | train_total=0.980013 | train_forecast=0.980013 | train_confidence=0.000000 | train_risk=0.000000 | train_blend=0.000000 | val_total=1.361303 | val_mae=1.358279 | val_rmse=3.589194 | val_mape=2.955603 | val_confidence=0.000000 | val_risk=0.000000 | val_blend=0.000000 | batches=382/47 | seconds=85.68 | lr=[0.000857375] | cuda_peak_mb=3372.8
[2026-09-10 07:15:37] INFO Val horizons | 15min_mae=1.153680 15min_rmse=2.779621 15min_mape=2.382768 | 30min_mae=1.417502 30min_rmse=3.718161 30min_mape=3.084261 | 60min_mae=1.650560 60min_rmse=4.354257 60min_mape=3.746213
[2026-09-10 07:17:03] INFO Epoch 039 | stage=standard | train_total=0.976751 | train_forecast=0.976751 | train_confidence=0.000000 | train_risk=0.000000 | train_blend=0.000000 | val_total=1.364851 | val_mae=1.361302 | val_rmse=3.665904 | val_mape=2.977454 | val_confidence=0.000000 | val_risk=0.000000 | val_blend=0.000000 | batches=382/47 | seconds=85.69 | lr=[0.000857375] | cuda_peak_mb=3372.8
[2026-09-10 07:17:03] INFO Val horizons | 15min_mae=1.143546 15min_rmse=2.794586 15min_mape=2.366128 | 30min_mae=1.413919 30min_rmse=3.783894 30min_mape=3.095073 | 60min_mae=1.661876 60min_rmse=4.463883 60min_mape=3.802677
[2026-09-10 07:18:28] INFO Epoch 040 | stage=standard | train_total=0.974420 | train_forecast=0.974420 | train_confidence=0.000000 | train_risk=0.000000 | train_blend=0.000000 | val_total=1.363342 | val_mae=1.360074 | val_rmse=3.654626 | val_mape=3.069353 | val_confidence=0.000000 | val_risk=0.000000 | val_blend=0.000000 | batches=382/47 | seconds=85.75 | lr=[0.000857375] | cuda_peak_mb=3372.8
[2026-09-10 07:18:28] INFO Val horizons | 15min_mae=1.147716 15min_rmse=2.790922 15min_mape=2.441746 | 30min_mae=1.414155 30min_rmse=3.766203 30min_mape=3.212849 | 60min_mae=1.663699 60min_rmse=4.467210 60min_mape=3.904216
[2026-09-10 07:19:54] INFO Epoch 041 | stage=standard | train_total=0.968857 | train_forecast=0.968857 | train_confidence=0.000000 | train_risk=0.000000 | train_blend=0.000000 | val_total=1.372632 | val_mae=1.369530 | val_rmse=3.625705 | val_mape=2.915875 | val_confidence=0.000000 | val_risk=0.000000 | val_blend=0.000000 | batches=382/47 | seconds=85.75 | lr=[0.0008145062499999999] | cuda_peak_mb=3372.8
[2026-09-10 07:19:54] INFO Val horizons | 15min_mae=1.148633 15min_rmse=2.766284 15min_mape=2.323739 | 30min_mae=1.427557 30min_rmse=3.749754 30min_mape=3.038580 | 60min_mae=1.674047 60min_rmse=4.416345 60min_mape=3.716524
[2026-09-10 07:21:20] INFO Epoch 042 | stage=standard | train_total=0.967717 | train_forecast=0.967717 | train_confidence=0.000000 | train_risk=0.000000 | train_blend=0.000000 | val_total=1.359320 | val_mae=1.355754 | val_rmse=3.602350 | val_mape=2.923071 | val_confidence=0.000000 | val_risk=0.000000 | val_blend=0.000000 | batches=382/47 | seconds=85.73 | lr=[0.0008145062499999999] | cuda_peak_mb=3372.8
[2026-09-10 07:21:20] INFO Val horizons | 15min_mae=1.138894 15min_rmse=2.737188 15min_mape=2.326927 | 30min_mae=1.412297 30min_rmse=3.713843 30min_mape=3.047404 | 60min_mae=1.660683 60min_rmse=4.410899 60min_mape=3.742328
[2026-09-10 07:22:46] INFO Epoch 043 | stage=standard | train_total=0.966234 | train_forecast=0.966234 | train_confidence=0.000000 | train_risk=0.000000 | train_blend=0.000000 | val_total=1.372505 | val_mae=1.369108 | val_rmse=3.652101 | val_mape=3.045496 | val_confidence=0.000000 | val_risk=0.000000 | val_blend=0.000000 | batches=382/47 | seconds=85.67 | lr=[0.0008145062499999999] | cuda_peak_mb=3372.8
[2026-09-10 07:22:46] INFO Val horizons | 15min_mae=1.162133 15min_rmse=2.810238 15min_mape=2.449763 | 30min_mae=1.425413 30min_rmse=3.771254 30min_mape=3.187271 | 60min_mae=1.657629 60min_rmse=4.433611 60min_mape=3.837627
[2026-09-10 07:24:11] INFO Epoch 044 | stage=standard | train_total=0.963997 | train_forecast=0.963997 | train_confidence=0.000000 | train_risk=0.000000 | train_blend=0.000000 | val_total=1.359706 | val_mae=1.355798 | val_rmse=3.623293 | val_mape=2.965719 | val_confidence=0.000000 | val_risk=0.000000 | val_blend=0.000000 | batches=382/47 | seconds=85.58 | lr=[0.0008145062499999999] | cuda_peak_mb=3372.8
[2026-09-10 07:24:11] INFO Val horizons | 15min_mae=1.148310 15min_rmse=2.792546 15min_mape=2.369978 | 30min_mae=1.411554 30min_rmse=3.742454 30min_mape=3.089099 | 60min_mae=1.655582 60min_rmse=4.410184 60min_mape=3.790199
[2026-09-10 07:25:37] INFO Epoch 045 | stage=standard | train_total=0.960126 | train_forecast=0.960126 | train_confidence=0.000000 | train_risk=0.000000 | train_blend=0.000000 | val_total=1.367187 | val_mae=1.363388 | val_rmse=3.654761 | val_mape=2.961509 | val_confidence=0.000000 | val_risk=0.000000 | val_blend=0.000000 | batches=382/47 | seconds=85.66 | lr=[0.0008145062499999999] | cuda_peak_mb=3372.8
[2026-09-10 07:25:37] INFO Val horizons | 15min_mae=1.149284 15min_rmse=2.803447 15min_mape=2.376607 | 30min_mae=1.413768 30min_rmse=3.763411 30min_mape=3.082030 | 60min_mae=1.668479 60min_rmse=4.451905 60min_mape=3.762369
[2026-09-10 07:27:03] INFO Epoch 046 | stage=standard | train_total=0.958974 | train_forecast=0.958974 | train_confidence=0.000000 | train_risk=0.000000 | train_blend=0.000000 | val_total=1.356324 | val_mae=1.352499 | val_rmse=3.633680 | val_mape=3.016705 | val_confidence=0.000000 | val_risk=0.000000 | val_blend=0.000000 | batches=382/47 | seconds=85.69 | lr=[0.0008145062499999999] | cuda_peak_mb=3372.8
[2026-09-10 07:27:03] INFO Val horizons | 15min_mae=1.148495 15min_rmse=2.820374 15min_mape=2.438266 | 30min_mae=1.408924 30min_rmse=3.758995 30min_mape=3.157715 | 60min_mae=1.647583 60min_rmse=4.414232 60min_mape=3.822244
[2026-09-10 07:28:28] INFO Epoch 047 | stage=standard | train_total=0.957121 | train_forecast=0.957121 | train_confidence=0.000000 | train_risk=0.000000 | train_blend=0.000000 | val_total=1.367462 | val_mae=1.364097 | val_rmse=3.652731 | val_mape=2.984100 | val_confidence=0.000000 | val_risk=0.000000 | val_blend=0.000000 | batches=382/47 | seconds=85.64 | lr=[0.0008145062499999999] | cuda_peak_mb=3372.8
[2026-09-10 07:28:28] INFO Val horizons | 15min_mae=1.154567 15min_rmse=2.831791 15min_mape=2.423650 | 30min_mae=1.420906 30min_rmse=3.774465 30min_mape=3.112584 | 60min_mae=1.668710 60min_rmse=4.448510 60min_mape=3.783687
[2026-09-10 07:29:54] INFO Epoch 048 | stage=standard | train_total=0.956813 | train_forecast=0.956813 | train_confidence=0.000000 | train_risk=0.000000 | train_blend=0.000000 | val_total=1.361395 | val_mae=1.358727 | val_rmse=3.637174 | val_mape=2.993917 | val_confidence=0.000000 | val_risk=0.000000 | val_blend=0.000000 | batches=382/47 | seconds=85.59 | lr=[0.0008145062499999999] | cuda_peak_mb=3372.8
[2026-09-10 07:29:54] INFO Val horizons | 15min_mae=1.144712 15min_rmse=2.780791 15min_mape=2.396088 | 30min_mae=1.413966 30min_rmse=3.755175 30min_mape=3.127160 | 60min_mae=1.657277 60min_rmse=4.432604 60min_mape=3.799637
[2026-09-10 07:31:20] INFO Epoch 049 | stage=standard | train_total=0.954495 | train_forecast=0.954495 | train_confidence=0.000000 | train_risk=0.000000 | train_blend=0.000000 | val_total=1.353754 | val_mae=1.350319 | val_rmse=3.586597 | val_mape=2.951723 | val_confidence=0.000000 | val_risk=0.000000 | val_blend=0.000000 | batches=382/47 | seconds=85.80 | lr=[0.0008145062499999999] | cuda_peak_mb=3372.8
[2026-09-10 07:31:20] INFO Val horizons | 15min_mae=1.142125 15min_rmse=2.770802 15min_mape=2.377627 | 30min_mae=1.400817 30min_rmse=3.688738 30min_mape=3.074815 | 60min_mae=1.646322 60min_rmse=4.382691 60min_mape=3.751945
[2026-09-10 07:32:45] INFO Epoch 050 | stage=standard | train_total=0.952227 | train_forecast=0.952227 | train_confidence=0.000000 | train_risk=0.000000 | train_blend=0.000000 | val_total=1.357614 | val_mae=1.353681 | val_rmse=3.614467 | val_mape=2.980046 | val_confidence=0.000000 | val_risk=0.000000 | val_blend=0.000000 | batches=382/47 | seconds=85.63 | lr=[0.0008145062499999999] | cuda_peak_mb=3372.8
[2026-09-10 07:32:45] INFO Val horizons | 15min_mae=1.148692 15min_rmse=2.811931 15min_mape=2.422393 | 30min_mae=1.408191 30min_rmse=3.738926 30min_mape=3.104298 | 60min_mae=1.646733 60min_rmse=4.378316 60min_mape=3.754999
[2026-09-10 07:32:45] INFO Downstream training finished | best_val_mae=1.320252 | checkpoint=C:\Users\clw\projects\researchRep\STAnchor-BlockMemory\artifacts\cross_dataset_final\pems08_baseonly_staeformer_seed42\downstream_best.pt
