[2026-09-11 09:04:40] INFO Downstream start | run=convergence/formal_20260910_trained_router_st_ssdl_seed42 | device=cuda:0 (requested=cuda:0) | seed=42 | output=C:\Users\clw\projects\researchRep\STAnchor-BlockMemory\artifacts\convergence\formal_20260910_trained_router_st_ssdl_seed42
[2026-09-11 09:04:40] INFO Mode | downstream_mode=learned_topk_error_aware | training_protocol=posthoc_frozen_base | candidate_protocol=weekday_radius1_overlap | candidate_ranking=learned_key
[2026-09-11 09:04:40] INFO Downstream initialization | seed=42 | state_hash=b382673c315f8cda
[2026-09-11 09:04:40] INFO Frozen base | checkpoint=C:\Users\clw\projects\researchRep\STAnchor-BlockMemory\artifacts\convergence\formal_20260910_baseonly_st_ssdl_seed42\downstream_best.pt | fingerprint=290961abfa3a4d81
[2026-09-11 09:04:40] INFO Data | steps=34272 | nodes=207 | channels=1 | training_scope=full_train | memory/post_memory/train_selected/val/test=15876/6805/22681/2993/6025
[2026-09-11 09:04:40] INFO Bank/retrieval | dataset=metrla_trained_queue | events=15876 | nodes=207 | retrieval_dim=64 | event_top_r=32 | node_top_k=12 | key_dtype=float16
[2026-09-11 09:04:40] INFO Frozen path cache | enabled=yes | candidate_ranking=learned_key | fill=first_epoch
[2026-09-11 09:04:40] INFO Parameters | downstream_total=1,526,700 | downstream_trainable=879,693 | backbone=0 | confidence_head=0 | fusion=0 | frozen_pretrained=958,704
[2026-09-11 09:04:40] INFO Optimization | epochs=50 | batch_size=32 | optimizer=adam | lr=0.0005 | weight_decay=0.0001 | scheduler=step_lr | step_size=10 | gamma=0.500 | confidence_weight=0.000 | patience=20 | early_stopping=disabled
[2026-09-11 09:04:41] INFO Stage start | stage=posthoc_calibrator | epochs=50 | optimizer_lrs=[0.0005]
[2026-09-11 09:11:08] INFO Epoch 001 | stage=posthoc_calibrator | train_total=2.747002 | train_forecast=2.747002 | train_confidence=0.000000 | train_risk=0.000000 | train_blend=0.000000 | val_total=2.728385 | val_mae=2.726184 | val_rmse=5.698830 | val_mape=7.433493 | val_confidence=0.000000 | val_risk=0.000000 | val_blend=0.000000 | batches=709/94 | seconds=386.76 | lr=[0.0005] | cuda_peak_mb=3488.3
[2026-09-11 09:11:08] INFO Val horizons | 15min_mae=2.424592 15min_rmse=4.802744 15min_mape=6.283681 | 30min_mae=2.753087 30min_rmse=5.731635 30min_mape=7.553345 | 60min_mae=3.163074 60min_rmse=6.792502 60min_mape=9.059432
[2026-09-11 09:11:08] INFO Checkpoint updated | epoch=1 | stage=posthoc_calibrator | best_val_mae=2.726184 | path=C:\Users\clw\projects\researchRep\STAnchor-BlockMemory\artifacts\convergence\formal_20260910_trained_router_st_ssdl_seed42\downstream_best.pt
[2026-09-11 09:12:11] INFO Epoch 002 | stage=posthoc_calibrator | train_total=2.725317 | train_forecast=2.725317 | train_confidence=0.000000 | train_risk=0.000000 | train_blend=0.000000 | val_total=2.749001 | val_mae=2.747184 | val_rmse=5.753356 | val_mape=7.644690 | val_confidence=0.000000 | val_risk=0.000000 | val_blend=0.000000 | batches=709/94 | seconds=63.07 | lr=[0.0005] | cuda_peak_mb=1422.1
[2026-09-11 09:12:11] INFO Val horizons | 15min_mae=2.430484 15min_rmse=4.802745 15min_mape=6.337791 | 30min_mae=2.771590 30min_rmse=5.750926 30min_mape=7.755590 | 60min_mae=3.199405 60min_rmse=6.921152 60min_mape=9.418045
[2026-09-11 09:13:14] INFO Epoch 003 | stage=posthoc_calibrator | train_total=2.722658 | train_forecast=2.722658 | train_confidence=0.000000 | train_risk=0.000000 | train_blend=0.000000 | val_total=2.752464 | val_mae=2.750652 | val_rmse=5.785426 | val_mape=7.751521 | val_confidence=0.000000 | val_risk=0.000000 | val_blend=0.000000 | batches=709/94 | seconds=63.16 | lr=[0.0005] | cuda_peak_mb=1422.7
[2026-09-11 09:13:14] INFO Val horizons | 15min_mae=2.431132 15min_rmse=4.807676 15min_mape=6.376409 | 30min_mae=2.776692 30min_rmse=5.785037 30min_mape=7.884458 | 60min_mae=3.204169 60min_rmse=6.964650 60min_mape=9.554391
[2026-09-11 09:14:17] INFO Epoch 004 | stage=posthoc_calibrator | train_total=2.719583 | train_forecast=2.719583 | train_confidence=0.000000 | train_risk=0.000000 | train_blend=0.000000 | val_total=2.730198 | val_mae=2.728106 | val_rmse=5.725343 | val_mape=7.646807 | val_confidence=0.000000 | val_risk=0.000000 | val_blend=0.000000 | batches=709/94 | seconds=63.09 | lr=[0.0005] | cuda_peak_mb=1423.3
[2026-09-11 09:14:17] INFO Val horizons | 15min_mae=2.421725 15min_rmse=4.804727 15min_mape=6.339835 | 30min_mae=2.753582 30min_rmse=5.744271 30min_mape=7.766666 | 60min_mae=3.169416 60min_rmse=6.844926 60min_mape=9.422780
[2026-09-11 09:15:20] INFO Epoch 005 | stage=posthoc_calibrator | train_total=2.718898 | train_forecast=2.718898 | train_confidence=0.000000 | train_risk=0.000000 | train_blend=0.000000 | val_total=2.725125 | val_mae=2.723000 | val_rmse=5.708693 | val_mape=7.566363 | val_confidence=0.000000 | val_risk=0.000000 | val_blend=0.000000 | batches=709/94 | seconds=63.07 | lr=[0.0005] | cuda_peak_mb=1422.0
[2026-09-11 09:15:20] INFO Val horizons | 15min_mae=2.420486 15min_rmse=4.803901 15min_mape=6.302016 | 30min_mae=2.748111 30min_rmse=5.727539 30min_mape=7.664930 | 60min_mae=3.163436 60min_rmse=6.831053 60min_mape=9.324215
[2026-09-11 09:15:20] INFO Checkpoint updated | epoch=5 | stage=posthoc_calibrator | best_val_mae=2.723000 | path=C:\Users\clw\projects\researchRep\STAnchor-BlockMemory\artifacts\convergence\formal_20260910_trained_router_st_ssdl_seed42\downstream_best.pt
[2026-09-11 09:16:23] INFO Epoch 006 | stage=posthoc_calibrator | train_total=2.718288 | train_forecast=2.718288 | train_confidence=0.000000 | train_risk=0.000000 | train_blend=0.000000 | val_total=2.743025 | val_mae=2.741076 | val_rmse=5.757093 | val_mape=7.717853 | val_confidence=0.000000 | val_risk=0.000000 | val_blend=0.000000 | batches=709/94 | seconds=63.30 | lr=[0.0005] | cuda_peak_mb=1422.6
[2026-09-11 09:16:23] INFO Val horizons | 15min_mae=2.424851 15min_rmse=4.802071 15min_mape=6.343851 | 30min_mae=2.769141 30min_rmse=5.769355 30min_mape=7.855417 | 60min_mae=3.189743 60min_rmse=6.904802 60min_mape=9.522431
[2026-09-11 09:17:27] INFO Epoch 007 | stage=posthoc_calibrator | train_total=2.717207 | train_forecast=2.717207 | train_confidence=0.000000 | train_risk=0.000000 | train_blend=0.000000 | val_total=2.719346 | val_mae=2.717201 | val_rmse=5.701319 | val_mape=7.476968 | val_confidence=0.000000 | val_risk=0.000000 | val_blend=0.000000 | batches=709/94 | seconds=63.23 | lr=[0.0005] | cuda_peak_mb=1422.8
[2026-09-11 09:17:27] INFO Val horizons | 15min_mae=2.418997 15min_rmse=4.797809 15min_mape=6.274783 | 30min_mae=2.741983 30min_rmse=5.722644 30min_mape=7.595292 | 60min_mae=3.155106 60min_rmse=6.814913 60min_mape=9.143428
[2026-09-11 09:17:27] INFO Checkpoint updated | epoch=7 | stage=posthoc_calibrator | best_val_mae=2.717201 | path=C:\Users\clw\projects\researchRep\STAnchor-BlockMemory\artifacts\convergence\formal_20260910_trained_router_st_ssdl_seed42\downstream_best.pt
[2026-09-11 09:18:30] INFO Epoch 008 | stage=posthoc_calibrator | train_total=2.716853 | train_forecast=2.716853 | train_confidence=0.000000 | train_risk=0.000000 | train_blend=0.000000 | val_total=2.720030 | val_mae=2.717844 | val_rmse=5.720853 | val_mape=7.634976 | val_confidence=0.000000 | val_risk=0.000000 | val_blend=0.000000 | batches=709/94 | seconds=63.15 | lr=[0.0005] | cuda_peak_mb=1423.3
[2026-09-11 09:18:30] INFO Val horizons | 15min_mae=2.417010 15min_rmse=4.805406 15min_mape=6.300174 | 30min_mae=2.744990 30min_rmse=5.743681 30min_mape=7.732471 | 60min_mae=3.149546 60min_rmse=6.831459 60min_mape=9.444060
[2026-09-11 09:19:33] INFO Epoch 009 | stage=posthoc_calibrator | train_total=2.715880 | train_forecast=2.715880 | train_confidence=0.000000 | train_risk=0.000000 | train_blend=0.000000 | val_total=2.739913 | val_mae=2.738028 | val_rmse=5.753174 | val_mape=7.667724 | val_confidence=0.000000 | val_risk=0.000000 | val_blend=0.000000 | batches=709/94 | seconds=63.21 | lr=[0.0005] | cuda_peak_mb=1423.5
[2026-09-11 09:19:33] INFO Val horizons | 15min_mae=2.422978 15min_rmse=4.801725 15min_mape=6.329488 | 30min_mae=2.762433 30min_rmse=5.759027 30min_mape=7.793732 | 60min_mae=3.190133 60min_rmse=6.906745 60min_mape=9.452382
[2026-09-11 09:20:36] INFO Epoch 010 | stage=posthoc_calibrator | train_total=2.715700 | train_forecast=2.715700 | train_confidence=0.000000 | train_risk=0.000000 | train_blend=0.000000 | val_total=2.720205 | val_mae=2.718010 | val_rmse=5.693664 | val_mape=7.528735 | val_confidence=0.000000 | val_risk=0.000000 | val_blend=0.000000 | batches=709/94 | seconds=63.20 | lr=[0.0005] | cuda_peak_mb=1423.3
[2026-09-11 09:20:36] INFO Val horizons | 15min_mae=2.416687 15min_rmse=4.799908 15min_mape=6.279006 | 30min_mae=2.742902 30min_rmse=5.718843 30min_mape=7.634483 | 60min_mae=3.157095 60min_rmse=6.800657 60min_mape=9.270130
[2026-09-11 09:21:40] INFO Epoch 011 | stage=posthoc_calibrator | train_total=2.713725 | train_forecast=2.713725 | train_confidence=0.000000 | train_risk=0.000000 | train_blend=0.000000 | val_total=2.732940 | val_mae=2.730949 | val_rmse=5.725250 | val_mape=7.569548 | val_confidence=0.000000 | val_risk=0.000000 | val_blend=0.000000 | batches=709/94 | seconds=63.20 | lr=[0.00025] | cuda_peak_mb=1422.1
[2026-09-11 09:21:40] INFO Val horizons | 15min_mae=2.418434 15min_rmse=4.796368 15min_mape=6.292504 | 30min_mae=2.753363 30min_rmse=5.730691 30min_mape=7.689848 | 60min_mae=3.186193 60min_rmse=6.872377 60min_mape=9.296434
[2026-09-11 09:22:43] INFO Epoch 012 | stage=posthoc_calibrator | train_total=2.712663 | train_forecast=2.712663 | train_confidence=0.000000 | train_risk=0.000000 | train_blend=0.000000 | val_total=2.718118 | val_mae=2.715917 | val_rmse=5.716469 | val_mape=7.565606 | val_confidence=0.000000 | val_risk=0.000000 | val_blend=0.000000 | batches=709/94 | seconds=63.25 | lr=[0.00025] | cuda_peak_mb=1423.3
[2026-09-11 09:22:43] INFO Val horizons | 15min_mae=2.415392 15min_rmse=4.806648 15min_mape=6.292743 | 30min_mae=2.740418 30min_rmse=5.740694 30min_mape=7.683366 | 60min_mae=3.152018 60min_rmse=6.829700 60min_mape=9.303867
[2026-09-11 09:22:43] INFO Checkpoint updated | epoch=12 | stage=posthoc_calibrator | best_val_mae=2.715917 | path=C:\Users\clw\projects\researchRep\STAnchor-BlockMemory\artifacts\convergence\formal_20260910_trained_router_st_ssdl_seed42\downstream_best.pt
[2026-09-11 09:23:46] INFO Epoch 013 | stage=posthoc_calibrator | train_total=2.712758 | train_forecast=2.712758 | train_confidence=0.000000 | train_risk=0.000000 | train_blend=0.000000 | val_total=2.747162 | val_mae=2.745319 | val_rmse=5.748929 | val_mape=7.704774 | val_confidence=0.000000 | val_risk=0.000000 | val_blend=0.000000 | batches=709/94 | seconds=63.26 | lr=[0.00025] | cuda_peak_mb=1422.2
[2026-09-11 09:23:46] INFO Val horizons | 15min_mae=2.419800 15min_rmse=4.797636 15min_mape=6.312701 | 30min_mae=2.765180 30min_rmse=5.742817 30min_mape=7.807767 | 60min_mae=3.214785 60min_rmse=6.922261 60min_mape=9.558871
[2026-09-11 09:24:49] INFO Epoch 014 | stage=posthoc_calibrator | train_total=2.712366 | train_forecast=2.712366 | train_confidence=0.000000 | train_risk=0.000000 | train_blend=0.000000 | val_total=2.717906 | val_mae=2.715710 | val_rmse=5.700304 | val_mape=7.603115 | val_confidence=0.000000 | val_risk=0.000000 | val_blend=0.000000 | batches=709/94 | seconds=63.19 | lr=[0.00025] | cuda_peak_mb=1423.0
[2026-09-11 09:24:49] INFO Val horizons | 15min_mae=2.414388 15min_rmse=4.801266 15min_mape=6.297782 | 30min_mae=2.738705 30min_rmse=5.725388 30min_mape=7.700955 | 60min_mae=3.156789 60min_rmse=6.803480 60min_mape=9.389799
[2026-09-11 09:24:49] INFO Checkpoint updated | epoch=14 | stage=posthoc_calibrator | best_val_mae=2.715710 | path=C:\Users\clw\projects\researchRep\STAnchor-BlockMemory\artifacts\convergence\formal_20260910_trained_router_st_ssdl_seed42\downstream_best.pt
[2026-09-11 09:25:52] INFO Epoch 015 | stage=posthoc_calibrator | train_total=2.712313 | train_forecast=2.712313 | train_confidence=0.000000 | train_risk=0.000000 | train_blend=0.000000 | val_total=2.725996 | val_mae=2.723913 | val_rmse=5.720519 | val_mape=7.608372 | val_confidence=0.000000 | val_risk=0.000000 | val_blend=0.000000 | batches=709/94 | seconds=63.10 | lr=[0.00025] | cuda_peak_mb=1422.8
[2026-09-11 09:25:52] INFO Val horizons | 15min_mae=2.415319 15min_rmse=4.802635 15min_mape=6.298656 | 30min_mae=2.745435 30min_rmse=5.737275 30min_mape=7.731369 | 60min_mae=3.176597 60min_rmse=6.851644 60min_mape=9.365404
[2026-09-11 09:26:55] INFO Epoch 016 | stage=posthoc_calibrator | train_total=2.711548 | train_forecast=2.711548 | train_confidence=0.000000 | train_risk=0.000000 | train_blend=0.000000 | val_total=2.732102 | val_mae=2.730100 | val_rmse=5.730512 | val_mape=7.649397 | val_confidence=0.000000 | val_risk=0.000000 | val_blend=0.000000 | batches=709/94 | seconds=63.06 | lr=[0.00025] | cuda_peak_mb=1423.7
[2026-09-11 09:26:55] INFO Val horizons | 15min_mae=2.417407 15min_rmse=4.797651 15min_mape=6.304350 | 30min_mae=2.752893 30min_rmse=5.741153 30min_mape=7.755280 | 60min_mae=3.184083 60min_rmse=6.869435 60min_mape=9.464807
[2026-09-11 09:27:59] INFO Epoch 017 | stage=posthoc_calibrator | train_total=2.711171 | train_forecast=2.711171 | train_confidence=0.000000 | train_risk=0.000000 | train_blend=0.000000 | val_total=2.733997 | val_mae=2.732012 | val_rmse=5.735024 | val_mape=7.635004 | val_confidence=0.000000 | val_risk=0.000000 | val_blend=0.000000 | batches=709/94 | seconds=63.25 | lr=[0.00025] | cuda_peak_mb=1423.3
[2026-09-11 09:27:59] INFO Val horizons | 15min_mae=2.416500 15min_rmse=4.796884 15min_mape=6.288877 | 30min_mae=2.750390 30min_rmse=5.737929 30min_mape=7.723554 | 60min_mae=3.195398 60min_rmse=6.890170 60min_mape=9.475066
[2026-09-11 09:29:02] INFO Epoch 018 | stage=posthoc_calibrator | train_total=2.710658 | train_forecast=2.710658 | train_confidence=0.000000 | train_risk=0.000000 | train_blend=0.000000 | val_total=2.726221 | val_mae=2.724190 | val_rmse=5.720416 | val_mape=7.550621 | val_confidence=0.000000 | val_risk=0.000000 | val_blend=0.000000 | batches=709/94 | seconds=63.06 | lr=[0.00025] | cuda_peak_mb=1422.1
[2026-09-11 09:29:02] INFO Val horizons | 15min_mae=2.414659 15min_rmse=4.798255 15min_mape=6.275084 | 30min_mae=2.743696 30min_rmse=5.730781 30min_mape=7.638022 | 60min_mae=3.182509 60min_rmse=6.860996 60min_mape=9.322797
[2026-09-11 09:30:05] INFO Epoch 019 | stage=posthoc_calibrator | train_total=2.710791 | train_forecast=2.710791 | train_confidence=0.000000 | train_risk=0.000000 | train_blend=0.000000 | val_total=2.722416 | val_mae=2.720202 | val_rmse=5.721426 | val_mape=7.645785 | val_confidence=0.000000 | val_risk=0.000000 | val_blend=0.000000 | batches=709/94 | seconds=63.15 | lr=[0.00025] | cuda_peak_mb=1423.3
[2026-09-11 09:30:05] INFO Val horizons | 15min_mae=2.414619 15min_rmse=4.808547 15min_mape=6.301837 | 30min_mae=2.741170 30min_rmse=5.744919 30min_mape=7.735017 | 60min_mae=3.171312 60min_rmse=6.842508 60min_mape=9.489296
[2026-09-11 09:31:08] INFO Epoch 020 | stage=posthoc_calibrator | train_total=2.710499 | train_forecast=2.710499 | train_confidence=0.000000 | train_risk=0.000000 | train_blend=0.000000 | val_total=2.731177 | val_mae=2.729179 | val_rmse=5.725308 | val_mape=7.592354 | val_confidence=0.000000 | val_risk=0.000000 | val_blend=0.000000 | batches=709/94 | seconds=63.34 | lr=[0.00025] | cuda_peak_mb=1422.5
[2026-09-11 09:31:08] INFO Val horizons | 15min_mae=2.415852 15min_rmse=4.795440 15min_mape=6.287755 | 30min_mae=2.748965 30min_rmse=5.728413 30min_mape=7.694098 | 60min_mae=3.190362 60min_rmse=6.878495 60min_mape=9.380440
[2026-09-11 09:32:12] INFO Epoch 021 | stage=posthoc_calibrator | train_total=2.709226 | train_forecast=2.709226 | train_confidence=0.000000 | train_risk=0.000000 | train_blend=0.000000 | val_total=2.736197 | val_mae=2.734236 | val_rmse=5.732613 | val_mape=7.632329 | val_confidence=0.000000 | val_risk=0.000000 | val_blend=0.000000 | batches=709/94 | seconds=63.24 | lr=[0.000125] | cuda_peak_mb=1422.4
[2026-09-11 09:32:12] INFO Val horizons | 15min_mae=2.416339 15min_rmse=4.797523 15min_mape=6.292702 | 30min_mae=2.752093 30min_rmse=5.735289 30min_mape=7.721020 | 60min_mae=3.200574 60min_rmse=6.886941 60min_mape=9.464849
[2026-09-11 09:33:15] INFO Epoch 022 | stage=posthoc_calibrator | train_total=2.708621 | train_forecast=2.708621 | train_confidence=0.000000 | train_risk=0.000000 | train_blend=0.000000 | val_total=2.730014 | val_mae=2.727955 | val_rmse=5.725806 | val_mape=7.607208 | val_confidence=0.000000 | val_risk=0.000000 | val_blend=0.000000 | batches=709/94 | seconds=63.27 | lr=[0.000125] | cuda_peak_mb=1423.5
[2026-09-11 09:33:15] INFO Val horizons | 15min_mae=2.415458 15min_rmse=4.800216 15min_mape=6.293214 | 30min_mae=2.748096 30min_rmse=5.736326 30min_mape=7.704271 | 60min_mae=3.187138 60min_rmse=6.864181 60min_mape=9.400407
[2026-09-11 09:34:18] INFO Epoch 023 | stage=posthoc_calibrator | train_total=2.708598 | train_forecast=2.708598 | train_confidence=0.000000 | train_risk=0.000000 | train_blend=0.000000 | val_total=2.741500 | val_mae=2.739625 | val_rmse=5.735262 | val_mape=7.562921 | val_confidence=0.000000 | val_risk=0.000000 | val_blend=0.000000 | batches=709/94 | seconds=63.22 | lr=[0.000125] | cuda_peak_mb=1422.1
[2026-09-11 09:34:18] INFO Val horizons | 15min_mae=2.418009 15min_rmse=4.790717 15min_mape=6.272933 | 30min_mae=2.758007 30min_rmse=5.734796 30min_mape=7.673176 | 60min_mae=3.209218 60min_rmse=6.894120 60min_mape=9.315665
[2026-09-11 09:35:21] INFO Epoch 024 | stage=posthoc_calibrator | train_total=2.708168 | train_forecast=2.708168 | train_confidence=0.000000 | train_risk=0.000000 | train_blend=0.000000 | val_total=2.731777 | val_mae=2.729748 | val_rmse=5.727277 | val_mape=7.657258 | val_confidence=0.000000 | val_risk=0.000000 | val_blend=0.000000 | batches=709/94 | seconds=63.21 | lr=[0.000125] | cuda_peak_mb=1422.9
[2026-09-11 09:35:21] INFO Val horizons | 15min_mae=2.415355 15min_rmse=4.796517 15min_mape=6.296374 | 30min_mae=2.749059 30min_rmse=5.734464 30min_mape=7.755901 | 60min_mae=3.189437 60min_rmse=6.870329 60min_mape=9.493211
[2026-09-11 09:36:24] INFO Epoch 025 | stage=posthoc_calibrator | train_total=2.708177 | train_forecast=2.708177 | train_confidence=0.000000 | train_risk=0.000000 | train_blend=0.000000 | val_total=2.730720 | val_mae=2.728689 | val_rmse=5.710864 | val_mape=7.553915 | val_confidence=0.000000 | val_risk=0.000000 | val_blend=0.000000 | batches=709/94 | seconds=63.26 | lr=[0.000125] | cuda_peak_mb=1422.8
[2026-09-11 09:36:24] INFO Val horizons | 15min_mae=2.415517 15min_rmse=4.793294 15min_mape=6.275840 | 30min_mae=2.747279 30min_rmse=5.726260 30min_mape=7.652809 | 60min_mae=3.191802 60min_rmse=6.846883 60min_mape=9.334584
[2026-09-11 09:37:28] INFO Epoch 026 | stage=posthoc_calibrator | train_total=2.708293 | train_forecast=2.708293 | train_confidence=0.000000 | train_risk=0.000000 | train_blend=0.000000 | val_total=2.739179 | val_mae=2.737229 | val_rmse=5.751642 | val_mape=7.698744 | val_confidence=0.000000 | val_risk=0.000000 | val_blend=0.000000 | batches=709/94 | seconds=63.30 | lr=[0.000125] | cuda_peak_mb=1423.7
[2026-09-11 09:37:28] INFO Val horizons | 15min_mae=2.417667 15min_rmse=4.800043 15min_mape=6.313922 | 30min_mae=2.757965 30min_rmse=5.754490 30min_mape=7.797113 | 60min_mae=3.202484 60min_rmse=6.912712 60min_mape=9.558269
[2026-09-11 09:38:31] INFO Epoch 027 | stage=posthoc_calibrator | train_total=2.708189 | train_forecast=2.708189 | train_confidence=0.000000 | train_risk=0.000000 | train_blend=0.000000 | val_total=2.735547 | val_mae=2.733509 | val_rmse=5.740290 | val_mape=7.639611 | val_confidence=0.000000 | val_risk=0.000000 | val_blend=0.000000 | batches=709/94 | seconds=63.30 | lr=[0.000125] | cuda_peak_mb=1422.1
[2026-09-11 09:38:31] INFO Val horizons | 15min_mae=2.417408 15min_rmse=4.799269 15min_mape=6.298901 | 30min_mae=2.754759 30min_rmse=5.747860 30min_mape=7.745666 | 60min_mae=3.193706 60min_rmse=6.890297 60min_mape=9.451914
[2026-09-11 09:39:34] INFO Epoch 028 | stage=posthoc_calibrator | train_total=2.707797 | train_forecast=2.707797 | train_confidence=0.000000 | train_risk=0.000000 | train_blend=0.000000 | val_total=2.727237 | val_mae=2.725143 | val_rmse=5.710168 | val_mape=7.526801 | val_confidence=0.000000 | val_risk=0.000000 | val_blend=0.000000 | batches=709/94 | seconds=63.29 | lr=[0.000125] | cuda_peak_mb=1423.1
[2026-09-11 09:39:34] INFO Val horizons | 15min_mae=2.415509 15min_rmse=4.797116 15min_mape=6.274702 | 30min_mae=2.748717 30min_rmse=5.730397 30min_mape=7.628538 | 60min_mae=3.175533 60min_rmse=6.830414 60min_mape=9.278895
[2026-09-11 09:40:38] INFO Epoch 029 | stage=posthoc_calibrator | train_total=2.707580 | train_forecast=2.707580 | train_confidence=0.000000 | train_risk=0.000000 | train_blend=0.000000 | val_total=2.727276 | val_mae=2.725189 | val_rmse=5.719090 | val_mape=7.562241 | val_confidence=0.000000 | val_risk=0.000000 | val_blend=0.000000 | batches=709/94 | seconds=63.23 | lr=[0.000125] | cuda_peak_mb=1422.8
[2026-09-11 09:40:38] INFO Val horizons | 15min_mae=2.414758 15min_rmse=4.799085 15min_mape=6.284220 | 30min_mae=2.745000 30min_rmse=5.733179 30min_mape=7.665753 | 60min_mae=3.185030 60min_rmse=6.856537 60min_mape=9.317250
[2026-09-11 09:41:41] INFO Epoch 030 | stage=posthoc_calibrator | train_total=2.707672 | train_forecast=2.707672 | train_confidence=0.000000 | train_risk=0.000000 | train_blend=0.000000 | val_total=2.730990 | val_mae=2.728960 | val_rmse=5.725748 | val_mape=7.578933 | val_confidence=0.000000 | val_risk=0.000000 | val_blend=0.000000 | batches=709/94 | seconds=63.33 | lr=[0.000125] | cuda_peak_mb=1422.5
[2026-09-11 09:41:41] INFO Val horizons | 15min_mae=2.416068 15min_rmse=4.794641 15min_mape=6.275286 | 30min_mae=2.751109 30min_rmse=5.733303 30min_mape=7.678949 | 60min_mae=3.185052 60min_rmse=6.872789 60min_mape=9.369789
[2026-09-11 09:42:44] INFO Epoch 031 | stage=posthoc_calibrator | train_total=2.706675 | train_forecast=2.706675 | train_confidence=0.000000 | train_risk=0.000000 | train_blend=0.000000 | val_total=2.740551 | val_mae=2.738635 | val_rmse=5.732495 | val_mape=7.586669 | val_confidence=0.000000 | val_risk=0.000000 | val_blend=0.000000 | batches=709/94 | seconds=63.32 | lr=[6.25e-05] | cuda_peak_mb=1422.5
[2026-09-11 09:42:44] INFO Val horizons | 15min_mae=2.417848 15min_rmse=4.792534 15min_mape=6.278896 | 30min_mae=2.758265 30min_rmse=5.735512 30min_mape=7.688946 | 60min_mae=3.205858 60min_rmse=6.887835 60min_mape=9.370758
[2026-09-11 09:43:48] INFO Epoch 032 | stage=posthoc_calibrator | train_total=2.707010 | train_forecast=2.707010 | train_confidence=0.000000 | train_risk=0.000000 | train_blend=0.000000 | val_total=2.738357 | val_mae=2.736446 | val_rmse=5.735798 | val_mape=7.585110 | val_confidence=0.000000 | val_risk=0.000000 | val_blend=0.000000 | batches=709/94 | seconds=63.30 | lr=[6.25e-05] | cuda_peak_mb=1423.0
[2026-09-11 09:43:48] INFO Val horizons | 15min_mae=2.417441 15min_rmse=4.792472 15min_mape=6.280965 | 30min_mae=2.756356 30min_rmse=5.737362 30min_mape=7.695369 | 60min_mae=3.201927 60min_rmse=6.894435 60min_mape=9.349100
[2026-09-11 09:44:51] INFO Epoch 033 | stage=posthoc_calibrator | train_total=2.706680 | train_forecast=2.706680 | train_confidence=0.000000 | train_risk=0.000000 | train_blend=0.000000 | val_total=2.736380 | val_mae=2.734425 | val_rmse=5.731794 | val_mape=7.580262 | val_confidence=0.000000 | val_risk=0.000000 | val_blend=0.000000 | batches=709/94 | seconds=63.20 | lr=[6.25e-05] | cuda_peak_mb=1422.0
[2026-09-11 09:44:51] INFO Val horizons | 15min_mae=2.417077 15min_rmse=4.794244 15min_mape=6.283654 | 30min_mae=2.754329 30min_rmse=5.738542 30min_mape=7.692029 | 60min_mae=3.198453 60min_rmse=6.882697 60min_mape=9.345832
[2026-09-11 09:45:54] INFO Epoch 034 | stage=posthoc_calibrator | train_total=2.706837 | train_forecast=2.706837 | train_confidence=0.000000 | train_risk=0.000000 | train_blend=0.000000 | val_total=2.736984 | val_mae=2.735041 | val_rmse=5.736684 | val_mape=7.587340 | val_confidence=0.000000 | val_risk=0.000000 | val_blend=0.000000 | batches=709/94 | seconds=63.16 | lr=[6.25e-05] | cuda_peak_mb=1422.1
[2026-09-11 09:45:54] INFO Val horizons | 15min_mae=2.416493 15min_rmse=4.795350 15min_mape=6.281868 | 30min_mae=2.754210 30min_rmse=5.737545 30min_mape=7.684105 | 60min_mae=3.201855 60min_rmse=6.898353 60min_mape=9.378738
[2026-09-11 09:46:57] INFO Epoch 035 | stage=posthoc_calibrator | train_total=2.706664 | train_forecast=2.706664 | train_confidence=0.000000 | train_risk=0.000000 | train_blend=0.000000 | val_total=2.731154 | val_mae=2.729102 | val_rmse=5.727666 | val_mape=7.609430 | val_confidence=0.000000 | val_risk=0.000000 | val_blend=0.000000 | batches=709/94 | seconds=63.12 | lr=[6.25e-05] | cuda_peak_mb=1422.2
[2026-09-11 09:46:57] INFO Val horizons | 15min_mae=2.416178 15min_rmse=4.796317 15min_mape=6.284496 | 30min_mae=2.750389 30min_rmse=5.739252 30min_mape=7.705190 | 60min_mae=3.187005 60min_rmse=6.869970 60min_mape=9.424697
[2026-09-11 09:48:00] INFO Epoch 036 | stage=posthoc_calibrator | train_total=2.706450 | train_forecast=2.706450 | train_confidence=0.000000 | train_risk=0.000000 | train_blend=0.000000 | val_total=2.736641 | val_mae=2.734653 | val_rmse=5.728873 | val_mape=7.556336 | val_confidence=0.000000 | val_risk=0.000000 | val_blend=0.000000 | batches=709/94 | seconds=63.24 | lr=[6.25e-05] | cuda_peak_mb=1422.0
[2026-09-11 09:48:00] INFO Val horizons | 15min_mae=2.416006 15min_rmse=4.794110 15min_mape=6.271406 | 30min_mae=2.752070 30min_rmse=5.734519 30min_mape=7.660787 | 60min_mae=3.204741 60min_rmse=6.884011 60min_mape=9.316134
[2026-09-11 09:49:03] INFO Epoch 037 | stage=posthoc_calibrator | train_total=2.706581 | train_forecast=2.706581 | train_confidence=0.000000 | train_risk=0.000000 | train_blend=0.000000 | val_total=2.735901 | val_mae=2.733939 | val_rmse=5.727065 | val_mape=7.557964 | val_confidence=0.000000 | val_risk=0.000000 | val_blend=0.000000 | batches=709/94 | seconds=63.18 | lr=[6.25e-05] | cuda_peak_mb=1422.0
[2026-09-11 09:49:03] INFO Val horizons | 15min_mae=2.418037 15min_rmse=4.789885 15min_mape=6.264028 | 30min_mae=2.756285 30min_rmse=5.735473 30min_mape=7.661881 | 60min_mae=3.194906 60min_rmse=6.875000 60min_mape=9.321400
[2026-09-11 09:50:07] INFO Epoch 038 | stage=posthoc_calibrator | train_total=2.706417 | train_forecast=2.706417 | train_confidence=0.000000 | train_risk=0.000000 | train_blend=0.000000 | val_total=2.733337 | val_mae=2.731352 | val_rmse=5.734276 | val_mape=7.585925 | val_confidence=0.000000 | val_risk=0.000000 | val_blend=0.000000 | batches=709/94 | seconds=63.19 | lr=[6.25e-05] | cuda_peak_mb=1422.0
[2026-09-11 09:50:07] INFO Val horizons | 15min_mae=2.416645 15min_rmse=4.795255 15min_mape=6.279675 | 30min_mae=2.752454 30min_rmse=5.740988 30min_mape=7.685479 | 60min_mae=3.191264 60min_rmse=6.885141 60min_mape=9.373392
[2026-09-11 09:51:12] INFO Epoch 039 | stage=posthoc_calibrator | train_total=2.706242 | train_forecast=2.706242 | train_confidence=0.000000 | train_risk=0.000000 | train_blend=0.000000 | val_total=2.741355 | val_mae=2.739445 | val_rmse=5.745771 | val_mape=7.634297 | val_confidence=0.000000 | val_risk=0.000000 | val_blend=0.000000 | batches=709/94 | seconds=65.23 | lr=[6.25e-05] | cuda_peak_mb=1422.0
[2026-09-11 09:51:12] INFO Val horizons | 15min_mae=2.417370 15min_rmse=4.794939 15min_mape=6.285603 | 30min_mae=2.757675 30min_rmse=5.744577 30min_mape=7.729378 | 60min_mae=3.211510 60min_rmse=6.914735 60min_mape=9.456355
[2026-09-11 09:52:17] INFO Epoch 040 | stage=posthoc_calibrator | train_total=2.706612 | train_forecast=2.706612 | train_confidence=0.000000 | train_risk=0.000000 | train_blend=0.000000 | val_total=2.736529 | val_mae=2.734543 | val_rmse=5.739103 | val_mape=7.638870 | val_confidence=0.000000 | val_risk=0.000000 | val_blend=0.000000 | batches=709/94 | seconds=65.23 | lr=[6.25e-05] | cuda_peak_mb=1422.0
[2026-09-11 09:52:17] INFO Val horizons | 15min_mae=2.416596 15min_rmse=4.797574 15min_mape=6.292483 | 30min_mae=2.754110 30min_rmse=5.744790 30min_mape=7.737325 | 60min_mae=3.198368 60min_rmse=6.891881 60min_mape=9.463112
[2026-09-11 09:53:21] INFO Epoch 041 | stage=posthoc_calibrator | train_total=2.705991 | train_forecast=2.705991 | train_confidence=0.000000 | train_risk=0.000000 | train_blend=0.000000 | val_total=2.734909 | val_mae=2.732907 | val_rmse=5.731496 | val_mape=7.599330 | val_confidence=0.000000 | val_risk=0.000000 | val_blend=0.000000 | batches=709/94 | seconds=63.88 | lr=[3.125e-05] | cuda_peak_mb=1422.0
[2026-09-11 09:53:21] INFO Val horizons | 15min_mae=2.416693 15min_rmse=4.794474 15min_mape=6.282564 | 30min_mae=2.754093 30min_rmse=5.738017 30min_mape=7.698823 | 60min_mae=3.193603 60min_rmse=6.882750 60min_mape=9.398246
[2026-09-11 09:54:25] INFO Epoch 042 | stage=posthoc_calibrator | train_total=2.705782 | train_forecast=2.705782 | train_confidence=0.000000 | train_risk=0.000000 | train_blend=0.000000 | val_total=2.736797 | val_mae=2.734832 | val_rmse=5.730182 | val_mape=7.589807 | val_confidence=0.000000 | val_risk=0.000000 | val_blend=0.000000 | batches=709/94 | seconds=64.13 | lr=[3.125e-05] | cuda_peak_mb=1422.0
[2026-09-11 09:54:25] INFO Val horizons | 15min_mae=2.416743 15min_rmse=4.794156 15min_mape=6.279453 | 30min_mae=2.754218 30min_rmse=5.736022 30min_mape=7.689404 | 60min_mae=3.201541 60min_rmse=6.884262 60min_mape=9.380478
[2026-09-11 09:55:31] INFO Epoch 043 | stage=posthoc_calibrator | train_total=2.705721 | train_forecast=2.705721 | train_confidence=0.000000 | train_risk=0.000000 | train_blend=0.000000 | val_total=2.732037 | val_mae=2.730006 | val_rmse=5.725811 | val_mape=7.611050 | val_confidence=0.000000 | val_risk=0.000000 | val_blend=0.000000 | batches=709/94 | seconds=65.82 | lr=[3.125e-05] | cuda_peak_mb=1422.0
[2026-09-11 09:55:31] INFO Val horizons | 15min_mae=2.415683 15min_rmse=4.797043 15min_mape=6.287288 | 30min_mae=2.749439 30min_rmse=5.735104 30min_mape=7.707457 | 60min_mae=3.190869 60min_rmse=6.870999 60min_mape=9.416466
[2026-09-11 09:56:37] INFO Epoch 044 | stage=posthoc_calibrator | train_total=2.705596 | train_forecast=2.705596 | train_confidence=0.000000 | train_risk=0.000000 | train_blend=0.000000 | val_total=2.733633 | val_mae=2.731654 | val_rmse=5.721495 | val_mape=7.555690 | val_confidence=0.000000 | val_risk=0.000000 | val_blend=0.000000 | batches=709/94 | seconds=66.16 | lr=[3.125e-05] | cuda_peak_mb=1422.0
[2026-09-11 09:56:37] INFO Val horizons | 15min_mae=2.415811 15min_rmse=4.793120 15min_mape=6.271421 | 30min_mae=2.751128 30min_rmse=5.729217 30min_mape=7.662676 | 60min_mae=3.195413 60min_rmse=6.866928 60min_mape=9.306120
[2026-09-11 09:57:42] INFO Epoch 045 | stage=posthoc_calibrator | train_total=2.705601 | train_forecast=2.705601 | train_confidence=0.000000 | train_risk=0.000000 | train_blend=0.000000 | val_total=2.736706 | val_mae=2.734731 | val_rmse=5.731941 | val_mape=7.589588 | val_confidence=0.000000 | val_risk=0.000000 | val_blend=0.000000 | batches=709/94 | seconds=65.16 | lr=[3.125e-05] | cuda_peak_mb=1422.0
[2026-09-11 09:57:42] INFO Val horizons | 15min_mae=2.416800 15min_rmse=4.794353 15min_mape=6.279103 | 30min_mae=2.754613 30min_rmse=5.736108 30min_mape=7.681709 | 60min_mae=3.199794 60min_rmse=6.888347 60min_mape=9.394260
[2026-09-11 09:58:46] INFO Epoch 046 | stage=posthoc_calibrator | train_total=2.705684 | train_forecast=2.705684 | train_confidence=0.000000 | train_risk=0.000000 | train_blend=0.000000 | val_total=2.744049 | val_mae=2.742174 | val_rmse=5.740868 | val_mape=7.628413 | val_confidence=0.000000 | val_risk=0.000000 | val_blend=0.000000 | batches=709/94 | seconds=63.56 | lr=[3.125e-05] | cuda_peak_mb=1422.0
[2026-09-11 09:58:46] INFO Val horizons | 15min_mae=2.418503 15min_rmse=4.793707 15min_mape=6.288117 | 30min_mae=2.761805 30min_rmse=5.740665 30min_mape=7.731735 | 60min_mae=3.212397 60min_rmse=6.905516 60min_mape=9.441745
[2026-09-11 09:59:50] INFO Epoch 047 | stage=posthoc_calibrator | train_total=2.705692 | train_forecast=2.705692 | train_confidence=0.000000 | train_risk=0.000000 | train_blend=0.000000 | val_total=2.737626 | val_mae=2.735677 | val_rmse=5.738702 | val_mape=7.603207 | val_confidence=0.000000 | val_risk=0.000000 | val_blend=0.000000 | batches=709/94 | seconds=63.69 | lr=[3.125e-05] | cuda_peak_mb=1422.0
[2026-09-11 09:59:50] INFO Val horizons | 15min_mae=2.416800 15min_rmse=4.794851 15min_mape=6.284887 | 30min_mae=2.754321 30min_rmse=5.740728 30min_mape=7.706243 | 60min_mae=3.202692 60min_rmse=6.898487 60min_mape=9.393385
[2026-09-11 10:00:53] INFO Epoch 048 | stage=posthoc_calibrator | train_total=2.705493 | train_forecast=2.705493 | train_confidence=0.000000 | train_risk=0.000000 | train_blend=0.000000 | val_total=2.739348 | val_mae=2.737399 | val_rmse=5.734787 | val_mape=7.615346 | val_confidence=0.000000 | val_risk=0.000000 | val_blend=0.000000 | batches=709/94 | seconds=63.50 | lr=[3.125e-05] | cuda_peak_mb=1422.0
[2026-09-11 10:00:53] INFO Val horizons | 15min_mae=2.417689 15min_rmse=4.793535 15min_mape=6.287568 | 30min_mae=2.757566 30min_rmse=5.738552 30min_mape=7.715772 | 60min_mae=3.204382 60min_rmse=6.892997 60min_mape=9.419392
[2026-09-11 10:01:57] INFO Epoch 049 | stage=posthoc_calibrator | train_total=2.705743 | train_forecast=2.705743 | train_confidence=0.000000 | train_risk=0.000000 | train_blend=0.000000 | val_total=2.735557 | val_mae=2.733567 | val_rmse=5.733784 | val_mape=7.591123 | val_confidence=0.000000 | val_risk=0.000000 | val_blend=0.000000 | batches=709/94 | seconds=63.58 | lr=[3.125e-05] | cuda_peak_mb=1422.0
[2026-09-11 10:01:57] INFO Val horizons | 15min_mae=2.416420 15min_rmse=4.794758 15min_mape=6.282862 | 30min_mae=2.753519 30min_rmse=5.737907 30min_mape=7.694158 | 60min_mae=3.196337 60min_rmse=6.886586 60min_mape=9.370665
[2026-09-11 10:03:00] INFO Epoch 050 | stage=posthoc_calibrator | train_total=2.705418 | train_forecast=2.705418 | train_confidence=0.000000 | train_risk=0.000000 | train_blend=0.000000 | val_total=2.730987 | val_mae=2.728937 | val_rmse=5.723035 | val_mape=7.596364 | val_confidence=0.000000 | val_risk=0.000000 | val_blend=0.000000 | batches=709/94 | seconds=63.66 | lr=[3.125e-05] | cuda_peak_mb=1422.0
[2026-09-11 10:03:00] INFO Val horizons | 15min_mae=2.415820 15min_rmse=4.795625 15min_mape=6.283360 | 30min_mae=2.749808 30min_rmse=5.734338 30min_mape=7.697325 | 60min_mae=3.187374 60min_rmse=6.862580 60min_mape=9.385279
[2026-09-11 10:03:00] INFO Downstream training finished | best_val_mae=2.715710 | checkpoint=C:\Users\clw\projects\researchRep\STAnchor-BlockMemory\artifacts\convergence\formal_20260910_trained_router_st_ssdl_seed42\downstream_best.pt
