[2026-09-09 00:31:34] INFO Downstream start | run=cross_dataset_final/pemsbay_source_router_stgcn_seed42 | device=cuda:0 (requested=cuda:0) | seed=42 | output=C:\Users\clw\projects\researchRep\STAnchor-BlockMemory\artifacts\cross_dataset_final\pemsbay_source_router_stgcn_seed42
[2026-09-09 00:31:34] INFO Mode | downstream_mode=learned_topk_error_aware | training_protocol=posthoc_frozen_base | candidate_protocol=weekday_radius1_overlap
[2026-09-09 00:31:34] INFO Downstream initialization | seed=42 | state_hash=15f9a55797718fc1
[2026-09-09 00:31:34] INFO Frozen base | checkpoint=C:\Users\clw\projects\researchRep\STAnchor-BlockMemory\artifacts\cross_dataset_stage1\pemsbay_baseonly_stgcn_seed42\downstream_best.pt | fingerprint=a206400ca9644f42
[2026-09-09 00:31:34] INFO Data | steps=52116 | nodes=325 | channels=1 | training_scope=full_train | memory/post_memory/train_selected/val/test=25327/10855/36182/4912/10125
[2026-09-09 00:31:34] INFO Bank/retrieval | dataset=PEMS-BAY | events=25327 | nodes=325 | retrieval_dim=64 | event_top_r=96 | node_top_k=12 | key_dtype=float16
[2026-09-09 00:31:34] INFO Parameters | downstream_total=1,171,622 | downstream_trainable=879,693 | backbone=0 | confidence_head=0 | fusion=0 | frozen_pretrained=958,704
[2026-09-09 00:31:34] INFO Optimization | epochs=50 | batch_size=32 | optimizer=adam | lr=0.001 | weight_decay=0.0001 | scheduler=step_lr | step_size=10 | gamma=0.950 | confidence_weight=0.000 | patience=10 | early_stopping=disabled
[2026-09-09 00:31:35] INFO Stage start | stage=posthoc_calibrator | epochs=50 | optimizer_lrs=[0.001]
[2026-09-09 00:48:57] INFO Epoch 001 | stage=posthoc_calibrator | train_total=1.425774 | train_forecast=1.425774 | train_confidence=0.000000 | train_risk=0.000000 | train_blend=0.000000 | val_total=1.604648 | val_mae=1.599811 | val_rmse=3.698287 | val_mape=3.677105 | val_confidence=0.000000 | val_risk=0.000000 | val_blend=0.000000 | batches=1131/154 | seconds=1041.16 | lr=[0.001] | cuda_peak_mb=5432.0
[2026-09-09 00:48:57] INFO Val horizons | 15min_mae=1.345076 15min_rmse=2.811415 15min_mape=2.918556 | 30min_mae=1.665197 30min_rmse=3.784494 30min_mape=3.859903 | 60min_mae=1.944160 60min_rmse=4.549175 60min_mape=4.618975
[2026-09-09 00:48:57] INFO Checkpoint updated | epoch=1 | stage=posthoc_calibrator | best_val_mae=1.599811 | path=C:\Users\clw\projects\researchRep\STAnchor-BlockMemory\artifacts\cross_dataset_final\pemsbay_source_router_stgcn_seed42\downstream_best.pt
[2026-09-09 00:51:28] INFO Epoch 002 | stage=posthoc_calibrator | train_total=1.420695 | train_forecast=1.420695 | train_confidence=0.000000 | train_risk=0.000000 | train_blend=0.000000 | val_total=1.600934 | val_mae=1.596140 | val_rmse=3.685973 | val_mape=3.657711 | val_confidence=0.000000 | val_risk=0.000000 | val_blend=0.000000 | batches=1131/154 | seconds=151.34 | lr=[0.001] | cuda_peak_mb=2203.0
[2026-09-09 00:51:28] INFO Val horizons | 15min_mae=1.343331 15min_rmse=2.807701 15min_mape=2.911784 | 30min_mae=1.661439 30min_rmse=3.773416 30min_mape=3.843871 | 60min_mae=1.939637 60min_rmse=4.532519 60min_mape=4.579332
[2026-09-09 00:51:28] INFO Checkpoint updated | epoch=2 | stage=posthoc_calibrator | best_val_mae=1.596140 | path=C:\Users\clw\projects\researchRep\STAnchor-BlockMemory\artifacts\cross_dataset_final\pemsbay_source_router_stgcn_seed42\downstream_best.pt
[2026-09-09 00:53:58] INFO Epoch 003 | stage=posthoc_calibrator | train_total=1.419511 | train_forecast=1.419511 | train_confidence=0.000000 | train_risk=0.000000 | train_blend=0.000000 | val_total=1.600787 | val_mae=1.595886 | val_rmse=3.692807 | val_mape=3.688509 | val_confidence=0.000000 | val_risk=0.000000 | val_blend=0.000000 | batches=1131/154 | seconds=150.10 | lr=[0.001] | cuda_peak_mb=2203.1
[2026-09-09 00:53:58] INFO Val horizons | 15min_mae=1.343234 15min_rmse=2.807455 15min_mape=2.922779 | 30min_mae=1.661594 30min_rmse=3.779452 30min_mape=3.868072 | 60min_mae=1.938828 60min_rmse=4.545335 60min_mape=4.656912
[2026-09-09 00:53:58] INFO Checkpoint updated | epoch=3 | stage=posthoc_calibrator | best_val_mae=1.595886 | path=C:\Users\clw\projects\researchRep\STAnchor-BlockMemory\artifacts\cross_dataset_final\pemsbay_source_router_stgcn_seed42\downstream_best.pt
[2026-09-09 00:56:28] INFO Epoch 004 | stage=posthoc_calibrator | train_total=1.418299 | train_forecast=1.418299 | train_confidence=0.000000 | train_risk=0.000000 | train_blend=0.000000 | val_total=1.601488 | val_mae=1.596661 | val_rmse=3.687504 | val_mape=3.660927 | val_confidence=0.000000 | val_risk=0.000000 | val_blend=0.000000 | batches=1131/154 | seconds=149.78 | lr=[0.001] | cuda_peak_mb=2203.4
[2026-09-09 00:56:28] INFO Val horizons | 15min_mae=1.342308 15min_rmse=2.806846 15min_mape=2.908900 | 30min_mae=1.662045 30min_rmse=3.775522 30min_mape=3.840857 | 60min_mae=1.942197 60min_rmse=4.535399 60min_mape=4.606040
[2026-09-09 00:58:58] INFO Epoch 005 | stage=posthoc_calibrator | train_total=1.417558 | train_forecast=1.417558 | train_confidence=0.000000 | train_risk=0.000000 | train_blend=0.000000 | val_total=1.599475 | val_mae=1.594677 | val_rmse=3.688377 | val_mape=3.663953 | val_confidence=0.000000 | val_risk=0.000000 | val_blend=0.000000 | batches=1131/154 | seconds=149.79 | lr=[0.001] | cuda_peak_mb=2202.8
[2026-09-09 00:58:58] INFO Val horizons | 15min_mae=1.341429 15min_rmse=2.807433 15min_mape=2.906215 | 30min_mae=1.660454 30min_rmse=3.776071 30min_mape=3.842490 | 60min_mae=1.938277 60min_rmse=4.537480 60min_mape=4.619738
[2026-09-09 00:58:58] INFO Checkpoint updated | epoch=5 | stage=posthoc_calibrator | best_val_mae=1.594677 | path=C:\Users\clw\projects\researchRep\STAnchor-BlockMemory\artifacts\cross_dataset_final\pemsbay_source_router_stgcn_seed42\downstream_best.pt
[2026-09-09 01:01:27] INFO Epoch 006 | stage=posthoc_calibrator | train_total=1.416758 | train_forecast=1.416758 | train_confidence=0.000000 | train_risk=0.000000 | train_blend=0.000000 | val_total=1.601142 | val_mae=1.596318 | val_rmse=3.689863 | val_mape=3.665764 | val_confidence=0.000000 | val_risk=0.000000 | val_blend=0.000000 | batches=1131/154 | seconds=149.74 | lr=[0.001] | cuda_peak_mb=2202.6
[2026-09-09 01:01:27] INFO Val horizons | 15min_mae=1.342324 15min_rmse=2.812236 15min_mape=2.910765 | 30min_mae=1.662212 30min_rmse=3.780819 30min_mape=3.844681 | 60min_mae=1.939683 60min_rmse=4.534047 60min_mape=4.611965
[2026-09-09 01:03:57] INFO Epoch 007 | stage=posthoc_calibrator | train_total=1.416147 | train_forecast=1.416147 | train_confidence=0.000000 | train_risk=0.000000 | train_blend=0.000000 | val_total=1.601467 | val_mae=1.596617 | val_rmse=3.672749 | val_mape=3.676974 | val_confidence=0.000000 | val_risk=0.000000 | val_blend=0.000000 | batches=1131/154 | seconds=149.71 | lr=[0.001] | cuda_peak_mb=2202.8
[2026-09-09 01:03:57] INFO Val horizons | 15min_mae=1.344810 15min_rmse=2.805060 15min_mape=2.923058 | 30min_mae=1.662341 30min_rmse=3.764313 30min_mape=3.863782 | 60min_mae=1.940146 60min_rmse=4.509339 60min_mape=4.624040
[2026-09-09 01:06:27] INFO Epoch 008 | stage=posthoc_calibrator | train_total=1.415473 | train_forecast=1.415473 | train_confidence=0.000000 | train_risk=0.000000 | train_blend=0.000000 | val_total=1.599021 | val_mae=1.594213 | val_rmse=3.691625 | val_mape=3.665485 | val_confidence=0.000000 | val_risk=0.000000 | val_blend=0.000000 | batches=1131/154 | seconds=149.84 | lr=[0.001] | cuda_peak_mb=2203.0
[2026-09-09 01:06:27] INFO Val horizons | 15min_mae=1.340810 15min_rmse=2.808329 15min_mape=2.897683 | 30min_mae=1.659305 30min_rmse=3.781353 30min_mape=3.836905 | 60min_mae=1.939104 60min_rmse=4.541693 60min_mape=4.639732
[2026-09-09 01:06:27] INFO Checkpoint updated | epoch=8 | stage=posthoc_calibrator | best_val_mae=1.594213 | path=C:\Users\clw\projects\researchRep\STAnchor-BlockMemory\artifacts\cross_dataset_final\pemsbay_source_router_stgcn_seed42\downstream_best.pt
[2026-09-09 01:08:57] INFO Epoch 009 | stage=posthoc_calibrator | train_total=1.414724 | train_forecast=1.414724 | train_confidence=0.000000 | train_risk=0.000000 | train_blend=0.000000 | val_total=1.600719 | val_mae=1.595787 | val_rmse=3.681343 | val_mape=3.705700 | val_confidence=0.000000 | val_risk=0.000000 | val_blend=0.000000 | batches=1131/154 | seconds=149.61 | lr=[0.001] | cuda_peak_mb=2202.8
[2026-09-09 01:08:57] INFO Val horizons | 15min_mae=1.343983 15min_rmse=2.807309 15min_mape=2.937591 | 30min_mae=1.661734 30min_rmse=3.780334 30min_mape=3.899499 | 60min_mae=1.938885 60min_rmse=4.518473 60min_mape=4.661756
[2026-09-09 01:11:26] INFO Epoch 010 | stage=posthoc_calibrator | train_total=1.414151 | train_forecast=1.414151 | train_confidence=0.000000 | train_risk=0.000000 | train_blend=0.000000 | val_total=1.598381 | val_mae=1.593550 | val_rmse=3.685277 | val_mape=3.670325 | val_confidence=0.000000 | val_risk=0.000000 | val_blend=0.000000 | batches=1131/154 | seconds=149.71 | lr=[0.001] | cuda_peak_mb=2203.1
[2026-09-09 01:11:26] INFO Val horizons | 15min_mae=1.341011 15min_rmse=2.804345 15min_mape=2.908910 | 30min_mae=1.658892 30min_rmse=3.775475 30min_mape=3.846279 | 60min_mae=1.937080 60min_rmse=4.534964 60min_mape=4.632903
[2026-09-09 01:11:26] INFO Checkpoint updated | epoch=10 | stage=posthoc_calibrator | best_val_mae=1.593550 | path=C:\Users\clw\projects\researchRep\STAnchor-BlockMemory\artifacts\cross_dataset_final\pemsbay_source_router_stgcn_seed42\downstream_best.pt
[2026-09-09 01:13:56] INFO Epoch 011 | stage=posthoc_calibrator | train_total=1.413961 | train_forecast=1.413961 | train_confidence=0.000000 | train_risk=0.000000 | train_blend=0.000000 | val_total=1.600453 | val_mae=1.595605 | val_rmse=3.686414 | val_mape=3.704149 | val_confidence=0.000000 | val_risk=0.000000 | val_blend=0.000000 | batches=1131/154 | seconds=149.48 | lr=[0.00095] | cuda_peak_mb=2203.4
[2026-09-09 01:13:56] INFO Val horizons | 15min_mae=1.342841 15min_rmse=2.811053 15min_mape=2.929315 | 30min_mae=1.661032 30min_rmse=3.780449 30min_mape=3.889912 | 60min_mae=1.940229 60min_rmse=4.531681 60min_mape=4.672727
[2026-09-09 01:16:26] INFO Epoch 012 | stage=posthoc_calibrator | train_total=1.413609 | train_forecast=1.413609 | train_confidence=0.000000 | train_risk=0.000000 | train_blend=0.000000 | val_total=1.599042 | val_mae=1.594205 | val_rmse=3.688789 | val_mape=3.693865 | val_confidence=0.000000 | val_risk=0.000000 | val_blend=0.000000 | batches=1131/154 | seconds=149.74 | lr=[0.00095] | cuda_peak_mb=2202.8
[2026-09-09 01:16:26] INFO Val horizons | 15min_mae=1.341710 15min_rmse=2.812276 15min_mape=2.915811 | 30min_mae=1.660441 30min_rmse=3.781566 30min_mape=3.871044 | 60min_mae=1.936386 60min_rmse=4.532739 60min_mape=4.668826
[2026-09-09 01:18:55] INFO Epoch 013 | stage=posthoc_calibrator | train_total=1.413282 | train_forecast=1.413282 | train_confidence=0.000000 | train_risk=0.000000 | train_blend=0.000000 | val_total=1.597060 | val_mae=1.592253 | val_rmse=3.681362 | val_mape=3.663220 | val_confidence=0.000000 | val_risk=0.000000 | val_blend=0.000000 | batches=1131/154 | seconds=149.69 | lr=[0.00095] | cuda_peak_mb=2202.6
[2026-09-09 01:18:55] INFO Val horizons | 15min_mae=1.340245 15min_rmse=2.803848 15min_mape=2.904232 | 30min_mae=1.658437 30min_rmse=3.776338 30min_mape=3.842058 | 60min_mae=1.934579 60min_rmse=4.523735 60min_mape=4.618286
[2026-09-09 01:18:55] INFO Checkpoint updated | epoch=13 | stage=posthoc_calibrator | best_val_mae=1.592253 | path=C:\Users\clw\projects\researchRep\STAnchor-BlockMemory\artifacts\cross_dataset_final\pemsbay_source_router_stgcn_seed42\downstream_best.pt
[2026-09-09 01:21:25] INFO Epoch 014 | stage=posthoc_calibrator | train_total=1.412910 | train_forecast=1.412910 | train_confidence=0.000000 | train_risk=0.000000 | train_blend=0.000000 | val_total=1.596220 | val_mae=1.591432 | val_rmse=3.675506 | val_mape=3.664857 | val_confidence=0.000000 | val_risk=0.000000 | val_blend=0.000000 | batches=1131/154 | seconds=149.57 | lr=[0.00095] | cuda_peak_mb=2202.8
[2026-09-09 01:21:25] INFO Val horizons | 15min_mae=1.340524 15min_rmse=2.802358 15min_mape=2.903594 | 30min_mae=1.657553 30min_rmse=3.768402 30min_mape=3.842440 | 60min_mae=1.933928 60min_rmse=4.518951 60min_mape=4.627267
[2026-09-09 01:21:25] INFO Checkpoint updated | epoch=14 | stage=posthoc_calibrator | best_val_mae=1.591432 | path=C:\Users\clw\projects\researchRep\STAnchor-BlockMemory\artifacts\cross_dataset_final\pemsbay_source_router_stgcn_seed42\downstream_best.pt
[2026-09-09 01:23:55] INFO Epoch 015 | stage=posthoc_calibrator | train_total=1.412794 | train_forecast=1.412794 | train_confidence=0.000000 | train_risk=0.000000 | train_blend=0.000000 | val_total=1.599756 | val_mae=1.594883 | val_rmse=3.692176 | val_mape=3.657638 | val_confidence=0.000000 | val_risk=0.000000 | val_blend=0.000000 | batches=1131/154 | seconds=149.68 | lr=[0.00095] | cuda_peak_mb=2203.0
[2026-09-09 01:23:55] INFO Val horizons | 15min_mae=1.341378 15min_rmse=2.803980 15min_mape=2.893513 | 30min_mae=1.660690 30min_rmse=3.779555 30min_mape=3.833938 | 60min_mae=1.939596 60min_rmse=4.551667 60min_mape=4.618963
[2026-09-09 01:26:25] INFO Epoch 016 | stage=posthoc_calibrator | train_total=1.412329 | train_forecast=1.412329 | train_confidence=0.000000 | train_risk=0.000000 | train_blend=0.000000 | val_total=1.596505 | val_mae=1.591697 | val_rmse=3.680737 | val_mape=3.662386 | val_confidence=0.000000 | val_risk=0.000000 | val_blend=0.000000 | batches=1131/154 | seconds=149.83 | lr=[0.00095] | cuda_peak_mb=2202.8
[2026-09-09 01:26:25] INFO Val horizons | 15min_mae=1.339785 15min_rmse=2.801583 15min_mape=2.905335 | 30min_mae=1.657365 30min_rmse=3.772908 30min_mape=3.842364 | 60min_mae=1.935133 60min_rmse=4.529037 60min_mape=4.616101
[2026-09-09 01:28:54] INFO Epoch 017 | stage=posthoc_calibrator | train_total=1.412211 | train_forecast=1.412211 | train_confidence=0.000000 | train_risk=0.000000 | train_blend=0.000000 | val_total=1.598645 | val_mae=1.593809 | val_rmse=3.696425 | val_mape=3.672068 | val_confidence=0.000000 | val_risk=0.000000 | val_blend=0.000000 | batches=1131/154 | seconds=149.87 | lr=[0.00095] | cuda_peak_mb=2203.1
[2026-09-09 01:28:54] INFO Val horizons | 15min_mae=1.340082 15min_rmse=2.807975 15min_mape=2.910059 | 30min_mae=1.659782 30min_rmse=3.790277 30min_mape=3.852527 | 60min_mae=1.938129 60min_rmse=4.548320 60min_mape=4.631397
[2026-09-09 01:31:24] INFO Epoch 018 | stage=posthoc_calibrator | train_total=1.411818 | train_forecast=1.411818 | train_confidence=0.000000 | train_risk=0.000000 | train_blend=0.000000 | val_total=1.597482 | val_mae=1.592632 | val_rmse=3.690157 | val_mape=3.678891 | val_confidence=0.000000 | val_risk=0.000000 | val_blend=0.000000 | batches=1131/154 | seconds=149.74 | lr=[0.00095] | cuda_peak_mb=2203.4
[2026-09-09 01:31:24] INFO Val horizons | 15min_mae=1.340790 15min_rmse=2.806450 15min_mape=2.915553 | 30min_mae=1.659048 30min_rmse=3.784530 30min_mape=3.872734 | 60min_mae=1.934085 60min_rmse=4.535236 60min_mape=4.622922
[2026-09-09 01:33:54] INFO Epoch 019 | stage=posthoc_calibrator | train_total=1.411770 | train_forecast=1.411770 | train_confidence=0.000000 | train_risk=0.000000 | train_blend=0.000000 | val_total=1.598955 | val_mae=1.594169 | val_rmse=3.682723 | val_mape=3.647797 | val_confidence=0.000000 | val_risk=0.000000 | val_blend=0.000000 | batches=1131/154 | seconds=150.14 | lr=[0.00095] | cuda_peak_mb=2202.8
[2026-09-09 01:33:54] INFO Val horizons | 15min_mae=1.340567 15min_rmse=2.802021 15min_mape=2.898052 | 30min_mae=1.660286 30min_rmse=3.778095 30min_mape=3.826434 | 60min_mae=1.938321 60min_rmse=4.526740 60min_mape=4.597906
[2026-09-09 01:36:25] INFO Epoch 020 | stage=posthoc_calibrator | train_total=1.411597 | train_forecast=1.411597 | train_confidence=0.000000 | train_risk=0.000000 | train_blend=0.000000 | val_total=1.598725 | val_mae=1.593916 | val_rmse=3.694737 | val_mape=3.680274 | val_confidence=0.000000 | val_risk=0.000000 | val_blend=0.000000 | batches=1131/154 | seconds=150.49 | lr=[0.00095] | cuda_peak_mb=2202.6
[2026-09-09 01:36:25] INFO Val horizons | 15min_mae=1.339796 15min_rmse=2.808378 15min_mape=2.907913 | 30min_mae=1.660035 30min_rmse=3.787232 30min_mape=3.855237 | 60min_mae=1.938636 60min_rmse=4.547926 60min_mape=4.660327
[2026-09-09 01:38:55] INFO Epoch 021 | stage=posthoc_calibrator | train_total=1.411201 | train_forecast=1.411201 | train_confidence=0.000000 | train_risk=0.000000 | train_blend=0.000000 | val_total=1.599831 | val_mae=1.595060 | val_rmse=3.696514 | val_mape=3.664138 | val_confidence=0.000000 | val_risk=0.000000 | val_blend=0.000000 | batches=1131/154 | seconds=150.33 | lr=[0.0009025] | cuda_peak_mb=2202.8
[2026-09-09 01:38:55] INFO Val horizons | 15min_mae=1.340437 15min_rmse=2.811855 15min_mape=2.910827 | 30min_mae=1.660437 30min_rmse=3.786632 30min_mape=3.847717 | 60min_mae=1.941714 60min_rmse=4.553086 60min_mape=4.610548
[2026-09-09 01:41:25] INFO Epoch 022 | stage=posthoc_calibrator | train_total=1.411213 | train_forecast=1.411213 | train_confidence=0.000000 | train_risk=0.000000 | train_blend=0.000000 | val_total=1.596711 | val_mae=1.591882 | val_rmse=3.686488 | val_mape=3.685822 | val_confidence=0.000000 | val_risk=0.000000 | val_blend=0.000000 | batches=1131/154 | seconds=150.24 | lr=[0.0009025] | cuda_peak_mb=2203.0
[2026-09-09 01:41:25] INFO Val horizons | 15min_mae=1.339811 15min_rmse=2.806074 15min_mape=2.913647 | 30min_mae=1.657411 30min_rmse=3.779509 30min_mape=3.863703 | 60min_mae=1.934954 60min_rmse=4.531985 60min_mape=4.661667
[2026-09-09 01:43:56] INFO Epoch 023 | stage=posthoc_calibrator | train_total=1.411134 | train_forecast=1.411134 | train_confidence=0.000000 | train_risk=0.000000 | train_blend=0.000000 | val_total=1.598726 | val_mae=1.593922 | val_rmse=3.697631 | val_mape=3.675439 | val_confidence=0.000000 | val_risk=0.000000 | val_blend=0.000000 | batches=1131/154 | seconds=150.53 | lr=[0.0009025] | cuda_peak_mb=2202.8
[2026-09-09 01:43:56] INFO Val horizons | 15min_mae=1.339723 15min_rmse=2.808727 15min_mape=2.903877 | 30min_mae=1.659620 30min_rmse=3.787090 30min_mape=3.845774 | 60min_mae=1.938298 60min_rmse=4.552558 60min_mape=4.655850
[2026-09-09 01:46:26] INFO Epoch 024 | stage=posthoc_calibrator | train_total=1.411181 | train_forecast=1.411181 | train_confidence=0.000000 | train_risk=0.000000 | train_blend=0.000000 | val_total=1.597348 | val_mae=1.592521 | val_rmse=3.691231 | val_mape=3.672591 | val_confidence=0.000000 | val_risk=0.000000 | val_blend=0.000000 | batches=1131/154 | seconds=150.28 | lr=[0.0009025] | cuda_peak_mb=2203.1
[2026-09-09 01:46:26] INFO Val horizons | 15min_mae=1.339415 15min_rmse=2.808339 15min_mape=2.905957 | 30min_mae=1.658298 30min_rmse=3.783264 30min_mape=3.847268 | 60min_mae=1.936389 60min_rmse=4.541537 60min_mape=4.639108
[2026-09-09 01:48:56] INFO Epoch 025 | stage=posthoc_calibrator | train_total=1.410843 | train_forecast=1.410843 | train_confidence=0.000000 | train_risk=0.000000 | train_blend=0.000000 | val_total=1.596613 | val_mae=1.591841 | val_rmse=3.687684 | val_mape=3.671132 | val_confidence=0.000000 | val_risk=0.000000 | val_blend=0.000000 | batches=1131/154 | seconds=150.32 | lr=[0.0009025] | cuda_peak_mb=2203.4
[2026-09-09 01:48:56] INFO Val horizons | 15min_mae=1.339377 15min_rmse=2.807706 15min_mape=2.911913 | 30min_mae=1.657825 30min_rmse=3.782068 30min_mape=3.852052 | 60min_mae=1.935783 60min_rmse=4.536078 60min_mape=4.630524
[2026-09-09 01:51:27] INFO Epoch 026 | stage=posthoc_calibrator | train_total=1.410842 | train_forecast=1.410842 | train_confidence=0.000000 | train_risk=0.000000 | train_blend=0.000000 | val_total=1.598561 | val_mae=1.593632 | val_rmse=3.691960 | val_mape=3.689662 | val_confidence=0.000000 | val_risk=0.000000 | val_blend=0.000000 | batches=1131/154 | seconds=150.45 | lr=[0.0009025] | cuda_peak_mb=2202.8
[2026-09-09 01:51:27] INFO Val horizons | 15min_mae=1.340381 15min_rmse=2.806371 15min_mape=2.918774 | 30min_mae=1.659089 30min_rmse=3.780498 30min_mape=3.869648 | 60min_mae=1.937689 60min_rmse=4.542528 60min_mape=4.655163
[2026-09-09 01:53:57] INFO Epoch 027 | stage=posthoc_calibrator | train_total=1.410731 | train_forecast=1.410731 | train_confidence=0.000000 | train_risk=0.000000 | train_blend=0.000000 | val_total=1.600793 | val_mae=1.595997 | val_rmse=3.695348 | val_mape=3.657399 | val_confidence=0.000000 | val_risk=0.000000 | val_blend=0.000000 | batches=1131/154 | seconds=150.40 | lr=[0.0009025] | cuda_peak_mb=2202.6
[2026-09-09 01:53:57] INFO Val horizons | 15min_mae=1.341814 15min_rmse=2.811296 15min_mape=2.906463 | 30min_mae=1.661796 30min_rmse=3.787176 30min_mape=3.832466 | 60min_mae=1.941119 60min_rmse=4.548446 60min_mape=4.611457
[2026-09-09 01:56:28] INFO Epoch 028 | stage=posthoc_calibrator | train_total=1.410584 | train_forecast=1.410584 | train_confidence=0.000000 | train_risk=0.000000 | train_blend=0.000000 | val_total=1.596808 | val_mae=1.591932 | val_rmse=3.690838 | val_mape=3.675150 | val_confidence=0.000000 | val_risk=0.000000 | val_blend=0.000000 | batches=1131/154 | seconds=150.48 | lr=[0.0009025] | cuda_peak_mb=2202.8
[2026-09-09 01:56:28] INFO Val horizons | 15min_mae=1.338862 15min_rmse=2.801725 15min_mape=2.903013 | 30min_mae=1.657175 30min_rmse=3.779496 30min_mape=3.846443 | 60min_mae=1.936586 60min_rmse=4.547479 60min_mape=4.659211
[2026-09-09 01:58:58] INFO Epoch 029 | stage=posthoc_calibrator | train_total=1.410543 | train_forecast=1.410543 | train_confidence=0.000000 | train_risk=0.000000 | train_blend=0.000000 | val_total=1.594944 | val_mae=1.590174 | val_rmse=3.682729 | val_mape=3.648550 | val_confidence=0.000000 | val_risk=0.000000 | val_blend=0.000000 | batches=1131/154 | seconds=150.52 | lr=[0.0009025] | cuda_peak_mb=2203.0
[2026-09-09 01:58:58] INFO Val horizons | 15min_mae=1.337568 15min_rmse=2.801981 15min_mape=2.892073 | 30min_mae=1.655797 30min_rmse=3.778073 30min_mape=3.817736 | 60min_mae=1.933284 60min_rmse=4.530675 60min_mape=4.616495
[2026-09-09 01:58:58] INFO Checkpoint updated | epoch=29 | stage=posthoc_calibrator | best_val_mae=1.590174 | path=C:\Users\clw\projects\researchRep\STAnchor-BlockMemory\artifacts\cross_dataset_final\pemsbay_source_router_stgcn_seed42\downstream_best.pt
[2026-09-09 02:01:29] INFO Epoch 030 | stage=posthoc_calibrator | train_total=1.410372 | train_forecast=1.410372 | train_confidence=0.000000 | train_risk=0.000000 | train_blend=0.000000 | val_total=1.598133 | val_mae=1.593212 | val_rmse=3.687636 | val_mape=3.681487 | val_confidence=0.000000 | val_risk=0.000000 | val_blend=0.000000 | batches=1131/154 | seconds=150.26 | lr=[0.0009025] | cuda_peak_mb=2202.8
[2026-09-09 02:01:29] INFO Val horizons | 15min_mae=1.340286 15min_rmse=2.804860 15min_mape=2.915833 | 30min_mae=1.659296 30min_rmse=3.782427 30min_mape=3.866540 | 60min_mae=1.935503 60min_rmse=4.528495 60min_mape=4.634309
[2026-09-09 02:03:59] INFO Epoch 031 | stage=posthoc_calibrator | train_total=1.410192 | train_forecast=1.410192 | train_confidence=0.000000 | train_risk=0.000000 | train_blend=0.000000 | val_total=1.597368 | val_mae=1.592568 | val_rmse=3.694157 | val_mape=3.674892 | val_confidence=0.000000 | val_risk=0.000000 | val_blend=0.000000 | batches=1131/154 | seconds=150.45 | lr=[0.000857375] | cuda_peak_mb=2203.1
[2026-09-09 02:03:59] INFO Val horizons | 15min_mae=1.339287 15min_rmse=2.807590 15min_mape=2.914763 | 30min_mae=1.658143 30min_rmse=3.784529 30min_mape=3.858465 | 60min_mae=1.938140 60min_rmse=4.550899 60min_mape=4.634744
[2026-09-09 02:06:30] INFO Epoch 032 | stage=posthoc_calibrator | train_total=1.410088 | train_forecast=1.410088 | train_confidence=0.000000 | train_risk=0.000000 | train_blend=0.000000 | val_total=1.599291 | val_mae=1.594449 | val_rmse=3.707202 | val_mape=3.684104 | val_confidence=0.000000 | val_risk=0.000000 | val_blend=0.000000 | batches=1131/154 | seconds=150.43 | lr=[0.000857375] | cuda_peak_mb=2203.4
[2026-09-09 02:06:30] INFO Val horizons | 15min_mae=1.339901 15min_rmse=2.811845 15min_mape=2.911935 | 30min_mae=1.659756 30min_rmse=3.798818 30min_mape=3.855760 | 60min_mae=1.939492 60min_rmse=4.563461 60min_mape=4.668338
[2026-09-09 02:09:00] INFO Epoch 033 | stage=posthoc_calibrator | train_total=1.409977 | train_forecast=1.409977 | train_confidence=0.000000 | train_risk=0.000000 | train_blend=0.000000 | val_total=1.596649 | val_mae=1.591836 | val_rmse=3.689099 | val_mape=3.672769 | val_confidence=0.000000 | val_risk=0.000000 | val_blend=0.000000 | batches=1131/154 | seconds=150.45 | lr=[0.000857375] | cuda_peak_mb=2202.8
[2026-09-09 02:09:00] INFO Val horizons | 15min_mae=1.339386 15min_rmse=2.803540 15min_mape=2.907722 | 30min_mae=1.657725 30min_rmse=3.780816 30min_mape=3.847623 | 60min_mae=1.934549 60min_rmse=4.538195 60min_mape=4.646921
[2026-09-09 02:11:30] INFO Epoch 034 | stage=posthoc_calibrator | train_total=1.410045 | train_forecast=1.410045 | train_confidence=0.000000 | train_risk=0.000000 | train_blend=0.000000 | val_total=1.595616 | val_mae=1.590788 | val_rmse=3.686462 | val_mape=3.669062 | val_confidence=0.000000 | val_risk=0.000000 | val_blend=0.000000 | batches=1131/154 | seconds=150.39 | lr=[0.000857375] | cuda_peak_mb=2202.6
[2026-09-09 02:11:30] INFO Val horizons | 15min_mae=1.338896 15min_rmse=2.805507 15min_mape=2.906414 | 30min_mae=1.656948 30min_rmse=3.779177 30min_mape=3.844634 | 60min_mae=1.931984 60min_rmse=4.530980 60min_mape=4.633635
[2026-09-09 02:14:01] INFO Epoch 035 | stage=posthoc_calibrator | train_total=1.409894 | train_forecast=1.409894 | train_confidence=0.000000 | train_risk=0.000000 | train_blend=0.000000 | val_total=1.595912 | val_mae=1.591082 | val_rmse=3.687180 | val_mape=3.661175 | val_confidence=0.000000 | val_risk=0.000000 | val_blend=0.000000 | batches=1131/154 | seconds=150.55 | lr=[0.000857375] | cuda_peak_mb=2202.8
[2026-09-09 02:14:01] INFO Val horizons | 15min_mae=1.338417 15min_rmse=2.803419 15min_mape=2.903454 | 30min_mae=1.656601 30min_rmse=3.780523 30min_mape=3.837715 | 60min_mae=1.934291 60min_rmse=4.533182 60min_mape=4.624949
[2026-09-09 02:16:31] INFO Epoch 036 | stage=posthoc_calibrator | train_total=1.409738 | train_forecast=1.409738 | train_confidence=0.000000 | train_risk=0.000000 | train_blend=0.000000 | val_total=1.596508 | val_mae=1.591714 | val_rmse=3.692712 | val_mape=3.647804 | val_confidence=0.000000 | val_risk=0.000000 | val_blend=0.000000 | batches=1131/154 | seconds=150.52 | lr=[0.000857375] | cuda_peak_mb=2203.0
[2026-09-09 02:16:31] INFO Val horizons | 15min_mae=1.337799 15min_rmse=2.803481 15min_mape=2.892690 | 30min_mae=1.657466 30min_rmse=3.786672 30min_mape=3.820960 | 60min_mae=1.934814 60min_rmse=4.540493 60min_mape=4.610728
[2026-09-09 02:19:02] INFO Epoch 037 | stage=posthoc_calibrator | train_total=1.409795 | train_forecast=1.409795 | train_confidence=0.000000 | train_risk=0.000000 | train_blend=0.000000 | val_total=1.598508 | val_mae=1.593712 | val_rmse=3.695964 | val_mape=3.652218 | val_confidence=0.000000 | val_risk=0.000000 | val_blend=0.000000 | batches=1131/154 | seconds=150.50 | lr=[0.000857375] | cuda_peak_mb=2202.8
[2026-09-09 02:19:02] INFO Val horizons | 15min_mae=1.338096 15min_rmse=2.803702 15min_mape=2.892477 | 30min_mae=1.658853 30min_rmse=3.785417 30min_mape=3.826687 | 60min_mae=1.940149 60min_rmse=4.553348 60min_mape=4.617334
[2026-09-09 02:21:32] INFO Epoch 038 | stage=posthoc_calibrator | train_total=1.409654 | train_forecast=1.409654 | train_confidence=0.000000 | train_risk=0.000000 | train_blend=0.000000 | val_total=1.596555 | val_mae=1.591658 | val_rmse=3.693371 | val_mape=3.670102 | val_confidence=0.000000 | val_risk=0.000000 | val_blend=0.000000 | batches=1131/154 | seconds=150.26 | lr=[0.000857375] | cuda_peak_mb=2203.1
[2026-09-09 02:21:32] INFO Val horizons | 15min_mae=1.339446 15min_rmse=2.805487 15min_mape=2.905188 | 30min_mae=1.657499 30min_rmse=3.785991 30min_mape=3.840284 | 60min_mae=1.932745 60min_rmse=4.540444 60min_mape=4.647717
[2026-09-09 02:24:02] INFO Epoch 039 | stage=posthoc_calibrator | train_total=1.409590 | train_forecast=1.409590 | train_confidence=0.000000 | train_risk=0.000000 | train_blend=0.000000 | val_total=1.596212 | val_mae=1.591279 | val_rmse=3.688301 | val_mape=3.691543 | val_confidence=0.000000 | val_risk=0.000000 | val_blend=0.000000 | batches=1131/154 | seconds=150.28 | lr=[0.000857375] | cuda_peak_mb=2203.4
[2026-09-09 02:24:02] INFO Val horizons | 15min_mae=1.337863 15min_rmse=2.803372 15min_mape=2.904729 | 30min_mae=1.656762 30min_rmse=3.781584 30min_mape=3.861146 | 60min_mae=1.934637 60min_rmse=4.532375 60min_mape=4.686214
[2026-09-09 02:26:33] INFO Epoch 040 | stage=posthoc_calibrator | train_total=1.409542 | train_forecast=1.409542 | train_confidence=0.000000 | train_risk=0.000000 | train_blend=0.000000 | val_total=1.598181 | val_mae=1.593327 | val_rmse=3.695659 | val_mape=3.684194 | val_confidence=0.000000 | val_risk=0.000000 | val_blend=0.000000 | batches=1131/154 | seconds=150.42 | lr=[0.000857375] | cuda_peak_mb=2202.8
[2026-09-09 02:26:33] INFO Val horizons | 15min_mae=1.338451 15min_rmse=2.804280 15min_mape=2.906783 | 30min_mae=1.659191 30min_rmse=3.790104 30min_mape=3.860011 | 60min_mae=1.937287 60min_rmse=4.542922 60min_mape=4.665934
[2026-09-09 02:29:03] INFO Epoch 041 | stage=posthoc_calibrator | train_total=1.409510 | train_forecast=1.409510 | train_confidence=0.000000 | train_risk=0.000000 | train_blend=0.000000 | val_total=1.596656 | val_mae=1.591741 | val_rmse=3.694502 | val_mape=3.683344 | val_confidence=0.000000 | val_risk=0.000000 | val_blend=0.000000 | batches=1131/154 | seconds=150.52 | lr=[0.0008145062499999999] | cuda_peak_mb=2202.6
[2026-09-09 02:29:03] INFO Val horizons | 15min_mae=1.338824 15min_rmse=2.805586 15min_mape=2.914506 | 30min_mae=1.657177 30min_rmse=3.784436 30min_mape=3.860480 | 60min_mae=1.934453 60min_rmse=4.545046 60min_mape=4.649951
[2026-09-09 02:31:34] INFO Epoch 042 | stage=posthoc_calibrator | train_total=1.409478 | train_forecast=1.409478 | train_confidence=0.000000 | train_risk=0.000000 | train_blend=0.000000 | val_total=1.597671 | val_mae=1.592894 | val_rmse=3.699651 | val_mape=3.658346 | val_confidence=0.000000 | val_risk=0.000000 | val_blend=0.000000 | batches=1131/154 | seconds=150.13 | lr=[0.0008145062499999999] | cuda_peak_mb=2202.8
[2026-09-09 02:31:34] INFO Val horizons | 15min_mae=1.337270 15min_rmse=2.806896 15min_mape=2.892982 | 30min_mae=1.658037 30min_rmse=3.792499 30min_mape=3.829630 | 60min_mae=1.939424 60min_rmse=4.554154 60min_mape=4.633412
[2026-09-09 02:34:04] INFO Epoch 043 | stage=posthoc_calibrator | train_total=1.409613 | train_forecast=1.409613 | train_confidence=0.000000 | train_risk=0.000000 | train_blend=0.000000 | val_total=1.596601 | val_mae=1.591749 | val_rmse=3.688690 | val_mape=3.656019 | val_confidence=0.000000 | val_risk=0.000000 | val_blend=0.000000 | batches=1131/154 | seconds=150.36 | lr=[0.0008145062499999999] | cuda_peak_mb=2203.0
[2026-09-09 02:34:04] INFO Val horizons | 15min_mae=1.338725 15min_rmse=2.804830 15min_mape=2.898684 | 30min_mae=1.657522 30min_rmse=3.781450 30min_mape=3.824456 | 60min_mae=1.933517 60min_rmse=4.533251 60min_mape=4.616173
[2026-09-09 02:36:34] INFO Epoch 044 | stage=posthoc_calibrator | train_total=1.409207 | train_forecast=1.409207 | train_confidence=0.000000 | train_risk=0.000000 | train_blend=0.000000 | val_total=1.597148 | val_mae=1.592252 | val_rmse=3.688891 | val_mape=3.701680 | val_confidence=0.000000 | val_risk=0.000000 | val_blend=0.000000 | batches=1131/154 | seconds=150.24 | lr=[0.0008145062499999999] | cuda_peak_mb=2202.8
[2026-09-09 02:36:34] INFO Val horizons | 15min_mae=1.338063 15min_rmse=2.802611 15min_mape=2.908873 | 30min_mae=1.657826 30min_rmse=3.779194 30min_mape=3.868356 | 60min_mae=1.936870 60min_rmse=4.540145 60min_mape=4.719712
[2026-09-09 02:39:04] INFO Epoch 045 | stage=posthoc_calibrator | train_total=1.409276 | train_forecast=1.409276 | train_confidence=0.000000 | train_risk=0.000000 | train_blend=0.000000 | val_total=1.595300 | val_mae=1.590468 | val_rmse=3.679076 | val_mape=3.658634 | val_confidence=0.000000 | val_risk=0.000000 | val_blend=0.000000 | batches=1131/154 | seconds=150.28 | lr=[0.0008145062499999999] | cuda_peak_mb=2203.1
[2026-09-09 02:39:04] INFO Val horizons | 15min_mae=1.336885 15min_rmse=2.799495 15min_mape=2.891495 | 30min_mae=1.655051 30min_rmse=3.772002 30min_mape=3.823650 | 60min_mae=1.935900 60min_rmse=4.528318 60min_mape=4.646942
[2026-09-09 02:41:35] INFO Epoch 046 | stage=posthoc_calibrator | train_total=1.409217 | train_forecast=1.409217 | train_confidence=0.000000 | train_risk=0.000000 | train_blend=0.000000 | val_total=1.594741 | val_mae=1.589877 | val_rmse=3.688763 | val_mape=3.672788 | val_confidence=0.000000 | val_risk=0.000000 | val_blend=0.000000 | batches=1131/154 | seconds=150.24 | lr=[0.0008145062499999999] | cuda_peak_mb=2203.4
[2026-09-09 02:41:35] INFO Val horizons | 15min_mae=1.337015 15min_rmse=2.805130 15min_mape=2.896223 | 30min_mae=1.656283 30min_rmse=3.784687 30min_mape=3.840955 | 60min_mae=1.930862 60min_rmse=4.532654 60min_mape=4.658518
[2026-09-09 02:41:35] INFO Checkpoint updated | epoch=46 | stage=posthoc_calibrator | best_val_mae=1.589877 | path=C:\Users\clw\projects\researchRep\STAnchor-BlockMemory\artifacts\cross_dataset_final\pemsbay_source_router_stgcn_seed42\downstream_best.pt
[2026-09-09 02:44:05] INFO Epoch 047 | stage=posthoc_calibrator | train_total=1.408975 | train_forecast=1.408975 | train_confidence=0.000000 | train_risk=0.000000 | train_blend=0.000000 | val_total=1.599762 | val_mae=1.594972 | val_rmse=3.702358 | val_mape=3.671511 | val_confidence=0.000000 | val_risk=0.000000 | val_blend=0.000000 | batches=1131/154 | seconds=150.30 | lr=[0.0008145062499999999] | cuda_peak_mb=2202.8
[2026-09-09 02:44:05] INFO Val horizons | 15min_mae=1.339888 15min_rmse=2.811228 15min_mape=2.915073 | 30min_mae=1.659826 30min_rmse=3.795551 30min_mape=3.854062 | 60min_mae=1.941665 60min_rmse=4.554869 60min_mape=4.623028
[2026-09-09 02:46:35] INFO Epoch 048 | stage=posthoc_calibrator | train_total=1.409254 | train_forecast=1.409254 | train_confidence=0.000000 | train_risk=0.000000 | train_blend=0.000000 | val_total=1.595016 | val_mae=1.590230 | val_rmse=3.685756 | val_mape=3.643516 | val_confidence=0.000000 | val_risk=0.000000 | val_blend=0.000000 | batches=1131/154 | seconds=150.29 | lr=[0.0008145062499999999] | cuda_peak_mb=2202.6
[2026-09-09 02:46:35] INFO Val horizons | 15min_mae=1.337611 15min_rmse=2.804074 15min_mape=2.887523 | 30min_mae=1.656317 30min_rmse=3.780620 30min_mape=3.812901 | 60min_mae=1.931473 60min_rmse=4.530226 60min_mape=4.608425
[2026-09-09 02:49:06] INFO Epoch 049 | stage=posthoc_calibrator | train_total=1.409165 | train_forecast=1.409165 | train_confidence=0.000000 | train_risk=0.000000 | train_blend=0.000000 | val_total=1.594710 | val_mae=1.589861 | val_rmse=3.687183 | val_mape=3.657768 | val_confidence=0.000000 | val_risk=0.000000 | val_blend=0.000000 | batches=1131/154 | seconds=150.25 | lr=[0.0008145062499999999] | cuda_peak_mb=2202.8
[2026-09-09 02:49:06] INFO Val horizons | 15min_mae=1.336905 15min_rmse=2.799448 15min_mape=2.892848 | 30min_mae=1.655018 30min_rmse=3.777878 30min_mape=3.829554 | 60min_mae=1.932890 60min_rmse=4.536255 60min_mape=4.627972
[2026-09-09 02:49:06] INFO Checkpoint updated | epoch=49 | stage=posthoc_calibrator | best_val_mae=1.589861 | path=C:\Users\clw\projects\researchRep\STAnchor-BlockMemory\artifacts\cross_dataset_final\pemsbay_source_router_stgcn_seed42\downstream_best.pt
[2026-09-09 02:51:36] INFO Epoch 050 | stage=posthoc_calibrator | train_total=1.408448 | train_forecast=1.408448 | train_confidence=0.000000 | train_risk=0.000000 | train_blend=0.000000 | val_total=1.595288 | val_mae=1.590482 | val_rmse=3.697024 | val_mape=3.673682 | val_confidence=0.000000 | val_risk=0.000000 | val_blend=0.000000 | batches=1131/154 | seconds=150.21 | lr=[0.0008145062499999999] | cuda_peak_mb=2203.0
[2026-09-09 02:51:36] INFO Val horizons | 15min_mae=1.337884 15min_rmse=2.808542 15min_mape=2.910948 | 30min_mae=1.656446 30min_rmse=3.793062 30min_mape=3.851505 | 60min_mae=1.931168 60min_rmse=4.541215 60min_mape=4.635568
[2026-09-09 02:51:36] INFO Downstream training finished | best_val_mae=1.589861 | checkpoint=C:\Users\clw\projects\researchRep\STAnchor-BlockMemory\artifacts\cross_dataset_final\pemsbay_source_router_stgcn_seed42\downstream_best.pt
