[2026-09-16 22:42:50] INFO Downstream start | run=paper_final_joint_context_offset_only_seed42/ablations/calibrator_simple_horizon/metrla/gwn | device=cuda:0 (requested=cuda:0) | seed=42 | output=D:\projects\researchProjects\TrafficRobustST\STAnchor-BlockMemory\artifacts\paper_final_joint_context_offset_only_seed42\ablations\calibrator_simple_horizon\metrla\gwn
[2026-09-16 22:42:50] INFO Mode | downstream_mode=learned_topk_offset_only_horizon | training_protocol=posthoc_frozen_base | candidate_protocol=weekday_radius1_overlap | candidate_ranking=learned_key | candidate_payload=offset_only
[2026-09-16 22:42:50] INFO Downstream initialization | seed=42 | state_hash=a682355d6fe84ee1
[2026-09-16 22:42:50] INFO Frozen base | checkpoint=D:\projects\researchProjects\TrafficRobustST\STAnchor-BlockMemory\artifacts\convergence\downstream_tgge_v3_matched_fulltrain_queue\downstream_tgge_v3_graphwavenet_base_only_fulltrain_seed42\downstream_best.pt | fingerprint=7833628cfbf8cde5
[2026-09-16 22:42:50] INFO Data | steps=34272 | nodes=207 | channels=1 | training_scope=full_train | memory/post_memory/train_selected/val/test=15876/6805/22681/2993/6025
[2026-09-16 22:42:50] INFO Frozen path cache | enabled=True | storage=disk_mmap | train_samples=22681 | val_samples=2993 | allocated_mib=1520.5
[2026-09-16 22:42:50] INFO Bank/retrieval | dataset=metrla_joint_context_offset_only_seed42_epoch34 | events=15876 | nodes=207 | retrieval_dim=64 | event_top_r=32 | node_top_k=12 | key_dtype=float16
[2026-09-16 22:42:50] INFO Frozen path cache | enabled=yes | candidate_ranking=learned_key | fill=first_epoch
[2026-09-16 22:42:50] INFO Parameters | downstream_total=309,637 | downstream_trainable=12 | backbone=0 | confidence_head=0 | fusion=12 | frozen_pretrained=958,704
[2026-09-16 22:42:50] INFO Optimization | epochs=10 | batch_size=32 | optimizer=adam | lr=0.0005 | weight_decay=0.0001 | scheduler=step_lr | step_size=10 | gamma=0.500 | confidence_weight=0.000 | patience=20 | early_stopping=disabled
[2026-09-16 22:42:51] INFO Stage start | stage=posthoc_calibrator | epochs=10 | optimizer_lrs=[0.0005]
[2026-09-16 22:48:27] INFO Epoch 001 | stage=posthoc_calibrator | train_total=2.998423 | train_forecast=2.998423 | train_confidence=0.000000 | train_risk=0.000000 | train_blend=0.000000 | val_total=2.849681 | val_mae=2.846093 | val_rmse=5.759504 | val_mape=8.148278 | val_confidence=0.000000 | val_risk=0.000000 | val_blend=0.000000 | batches=709/94 | seconds=335.84 | lr=[0.0005] | cuda_peak_mb=3442.7
[2026-09-16 22:48:27] INFO Val horizons | 15min_mae=2.538211 15min_rmse=4.917343 15min_mape=6.827491 | 30min_mae=2.878689 30min_rmse=5.810795 30min_mape=8.288611 | 60min_mae=3.294746 60min_rmse=6.785802 60min_mape=9.971533
[2026-09-16 22:48:27] INFO Checkpoint updated | epoch=1 | stage=posthoc_calibrator | best_val_mae=2.846093 | path=D:\projects\researchProjects\TrafficRobustST\STAnchor-BlockMemory\artifacts\paper_final_joint_context_offset_only_seed42\ablations\calibrator_simple_horizon\metrla\gwn\downstream_best.pt
[2026-09-16 22:49:36] INFO Epoch 002 | stage=posthoc_calibrator | train_total=2.997936 | train_forecast=2.997936 | train_confidence=0.000000 | train_risk=0.000000 | train_blend=0.000000 | val_total=2.849284 | val_mae=2.845709 | val_rmse=5.753597 | val_mape=8.143457 | val_confidence=0.000000 | val_risk=0.000000 | val_blend=0.000000 | batches=709/94 | seconds=68.86 | lr=[0.0005] | cuda_peak_mb=99.2
[2026-09-16 22:49:36] INFO Val horizons | 15min_mae=2.538147 15min_rmse=4.916485 15min_mape=6.826449 | 30min_mae=2.878454 30min_rmse=5.807007 30min_mape=8.285017 | 60min_mae=3.293417 60min_rmse=6.769555 60min_mape=9.957146
[2026-09-16 22:49:36] INFO Checkpoint updated | epoch=2 | stage=posthoc_calibrator | best_val_mae=2.845709 | path=D:\projects\researchProjects\TrafficRobustST\STAnchor-BlockMemory\artifacts\paper_final_joint_context_offset_only_seed42\ablations\calibrator_simple_horizon\metrla\gwn\downstream_best.pt
[2026-09-16 22:50:43] INFO Epoch 003 | stage=posthoc_calibrator | train_total=2.998053 | train_forecast=2.998053 | train_confidence=0.000000 | train_risk=0.000000 | train_blend=0.000000 | val_total=2.849136 | val_mae=2.845569 | val_rmse=5.750787 | val_mape=8.141203 | val_confidence=0.000000 | val_risk=0.000000 | val_blend=0.000000 | batches=709/94 | seconds=66.36 | lr=[0.0005] | cuda_peak_mb=99.2
[2026-09-16 22:50:43] INFO Val horizons | 15min_mae=2.538117 15min_rmse=4.916053 15min_mape=6.825925 | 30min_mae=2.878362 30min_rmse=5.805186 30min_mape=8.283304 | 60min_mae=3.292937 60min_rmse=6.761380 60min_mape=9.950071
[2026-09-16 22:50:43] INFO Checkpoint updated | epoch=3 | stage=posthoc_calibrator | best_val_mae=2.845569 | path=D:\projects\researchProjects\TrafficRobustST\STAnchor-BlockMemory\artifacts\paper_final_joint_context_offset_only_seed42\ablations\calibrator_simple_horizon\metrla\gwn\downstream_best.pt
[2026-09-16 22:51:48] INFO Epoch 004 | stage=posthoc_calibrator | train_total=2.998171 | train_forecast=2.998171 | train_confidence=0.000000 | train_risk=0.000000 | train_blend=0.000000 | val_total=2.849077 | val_mae=2.845514 | val_rmse=5.749482 | val_mape=8.140173 | val_confidence=0.000000 | val_risk=0.000000 | val_blend=0.000000 | batches=709/94 | seconds=65.28 | lr=[0.0005] | cuda_peak_mb=99.2
[2026-09-16 22:51:48] INFO Val horizons | 15min_mae=2.538102 15min_rmse=4.915830 15min_mape=6.825655 | 30min_mae=2.878333 30min_rmse=5.804557 30min_mape=8.282715 | 60min_mae=3.292747 60min_rmse=6.757260 60min_mape=9.946546
[2026-09-16 22:51:48] INFO Checkpoint updated | epoch=4 | stage=posthoc_calibrator | best_val_mae=2.845514 | path=D:\projects\researchProjects\TrafficRobustST\STAnchor-BlockMemory\artifacts\paper_final_joint_context_offset_only_seed42\ablations\calibrator_simple_horizon\metrla\gwn\downstream_best.pt
[2026-09-16 22:52:59] INFO Epoch 005 | stage=posthoc_calibrator | train_total=2.998163 | train_forecast=2.998163 | train_confidence=0.000000 | train_risk=0.000000 | train_blend=0.000000 | val_total=2.849068 | val_mae=2.845505 | val_rmse=5.749192 | val_mape=8.139984 | val_confidence=0.000000 | val_risk=0.000000 | val_blend=0.000000 | batches=709/94 | seconds=70.80 | lr=[0.0005] | cuda_peak_mb=99.2
[2026-09-16 22:52:59] INFO Val horizons | 15min_mae=2.538112 15min_rmse=4.915981 15min_mape=6.825838 | 30min_mae=2.878324 30min_rmse=5.804357 30min_mape=8.282527 | 60min_mae=3.292699 60min_rmse=6.756101 60min_mape=9.945558
[2026-09-16 22:52:59] INFO Checkpoint updated | epoch=5 | stage=posthoc_calibrator | best_val_mae=2.845505 | path=D:\projects\researchProjects\TrafficRobustST\STAnchor-BlockMemory\artifacts\paper_final_joint_context_offset_only_seed42\ablations\calibrator_simple_horizon\metrla\gwn\downstream_best.pt
[2026-09-16 22:54:07] INFO Epoch 006 | stage=posthoc_calibrator | train_total=2.998144 | train_forecast=2.998144 | train_confidence=0.000000 | train_risk=0.000000 | train_blend=0.000000 | val_total=2.849067 | val_mae=2.845505 | val_rmse=5.749174 | val_mape=8.139971 | val_confidence=0.000000 | val_risk=0.000000 | val_blend=0.000000 | batches=709/94 | seconds=68.72 | lr=[0.0005] | cuda_peak_mb=99.2
[2026-09-16 22:54:07] INFO Val horizons | 15min_mae=2.538116 15min_rmse=4.916038 15min_mape=6.825907 | 30min_mae=2.878321 30min_rmse=5.804286 30min_mape=8.282461 | 60min_mae=3.292692 60min_rmse=6.755929 60min_mape=9.945411
[2026-09-16 22:54:07] INFO Checkpoint updated | epoch=6 | stage=posthoc_calibrator | best_val_mae=2.845505 | path=D:\projects\researchProjects\TrafficRobustST\STAnchor-BlockMemory\artifacts\paper_final_joint_context_offset_only_seed42\ablations\calibrator_simple_horizon\metrla\gwn\downstream_best.pt
[2026-09-16 22:55:13] INFO Epoch 007 | stage=posthoc_calibrator | train_total=2.998172 | train_forecast=2.998172 | train_confidence=0.000000 | train_risk=0.000000 | train_blend=0.000000 | val_total=2.849050 | val_mae=2.845488 | val_rmse=5.748755 | val_mape=8.139625 | val_confidence=0.000000 | val_risk=0.000000 | val_blend=0.000000 | batches=709/94 | seconds=65.18 | lr=[0.0005] | cuda_peak_mb=99.2
[2026-09-16 22:55:13] INFO Val horizons | 15min_mae=2.538108 15min_rmse=4.915924 15min_mape=6.825768 | 30min_mae=2.878308 30min_rmse=5.803974 30min_mape=8.282169 | 60min_mae=3.292649 60min_rmse=6.754806 60min_mape=9.944455
[2026-09-16 22:55:13] INFO Checkpoint updated | epoch=7 | stage=posthoc_calibrator | best_val_mae=2.845488 | path=D:\projects\researchProjects\TrafficRobustST\STAnchor-BlockMemory\artifacts\paper_final_joint_context_offset_only_seed42\ablations\calibrator_simple_horizon\metrla\gwn\downstream_best.pt
[2026-09-16 22:56:19] INFO Epoch 008 | stage=posthoc_calibrator | train_total=2.998257 | train_forecast=2.998257 | train_confidence=0.000000 | train_risk=0.000000 | train_blend=0.000000 | val_total=2.849049 | val_mae=2.845487 | val_rmse=5.748738 | val_mape=8.139611 | val_confidence=0.000000 | val_risk=0.000000 | val_blend=0.000000 | batches=709/94 | seconds=66.32 | lr=[0.0005] | cuda_peak_mb=99.2
[2026-09-16 22:56:19] INFO Val horizons | 15min_mae=2.538108 15min_rmse=4.915917 15min_mape=6.825760 | 30min_mae=2.878310 30min_rmse=5.804028 30min_mape=8.282220 | 60min_mae=3.292653 60min_rmse=6.754908 60min_mape=9.944542
[2026-09-16 22:56:19] INFO Checkpoint updated | epoch=8 | stage=posthoc_calibrator | best_val_mae=2.845487 | path=D:\projects\researchProjects\TrafficRobustST\STAnchor-BlockMemory\artifacts\paper_final_joint_context_offset_only_seed42\ablations\calibrator_simple_horizon\metrla\gwn\downstream_best.pt
[2026-09-16 22:57:30] INFO Epoch 009 | stage=posthoc_calibrator | train_total=2.998180 | train_forecast=2.998180 | train_confidence=0.000000 | train_risk=0.000000 | train_blend=0.000000 | val_total=2.849054 | val_mae=2.845493 | val_rmse=5.748867 | val_mape=8.139722 | val_confidence=0.000000 | val_risk=0.000000 | val_blend=0.000000 | batches=709/94 | seconds=71.13 | lr=[0.0005] | cuda_peak_mb=99.2
[2026-09-16 22:57:30] INFO Val horizons | 15min_mae=2.538108 15min_rmse=4.915928 15min_mape=6.825773 | 30min_mae=2.878315 30min_rmse=5.804147 30min_mape=8.282331 | 60min_mae=3.292664 60min_rmse=6.755206 60min_mape=9.944796
[2026-09-16 22:58:35] INFO Epoch 010 | stage=posthoc_calibrator | train_total=2.998136 | train_forecast=2.998136 | train_confidence=0.000000 | train_risk=0.000000 | train_blend=0.000000 | val_total=2.849055 | val_mae=2.845494 | val_rmse=5.748876 | val_mape=8.139740 | val_confidence=0.000000 | val_risk=0.000000 | val_blend=0.000000 | batches=709/94 | seconds=65.26 | lr=[0.0005] | cuda_peak_mb=99.2
[2026-09-16 22:58:35] INFO Val horizons | 15min_mae=2.538111 15min_rmse=4.915972 15min_mape=6.825826 | 30min_mae=2.878317 30min_rmse=5.804188 30min_mape=8.282370 | 60min_mae=3.292661 60min_rmse=6.755127 60min_mape=9.944728
[2026-09-16 22:58:35] INFO Downstream training finished | best_val_mae=2.845487 | checkpoint=D:\projects\researchProjects\TrafficRobustST\STAnchor-BlockMemory\artifacts\paper_final_joint_context_offset_only_seed42\ablations\calibrator_simple_horizon\metrla\gwn\downstream_best.pt
