[2026-09-15 07:03:39] INFO Downstream start | run=paper_final_joint_context_offset_only_seed42/main_table/metrla/ours/gwn | device=cuda:0 (requested=cuda:0) | seed=42 | output=C:\Users\clw\projects\researchRep\STAnchor-BlockMemory\artifacts\paper_final_joint_context_offset_only_seed42\main_table\metrla\ours\gwn
[2026-09-15 07:03:39] INFO Mode | downstream_mode=learned_topk_error_aware | training_protocol=posthoc_frozen_base | candidate_protocol=weekday_radius1_overlap | candidate_ranking=learned_key | candidate_payload=offset_only
[2026-09-15 07:03:39] INFO Downstream initialization | seed=42 | state_hash=e594bb1baaf81968
[2026-09-15 07:03:39] INFO Frozen base | checkpoint=C:\Users\clw\projects\researchRep\STAnchor-BlockMemory\artifacts\convergence\downstream_tgge_v3_matched_fulltrain_queue\downstream_tgge_v3_graphwavenet_base_only_fulltrain_seed42\downstream_best.pt | fingerprint=7833628cfbf8cde5
[2026-09-15 07:03:39] INFO Data | steps=34272 | nodes=207 | channels=1 | training_scope=full_train | memory/post_memory/train_selected/val/test=15876/6805/22681/2993/6025
[2026-09-15 07:03:39] INFO Bank/retrieval | dataset=metrla_final_joint_context_offset_only | events=15876 | nodes=207 | retrieval_dim=64 | event_top_r=32 | node_top_k=12 | key_dtype=float16
[2026-09-15 07:03:39] INFO Frozen path cache | enabled=yes | candidate_ranking=learned_key | fill=first_epoch
[2026-09-15 07:03:39] INFO Parameters | downstream_total=1,194,722 | downstream_trainable=885,085 | backbone=0 | confidence_head=0 | fusion=0 | frozen_pretrained=958,704
[2026-09-15 07:03:39] INFO Optimization | epochs=50 | batch_size=32 | optimizer=adam | lr=0.0005 | weight_decay=0.0001 | scheduler=step_lr | step_size=10 | gamma=0.500 | confidence_weight=0.000 | patience=20 | early_stopping=disabled
[2026-09-15 07:03:40] INFO Stage start | stage=posthoc_calibrator | epochs=50 | optimizer_lrs=[0.0005]
[2026-09-15 07:42:47] INFO Downstream start | run=paper_final_joint_context_offset_only_seed42/main_table/metrla/ours/gwn | device=cuda:0 (requested=cuda:0) | seed=42 | output=C:\Users\clw\projects\researchRep\STAnchor-BlockMemory\artifacts\paper_final_joint_context_offset_only_seed42\main_table\metrla\ours\gwn
[2026-09-15 07:42:47] INFO Mode | downstream_mode=learned_topk_error_aware | training_protocol=posthoc_frozen_base | candidate_protocol=weekday_radius1_overlap | candidate_ranking=learned_key | candidate_payload=offset_only
[2026-09-15 07:42:47] INFO Downstream initialization | seed=42 | state_hash=e594bb1baaf81968
[2026-09-15 07:42:47] INFO Frozen base | checkpoint=C:\Users\clw\projects\researchRep\STAnchor-BlockMemory\artifacts\convergence\downstream_tgge_v3_matched_fulltrain_queue\downstream_tgge_v3_graphwavenet_base_only_fulltrain_seed42\downstream_best.pt | fingerprint=7833628cfbf8cde5
[2026-09-15 07:42:47] INFO Data | steps=34272 | nodes=207 | channels=1 | training_scope=full_train | memory/post_memory/train_selected/val/test=15876/6805/22681/2993/6025
[2026-09-15 07:42:47] INFO Bank/retrieval | dataset=metrla_final_joint_context_offset_only | events=15876 | nodes=207 | retrieval_dim=64 | event_top_r=32 | node_top_k=12 | key_dtype=float16
[2026-09-15 07:42:47] INFO Frozen path cache | enabled=yes | candidate_ranking=learned_key | fill=first_epoch
[2026-09-15 07:42:47] INFO Parameters | downstream_total=1,194,722 | downstream_trainable=885,085 | backbone=0 | confidence_head=0 | fusion=0 | frozen_pretrained=958,704
[2026-09-15 07:42:47] INFO Optimization | epochs=50 | batch_size=32 | optimizer=adam | lr=0.0005 | weight_decay=0.0001 | scheduler=step_lr | step_size=10 | gamma=0.500 | confidence_weight=0.000 | patience=20 | early_stopping=disabled
[2026-09-15 07:42:48] INFO Stage start | stage=posthoc_calibrator | epochs=50 | optimizer_lrs=[0.0005]
[2026-09-15 07:48:56] INFO Epoch 001 | stage=posthoc_calibrator | train_total=2.913084 | train_forecast=2.913084 | train_confidence=0.000000 | train_risk=0.000000 | train_blend=0.000000 | val_total=2.821858 | val_mae=2.818906 | val_rmse=5.727091 | val_mape=8.004926 | val_confidence=0.000000 | val_risk=0.000000 | val_blend=0.000000 | batches=709/94 | seconds=367.84 | lr=[0.0005] | cuda_peak_mb=3504.9
[2026-09-15 07:48:56] INFO Val horizons | 15min_mae=2.519839 15min_rmse=4.870058 15min_mape=6.736896 | 30min_mae=2.852093 30min_rmse=5.774899 30min_mape=8.167655 | 60min_mae=3.243627 60min_rmse=6.729862 60min_mape=9.666952
[2026-09-15 07:48:56] INFO Checkpoint updated | epoch=1 | stage=posthoc_calibrator | best_val_mae=2.818906 | path=C:\Users\clw\projects\researchRep\STAnchor-BlockMemory\artifacts\paper_final_joint_context_offset_only_seed42\main_table\metrla\ours\gwn\downstream_best.pt
[2026-09-15 09:33:38] INFO Downstream start | run=paper_final_joint_context_offset_only_seed42/main_table/metrla/ours/gwn | device=cuda:0 (requested=cuda:0) | seed=42 | output=C:\Users\clw\projects\researchRep\STAnchor-BlockMemory\artifacts\paper_final_joint_context_offset_only_seed42\main_table\metrla\ours\gwn
[2026-09-15 09:33:38] INFO Mode | downstream_mode=learned_topk_error_aware | training_protocol=posthoc_frozen_base | candidate_protocol=weekday_radius1_overlap | candidate_ranking=learned_key | candidate_payload=offset_only
[2026-09-15 09:33:38] INFO Downstream initialization | seed=42 | state_hash=e594bb1baaf81968
[2026-09-15 09:33:38] INFO Frozen base | checkpoint=C:\Users\clw\projects\researchRep\STAnchor-BlockMemory\artifacts\convergence\downstream_tgge_v3_matched_fulltrain_queue\downstream_tgge_v3_graphwavenet_base_only_fulltrain_seed42\downstream_best.pt | fingerprint=7833628cfbf8cde5
[2026-09-15 09:33:38] INFO Data | steps=34272 | nodes=207 | channels=1 | training_scope=full_train | memory/post_memory/train_selected/val/test=15876/6805/22681/2993/6025
[2026-09-15 09:33:38] INFO Frozen path cache | enabled=True | storage=disk_mmap | train_samples=22681 | val_samples=2993 | allocated_mib=2818.0
[2026-09-15 09:33:38] INFO Bank/retrieval | dataset=metrla_final_joint_context_offset_only | events=15876 | nodes=207 | retrieval_dim=64 | event_top_r=32 | node_top_k=12 | key_dtype=float16
[2026-09-15 09:33:38] INFO Frozen path cache | enabled=yes | candidate_ranking=learned_key | fill=first_epoch
[2026-09-15 09:33:38] INFO Parameters | downstream_total=1,194,722 | downstream_trainable=885,085 | backbone=0 | confidence_head=0 | fusion=0 | frozen_pretrained=958,704
[2026-09-15 09:33:38] INFO Optimization | epochs=50 | batch_size=32 | optimizer=adam | lr=0.0005 | weight_decay=0.0001 | scheduler=step_lr | step_size=10 | gamma=0.500 | confidence_weight=0.000 | patience=20 | early_stopping=disabled
[2026-09-15 09:33:40] INFO Stage start | stage=posthoc_calibrator | epochs=50 | optimizer_lrs=[0.0005]
[2026-09-15 09:39:24] INFO Epoch 001 | stage=posthoc_calibrator | train_total=2.913001 | train_forecast=2.913001 | train_confidence=0.000000 | train_risk=0.000000 | train_blend=0.000000 | val_total=2.821738 | val_mae=2.818787 | val_rmse=5.726662 | val_mape=8.000418 | val_confidence=0.000000 | val_risk=0.000000 | val_blend=0.000000 | batches=709/94 | seconds=344.13 | lr=[0.0005] | cuda_peak_mb=3504.9
[2026-09-15 09:39:24] INFO Val horizons | 15min_mae=2.519726 15min_rmse=4.869631 15min_mape=6.735067 | 30min_mae=2.851943 30min_rmse=5.774188 30min_mape=8.162666 | 60min_mae=3.243620 60min_rmse=6.730140 60min_mape=9.660528
[2026-09-15 09:39:24] INFO Checkpoint updated | epoch=1 | stage=posthoc_calibrator | best_val_mae=2.818787 | path=C:\Users\clw\projects\researchRep\STAnchor-BlockMemory\artifacts\paper_final_joint_context_offset_only_seed42\main_table\metrla\ours\gwn\downstream_best.pt
[2026-09-15 09:41:30] INFO Epoch 002 | stage=posthoc_calibrator | train_total=2.870246 | train_forecast=2.870246 | train_confidence=0.000000 | train_risk=0.000000 | train_blend=0.000000 | val_total=2.828753 | val_mae=2.825910 | val_rmse=5.772341 | val_mape=8.070347 | val_confidence=0.000000 | val_risk=0.000000 | val_blend=0.000000 | batches=709/94 | seconds=125.97 | lr=[0.0005] | cuda_peak_mb=1469.6
[2026-09-15 09:41:30] INFO Val horizons | 15min_mae=2.512799 15min_rmse=4.872034 15min_mape=6.689313 | 30min_mae=2.852948 30min_rmse=5.796168 30min_mape=8.195046 | 60min_mae=3.268304 60min_rmse=6.825537 60min_mape=9.873304
[2026-09-15 09:43:36] INFO Epoch 003 | stage=posthoc_calibrator | train_total=2.862005 | train_forecast=2.862005 | train_confidence=0.000000 | train_risk=0.000000 | train_blend=0.000000 | val_total=2.820744 | val_mae=2.817948 | val_rmse=5.740259 | val_mape=7.896183 | val_confidence=0.000000 | val_risk=0.000000 | val_blend=0.000000 | batches=709/94 | seconds=126.70 | lr=[0.0005] | cuda_peak_mb=1470.5
[2026-09-15 09:43:36] INFO Val horizons | 15min_mae=2.513297 15min_rmse=4.868727 15min_mape=6.591573 | 30min_mae=2.852285 30min_rmse=5.791121 30min_mape=8.020377 | 60min_mae=3.246272 60min_rmse=6.756790 60min_mape=9.631516
[2026-09-15 09:43:37] INFO Checkpoint updated | epoch=3 | stage=posthoc_calibrator | best_val_mae=2.817948 | path=C:\Users\clw\projects\researchRep\STAnchor-BlockMemory\artifacts\paper_final_joint_context_offset_only_seed42\main_table\metrla\ours\gwn\downstream_best.pt
[2026-09-15 09:45:43] INFO Epoch 004 | stage=posthoc_calibrator | train_total=2.857380 | train_forecast=2.857380 | train_confidence=0.000000 | train_risk=0.000000 | train_blend=0.000000 | val_total=2.820731 | val_mae=2.817924 | val_rmse=5.745236 | val_mape=7.861630 | val_confidence=0.000000 | val_risk=0.000000 | val_blend=0.000000 | batches=709/94 | seconds=126.77 | lr=[0.0005] | cuda_peak_mb=1471.3
[2026-09-15 09:45:43] INFO Val horizons | 15min_mae=2.513792 15min_rmse=4.869692 15min_mape=6.602001 | 30min_mae=2.852263 30min_rmse=5.793809 30min_mape=8.012982 | 60min_mae=3.241774 60min_rmse=6.756462 60min_mape=9.521952
[2026-09-15 09:45:43] INFO Checkpoint updated | epoch=4 | stage=posthoc_calibrator | best_val_mae=2.817924 | path=C:\Users\clw\projects\researchRep\STAnchor-BlockMemory\artifacts\paper_final_joint_context_offset_only_seed42\main_table\metrla\ours\gwn\downstream_best.pt
[2026-09-15 09:47:49] INFO Epoch 005 | stage=posthoc_calibrator | train_total=2.856262 | train_forecast=2.856262 | train_confidence=0.000000 | train_risk=0.000000 | train_blend=0.000000 | val_total=2.821455 | val_mae=2.818645 | val_rmse=5.742332 | val_mape=7.889744 | val_confidence=0.000000 | val_risk=0.000000 | val_blend=0.000000 | batches=709/94 | seconds=125.89 | lr=[0.0005] | cuda_peak_mb=1470.0
[2026-09-15 09:47:49] INFO Val horizons | 15min_mae=2.510965 15min_rmse=4.875743 15min_mape=6.628379 | 30min_mae=2.851409 30min_rmse=5.790928 30min_mape=8.027117 | 60min_mae=3.250733 60min_rmse=6.760293 60min_mape=9.588077
[2026-09-15 09:49:55] INFO Epoch 006 | stage=posthoc_calibrator | train_total=2.853929 | train_forecast=2.853929 | train_confidence=0.000000 | train_risk=0.000000 | train_blend=0.000000 | val_total=2.815117 | val_mae=2.812137 | val_rmse=5.738816 | val_mape=7.872332 | val_confidence=0.000000 | val_risk=0.000000 | val_blend=0.000000 | batches=709/94 | seconds=125.48 | lr=[0.0005] | cuda_peak_mb=1470.5
[2026-09-15 09:49:55] INFO Val horizons | 15min_mae=2.504258 15min_rmse=4.867986 15min_mape=6.585726 | 30min_mae=2.842886 30min_rmse=5.783817 30min_mape=7.987610 | 60min_mae=3.244586 60min_rmse=6.763599 60min_mape=9.606140
[2026-09-15 09:49:55] INFO Checkpoint updated | epoch=6 | stage=posthoc_calibrator | best_val_mae=2.812137 | path=C:\Users\clw\projects\researchRep\STAnchor-BlockMemory\artifacts\paper_final_joint_context_offset_only_seed42\main_table\metrla\ours\gwn\downstream_best.pt
[2026-09-15 09:52:01] INFO Epoch 007 | stage=posthoc_calibrator | train_total=2.852371 | train_forecast=2.852371 | train_confidence=0.000000 | train_risk=0.000000 | train_blend=0.000000 | val_total=2.801087 | val_mae=2.798003 | val_rmse=5.704039 | val_mape=7.774748 | val_confidence=0.000000 | val_risk=0.000000 | val_blend=0.000000 | batches=709/94 | seconds=126.63 | lr=[0.0005] | cuda_peak_mb=1469.4
[2026-09-15 09:52:01] INFO Val horizons | 15min_mae=2.496609 15min_rmse=4.865414 15min_mape=6.505725 | 30min_mae=2.825993 30min_rmse=5.748171 30min_mape=7.855622 | 60min_mae=3.234106 60min_rmse=6.724636 60min_mape=9.529544
[2026-09-15 09:52:01] INFO Checkpoint updated | epoch=7 | stage=posthoc_calibrator | best_val_mae=2.798003 | path=C:\Users\clw\projects\researchRep\STAnchor-BlockMemory\artifacts\paper_final_joint_context_offset_only_seed42\main_table\metrla\ours\gwn\downstream_best.pt
[2026-09-15 09:54:07] INFO Epoch 008 | stage=posthoc_calibrator | train_total=2.850260 | train_forecast=2.850260 | train_confidence=0.000000 | train_risk=0.000000 | train_blend=0.000000 | val_total=2.810602 | val_mae=2.807734 | val_rmse=5.749303 | val_mape=7.746852 | val_confidence=0.000000 | val_risk=0.000000 | val_blend=0.000000 | batches=709/94 | seconds=125.85 | lr=[0.0005] | cuda_peak_mb=1469.3
[2026-09-15 09:54:07] INFO Val horizons | 15min_mae=2.499258 15min_rmse=4.878371 15min_mape=6.502165 | 30min_mae=2.836928 30min_rmse=5.792520 30min_mape=7.859371 | 60min_mae=3.251409 60min_rmse=6.797927 60min_mape=9.450576
[2026-09-15 09:56:13] INFO Epoch 009 | stage=posthoc_calibrator | train_total=2.849822 | train_forecast=2.849822 | train_confidence=0.000000 | train_risk=0.000000 | train_blend=0.000000 | val_total=2.804122 | val_mae=2.800871 | val_rmse=5.714227 | val_mape=7.936825 | val_confidence=0.000000 | val_risk=0.000000 | val_blend=0.000000 | batches=709/94 | seconds=126.16 | lr=[0.0005] | cuda_peak_mb=1469.8
[2026-09-15 09:56:13] INFO Val horizons | 15min_mae=2.502655 15min_rmse=4.868802 15min_mape=6.637729 | 30min_mae=2.832161 30min_rmse=5.753754 30min_mape=8.056273 | 60min_mae=3.226120 60min_rmse=6.736025 60min_mape=9.687631
[2026-09-15 09:58:22] INFO Epoch 010 | stage=posthoc_calibrator | train_total=2.849358 | train_forecast=2.849358 | train_confidence=0.000000 | train_risk=0.000000 | train_blend=0.000000 | val_total=2.827384 | val_mae=2.824602 | val_rmse=5.772322 | val_mape=7.989341 | val_confidence=0.000000 | val_risk=0.000000 | val_blend=0.000000 | batches=709/94 | seconds=128.54 | lr=[0.0005] | cuda_peak_mb=1470.8
[2026-09-15 09:58:22] INFO Val horizons | 15min_mae=2.512821 15min_rmse=4.878371 15min_mape=6.648154 | 30min_mae=2.858108 30min_rmse=5.817717 30min_mape=8.126992 | 60min_mae=3.262572 60min_rmse=6.805708 60min_mape=9.754085
[2026-09-15 10:00:27] INFO Epoch 011 | stage=posthoc_calibrator | train_total=2.844920 | train_forecast=2.844920 | train_confidence=0.000000 | train_risk=0.000000 | train_blend=0.000000 | val_total=2.806192 | val_mae=2.803117 | val_rmse=5.743286 | val_mape=7.889910 | val_confidence=0.000000 | val_risk=0.000000 | val_blend=0.000000 | batches=709/94 | seconds=125.08 | lr=[0.00025] | cuda_peak_mb=1470.8
[2026-09-15 10:00:27] INFO Val horizons | 15min_mae=2.498247 15min_rmse=4.876462 15min_mape=6.575578 | 30min_mae=2.831408 30min_rmse=5.781980 30min_mape=8.001727 | 60min_mae=3.240631 60min_rmse=6.784225 60min_mape=9.662093
[2026-09-15 10:02:33] INFO Epoch 012 | stage=posthoc_calibrator | train_total=2.844408 | train_forecast=2.844408 | train_confidence=0.000000 | train_risk=0.000000 | train_blend=0.000000 | val_total=2.810873 | val_mae=2.807883 | val_rmse=5.745316 | val_mape=7.913712 | val_confidence=0.000000 | val_risk=0.000000 | val_blend=0.000000 | batches=709/94 | seconds=125.72 | lr=[0.00025] | cuda_peak_mb=1469.8
[2026-09-15 10:02:33] INFO Val horizons | 15min_mae=2.499058 15min_rmse=4.868803 15min_mape=6.580945 | 30min_mae=2.836240 30min_rmse=5.782610 30min_mape=8.030683 | 60min_mae=3.247305 60min_rmse=6.786441 60min_mape=9.691759
[2026-09-15 10:04:39] INFO Epoch 013 | stage=posthoc_calibrator | train_total=2.844394 | train_forecast=2.844394 | train_confidence=0.000000 | train_risk=0.000000 | train_blend=0.000000 | val_total=2.822348 | val_mae=2.819576 | val_rmse=5.793953 | val_mape=7.952671 | val_confidence=0.000000 | val_risk=0.000000 | val_blend=0.000000 | batches=709/94 | seconds=126.50 | lr=[0.00025] | cuda_peak_mb=1470.8
[2026-09-15 10:04:39] INFO Val horizons | 15min_mae=2.503448 15min_rmse=4.878878 15min_mape=6.578791 | 30min_mae=2.853751 30min_rmse=5.838908 30min_mape=8.071738 | 60min_mae=3.257389 60min_rmse=6.848670 60min_mape=9.768534
[2026-09-15 10:06:44] INFO Epoch 014 | stage=posthoc_calibrator | train_total=2.843649 | train_forecast=2.843649 | train_confidence=0.000000 | train_risk=0.000000 | train_blend=0.000000 | val_total=2.806741 | val_mae=2.803762 | val_rmse=5.764015 | val_mape=7.882072 | val_confidence=0.000000 | val_risk=0.000000 | val_blend=0.000000 | batches=709/94 | seconds=125.16 | lr=[0.00025] | cuda_peak_mb=1470.8
[2026-09-15 10:06:44] INFO Val horizons | 15min_mae=2.498668 15min_rmse=4.875731 15min_mape=6.569461 | 30min_mae=2.835749 30min_rmse=5.806039 30min_mape=7.991665 | 60min_mae=3.236561 60min_rmse=6.810384 60min_mape=9.637164
[2026-09-15 10:08:50] INFO Epoch 015 | stage=posthoc_calibrator | train_total=2.843508 | train_forecast=2.843508 | train_confidence=0.000000 | train_risk=0.000000 | train_blend=0.000000 | val_total=2.818606 | val_mae=2.815727 | val_rmse=5.752735 | val_mape=7.868372 | val_confidence=0.000000 | val_risk=0.000000 | val_blend=0.000000 | batches=709/94 | seconds=125.44 | lr=[0.00025] | cuda_peak_mb=1469.8
[2026-09-15 10:08:50] INFO Val horizons | 15min_mae=2.505276 15min_rmse=4.870211 15min_mape=6.557306 | 30min_mae=2.848672 30min_rmse=5.797315 30min_mape=7.983254 | 60min_mae=3.252580 60min_rmse=6.786784 60min_mape=9.616875
[2026-09-15 10:10:55] INFO Epoch 016 | stage=posthoc_calibrator | train_total=2.842942 | train_forecast=2.842942 | train_confidence=0.000000 | train_risk=0.000000 | train_blend=0.000000 | val_total=2.804023 | val_mae=2.800937 | val_rmse=5.735635 | val_mape=7.858705 | val_confidence=0.000000 | val_risk=0.000000 | val_blend=0.000000 | batches=709/94 | seconds=125.52 | lr=[0.00025] | cuda_peak_mb=1470.8
[2026-09-15 10:10:55] INFO Val horizons | 15min_mae=2.498923 15min_rmse=4.870716 15min_mape=6.543515 | 30min_mae=2.835562 30min_rmse=5.784342 30min_mape=7.966120 | 60min_mae=3.225010 60min_rmse=6.758237 60min_mape=9.626712
[2026-09-15 10:13:01] INFO Epoch 017 | stage=posthoc_calibrator | train_total=2.842804 | train_forecast=2.842804 | train_confidence=0.000000 | train_risk=0.000000 | train_blend=0.000000 | val_total=2.806991 | val_mae=2.804018 | val_rmse=5.746438 | val_mape=7.866996 | val_confidence=0.000000 | val_risk=0.000000 | val_blend=0.000000 | batches=709/94 | seconds=125.88 | lr=[0.00025] | cuda_peak_mb=1470.8
[2026-09-15 10:13:01] INFO Val horizons | 15min_mae=2.496130 15min_rmse=4.877957 15min_mape=6.556980 | 30min_mae=2.833422 30min_rmse=5.788764 30min_mape=7.974775 | 60min_mae=3.239998 60min_rmse=6.781192 60min_mape=9.631526
[2026-09-15 10:15:08] INFO Epoch 018 | stage=posthoc_calibrator | train_total=2.842366 | train_forecast=2.842366 | train_confidence=0.000000 | train_risk=0.000000 | train_blend=0.000000 | val_total=2.807675 | val_mae=2.804693 | val_rmse=5.744441 | val_mape=7.840577 | val_confidence=0.000000 | val_risk=0.000000 | val_blend=0.000000 | batches=709/94 | seconds=126.29 | lr=[0.00025] | cuda_peak_mb=1469.8
[2026-09-15 10:15:08] INFO Val horizons | 15min_mae=2.497409 15min_rmse=4.868156 15min_mape=6.509923 | 30min_mae=2.838092 30min_rmse=5.791521 30min_mape=7.939751 | 60min_mae=3.234010 60min_rmse=6.775306 60min_mape=9.635823
[2026-09-15 10:17:13] INFO Epoch 019 | stage=posthoc_calibrator | train_total=2.841384 | train_forecast=2.841384 | train_confidence=0.000000 | train_risk=0.000000 | train_blend=0.000000 | val_total=2.807106 | val_mae=2.804184 | val_rmse=5.756786 | val_mape=7.866245 | val_confidence=0.000000 | val_risk=0.000000 | val_blend=0.000000 | batches=709/94 | seconds=124.95 | lr=[0.00025] | cuda_peak_mb=1470.8
[2026-09-15 10:17:13] INFO Val horizons | 15min_mae=2.496288 15min_rmse=4.877139 15min_mape=6.580303 | 30min_mae=2.833031 30min_rmse=5.801093 30min_mape=7.985980 | 60min_mae=3.240847 60min_rmse=6.791229 60min_mape=9.586293
[2026-09-15 10:19:18] INFO Epoch 020 | stage=posthoc_calibrator | train_total=2.841500 | train_forecast=2.841500 | train_confidence=0.000000 | train_risk=0.000000 | train_blend=0.000000 | val_total=2.809598 | val_mae=2.806615 | val_rmse=5.732464 | val_mape=7.835613 | val_confidence=0.000000 | val_risk=0.000000 | val_blend=0.000000 | batches=709/94 | seconds=125.54 | lr=[0.00025] | cuda_peak_mb=1470.8
[2026-09-15 10:19:18] INFO Val horizons | 15min_mae=2.497454 15min_rmse=4.860757 15min_mape=6.542298 | 30min_mae=2.836324 30min_rmse=5.773178 30min_mape=7.953711 | 60min_mae=3.242360 60min_rmse=6.767028 60min_mape=9.561210
[2026-09-15 10:21:24] INFO Epoch 021 | stage=posthoc_calibrator | train_total=2.839456 | train_forecast=2.839456 | train_confidence=0.000000 | train_risk=0.000000 | train_blend=0.000000 | val_total=2.804645 | val_mae=2.801578 | val_rmse=5.746785 | val_mape=7.919702 | val_confidence=0.000000 | val_risk=0.000000 | val_blend=0.000000 | batches=709/94 | seconds=126.15 | lr=[0.000125] | cuda_peak_mb=1469.8
[2026-09-15 10:21:24] INFO Val horizons | 15min_mae=2.496017 15min_rmse=4.875016 15min_mape=6.587617 | 30min_mae=2.830247 30min_rmse=5.785363 30min_mape=8.026011 | 60min_mae=3.234837 60min_rmse=6.784641 60min_mape=9.717123
[2026-09-15 10:23:31] INFO Epoch 022 | stage=posthoc_calibrator | train_total=2.839202 | train_forecast=2.839202 | train_confidence=0.000000 | train_risk=0.000000 | train_blend=0.000000 | val_total=2.805820 | val_mae=2.802832 | val_rmse=5.742624 | val_mape=7.828067 | val_confidence=0.000000 | val_risk=0.000000 | val_blend=0.000000 | batches=709/94 | seconds=126.44 | lr=[0.000125] | cuda_peak_mb=1470.8
[2026-09-15 10:23:31] INFO Val horizons | 15min_mae=2.494729 15min_rmse=4.864422 15min_mape=6.529400 | 30min_mae=2.832924 30min_rmse=5.783292 30min_mape=7.942707 | 60min_mae=3.239083 60min_rmse=6.785083 60min_mape=9.568344
[2026-09-15 10:25:37] INFO Epoch 023 | stage=posthoc_calibrator | train_total=2.838834 | train_forecast=2.838834 | train_confidence=0.000000 | train_risk=0.000000 | train_blend=0.000000 | val_total=2.807546 | val_mae=2.804551 | val_rmse=5.764057 | val_mape=7.949428 | val_confidence=0.000000 | val_risk=0.000000 | val_blend=0.000000 | batches=709/94 | seconds=126.34 | lr=[0.000125] | cuda_peak_mb=1470.8
[2026-09-15 10:25:37] INFO Val horizons | 15min_mae=2.496350 15min_rmse=4.871102 15min_mape=6.587147 | 30min_mae=2.836938 30min_rmse=5.803081 30min_mape=8.068776 | 60min_mae=3.236305 60min_rmse=6.807367 60min_mape=9.743167
[2026-09-15 10:27:43] INFO Epoch 024 | stage=posthoc_calibrator | train_total=2.838892 | train_forecast=2.838892 | train_confidence=0.000000 | train_risk=0.000000 | train_blend=0.000000 | val_total=2.802931 | val_mae=2.799876 | val_rmse=5.733763 | val_mape=7.852296 | val_confidence=0.000000 | val_risk=0.000000 | val_blend=0.000000 | batches=709/94 | seconds=126.07 | lr=[0.000125] | cuda_peak_mb=1469.8
[2026-09-15 10:27:43] INFO Val horizons | 15min_mae=2.495538 15min_rmse=4.871004 15min_mape=6.534486 | 30min_mae=2.829737 30min_rmse=5.776020 30min_mape=7.958612 | 60min_mae=3.232183 60min_rmse=6.764035 60min_mape=9.619985
[2026-09-15 10:29:49] INFO Epoch 025 | stage=posthoc_calibrator | train_total=2.838621 | train_forecast=2.838621 | train_confidence=0.000000 | train_risk=0.000000 | train_blend=0.000000 | val_total=2.810249 | val_mae=2.807309 | val_rmse=5.754683 | val_mape=7.910219 | val_confidence=0.000000 | val_risk=0.000000 | val_blend=0.000000 | batches=709/94 | seconds=125.68 | lr=[0.000125] | cuda_peak_mb=1470.8
[2026-09-15 10:29:49] INFO Val horizons | 15min_mae=2.497066 15min_rmse=4.875108 15min_mape=6.564916 | 30min_mae=2.836078 30min_rmse=5.790338 30min_mape=8.007734 | 60min_mae=3.244527 60min_rmse=6.799135 60min_mape=9.716167
[2026-09-15 10:31:56] INFO Epoch 026 | stage=posthoc_calibrator | train_total=2.838474 | train_forecast=2.838474 | train_confidence=0.000000 | train_risk=0.000000 | train_blend=0.000000 | val_total=2.808687 | val_mae=2.805736 | val_rmse=5.744854 | val_mape=7.868368 | val_confidence=0.000000 | val_risk=0.000000 | val_blend=0.000000 | batches=709/94 | seconds=127.13 | lr=[0.000125] | cuda_peak_mb=1470.8
[2026-09-15 10:31:56] INFO Val horizons | 15min_mae=2.496812 15min_rmse=4.864961 15min_mape=6.538262 | 30min_mae=2.839146 30min_rmse=5.787923 30min_mape=7.967285 | 60min_mae=3.237446 60min_rmse=6.781583 60min_mape=9.655833
[2026-09-15 10:34:02] INFO Epoch 027 | stage=posthoc_calibrator | train_total=2.838174 | train_forecast=2.838174 | train_confidence=0.000000 | train_risk=0.000000 | train_blend=0.000000 | val_total=2.807768 | val_mae=2.804799 | val_rmse=5.745646 | val_mape=7.876019 | val_confidence=0.000000 | val_risk=0.000000 | val_blend=0.000000 | batches=709/94 | seconds=125.71 | lr=[0.000125] | cuda_peak_mb=1469.8
[2026-09-15 10:34:02] INFO Val horizons | 15min_mae=2.497680 15min_rmse=4.870887 15min_mape=6.544268 | 30min_mae=2.836991 30min_rmse=5.788381 30min_mape=7.981495 | 60min_mae=3.236309 60min_rmse=6.777741 60min_mape=9.658537
[2026-09-15 10:36:08] INFO Epoch 028 | stage=posthoc_calibrator | train_total=2.838413 | train_forecast=2.838413 | train_confidence=0.000000 | train_risk=0.000000 | train_blend=0.000000 | val_total=2.792907 | val_mae=2.789688 | val_rmse=5.727733 | val_mape=7.863421 | val_confidence=0.000000 | val_risk=0.000000 | val_blend=0.000000 | batches=709/94 | seconds=125.90 | lr=[0.000125] | cuda_peak_mb=1470.8
[2026-09-15 10:36:08] INFO Val horizons | 15min_mae=2.491040 15min_rmse=4.867715 15min_mape=6.556154 | 30min_mae=2.819135 30min_rmse=5.769855 30min_mape=7.976592 | 60min_mae=3.213273 60min_rmse=6.749862 60min_mape=9.617094
[2026-09-15 10:36:08] INFO Checkpoint updated | epoch=28 | stage=posthoc_calibrator | best_val_mae=2.789688 | path=C:\Users\clw\projects\researchRep\STAnchor-BlockMemory\artifacts\paper_final_joint_context_offset_only_seed42\main_table\metrla\ours\gwn\downstream_best.pt
[2026-09-15 10:38:14] INFO Epoch 029 | stage=posthoc_calibrator | train_total=2.837951 | train_forecast=2.837951 | train_confidence=0.000000 | train_risk=0.000000 | train_blend=0.000000 | val_total=2.800993 | val_mae=2.797941 | val_rmse=5.727245 | val_mape=7.820187 | val_confidence=0.000000 | val_risk=0.000000 | val_blend=0.000000 | batches=709/94 | seconds=125.91 | lr=[0.000125] | cuda_peak_mb=1470.8
[2026-09-15 10:38:14] INFO Val horizons | 15min_mae=2.493174 15min_rmse=4.863624 15min_mape=6.504261 | 30min_mae=2.829583 30min_rmse=5.768316 30min_mape=7.924873 | 60min_mae=3.228002 60min_rmse=6.755881 60min_mape=9.580238
[2026-09-15 10:40:19] INFO Epoch 030 | stage=posthoc_calibrator | train_total=2.837818 | train_forecast=2.837818 | train_confidence=0.000000 | train_risk=0.000000 | train_blend=0.000000 | val_total=2.804246 | val_mae=2.801189 | val_rmse=5.731170 | val_mape=7.872016 | val_confidence=0.000000 | val_risk=0.000000 | val_blend=0.000000 | batches=709/94 | seconds=125.60 | lr=[0.000125] | cuda_peak_mb=1469.8
[2026-09-15 10:40:19] INFO Val horizons | 15min_mae=2.494930 15min_rmse=4.867517 15min_mape=6.552561 | 30min_mae=2.830824 30min_rmse=5.772127 30min_mape=7.974589 | 60min_mae=3.235235 60min_rmse=6.759591 60min_mape=9.643728
[2026-09-15 10:42:25] INFO Epoch 031 | stage=posthoc_calibrator | train_total=2.836368 | train_forecast=2.836368 | train_confidence=0.000000 | train_risk=0.000000 | train_blend=0.000000 | val_total=2.806888 | val_mae=2.803924 | val_rmse=5.752279 | val_mape=7.895321 | val_confidence=0.000000 | val_risk=0.000000 | val_blend=0.000000 | batches=709/94 | seconds=125.81 | lr=[6.25e-05] | cuda_peak_mb=1470.8
[2026-09-15 10:42:25] INFO Val horizons | 15min_mae=2.497300 15min_rmse=4.875085 15min_mape=6.561801 | 30min_mae=2.835842 30min_rmse=5.795412 30min_mape=8.011022 | 60min_mae=3.233151 60min_rmse=6.780753 60min_mape=9.664490
[2026-09-15 10:44:31] INFO Epoch 032 | stage=posthoc_calibrator | train_total=2.836185 | train_forecast=2.836185 | train_confidence=0.000000 | train_risk=0.000000 | train_blend=0.000000 | val_total=2.805211 | val_mae=2.802228 | val_rmse=5.745227 | val_mape=7.865056 | val_confidence=0.000000 | val_risk=0.000000 | val_blend=0.000000 | batches=709/94 | seconds=125.63 | lr=[6.25e-05] | cuda_peak_mb=1470.8
[2026-09-15 10:44:31] INFO Val horizons | 15min_mae=2.493054 15min_rmse=4.871035 15min_mape=6.545719 | 30min_mae=2.829250 30min_rmse=5.781290 30min_mape=7.970450 | 60min_mae=3.241259 60min_rmse=6.785897 60min_mape=9.638937
[2026-09-15 10:46:36] INFO Epoch 033 | stage=posthoc_calibrator | train_total=2.836190 | train_forecast=2.836190 | train_confidence=0.000000 | train_risk=0.000000 | train_blend=0.000000 | val_total=2.799881 | val_mae=2.796821 | val_rmse=5.735829 | val_mape=7.861322 | val_confidence=0.000000 | val_risk=0.000000 | val_blend=0.000000 | batches=709/94 | seconds=125.60 | lr=[6.25e-05] | cuda_peak_mb=1469.8
[2026-09-15 10:46:36] INFO Val horizons | 15min_mae=2.492263 15min_rmse=4.864358 15min_mape=6.533384 | 30min_mae=2.827328 30min_rmse=5.775806 30min_mape=7.969639 | 60min_mae=3.226544 60min_rmse=6.769378 60min_mape=9.644554
[2026-09-15 10:48:41] INFO Epoch 034 | stage=posthoc_calibrator | train_total=2.836155 | train_forecast=2.836155 | train_confidence=0.000000 | train_risk=0.000000 | train_blend=0.000000 | val_total=2.800568 | val_mae=2.797468 | val_rmse=5.729214 | val_mape=7.892740 | val_confidence=0.000000 | val_risk=0.000000 | val_blend=0.000000 | batches=709/94 | seconds=124.60 | lr=[6.25e-05] | cuda_peak_mb=1470.8
[2026-09-15 10:48:41] INFO Val horizons | 15min_mae=2.492655 15min_rmse=4.859898 15min_mape=6.557549 | 30min_mae=2.828839 30min_rmse=5.770839 30min_mape=8.007971 | 60min_mae=3.225088 60min_rmse=6.753052 60min_mape=9.666125
[2026-09-15 10:50:45] INFO Epoch 035 | stage=posthoc_calibrator | train_total=2.836207 | train_forecast=2.836207 | train_confidence=0.000000 | train_risk=0.000000 | train_blend=0.000000 | val_total=2.801669 | val_mae=2.798640 | val_rmse=5.741824 | val_mape=7.865479 | val_confidence=0.000000 | val_risk=0.000000 | val_blend=0.000000 | batches=709/94 | seconds=124.08 | lr=[6.25e-05] | cuda_peak_mb=1470.8
[2026-09-15 10:50:45] INFO Val horizons | 15min_mae=2.492952 15min_rmse=4.868861 15min_mape=6.531724 | 30min_mae=2.829770 30min_rmse=5.785254 30min_mape=7.978534 | 60min_mae=3.228015 60min_rmse=6.770406 60min_mape=9.642711
[2026-09-15 10:52:49] INFO Epoch 036 | stage=posthoc_calibrator | train_total=2.835415 | train_forecast=2.835415 | train_confidence=0.000000 | train_risk=0.000000 | train_blend=0.000000 | val_total=2.800734 | val_mae=2.797685 | val_rmse=5.741721 | val_mape=7.864750 | val_confidence=0.000000 | val_risk=0.000000 | val_blend=0.000000 | batches=709/94 | seconds=123.93 | lr=[6.25e-05] | cuda_peak_mb=1469.8
[2026-09-15 10:52:49] INFO Val horizons | 15min_mae=2.492502 15min_rmse=4.867229 15min_mape=6.530720 | 30min_mae=2.829848 30min_rmse=5.786966 30min_mape=7.970621 | 60min_mae=3.224156 60min_rmse=6.767129 60min_mape=9.649183
[2026-09-15 10:54:53] INFO Epoch 037 | stage=posthoc_calibrator | train_total=2.836088 | train_forecast=2.836088 | train_confidence=0.000000 | train_risk=0.000000 | train_blend=0.000000 | val_total=2.806596 | val_mae=2.803635 | val_rmse=5.748864 | val_mape=7.868905 | val_confidence=0.000000 | val_risk=0.000000 | val_blend=0.000000 | batches=709/94 | seconds=123.96 | lr=[6.25e-05] | cuda_peak_mb=1470.8
[2026-09-15 10:54:53] INFO Val horizons | 15min_mae=2.496743 15min_rmse=4.872897 15min_mape=6.537382 | 30min_mae=2.835561 30min_rmse=5.790057 30min_mape=7.975486 | 60min_mae=3.234904 60min_rmse=6.783699 60min_mape=9.650588
[2026-09-15 10:56:56] INFO Epoch 038 | stage=posthoc_calibrator | train_total=2.835640 | train_forecast=2.835640 | train_confidence=0.000000 | train_risk=0.000000 | train_blend=0.000000 | val_total=2.805040 | val_mae=2.802098 | val_rmse=5.749173 | val_mape=7.853835 | val_confidence=0.000000 | val_risk=0.000000 | val_blend=0.000000 | batches=709/94 | seconds=123.65 | lr=[6.25e-05] | cuda_peak_mb=1470.8
[2026-09-15 10:56:56] INFO Val horizons | 15min_mae=2.493428 15min_rmse=4.867434 15min_mape=6.536164 | 30min_mae=2.833283 30min_rmse=5.792125 30min_mape=7.963415 | 60min_mae=3.233816 60min_rmse=6.780971 60min_mape=9.605500
[2026-09-15 10:59:00] INFO Epoch 039 | stage=posthoc_calibrator | train_total=2.835578 | train_forecast=2.835578 | train_confidence=0.000000 | train_risk=0.000000 | train_blend=0.000000 | val_total=2.798422 | val_mae=2.795330 | val_rmse=5.731443 | val_mape=7.893573 | val_confidence=0.000000 | val_risk=0.000000 | val_blend=0.000000 | batches=709/94 | seconds=123.89 | lr=[6.25e-05] | cuda_peak_mb=1469.8
[2026-09-15 10:59:00] INFO Val horizons | 15min_mae=2.491990 15min_rmse=4.869965 15min_mape=6.560091 | 30min_mae=2.826419 30min_rmse=5.775055 30min_mape=8.010824 | 60min_mae=3.221933 60min_rmse=6.749803 60min_mape=9.659254
[2026-09-15 11:01:06] INFO Epoch 040 | stage=posthoc_calibrator | train_total=2.835414 | train_forecast=2.835414 | train_confidence=0.000000 | train_risk=0.000000 | train_blend=0.000000 | val_total=2.803842 | val_mae=2.800818 | val_rmse=5.743586 | val_mape=7.897277 | val_confidence=0.000000 | val_risk=0.000000 | val_blend=0.000000 | batches=709/94 | seconds=125.25 | lr=[6.25e-05] | cuda_peak_mb=1470.8
[2026-09-15 11:01:06] INFO Val horizons | 15min_mae=2.494887 15min_rmse=4.868705 15min_mape=6.557866 | 30min_mae=2.831916 30min_rmse=5.785061 30min_mape=8.017174 | 60min_mae=3.231259 60min_rmse=6.773520 60min_mape=9.669535
[2026-09-15 11:03:10] INFO Epoch 041 | stage=posthoc_calibrator | train_total=2.835047 | train_forecast=2.835047 | train_confidence=0.000000 | train_risk=0.000000 | train_blend=0.000000 | val_total=2.797012 | val_mae=2.793894 | val_rmse=5.731100 | val_mape=7.867768 | val_confidence=0.000000 | val_risk=0.000000 | val_blend=0.000000 | batches=709/94 | seconds=124.26 | lr=[3.125e-05] | cuda_peak_mb=1470.8
[2026-09-15 11:03:10] INFO Val horizons | 15min_mae=2.492145 15min_rmse=4.866243 15min_mape=6.537080 | 30min_mae=2.824966 30min_rmse=5.772827 30min_mape=7.980400 | 60min_mae=3.218921 60min_rmse=6.754401 60min_mape=9.639963
[2026-09-15 11:05:17] INFO Epoch 042 | stage=posthoc_calibrator | train_total=2.834697 | train_forecast=2.834697 | train_confidence=0.000000 | train_risk=0.000000 | train_blend=0.000000 | val_total=2.802610 | val_mae=2.799556 | val_rmse=5.753356 | val_mape=7.924561 | val_confidence=0.000000 | val_risk=0.000000 | val_blend=0.000000 | batches=709/94 | seconds=127.07 | lr=[3.125e-05] | cuda_peak_mb=1469.8
[2026-09-15 11:05:17] INFO Val horizons | 15min_mae=2.493643 15min_rmse=4.871579 15min_mape=6.557050 | 30min_mae=2.830563 30min_rmse=5.792202 30min_mape=8.031479 | 60min_mae=3.228241 60min_rmse=6.788195 60min_mape=9.738730
[2026-09-15 11:07:22] INFO Epoch 043 | stage=posthoc_calibrator | train_total=2.834768 | train_forecast=2.834768 | train_confidence=0.000000 | train_risk=0.000000 | train_blend=0.000000 | val_total=2.805877 | val_mae=2.802937 | val_rmse=5.745505 | val_mape=7.850988 | val_confidence=0.000000 | val_risk=0.000000 | val_blend=0.000000 | batches=709/94 | seconds=124.91 | lr=[3.125e-05] | cuda_peak_mb=1470.8
[2026-09-15 11:07:22] INFO Val horizons | 15min_mae=2.494690 15min_rmse=4.870200 15min_mape=6.531448 | 30min_mae=2.833526 30min_rmse=5.787026 30min_mape=7.968550 | 60min_mae=3.236028 60min_rmse=6.776546 60min_mape=9.598883
[2026-09-15 11:09:27] INFO Epoch 044 | stage=posthoc_calibrator | train_total=2.834767 | train_forecast=2.834767 | train_confidence=0.000000 | train_risk=0.000000 | train_blend=0.000000 | val_total=2.800232 | val_mae=2.797190 | val_rmse=5.737498 | val_mape=7.852702 | val_confidence=0.000000 | val_risk=0.000000 | val_blend=0.000000 | batches=709/94 | seconds=124.87 | lr=[3.125e-05] | cuda_peak_mb=1470.8
[2026-09-15 11:09:27] INFO Val horizons | 15min_mae=2.492562 15min_rmse=4.868894 15min_mape=6.537918 | 30min_mae=2.827803 30min_rmse=5.781018 30min_mape=7.971056 | 60min_mae=3.226766 60min_rmse=6.762446 60min_mape=9.599872
[2026-09-15 11:11:32] INFO Epoch 045 | stage=posthoc_calibrator | train_total=2.834486 | train_forecast=2.834486 | train_confidence=0.000000 | train_risk=0.000000 | train_blend=0.000000 | val_total=2.805670 | val_mae=2.802690 | val_rmse=5.749300 | val_mape=7.908228 | val_confidence=0.000000 | val_risk=0.000000 | val_blend=0.000000 | batches=709/94 | seconds=125.03 | lr=[3.125e-05] | cuda_peak_mb=1469.8
[2026-09-15 11:11:32] INFO Val horizons | 15min_mae=2.494821 15min_rmse=4.871770 15min_mape=6.563779 | 30min_mae=2.833676 30min_rmse=5.790079 30min_mape=8.026193 | 60min_mae=3.234206 60min_rmse=6.779213 60min_mape=9.685871
[2026-09-15 11:13:40] INFO Epoch 046 | stage=posthoc_calibrator | train_total=2.834364 | train_forecast=2.834364 | train_confidence=0.000000 | train_risk=0.000000 | train_blend=0.000000 | val_total=2.803701 | val_mae=2.800733 | val_rmse=5.749273 | val_mape=7.837184 | val_confidence=0.000000 | val_risk=0.000000 | val_blend=0.000000 | batches=709/94 | seconds=127.89 | lr=[3.125e-05] | cuda_peak_mb=1470.8
[2026-09-15 11:13:40] INFO Val horizons | 15min_mae=2.492678 15min_rmse=4.869698 15min_mape=6.508935 | 30min_mae=2.830686 30min_rmse=5.788878 30min_mape=7.937291 | 60min_mae=3.233088 60min_rmse=6.785489 60min_mape=9.612761
[2026-09-15 11:15:44] INFO Epoch 047 | stage=posthoc_calibrator | train_total=2.834401 | train_forecast=2.834401 | train_confidence=0.000000 | train_risk=0.000000 | train_blend=0.000000 | val_total=2.802709 | val_mae=2.799711 | val_rmse=5.743080 | val_mape=7.864782 | val_confidence=0.000000 | val_risk=0.000000 | val_blend=0.000000 | batches=709/94 | seconds=124.75 | lr=[3.125e-05] | cuda_peak_mb=1470.8
[2026-09-15 11:15:44] INFO Val horizons | 15min_mae=2.493290 15min_rmse=4.871207 15min_mape=6.525905 | 30min_mae=2.830834 30min_rmse=5.786695 30min_mape=7.976428 | 60min_mae=3.229879 60min_rmse=6.768566 60min_mape=9.637903
[2026-09-15 11:17:49] INFO Epoch 048 | stage=posthoc_calibrator | train_total=2.834288 | train_forecast=2.834288 | train_confidence=0.000000 | train_risk=0.000000 | train_blend=0.000000 | val_total=2.798736 | val_mae=2.795627 | val_rmse=5.732449 | val_mape=7.894698 | val_confidence=0.000000 | val_risk=0.000000 | val_blend=0.000000 | batches=709/94 | seconds=124.98 | lr=[3.125e-05] | cuda_peak_mb=1469.8
[2026-09-15 11:17:49] INFO Val horizons | 15min_mae=2.492924 15min_rmse=4.865847 15min_mape=6.563586 | 30min_mae=2.827358 30min_rmse=5.777211 30min_mape=8.015887 | 60min_mae=3.220408 60min_rmse=6.751338 60min_mape=9.662256
[2026-09-15 11:19:54] INFO Epoch 049 | stage=posthoc_calibrator | train_total=2.834441 | train_forecast=2.834441 | train_confidence=0.000000 | train_risk=0.000000 | train_blend=0.000000 | val_total=2.803445 | val_mae=2.800418 | val_rmse=5.744234 | val_mape=7.891280 | val_confidence=0.000000 | val_risk=0.000000 | val_blend=0.000000 | batches=709/94 | seconds=124.88 | lr=[3.125e-05] | cuda_peak_mb=1470.8
[2026-09-15 11:19:54] INFO Val horizons | 15min_mae=2.493784 15min_rmse=4.866293 15min_mape=6.551099 | 30min_mae=2.831411 30min_rmse=5.785202 30min_mape=8.007012 | 60min_mae=3.230120 60min_rmse=6.773769 60min_mape=9.665572
[2026-09-15 11:21:59] INFO Epoch 050 | stage=posthoc_calibrator | train_total=2.834383 | train_forecast=2.834383 | train_confidence=0.000000 | train_risk=0.000000 | train_blend=0.000000 | val_total=2.800875 | val_mae=2.797824 | val_rmse=5.731432 | val_mape=7.822988 | val_confidence=0.000000 | val_risk=0.000000 | val_blend=0.000000 | batches=709/94 | seconds=124.83 | lr=[3.125e-05] | cuda_peak_mb=1470.8
[2026-09-15 11:21:59] INFO Val horizons | 15min_mae=2.491293 15min_rmse=4.864202 15min_mape=6.501173 | 30min_mae=2.827261 30min_rmse=5.771291 30min_mape=7.923556 | 60min_mae=3.230281 60min_rmse=6.759966 60min_mape=9.588848
[2026-09-15 11:21:59] INFO Downstream training finished | best_val_mae=2.789688 | checkpoint=C:\Users\clw\projects\researchRep\STAnchor-BlockMemory\artifacts\paper_final_joint_context_offset_only_seed42\main_table\metrla\ours\gwn\downstream_best.pt
