[2026-09-10 01:44:13] INFO Downstream start | run=cross_dataset_final/pems04_source_router_staeformer_seed42 | device=cuda:0 (requested=cuda:0) | seed=42 | output=C:\Users\clw\projects\researchRep\STAnchor-BlockMemory\artifacts\cross_dataset_final\pems04_source_router_staeformer_seed42
[2026-09-10 01:44:13] INFO Mode | downstream_mode=learned_topk_error_aware | training_protocol=posthoc_frozen_base | candidate_protocol=weekday_radius1_overlap
[2026-09-10 01:44:13] INFO STAEformer temporal covariates | mode=calendar | source=dataset slot/weekday
[2026-09-10 01:44:13] INFO Downstream initialization | seed=42 | state_hash=5ea48f0f7ee4bcdc
[2026-09-10 01:44:13] INFO Frozen base | checkpoint=C:\Users\clw\projects\researchRep\STAnchor-BlockMemory\artifacts\cross_dataset_final\pems04_baseonly_staeformer_seed42\downstream_best.pt | fingerprint=3dbff104aa5793ed
[2026-09-10 01:44:13] INFO Data | steps=16992 | nodes=307 | channels=1 | training_scope=full_train | memory/post_memory/train_selected/val/test=8116/3479/11595/1400/3100
[2026-09-10 01:44:13] INFO Bank/retrieval | dataset=pems04_source_queue | events=8116 | nodes=307 | retrieval_dim=64 | event_top_r=96 | node_top_k=12 | key_dtype=float16
[2026-09-10 01:44:13] INFO Parameters | downstream_total=2,234,894 | downstream_trainable=879,693 | backbone=0 | confidence_head=0 | fusion=0 | frozen_pretrained=958,704
[2026-09-10 01:44:13] INFO Optimization | epochs=50 | batch_size=32 | optimizer=adam | lr=0.001 | weight_decay=0.0001 | scheduler=step_lr | step_size=10 | gamma=0.950 | confidence_weight=0.000 | patience=10 | early_stopping=disabled
[2026-09-10 01:44:15] INFO Stage start | stage=posthoc_calibrator | epochs=50 | optimizer_lrs=[0.001]
[2026-09-10 01:49:36] INFO Epoch 001 | stage=posthoc_calibrator | train_total=1.249082 | train_forecast=1.249082 | train_confidence=0.000000 | train_risk=0.000000 | train_blend=0.000000 | val_total=1.653284 | val_mae=1.658256 | val_rmse=3.905898 | val_mape=3.760670 | val_confidence=0.000000 | val_risk=0.000000 | val_blend=0.000000 | batches=363/44 | seconds=321.82 | lr=[0.001] | cuda_peak_mb=2199.6
[2026-09-10 01:49:36] INFO Val horizons | 15min_mae=1.440081 15min_rmse=3.080845 15min_mape=3.078870 | 30min_mae=1.728193 30min_rmse=4.026549 30min_mape=3.934408 | 60min_mae=1.967521 60min_rmse=4.722985 60min_mape=4.679240
[2026-09-10 01:49:36] INFO Checkpoint updated | epoch=1 | stage=posthoc_calibrator | best_val_mae=1.658256 | path=C:\Users\clw\projects\researchRep\STAnchor-BlockMemory\artifacts\cross_dataset_final\pems04_source_router_staeformer_seed42\downstream_best.pt
[2026-09-10 01:50:20] INFO Epoch 002 | stage=posthoc_calibrator | train_total=1.241987 | train_forecast=1.241987 | train_confidence=0.000000 | train_risk=0.000000 | train_blend=0.000000 | val_total=1.649116 | val_mae=1.654070 | val_rmse=3.898307 | val_mape=3.754676 | val_confidence=0.000000 | val_risk=0.000000 | val_blend=0.000000 | batches=363/44 | seconds=43.44 | lr=[0.001] | cuda_peak_mb=2084.0
[2026-09-10 01:50:20] INFO Val horizons | 15min_mae=1.436682 15min_rmse=3.073242 15min_mape=3.071060 | 30min_mae=1.724540 30min_rmse=4.019632 30min_mape=3.929544 | 60min_mae=1.961368 60min_rmse=4.710725 60min_mape=4.677557
[2026-09-10 01:50:20] INFO Checkpoint updated | epoch=2 | stage=posthoc_calibrator | best_val_mae=1.654070 | path=C:\Users\clw\projects\researchRep\STAnchor-BlockMemory\artifacts\cross_dataset_final\pems04_source_router_staeformer_seed42\downstream_best.pt
[2026-09-10 01:51:03] INFO Epoch 003 | stage=posthoc_calibrator | train_total=1.240943 | train_forecast=1.240943 | train_confidence=0.000000 | train_risk=0.000000 | train_blend=0.000000 | val_total=1.652808 | val_mae=1.657783 | val_rmse=3.903113 | val_mape=3.758346 | val_confidence=0.000000 | val_risk=0.000000 | val_blend=0.000000 | batches=363/44 | seconds=43.37 | lr=[0.001] | cuda_peak_mb=2084.5
[2026-09-10 01:51:03] INFO Val horizons | 15min_mae=1.439194 15min_rmse=3.079239 15min_mape=3.077417 | 30min_mae=1.727852 30min_rmse=4.024559 30min_mape=3.933176 | 60min_mae=1.967967 60min_rmse=4.717468 60min_mape=4.674828
[2026-09-10 01:51:47] INFO Epoch 004 | stage=posthoc_calibrator | train_total=1.241173 | train_forecast=1.241173 | train_confidence=0.000000 | train_risk=0.000000 | train_blend=0.000000 | val_total=1.650556 | val_mae=1.655525 | val_rmse=3.900665 | val_mape=3.755465 | val_confidence=0.000000 | val_risk=0.000000 | val_blend=0.000000 | batches=363/44 | seconds=43.23 | lr=[0.001] | cuda_peak_mb=2083.9
[2026-09-10 01:51:47] INFO Val horizons | 15min_mae=1.437087 15min_rmse=3.075064 15min_mape=3.073542 | 30min_mae=1.725453 30min_rmse=4.021373 30min_mape=3.929156 | 60min_mae=1.964073 60min_rmse=4.714422 60min_mape=4.670973
[2026-09-10 01:52:30] INFO Epoch 005 | stage=posthoc_calibrator | train_total=1.240994 | train_forecast=1.240994 | train_confidence=0.000000 | train_risk=0.000000 | train_blend=0.000000 | val_total=1.650534 | val_mae=1.655503 | val_rmse=3.901155 | val_mape=3.756574 | val_confidence=0.000000 | val_risk=0.000000 | val_blend=0.000000 | batches=363/44 | seconds=43.27 | lr=[0.001] | cuda_peak_mb=2083.9
[2026-09-10 01:52:30] INFO Val horizons | 15min_mae=1.437236 15min_rmse=3.077266 15min_mape=3.075162 | 30min_mae=1.725382 30min_rmse=4.021974 30min_mape=3.930077 | 60min_mae=1.965126 60min_rmse=4.715426 60min_mape=4.675062
[2026-09-10 01:53:13] INFO Epoch 006 | stage=posthoc_calibrator | train_total=1.240288 | train_forecast=1.240288 | train_confidence=0.000000 | train_risk=0.000000 | train_blend=0.000000 | val_total=1.649387 | val_mae=1.654348 | val_rmse=3.901182 | val_mape=3.757467 | val_confidence=0.000000 | val_risk=0.000000 | val_blend=0.000000 | batches=363/44 | seconds=43.17 | lr=[0.001] | cuda_peak_mb=2083.9
[2026-09-10 01:53:13] INFO Val horizons | 15min_mae=1.436548 15min_rmse=3.076879 15min_mape=3.075490 | 30min_mae=1.724299 30min_rmse=4.021918 30min_mape=3.931166 | 60min_mae=1.963049 60min_rmse=4.715669 60min_mape=4.677551
[2026-09-10 01:53:56] INFO Epoch 007 | stage=posthoc_calibrator | train_total=1.240930 | train_forecast=1.240930 | train_confidence=0.000000 | train_risk=0.000000 | train_blend=0.000000 | val_total=1.649765 | val_mae=1.654730 | val_rmse=3.901579 | val_mape=3.756208 | val_confidence=0.000000 | val_risk=0.000000 | val_blend=0.000000 | batches=363/44 | seconds=43.12 | lr=[0.001] | cuda_peak_mb=2084.7
[2026-09-10 01:53:56] INFO Val horizons | 15min_mae=1.436458 15min_rmse=3.076208 15min_mape=3.074699 | 30min_mae=1.724369 30min_rmse=4.021524 30min_mape=3.929269 | 60min_mae=1.964156 60min_rmse=4.717787 60min_mape=4.676023
[2026-09-10 01:54:39] INFO Epoch 008 | stage=posthoc_calibrator | train_total=1.239885 | train_forecast=1.239885 | train_confidence=0.000000 | train_risk=0.000000 | train_blend=0.000000 | val_total=1.650291 | val_mae=1.655259 | val_rmse=3.901283 | val_mape=3.754097 | val_confidence=0.000000 | val_risk=0.000000 | val_blend=0.000000 | batches=363/44 | seconds=43.04 | lr=[0.001] | cuda_peak_mb=2084.5
[2026-09-10 01:54:39] INFO Val horizons | 15min_mae=1.436777 15min_rmse=3.076714 15min_mape=3.074586 | 30min_mae=1.725025 30min_rmse=4.021576 30min_mape=3.928730 | 60min_mae=1.964973 60min_rmse=4.716376 60min_mape=4.667352
[2026-09-10 01:55:23] INFO Epoch 009 | stage=posthoc_calibrator | train_total=1.240178 | train_forecast=1.240178 | train_confidence=0.000000 | train_risk=0.000000 | train_blend=0.000000 | val_total=1.649885 | val_mae=1.654849 | val_rmse=3.902011 | val_mape=3.756852 | val_confidence=0.000000 | val_risk=0.000000 | val_blend=0.000000 | batches=363/44 | seconds=43.35 | lr=[0.001] | cuda_peak_mb=2084.5
[2026-09-10 01:55:23] INFO Val horizons | 15min_mae=1.436616 15min_rmse=3.076737 15min_mape=3.077093 | 30min_mae=1.724934 30min_rmse=4.022434 30min_mape=3.932473 | 60min_mae=1.964609 60min_rmse=4.719535 60min_mape=4.675973
[2026-09-10 01:56:06] INFO Epoch 010 | stage=posthoc_calibrator | train_total=1.239427 | train_forecast=1.239427 | train_confidence=0.000000 | train_risk=0.000000 | train_blend=0.000000 | val_total=1.649186 | val_mae=1.654147 | val_rmse=3.899303 | val_mape=3.756488 | val_confidence=0.000000 | val_risk=0.000000 | val_blend=0.000000 | batches=363/44 | seconds=43.02 | lr=[0.001] | cuda_peak_mb=2084.5
[2026-09-10 01:56:06] INFO Val horizons | 15min_mae=1.436322 15min_rmse=3.075797 15min_mape=3.074328 | 30min_mae=1.724106 30min_rmse=4.020111 30min_mape=3.930034 | 60min_mae=1.963513 60min_rmse=4.714421 60min_mape=4.680918
[2026-09-10 01:56:49] INFO Epoch 011 | stage=posthoc_calibrator | train_total=1.239437 | train_forecast=1.239437 | train_confidence=0.000000 | train_risk=0.000000 | train_blend=0.000000 | val_total=1.649365 | val_mae=1.654328 | val_rmse=3.900774 | val_mape=3.761994 | val_confidence=0.000000 | val_risk=0.000000 | val_blend=0.000000 | batches=363/44 | seconds=42.98 | lr=[0.00095] | cuda_peak_mb=2084.5
[2026-09-10 01:56:49] INFO Val horizons | 15min_mae=1.436344 15min_rmse=3.075913 15min_mape=3.079420 | 30min_mae=1.724349 30min_rmse=4.020712 30min_mape=3.937502 | 60min_mae=1.963814 60min_rmse=4.718022 60min_mape=4.690338
[2026-09-10 01:57:32] INFO Epoch 012 | stage=posthoc_calibrator | train_total=1.239425 | train_forecast=1.239425 | train_confidence=0.000000 | train_risk=0.000000 | train_blend=0.000000 | val_total=1.647792 | val_mae=1.652746 | val_rmse=3.895628 | val_mape=3.763683 | val_confidence=0.000000 | val_risk=0.000000 | val_blend=0.000000 | batches=363/44 | seconds=43.01 | lr=[0.00095] | cuda_peak_mb=2084.5
[2026-09-10 01:57:32] INFO Val horizons | 15min_mae=1.435514 15min_rmse=3.073333 15min_mape=3.078908 | 30min_mae=1.722888 30min_rmse=4.016260 30min_mape=3.937510 | 60min_mae=1.962332 60min_rmse=4.711095 60min_mape=4.700152
[2026-09-10 01:57:32] INFO Checkpoint updated | epoch=12 | stage=posthoc_calibrator | best_val_mae=1.652746 | path=C:\Users\clw\projects\researchRep\STAnchor-BlockMemory\artifacts\cross_dataset_final\pems04_source_router_staeformer_seed42\downstream_best.pt
[2026-09-10 01:58:15] INFO Epoch 013 | stage=posthoc_calibrator | train_total=1.239619 | train_forecast=1.239619 | train_confidence=0.000000 | train_risk=0.000000 | train_blend=0.000000 | val_total=1.648793 | val_mae=1.653754 | val_rmse=3.896956 | val_mape=3.760046 | val_confidence=0.000000 | val_risk=0.000000 | val_blend=0.000000 | batches=363/44 | seconds=42.95 | lr=[0.00095] | cuda_peak_mb=2084.5
[2026-09-10 01:58:15] INFO Val horizons | 15min_mae=1.436230 15min_rmse=3.074857 15min_mape=3.080423 | 30min_mae=1.723684 30min_rmse=4.016542 30min_mape=3.937203 | 60min_mae=1.963949 60min_rmse=4.714644 60min_mape=4.682283
[2026-09-10 01:58:57] INFO Epoch 014 | stage=posthoc_calibrator | train_total=1.239277 | train_forecast=1.239277 | train_confidence=0.000000 | train_risk=0.000000 | train_blend=0.000000 | val_total=1.648779 | val_mae=1.653739 | val_rmse=3.898778 | val_mape=3.759817 | val_confidence=0.000000 | val_risk=0.000000 | val_blend=0.000000 | batches=363/44 | seconds=42.93 | lr=[0.00095] | cuda_peak_mb=2084.5
[2026-09-10 01:58:57] INFO Val horizons | 15min_mae=1.436048 15min_rmse=3.075168 15min_mape=3.078426 | 30min_mae=1.723737 30min_rmse=4.018805 30min_mape=3.934723 | 60min_mae=1.964074 60min_rmse=4.716600 60min_mape=4.684246
[2026-09-10 01:59:40] INFO Epoch 015 | stage=posthoc_calibrator | train_total=1.238902 | train_forecast=1.238902 | train_confidence=0.000000 | train_risk=0.000000 | train_blend=0.000000 | val_total=1.647786 | val_mae=1.652735 | val_rmse=3.898872 | val_mape=3.761545 | val_confidence=0.000000 | val_risk=0.000000 | val_blend=0.000000 | batches=363/44 | seconds=42.95 | lr=[0.00095] | cuda_peak_mb=2084.5
[2026-09-10 01:59:40] INFO Val horizons | 15min_mae=1.435575 15min_rmse=3.074513 15min_mape=3.079778 | 30min_mae=1.722616 30min_rmse=4.018019 30min_mape=3.935738 | 60min_mae=1.962386 60min_rmse=4.718007 60min_mape=4.694379
[2026-09-10 01:59:40] INFO Checkpoint updated | epoch=15 | stage=posthoc_calibrator | best_val_mae=1.652735 | path=C:\Users\clw\projects\researchRep\STAnchor-BlockMemory\artifacts\cross_dataset_final\pems04_source_router_staeformer_seed42\downstream_best.pt
[2026-09-10 02:00:23] INFO Epoch 016 | stage=posthoc_calibrator | train_total=1.239155 | train_forecast=1.239155 | train_confidence=0.000000 | train_risk=0.000000 | train_blend=0.000000 | val_total=1.647673 | val_mae=1.652619 | val_rmse=3.898919 | val_mape=3.764664 | val_confidence=0.000000 | val_risk=0.000000 | val_blend=0.000000 | batches=363/44 | seconds=42.90 | lr=[0.00095] | cuda_peak_mb=2084.5
[2026-09-10 02:00:23] INFO Val horizons | 15min_mae=1.435864 15min_rmse=3.074618 15min_mape=3.085128 | 30min_mae=1.722505 30min_rmse=4.017028 30min_mape=3.942867 | 60min_mae=1.961997 60min_rmse=4.719919 60min_mape=4.689227
[2026-09-10 02:00:23] INFO Checkpoint updated | epoch=16 | stage=posthoc_calibrator | best_val_mae=1.652619 | path=C:\Users\clw\projects\researchRep\STAnchor-BlockMemory\artifacts\cross_dataset_final\pems04_source_router_staeformer_seed42\downstream_best.pt
[2026-09-10 02:01:06] INFO Epoch 017 | stage=posthoc_calibrator | train_total=1.238505 | train_forecast=1.238505 | train_confidence=0.000000 | train_risk=0.000000 | train_blend=0.000000 | val_total=1.648037 | val_mae=1.652991 | val_rmse=3.899608 | val_mape=3.757664 | val_confidence=0.000000 | val_risk=0.000000 | val_blend=0.000000 | batches=363/44 | seconds=42.95 | lr=[0.00095] | cuda_peak_mb=2084.5
[2026-09-10 02:01:06] INFO Val horizons | 15min_mae=1.435572 15min_rmse=3.075061 15min_mape=3.075837 | 30min_mae=1.722917 30min_rmse=4.019253 30min_mape=3.931527 | 60min_mae=1.962773 60min_rmse=4.717926 60min_mape=4.686566
[2026-09-10 02:01:49] INFO Epoch 018 | stage=posthoc_calibrator | train_total=1.238546 | train_forecast=1.238546 | train_confidence=0.000000 | train_risk=0.000000 | train_blend=0.000000 | val_total=1.649109 | val_mae=1.654071 | val_rmse=3.901809 | val_mape=3.756086 | val_confidence=0.000000 | val_risk=0.000000 | val_blend=0.000000 | batches=363/44 | seconds=42.95 | lr=[0.00095] | cuda_peak_mb=2084.5
[2026-09-10 02:01:49] INFO Val horizons | 15min_mae=1.436503 15min_rmse=3.078216 15min_mape=3.077794 | 30min_mae=1.723955 30min_rmse=4.021780 30min_mape=3.931707 | 60min_mae=1.963531 60min_rmse=4.719409 60min_mape=4.675209
[2026-09-10 02:02:32] INFO Epoch 019 | stage=posthoc_calibrator | train_total=1.238568 | train_forecast=1.238568 | train_confidence=0.000000 | train_risk=0.000000 | train_blend=0.000000 | val_total=1.649389 | val_mae=1.654353 | val_rmse=3.901643 | val_mape=3.757304 | val_confidence=0.000000 | val_risk=0.000000 | val_blend=0.000000 | batches=363/44 | seconds=42.96 | lr=[0.00095] | cuda_peak_mb=2084.5
[2026-09-10 02:02:32] INFO Val horizons | 15min_mae=1.436559 15min_rmse=3.077917 15min_mape=3.078087 | 30min_mae=1.724477 30min_rmse=4.021695 30min_mape=3.933333 | 60min_mae=1.963976 60min_rmse=4.719345 60min_mape=4.675781
[2026-09-10 02:03:15] INFO Epoch 020 | stage=posthoc_calibrator | train_total=1.238270 | train_forecast=1.238270 | train_confidence=0.000000 | train_risk=0.000000 | train_blend=0.000000 | val_total=1.647297 | val_mae=1.652248 | val_rmse=3.896386 | val_mape=3.764485 | val_confidence=0.000000 | val_risk=0.000000 | val_blend=0.000000 | batches=363/44 | seconds=42.92 | lr=[0.00095] | cuda_peak_mb=2084.5
[2026-09-10 02:03:15] INFO Val horizons | 15min_mae=1.435374 15min_rmse=3.073398 15min_mape=3.083610 | 30min_mae=1.722063 30min_rmse=4.014294 30min_mape=3.943209 | 60min_mae=1.961867 60min_rmse=4.716921 60min_mape=4.690235
[2026-09-10 02:03:15] INFO Checkpoint updated | epoch=20 | stage=posthoc_calibrator | best_val_mae=1.652248 | path=C:\Users\clw\projects\researchRep\STAnchor-BlockMemory\artifacts\cross_dataset_final\pems04_source_router_staeformer_seed42\downstream_best.pt
[2026-09-10 02:03:58] INFO Epoch 021 | stage=posthoc_calibrator | train_total=1.238260 | train_forecast=1.238260 | train_confidence=0.000000 | train_risk=0.000000 | train_blend=0.000000 | val_total=1.648001 | val_mae=1.652957 | val_rmse=3.898021 | val_mape=3.759009 | val_confidence=0.000000 | val_risk=0.000000 | val_blend=0.000000 | batches=363/44 | seconds=42.94 | lr=[0.0009025] | cuda_peak_mb=2084.5
[2026-09-10 02:03:58] INFO Val horizons | 15min_mae=1.435674 15min_rmse=3.073888 15min_mape=3.078091 | 30min_mae=1.722943 30min_rmse=4.017030 30min_mape=3.934922 | 60min_mae=1.962926 60min_rmse=4.717958 60min_mape=4.687102
[2026-09-10 02:04:41] INFO Epoch 022 | stage=posthoc_calibrator | train_total=1.238210 | train_forecast=1.238210 | train_confidence=0.000000 | train_risk=0.000000 | train_blend=0.000000 | val_total=1.647462 | val_mae=1.652415 | val_rmse=3.896836 | val_mape=3.759096 | val_confidence=0.000000 | val_risk=0.000000 | val_blend=0.000000 | batches=363/44 | seconds=42.98 | lr=[0.0009025] | cuda_peak_mb=2084.5
[2026-09-10 02:04:41] INFO Val horizons | 15min_mae=1.435418 15min_rmse=3.074640 15min_mape=3.076736 | 30min_mae=1.722713 30min_rmse=4.017005 30min_mape=3.934104 | 60min_mae=1.961460 60min_rmse=4.713514 60min_mape=4.687004
[2026-09-10 02:05:24] INFO Epoch 023 | stage=posthoc_calibrator | train_total=1.238132 | train_forecast=1.238132 | train_confidence=0.000000 | train_risk=0.000000 | train_blend=0.000000 | val_total=1.648214 | val_mae=1.653171 | val_rmse=3.898214 | val_mape=3.758841 | val_confidence=0.000000 | val_risk=0.000000 | val_blend=0.000000 | batches=363/44 | seconds=43.02 | lr=[0.0009025] | cuda_peak_mb=2084.5
[2026-09-10 02:05:24] INFO Val horizons | 15min_mae=1.436058 15min_rmse=3.076121 15min_mape=3.078357 | 30min_mae=1.723610 30min_rmse=4.018730 30min_mape=3.935051 | 60min_mae=1.962471 60min_rmse=4.714998 60min_mape=4.681379
[2026-09-10 02:06:07] INFO Epoch 024 | stage=posthoc_calibrator | train_total=1.238609 | train_forecast=1.238609 | train_confidence=0.000000 | train_risk=0.000000 | train_blend=0.000000 | val_total=1.648318 | val_mae=1.653275 | val_rmse=3.900645 | val_mape=3.756729 | val_confidence=0.000000 | val_risk=0.000000 | val_blend=0.000000 | batches=363/44 | seconds=42.93 | lr=[0.0009025] | cuda_peak_mb=2084.5
[2026-09-10 02:06:07] INFO Val horizons | 15min_mae=1.435820 15min_rmse=3.076373 15min_mape=3.076020 | 30min_mae=1.723503 30min_rmse=4.020693 30min_mape=3.931840 | 60min_mae=1.962379 60min_rmse=4.718379 60min_mape=4.678911
[2026-09-10 02:06:50] INFO Epoch 025 | stage=posthoc_calibrator | train_total=1.238126 | train_forecast=1.238126 | train_confidence=0.000000 | train_risk=0.000000 | train_blend=0.000000 | val_total=1.645971 | val_mae=1.650912 | val_rmse=3.892805 | val_mape=3.759743 | val_confidence=0.000000 | val_risk=0.000000 | val_blend=0.000000 | batches=363/44 | seconds=43.01 | lr=[0.0009025] | cuda_peak_mb=2084.5
[2026-09-10 02:06:50] INFO Val horizons | 15min_mae=1.434056 15min_rmse=3.068728 15min_mape=3.075249 | 30min_mae=1.720781 30min_rmse=4.011859 30min_mape=3.932757 | 60min_mae=1.960621 60min_rmse=4.713068 60min_mape=4.693571
[2026-09-10 02:06:50] INFO Checkpoint updated | epoch=25 | stage=posthoc_calibrator | best_val_mae=1.650912 | path=C:\Users\clw\projects\researchRep\STAnchor-BlockMemory\artifacts\cross_dataset_final\pems04_source_router_staeformer_seed42\downstream_best.pt
[2026-09-10 02:07:33] INFO Epoch 026 | stage=posthoc_calibrator | train_total=1.238102 | train_forecast=1.238102 | train_confidence=0.000000 | train_risk=0.000000 | train_blend=0.000000 | val_total=1.648066 | val_mae=1.653022 | val_rmse=3.899666 | val_mape=3.755708 | val_confidence=0.000000 | val_risk=0.000000 | val_blend=0.000000 | batches=363/44 | seconds=42.97 | lr=[0.0009025] | cuda_peak_mb=2084.5
[2026-09-10 02:07:33] INFO Val horizons | 15min_mae=1.435659 15min_rmse=3.075994 15min_mape=3.077369 | 30min_mae=1.723128 30min_rmse=4.019697 30min_mape=3.931709 | 60min_mae=1.962450 60min_rmse=4.717758 60min_mape=4.675250
[2026-09-10 02:08:16] INFO Epoch 027 | stage=posthoc_calibrator | train_total=1.238001 | train_forecast=1.238001 | train_confidence=0.000000 | train_risk=0.000000 | train_blend=0.000000 | val_total=1.647272 | val_mae=1.652223 | val_rmse=3.897999 | val_mape=3.760934 | val_confidence=0.000000 | val_risk=0.000000 | val_blend=0.000000 | batches=363/44 | seconds=42.92 | lr=[0.0009025] | cuda_peak_mb=2084.5
[2026-09-10 02:08:16] INFO Val horizons | 15min_mae=1.435365 15min_rmse=3.075002 15min_mape=3.079725 | 30min_mae=1.722155 30min_rmse=4.017055 30min_mape=3.936671 | 60min_mae=1.961346 60min_rmse=4.716937 60min_mape=4.690764
[2026-09-10 02:08:59] INFO Epoch 028 | stage=posthoc_calibrator | train_total=1.238223 | train_forecast=1.238223 | train_confidence=0.000000 | train_risk=0.000000 | train_blend=0.000000 | val_total=1.647345 | val_mae=1.652291 | val_rmse=3.899894 | val_mape=3.759268 | val_confidence=0.000000 | val_risk=0.000000 | val_blend=0.000000 | batches=363/44 | seconds=42.95 | lr=[0.0009025] | cuda_peak_mb=2084.5
[2026-09-10 02:08:59] INFO Val horizons | 15min_mae=1.435672 15min_rmse=3.075866 15min_mape=3.078173 | 30min_mae=1.722657 30min_rmse=4.019482 30min_mape=3.934558 | 60min_mae=1.960970 60min_rmse=4.719788 60min_mape=4.685028
[2026-09-10 02:09:42] INFO Epoch 029 | stage=posthoc_calibrator | train_total=1.238204 | train_forecast=1.238204 | train_confidence=0.000000 | train_risk=0.000000 | train_blend=0.000000 | val_total=1.648056 | val_mae=1.653011 | val_rmse=3.899782 | val_mape=3.757741 | val_confidence=0.000000 | val_risk=0.000000 | val_blend=0.000000 | batches=363/44 | seconds=42.95 | lr=[0.0009025] | cuda_peak_mb=2084.5
[2026-09-10 02:09:42] INFO Val horizons | 15min_mae=1.435809 15min_rmse=3.076657 15min_mape=3.077563 | 30min_mae=1.723457 30min_rmse=4.020450 30min_mape=3.933526 | 60min_mae=1.962081 60min_rmse=4.716804 60min_mape=4.679577
[2026-09-10 02:10:25] INFO Epoch 030 | stage=posthoc_calibrator | train_total=1.238590 | train_forecast=1.238590 | train_confidence=0.000000 | train_risk=0.000000 | train_blend=0.000000 | val_total=1.649336 | val_mae=1.654298 | val_rmse=3.902497 | val_mape=3.757312 | val_confidence=0.000000 | val_risk=0.000000 | val_blend=0.000000 | batches=363/44 | seconds=42.90 | lr=[0.0009025] | cuda_peak_mb=2084.5
[2026-09-10 02:10:25] INFO Val horizons | 15min_mae=1.436920 15min_rmse=3.079387 15min_mape=3.079590 | 30min_mae=1.724380 30min_rmse=4.022442 30min_mape=3.934037 | 60min_mae=1.963743 60min_rmse=4.721200 60min_mape=4.673924
[2026-09-10 02:11:08] INFO Epoch 031 | stage=posthoc_calibrator | train_total=1.237927 | train_forecast=1.237927 | train_confidence=0.000000 | train_risk=0.000000 | train_blend=0.000000 | val_total=1.646480 | val_mae=1.651426 | val_rmse=3.896155 | val_mape=3.762352 | val_confidence=0.000000 | val_risk=0.000000 | val_blend=0.000000 | batches=363/44 | seconds=42.88 | lr=[0.000857375] | cuda_peak_mb=2084.5
[2026-09-10 02:11:08] INFO Val horizons | 15min_mae=1.434799 15min_rmse=3.072469 15min_mape=3.080906 | 30min_mae=1.721309 30min_rmse=4.014060 30min_mape=3.938877 | 60min_mae=1.960643 60min_rmse=4.717448 60min_mape=4.690832
[2026-09-10 02:11:51] INFO Epoch 032 | stage=posthoc_calibrator | train_total=1.238575 | train_forecast=1.238575 | train_confidence=0.000000 | train_risk=0.000000 | train_blend=0.000000 | val_total=1.646989 | val_mae=1.651935 | val_rmse=3.899309 | val_mape=3.757618 | val_confidence=0.000000 | val_risk=0.000000 | val_blend=0.000000 | batches=363/44 | seconds=42.90 | lr=[0.000857375] | cuda_peak_mb=2084.5
[2026-09-10 02:11:51] INFO Val horizons | 15min_mae=1.435058 15min_rmse=3.074418 15min_mape=3.077368 | 30min_mae=1.721835 30min_rmse=4.018170 30min_mape=3.933696 | 60min_mae=1.960914 60min_rmse=4.719272 60min_mape=4.679411
[2026-09-10 02:12:34] INFO Epoch 033 | stage=posthoc_calibrator | train_total=1.237852 | train_forecast=1.237852 | train_confidence=0.000000 | train_risk=0.000000 | train_blend=0.000000 | val_total=1.646991 | val_mae=1.651939 | val_rmse=3.898208 | val_mape=3.759081 | val_confidence=0.000000 | val_risk=0.000000 | val_blend=0.000000 | batches=363/44 | seconds=42.85 | lr=[0.000857375] | cuda_peak_mb=2084.5
[2026-09-10 02:12:34] INFO Val horizons | 15min_mae=1.435591 15min_rmse=3.075291 15min_mape=3.082348 | 30min_mae=1.722007 30min_rmse=4.016977 30min_mape=3.936461 | 60min_mae=1.960812 60min_rmse=4.718759 60min_mape=4.681584
[2026-09-10 02:13:16] INFO Epoch 034 | stage=posthoc_calibrator | train_total=1.237773 | train_forecast=1.237773 | train_confidence=0.000000 | train_risk=0.000000 | train_blend=0.000000 | val_total=1.647426 | val_mae=1.652377 | val_rmse=3.898968 | val_mape=3.757653 | val_confidence=0.000000 | val_risk=0.000000 | val_blend=0.000000 | batches=363/44 | seconds=42.86 | lr=[0.000857375] | cuda_peak_mb=2084.5
[2026-09-10 02:13:16] INFO Val horizons | 15min_mae=1.435380 15min_rmse=3.074861 15min_mape=3.077035 | 30min_mae=1.722547 30min_rmse=4.018448 30min_mape=3.933543 | 60min_mae=1.961232 60min_rmse=4.717954 60min_mape=4.682354
[2026-09-10 02:13:59] INFO Epoch 035 | stage=posthoc_calibrator | train_total=1.238173 | train_forecast=1.238173 | train_confidence=0.000000 | train_risk=0.000000 | train_blend=0.000000 | val_total=1.646448 | val_mae=1.651395 | val_rmse=3.894527 | val_mape=3.760394 | val_confidence=0.000000 | val_risk=0.000000 | val_blend=0.000000 | batches=363/44 | seconds=42.96 | lr=[0.000857375] | cuda_peak_mb=2084.5
[2026-09-10 02:13:59] INFO Val horizons | 15min_mae=1.434546 15min_rmse=3.072330 15min_mape=3.077775 | 30min_mae=1.721576 30min_rmse=4.014099 30min_mape=3.935358 | 60min_mae=1.960327 60min_rmse=4.712587 60min_mape=4.689861
[2026-09-10 02:14:42] INFO Epoch 036 | stage=posthoc_calibrator | train_total=1.238240 | train_forecast=1.238240 | train_confidence=0.000000 | train_risk=0.000000 | train_blend=0.000000 | val_total=1.648156 | val_mae=1.653113 | val_rmse=3.899646 | val_mape=3.758066 | val_confidence=0.000000 | val_risk=0.000000 | val_blend=0.000000 | batches=363/44 | seconds=42.91 | lr=[0.000857375] | cuda_peak_mb=2084.5
[2026-09-10 02:14:42] INFO Val horizons | 15min_mae=1.436249 15min_rmse=3.077750 15min_mape=3.078740 | 30min_mae=1.723442 30min_rmse=4.019942 30min_mape=3.934031 | 60min_mae=1.961725 60min_rmse=4.716197 60min_mape=4.678437
[2026-09-10 02:15:25] INFO Epoch 037 | stage=posthoc_calibrator | train_total=1.238307 | train_forecast=1.238307 | train_confidence=0.000000 | train_risk=0.000000 | train_blend=0.000000 | val_total=1.647027 | val_mae=1.651976 | val_rmse=3.898151 | val_mape=3.756231 | val_confidence=0.000000 | val_risk=0.000000 | val_blend=0.000000 | batches=363/44 | seconds=42.90 | lr=[0.000857375] | cuda_peak_mb=2084.5
[2026-09-10 02:15:25] INFO Val horizons | 15min_mae=1.434740 15min_rmse=3.073904 15min_mape=3.073514 | 30min_mae=1.721742 30min_rmse=4.016836 30min_mape=3.930366 | 60min_mae=1.961216 60min_rmse=4.717265 60min_mape=4.684383
[2026-09-10 02:16:08] INFO Epoch 038 | stage=posthoc_calibrator | train_total=1.237793 | train_forecast=1.237793 | train_confidence=0.000000 | train_risk=0.000000 | train_blend=0.000000 | val_total=1.647082 | val_mae=1.652031 | val_rmse=3.898077 | val_mape=3.758842 | val_confidence=0.000000 | val_risk=0.000000 | val_blend=0.000000 | batches=363/44 | seconds=42.91 | lr=[0.000857375] | cuda_peak_mb=2084.5
[2026-09-10 02:16:08] INFO Val horizons | 15min_mae=1.435092 15min_rmse=3.074538 15min_mape=3.077817 | 30min_mae=1.722283 30min_rmse=4.017564 30min_mape=3.934563 | 60min_mae=1.961036 60min_rmse=4.717652 60min_mape=4.684866
[2026-09-10 02:16:51] INFO Epoch 039 | stage=posthoc_calibrator | train_total=1.238053 | train_forecast=1.238053 | train_confidence=0.000000 | train_risk=0.000000 | train_blend=0.000000 | val_total=1.647945 | val_mae=1.652899 | val_rmse=3.901294 | val_mape=3.758407 | val_confidence=0.000000 | val_risk=0.000000 | val_blend=0.000000 | batches=363/44 | seconds=42.91 | lr=[0.000857375] | cuda_peak_mb=2084.5
[2026-09-10 02:16:51] INFO Val horizons | 15min_mae=1.435940 15min_rmse=3.077101 15min_mape=3.079466 | 30min_mae=1.723184 30min_rmse=4.020848 30min_mape=3.935001 | 60min_mae=1.961485 60min_rmse=4.720649 60min_mape=4.678406
[2026-09-10 02:17:34] INFO Epoch 040 | stage=posthoc_calibrator | train_total=1.237956 | train_forecast=1.237956 | train_confidence=0.000000 | train_risk=0.000000 | train_blend=0.000000 | val_total=1.647839 | val_mae=1.652794 | val_rmse=3.900148 | val_mape=3.758023 | val_confidence=0.000000 | val_risk=0.000000 | val_blend=0.000000 | batches=363/44 | seconds=42.90 | lr=[0.000857375] | cuda_peak_mb=2084.5
[2026-09-10 02:17:34] INFO Val horizons | 15min_mae=1.435508 15min_rmse=3.075902 15min_mape=3.077578 | 30min_mae=1.723171 30min_rmse=4.019850 30min_mape=3.933433 | 60min_mae=1.961572 60min_rmse=4.719276 60min_mape=4.681677
[2026-09-10 02:18:17] INFO Epoch 041 | stage=posthoc_calibrator | train_total=1.237579 | train_forecast=1.237579 | train_confidence=0.000000 | train_risk=0.000000 | train_blend=0.000000 | val_total=1.647653 | val_mae=1.652607 | val_rmse=3.899271 | val_mape=3.757508 | val_confidence=0.000000 | val_risk=0.000000 | val_blend=0.000000 | batches=363/44 | seconds=42.87 | lr=[0.0008145062499999999] | cuda_peak_mb=2084.5
[2026-09-10 02:18:17] INFO Val horizons | 15min_mae=1.435722 15min_rmse=3.075991 15min_mape=3.077499 | 30min_mae=1.722893 30min_rmse=4.019323 30min_mape=3.933181 | 60min_mae=1.961466 60min_rmse=4.717295 60min_mape=4.679761
[2026-09-10 02:19:00] INFO Epoch 042 | stage=posthoc_calibrator | train_total=1.237977 | train_forecast=1.237977 | train_confidence=0.000000 | train_risk=0.000000 | train_blend=0.000000 | val_total=1.646969 | val_mae=1.651912 | val_rmse=3.898646 | val_mape=3.762737 | val_confidence=0.000000 | val_risk=0.000000 | val_blend=0.000000 | batches=363/44 | seconds=42.97 | lr=[0.0008145062499999999] | cuda_peak_mb=2084.5
[2026-09-10 02:19:00] INFO Val horizons | 15min_mae=1.435369 15min_rmse=3.074032 15min_mape=3.080021 | 30min_mae=1.721934 30min_rmse=4.017123 30min_mape=3.938228 | 60min_mae=1.960715 60min_rmse=4.720038 60min_mape=4.694190
[2026-09-10 02:19:43] INFO Epoch 043 | stage=posthoc_calibrator | train_total=1.238102 | train_forecast=1.238102 | train_confidence=0.000000 | train_risk=0.000000 | train_blend=0.000000 | val_total=1.648177 | val_mae=1.653135 | val_rmse=3.899760 | val_mape=3.757250 | val_confidence=0.000000 | val_risk=0.000000 | val_blend=0.000000 | batches=363/44 | seconds=42.90 | lr=[0.0008145062499999999] | cuda_peak_mb=2084.5
[2026-09-10 02:19:43] INFO Val horizons | 15min_mae=1.435906 15min_rmse=3.076506 15min_mape=3.077311 | 30min_mae=1.723256 30min_rmse=4.019466 30min_mape=3.932838 | 60min_mae=1.962321 60min_rmse=4.717851 60min_mape=4.678112
[2026-09-10 02:20:26] INFO Epoch 044 | stage=posthoc_calibrator | train_total=1.237766 | train_forecast=1.237766 | train_confidence=0.000000 | train_risk=0.000000 | train_blend=0.000000 | val_total=1.646722 | val_mae=1.651671 | val_rmse=3.896088 | val_mape=3.757669 | val_confidence=0.000000 | val_risk=0.000000 | val_blend=0.000000 | batches=363/44 | seconds=42.90 | lr=[0.0008145062499999999] | cuda_peak_mb=2084.5
[2026-09-10 02:20:26] INFO Val horizons | 15min_mae=1.434987 15min_rmse=3.073867 15min_mape=3.076265 | 30min_mae=1.721694 30min_rmse=4.015071 30min_mape=3.933134 | 60min_mae=1.960534 60min_rmse=4.714494 60min_mape=4.684592
[2026-09-10 02:21:08] INFO Epoch 045 | stage=posthoc_calibrator | train_total=1.237960 | train_forecast=1.237960 | train_confidence=0.000000 | train_risk=0.000000 | train_blend=0.000000 | val_total=1.647673 | val_mae=1.652626 | val_rmse=3.899541 | val_mape=3.753224 | val_confidence=0.000000 | val_risk=0.000000 | val_blend=0.000000 | batches=363/44 | seconds=42.89 | lr=[0.0008145062499999999] | cuda_peak_mb=2084.5
[2026-09-10 02:21:08] INFO Val horizons | 15min_mae=1.435325 15min_rmse=3.074496 15min_mape=3.071697 | 30min_mae=1.723069 30min_rmse=4.018576 30min_mape=3.928021 | 60min_mae=1.962055 60min_rmse=4.720073 60min_mape=4.674479
[2026-09-10 02:21:51] INFO Epoch 046 | stage=posthoc_calibrator | train_total=1.238064 | train_forecast=1.238064 | train_confidence=0.000000 | train_risk=0.000000 | train_blend=0.000000 | val_total=1.648036 | val_mae=1.652993 | val_rmse=3.899716 | val_mape=3.756801 | val_confidence=0.000000 | val_risk=0.000000 | val_blend=0.000000 | batches=363/44 | seconds=42.92 | lr=[0.0008145062499999999] | cuda_peak_mb=2084.5
[2026-09-10 02:21:51] INFO Val horizons | 15min_mae=1.435999 15min_rmse=3.076924 15min_mape=3.078401 | 30min_mae=1.723252 30min_rmse=4.019477 30min_mape=3.933518 | 60min_mae=1.961770 60min_rmse=4.717874 60min_mape=4.675807
[2026-09-10 02:22:34] INFO Epoch 047 | stage=posthoc_calibrator | train_total=1.237936 | train_forecast=1.237936 | train_confidence=0.000000 | train_risk=0.000000 | train_blend=0.000000 | val_total=1.647695 | val_mae=1.652650 | val_rmse=3.899075 | val_mape=3.755442 | val_confidence=0.000000 | val_risk=0.000000 | val_blend=0.000000 | batches=363/44 | seconds=42.93 | lr=[0.0008145062499999999] | cuda_peak_mb=2084.5
[2026-09-10 02:22:34] INFO Val horizons | 15min_mae=1.435508 15min_rmse=3.075638 15min_mape=3.076766 | 30min_mae=1.723029 30min_rmse=4.019381 30min_mape=3.932728 | 60min_mae=1.961492 60min_rmse=4.716977 60min_mape=4.672542
[2026-09-10 02:23:17] INFO Epoch 048 | stage=posthoc_calibrator | train_total=1.237810 | train_forecast=1.237810 | train_confidence=0.000000 | train_risk=0.000000 | train_blend=0.000000 | val_total=1.647048 | val_mae=1.651997 | val_rmse=3.898995 | val_mape=3.761068 | val_confidence=0.000000 | val_risk=0.000000 | val_blend=0.000000 | batches=363/44 | seconds=42.94 | lr=[0.0008145062499999999] | cuda_peak_mb=2084.5
[2026-09-10 02:23:17] INFO Val horizons | 15min_mae=1.435237 15min_rmse=3.074983 15min_mape=3.080519 | 30min_mae=1.722164 30min_rmse=4.018266 30min_mape=3.936216 | 60min_mae=1.960704 60min_rmse=4.718882 60min_mape=4.689977
[2026-09-10 02:24:00] INFO Epoch 049 | stage=posthoc_calibrator | train_total=1.237668 | train_forecast=1.237668 | train_confidence=0.000000 | train_risk=0.000000 | train_blend=0.000000 | val_total=1.647078 | val_mae=1.652029 | val_rmse=3.898406 | val_mape=3.759807 | val_confidence=0.000000 | val_risk=0.000000 | val_blend=0.000000 | batches=363/44 | seconds=42.99 | lr=[0.0008145062499999999] | cuda_peak_mb=2084.5
[2026-09-10 02:24:00] INFO Val horizons | 15min_mae=1.435463 15min_rmse=3.075560 15min_mape=3.079578 | 30min_mae=1.722256 30min_rmse=4.017601 30min_mape=3.935969 | 60min_mae=1.960668 60min_rmse=4.717781 60min_mape=4.684596
[2026-09-10 02:24:43] INFO Epoch 050 | stage=posthoc_calibrator | train_total=1.237677 | train_forecast=1.237677 | train_confidence=0.000000 | train_risk=0.000000 | train_blend=0.000000 | val_total=1.647166 | val_mae=1.652117 | val_rmse=3.897031 | val_mape=3.761091 | val_confidence=0.000000 | val_risk=0.000000 | val_blend=0.000000 | batches=363/44 | seconds=42.94 | lr=[0.0008145062499999999] | cuda_peak_mb=2084.5
[2026-09-10 02:24:43] INFO Val horizons | 15min_mae=1.435649 15min_rmse=3.075425 15min_mape=3.082305 | 30min_mae=1.722286 30min_rmse=4.016256 30min_mape=3.938055 | 60min_mae=1.961065 60min_rmse=4.716512 60min_mape=4.683704
[2026-09-10 02:24:43] INFO Downstream training finished | best_val_mae=1.650912 | checkpoint=C:\Users\clw\projects\researchRep\STAnchor-BlockMemory\artifacts\cross_dataset_final\pems04_source_router_staeformer_seed42\downstream_best.pt
