[2026-09-13 04:02:48] INFO Downstream start | run=cross_dataset_pemsbay/pemsbay_finetuned_router_dlinear_seed42 | device=cuda:0 (requested=cuda:0) | seed=42 | output=C:\Users\clw\projects\researchRep\STAnchor-BlockMemory\artifacts\cross_dataset_pemsbay\pemsbay_finetuned_router_dlinear_seed42
[2026-09-13 04:02:48] INFO Mode | downstream_mode=learned_topk_error_aware | training_protocol=posthoc_frozen_base | candidate_protocol=weekday_radius1_overlap | candidate_ranking=learned_key | candidate_payload=offset_decay
[2026-09-13 04:02:48] INFO Downstream initialization | seed=42 | state_hash=2d074dc1511322be
[2026-09-13 04:02:48] INFO Frozen base | checkpoint=C:\Users\clw\projects\researchRep\STAnchor-BlockMemory\artifacts\cross_dataset_pemsbay\pemsbay_baseonly_dlinear_seed42\downstream_best.pt | fingerprint=2e0f1893612870d8
[2026-09-13 04:02:48] INFO Data | steps=52116 | nodes=325 | channels=1 | training_scope=full_train | memory/post_memory/train_selected/val/test=25327/10855/36182/4912/10125
[2026-09-13 04:02:48] INFO Bank/retrieval | dataset=pemsbay_finetuned_queue | events=25327 | nodes=325 | retrieval_dim=64 | event_top_r=96 | node_top_k=12 | key_dtype=float16
[2026-09-13 04:02:48] INFO Frozen path cache | enabled=yes | candidate_ranking=learned_key | fill=first_epoch
[2026-09-13 04:02:48] INFO Parameters | downstream_total=880,274 | downstream_trainable=879,693 | backbone=0 | confidence_head=0 | fusion=0 | frozen_pretrained=958,704
[2026-09-13 04:02:48] INFO Optimization | epochs=50 | batch_size=32 | optimizer=adam | lr=0.0005 | weight_decay=0.0001 | scheduler=step_lr | step_size=10 | gamma=0.500 | confidence_weight=0.000 | patience=20 | early_stopping=disabled
[2026-09-13 04:02:50] INFO Stage start | stage=posthoc_calibrator | epochs=50 | optimizer_lrs=[0.0005]
[2026-09-13 04:19:54] INFO Epoch 001 | stage=posthoc_calibrator | train_total=1.580229 | train_forecast=1.580229 | train_confidence=0.000000 | train_risk=0.000000 | train_blend=0.000000 | val_total=1.651076 | val_mae=1.646720 | val_rmse=3.748789 | val_mape=3.834106 | val_confidence=0.000000 | val_risk=0.000000 | val_blend=0.000000 | batches=1131/154 | seconds=1024.40 | lr=[0.0005] | cuda_peak_mb=5431.1
[2026-09-13 04:19:54] INFO Val horizons | 15min_mae=1.398932 15min_rmse=2.926741 15min_mape=3.003499 | 30min_mae=1.709922 30min_rmse=3.831572 30min_mape=3.963155 | 60min_mae=2.004367 60min_rmse=4.606719 60min_mape=4.975749
[2026-09-13 04:19:54] INFO Checkpoint updated | epoch=1 | stage=posthoc_calibrator | best_val_mae=1.646720 | path=C:\Users\clw\projects\researchRep\STAnchor-BlockMemory\artifacts\cross_dataset_pemsbay\pemsbay_finetuned_router_dlinear_seed42\downstream_best.pt
[2026-09-13 04:22:25] INFO Epoch 002 | stage=posthoc_calibrator | train_total=1.556619 | train_forecast=1.556619 | train_confidence=0.000000 | train_risk=0.000000 | train_blend=0.000000 | val_total=1.638696 | val_mae=1.634256 | val_rmse=3.740661 | val_mape=3.758548 | val_confidence=0.000000 | val_risk=0.000000 | val_blend=0.000000 | batches=1131/154 | seconds=151.44 | lr=[0.0005] | cuda_peak_mb=2201.3
[2026-09-13 04:22:25] INFO Val horizons | 15min_mae=1.391402 15min_rmse=2.925804 15min_mape=2.987195 | 30min_mae=1.700026 30min_rmse=3.836340 30min_mape=3.912355 | 60min_mae=1.983265 60min_rmse=4.582336 60min_mape=4.804884
[2026-09-13 04:22:25] INFO Checkpoint updated | epoch=2 | stage=posthoc_calibrator | best_val_mae=1.634256 | path=C:\Users\clw\projects\researchRep\STAnchor-BlockMemory\artifacts\cross_dataset_pemsbay\pemsbay_finetuned_router_dlinear_seed42\downstream_best.pt
[2026-09-13 04:24:56] INFO Epoch 003 | stage=posthoc_calibrator | train_total=1.550392 | train_forecast=1.550392 | train_confidence=0.000000 | train_risk=0.000000 | train_blend=0.000000 | val_total=1.632171 | val_mae=1.627748 | val_rmse=3.728039 | val_mape=3.739612 | val_confidence=0.000000 | val_risk=0.000000 | val_blend=0.000000 | batches=1131/154 | seconds=150.74 | lr=[0.0005] | cuda_peak_mb=2201.9
[2026-09-13 04:24:56] INFO Val horizons | 15min_mae=1.388728 15min_rmse=2.914605 15min_mape=2.996989 | 30min_mae=1.696590 30min_rmse=3.827278 30min_mape=3.920206 | 60min_mae=1.964731 60min_rmse=4.550232 60min_mape=4.708925
[2026-09-13 04:24:56] INFO Checkpoint updated | epoch=3 | stage=posthoc_calibrator | best_val_mae=1.627748 | path=C:\Users\clw\projects\researchRep\STAnchor-BlockMemory\artifacts\cross_dataset_pemsbay\pemsbay_finetuned_router_dlinear_seed42\downstream_best.pt
[2026-09-13 04:27:27] INFO Epoch 004 | stage=posthoc_calibrator | train_total=1.548041 | train_forecast=1.548041 | train_confidence=0.000000 | train_risk=0.000000 | train_blend=0.000000 | val_total=1.636219 | val_mae=1.631867 | val_rmse=3.719523 | val_mape=3.820037 | val_confidence=0.000000 | val_risk=0.000000 | val_blend=0.000000 | batches=1131/154 | seconds=150.80 | lr=[0.0005] | cuda_peak_mb=2201.4
[2026-09-13 04:27:27] INFO Val horizons | 15min_mae=1.387475 15min_rmse=2.900326 15min_mape=3.001795 | 30min_mae=1.697410 30min_rmse=3.803356 30min_mape=3.964399 | 60min_mae=1.979721 60min_rmse=4.569090 60min_mape=4.921765
[2026-09-13 04:29:58] INFO Epoch 005 | stage=posthoc_calibrator | train_total=1.545375 | train_forecast=1.545375 | train_confidence=0.000000 | train_risk=0.000000 | train_blend=0.000000 | val_total=1.633803 | val_mae=1.629490 | val_rmse=3.719564 | val_mape=3.822394 | val_confidence=0.000000 | val_risk=0.000000 | val_blend=0.000000 | batches=1131/154 | seconds=150.65 | lr=[0.0005] | cuda_peak_mb=2201.8
[2026-09-13 04:29:58] INFO Val horizons | 15min_mae=1.387087 15min_rmse=2.900719 15min_mape=3.012206 | 30min_mae=1.696966 30min_rmse=3.810918 30min_mape=3.982565 | 60min_mae=1.972559 60min_rmse=4.557645 60min_mape=4.901013
[2026-09-13 04:32:28] INFO Epoch 006 | stage=posthoc_calibrator | train_total=1.543286 | train_forecast=1.543286 | train_confidence=0.000000 | train_risk=0.000000 | train_blend=0.000000 | val_total=1.634085 | val_mae=1.629676 | val_rmse=3.752241 | val_mape=3.770565 | val_confidence=0.000000 | val_risk=0.000000 | val_blend=0.000000 | batches=1131/154 | seconds=150.76 | lr=[0.0005] | cuda_peak_mb=2201.7
[2026-09-13 04:32:28] INFO Val horizons | 15min_mae=1.382739 15min_rmse=2.916041 15min_mape=2.980271 | 30min_mae=1.695596 30min_rmse=3.843863 30min_mape=3.919582 | 60min_mae=1.979648 60min_rmse=4.604179 60min_mape=4.851637
[2026-09-13 04:34:59] INFO Epoch 007 | stage=posthoc_calibrator | train_total=1.541592 | train_forecast=1.541592 | train_confidence=0.000000 | train_risk=0.000000 | train_blend=0.000000 | val_total=1.631026 | val_mae=1.626714 | val_rmse=3.719148 | val_mape=3.743680 | val_confidence=0.000000 | val_risk=0.000000 | val_blend=0.000000 | batches=1131/154 | seconds=150.52 | lr=[0.0005] | cuda_peak_mb=2201.2
[2026-09-13 04:34:59] INFO Val horizons | 15min_mae=1.386688 15min_rmse=2.917071 15min_mape=2.993706 | 30min_mae=1.695884 30min_rmse=3.826982 30min_mape=3.925237 | 60min_mae=1.963868 60min_rmse=4.530852 60min_mape=4.720281
[2026-09-13 04:34:59] INFO Checkpoint updated | epoch=7 | stage=posthoc_calibrator | best_val_mae=1.626714 | path=C:\Users\clw\projects\researchRep\STAnchor-BlockMemory\artifacts\cross_dataset_pemsbay\pemsbay_finetuned_router_dlinear_seed42\downstream_best.pt
[2026-09-13 04:37:29] INFO Epoch 008 | stage=posthoc_calibrator | train_total=1.540171 | train_forecast=1.540171 | train_confidence=0.000000 | train_risk=0.000000 | train_blend=0.000000 | val_total=1.632051 | val_mae=1.627660 | val_rmse=3.720294 | val_mape=3.806705 | val_confidence=0.000000 | val_risk=0.000000 | val_blend=0.000000 | batches=1131/154 | seconds=150.35 | lr=[0.0005] | cuda_peak_mb=2201.3
[2026-09-13 04:37:29] INFO Val horizons | 15min_mae=1.382732 15min_rmse=2.899380 15min_mape=2.972982 | 30min_mae=1.695428 30min_rmse=3.806882 30min_mape=3.948674 | 60min_mae=1.972899 60min_rmse=4.571237 60min_mape=4.923135
[2026-09-13 04:40:00] INFO Epoch 009 | stage=posthoc_calibrator | train_total=1.538983 | train_forecast=1.538983 | train_confidence=0.000000 | train_risk=0.000000 | train_blend=0.000000 | val_total=1.636620 | val_mae=1.632409 | val_rmse=3.774013 | val_mape=3.861613 | val_confidence=0.000000 | val_risk=0.000000 | val_blend=0.000000 | batches=1131/154 | seconds=150.46 | lr=[0.0005] | cuda_peak_mb=2201.7
[2026-09-13 04:40:00] INFO Val horizons | 15min_mae=1.381765 15min_rmse=2.913313 15min_mape=3.012021 | 30min_mae=1.700089 30min_rmse=3.863953 30min_mape=4.026219 | 60min_mae=1.981824 60min_rmse=4.637715 60min_mape=4.970661
[2026-09-13 04:42:30] INFO Epoch 010 | stage=posthoc_calibrator | train_total=1.537395 | train_forecast=1.537395 | train_confidence=0.000000 | train_risk=0.000000 | train_blend=0.000000 | val_total=1.635192 | val_mae=1.630584 | val_rmse=3.745699 | val_mape=3.749541 | val_confidence=0.000000 | val_risk=0.000000 | val_blend=0.000000 | batches=1131/154 | seconds=150.51 | lr=[0.0005] | cuda_peak_mb=2201.2
[2026-09-13 04:42:30] INFO Val horizons | 15min_mae=1.383276 15min_rmse=2.918275 15min_mape=2.946214 | 30min_mae=1.700017 30min_rmse=3.837910 30min_mape=3.892849 | 60min_mae=1.975523 60min_rmse=4.597110 60min_mape=4.813264
[2026-09-13 04:45:01] INFO Epoch 011 | stage=posthoc_calibrator | train_total=1.533840 | train_forecast=1.533840 | train_confidence=0.000000 | train_risk=0.000000 | train_blend=0.000000 | val_total=1.624027 | val_mae=1.619680 | val_rmse=3.724306 | val_mape=3.750138 | val_confidence=0.000000 | val_risk=0.000000 | val_blend=0.000000 | batches=1131/154 | seconds=150.41 | lr=[0.00025] | cuda_peak_mb=2201.3
[2026-09-13 04:45:01] INFO Val horizons | 15min_mae=1.375440 15min_rmse=2.895492 15min_mape=2.963571 | 30min_mae=1.686682 30min_rmse=3.815446 30min_mape=3.904636 | 60min_mae=1.961600 60min_rmse=4.567709 60min_mape=4.795818
[2026-09-13 04:45:01] INFO Checkpoint updated | epoch=11 | stage=posthoc_calibrator | best_val_mae=1.619680 | path=C:\Users\clw\projects\researchRep\STAnchor-BlockMemory\artifacts\cross_dataset_pemsbay\pemsbay_finetuned_router_dlinear_seed42\downstream_best.pt
[2026-09-13 04:47:31] INFO Epoch 012 | stage=posthoc_calibrator | train_total=1.533203 | train_forecast=1.533203 | train_confidence=0.000000 | train_risk=0.000000 | train_blend=0.000000 | val_total=1.632058 | val_mae=1.627804 | val_rmse=3.749095 | val_mape=3.817425 | val_confidence=0.000000 | val_risk=0.000000 | val_blend=0.000000 | batches=1131/154 | seconds=150.34 | lr=[0.00025] | cuda_peak_mb=2201.7
[2026-09-13 04:47:31] INFO Val horizons | 15min_mae=1.377916 15min_rmse=2.911343 15min_mape=2.979461 | 30min_mae=1.693409 30min_rmse=3.840617 30min_mape=3.960732 | 60min_mae=1.979747 60min_rmse=4.599885 60min_mape=4.942077
[2026-09-13 04:50:01] INFO Epoch 013 | stage=posthoc_calibrator | train_total=1.532727 | train_forecast=1.532727 | train_confidence=0.000000 | train_risk=0.000000 | train_blend=0.000000 | val_total=1.621093 | val_mae=1.616745 | val_rmse=3.708204 | val_mape=3.756937 | val_confidence=0.000000 | val_risk=0.000000 | val_blend=0.000000 | batches=1131/154 | seconds=150.34 | lr=[0.00025] | cuda_peak_mb=2201.2
[2026-09-13 04:50:01] INFO Val horizons | 15min_mae=1.374507 15min_rmse=2.889865 15min_mape=2.963068 | 30min_mae=1.683805 30min_rmse=3.804864 30min_mape=3.910608 | 60min_mae=1.956109 60min_rmse=4.531728 60min_mape=4.810633
[2026-09-13 04:50:01] INFO Checkpoint updated | epoch=13 | stage=posthoc_calibrator | best_val_mae=1.616745 | path=C:\Users\clw\projects\researchRep\STAnchor-BlockMemory\artifacts\cross_dataset_pemsbay\pemsbay_finetuned_router_dlinear_seed42\downstream_best.pt
[2026-09-13 04:52:32] INFO Epoch 014 | stage=posthoc_calibrator | train_total=1.532057 | train_forecast=1.532057 | train_confidence=0.000000 | train_risk=0.000000 | train_blend=0.000000 | val_total=1.621132 | val_mae=1.616691 | val_rmse=3.721571 | val_mape=3.716176 | val_confidence=0.000000 | val_risk=0.000000 | val_blend=0.000000 | batches=1131/154 | seconds=150.30 | lr=[0.00025] | cuda_peak_mb=2201.3
[2026-09-13 04:52:32] INFO Val horizons | 15min_mae=1.372986 15min_rmse=2.892635 15min_mape=2.941342 | 30min_mae=1.683346 30min_rmse=3.813698 30min_mape=3.868698 | 60min_mae=1.957962 60min_rmse=4.563694 60min_mape=4.738708
[2026-09-13 04:52:32] INFO Checkpoint updated | epoch=14 | stage=posthoc_calibrator | best_val_mae=1.616691 | path=C:\Users\clw\projects\researchRep\STAnchor-BlockMemory\artifacts\cross_dataset_pemsbay\pemsbay_finetuned_router_dlinear_seed42\downstream_best.pt
[2026-09-13 04:55:02] INFO Epoch 015 | stage=posthoc_calibrator | train_total=1.531632 | train_forecast=1.531632 | train_confidence=0.000000 | train_risk=0.000000 | train_blend=0.000000 | val_total=1.625751 | val_mae=1.621414 | val_rmse=3.733783 | val_mape=3.780857 | val_confidence=0.000000 | val_risk=0.000000 | val_blend=0.000000 | batches=1131/154 | seconds=150.41 | lr=[0.00025] | cuda_peak_mb=2201.7
[2026-09-13 04:55:02] INFO Val horizons | 15min_mae=1.374096 15min_rmse=2.901098 15min_mape=2.960855 | 30min_mae=1.686597 30min_rmse=3.829187 30min_mape=3.921900 | 60min_mae=1.970212 60min_rmse=4.573757 60min_mape=4.885910
[2026-09-13 04:57:33] INFO Epoch 016 | stage=posthoc_calibrator | train_total=1.531524 | train_forecast=1.531524 | train_confidence=0.000000 | train_risk=0.000000 | train_blend=0.000000 | val_total=1.626784 | val_mae=1.622498 | val_rmse=3.730741 | val_mape=3.806795 | val_confidence=0.000000 | val_risk=0.000000 | val_blend=0.000000 | batches=1131/154 | seconds=150.46 | lr=[0.00025] | cuda_peak_mb=2201.2
[2026-09-13 04:57:33] INFO Val horizons | 15min_mae=1.375618 15min_rmse=2.897417 15min_mape=2.978474 | 30min_mae=1.688017 30min_rmse=3.816789 30min_mape=3.948136 | 60min_mae=1.970768 60min_rmse=4.588542 60min_mape=4.924581
[2026-09-13 05:00:03] INFO Epoch 017 | stage=posthoc_calibrator | train_total=1.530770 | train_forecast=1.530770 | train_confidence=0.000000 | train_risk=0.000000 | train_blend=0.000000 | val_total=1.625785 | val_mae=1.621461 | val_rmse=3.727111 | val_mape=3.780429 | val_confidence=0.000000 | val_risk=0.000000 | val_blend=0.000000 | batches=1131/154 | seconds=150.38 | lr=[0.00025] | cuda_peak_mb=2201.3
[2026-09-13 05:00:03] INFO Val horizons | 15min_mae=1.373310 15min_rmse=2.891629 15min_mape=2.944377 | 30min_mae=1.685516 30min_rmse=3.809794 30min_mape=3.903360 | 60min_mae=1.973352 60min_rmse=4.593874 60min_mape=4.922360
[2026-09-13 05:02:33] INFO Epoch 018 | stage=posthoc_calibrator | train_total=1.530401 | train_forecast=1.530401 | train_confidence=0.000000 | train_risk=0.000000 | train_blend=0.000000 | val_total=1.626932 | val_mae=1.622663 | val_rmse=3.736600 | val_mape=3.791486 | val_confidence=0.000000 | val_risk=0.000000 | val_blend=0.000000 | batches=1131/154 | seconds=150.41 | lr=[0.00025] | cuda_peak_mb=2201.7
[2026-09-13 05:02:33] INFO Val horizons | 15min_mae=1.373405 15min_rmse=2.894285 15min_mape=2.963756 | 30min_mae=1.686824 30min_rmse=3.825424 30min_mape=3.928864 | 60min_mae=1.974858 60min_rmse=4.592167 60min_mape=4.909567
[2026-09-13 05:05:04] INFO Epoch 019 | stage=posthoc_calibrator | train_total=1.530210 | train_forecast=1.530210 | train_confidence=0.000000 | train_risk=0.000000 | train_blend=0.000000 | val_total=1.625420 | val_mae=1.621132 | val_rmse=3.735584 | val_mape=3.782424 | val_confidence=0.000000 | val_risk=0.000000 | val_blend=0.000000 | batches=1131/154 | seconds=150.48 | lr=[0.00025] | cuda_peak_mb=2201.2
[2026-09-13 05:05:04] INFO Val horizons | 15min_mae=1.374624 15min_rmse=2.899234 15min_mape=2.974534 | 30min_mae=1.687701 30min_rmse=3.826145 30min_mape=3.935122 | 60min_mae=1.966745 60min_rmse=4.585575 60min_mape=4.857134
[2026-09-13 05:07:34] INFO Epoch 020 | stage=posthoc_calibrator | train_total=1.529732 | train_forecast=1.529732 | train_confidence=0.000000 | train_risk=0.000000 | train_blend=0.000000 | val_total=1.621627 | val_mae=1.617277 | val_rmse=3.717357 | val_mape=3.736658 | val_confidence=0.000000 | val_risk=0.000000 | val_blend=0.000000 | batches=1131/154 | seconds=150.43 | lr=[0.00025] | cuda_peak_mb=2201.3
[2026-09-13 05:07:34] INFO Val horizons | 15min_mae=1.371888 15min_rmse=2.894945 15min_mape=2.923094 | 30min_mae=1.682608 30min_rmse=3.807956 30min_mape=3.869440 | 60min_mae=1.964348 60min_rmse=4.564389 60min_mape=4.837104
[2026-09-13 05:10:05] INFO Epoch 021 | stage=posthoc_calibrator | train_total=1.527653 | train_forecast=1.527653 | train_confidence=0.000000 | train_risk=0.000000 | train_blend=0.000000 | val_total=1.624048 | val_mae=1.619749 | val_rmse=3.729489 | val_mape=3.778020 | val_confidence=0.000000 | val_risk=0.000000 | val_blend=0.000000 | batches=1131/154 | seconds=150.44 | lr=[0.000125] | cuda_peak_mb=2201.7
[2026-09-13 05:10:05] INFO Val horizons | 15min_mae=1.372500 15min_rmse=2.900314 15min_mape=2.955234 | 30min_mae=1.684693 30min_rmse=3.820878 30min_mape=3.913977 | 60min_mae=1.968421 60min_rmse=4.573843 60min_mape=4.890452
[2026-09-13 05:12:35] INFO Epoch 022 | stage=posthoc_calibrator | train_total=1.527433 | train_forecast=1.527433 | train_confidence=0.000000 | train_risk=0.000000 | train_blend=0.000000 | val_total=1.620261 | val_mae=1.615930 | val_rmse=3.721648 | val_mape=3.740170 | val_confidence=0.000000 | val_risk=0.000000 | val_blend=0.000000 | batches=1131/154 | seconds=150.48 | lr=[0.000125] | cuda_peak_mb=2201.2
[2026-09-13 05:12:35] INFO Val horizons | 15min_mae=1.370372 15min_rmse=2.892928 15min_mape=2.944906 | 30min_mae=1.681737 30min_rmse=3.815401 30min_mape=3.888591 | 60min_mae=1.961059 60min_rmse=4.563654 60min_mape=4.799003
[2026-09-13 05:12:35] INFO Checkpoint updated | epoch=22 | stage=posthoc_calibrator | best_val_mae=1.615930 | path=C:\Users\clw\projects\researchRep\STAnchor-BlockMemory\artifacts\cross_dataset_pemsbay\pemsbay_finetuned_router_dlinear_seed42\downstream_best.pt
[2026-09-13 05:15:07] INFO Epoch 023 | stage=posthoc_calibrator | train_total=1.527389 | train_forecast=1.527389 | train_confidence=0.000000 | train_risk=0.000000 | train_blend=0.000000 | val_total=1.625532 | val_mae=1.621254 | val_rmse=3.727073 | val_mape=3.762086 | val_confidence=0.000000 | val_risk=0.000000 | val_blend=0.000000 | batches=1131/154 | seconds=151.23 | lr=[0.000125] | cuda_peak_mb=2201.3
[2026-09-13 05:15:07] INFO Val horizons | 15min_mae=1.374586 15min_rmse=2.905791 15min_mape=2.962314 | 30min_mae=1.689310 30min_rmse=3.832371 30min_mape=3.917996 | 60min_mae=1.964383 60min_rmse=4.549419 60min_mape=4.817265
[2026-09-13 05:17:37] INFO Epoch 024 | stage=posthoc_calibrator | train_total=1.527101 | train_forecast=1.527101 | train_confidence=0.000000 | train_risk=0.000000 | train_blend=0.000000 | val_total=1.618831 | val_mae=1.614493 | val_rmse=3.708046 | val_mape=3.726980 | val_confidence=0.000000 | val_risk=0.000000 | val_blend=0.000000 | batches=1131/154 | seconds=150.53 | lr=[0.000125] | cuda_peak_mb=2201.7
[2026-09-13 05:17:37] INFO Val horizons | 15min_mae=1.369764 15min_rmse=2.888452 15min_mape=2.936935 | 30min_mae=1.681268 30min_rmse=3.806790 30min_mape=3.883489 | 60min_mae=1.957162 60min_rmse=4.539791 60min_mape=4.768100
[2026-09-13 05:17:37] INFO Checkpoint updated | epoch=24 | stage=posthoc_calibrator | best_val_mae=1.614493 | path=C:\Users\clw\projects\researchRep\STAnchor-BlockMemory\artifacts\cross_dataset_pemsbay\pemsbay_finetuned_router_dlinear_seed42\downstream_best.pt
[2026-09-13 05:20:08] INFO Epoch 025 | stage=posthoc_calibrator | train_total=1.526856 | train_forecast=1.526856 | train_confidence=0.000000 | train_risk=0.000000 | train_blend=0.000000 | val_total=1.618780 | val_mae=1.614417 | val_rmse=3.719973 | val_mape=3.725698 | val_confidence=0.000000 | val_risk=0.000000 | val_blend=0.000000 | batches=1131/154 | seconds=150.51 | lr=[0.000125] | cuda_peak_mb=2201.2
[2026-09-13 05:20:08] INFO Val horizons | 15min_mae=1.370572 15min_rmse=2.899963 15min_mape=2.945517 | 30min_mae=1.681215 30min_rmse=3.819854 30min_mape=3.878595 | 60min_mae=1.956071 60min_rmse=4.549375 60min_mape=4.764729
[2026-09-13 05:20:08] INFO Checkpoint updated | epoch=25 | stage=posthoc_calibrator | best_val_mae=1.614417 | path=C:\Users\clw\projects\researchRep\STAnchor-BlockMemory\artifacts\cross_dataset_pemsbay\pemsbay_finetuned_router_dlinear_seed42\downstream_best.pt
[2026-09-13 05:22:38] INFO Epoch 026 | stage=posthoc_calibrator | train_total=1.526830 | train_forecast=1.526830 | train_confidence=0.000000 | train_risk=0.000000 | train_blend=0.000000 | val_total=1.620240 | val_mae=1.615912 | val_rmse=3.718819 | val_mape=3.745953 | val_confidence=0.000000 | val_risk=0.000000 | val_blend=0.000000 | batches=1131/154 | seconds=150.47 | lr=[0.000125] | cuda_peak_mb=2201.3
[2026-09-13 05:22:38] INFO Val horizons | 15min_mae=1.370335 15min_rmse=2.894511 15min_mape=2.943885 | 30min_mae=1.682138 30min_rmse=3.814461 30min_mape=3.895147 | 60min_mae=1.960296 60min_rmse=4.552670 60min_mape=4.808763
[2026-09-13 05:25:09] INFO Epoch 027 | stage=posthoc_calibrator | train_total=1.526583 | train_forecast=1.526583 | train_confidence=0.000000 | train_risk=0.000000 | train_blend=0.000000 | val_total=1.618989 | val_mae=1.614558 | val_rmse=3.709155 | val_mape=3.701798 | val_confidence=0.000000 | val_risk=0.000000 | val_blend=0.000000 | batches=1131/154 | seconds=150.65 | lr=[0.000125] | cuda_peak_mb=2201.7
[2026-09-13 05:25:09] INFO Val horizons | 15min_mae=1.371160 15min_rmse=2.905197 15min_mape=2.924503 | 30min_mae=1.682911 30min_rmse=3.823411 30min_mape=3.849010 | 60min_mae=1.953169 60min_rmse=4.511742 60min_mape=4.735489
[2026-09-13 05:27:39] INFO Epoch 028 | stage=posthoc_calibrator | train_total=1.526318 | train_forecast=1.526318 | train_confidence=0.000000 | train_risk=0.000000 | train_blend=0.000000 | val_total=1.625411 | val_mae=1.621117 | val_rmse=3.734291 | val_mape=3.787993 | val_confidence=0.000000 | val_risk=0.000000 | val_blend=0.000000 | batches=1131/154 | seconds=150.62 | lr=[0.000125] | cuda_peak_mb=2201.2
[2026-09-13 05:27:39] INFO Val horizons | 15min_mae=1.373841 15min_rmse=2.907211 15min_mape=2.972936 | 30min_mae=1.687706 30min_rmse=3.832623 30min_mape=3.938124 | 60min_mae=1.968190 60min_rmse=4.571307 60min_mape=4.876644
[2026-09-13 05:30:10] INFO Epoch 029 | stage=posthoc_calibrator | train_total=1.526415 | train_forecast=1.526415 | train_confidence=0.000000 | train_risk=0.000000 | train_blend=0.000000 | val_total=1.618838 | val_mae=1.614478 | val_rmse=3.712453 | val_mape=3.733790 | val_confidence=0.000000 | val_risk=0.000000 | val_blend=0.000000 | batches=1131/154 | seconds=150.53 | lr=[0.000125] | cuda_peak_mb=2201.3
[2026-09-13 05:30:10] INFO Val horizons | 15min_mae=1.369722 15min_rmse=2.887493 15min_mape=2.938841 | 30min_mae=1.680901 30min_rmse=3.804475 30min_mape=3.880002 | 60min_mae=1.958012 60min_rmse=4.556314 60min_mape=4.798877
[2026-09-13 05:32:41] INFO Epoch 030 | stage=posthoc_calibrator | train_total=1.526050 | train_forecast=1.526050 | train_confidence=0.000000 | train_risk=0.000000 | train_blend=0.000000 | val_total=1.617776 | val_mae=1.613447 | val_rmse=3.721195 | val_mape=3.735645 | val_confidence=0.000000 | val_risk=0.000000 | val_blend=0.000000 | batches=1131/154 | seconds=150.62 | lr=[0.000125] | cuda_peak_mb=2201.7
[2026-09-13 05:32:41] INFO Val horizons | 15min_mae=1.368545 15min_rmse=2.888246 15min_mape=2.931017 | 30min_mae=1.680451 30min_rmse=3.814474 30min_mape=3.885544 | 60min_mae=1.955836 60min_rmse=4.563368 60min_mape=4.797341
[2026-09-13 05:32:41] INFO Checkpoint updated | epoch=30 | stage=posthoc_calibrator | best_val_mae=1.613447 | path=C:\Users\clw\projects\researchRep\STAnchor-BlockMemory\artifacts\cross_dataset_pemsbay\pemsbay_finetuned_router_dlinear_seed42\downstream_best.pt
[2026-09-13 05:35:11] INFO Epoch 031 | stage=posthoc_calibrator | train_total=1.524934 | train_forecast=1.524934 | train_confidence=0.000000 | train_risk=0.000000 | train_blend=0.000000 | val_total=1.622227 | val_mae=1.617908 | val_rmse=3.729230 | val_mape=3.775567 | val_confidence=0.000000 | val_risk=0.000000 | val_blend=0.000000 | batches=1131/154 | seconds=150.52 | lr=[6.25e-05] | cuda_peak_mb=2201.2
[2026-09-13 05:35:11] INFO Val horizons | 15min_mae=1.370323 15min_rmse=2.896081 15min_mape=2.955865 | 30min_mae=1.683472 30min_rmse=3.822997 30min_mape=3.919689 | 60min_mae=1.966811 60min_rmse=4.576688 60min_mape=4.879590
[2026-09-13 05:37:42] INFO Epoch 032 | stage=posthoc_calibrator | train_total=1.525006 | train_forecast=1.525006 | train_confidence=0.000000 | train_risk=0.000000 | train_blend=0.000000 | val_total=1.616228 | val_mae=1.611874 | val_rmse=3.704785 | val_mape=3.725423 | val_confidence=0.000000 | val_risk=0.000000 | val_blend=0.000000 | batches=1131/154 | seconds=150.53 | lr=[6.25e-05] | cuda_peak_mb=2201.3
[2026-09-13 05:37:42] INFO Val horizons | 15min_mae=1.368544 15min_rmse=2.885949 15min_mape=2.935642 | 30min_mae=1.678460 30min_rmse=3.800894 30min_mape=3.875236 | 60min_mae=1.953747 60min_rmse=4.538423 60min_mape=4.779303
[2026-09-13 05:37:42] INFO Checkpoint updated | epoch=32 | stage=posthoc_calibrator | best_val_mae=1.611874 | path=C:\Users\clw\projects\researchRep\STAnchor-BlockMemory\artifacts\cross_dataset_pemsbay\pemsbay_finetuned_router_dlinear_seed42\downstream_best.pt
[2026-09-13 05:40:12] INFO Epoch 033 | stage=posthoc_calibrator | train_total=1.524773 | train_forecast=1.524773 | train_confidence=0.000000 | train_risk=0.000000 | train_blend=0.000000 | val_total=1.616670 | val_mae=1.612325 | val_rmse=3.707475 | val_mape=3.717389 | val_confidence=0.000000 | val_risk=0.000000 | val_blend=0.000000 | batches=1131/154 | seconds=150.59 | lr=[6.25e-05] | cuda_peak_mb=2201.7
[2026-09-13 05:40:12] INFO Val horizons | 15min_mae=1.368300 15min_rmse=2.890743 15min_mape=2.935172 | 30min_mae=1.678702 30min_rmse=3.808610 30min_mape=3.865075 | 60min_mae=1.954807 60min_rmse=4.535811 60min_mape=4.764504
[2026-09-13 05:42:43] INFO Epoch 034 | stage=posthoc_calibrator | train_total=1.524729 | train_forecast=1.524729 | train_confidence=0.000000 | train_risk=0.000000 | train_blend=0.000000 | val_total=1.616813 | val_mae=1.612413 | val_rmse=3.707674 | val_mape=3.703852 | val_confidence=0.000000 | val_risk=0.000000 | val_blend=0.000000 | batches=1131/154 | seconds=150.54 | lr=[6.25e-05] | cuda_peak_mb=2201.2
[2026-09-13 05:42:43] INFO Val horizons | 15min_mae=1.368129 15min_rmse=2.890406 15min_mape=2.919659 | 30min_mae=1.679446 30min_rmse=3.809490 30min_mape=3.847937 | 60min_mae=1.954401 60min_rmse=4.537086 60min_mape=4.754305
[2026-09-13 05:45:13] INFO Epoch 035 | stage=posthoc_calibrator | train_total=1.524572 | train_forecast=1.524572 | train_confidence=0.000000 | train_risk=0.000000 | train_blend=0.000000 | val_total=1.622634 | val_mae=1.618340 | val_rmse=3.738435 | val_mape=3.782561 | val_confidence=0.000000 | val_risk=0.000000 | val_blend=0.000000 | batches=1131/154 | seconds=150.55 | lr=[6.25e-05] | cuda_peak_mb=2201.3
[2026-09-13 05:45:13] INFO Val horizons | 15min_mae=1.370680 15min_rmse=2.898419 15min_mape=2.959879 | 30min_mae=1.684159 30min_rmse=3.831532 30min_mape=3.933269 | 60min_mae=1.965299 60min_rmse=4.584248 60min_mape=4.868439
[2026-09-13 05:47:44] INFO Epoch 036 | stage=posthoc_calibrator | train_total=1.524446 | train_forecast=1.524446 | train_confidence=0.000000 | train_risk=0.000000 | train_blend=0.000000 | val_total=1.619769 | val_mae=1.615460 | val_rmse=3.731593 | val_mape=3.775039 | val_confidence=0.000000 | val_risk=0.000000 | val_blend=0.000000 | batches=1131/154 | seconds=150.49 | lr=[6.25e-05] | cuda_peak_mb=2201.7
[2026-09-13 05:47:44] INFO Val horizons | 15min_mae=1.370431 15min_rmse=2.892374 15min_mape=2.957029 | 30min_mae=1.681535 30min_rmse=3.823988 30min_mape=3.927762 | 60min_mae=1.959703 60min_rmse=4.577291 60min_mape=4.857160
[2026-09-13 05:50:14] INFO Epoch 037 | stage=posthoc_calibrator | train_total=1.524406 | train_forecast=1.524406 | train_confidence=0.000000 | train_risk=0.000000 | train_blend=0.000000 | val_total=1.621311 | val_mae=1.616963 | val_rmse=3.734120 | val_mape=3.752414 | val_confidence=0.000000 | val_risk=0.000000 | val_blend=0.000000 | batches=1131/154 | seconds=150.48 | lr=[6.25e-05] | cuda_peak_mb=2201.2
[2026-09-13 05:50:14] INFO Val horizons | 15min_mae=1.368761 15min_rmse=2.897974 15min_mape=2.938119 | 30min_mae=1.682470 30min_rmse=3.833944 30min_mape=3.894523 | 60min_mae=1.965870 60min_rmse=4.574217 60min_mape=4.846234
[2026-09-13 05:52:45] INFO Epoch 038 | stage=posthoc_calibrator | train_total=1.524351 | train_forecast=1.524351 | train_confidence=0.000000 | train_risk=0.000000 | train_blend=0.000000 | val_total=1.619091 | val_mae=1.614713 | val_rmse=3.727492 | val_mape=3.742003 | val_confidence=0.000000 | val_risk=0.000000 | val_blend=0.000000 | batches=1131/154 | seconds=150.60 | lr=[6.25e-05] | cuda_peak_mb=2201.3
[2026-09-13 05:52:45] INFO Val horizons | 15min_mae=1.369226 15min_rmse=2.899720 15min_mape=2.940228 | 30min_mae=1.681374 30min_rmse=3.829901 30min_mape=3.887358 | 60min_mae=1.958591 60min_rmse=4.557364 60min_mape=4.813148
[2026-09-13 05:55:15] INFO Epoch 039 | stage=posthoc_calibrator | train_total=1.524192 | train_forecast=1.524192 | train_confidence=0.000000 | train_risk=0.000000 | train_blend=0.000000 | val_total=1.615783 | val_mae=1.611410 | val_rmse=3.713452 | val_mape=3.711921 | val_confidence=0.000000 | val_risk=0.000000 | val_blend=0.000000 | batches=1131/154 | seconds=150.46 | lr=[6.25e-05] | cuda_peak_mb=2201.7
[2026-09-13 05:55:15] INFO Val horizons | 15min_mae=1.367924 15min_rmse=2.887997 15min_mape=2.915578 | 30min_mae=1.678345 30min_rmse=3.808763 30min_mape=3.860255 | 60min_mae=1.951551 60min_rmse=4.548731 60min_mape=4.753687
[2026-09-13 05:55:15] INFO Checkpoint updated | epoch=39 | stage=posthoc_calibrator | best_val_mae=1.611410 | path=C:\Users\clw\projects\researchRep\STAnchor-BlockMemory\artifacts\cross_dataset_pemsbay\pemsbay_finetuned_router_dlinear_seed42\downstream_best.pt
[2026-09-13 05:57:46] INFO Epoch 040 | stage=posthoc_calibrator | train_total=1.524045 | train_forecast=1.524045 | train_confidence=0.000000 | train_risk=0.000000 | train_blend=0.000000 | val_total=1.621635 | val_mae=1.617249 | val_rmse=3.730681 | val_mape=3.745369 | val_confidence=0.000000 | val_risk=0.000000 | val_blend=0.000000 | batches=1131/154 | seconds=150.56 | lr=[6.25e-05] | cuda_peak_mb=2201.2
[2026-09-13 05:57:46] INFO Val horizons | 15min_mae=1.370685 15min_rmse=2.907855 15min_mape=2.932758 | 30min_mae=1.685120 30min_rmse=3.837622 30min_mape=3.886344 | 60min_mae=1.961174 60min_rmse=4.557765 60min_mape=4.829471
[2026-09-13 06:00:17] INFO Epoch 041 | stage=posthoc_calibrator | train_total=1.523488 | train_forecast=1.523488 | train_confidence=0.000000 | train_risk=0.000000 | train_blend=0.000000 | val_total=1.617028 | val_mae=1.612665 | val_rmse=3.720256 | val_mape=3.735705 | val_confidence=0.000000 | val_risk=0.000000 | val_blend=0.000000 | batches=1131/154 | seconds=150.52 | lr=[3.125e-05] | cuda_peak_mb=2201.3
[2026-09-13 06:00:17] INFO Val horizons | 15min_mae=1.367809 15min_rmse=2.891660 15min_mape=2.931208 | 30min_mae=1.679220 30min_rmse=3.815792 30min_mape=3.879909 | 60min_mae=1.955887 60min_rmse=4.560298 60min_mape=4.806824
[2026-09-13 06:02:47] INFO Epoch 042 | stage=posthoc_calibrator | train_total=1.523401 | train_forecast=1.523401 | train_confidence=0.000000 | train_risk=0.000000 | train_blend=0.000000 | val_total=1.618119 | val_mae=1.613773 | val_rmse=3.718214 | val_mape=3.740340 | val_confidence=0.000000 | val_risk=0.000000 | val_blend=0.000000 | batches=1131/154 | seconds=150.48 | lr=[3.125e-05] | cuda_peak_mb=2201.7
[2026-09-13 06:02:47] INFO Val horizons | 15min_mae=1.368021 15min_rmse=2.894799 15min_mape=2.933951 | 30min_mae=1.680001 30min_rmse=3.818835 30min_mape=3.881906 | 60min_mae=1.958215 60min_rmse=4.549579 60min_mape=4.819198
[2026-09-13 06:05:18] INFO Epoch 043 | stage=posthoc_calibrator | train_total=1.523292 | train_forecast=1.523292 | train_confidence=0.000000 | train_risk=0.000000 | train_blend=0.000000 | val_total=1.619251 | val_mae=1.614906 | val_rmse=3.723926 | val_mape=3.753784 | val_confidence=0.000000 | val_risk=0.000000 | val_blend=0.000000 | batches=1131/154 | seconds=150.56 | lr=[3.125e-05] | cuda_peak_mb=2201.2
[2026-09-13 06:05:18] INFO Val horizons | 15min_mae=1.368914 15min_rmse=2.894653 15min_mape=2.942492 | 30min_mae=1.681644 30min_rmse=3.822585 30min_mape=3.901897 | 60min_mae=1.959383 60min_rmse=4.561516 60min_mape=4.831945
[2026-09-13 06:07:48] INFO Epoch 044 | stage=posthoc_calibrator | train_total=1.523397 | train_forecast=1.523397 | train_confidence=0.000000 | train_risk=0.000000 | train_blend=0.000000 | val_total=1.618448 | val_mae=1.614093 | val_rmse=3.723878 | val_mape=3.745874 | val_confidence=0.000000 | val_risk=0.000000 | val_blend=0.000000 | batches=1131/154 | seconds=150.56 | lr=[3.125e-05] | cuda_peak_mb=2201.3
[2026-09-13 06:07:48] INFO Val horizons | 15min_mae=1.368593 15min_rmse=2.894803 15min_mape=2.940585 | 30min_mae=1.679992 30min_rmse=3.822476 30min_mape=3.889496 | 60min_mae=1.959589 60min_rmse=4.561881 60min_mape=4.827220
[2026-09-13 06:10:19] INFO Epoch 045 | stage=posthoc_calibrator | train_total=1.523298 | train_forecast=1.523298 | train_confidence=0.000000 | train_risk=0.000000 | train_blend=0.000000 | val_total=1.615152 | val_mae=1.610749 | val_rmse=3.704967 | val_mape=3.713736 | val_confidence=0.000000 | val_risk=0.000000 | val_blend=0.000000 | batches=1131/154 | seconds=150.58 | lr=[3.125e-05] | cuda_peak_mb=2201.7
[2026-09-13 06:10:19] INFO Val horizons | 15min_mae=1.367672 15min_rmse=2.888453 15min_mape=2.926137 | 30min_mae=1.678263 30min_rmse=3.807396 30min_mape=3.861839 | 60min_mae=1.950270 60min_rmse=4.529335 60min_mape=4.758207
[2026-09-13 06:10:19] INFO Checkpoint updated | epoch=45 | stage=posthoc_calibrator | best_val_mae=1.610749 | path=C:\Users\clw\projects\researchRep\STAnchor-BlockMemory\artifacts\cross_dataset_pemsbay\pemsbay_finetuned_router_dlinear_seed42\downstream_best.pt
[2026-09-13 06:12:49] INFO Epoch 046 | stage=posthoc_calibrator | train_total=1.523267 | train_forecast=1.523267 | train_confidence=0.000000 | train_risk=0.000000 | train_blend=0.000000 | val_total=1.618670 | val_mae=1.614327 | val_rmse=3.723565 | val_mape=3.747696 | val_confidence=0.000000 | val_risk=0.000000 | val_blend=0.000000 | batches=1131/154 | seconds=150.50 | lr=[3.125e-05] | cuda_peak_mb=2201.2
[2026-09-13 06:12:49] INFO Val horizons | 15min_mae=1.368597 15min_rmse=2.895392 15min_mape=2.941974 | 30min_mae=1.680722 30min_rmse=3.824108 30min_mape=3.894816 | 60min_mae=1.959077 60min_rmse=4.557419 60min_mape=4.823048
[2026-09-13 06:15:20] INFO Epoch 047 | stage=posthoc_calibrator | train_total=1.523188 | train_forecast=1.523188 | train_confidence=0.000000 | train_risk=0.000000 | train_blend=0.000000 | val_total=1.616055 | val_mae=1.611717 | val_rmse=3.714842 | val_mape=3.726466 | val_confidence=0.000000 | val_risk=0.000000 | val_blend=0.000000 | batches=1131/154 | seconds=150.41 | lr=[3.125e-05] | cuda_peak_mb=2201.3
[2026-09-13 06:15:20] INFO Val horizons | 15min_mae=1.368105 15min_rmse=2.892742 15min_mape=2.936901 | 30min_mae=1.678966 30min_rmse=3.815003 30min_mape=3.882127 | 60min_mae=1.952337 60min_rmse=4.544797 60min_mape=4.763163
[2026-09-13 06:17:50] INFO Epoch 048 | stage=posthoc_calibrator | train_total=1.523136 | train_forecast=1.523136 | train_confidence=0.000000 | train_risk=0.000000 | train_blend=0.000000 | val_total=1.615103 | val_mae=1.610702 | val_rmse=3.707956 | val_mape=3.704460 | val_confidence=0.000000 | val_risk=0.000000 | val_blend=0.000000 | batches=1131/154 | seconds=150.48 | lr=[3.125e-05] | cuda_peak_mb=2201.7
[2026-09-13 06:17:50] INFO Val horizons | 15min_mae=1.367137 15min_rmse=2.890168 15min_mape=2.921216 | 30min_mae=1.677607 30min_rmse=3.812903 30min_mape=3.848789 | 60min_mae=1.951567 60min_rmse=4.531201 60min_mape=4.751351
[2026-09-13 06:17:50] INFO Checkpoint updated | epoch=48 | stage=posthoc_calibrator | best_val_mae=1.610702 | path=C:\Users\clw\projects\researchRep\STAnchor-BlockMemory\artifacts\cross_dataset_pemsbay\pemsbay_finetuned_router_dlinear_seed42\downstream_best.pt
[2026-09-13 06:20:21] INFO Epoch 049 | stage=posthoc_calibrator | train_total=1.523160 | train_forecast=1.523160 | train_confidence=0.000000 | train_risk=0.000000 | train_blend=0.000000 | val_total=1.616896 | val_mae=1.612564 | val_rmse=3.717498 | val_mape=3.738704 | val_confidence=0.000000 | val_risk=0.000000 | val_blend=0.000000 | batches=1131/154 | seconds=150.52 | lr=[3.125e-05] | cuda_peak_mb=2201.2
[2026-09-13 06:20:21] INFO Val horizons | 15min_mae=1.367910 15min_rmse=2.891169 15min_mape=2.941235 | 30min_mae=1.679065 30min_rmse=3.817172 30min_mape=3.890759 | 60min_mae=1.955498 60min_rmse=4.549917 60min_mape=4.794120
[2026-09-13 06:22:51] INFO Epoch 050 | stage=posthoc_calibrator | train_total=1.523061 | train_forecast=1.523061 | train_confidence=0.000000 | train_risk=0.000000 | train_blend=0.000000 | val_total=1.614649 | val_mae=1.610281 | val_rmse=3.707238 | val_mape=3.729759 | val_confidence=0.000000 | val_risk=0.000000 | val_blend=0.000000 | batches=1131/154 | seconds=150.51 | lr=[3.125e-05] | cuda_peak_mb=2201.3
[2026-09-13 06:22:51] INFO Val horizons | 15min_mae=1.367355 15min_rmse=2.883868 15min_mape=2.936707 | 30min_mae=1.677081 30min_rmse=3.803205 30min_mape=3.881762 | 60min_mae=1.951152 60min_rmse=4.542178 60min_mape=4.781770
[2026-09-13 06:22:51] INFO Checkpoint updated | epoch=50 | stage=posthoc_calibrator | best_val_mae=1.610281 | path=C:\Users\clw\projects\researchRep\STAnchor-BlockMemory\artifacts\cross_dataset_pemsbay\pemsbay_finetuned_router_dlinear_seed42\downstream_best.pt
[2026-09-13 06:22:51] INFO Downstream training finished | best_val_mae=1.610281 | checkpoint=C:\Users\clw\projects\researchRep\STAnchor-BlockMemory\artifacts\cross_dataset_pemsbay\pemsbay_finetuned_router_dlinear_seed42\downstream_best.pt
