[2026-09-17 19:33:24] INFO Downstream start | run=paper_final_joint_context_offset_only_seed42/thesis_only/simple_fusion_retrieval_comparison/metrla/gwn/random | device=cuda:0 (requested=cuda:0) | seed=42 | output=D:\projects\researchProjects\TrafficRobustST\STAnchor-BlockMemory\artifacts\paper_final_joint_context_offset_only_seed42\thesis_only\simple_fusion_retrieval_comparison\metrla\gwn\random
[2026-09-17 19:33:24] INFO Mode | downstream_mode=learned_topk_offset_only_horizon | training_protocol=posthoc_frozen_base | candidate_protocol=weekday_radius1_overlap | candidate_ranking=learned_key | candidate_payload=offset_only
[2026-09-17 19:33:24] INFO Downstream initialization | seed=42 | state_hash=a682355d6fe84ee1
[2026-09-17 19:33:24] INFO Frozen base | checkpoint=D:\projects\researchProjects\TrafficRobustST\STAnchor-BlockMemory\artifacts\convergence\downstream_tgge_v3_matched_fulltrain_queue\downstream_tgge_v3_graphwavenet_base_only_fulltrain_seed42\downstream_best.pt | fingerprint=7833628cfbf8cde5
[2026-09-17 19:33:24] INFO Data | steps=34272 | nodes=207 | channels=1 | training_scope=full_train | memory/post_memory/train_selected/val/test=15876/6805/22681/2993/6025
[2026-09-17 19:33:24] INFO Frozen path cache | enabled=True | storage=disk_mmap | train_samples=22681 | val_samples=2993 | allocated_mib=1520.5
[2026-09-17 19:33:24] INFO Bank/retrieval | dataset=metrla_random_encoder_seed42_simple_fusion | events=15876 | nodes=207 | retrieval_dim=64 | event_top_r=32 | node_top_k=12 | key_dtype=float16
[2026-09-17 19:33:24] INFO Frozen path cache | enabled=yes | candidate_ranking=learned_key | fill=first_epoch
[2026-09-17 19:33:24] INFO Parameters | downstream_total=309,637 | downstream_trainable=12 | backbone=0 | confidence_head=0 | fusion=12 | frozen_pretrained=958,704
[2026-09-17 19:33:24] INFO Optimization | epochs=10 | batch_size=32 | optimizer=adam | lr=0.0005 | weight_decay=0.0001 | scheduler=step_lr | step_size=10 | gamma=0.500 | confidence_weight=0.000 | patience=20 | early_stopping=disabled
[2026-09-17 19:33:25] INFO Stage start | stage=posthoc_calibrator | epochs=10 | optimizer_lrs=[0.0005]
[2026-09-17 19:38:39] INFO Epoch 001 | stage=posthoc_calibrator | train_total=3.017114 | train_forecast=3.017114 | train_confidence=0.000000 | train_risk=0.000000 | train_blend=0.000000 | val_total=2.865466 | val_mae=2.861929 | val_rmse=5.798510 | val_mape=8.199226 | val_confidence=0.000000 | val_risk=0.000000 | val_blend=0.000000 | batches=709/94 | seconds=313.36 | lr=[0.0005] | cuda_peak_mb=3453.4
[2026-09-17 19:38:39] INFO Val horizons | 15min_mae=2.549759 15min_rmse=4.941878 15min_mape=6.859368 | 30min_mae=2.894307 30min_rmse=5.846708 30min_mape=8.338552 | 60min_mae=3.317178 60min_rmse=6.844410 60min_mape=10.053008
[2026-09-17 19:38:39] INFO Checkpoint updated | epoch=1 | stage=posthoc_calibrator | best_val_mae=2.861929 | path=D:\projects\researchProjects\TrafficRobustST\STAnchor-BlockMemory\artifacts\paper_final_joint_context_offset_only_seed42\thesis_only\simple_fusion_retrieval_comparison\metrla\gwn\random\downstream_best.pt
[2026-09-17 19:39:42] INFO Epoch 002 | stage=posthoc_calibrator | train_total=3.014156 | train_forecast=3.014156 | train_confidence=0.000000 | train_risk=0.000000 | train_blend=0.000000 | val_total=2.864517 | val_mae=2.860959 | val_rmse=5.804353 | val_mape=8.202769 | val_confidence=0.000000 | val_risk=0.000000 | val_blend=0.000000 | batches=709/94 | seconds=63.21 | lr=[0.0005] | cuda_peak_mb=109.8
[2026-09-17 19:39:42] INFO Val horizons | 15min_mae=2.548526 15min_rmse=4.944473 15min_mape=6.862037 | 30min_mae=2.893132 30min_rmse=5.852740 30min_mape=8.342077 | 60min_mae=3.316843 60min_rmse=6.851400 60min_mape=10.057138
[2026-09-17 19:39:42] INFO Checkpoint updated | epoch=2 | stage=posthoc_calibrator | best_val_mae=2.860959 | path=D:\projects\researchProjects\TrafficRobustST\STAnchor-BlockMemory\artifacts\paper_final_joint_context_offset_only_seed42\thesis_only\simple_fusion_retrieval_comparison\metrla\gwn\random\downstream_best.pt
[2026-09-17 19:40:45] INFO Epoch 003 | stage=posthoc_calibrator | train_total=3.013226 | train_forecast=3.013226 | train_confidence=0.000000 | train_risk=0.000000 | train_blend=0.000000 | val_total=2.864153 | val_mae=2.860585 | val_rmse=5.807625 | val_mape=8.205013 | val_confidence=0.000000 | val_risk=0.000000 | val_blend=0.000000 | batches=709/94 | seconds=63.25 | lr=[0.0005] | cuda_peak_mb=109.8
[2026-09-17 19:40:45] INFO Val horizons | 15min_mae=2.547984 15min_rmse=4.946232 15min_mape=6.864019 | 30min_mae=2.892672 30min_rmse=5.856402 30min_mape=8.344513 | 60min_mae=3.316761 60min_rmse=6.854477 60min_mape=10.059037
[2026-09-17 19:40:45] INFO Checkpoint updated | epoch=3 | stage=posthoc_calibrator | best_val_mae=2.860585 | path=D:\projects\researchProjects\TrafficRobustST\STAnchor-BlockMemory\artifacts\paper_final_joint_context_offset_only_seed42\thesis_only\simple_fusion_retrieval_comparison\metrla\gwn\random\downstream_best.pt
[2026-09-17 19:41:49] INFO Epoch 004 | stage=posthoc_calibrator | train_total=3.012879 | train_forecast=3.012879 | train_confidence=0.000000 | train_risk=0.000000 | train_blend=0.000000 | val_total=2.864005 | val_mae=2.860432 | val_rmse=5.809329 | val_mape=8.206279 | val_confidence=0.000000 | val_risk=0.000000 | val_blend=0.000000 | batches=709/94 | seconds=63.61 | lr=[0.0005] | cuda_peak_mb=109.8
[2026-09-17 19:41:49] INFO Val horizons | 15min_mae=2.547739 15min_rmse=4.947323 15min_mape=6.865304 | 30min_mae=2.892482 30min_rmse=5.858518 30min_mape=8.346001 | 60min_mae=3.316741 60min_rmse=6.855566 60min_mape=10.059721
[2026-09-17 19:41:49] INFO Checkpoint updated | epoch=4 | stage=posthoc_calibrator | best_val_mae=2.860432 | path=D:\projects\researchProjects\TrafficRobustST\STAnchor-BlockMemory\artifacts\paper_final_joint_context_offset_only_seed42\thesis_only\simple_fusion_retrieval_comparison\metrla\gwn\random\downstream_best.pt
[2026-09-17 19:42:52] INFO Epoch 005 | stage=posthoc_calibrator | train_total=3.012637 | train_forecast=3.012637 | train_confidence=0.000000 | train_risk=0.000000 | train_blend=0.000000 | val_total=2.863938 | val_mae=2.860363 | val_rmse=5.810290 | val_mape=8.207017 | val_confidence=0.000000 | val_risk=0.000000 | val_blend=0.000000 | batches=709/94 | seconds=63.28 | lr=[0.0005] | cuda_peak_mb=109.8
[2026-09-17 19:42:52] INFO Val horizons | 15min_mae=2.547617 15min_rmse=4.947997 15min_mape=6.866116 | 30min_mae=2.892403 30min_rmse=5.859644 30min_mape=8.346818 | 60min_mae=3.316730 60min_rmse=6.856358 60min_mape=10.060223
[2026-09-17 19:42:52] INFO Checkpoint updated | epoch=5 | stage=posthoc_calibrator | best_val_mae=2.860363 | path=D:\projects\researchProjects\TrafficRobustST\STAnchor-BlockMemory\artifacts\paper_final_joint_context_offset_only_seed42\thesis_only\simple_fusion_retrieval_comparison\metrla\gwn\random\downstream_best.pt
[2026-09-17 19:43:54] INFO Epoch 006 | stage=posthoc_calibrator | train_total=3.012530 | train_forecast=3.012530 | train_confidence=0.000000 | train_risk=0.000000 | train_blend=0.000000 | val_total=2.863912 | val_mae=2.860335 | val_rmse=5.810738 | val_mape=8.207361 | val_confidence=0.000000 | val_risk=0.000000 | val_blend=0.000000 | batches=709/94 | seconds=62.06 | lr=[0.0005] | cuda_peak_mb=109.8
[2026-09-17 19:43:54] INFO Val horizons | 15min_mae=2.547564 15min_rmse=4.948326 15min_mape=6.866515 | 30min_mae=2.892375 30min_rmse=5.860111 30min_mape=8.347162 | 60min_mae=3.316725 60min_rmse=6.856799 60min_mape=10.060503
[2026-09-17 19:43:54] INFO Checkpoint updated | epoch=6 | stage=posthoc_calibrator | best_val_mae=2.860335 | path=D:\projects\researchProjects\TrafficRobustST\STAnchor-BlockMemory\artifacts\paper_final_joint_context_offset_only_seed42\thesis_only\simple_fusion_retrieval_comparison\metrla\gwn\random\downstream_best.pt
[2026-09-17 19:44:58] INFO Epoch 007 | stage=posthoc_calibrator | train_total=3.012503 | train_forecast=3.012503 | train_confidence=0.000000 | train_risk=0.000000 | train_blend=0.000000 | val_total=2.863905 | val_mae=2.860328 | val_rmse=5.810778 | val_mape=8.207413 | val_confidence=0.000000 | val_risk=0.000000 | val_blend=0.000000 | batches=709/94 | seconds=63.59 | lr=[0.0005] | cuda_peak_mb=109.8
[2026-09-17 19:44:58] INFO Val horizons | 15min_mae=2.547544 15min_rmse=4.948461 15min_mape=6.866680 | 30min_mae=2.892364 30min_rmse=5.860288 30min_mape=8.347292 | 60min_mae=3.316730 60min_rmse=6.856387 60min_mape=10.060241
[2026-09-17 19:44:58] INFO Checkpoint updated | epoch=7 | stage=posthoc_calibrator | best_val_mae=2.860328 | path=D:\projects\researchProjects\TrafficRobustST\STAnchor-BlockMemory\artifacts\paper_final_joint_context_offset_only_seed42\thesis_only\simple_fusion_retrieval_comparison\metrla\gwn\random\downstream_best.pt
[2026-09-17 19:46:01] INFO Epoch 008 | stage=posthoc_calibrator | train_total=3.012596 | train_forecast=3.012596 | train_confidence=0.000000 | train_risk=0.000000 | train_blend=0.000000 | val_total=2.863900 | val_mae=2.860323 | val_rmse=5.810861 | val_mape=8.207477 | val_confidence=0.000000 | val_risk=0.000000 | val_blend=0.000000 | batches=709/94 | seconds=63.10 | lr=[0.0005] | cuda_peak_mb=109.8
[2026-09-17 19:46:01] INFO Val horizons | 15min_mae=2.547536 15min_rmse=4.948514 15min_mape=6.866744 | 30min_mae=2.892356 30min_rmse=5.860433 30min_mape=8.347400 | 60min_mae=3.316727 60min_rmse=6.856592 60min_mape=10.060372
[2026-09-17 19:46:01] INFO Checkpoint updated | epoch=8 | stage=posthoc_calibrator | best_val_mae=2.860323 | path=D:\projects\researchProjects\TrafficRobustST\STAnchor-BlockMemory\artifacts\paper_final_joint_context_offset_only_seed42\thesis_only\simple_fusion_retrieval_comparison\metrla\gwn\random\downstream_best.pt
[2026-09-17 19:47:03] INFO Epoch 009 | stage=posthoc_calibrator | train_total=3.012510 | train_forecast=3.012510 | train_confidence=0.000000 | train_risk=0.000000 | train_blend=0.000000 | val_total=2.863896 | val_mae=2.860319 | val_rmse=5.810943 | val_mape=8.207539 | val_confidence=0.000000 | val_risk=0.000000 | val_blend=0.000000 | batches=709/94 | seconds=62.28 | lr=[0.0005] | cuda_peak_mb=109.8
[2026-09-17 19:47:03] INFO Val horizons | 15min_mae=2.547529 15min_rmse=4.948561 15min_mape=6.866802 | 30min_mae=2.892354 30min_rmse=5.860468 30min_mape=8.347426 | 60min_mae=3.316726 60min_rmse=6.856761 60min_mape=10.060480
[2026-09-17 19:47:03] INFO Checkpoint updated | epoch=9 | stage=posthoc_calibrator | best_val_mae=2.860319 | path=D:\projects\researchProjects\TrafficRobustST\STAnchor-BlockMemory\artifacts\paper_final_joint_context_offset_only_seed42\thesis_only\simple_fusion_retrieval_comparison\metrla\gwn\random\downstream_best.pt
[2026-09-17 19:48:07] INFO Epoch 010 | stage=posthoc_calibrator | train_total=3.012456 | train_forecast=3.012456 | train_confidence=0.000000 | train_risk=0.000000 | train_blend=0.000000 | val_total=2.863895 | val_mae=2.860318 | val_rmse=5.810939 | val_mape=8.207540 | val_confidence=0.000000 | val_risk=0.000000 | val_blend=0.000000 | batches=709/94 | seconds=63.62 | lr=[0.0005] | cuda_peak_mb=109.8
[2026-09-17 19:48:07] INFO Val horizons | 15min_mae=2.547526 15min_rmse=4.948585 15min_mape=6.866832 | 30min_mae=2.892353 30min_rmse=5.860494 30min_mape=8.347446 | 60min_mae=3.316726 60min_rmse=6.856695 60min_mape=10.060437
[2026-09-17 19:48:07] INFO Checkpoint updated | epoch=10 | stage=posthoc_calibrator | best_val_mae=2.860318 | path=D:\projects\researchProjects\TrafficRobustST\STAnchor-BlockMemory\artifacts\paper_final_joint_context_offset_only_seed42\thesis_only\simple_fusion_retrieval_comparison\metrla\gwn\random\downstream_best.pt
[2026-09-17 19:48:07] INFO Downstream training finished | best_val_mae=2.860318 | checkpoint=D:\projects\researchProjects\TrafficRobustST\STAnchor-BlockMemory\artifacts\paper_final_joint_context_offset_only_seed42\thesis_only\simple_fusion_retrieval_comparison\metrla\gwn\random\downstream_best.pt
[2026-09-17 19:48:11] INFO Downstream start | run=paper_final_joint_context_offset_only_seed42/thesis_only/simple_fusion_retrieval_comparison/metrla/stgcn/random | device=cuda:0 (requested=cuda:0) | seed=42 | output=D:\projects\researchProjects\TrafficRobustST\STAnchor-BlockMemory\artifacts\paper_final_joint_context_offset_only_seed42\thesis_only\simple_fusion_retrieval_comparison\metrla\stgcn\random
[2026-09-17 19:48:11] INFO Mode | downstream_mode=learned_topk_offset_only_horizon | training_protocol=posthoc_frozen_base | candidate_protocol=weekday_radius1_overlap | candidate_ranking=learned_key | candidate_payload=offset_only
[2026-09-17 19:48:11] INFO Downstream initialization | seed=42 | state_hash=28047f64315107ce
[2026-09-17 19:48:11] INFO Frozen base | checkpoint=D:\projects\researchProjects\TrafficRobustST\STAnchor-BlockMemory\artifacts\convergence\downstream_tgge_v3_matched_fulltrain_queue\downstream_tgge_v3_stgcn_base_only_fulltrain_seed42\downstream_best.pt | fingerprint=aed70b50b981ce0f
[2026-09-17 19:48:11] INFO Data | steps=34272 | nodes=207 | channels=1 | training_scope=full_train | memory/post_memory/train_selected/val/test=15876/6805/22681/2993/6025
[2026-09-17 19:48:11] INFO Frozen path cache | enabled=True | storage=disk_mmap | train_samples=22681 | val_samples=2993 | allocated_mib=1520.5
[2026-09-17 19:48:11] INFO Bank/retrieval | dataset=metrla_random_encoder_seed42_simple_fusion | events=15876 | nodes=207 | retrieval_dim=64 | event_top_r=32 | node_top_k=12 | key_dtype=float16
[2026-09-17 19:48:11] INFO Frozen path cache | enabled=yes | candidate_ranking=learned_key | fill=first_epoch
[2026-09-17 19:48:11] INFO Parameters | downstream_total=231,513 | downstream_trainable=12 | backbone=0 | confidence_head=0 | fusion=12 | frozen_pretrained=958,704
[2026-09-17 19:48:11] INFO Optimization | epochs=10 | batch_size=32 | optimizer=adam | lr=0.0005 | weight_decay=0.0001 | scheduler=step_lr | step_size=10 | gamma=0.500 | confidence_weight=0.000 | patience=20 | early_stopping=disabled
[2026-09-17 19:48:12] INFO Stage start | stage=posthoc_calibrator | epochs=10 | optimizer_lrs=[0.0005]
[2026-09-17 19:53:10] INFO Epoch 001 | stage=posthoc_calibrator | train_total=3.006104 | train_forecast=3.006104 | train_confidence=0.000000 | train_risk=0.000000 | train_blend=0.000000 | val_total=2.881326 | val_mae=2.878259 | val_rmse=5.927085 | val_mape=8.092665 | val_confidence=0.000000 | val_risk=0.000000 | val_blend=0.000000 | batches=709/94 | seconds=297.79 | lr=[0.0005] | cuda_peak_mb=3452.9
[2026-09-17 19:53:10] INFO Val horizons | 15min_mae=2.578627 15min_rmse=5.056893 15min_mape=6.811086 | 30min_mae=2.898994 30min_rmse=5.965475 30min_mape=8.172464 | 60min_mae=3.312733 60min_rmse=6.982079 60min_mape=9.850493
[2026-09-17 19:53:10] INFO Checkpoint updated | epoch=1 | stage=posthoc_calibrator | best_val_mae=2.878259 | path=D:\projects\researchProjects\TrafficRobustST\STAnchor-BlockMemory\artifacts\paper_final_joint_context_offset_only_seed42\thesis_only\simple_fusion_retrieval_comparison\metrla\stgcn\random\downstream_best.pt
[2026-09-17 19:54:15] INFO Epoch 002 | stage=posthoc_calibrator | train_total=3.005159 | train_forecast=3.005159 | train_confidence=0.000000 | train_risk=0.000000 | train_blend=0.000000 | val_total=2.881525 | val_mae=2.878449 | val_rmse=5.932015 | val_mape=8.096511 | val_confidence=0.000000 | val_risk=0.000000 | val_blend=0.000000 | batches=709/94 | seconds=65.42 | lr=[0.0005] | cuda_peak_mb=109.3
[2026-09-17 19:54:15] INFO Val horizons | 15min_mae=2.578939 15min_rmse=5.058978 15min_mape=6.814372 | 30min_mae=2.899403 30min_rmse=5.971750 30min_mape=8.179304 | 60min_mae=3.313089 60min_rmse=6.987823 60min_mape=9.854794
[2026-09-17 19:55:19] INFO Epoch 003 | stage=posthoc_calibrator | train_total=3.004789 | train_forecast=3.004789 | train_confidence=0.000000 | train_risk=0.000000 | train_blend=0.000000 | val_total=2.881665 | val_mae=2.878585 | val_rmse=5.934148 | val_mape=8.098231 | val_confidence=0.000000 | val_risk=0.000000 | val_blend=0.000000 | batches=709/94 | seconds=64.06 | lr=[0.0005] | cuda_peak_mb=109.3
[2026-09-17 19:55:19] INFO Val horizons | 15min_mae=2.579051 15min_rmse=5.059672 15min_mape=6.815472 | 30min_mae=2.899671 30min_rmse=5.974669 30min_mape=8.182585 | 60min_mae=3.313266 60min_rmse=6.990244 60min_mape=9.856645
[2026-09-17 19:56:23] INFO Epoch 004 | stage=posthoc_calibrator | train_total=3.004885 | train_forecast=3.004885 | train_confidence=0.000000 | train_risk=0.000000 | train_blend=0.000000 | val_total=2.881762 | val_mae=2.878680 | val_rmse=5.935310 | val_mape=8.099232 | val_confidence=0.000000 | val_risk=0.000000 | val_blend=0.000000 | batches=709/94 | seconds=63.39 | lr=[0.0005] | cuda_peak_mb=109.3
[2026-09-17 19:56:23] INFO Val horizons | 15min_mae=2.579101 15min_rmse=5.059975 15min_mape=6.815954 | 30min_mae=2.899825 30min_rmse=5.976129 30min_mape=8.184255 | 60min_mae=3.313372 60min_rmse=6.991607 60min_mape=9.857698
[2026-09-17 19:57:27] INFO Epoch 005 | stage=posthoc_calibrator | train_total=3.004876 | train_forecast=3.004876 | train_confidence=0.000000 | train_risk=0.000000 | train_blend=0.000000 | val_total=2.881786 | val_mae=2.878704 | val_rmse=5.935602 | val_mape=8.099479 | val_confidence=0.000000 | val_risk=0.000000 | val_blend=0.000000 | batches=709/94 | seconds=64.57 | lr=[0.0005] | cuda_peak_mb=109.3
[2026-09-17 19:57:27] INFO Val horizons | 15min_mae=2.579106 15min_rmse=5.060008 15min_mape=6.816006 | 30min_mae=2.899895 30min_rmse=5.976764 30min_mape=8.184986 | 60min_mae=3.313381 60min_rmse=6.991717 60min_mape=9.857783
[2026-09-17 19:58:31] INFO Epoch 006 | stage=posthoc_calibrator | train_total=3.004784 | train_forecast=3.004784 | train_confidence=0.000000 | train_risk=0.000000 | train_blend=0.000000 | val_total=2.881801 | val_mae=2.878719 | val_rmse=5.935716 | val_mape=8.099620 | val_confidence=0.000000 | val_risk=0.000000 | val_blend=0.000000 | batches=709/94 | seconds=63.20 | lr=[0.0005] | cuda_peak_mb=109.3
[2026-09-17 19:58:31] INFO Val horizons | 15min_mae=2.579110 15min_rmse=5.060030 15min_mape=6.816041 | 30min_mae=2.899897 30min_rmse=5.976784 30min_mape=8.185009 | 60min_mae=3.313384 60min_rmse=6.991752 60min_mape=9.857810
[2026-09-17 19:59:34] INFO Epoch 007 | stage=posthoc_calibrator | train_total=3.004562 | train_forecast=3.004562 | train_confidence=0.000000 | train_risk=0.000000 | train_blend=0.000000 | val_total=2.881794 | val_mae=2.878712 | val_rmse=5.935678 | val_mape=8.099557 | val_confidence=0.000000 | val_risk=0.000000 | val_blend=0.000000 | batches=709/94 | seconds=63.14 | lr=[0.0005] | cuda_peak_mb=109.3
[2026-09-17 19:59:34] INFO Val horizons | 15min_mae=2.579093 15min_rmse=5.059930 15min_mape=6.815882 | 30min_mae=2.899896 30min_rmse=5.976773 30min_mape=8.184997 | 60min_mae=3.313387 60min_rmse=6.991795 60min_mape=9.857843
[2026-09-17 20:00:37] INFO Epoch 008 | stage=posthoc_calibrator | train_total=3.004492 | train_forecast=3.004492 | train_confidence=0.000000 | train_risk=0.000000 | train_blend=0.000000 | val_total=2.881807 | val_mae=2.878725 | val_rmse=5.935764 | val_mape=8.099677 | val_confidence=0.000000 | val_risk=0.000000 | val_blend=0.000000 | batches=709/94 | seconds=63.09 | lr=[0.0005] | cuda_peak_mb=109.3
[2026-09-17 20:00:37] INFO Val horizons | 15min_mae=2.579117 15min_rmse=5.060070 15min_mape=6.816105 | 30min_mae=2.899912 30min_rmse=5.976919 30min_mape=8.185164 | 60min_mae=3.313378 60min_rmse=6.991680 60min_mape=9.857754
[2026-09-17 20:01:40] INFO Epoch 009 | stage=posthoc_calibrator | train_total=3.004615 | train_forecast=3.004615 | train_confidence=0.000000 | train_risk=0.000000 | train_blend=0.000000 | val_total=2.881820 | val_mae=2.878738 | val_rmse=5.935919 | val_mape=8.099804 | val_confidence=0.000000 | val_risk=0.000000 | val_blend=0.000000 | batches=709/94 | seconds=62.79 | lr=[0.0005] | cuda_peak_mb=109.3
[2026-09-17 20:01:40] INFO Val horizons | 15min_mae=2.579111 15min_rmse=5.060037 15min_mape=6.816053 | 30min_mae=2.899937 30min_rmse=5.977139 30min_mape=8.185418 | 60min_mae=3.313417 60min_rmse=6.992162 60min_mape=9.858129
[2026-09-17 20:02:41] INFO Epoch 010 | stage=posthoc_calibrator | train_total=3.004631 | train_forecast=3.004631 | train_confidence=0.000000 | train_risk=0.000000 | train_blend=0.000000 | val_total=2.881830 | val_mae=2.878748 | val_rmse=5.936004 | val_mape=8.099900 | val_confidence=0.000000 | val_risk=0.000000 | val_blend=0.000000 | batches=709/94 | seconds=61.28 | lr=[0.0005] | cuda_peak_mb=109.3
[2026-09-17 20:02:41] INFO Val horizons | 15min_mae=2.579129 15min_rmse=5.060145 15min_mape=6.816224 | 30min_mae=2.899943 30min_rmse=5.977186 30min_mape=8.185472 | 60min_mae=3.313424 60min_rmse=6.992244 60min_mape=9.858193
[2026-09-17 20:02:41] INFO Downstream training finished | best_val_mae=2.878259 | checkpoint=D:\projects\researchProjects\TrafficRobustST\STAnchor-BlockMemory\artifacts\paper_final_joint_context_offset_only_seed42\thesis_only\simple_fusion_retrieval_comparison\metrla\stgcn\random\downstream_best.pt
[2026-09-17 20:02:45] INFO Downstream start | run=paper_final_joint_context_offset_only_seed42/thesis_only/simple_fusion_retrieval_comparison/metrla/argcn/random | device=cuda:0 (requested=cuda:0) | seed=42 | output=D:\projects\researchProjects\TrafficRobustST\STAnchor-BlockMemory\artifacts\paper_final_joint_context_offset_only_seed42\thesis_only\simple_fusion_retrieval_comparison\metrla\argcn\random
[2026-09-17 20:02:45] INFO Mode | downstream_mode=learned_topk_offset_only_horizon | training_protocol=posthoc_frozen_base | candidate_protocol=weekday_radius1_overlap | candidate_ranking=learned_key | candidate_payload=offset_only
[2026-09-17 20:02:45] INFO Downstream initialization | seed=42 | state_hash=71e5d3af33da405a
[2026-09-17 20:02:45] INFO Frozen base | checkpoint=D:\projects\researchProjects\TrafficRobustST\STAnchor-BlockMemory\artifacts\convergence\formal_20260826_argcn_base_only_v1\downstream_best.pt | fingerprint=aec0d7409fcfde5a
[2026-09-17 20:02:45] INFO Data | steps=34272 | nodes=207 | channels=1 | training_scope=full_train | memory/post_memory/train_selected/val/test=15876/6805/22681/2993/6025
[2026-09-17 20:02:45] INFO Frozen path cache | enabled=True | storage=disk_mmap | train_samples=22681 | val_samples=2993 | allocated_mib=1520.5
[2026-09-17 20:02:45] INFO Bank/retrieval | dataset=metrla_random_encoder_seed42_simple_fusion | events=15876 | nodes=207 | retrieval_dim=64 | event_top_r=32 | node_top_k=12 | key_dtype=float16
[2026-09-17 20:02:45] INFO Frozen path cache | enabled=yes | candidate_ranking=learned_key | fill=first_epoch
[2026-09-17 20:02:45] INFO Parameters | downstream_total=150,809 | downstream_trainable=12 | backbone=0 | confidence_head=0 | fusion=12 | frozen_pretrained=958,704
[2026-09-17 20:02:45] INFO Optimization | epochs=10 | batch_size=32 | optimizer=adam | lr=0.0005 | weight_decay=0.0001 | scheduler=step_lr | step_size=10 | gamma=0.500 | confidence_weight=0.000 | patience=20 | early_stopping=disabled
[2026-09-17 20:02:46] INFO Stage start | stage=posthoc_calibrator | epochs=10 | optimizer_lrs=[0.0005]
[2026-09-17 20:07:49] INFO Epoch 001 | stage=posthoc_calibrator | train_total=3.094397 | train_forecast=3.094397 | train_confidence=0.000000 | train_risk=0.000000 | train_blend=0.000000 | val_total=2.992288 | val_mae=2.989253 | val_rmse=6.109001 | val_mape=8.457969 | val_confidence=0.000000 | val_risk=0.000000 | val_blend=0.000000 | batches=709/94 | seconds=303.09 | lr=[0.0005] | cuda_peak_mb=3452.6
[2026-09-17 20:07:49] INFO Val horizons | 15min_mae=2.625057 15min_rmse=5.172539 15min_mape=6.943801 | 30min_mae=3.013181 30min_rmse=6.155572 30min_mape=8.543993 | 60min_mae=3.526242 60min_rmse=7.245499 60min_mape=10.598382
[2026-09-17 20:07:49] INFO Checkpoint updated | epoch=1 | stage=posthoc_calibrator | best_val_mae=2.989253 | path=D:\projects\researchProjects\TrafficRobustST\STAnchor-BlockMemory\artifacts\paper_final_joint_context_offset_only_seed42\thesis_only\simple_fusion_retrieval_comparison\metrla\argcn\random\downstream_best.pt
[2026-09-17 20:08:51] INFO Epoch 002 | stage=posthoc_calibrator | train_total=3.093382 | train_forecast=3.093382 | train_confidence=0.000000 | train_risk=0.000000 | train_blend=0.000000 | val_total=2.992655 | val_mae=2.989604 | val_rmse=6.113817 | val_mape=8.462078 | val_confidence=0.000000 | val_risk=0.000000 | val_blend=0.000000 | batches=709/94 | seconds=62.12 | lr=[0.0005] | cuda_peak_mb=109.0
[2026-09-17 20:08:51] INFO Val horizons | 15min_mae=2.625155 15min_rmse=5.176391 15min_mape=6.947517 | 30min_mae=3.013697 30min_rmse=6.162366 30min_mape=8.549691 | 60min_mae=3.526227 60min_rmse=7.245375 60min_mape=10.598277
[2026-09-17 20:09:54] INFO Epoch 003 | stage=posthoc_calibrator | train_total=3.092584 | train_forecast=3.092584 | train_confidence=0.000000 | train_risk=0.000000 | train_blend=0.000000 | val_total=2.992856 | val_mae=2.989798 | val_rmse=6.115862 | val_mape=8.463928 | val_confidence=0.000000 | val_risk=0.000000 | val_blend=0.000000 | batches=709/94 | seconds=62.49 | lr=[0.0005] | cuda_peak_mb=109.0
[2026-09-17 20:09:54] INFO Val horizons | 15min_mae=2.625291 15min_rmse=5.178353 15min_mape=6.949508 | 30min_mae=3.013989 30min_rmse=6.165330 30min_mape=8.552261 | 60min_mae=3.526183 60min_rmse=7.245007 60min_mape=10.597968
[2026-09-17 20:10:56] INFO Epoch 004 | stage=posthoc_calibrator | train_total=3.092500 | train_forecast=3.092500 | train_confidence=0.000000 | train_risk=0.000000 | train_blend=0.000000 | val_total=2.992940 | val_mae=2.989880 | val_rmse=6.116643 | val_mape=8.464666 | val_confidence=0.000000 | val_risk=0.000000 | val_blend=0.000000 | batches=709/94 | seconds=61.96 | lr=[0.0005] | cuda_peak_mb=109.0
[2026-09-17 20:10:56] INFO Val horizons | 15min_mae=2.625368 15min_rmse=5.179222 15min_mape=6.950408 | 30min_mae=3.014138 30min_rmse=6.166707 30min_mape=8.553472 | 60min_mae=3.526129 60min_rmse=7.244560 60min_mape=10.597595
[2026-09-17 20:11:59] INFO Epoch 005 | stage=posthoc_calibrator | train_total=3.092280 | train_forecast=3.092280 | train_confidence=0.000000 | train_risk=0.000000 | train_blend=0.000000 | val_total=2.992981 | val_mae=2.989920 | val_rmse=6.117008 | val_mape=8.464998 | val_confidence=0.000000 | val_risk=0.000000 | val_blend=0.000000 | batches=709/94 | seconds=62.94 | lr=[0.0005] | cuda_peak_mb=109.0
[2026-09-17 20:11:59] INFO Val horizons | 15min_mae=2.625397 15min_rmse=5.179525 15min_mape=6.950724 | 30min_mae=3.014199 30min_rmse=6.167242 30min_mape=8.553946 | 60min_mae=3.526137 60min_rmse=7.244622 60min_mape=10.597646
[2026-09-17 20:13:04] INFO Epoch 006 | stage=posthoc_calibrator | train_total=3.092448 | train_forecast=3.092448 | train_confidence=0.000000 | train_risk=0.000000 | train_blend=0.000000 | val_total=2.993012 | val_mae=2.989950 | val_rmse=6.117274 | val_mape=8.465239 | val_confidence=0.000000 | val_risk=0.000000 | val_blend=0.000000 | batches=709/94 | seconds=64.99 | lr=[0.0005] | cuda_peak_mb=109.0
[2026-09-17 20:13:04] INFO Val horizons | 15min_mae=2.625423 15min_rmse=5.179776 15min_mape=6.950987 | 30min_mae=3.014240 30min_rmse=6.167600 30min_mape=8.554264 | 60min_mae=3.526153 60min_rmse=7.244758 60min_mape=10.597760
[2026-09-17 20:14:06] INFO Epoch 007 | stage=posthoc_calibrator | train_total=3.092450 | train_forecast=3.092450 | train_confidence=0.000000 | train_risk=0.000000 | train_blend=0.000000 | val_total=2.993022 | val_mae=2.989960 | val_rmse=6.117364 | val_mape=8.465322 | val_confidence=0.000000 | val_risk=0.000000 | val_blend=0.000000 | batches=709/94 | seconds=62.29 | lr=[0.0005] | cuda_peak_mb=109.0
[2026-09-17 20:14:06] INFO Val horizons | 15min_mae=2.625436 15min_rmse=5.179904 15min_mape=6.951121 | 30min_mae=3.014246 30min_rmse=6.167655 30min_mape=8.554314 | 60min_mae=3.526171 60min_rmse=7.244904 60min_mape=10.597883
[2026-09-17 20:15:08] INFO Epoch 008 | stage=posthoc_calibrator | train_total=3.092575 | train_forecast=3.092575 | train_confidence=0.000000 | train_risk=0.000000 | train_blend=0.000000 | val_total=2.993029 | val_mae=2.989967 | val_rmse=6.117428 | val_mape=8.465378 | val_confidence=0.000000 | val_risk=0.000000 | val_blend=0.000000 | batches=709/94 | seconds=62.41 | lr=[0.0005] | cuda_peak_mb=109.0
[2026-09-17 20:15:08] INFO Val horizons | 15min_mae=2.625438 15min_rmse=5.179931 15min_mape=6.951150 | 30min_mae=3.014267 30min_rmse=6.167833 30min_mape=8.554472 | 60min_mae=3.526182 60min_rmse=7.244997 60min_mape=10.597960
[2026-09-17 20:16:12] INFO Epoch 009 | stage=posthoc_calibrator | train_total=3.092516 | train_forecast=3.092516 | train_confidence=0.000000 | train_risk=0.000000 | train_blend=0.000000 | val_total=2.993027 | val_mae=2.989965 | val_rmse=6.117409 | val_mape=8.465363 | val_confidence=0.000000 | val_risk=0.000000 | val_blend=0.000000 | batches=709/94 | seconds=63.62 | lr=[0.0005] | cuda_peak_mb=109.0
[2026-09-17 20:16:12] INFO Val horizons | 15min_mae=2.625436 15min_rmse=5.179906 15min_mape=6.951123 | 30min_mae=3.014272 30min_rmse=6.167878 30min_mape=8.554512 | 60min_mae=3.526160 60min_rmse=7.244814 60min_mape=10.597807
[2026-09-17 20:17:14] INFO Epoch 010 | stage=posthoc_calibrator | train_total=3.092729 | train_forecast=3.092729 | train_confidence=0.000000 | train_risk=0.000000 | train_blend=0.000000 | val_total=2.993062 | val_mae=2.989999 | val_rmse=6.117710 | val_mape=8.465599 | val_confidence=0.000000 | val_risk=0.000000 | val_blend=0.000000 | batches=709/94 | seconds=62.43 | lr=[0.0005] | cuda_peak_mb=109.0
[2026-09-17 20:17:14] INFO Val horizons | 15min_mae=2.625445 15min_rmse=5.179989 15min_mape=6.951211 | 30min_mae=3.014288 30min_rmse=6.168015 30min_mape=8.554634 | 60min_mae=3.526253 60min_rmse=7.245593 60min_mape=10.598461
[2026-09-17 20:17:14] INFO Downstream training finished | best_val_mae=2.989253 | checkpoint=D:\projects\researchProjects\TrafficRobustST\STAnchor-BlockMemory\artifacts\paper_final_joint_context_offset_only_seed42\thesis_only\simple_fusion_retrieval_comparison\metrla\argcn\random\downstream_best.pt
[2026-09-17 20:17:18] INFO Downstream start | run=paper_final_joint_context_offset_only_seed42/thesis_only/simple_fusion_retrieval_comparison/metrla/gwn/raw_l1 | device=cuda:0 (requested=cuda:0) | seed=42 | output=D:\projects\researchProjects\TrafficRobustST\STAnchor-BlockMemory\artifacts\paper_final_joint_context_offset_only_seed42\thesis_only\simple_fusion_retrieval_comparison\metrla\gwn\raw_l1
[2026-09-17 20:17:18] INFO Mode | downstream_mode=learned_topk_offset_only_horizon | training_protocol=posthoc_frozen_base | candidate_protocol=weekday_radius1_overlap | candidate_ranking=raw_l1 | candidate_payload=offset_only
[2026-09-17 20:17:18] INFO Downstream initialization | seed=42 | state_hash=a682355d6fe84ee1
[2026-09-17 20:17:18] INFO Frozen base | checkpoint=D:\projects\researchProjects\TrafficRobustST\STAnchor-BlockMemory\artifacts\convergence\downstream_tgge_v3_matched_fulltrain_queue\downstream_tgge_v3_graphwavenet_base_only_fulltrain_seed42\downstream_best.pt | fingerprint=7833628cfbf8cde5
[2026-09-17 20:17:18] INFO Data | steps=34272 | nodes=207 | channels=1 | training_scope=full_train | memory/post_memory/train_selected/val/test=15876/6805/22681/2993/6025
[2026-09-17 20:17:18] INFO Frozen path cache | enabled=True | storage=disk_mmap | train_samples=22681 | val_samples=2993 | allocated_mib=1520.5
[2026-09-17 20:17:18] INFO Bank/retrieval | dataset=metrla_joint_context_offset_only_seed42_epoch34 | events=15876 | nodes=207 | retrieval_dim=64 | event_top_r=32 | node_top_k=12 | key_dtype=float16
[2026-09-17 20:17:18] INFO Frozen path cache | enabled=yes | candidate_ranking=raw_l1 | fill=first_epoch
[2026-09-17 20:17:18] INFO Parameters | downstream_total=309,637 | downstream_trainable=12 | backbone=0 | confidence_head=0 | fusion=12 | frozen_pretrained=958,704
[2026-09-17 20:17:18] INFO Optimization | epochs=10 | batch_size=32 | optimizer=adam | lr=0.0005 | weight_decay=0.0001 | scheduler=step_lr | step_size=10 | gamma=0.500 | confidence_weight=0.000 | patience=20 | early_stopping=disabled
[2026-09-17 20:17:20] INFO Stage start | stage=posthoc_calibrator | epochs=10 | optimizer_lrs=[0.0005]
[2026-09-17 20:21:12] INFO Released raw-L1 context window cache | windows=2048 | frozen_train=22681 | frozen_val=2993
[2026-09-17 20:21:12] INFO Epoch 001 | stage=posthoc_calibrator | train_total=3.020912 | train_forecast=3.020912 | train_confidence=0.000000 | train_risk=0.000000 | train_blend=0.000000 | val_total=2.867636 | val_mae=2.864041 | val_rmse=5.812690 | val_mape=8.179298 | val_confidence=0.000000 | val_risk=0.000000 | val_blend=0.000000 | batches=709/94 | seconds=232.19 | lr=[0.0005] | cuda_peak_mb=311.7
[2026-09-17 20:21:12] INFO Val horizons | 15min_mae=2.549590 15min_rmse=4.950461 15min_mape=6.838408 | 30min_mae=2.894989 30min_rmse=5.859721 30min_mape=8.312474 | 60min_mae=3.323727 60min_rmse=6.869235 60min_mape=10.039039
[2026-09-17 20:21:12] INFO Checkpoint updated | epoch=1 | stage=posthoc_calibrator | best_val_mae=2.864041 | path=D:\projects\researchProjects\TrafficRobustST\STAnchor-BlockMemory\artifacts\paper_final_joint_context_offset_only_seed42\thesis_only\simple_fusion_retrieval_comparison\metrla\gwn\raw_l1\downstream_best.pt
[2026-09-17 20:22:17] INFO Epoch 002 | stage=posthoc_calibrator | train_total=3.017081 | train_forecast=3.017081 | train_confidence=0.000000 | train_risk=0.000000 | train_blend=0.000000 | val_total=2.866114 | val_mae=2.862499 | val_rmse=5.817742 | val_mape=8.186362 | val_confidence=0.000000 | val_risk=0.000000 | val_blend=0.000000 | batches=709/94 | seconds=65.75 | lr=[0.0005] | cuda_peak_mb=97.1
[2026-09-17 20:22:17] INFO Val horizons | 15min_mae=2.548391 15min_rmse=4.951615 15min_mape=6.844257 | 30min_mae=2.893481 30min_rmse=5.864050 30min_mape=8.319976 | 60min_mae=3.322010 60min_rmse=6.878083 60min_mape=10.048145
[2026-09-17 20:22:18] INFO Checkpoint updated | epoch=2 | stage=posthoc_calibrator | best_val_mae=2.862499 | path=D:\projects\researchProjects\TrafficRobustST\STAnchor-BlockMemory\artifacts\paper_final_joint_context_offset_only_seed42\thesis_only\simple_fusion_retrieval_comparison\metrla\gwn\raw_l1\downstream_best.pt
[2026-09-17 20:23:23] INFO Epoch 003 | stage=posthoc_calibrator | train_total=3.015705 | train_forecast=3.015705 | train_confidence=0.000000 | train_risk=0.000000 | train_blend=0.000000 | val_total=2.865503 | val_mae=2.861880 | val_rmse=5.821001 | val_mape=8.191036 | val_confidence=0.000000 | val_risk=0.000000 | val_blend=0.000000 | batches=709/94 | seconds=65.17 | lr=[0.0005] | cuda_peak_mb=97.1
[2026-09-17 20:23:23] INFO Val horizons | 15min_mae=2.547882 15min_rmse=4.952479 15min_mape=6.848045 | 30min_mae=2.892867 30min_rmse=5.866897 30min_mape=8.324965 | 60min_mae=3.321401 60min_rmse=6.883409 60min_mape=10.053963
[2026-09-17 20:23:23] INFO Checkpoint updated | epoch=3 | stage=posthoc_calibrator | best_val_mae=2.861880 | path=D:\projects\researchProjects\TrafficRobustST\STAnchor-BlockMemory\artifacts\paper_final_joint_context_offset_only_seed42\thesis_only\simple_fusion_retrieval_comparison\metrla\gwn\raw_l1\downstream_best.pt
[2026-09-17 20:24:27] INFO Epoch 004 | stage=posthoc_calibrator | train_total=3.015143 | train_forecast=3.015143 | train_confidence=0.000000 | train_risk=0.000000 | train_blend=0.000000 | val_total=2.865247 | val_mae=2.861619 | val_rmse=5.823034 | val_mape=8.193980 | val_confidence=0.000000 | val_risk=0.000000 | val_blend=0.000000 | batches=709/94 | seconds=64.46 | lr=[0.0005] | cuda_peak_mb=97.1
[2026-09-17 20:24:27] INFO Val horizons | 15min_mae=2.547658 15min_rmse=4.953030 15min_mape=6.850305 | 30min_mae=2.892601 30min_rmse=5.868708 30min_mape=8.328161 | 60min_mae=3.321184 60min_rmse=6.886470 60min_mape=10.057421
[2026-09-17 20:24:27] INFO Checkpoint updated | epoch=4 | stage=posthoc_calibrator | best_val_mae=2.861619 | path=D:\projects\researchProjects\TrafficRobustST\STAnchor-BlockMemory\artifacts\paper_final_joint_context_offset_only_seed42\thesis_only\simple_fusion_retrieval_comparison\metrla\gwn\raw_l1\downstream_best.pt
[2026-09-17 20:25:37] INFO Epoch 005 | stage=posthoc_calibrator | train_total=3.014787 | train_forecast=3.014787 | train_confidence=0.000000 | train_risk=0.000000 | train_blend=0.000000 | val_total=2.865134 | val_mae=2.861503 | val_rmse=5.824268 | val_mape=8.195770 | val_confidence=0.000000 | val_risk=0.000000 | val_blend=0.000000 | batches=709/94 | seconds=69.83 | lr=[0.0005] | cuda_peak_mb=97.1
[2026-09-17 20:25:37] INFO Val horizons | 15min_mae=2.547547 15min_rmse=4.953372 15min_mape=6.851661 | 30min_mae=2.892489 30min_rmse=5.869748 30min_mape=8.330015 | 60min_mae=3.321094 60min_rmse=6.888348 60min_mape=10.059587
[2026-09-17 20:25:37] INFO Checkpoint updated | epoch=5 | stage=posthoc_calibrator | best_val_mae=2.861503 | path=D:\projects\researchProjects\TrafficRobustST\STAnchor-BlockMemory\artifacts\paper_final_joint_context_offset_only_seed42\thesis_only\simple_fusion_retrieval_comparison\metrla\gwn\raw_l1\downstream_best.pt
[2026-09-17 20:26:42] INFO Epoch 006 | stage=posthoc_calibrator | train_total=3.014620 | train_forecast=3.014620 | train_confidence=0.000000 | train_risk=0.000000 | train_blend=0.000000 | val_total=2.865090 | val_mae=2.861458 | val_rmse=5.824863 | val_mape=8.196635 | val_confidence=0.000000 | val_risk=0.000000 | val_blend=0.000000 | batches=709/94 | seconds=65.31 | lr=[0.0005] | cuda_peak_mb=97.1
[2026-09-17 20:26:42] INFO Val horizons | 15min_mae=2.547499 15min_rmse=4.953540 15min_mape=6.852317 | 30min_mae=2.892445 30min_rmse=5.870244 30min_mape=8.330899 | 60min_mae=3.321067 60min_rmse=6.889130 60min_mape=10.060498
[2026-09-17 20:26:42] INFO Checkpoint updated | epoch=6 | stage=posthoc_calibrator | best_val_mae=2.861458 | path=D:\projects\researchProjects\TrafficRobustST\STAnchor-BlockMemory\artifacts\paper_final_joint_context_offset_only_seed42\thesis_only\simple_fusion_retrieval_comparison\metrla\gwn\raw_l1\downstream_best.pt
[2026-09-17 20:27:46] INFO Epoch 007 | stage=posthoc_calibrator | train_total=3.014573 | train_forecast=3.014573 | train_confidence=0.000000 | train_risk=0.000000 | train_blend=0.000000 | val_total=2.865075 | val_mae=2.861442 | val_rmse=5.825092 | val_mape=8.196971 | val_confidence=0.000000 | val_risk=0.000000 | val_blend=0.000000 | batches=709/94 | seconds=63.32 | lr=[0.0005] | cuda_peak_mb=97.1
[2026-09-17 20:27:46] INFO Val horizons | 15min_mae=2.547479 15min_rmse=4.953615 15min_mape=6.852606 | 30min_mae=2.892428 30min_rmse=5.870447 30min_mape=8.331262 | 60min_mae=3.321062 60min_rmse=6.889283 60min_mape=10.060677
[2026-09-17 20:27:46] INFO Checkpoint updated | epoch=7 | stage=posthoc_calibrator | best_val_mae=2.861442 | path=D:\projects\researchProjects\TrafficRobustST\STAnchor-BlockMemory\artifacts\paper_final_joint_context_offset_only_seed42\thesis_only\simple_fusion_retrieval_comparison\metrla\gwn\raw_l1\downstream_best.pt
[2026-09-17 20:28:51] INFO Epoch 008 | stage=posthoc_calibrator | train_total=3.014657 | train_forecast=3.014657 | train_confidence=0.000000 | train_risk=0.000000 | train_blend=0.000000 | val_total=2.865067 | val_mae=2.861434 | val_rmse=5.825243 | val_mape=8.197182 | val_confidence=0.000000 | val_risk=0.000000 | val_blend=0.000000 | batches=709/94 | seconds=65.17 | lr=[0.0005] | cuda_peak_mb=97.1
[2026-09-17 20:28:51] INFO Val horizons | 15min_mae=2.547471 15min_rmse=4.953648 15min_mape=6.852736 | 30min_mae=2.892414 30min_rmse=5.870626 30min_mape=8.331583 | 60min_mae=3.321056 60min_rmse=6.889479 60min_mape=10.060906
[2026-09-17 20:28:51] INFO Checkpoint updated | epoch=8 | stage=posthoc_calibrator | best_val_mae=2.861434 | path=D:\projects\researchProjects\TrafficRobustST\STAnchor-BlockMemory\artifacts\paper_final_joint_context_offset_only_seed42\thesis_only\simple_fusion_retrieval_comparison\metrla\gwn\raw_l1\downstream_best.pt
[2026-09-17 20:29:55] INFO Epoch 009 | stage=posthoc_calibrator | train_total=3.014557 | train_forecast=3.014557 | train_confidence=0.000000 | train_risk=0.000000 | train_blend=0.000000 | val_total=2.865062 | val_mae=2.861429 | val_rmse=5.825306 | val_mape=8.197277 | val_confidence=0.000000 | val_risk=0.000000 | val_blend=0.000000 | batches=709/94 | seconds=64.55 | lr=[0.0005] | cuda_peak_mb=97.1
[2026-09-17 20:29:55] INFO Val horizons | 15min_mae=2.547467 15min_rmse=4.953662 15min_mape=6.852788 | 30min_mae=2.892412 30min_rmse=5.870662 30min_mape=8.331647 | 60min_mae=3.321051 60min_rmse=6.889676 60min_mape=10.061137
[2026-09-17 20:29:55] INFO Checkpoint updated | epoch=9 | stage=posthoc_calibrator | best_val_mae=2.861429 | path=D:\projects\researchProjects\TrafficRobustST\STAnchor-BlockMemory\artifacts\paper_final_joint_context_offset_only_seed42\thesis_only\simple_fusion_retrieval_comparison\metrla\gwn\raw_l1\downstream_best.pt
[2026-09-17 20:30:59] INFO Epoch 010 | stage=posthoc_calibrator | train_total=3.014503 | train_forecast=3.014503 | train_confidence=0.000000 | train_risk=0.000000 | train_blend=0.000000 | val_total=2.865061 | val_mae=2.861428 | val_rmse=5.825327 | val_mape=8.197309 | val_confidence=0.000000 | val_risk=0.000000 | val_blend=0.000000 | batches=709/94 | seconds=63.55 | lr=[0.0005] | cuda_peak_mb=97.1
[2026-09-17 20:30:59] INFO Val horizons | 15min_mae=2.547464 15min_rmse=4.953675 15min_mape=6.852839 | 30min_mae=2.892409 30min_rmse=5.870703 30min_mape=8.331720 | 60min_mae=3.321051 60min_rmse=6.889663 60min_mape=10.061121
[2026-09-17 20:30:59] INFO Checkpoint updated | epoch=10 | stage=posthoc_calibrator | best_val_mae=2.861428 | path=D:\projects\researchProjects\TrafficRobustST\STAnchor-BlockMemory\artifacts\paper_final_joint_context_offset_only_seed42\thesis_only\simple_fusion_retrieval_comparison\metrla\gwn\raw_l1\downstream_best.pt
[2026-09-17 20:30:59] INFO Downstream training finished | best_val_mae=2.861428 | checkpoint=D:\projects\researchProjects\TrafficRobustST\STAnchor-BlockMemory\artifacts\paper_final_joint_context_offset_only_seed42\thesis_only\simple_fusion_retrieval_comparison\metrla\gwn\raw_l1\downstream_best.pt
[2026-09-17 20:31:03] INFO Downstream start | run=paper_final_joint_context_offset_only_seed42/thesis_only/simple_fusion_retrieval_comparison/metrla/stgcn/raw_l1 | device=cuda:0 (requested=cuda:0) | seed=42 | output=D:\projects\researchProjects\TrafficRobustST\STAnchor-BlockMemory\artifacts\paper_final_joint_context_offset_only_seed42\thesis_only\simple_fusion_retrieval_comparison\metrla\stgcn\raw_l1
[2026-09-17 20:31:03] INFO Mode | downstream_mode=learned_topk_offset_only_horizon | training_protocol=posthoc_frozen_base | candidate_protocol=weekday_radius1_overlap | candidate_ranking=raw_l1 | candidate_payload=offset_only
[2026-09-17 20:31:03] INFO Downstream initialization | seed=42 | state_hash=28047f64315107ce
[2026-09-17 20:31:03] INFO Frozen base | checkpoint=D:\projects\researchProjects\TrafficRobustST\STAnchor-BlockMemory\artifacts\convergence\downstream_tgge_v3_matched_fulltrain_queue\downstream_tgge_v3_stgcn_base_only_fulltrain_seed42\downstream_best.pt | fingerprint=aed70b50b981ce0f
[2026-09-17 20:31:03] INFO Data | steps=34272 | nodes=207 | channels=1 | training_scope=full_train | memory/post_memory/train_selected/val/test=15876/6805/22681/2993/6025
[2026-09-17 20:31:03] INFO Frozen path cache | enabled=True | storage=disk_mmap | train_samples=22681 | val_samples=2993 | allocated_mib=1520.5
[2026-09-17 20:31:03] INFO Bank/retrieval | dataset=metrla_joint_context_offset_only_seed42_epoch34 | events=15876 | nodes=207 | retrieval_dim=64 | event_top_r=32 | node_top_k=12 | key_dtype=float16
[2026-09-17 20:31:03] INFO Frozen path cache | enabled=yes | candidate_ranking=raw_l1 | fill=first_epoch
[2026-09-17 20:31:03] INFO Parameters | downstream_total=231,513 | downstream_trainable=12 | backbone=0 | confidence_head=0 | fusion=12 | frozen_pretrained=958,704
[2026-09-17 20:31:03] INFO Optimization | epochs=10 | batch_size=32 | optimizer=adam | lr=0.0005 | weight_decay=0.0001 | scheduler=step_lr | step_size=10 | gamma=0.500 | confidence_weight=0.000 | patience=20 | early_stopping=disabled
[2026-09-17 20:31:04] INFO Stage start | stage=posthoc_calibrator | epochs=10 | optimizer_lrs=[0.0005]
[2026-09-17 20:34:47] INFO Released raw-L1 context window cache | windows=2048 | frozen_train=22681 | frozen_val=2993
[2026-09-17 20:34:47] INFO Epoch 001 | stage=posthoc_calibrator | train_total=3.015039 | train_forecast=3.015039 | train_confidence=0.000000 | train_risk=0.000000 | train_blend=0.000000 | val_total=2.890107 | val_mae=2.887024 | val_rmse=5.947810 | val_mape=8.107429 | val_confidence=0.000000 | val_risk=0.000000 | val_blend=0.000000 | batches=709/94 | seconds=222.94 | lr=[0.0005] | cuda_peak_mb=306.4
[2026-09-17 20:34:47] INFO Val horizons | 15min_mae=2.584620 15min_rmse=5.073746 15min_mape=6.821800 | 30min_mae=2.907290 30min_rmse=5.986487 30min_mape=8.186013 | 60min_mae=3.325673 60min_rmse=7.011730 60min_mape=9.873224
[2026-09-17 20:34:47] INFO Checkpoint updated | epoch=1 | stage=posthoc_calibrator | best_val_mae=2.887024 | path=D:\projects\researchProjects\TrafficRobustST\STAnchor-BlockMemory\artifacts\paper_final_joint_context_offset_only_seed42\thesis_only\simple_fusion_retrieval_comparison\metrla\stgcn\raw_l1\downstream_best.pt
[2026-09-17 20:35:51] INFO Epoch 002 | stage=posthoc_calibrator | train_total=3.012302 | train_forecast=3.012302 | train_confidence=0.000000 | train_risk=0.000000 | train_blend=0.000000 | val_total=2.889571 | val_mae=2.886474 | val_rmse=5.954355 | val_mape=8.113097 | val_confidence=0.000000 | val_risk=0.000000 | val_blend=0.000000 | batches=709/94 | seconds=64.18 | lr=[0.0005] | cuda_peak_mb=97.7
[2026-09-17 20:35:51] INFO Val horizons | 15min_mae=2.584805 15min_rmse=5.075995 15min_mape=6.826619 | 30min_mae=2.906897 30min_rmse=5.993125 30min_mape=8.195138 | 60min_mae=3.325036 60min_rmse=7.023601 60min_mape=9.882462
[2026-09-17 20:35:51] INFO Checkpoint updated | epoch=2 | stage=posthoc_calibrator | best_val_mae=2.886474 | path=D:\projects\researchProjects\TrafficRobustST\STAnchor-BlockMemory\artifacts\paper_final_joint_context_offset_only_seed42\thesis_only\simple_fusion_retrieval_comparison\metrla\stgcn\raw_l1\downstream_best.pt
[2026-09-17 20:36:55] INFO Epoch 003 | stage=posthoc_calibrator | train_total=3.011107 | train_forecast=3.011107 | train_confidence=0.000000 | train_risk=0.000000 | train_blend=0.000000 | val_total=2.889520 | val_mae=2.886418 | val_rmse=5.958392 | val_mape=8.116837 | val_confidence=0.000000 | val_risk=0.000000 | val_blend=0.000000 | batches=709/94 | seconds=63.53 | lr=[0.0005] | cuda_peak_mb=97.7
[2026-09-17 20:36:55] INFO Val horizons | 15min_mae=2.584894 15min_rmse=5.076811 15min_mape=6.828366 | 30min_mae=2.906927 30min_rmse=5.997170 30min_mape=8.200872 | 60min_mae=3.325036 60min_rmse=7.030791 60min_mape=9.888560
[2026-09-17 20:36:55] INFO Checkpoint updated | epoch=3 | stage=posthoc_calibrator | best_val_mae=2.886418 | path=D:\projects\researchProjects\TrafficRobustST\STAnchor-BlockMemory\artifacts\paper_final_joint_context_offset_only_seed42\thesis_only\simple_fusion_retrieval_comparison\metrla\stgcn\raw_l1\downstream_best.pt
[2026-09-17 20:37:59] INFO Epoch 004 | stage=posthoc_calibrator | train_total=3.010826 | train_forecast=3.010826 | train_confidence=0.000000 | train_risk=0.000000 | train_blend=0.000000 | val_total=2.889590 | val_mae=2.886486 | val_rmse=5.960966 | val_mape=8.119418 | val_confidence=0.000000 | val_risk=0.000000 | val_blend=0.000000 | batches=709/94 | seconds=63.77 | lr=[0.0005] | cuda_peak_mb=97.7
[2026-09-17 20:37:59] INFO Val horizons | 15min_mae=2.584935 15min_rmse=5.077154 15min_mape=6.829101 | 30min_mae=2.907032 30min_rmse=5.999614 30min_mape=8.204394 | 60min_mae=3.325159 60min_rmse=7.035077 60min_mape=9.892351
[2026-09-17 20:39:04] INFO Epoch 005 | stage=posthoc_calibrator | train_total=3.010641 | train_forecast=3.010641 | train_confidence=0.000000 | train_risk=0.000000 | train_blend=0.000000 | val_total=2.889649 | val_mae=2.886543 | val_rmse=5.962291 | val_mape=8.120749 | val_confidence=0.000000 | val_risk=0.000000 | val_blend=0.000000 | batches=709/94 | seconds=65.01 | lr=[0.0005] | cuda_peak_mb=97.7
[2026-09-17 20:39:04] INFO Val horizons | 15min_mae=2.584941 15min_rmse=5.077204 15min_mape=6.829209 | 30min_mae=2.907117 30min_rmse=6.000977 30min_mape=8.206381 | 60min_mae=3.325247 60min_rmse=7.037077 60min_mape=9.894161
[2026-09-17 20:40:08] INFO Epoch 006 | stage=posthoc_calibrator | train_total=3.010470 | train_forecast=3.010470 | train_confidence=0.000000 | train_risk=0.000000 | train_blend=0.000000 | val_total=2.889694 | val_mae=2.886588 | val_rmse=5.963053 | val_mape=8.121596 | val_confidence=0.000000 | val_risk=0.000000 | val_blend=0.000000 | batches=709/94 | seconds=64.73 | lr=[0.0005] | cuda_peak_mb=97.7
[2026-09-17 20:40:08] INFO Val horizons | 15min_mae=2.584959 15min_rmse=5.077344 15min_mape=6.829509 | 30min_mae=2.907158 30min_rmse=6.001543 30min_mape=8.207211 | 60min_mae=3.325303 60min_rmse=7.038155 60min_mape=9.895149
[2026-09-17 20:41:14] INFO Epoch 007 | stage=posthoc_calibrator | train_total=3.010211 | train_forecast=3.010211 | train_confidence=0.000000 | train_risk=0.000000 | train_blend=0.000000 | val_total=2.889715 | val_mae=2.886609 | val_rmse=5.963397 | val_mape=8.121956 | val_confidence=0.000000 | val_risk=0.000000 | val_blend=0.000000 | batches=709/94 | seconds=65.98 | lr=[0.0005] | cuda_peak_mb=97.7
[2026-09-17 20:41:14] INFO Val horizons | 15min_mae=2.584952 15min_rmse=5.077290 15min_mape=6.829394 | 30min_mae=2.907183 30min_rmse=6.001873 30min_mape=8.207695 | 60min_mae=3.325334 60min_rmse=7.038713 60min_mape=9.895664
[2026-09-17 20:42:19] INFO Epoch 008 | stage=posthoc_calibrator | train_total=3.010115 | train_forecast=3.010115 | train_confidence=0.000000 | train_risk=0.000000 | train_blend=0.000000 | val_total=2.889727 | val_mae=2.886622 | val_rmse=5.963569 | val_mape=8.122172 | val_confidence=0.000000 | val_risk=0.000000 | val_blend=0.000000 | batches=709/94 | seconds=64.33 | lr=[0.0005] | cuda_peak_mb=97.7
[2026-09-17 20:42:19] INFO Val horizons | 15min_mae=2.584968 15min_rmse=5.077414 15min_mape=6.829660 | 30min_mae=2.907198 30min_rmse=6.002065 30min_mape=8.207977 | 60min_mae=3.325339 60min_rmse=7.038797 60min_mape=9.895743
[2026-09-17 20:43:23] INFO Epoch 009 | stage=posthoc_calibrator | train_total=3.010229 | train_forecast=3.010229 | train_confidence=0.000000 | train_risk=0.000000 | train_blend=0.000000 | val_total=2.889735 | val_mae=2.886629 | val_rmse=5.963690 | val_mape=8.122294 | val_confidence=0.000000 | val_risk=0.000000 | val_blend=0.000000 | batches=709/94 | seconds=64.27 | lr=[0.0005] | cuda_peak_mb=97.7
[2026-09-17 20:43:23] INFO Val horizons | 15min_mae=2.584965 15min_rmse=5.077390 15min_mape=6.829609 | 30min_mae=2.907211 30min_rmse=6.002216 30min_mape=8.208199 | 60min_mae=3.325353 60min_rmse=7.039033 60min_mape=9.895962
[2026-09-17 20:44:29] INFO Epoch 010 | stage=posthoc_calibrator | train_total=3.010238 | train_forecast=3.010238 | train_confidence=0.000000 | train_risk=0.000000 | train_blend=0.000000 | val_total=2.889733 | val_mae=2.886627 | val_rmse=5.963673 | val_mape=8.122261 | val_confidence=0.000000 | val_risk=0.000000 | val_blend=0.000000 | batches=709/94 | seconds=65.82 | lr=[0.0005] | cuda_peak_mb=97.7
[2026-09-17 20:44:29] INFO Val horizons | 15min_mae=2.584958 15min_rmse=5.077335 15min_mape=6.829489 | 30min_mae=2.907207 30min_rmse=6.002170 30min_mape=8.208131 | 60min_mae=3.325347 60min_rmse=7.038920 60min_mape=9.895857
[2026-09-17 20:44:29] INFO Downstream training finished | best_val_mae=2.886418 | checkpoint=D:\projects\researchProjects\TrafficRobustST\STAnchor-BlockMemory\artifacts\paper_final_joint_context_offset_only_seed42\thesis_only\simple_fusion_retrieval_comparison\metrla\stgcn\raw_l1\downstream_best.pt
[2026-09-17 20:44:33] INFO Downstream start | run=paper_final_joint_context_offset_only_seed42/thesis_only/simple_fusion_retrieval_comparison/metrla/argcn/raw_l1 | device=cuda:0 (requested=cuda:0) | seed=42 | output=D:\projects\researchProjects\TrafficRobustST\STAnchor-BlockMemory\artifacts\paper_final_joint_context_offset_only_seed42\thesis_only\simple_fusion_retrieval_comparison\metrla\argcn\raw_l1
[2026-09-17 20:44:33] INFO Mode | downstream_mode=learned_topk_offset_only_horizon | training_protocol=posthoc_frozen_base | candidate_protocol=weekday_radius1_overlap | candidate_ranking=raw_l1 | candidate_payload=offset_only
[2026-09-17 20:44:33] INFO Downstream initialization | seed=42 | state_hash=71e5d3af33da405a
[2026-09-17 20:44:33] INFO Frozen base | checkpoint=D:\projects\researchProjects\TrafficRobustST\STAnchor-BlockMemory\artifacts\convergence\formal_20260826_argcn_base_only_v1\downstream_best.pt | fingerprint=aec0d7409fcfde5a
[2026-09-17 20:44:33] INFO Data | steps=34272 | nodes=207 | channels=1 | training_scope=full_train | memory/post_memory/train_selected/val/test=15876/6805/22681/2993/6025
[2026-09-17 20:44:33] INFO Frozen path cache | enabled=True | storage=disk_mmap | train_samples=22681 | val_samples=2993 | allocated_mib=1520.5
[2026-09-17 20:44:33] INFO Bank/retrieval | dataset=metrla_joint_context_offset_only_seed42_epoch34 | events=15876 | nodes=207 | retrieval_dim=64 | event_top_r=32 | node_top_k=12 | key_dtype=float16
[2026-09-17 20:44:33] INFO Frozen path cache | enabled=yes | candidate_ranking=raw_l1 | fill=first_epoch
[2026-09-17 20:44:33] INFO Parameters | downstream_total=150,809 | downstream_trainable=12 | backbone=0 | confidence_head=0 | fusion=12 | frozen_pretrained=958,704
[2026-09-17 20:44:33] INFO Optimization | epochs=10 | batch_size=32 | optimizer=adam | lr=0.0005 | weight_decay=0.0001 | scheduler=step_lr | step_size=10 | gamma=0.500 | confidence_weight=0.000 | patience=20 | early_stopping=disabled
[2026-09-17 20:44:34] INFO Stage start | stage=posthoc_calibrator | epochs=10 | optimizer_lrs=[0.0005]
[2026-09-17 20:48:22] INFO Released raw-L1 context window cache | windows=2048 | frozen_train=22681 | frozen_val=2993
[2026-09-17 20:48:22] INFO Epoch 001 | stage=posthoc_calibrator | train_total=3.102075 | train_forecast=3.102075 | train_confidence=0.000000 | train_risk=0.000000 | train_blend=0.000000 | val_total=2.998172 | val_mae=2.995039 | val_rmse=6.133352 | val_mape=8.452602 | val_confidence=0.000000 | val_risk=0.000000 | val_blend=0.000000 | batches=709/94 | seconds=228.40 | lr=[0.0005] | cuda_peak_mb=305.1
[2026-09-17 20:48:22] INFO Val horizons | 15min_mae=2.627977 15min_rmse=5.185627 15min_mape=6.934444 | 30min_mae=3.017959 30min_rmse=6.175675 30min_mape=8.533313 | 60min_mae=3.538975 60min_rmse=7.295494 60min_mape=10.610658
[2026-09-17 20:48:22] INFO Checkpoint updated | epoch=1 | stage=posthoc_calibrator | best_val_mae=2.995039 | path=D:\projects\researchProjects\TrafficRobustST\STAnchor-BlockMemory\artifacts\paper_final_joint_context_offset_only_seed42\thesis_only\simple_fusion_retrieval_comparison\metrla\argcn\raw_l1\downstream_best.pt
[2026-09-17 20:49:27] INFO Epoch 002 | stage=posthoc_calibrator | train_total=3.099863 | train_forecast=3.099863 | train_confidence=0.000000 | train_risk=0.000000 | train_blend=0.000000 | val_total=2.998434 | val_mae=2.995281 | val_rmse=6.140348 | val_mape=8.461516 | val_confidence=0.000000 | val_risk=0.000000 | val_blend=0.000000 | batches=709/94 | seconds=64.27 | lr=[0.0005] | cuda_peak_mb=96.3
[2026-09-17 20:49:27] INFO Val horizons | 15min_mae=2.627769 15min_rmse=5.188260 15min_mape=6.939967 | 30min_mae=3.018104 30min_rmse=6.182297 30min_mape=8.542987 | 60min_mae=3.539807 60min_rmse=7.304957 60min_mape=10.621789
[2026-09-17 20:50:33] INFO Epoch 003 | stage=posthoc_calibrator | train_total=3.098556 | train_forecast=3.098556 | train_confidence=0.000000 | train_risk=0.000000 | train_blend=0.000000 | val_total=2.998738 | val_mae=2.995577 | val_rmse=6.144174 | val_mape=8.466511 | val_confidence=0.000000 | val_risk=0.000000 | val_blend=0.000000 | batches=709/94 | seconds=66.14 | lr=[0.0005] | cuda_peak_mb=96.3
[2026-09-17 20:50:33] INFO Val horizons | 15min_mae=2.627780 15min_rmse=5.189730 15min_mape=6.943075 | 30min_mae=3.018365 30min_rmse=6.185984 30min_mape=8.548451 | 60min_mae=3.540307 60min_rmse=7.309375 60min_mape=10.627099
[2026-09-17 20:51:39] INFO Epoch 004 | stage=posthoc_calibrator | train_total=3.098257 | train_forecast=3.098257 | train_confidence=0.000000 | train_risk=0.000000 | train_blend=0.000000 | val_total=2.998950 | val_mae=2.995785 | val_rmse=6.146266 | val_mape=8.469261 | val_confidence=0.000000 | val_risk=0.000000 | val_blend=0.000000 | batches=709/94 | seconds=66.08 | lr=[0.0005] | cuda_peak_mb=96.3
[2026-09-17 20:51:39] INFO Val horizons | 15min_mae=2.627814 15min_rmse=5.190467 15min_mape=6.944631 | 30min_mae=3.018571 30min_rmse=6.188106 30min_mape=8.551628 | 60min_mae=3.540581 60min_rmse=7.311568 60min_mape=10.629760
[2026-09-17 20:52:43] INFO Epoch 005 | stage=posthoc_calibrator | train_total=3.097933 | train_forecast=3.097933 | train_confidence=0.000000 | train_risk=0.000000 | train_blend=0.000000 | val_total=2.999067 | val_mae=2.995900 | val_rmse=6.147304 | val_mape=8.470629 | val_confidence=0.000000 | val_risk=0.000000 | val_blend=0.000000 | batches=709/94 | seconds=64.14 | lr=[0.0005] | cuda_peak_mb=96.3
[2026-09-17 20:52:43] INFO Val horizons | 15min_mae=2.627836 15min_rmse=5.190814 15min_mape=6.945366 | 30min_mae=3.018682 30min_rmse=6.189114 30min_mape=8.553144 | 60min_mae=3.540720 60min_rmse=7.312633 60min_mape=10.631058
[2026-09-17 20:53:48] INFO Epoch 006 | stage=posthoc_calibrator | train_total=3.098044 | train_forecast=3.098044 | train_confidence=0.000000 | train_risk=0.000000 | train_blend=0.000000 | val_total=2.999125 | val_mae=2.995956 | val_rmse=6.147787 | val_mape=8.471269 | val_confidence=0.000000 | val_risk=0.000000 | val_blend=0.000000 | batches=709/94 | seconds=65.01 | lr=[0.0005] | cuda_peak_mb=96.3
[2026-09-17 20:53:48] INFO Val horizons | 15min_mae=2.627849 15min_rmse=5.190988 15min_mape=6.945734 | 30min_mae=3.018741 30min_rmse=6.189627 30min_mape=8.553919 | 60min_mae=3.540772 60min_rmse=7.313028 60min_mape=10.631538
[2026-09-17 20:54:52] INFO Epoch 007 | stage=posthoc_calibrator | train_total=3.098034 | train_forecast=3.098034 | train_confidence=0.000000 | train_risk=0.000000 | train_blend=0.000000 | val_total=2.999151 | val_mae=2.995982 | val_rmse=6.148007 | val_mape=8.471564 | val_confidence=0.000000 | val_risk=0.000000 | val_blend=0.000000 | batches=709/94 | seconds=63.93 | lr=[0.0005] | cuda_peak_mb=96.3
[2026-09-17 20:54:52] INFO Val horizons | 15min_mae=2.627854 15min_rmse=5.191062 15min_mape=6.945891 | 30min_mae=3.018771 30min_rmse=6.189873 30min_mape=8.554290 | 60min_mae=3.540802 60min_rmse=7.313254 60min_mape=10.631814
[2026-09-17 20:55:55] INFO Epoch 008 | stage=posthoc_calibrator | train_total=3.098152 | train_forecast=3.098152 | train_confidence=0.000000 | train_risk=0.000000 | train_blend=0.000000 | val_total=2.999166 | val_mae=2.995997 | val_rmse=6.148137 | val_mape=8.471735 | val_confidence=0.000000 | val_risk=0.000000 | val_blend=0.000000 | batches=709/94 | seconds=63.41 | lr=[0.0005] | cuda_peak_mb=96.3
[2026-09-17 20:55:55] INFO Val horizons | 15min_mae=2.627859 15min_rmse=5.191116 15min_mape=6.946004 | 30min_mae=3.018792 30min_rmse=6.190050 30min_mape=8.554557 | 60min_mae=3.540828 60min_rmse=7.313447 60min_mape=10.632051
[2026-09-17 20:56:59] INFO Epoch 009 | stage=posthoc_calibrator | train_total=3.098092 | train_forecast=3.098092 | train_confidence=0.000000 | train_risk=0.000000 | train_blend=0.000000 | val_total=2.999177 | val_mae=2.996008 | val_rmse=6.148226 | val_mape=8.471847 | val_confidence=0.000000 | val_risk=0.000000 | val_blend=0.000000 | batches=709/94 | seconds=63.90 | lr=[0.0005] | cuda_peak_mb=96.3
[2026-09-17 20:56:59] INFO Val horizons | 15min_mae=2.627859 15min_rmse=5.191115 15min_mape=6.946004 | 30min_mae=3.018799 30min_rmse=6.190105 30min_mape=8.554640 | 60min_mae=3.540835 60min_rmse=7.313494 60min_mape=10.632108
[2026-09-17 20:58:06] INFO Epoch 010 | stage=posthoc_calibrator | train_total=3.098301 | train_forecast=3.098301 | train_confidence=0.000000 | train_risk=0.000000 | train_blend=0.000000 | val_total=2.999198 | val_mae=2.996028 | val_rmse=6.148397 | val_mape=8.472057 | val_confidence=0.000000 | val_risk=0.000000 | val_blend=0.000000 | batches=709/94 | seconds=67.06 | lr=[0.0005] | cuda_peak_mb=96.3
[2026-09-17 20:58:06] INFO Val horizons | 15min_mae=2.627865 15min_rmse=5.191194 15min_mape=6.946170 | 30min_mae=3.018810 30min_rmse=6.190198 30min_mape=8.554781 | 60min_mae=3.540904 60min_rmse=7.314006 60min_mape=10.632734
[2026-09-17 20:58:06] INFO Downstream training finished | best_val_mae=2.995039 | checkpoint=D:\projects\researchProjects\TrafficRobustST\STAnchor-BlockMemory\artifacts\paper_final_joint_context_offset_only_seed42\thesis_only\simple_fusion_retrieval_comparison\metrla\argcn\raw_l1\downstream_best.pt
