[2026-08-26 21:12:28] INFO Downstream start | run=convergence/formal_20260826_staeformer_base_only_v1 | device=cuda:0 (requested=cuda:0) | seed=42 | output=C:\Users\clw\projects\researchRep\STAnchor-BlockMemory\artifacts\convergence\formal_20260826_staeformer_base_only_v1
[2026-08-26 21:12:28] INFO Mode | downstream_mode=base_only | training_protocol=staged_joint | candidate_protocol=exact_calendar
[2026-08-26 21:12:28] INFO Downstream initialization | seed=42 | state_hash=1654f9572ea4a6ce
[2026-08-26 21:12:28] INFO Data | steps=34272 | nodes=207 | channels=1 | training_scope=full_train | memory/post_memory/train_selected/val/test=15876/6805/22681/2993/6025
[2026-08-26 21:12:28] INFO Bank/retrieval | disabled (base_only)
[2026-08-26 21:12:28] INFO Parameters | downstream_total=1,259,201 | downstream_trainable=1,258,932 | backbone=1,258,932 | confidence_head=0 | fusion=0 | frozen_pretrained=0
[2026-08-26 21:12:28] INFO Optimization | epochs=50 | batch_size=32 | optimizer=adam | lr=0.001 | weight_decay=0.0001 | scheduler=step_lr | step_size=10 | gamma=0.950 | confidence_weight=0.000 | patience=10 | early_stopping=disabled
[2026-08-26 21:12:29] INFO Stage start | stage=standard | epochs=50 | optimizer_lrs=[0.001]
[2026-08-26 21:15:43] INFO Epoch 001 | stage=standard | train_total=0.402391 | train_forecast=0.402391 | train_confidence=0.000000 | train_risk=0.000000 | train_blend=0.000000 | val_total=0.358465 | val_mae=3.303775 | val_rmse=6.617463 | val_mape=9.564561 | val_confidence=0.000000 | val_risk=0.000000 | val_blend=0.000000 | batches=709/94 | seconds=193.96 | lr=[0.001] | cuda_peak_mb=4361.7
[2026-08-26 21:15:43] INFO Val horizons | 15min_mae=2.802252 15min_rmse=5.514189 15min_mape=7.404105 | 30min_mae=3.296250 30min_rmse=6.571481 30min_mape=9.327422 | 60min_mae=3.963983 60min_rmse=7.944440 60min_mape=12.390072
[2026-08-26 21:15:43] INFO Checkpoint updated | epoch=1 | stage=standard | best_val_mae=3.303775 | path=C:\Users\clw\projects\researchRep\STAnchor-BlockMemory\artifacts\convergence\formal_20260826_staeformer_base_only_v1\downstream_best.pt
[2026-08-26 21:18:58] INFO Epoch 002 | stage=standard | train_total=0.367794 | train_forecast=0.367794 | train_confidence=0.000000 | train_risk=0.000000 | train_blend=0.000000 | val_total=0.347273 | val_mae=3.173715 | val_rmse=6.556734 | val_mape=9.307673 | val_confidence=0.000000 | val_risk=0.000000 | val_blend=0.000000 | batches=709/94 | seconds=195.37 | lr=[0.001] | cuda_peak_mb=4361.7
[2026-08-26 21:18:58] INFO Val horizons | 15min_mae=2.726935 15min_rmse=5.404402 15min_mape=7.302623 | 30min_mae=3.187868 30min_rmse=6.546078 30min_mape=9.264048 | 60min_mae=3.791872 60min_rmse=7.894367 60min_mape=12.013890
[2026-08-26 21:18:58] INFO Checkpoint updated | epoch=2 | stage=standard | best_val_mae=3.173715 | path=C:\Users\clw\projects\researchRep\STAnchor-BlockMemory\artifacts\convergence\formal_20260826_staeformer_base_only_v1\downstream_best.pt
[2026-08-26 21:22:14] INFO Epoch 003 | stage=standard | train_total=0.361067 | train_forecast=0.361067 | train_confidence=0.000000 | train_risk=0.000000 | train_blend=0.000000 | val_total=0.344171 | val_mae=3.155889 | val_rmse=6.425410 | val_mape=9.457291 | val_confidence=0.000000 | val_risk=0.000000 | val_blend=0.000000 | batches=709/94 | seconds=195.43 | lr=[0.001] | cuda_peak_mb=4361.7
[2026-08-26 21:22:14] INFO Val horizons | 15min_mae=2.716317 15min_rmse=5.293649 15min_mape=7.434685 | 30min_mae=3.169426 30min_rmse=6.414125 30min_mape=9.455221 | 60min_mae=3.789100 60min_rmse=7.723278 60min_mape=12.183441
[2026-08-26 21:22:14] INFO Checkpoint updated | epoch=3 | stage=standard | best_val_mae=3.155889 | path=C:\Users\clw\projects\researchRep\STAnchor-BlockMemory\artifacts\convergence\formal_20260826_staeformer_base_only_v1\downstream_best.pt
[2026-08-26 21:25:29] INFO Epoch 004 | stage=standard | train_total=0.356659 | train_forecast=0.356659 | train_confidence=0.000000 | train_risk=0.000000 | train_blend=0.000000 | val_total=0.337636 | val_mae=3.079355 | val_rmse=6.374169 | val_mape=8.858388 | val_confidence=0.000000 | val_risk=0.000000 | val_blend=0.000000 | batches=709/94 | seconds=195.19 | lr=[0.001] | cuda_peak_mb=4361.7
[2026-08-26 21:25:29] INFO Val horizons | 15min_mae=2.680647 15min_rmse=5.335579 15min_mape=7.096309 | 30min_mae=3.094656 30min_rmse=6.383883 30min_mape=8.923519 | 60min_mae=3.658693 60min_rmse=7.616592 60min_mape=11.308175
[2026-08-26 21:25:29] INFO Checkpoint updated | epoch=4 | stage=standard | best_val_mae=3.079355 | path=C:\Users\clw\projects\researchRep\STAnchor-BlockMemory\artifacts\convergence\formal_20260826_staeformer_base_only_v1\downstream_best.pt
[2026-08-26 21:28:44] INFO Epoch 005 | stage=standard | train_total=0.351331 | train_forecast=0.351331 | train_confidence=0.000000 | train_risk=0.000000 | train_blend=0.000000 | val_total=0.331517 | val_mae=2.998577 | val_rmse=6.196111 | val_mape=8.795303 | val_confidence=0.000000 | val_risk=0.000000 | val_blend=0.000000 | batches=709/94 | seconds=194.68 | lr=[0.001] | cuda_peak_mb=4361.7
[2026-08-26 21:28:44] INFO Val horizons | 15min_mae=2.655521 15min_rmse=5.290706 15min_mape=7.330169 | 30min_mae=3.032553 30min_rmse=6.246436 30min_mape=8.851707 | 60min_mae=3.497788 60min_rmse=7.313087 60min_mape=10.969000
[2026-08-26 21:28:44] INFO Checkpoint updated | epoch=5 | stage=standard | best_val_mae=2.998577 | path=C:\Users\clw\projects\researchRep\STAnchor-BlockMemory\artifacts\convergence\formal_20260826_staeformer_base_only_v1\downstream_best.pt
[2026-08-26 21:31:57] INFO Epoch 006 | stage=standard | train_total=0.347249 | train_forecast=0.347249 | train_confidence=0.000000 | train_risk=0.000000 | train_blend=0.000000 | val_total=0.328784 | val_mae=2.977615 | val_rmse=6.121062 | val_mape=8.500619 | val_confidence=0.000000 | val_risk=0.000000 | val_blend=0.000000 | batches=709/94 | seconds=193.49 | lr=[0.001] | cuda_peak_mb=4361.7
[2026-08-26 21:31:57] INFO Val horizons | 15min_mae=2.635705 15min_rmse=5.236650 15min_mape=6.960326 | 30min_mae=3.031710 30min_rmse=6.160404 30min_mape=8.627767 | 60min_mae=3.442998 60min_rmse=7.197036 60min_mape=10.557353
[2026-08-26 21:31:57] INFO Checkpoint updated | epoch=6 | stage=standard | best_val_mae=2.977615 | path=C:\Users\clw\projects\researchRep\STAnchor-BlockMemory\artifacts\convergence\formal_20260826_staeformer_base_only_v1\downstream_best.pt
[2026-08-26 21:35:10] INFO Epoch 007 | stage=standard | train_total=0.345404 | train_forecast=0.345404 | train_confidence=0.000000 | train_risk=0.000000 | train_blend=0.000000 | val_total=0.330583 | val_mae=2.993962 | val_rmse=6.144952 | val_mape=8.974221 | val_confidence=0.000000 | val_risk=0.000000 | val_blend=0.000000 | batches=709/94 | seconds=193.11 | lr=[0.001] | cuda_peak_mb=4361.7
[2026-08-26 21:35:10] INFO Val horizons | 15min_mae=2.660007 15min_rmse=5.233532 15min_mape=7.532847 | 30min_mae=3.029947 30min_rmse=6.213135 30min_mape=9.130411 | 60min_mae=3.462203 60min_rmse=7.217613 60min_mape=10.882451
[2026-08-26 21:38:24] INFO Epoch 008 | stage=standard | train_total=0.343766 | train_forecast=0.343766 | train_confidence=0.000000 | train_risk=0.000000 | train_blend=0.000000 | val_total=0.327919 | val_mae=2.961896 | val_rmse=6.086542 | val_mape=8.107593 | val_confidence=0.000000 | val_risk=0.000000 | val_blend=0.000000 | batches=709/94 | seconds=193.22 | lr=[0.001] | cuda_peak_mb=4361.7
[2026-08-26 21:38:24] INFO Val horizons | 15min_mae=2.611181 15min_rmse=5.204417 15min_mape=6.808571 | 30min_mae=2.988919 30min_rmse=6.121560 30min_mape=8.288441 | 60min_mae=3.467045 60min_rmse=7.167783 60min_mape=9.853466
[2026-08-26 21:38:24] INFO Checkpoint updated | epoch=8 | stage=standard | best_val_mae=2.961896 | path=C:\Users\clw\projects\researchRep\STAnchor-BlockMemory\artifacts\convergence\formal_20260826_staeformer_base_only_v1\downstream_best.pt
[2026-08-26 21:41:37] INFO Epoch 009 | stage=standard | train_total=0.342950 | train_forecast=0.342950 | train_confidence=0.000000 | train_risk=0.000000 | train_blend=0.000000 | val_total=0.326132 | val_mae=2.945280 | val_rmse=6.096183 | val_mape=8.204296 | val_confidence=0.000000 | val_risk=0.000000 | val_blend=0.000000 | batches=709/94 | seconds=193.15 | lr=[0.001] | cuda_peak_mb=4361.7
[2026-08-26 21:41:37] INFO Val horizons | 15min_mae=2.612478 15min_rmse=5.210256 15min_mape=6.992687 | 30min_mae=2.978992 30min_rmse=6.192731 30min_mape=8.276178 | 60min_mae=3.413222 60min_rmse=7.131449 60min_mape=10.060367
[2026-08-26 21:41:37] INFO Checkpoint updated | epoch=9 | stage=standard | best_val_mae=2.945280 | path=C:\Users\clw\projects\researchRep\STAnchor-BlockMemory\artifacts\convergence\formal_20260826_staeformer_base_only_v1\downstream_best.pt
[2026-08-26 21:44:50] INFO Epoch 010 | stage=standard | train_total=0.342119 | train_forecast=0.342119 | train_confidence=0.000000 | train_risk=0.000000 | train_blend=0.000000 | val_total=0.326049 | val_mae=2.945024 | val_rmse=6.140980 | val_mape=8.147834 | val_confidence=0.000000 | val_risk=0.000000 | val_blend=0.000000 | batches=709/94 | seconds=193.29 | lr=[0.001] | cuda_peak_mb=4361.7
[2026-08-26 21:44:50] INFO Val horizons | 15min_mae=2.609989 15min_rmse=5.293918 15min_mape=6.745044 | 30min_mae=2.972181 30min_rmse=6.223280 30min_mape=8.266078 | 60min_mae=3.427118 60min_rmse=7.195738 60min_mape=10.096790
[2026-08-26 21:44:50] INFO Checkpoint updated | epoch=10 | stage=standard | best_val_mae=2.945024 | path=C:\Users\clw\projects\researchRep\STAnchor-BlockMemory\artifacts\convergence\formal_20260826_staeformer_base_only_v1\downstream_best.pt
[2026-08-26 21:48:03] INFO Epoch 011 | stage=standard | train_total=0.340813 | train_forecast=0.340813 | train_confidence=0.000000 | train_risk=0.000000 | train_blend=0.000000 | val_total=0.327299 | val_mae=2.961881 | val_rmse=6.138466 | val_mape=8.919510 | val_confidence=0.000000 | val_risk=0.000000 | val_blend=0.000000 | batches=709/94 | seconds=193.08 | lr=[0.00095] | cuda_peak_mb=4361.7
[2026-08-26 21:48:03] INFO Val horizons | 15min_mae=2.636110 15min_rmse=5.225530 15min_mape=7.357902 | 30min_mae=3.006320 30min_rmse=6.213928 30min_mape=9.087251 | 60min_mae=3.436579 60min_rmse=7.230327 60min_mape=11.147898
[2026-08-26 21:51:16] INFO Epoch 012 | stage=standard | train_total=0.339720 | train_forecast=0.339720 | train_confidence=0.000000 | train_risk=0.000000 | train_blend=0.000000 | val_total=0.323333 | val_mae=2.917958 | val_rmse=6.079089 | val_mape=8.358871 | val_confidence=0.000000 | val_risk=0.000000 | val_blend=0.000000 | batches=709/94 | seconds=193.08 | lr=[0.00095] | cuda_peak_mb=4361.7
[2026-08-26 21:51:16] INFO Val horizons | 15min_mae=2.593031 15min_rmse=5.221742 15min_mape=6.890481 | 30min_mae=2.949498 30min_rmse=6.162499 30min_mape=8.363025 | 60min_mae=3.385588 60min_rmse=7.141397 60min_mape=10.428488
[2026-08-26 21:51:16] INFO Checkpoint updated | epoch=12 | stage=standard | best_val_mae=2.917958 | path=C:\Users\clw\projects\researchRep\STAnchor-BlockMemory\artifacts\convergence\formal_20260826_staeformer_base_only_v1\downstream_best.pt
[2026-08-26 21:54:29] INFO Epoch 013 | stage=standard | train_total=0.338556 | train_forecast=0.338556 | train_confidence=0.000000 | train_risk=0.000000 | train_blend=0.000000 | val_total=0.322245 | val_mae=2.905272 | val_rmse=6.024540 | val_mape=8.379477 | val_confidence=0.000000 | val_risk=0.000000 | val_blend=0.000000 | batches=709/94 | seconds=193.08 | lr=[0.00095] | cuda_peak_mb=4361.7
[2026-08-26 21:54:29] INFO Val horizons | 15min_mae=2.580915 15min_rmse=5.146596 15min_mape=6.857083 | 30min_mae=2.937764 30min_rmse=6.092875 30min_mape=8.398508 | 60min_mae=3.365437 60min_rmse=7.081434 60min_mape=10.561775
[2026-08-26 21:54:29] INFO Checkpoint updated | epoch=13 | stage=standard | best_val_mae=2.905272 | path=C:\Users\clw\projects\researchRep\STAnchor-BlockMemory\artifacts\convergence\formal_20260826_staeformer_base_only_v1\downstream_best.pt
[2026-08-26 21:57:42] INFO Epoch 014 | stage=standard | train_total=0.337770 | train_forecast=0.337770 | train_confidence=0.000000 | train_risk=0.000000 | train_blend=0.000000 | val_total=0.323342 | val_mae=2.918609 | val_rmse=6.058556 | val_mape=8.313203 | val_confidence=0.000000 | val_risk=0.000000 | val_blend=0.000000 | batches=709/94 | seconds=192.97 | lr=[0.00095] | cuda_peak_mb=4361.7
[2026-08-26 21:57:42] INFO Val horizons | 15min_mae=2.597567 15min_rmse=5.159152 15min_mape=7.048208 | 30min_mae=2.970696 30min_rmse=6.146051 30min_mape=8.430458 | 60min_mae=3.364668 60min_rmse=7.120569 60min_mape=10.047136
[2026-08-26 22:00:55] INFO Epoch 015 | stage=standard | train_total=0.336671 | train_forecast=0.336671 | train_confidence=0.000000 | train_risk=0.000000 | train_blend=0.000000 | val_total=0.321349 | val_mae=2.899921 | val_rmse=6.069404 | val_mape=8.189945 | val_confidence=0.000000 | val_risk=0.000000 | val_blend=0.000000 | batches=709/94 | seconds=193.03 | lr=[0.00095] | cuda_peak_mb=4361.7
[2026-08-26 22:00:55] INFO Val horizons | 15min_mae=2.586540 15min_rmse=5.195227 15min_mape=6.784271 | 30min_mae=2.942432 30min_rmse=6.163366 30min_mape=8.290251 | 60min_mae=3.343811 60min_rmse=7.125250 60min_mape=10.166639
[2026-08-26 22:00:55] INFO Checkpoint updated | epoch=15 | stage=standard | best_val_mae=2.899921 | path=C:\Users\clw\projects\researchRep\STAnchor-BlockMemory\artifacts\convergence\formal_20260826_staeformer_base_only_v1\downstream_best.pt
[2026-08-26 22:04:08] INFO Epoch 016 | stage=standard | train_total=0.336248 | train_forecast=0.336248 | train_confidence=0.000000 | train_risk=0.000000 | train_blend=0.000000 | val_total=0.321215 | val_mae=2.891566 | val_rmse=6.016212 | val_mape=8.052859 | val_confidence=0.000000 | val_risk=0.000000 | val_blend=0.000000 | batches=709/94 | seconds=192.95 | lr=[0.00095] | cuda_peak_mb=4361.7
[2026-08-26 22:04:08] INFO Val horizons | 15min_mae=2.572117 15min_rmse=5.168259 15min_mape=6.700001 | 30min_mae=2.926478 30min_rmse=6.097317 30min_mape=8.179957 | 60min_mae=3.342314 60min_rmse=7.042662 60min_mape=9.916295
[2026-08-26 22:04:08] INFO Checkpoint updated | epoch=16 | stage=standard | best_val_mae=2.891566 | path=C:\Users\clw\projects\researchRep\STAnchor-BlockMemory\artifacts\convergence\formal_20260826_staeformer_base_only_v1\downstream_best.pt
[2026-08-26 22:07:21] INFO Epoch 017 | stage=standard | train_total=0.335353 | train_forecast=0.335353 | train_confidence=0.000000 | train_risk=0.000000 | train_blend=0.000000 | val_total=0.321161 | val_mae=2.894259 | val_rmse=6.019792 | val_mape=8.256660 | val_confidence=0.000000 | val_risk=0.000000 | val_blend=0.000000 | batches=709/94 | seconds=193.03 | lr=[0.00095] | cuda_peak_mb=4361.7
[2026-08-26 22:07:21] INFO Val horizons | 15min_mae=2.577786 15min_rmse=5.156915 15min_mape=6.904462 | 30min_mae=2.930147 30min_rmse=6.104525 30min_mape=8.410808 | 60min_mae=3.332423 60min_rmse=7.033391 60min_mape=10.042000
[2026-08-26 22:10:34] INFO Epoch 018 | stage=standard | train_total=0.334974 | train_forecast=0.334974 | train_confidence=0.000000 | train_risk=0.000000 | train_blend=0.000000 | val_total=0.320468 | val_mae=2.889514 | val_rmse=6.010954 | val_mape=8.326897 | val_confidence=0.000000 | val_risk=0.000000 | val_blend=0.000000 | batches=709/94 | seconds=192.97 | lr=[0.00095] | cuda_peak_mb=4361.7
[2026-08-26 22:10:34] INFO Val horizons | 15min_mae=2.568349 15min_rmse=5.122093 15min_mape=6.897799 | 30min_mae=2.925320 30min_rmse=6.087818 30min_mape=8.434518 | 60min_mae=3.329102 60min_rmse=7.044112 60min_mape=10.157936
[2026-08-26 22:10:34] INFO Checkpoint updated | epoch=18 | stage=standard | best_val_mae=2.889514 | path=C:\Users\clw\projects\researchRep\STAnchor-BlockMemory\artifacts\convergence\formal_20260826_staeformer_base_only_v1\downstream_best.pt
[2026-08-26 22:13:47] INFO Epoch 019 | stage=standard | train_total=0.334052 | train_forecast=0.334052 | train_confidence=0.000000 | train_risk=0.000000 | train_blend=0.000000 | val_total=0.321055 | val_mae=2.901231 | val_rmse=6.079133 | val_mape=8.619824 | val_confidence=0.000000 | val_risk=0.000000 | val_blend=0.000000 | batches=709/94 | seconds=193.06 | lr=[0.00095] | cuda_peak_mb=4361.7
[2026-08-26 22:13:47] INFO Val horizons | 15min_mae=2.584620 15min_rmse=5.150141 15min_mape=7.175931 | 30min_mae=2.947950 30min_rmse=6.152758 30min_mape=8.881172 | 60min_mae=3.341624 60min_rmse=7.155846 60min_mape=10.535783
[2026-08-26 22:17:00] INFO Epoch 020 | stage=standard | train_total=0.333518 | train_forecast=0.333518 | train_confidence=0.000000 | train_risk=0.000000 | train_blend=0.000000 | val_total=0.321735 | val_mae=2.895479 | val_rmse=6.107707 | val_mape=8.362195 | val_confidence=0.000000 | val_risk=0.000000 | val_blend=0.000000 | batches=709/94 | seconds=193.05 | lr=[0.00095] | cuda_peak_mb=4361.7
[2026-08-26 22:17:00] INFO Val horizons | 15min_mae=2.574965 15min_rmse=5.194614 15min_mape=6.886840 | 30min_mae=2.933353 30min_rmse=6.160878 30min_mape=8.525417 | 60min_mae=3.338997 60min_rmse=7.183356 60min_mape=10.265427
[2026-08-26 22:20:13] INFO Epoch 021 | stage=standard | train_total=0.333128 | train_forecast=0.333128 | train_confidence=0.000000 | train_risk=0.000000 | train_blend=0.000000 | val_total=0.319829 | val_mae=2.875544 | val_rmse=5.902237 | val_mape=8.056018 | val_confidence=0.000000 | val_risk=0.000000 | val_blend=0.000000 | batches=709/94 | seconds=192.96 | lr=[0.0009025] | cuda_peak_mb=4361.7
[2026-08-26 22:20:13] INFO Val horizons | 15min_mae=2.563290 15min_rmse=5.057298 15min_mape=6.755582 | 30min_mae=2.921116 30min_rmse=5.980254 30min_mape=8.248655 | 60min_mae=3.313069 60min_rmse=6.903358 60min_mape=9.742058
[2026-08-26 22:20:13] INFO Checkpoint updated | epoch=21 | stage=standard | best_val_mae=2.875544 | path=C:\Users\clw\projects\researchRep\STAnchor-BlockMemory\artifacts\convergence\formal_20260826_staeformer_base_only_v1\downstream_best.pt
[2026-08-26 22:23:26] INFO Epoch 022 | stage=standard | train_total=0.332279 | train_forecast=0.332279 | train_confidence=0.000000 | train_risk=0.000000 | train_blend=0.000000 | val_total=0.318674 | val_mae=2.862880 | val_rmse=6.024963 | val_mape=7.993060 | val_confidence=0.000000 | val_risk=0.000000 | val_blend=0.000000 | batches=709/94 | seconds=193.01 | lr=[0.0009025] | cuda_peak_mb=4361.7
[2026-08-26 22:23:26] INFO Val horizons | 15min_mae=2.544069 15min_rmse=5.106123 15min_mape=6.675785 | 30min_mae=2.897241 30min_rmse=6.088271 30min_mape=8.143998 | 60min_mae=3.314334 60min_rmse=7.112991 60min_mape=9.795459
[2026-08-26 22:23:26] INFO Checkpoint updated | epoch=22 | stage=standard | best_val_mae=2.862880 | path=C:\Users\clw\projects\researchRep\STAnchor-BlockMemory\artifacts\convergence\formal_20260826_staeformer_base_only_v1\downstream_best.pt
[2026-08-26 22:26:39] INFO Epoch 023 | stage=standard | train_total=0.332019 | train_forecast=0.332019 | train_confidence=0.000000 | train_risk=0.000000 | train_blend=0.000000 | val_total=0.317849 | val_mae=2.859650 | val_rmse=5.979832 | val_mape=8.252673 | val_confidence=0.000000 | val_risk=0.000000 | val_blend=0.000000 | batches=709/94 | seconds=192.96 | lr=[0.0009025] | cuda_peak_mb=4361.7
[2026-08-26 22:26:39] INFO Val horizons | 15min_mae=2.543574 15min_rmse=5.099001 15min_mape=6.739887 | 30min_mae=2.893930 30min_rmse=6.051665 30min_mape=8.336915 | 60min_mae=3.301647 60min_rmse=7.003363 60min_mape=10.330957
[2026-08-26 22:26:39] INFO Checkpoint updated | epoch=23 | stage=standard | best_val_mae=2.859650 | path=C:\Users\clw\projects\researchRep\STAnchor-BlockMemory\artifacts\convergence\formal_20260826_staeformer_base_only_v1\downstream_best.pt
[2026-08-26 22:29:52] INFO Epoch 024 | stage=standard | train_total=0.331546 | train_forecast=0.331546 | train_confidence=0.000000 | train_risk=0.000000 | train_blend=0.000000 | val_total=0.318665 | val_mae=2.865482 | val_rmse=5.956469 | val_mape=8.017910 | val_confidence=0.000000 | val_risk=0.000000 | val_blend=0.000000 | batches=709/94 | seconds=192.95 | lr=[0.0009025] | cuda_peak_mb=4361.7
[2026-08-26 22:29:52] INFO Val horizons | 15min_mae=2.557359 15min_rmse=5.083439 15min_mape=6.714237 | 30min_mae=2.904242 30min_rmse=6.026290 30min_mape=8.205347 | 60min_mae=3.301402 60min_rmse=6.992873 60min_mape=9.714016
[2026-08-26 22:33:05] INFO Epoch 025 | stage=standard | train_total=0.330924 | train_forecast=0.330924 | train_confidence=0.000000 | train_risk=0.000000 | train_blend=0.000000 | val_total=0.319591 | val_mae=2.869702 | val_rmse=6.000973 | val_mape=8.025127 | val_confidence=0.000000 | val_risk=0.000000 | val_blend=0.000000 | batches=709/94 | seconds=192.88 | lr=[0.0009025] | cuda_peak_mb=4361.7
[2026-08-26 22:33:05] INFO Val horizons | 15min_mae=2.549100 15min_rmse=5.102732 15min_mape=6.734256 | 30min_mae=2.904139 30min_rmse=6.055730 30min_mape=8.223834 | 60min_mae=3.330402 60min_rmse=7.085619 60min_mape=9.720190
[2026-08-26 22:36:18] INFO Epoch 026 | stage=standard | train_total=0.330786 | train_forecast=0.330786 | train_confidence=0.000000 | train_risk=0.000000 | train_blend=0.000000 | val_total=0.317767 | val_mae=2.853798 | val_rmse=5.913782 | val_mape=8.038202 | val_confidence=0.000000 | val_risk=0.000000 | val_blend=0.000000 | batches=709/94 | seconds=192.86 | lr=[0.0009025] | cuda_peak_mb=4361.7
[2026-08-26 22:36:18] INFO Val horizons | 15min_mae=2.546392 15min_rmse=5.049996 15min_mape=6.721349 | 30min_mae=2.891178 30min_rmse=5.998090 30min_mape=8.155570 | 60min_mae=3.280437 60min_rmse=6.933466 60min_mape=9.827267
[2026-08-26 22:36:18] INFO Checkpoint updated | epoch=26 | stage=standard | best_val_mae=2.853798 | path=C:\Users\clw\projects\researchRep\STAnchor-BlockMemory\artifacts\convergence\formal_20260826_staeformer_base_only_v1\downstream_best.pt
[2026-08-26 22:39:31] INFO Epoch 027 | stage=standard | train_total=0.330289 | train_forecast=0.330289 | train_confidence=0.000000 | train_risk=0.000000 | train_blend=0.000000 | val_total=0.318035 | val_mae=2.854091 | val_rmse=5.960771 | val_mape=7.759914 | val_confidence=0.000000 | val_risk=0.000000 | val_blend=0.000000 | batches=709/94 | seconds=193.01 | lr=[0.0009025] | cuda_peak_mb=4361.7
[2026-08-26 22:39:31] INFO Val horizons | 15min_mae=2.535310 15min_rmse=5.069150 15min_mape=6.540549 | 30min_mae=2.885182 30min_rmse=6.039232 30min_mape=7.866669 | 60min_mae=3.305131 60min_rmse=7.016213 60min_mape=9.410889
[2026-08-26 22:42:44] INFO Epoch 028 | stage=standard | train_total=0.330076 | train_forecast=0.330076 | train_confidence=0.000000 | train_risk=0.000000 | train_blend=0.000000 | val_total=0.316227 | val_mae=2.838740 | val_rmse=5.932482 | val_mape=7.933567 | val_confidence=0.000000 | val_risk=0.000000 | val_blend=0.000000 | batches=709/94 | seconds=192.92 | lr=[0.0009025] | cuda_peak_mb=4361.7
[2026-08-26 22:42:44] INFO Val horizons | 15min_mae=2.534955 15min_rmse=5.054671 15min_mape=6.729969 | 30min_mae=2.870771 30min_rmse=6.013099 30min_mape=8.108685 | 60min_mae=3.275119 60min_rmse=6.968011 60min_mape=9.534711
[2026-08-26 22:42:44] INFO Checkpoint updated | epoch=28 | stage=standard | best_val_mae=2.838740 | path=C:\Users\clw\projects\researchRep\STAnchor-BlockMemory\artifacts\convergence\formal_20260826_staeformer_base_only_v1\downstream_best.pt
[2026-08-26 22:45:57] INFO Epoch 029 | stage=standard | train_total=0.329761 | train_forecast=0.329761 | train_confidence=0.000000 | train_risk=0.000000 | train_blend=0.000000 | val_total=0.316760 | val_mae=2.847321 | val_rmse=5.910004 | val_mape=8.040931 | val_confidence=0.000000 | val_risk=0.000000 | val_blend=0.000000 | batches=709/94 | seconds=192.99 | lr=[0.0009025] | cuda_peak_mb=4361.7
[2026-08-26 22:45:57] INFO Val horizons | 15min_mae=2.536540 15min_rmse=5.040564 15min_mape=6.678139 | 30min_mae=2.895790 30min_rmse=5.984269 30min_mape=8.161510 | 60min_mae=3.270123 60min_rmse=6.935068 60min_mape=9.878281
[2026-08-26 22:49:10] INFO Epoch 030 | stage=standard | train_total=0.329346 | train_forecast=0.329346 | train_confidence=0.000000 | train_risk=0.000000 | train_blend=0.000000 | val_total=0.316291 | val_mae=2.839750 | val_rmse=5.887563 | val_mape=7.952888 | val_confidence=0.000000 | val_risk=0.000000 | val_blend=0.000000 | batches=709/94 | seconds=192.93 | lr=[0.0009025] | cuda_peak_mb=4361.7
[2026-08-26 22:49:10] INFO Val horizons | 15min_mae=2.532371 15min_rmse=5.024212 15min_mape=6.735650 | 30min_mae=2.872485 30min_rmse=5.954014 30min_mape=8.109755 | 60min_mae=3.280683 60min_rmse=6.913767 60min_mape=9.656937
[2026-08-26 22:52:23] INFO Epoch 031 | stage=standard | train_total=0.328825 | train_forecast=0.328825 | train_confidence=0.000000 | train_risk=0.000000 | train_blend=0.000000 | val_total=0.314794 | val_mae=2.821976 | val_rmse=5.901820 | val_mape=7.897016 | val_confidence=0.000000 | val_risk=0.000000 | val_blend=0.000000 | batches=709/94 | seconds=193.01 | lr=[0.000857375] | cuda_peak_mb=4361.7
[2026-08-26 22:52:23] INFO Val horizons | 15min_mae=2.529700 15min_rmse=5.043139 15min_mape=6.586299 | 30min_mae=2.857948 30min_rmse=5.982731 30min_mape=7.995900 | 60min_mae=3.231965 60min_rmse=6.900386 60min_mape=9.650479
[2026-08-26 22:52:23] INFO Checkpoint updated | epoch=31 | stage=standard | best_val_mae=2.821976 | path=C:\Users\clw\projects\researchRep\STAnchor-BlockMemory\artifacts\convergence\formal_20260826_staeformer_base_only_v1\downstream_best.pt
[2026-08-26 22:55:36] INFO Epoch 032 | stage=standard | train_total=0.328382 | train_forecast=0.328382 | train_confidence=0.000000 | train_risk=0.000000 | train_blend=0.000000 | val_total=0.315718 | val_mae=2.834867 | val_rmse=5.918483 | val_mape=7.899075 | val_confidence=0.000000 | val_risk=0.000000 | val_blend=0.000000 | batches=709/94 | seconds=193.01 | lr=[0.000857375] | cuda_peak_mb=4361.7
[2026-08-26 22:55:36] INFO Val horizons | 15min_mae=2.520138 15min_rmse=5.026502 15min_mape=6.576785 | 30min_mae=2.863515 30min_rmse=5.966401 30min_mape=8.041523 | 60min_mae=3.287943 60min_rmse=7.004599 60min_mape=9.707343
[2026-08-26 22:58:49] INFO Epoch 033 | stage=standard | train_total=0.328538 | train_forecast=0.328538 | train_confidence=0.000000 | train_risk=0.000000 | train_blend=0.000000 | val_total=0.315455 | val_mae=2.830113 | val_rmse=5.840004 | val_mape=7.792899 | val_confidence=0.000000 | val_risk=0.000000 | val_blend=0.000000 | batches=709/94 | seconds=192.97 | lr=[0.000857375] | cuda_peak_mb=4361.7
[2026-08-26 22:58:49] INFO Val horizons | 15min_mae=2.523344 15min_rmse=5.004737 15min_mape=6.554373 | 30min_mae=2.862273 30min_rmse=5.923458 30min_mape=7.940351 | 60min_mae=3.261223 60min_rmse=6.815842 60min_mape=9.416802
[2026-08-26 23:02:02] INFO Epoch 034 | stage=standard | train_total=0.328092 | train_forecast=0.328092 | train_confidence=0.000000 | train_risk=0.000000 | train_blend=0.000000 | val_total=0.315655 | val_mae=2.833162 | val_rmse=5.815250 | val_mape=7.820345 | val_confidence=0.000000 | val_risk=0.000000 | val_blend=0.000000 | batches=709/94 | seconds=193.00 | lr=[0.000857375] | cuda_peak_mb=4361.7
[2026-08-26 23:02:02] INFO Val horizons | 15min_mae=2.525882 15min_rmse=4.955527 15min_mape=6.636173 | 30min_mae=2.864134 30min_rmse=5.885500 30min_mape=7.942953 | 60min_mae=3.268893 60min_rmse=6.813911 60min_mape=9.418963
[2026-08-26 23:05:15] INFO Epoch 035 | stage=standard | train_total=0.327959 | train_forecast=0.327959 | train_confidence=0.000000 | train_risk=0.000000 | train_blend=0.000000 | val_total=0.316891 | val_mae=2.843609 | val_rmse=5.853394 | val_mape=7.718050 | val_confidence=0.000000 | val_risk=0.000000 | val_blend=0.000000 | batches=709/94 | seconds=192.92 | lr=[0.000857375] | cuda_peak_mb=4361.7
[2026-08-26 23:05:15] INFO Val horizons | 15min_mae=2.544834 15min_rmse=4.993391 15min_mape=6.512723 | 30min_mae=2.883236 30min_rmse=5.910930 30min_mape=7.832907 | 60min_mae=3.261863 60min_rmse=6.884028 60min_mape=9.348805
[2026-08-26 23:08:28] INFO Epoch 036 | stage=standard | train_total=0.327377 | train_forecast=0.327377 | train_confidence=0.000000 | train_risk=0.000000 | train_blend=0.000000 | val_total=0.315809 | val_mae=2.830331 | val_rmse=5.954925 | val_mape=7.840746 | val_confidence=0.000000 | val_risk=0.000000 | val_blend=0.000000 | batches=709/94 | seconds=193.02 | lr=[0.000857375] | cuda_peak_mb=4361.7
[2026-08-26 23:08:28] INFO Val horizons | 15min_mae=2.522903 15min_rmse=5.065096 15min_mape=6.632430 | 30min_mae=2.861337 30min_rmse=6.012407 30min_mape=7.972377 | 60min_mae=3.275738 60min_rmse=7.032273 60min_mape=9.545057
[2026-08-26 23:11:41] INFO Epoch 037 | stage=standard | train_total=0.327636 | train_forecast=0.327636 | train_confidence=0.000000 | train_risk=0.000000 | train_blend=0.000000 | val_total=0.314515 | val_mae=2.820015 | val_rmse=5.813608 | val_mape=7.874693 | val_confidence=0.000000 | val_risk=0.000000 | val_blend=0.000000 | batches=709/94 | seconds=192.90 | lr=[0.000857375] | cuda_peak_mb=4361.7
[2026-08-26 23:11:41] INFO Val horizons | 15min_mae=2.527378 15min_rmse=4.983539 15min_mape=6.672120 | 30min_mae=2.859088 30min_rmse=5.883054 30min_mape=8.060450 | 60min_mae=3.231002 60min_rmse=6.799951 60min_mape=9.471444
[2026-08-26 23:11:41] INFO Checkpoint updated | epoch=37 | stage=standard | best_val_mae=2.820015 | path=C:\Users\clw\projects\researchRep\STAnchor-BlockMemory\artifacts\convergence\formal_20260826_staeformer_base_only_v1\downstream_best.pt
[2026-08-26 23:14:54] INFO Epoch 038 | stage=standard | train_total=0.327258 | train_forecast=0.327258 | train_confidence=0.000000 | train_risk=0.000000 | train_blend=0.000000 | val_total=0.316124 | val_mae=2.840969 | val_rmse=5.843230 | val_mape=8.240843 | val_confidence=0.000000 | val_risk=0.000000 | val_blend=0.000000 | batches=709/94 | seconds=193.00 | lr=[0.000857375] | cuda_peak_mb=4361.7
[2026-08-26 23:14:54] INFO Val horizons | 15min_mae=2.516334 15min_rmse=4.962829 15min_mape=6.710102 | 30min_mae=2.857293 30min_rmse=5.902114 30min_mape=8.244393 | 60min_mae=3.298064 60min_rmse=6.887503 60min_mape=10.329119
[2026-08-26 23:18:07] INFO Epoch 039 | stage=standard | train_total=0.327285 | train_forecast=0.327285 | train_confidence=0.000000 | train_risk=0.000000 | train_blend=0.000000 | val_total=0.314531 | val_mae=2.820736 | val_rmse=5.875422 | val_mape=7.790689 | val_confidence=0.000000 | val_risk=0.000000 | val_blend=0.000000 | batches=709/94 | seconds=193.01 | lr=[0.000857375] | cuda_peak_mb=4361.7
[2026-08-26 23:18:07] INFO Val horizons | 15min_mae=2.509506 15min_rmse=4.997809 15min_mape=6.539582 | 30min_mae=2.850492 30min_rmse=5.947397 30min_mape=7.858692 | 60min_mae=3.263841 60min_rmse=6.917458 60min_mape=9.563263
[2026-08-26 23:21:20] INFO Epoch 040 | stage=standard | train_total=0.326902 | train_forecast=0.326902 | train_confidence=0.000000 | train_risk=0.000000 | train_blend=0.000000 | val_total=0.314675 | val_mae=2.822613 | val_rmse=5.899729 | val_mape=7.937937 | val_confidence=0.000000 | val_risk=0.000000 | val_blend=0.000000 | batches=709/94 | seconds=192.71 | lr=[0.000857375] | cuda_peak_mb=4361.7
[2026-08-26 23:21:20] INFO Val horizons | 15min_mae=2.514476 15min_rmse=5.013239 15min_mape=6.555188 | 30min_mae=2.849122 30min_rmse=5.954249 30min_mape=7.996170 | 60min_mae=3.258470 60min_rmse=6.951763 60min_mape=9.871921
[2026-08-26 23:24:32] INFO Epoch 041 | stage=standard | train_total=0.326559 | train_forecast=0.326559 | train_confidence=0.000000 | train_risk=0.000000 | train_blend=0.000000 | val_total=0.314557 | val_mae=2.823886 | val_rmse=5.890975 | val_mape=7.976480 | val_confidence=0.000000 | val_risk=0.000000 | val_blend=0.000000 | batches=709/94 | seconds=192.78 | lr=[0.0008145062499999999] | cuda_peak_mb=4361.7
[2026-08-26 23:24:32] INFO Val horizons | 15min_mae=2.509644 15min_rmse=4.988784 15min_mape=6.657109 | 30min_mae=2.851494 30min_rmse=5.964505 30min_mape=8.092497 | 60min_mae=3.275377 60min_rmse=6.957926 60min_mape=9.767091
[2026-08-26 23:27:45] INFO Epoch 042 | stage=standard | train_total=0.326386 | train_forecast=0.326386 | train_confidence=0.000000 | train_risk=0.000000 | train_blend=0.000000 | val_total=0.313921 | val_mae=2.814640 | val_rmse=5.866107 | val_mape=7.888824 | val_confidence=0.000000 | val_risk=0.000000 | val_blend=0.000000 | batches=709/94 | seconds=192.93 | lr=[0.0008145062499999999] | cuda_peak_mb=4361.7
[2026-08-26 23:27:45] INFO Val horizons | 15min_mae=2.511118 15min_rmse=4.992999 15min_mape=6.607925 | 30min_mae=2.845373 30min_rmse=5.938599 30min_mape=7.986867 | 60min_mae=3.249075 60min_rmse=6.909801 60min_mape=9.637034
[2026-08-26 23:27:45] INFO Checkpoint updated | epoch=42 | stage=standard | best_val_mae=2.814640 | path=C:\Users\clw\projects\researchRep\STAnchor-BlockMemory\artifacts\convergence\formal_20260826_staeformer_base_only_v1\downstream_best.pt
[2026-08-26 23:30:58] INFO Epoch 043 | stage=standard | train_total=0.326316 | train_forecast=0.326316 | train_confidence=0.000000 | train_risk=0.000000 | train_blend=0.000000 | val_total=0.314236 | val_mae=2.818745 | val_rmse=5.778315 | val_mape=7.725206 | val_confidence=0.000000 | val_risk=0.000000 | val_blend=0.000000 | batches=709/94 | seconds=193.03 | lr=[0.0008145062499999999] | cuda_peak_mb=4361.7
[2026-08-26 23:30:58] INFO Val horizons | 15min_mae=2.527061 15min_rmse=4.931425 15min_mape=6.520057 | 30min_mae=2.854097 30min_rmse=5.842536 30min_mape=7.825754 | 60min_mae=3.230335 60min_rmse=6.796343 60min_mape=9.395681
[2026-08-26 23:34:11] INFO Epoch 044 | stage=standard | train_total=0.326133 | train_forecast=0.326133 | train_confidence=0.000000 | train_risk=0.000000 | train_blend=0.000000 | val_total=0.316073 | val_mae=2.838039 | val_rmse=5.894571 | val_mape=7.792470 | val_confidence=0.000000 | val_risk=0.000000 | val_blend=0.000000 | batches=709/94 | seconds=192.96 | lr=[0.0008145062499999999] | cuda_peak_mb=4361.7
[2026-08-26 23:34:11] INFO Val horizons | 15min_mae=2.531748 15min_rmse=5.032818 15min_mape=6.522998 | 30min_mae=2.864879 30min_rmse=5.942278 30min_mape=7.896257 | 60min_mae=3.287338 60min_rmse=6.959014 60min_mape=9.562433
[2026-08-26 23:37:24] INFO Epoch 045 | stage=standard | train_total=0.326128 | train_forecast=0.326128 | train_confidence=0.000000 | train_risk=0.000000 | train_blend=0.000000 | val_total=0.315583 | val_mae=2.834959 | val_rmse=5.858719 | val_mape=7.924869 | val_confidence=0.000000 | val_risk=0.000000 | val_blend=0.000000 | batches=709/94 | seconds=193.02 | lr=[0.0008145062499999999] | cuda_peak_mb=4361.7
[2026-08-26 23:37:24] INFO Val horizons | 15min_mae=2.537471 15min_rmse=4.993403 15min_mape=6.642912 | 30min_mae=2.868461 30min_rmse=5.930535 30min_mape=8.040359 | 60min_mae=3.260236 60min_rmse=6.872542 60min_mape=9.695716
[2026-08-26 23:40:37] INFO Epoch 046 | stage=standard | train_total=0.326086 | train_forecast=0.326086 | train_confidence=0.000000 | train_risk=0.000000 | train_blend=0.000000 | val_total=0.314817 | val_mae=2.825050 | val_rmse=5.866016 | val_mape=7.809810 | val_confidence=0.000000 | val_risk=0.000000 | val_blend=0.000000 | batches=709/94 | seconds=193.01 | lr=[0.0008145062499999999] | cuda_peak_mb=4361.7
[2026-08-26 23:40:37] INFO Val horizons | 15min_mae=2.505933 15min_rmse=4.981892 15min_mape=6.469059 | 30min_mae=2.848020 30min_rmse=5.920195 30min_mape=7.865286 | 60min_mae=3.284961 60min_rmse=6.924811 60min_mape=9.695872
[2026-08-26 23:43:50] INFO Epoch 047 | stage=standard | train_total=0.325727 | train_forecast=0.325727 | train_confidence=0.000000 | train_risk=0.000000 | train_blend=0.000000 | val_total=0.315022 | val_mae=2.826516 | val_rmse=5.838746 | val_mape=7.997766 | val_confidence=0.000000 | val_risk=0.000000 | val_blend=0.000000 | batches=709/94 | seconds=192.91 | lr=[0.0008145062499999999] | cuda_peak_mb=4361.7
[2026-08-26 23:43:50] INFO Val horizons | 15min_mae=2.528850 15min_rmse=4.975660 15min_mape=6.718780 | 30min_mae=2.859992 30min_rmse=5.898793 30min_mape=8.146957 | 60min_mae=3.260602 60min_rmse=6.885912 60min_mape=9.751642
[2026-08-26 23:47:03] INFO Epoch 048 | stage=standard | train_total=0.325464 | train_forecast=0.325464 | train_confidence=0.000000 | train_risk=0.000000 | train_blend=0.000000 | val_total=0.312823 | val_mae=2.799559 | val_rmse=5.829355 | val_mape=7.978452 | val_confidence=0.000000 | val_risk=0.000000 | val_blend=0.000000 | batches=709/94 | seconds=192.98 | lr=[0.0008145062499999999] | cuda_peak_mb=4361.7
[2026-08-26 23:47:03] INFO Val horizons | 15min_mae=2.503885 15min_rmse=4.967524 15min_mape=6.716732 | 30min_mae=2.832188 30min_rmse=5.907502 30min_mape=8.125699 | 60min_mae=3.215919 60min_rmse=6.838543 60min_mape=9.664913
[2026-08-26 23:47:03] INFO Checkpoint updated | epoch=48 | stage=standard | best_val_mae=2.799559 | path=C:\Users\clw\projects\researchRep\STAnchor-BlockMemory\artifacts\convergence\formal_20260826_staeformer_base_only_v1\downstream_best.pt
[2026-08-26 23:50:16] INFO Epoch 049 | stage=standard | train_total=0.325632 | train_forecast=0.325632 | train_confidence=0.000000 | train_risk=0.000000 | train_blend=0.000000 | val_total=0.313428 | val_mae=2.809356 | val_rmse=5.870446 | val_mape=7.626812 | val_confidence=0.000000 | val_risk=0.000000 | val_blend=0.000000 | batches=709/94 | seconds=192.95 | lr=[0.0008145062499999999] | cuda_peak_mb=4361.7
[2026-08-26 23:50:16] INFO Val horizons | 15min_mae=2.503827 15min_rmse=4.983598 15min_mape=6.414332 | 30min_mae=2.842380 30min_rmse=5.948464 30min_mape=7.698460 | 60min_mae=3.247426 60min_rmse=6.922303 60min_mape=9.329591
[2026-08-26 23:53:30] INFO Epoch 050 | stage=standard | train_total=0.325435 | train_forecast=0.325435 | train_confidence=0.000000 | train_risk=0.000000 | train_blend=0.000000 | val_total=0.317075 | val_mae=2.847488 | val_rmse=5.947470 | val_mape=8.207323 | val_confidence=0.000000 | val_risk=0.000000 | val_blend=0.000000 | batches=709/94 | seconds=193.55 | lr=[0.0008145062499999999] | cuda_peak_mb=4361.7
[2026-08-26 23:53:30] INFO Val horizons | 15min_mae=2.540086 15min_rmse=5.039790 15min_mape=6.846874 | 30min_mae=2.875595 30min_rmse=6.007665 30min_mape=8.352307 | 60min_mae=3.293439 60min_rmse=7.023950 60min_mape=10.054838
[2026-08-26 23:53:30] INFO Downstream training finished | best_val_mae=2.799559 | checkpoint=C:\Users\clw\projects\researchRep\STAnchor-BlockMemory\artifacts\convergence\formal_20260826_staeformer_base_only_v1\downstream_best.pt
