[2026-09-17 20:31:03] INFO Downstream start | run=paper_final_joint_context_offset_only_seed42/thesis_only/simple_fusion_retrieval_comparison/metrla/stgcn/raw_l1 | device=cuda:0 (requested=cuda:0) | seed=42 | output=D:\projects\researchProjects\TrafficRobustST\STAnchor-BlockMemory\artifacts\paper_final_joint_context_offset_only_seed42\thesis_only\simple_fusion_retrieval_comparison\metrla\stgcn\raw_l1
[2026-09-17 20:31:03] INFO Mode | downstream_mode=learned_topk_offset_only_horizon | training_protocol=posthoc_frozen_base | candidate_protocol=weekday_radius1_overlap | candidate_ranking=raw_l1 | candidate_payload=offset_only
[2026-09-17 20:31:03] INFO Downstream initialization | seed=42 | state_hash=28047f64315107ce
[2026-09-17 20:31:03] INFO Frozen base | checkpoint=D:\projects\researchProjects\TrafficRobustST\STAnchor-BlockMemory\artifacts\convergence\downstream_tgge_v3_matched_fulltrain_queue\downstream_tgge_v3_stgcn_base_only_fulltrain_seed42\downstream_best.pt | fingerprint=aed70b50b981ce0f
[2026-09-17 20:31:03] INFO Data | steps=34272 | nodes=207 | channels=1 | training_scope=full_train | memory/post_memory/train_selected/val/test=15876/6805/22681/2993/6025
[2026-09-17 20:31:03] INFO Frozen path cache | enabled=True | storage=disk_mmap | train_samples=22681 | val_samples=2993 | allocated_mib=1520.5
[2026-09-17 20:31:03] INFO Bank/retrieval | dataset=metrla_joint_context_offset_only_seed42_epoch34 | events=15876 | nodes=207 | retrieval_dim=64 | event_top_r=32 | node_top_k=12 | key_dtype=float16
[2026-09-17 20:31:03] INFO Frozen path cache | enabled=yes | candidate_ranking=raw_l1 | fill=first_epoch
[2026-09-17 20:31:03] INFO Parameters | downstream_total=231,513 | downstream_trainable=12 | backbone=0 | confidence_head=0 | fusion=12 | frozen_pretrained=958,704
[2026-09-17 20:31:03] INFO Optimization | epochs=10 | batch_size=32 | optimizer=adam | lr=0.0005 | weight_decay=0.0001 | scheduler=step_lr | step_size=10 | gamma=0.500 | confidence_weight=0.000 | patience=20 | early_stopping=disabled
[2026-09-17 20:31:04] INFO Stage start | stage=posthoc_calibrator | epochs=10 | optimizer_lrs=[0.0005]
[2026-09-17 20:34:47] INFO Released raw-L1 context window cache | windows=2048 | frozen_train=22681 | frozen_val=2993
[2026-09-17 20:34:47] INFO Epoch 001 | stage=posthoc_calibrator | train_total=3.015039 | train_forecast=3.015039 | train_confidence=0.000000 | train_risk=0.000000 | train_blend=0.000000 | val_total=2.890107 | val_mae=2.887024 | val_rmse=5.947810 | val_mape=8.107429 | val_confidence=0.000000 | val_risk=0.000000 | val_blend=0.000000 | batches=709/94 | seconds=222.94 | lr=[0.0005] | cuda_peak_mb=306.4
[2026-09-17 20:34:47] INFO Val horizons | 15min_mae=2.584620 15min_rmse=5.073746 15min_mape=6.821800 | 30min_mae=2.907290 30min_rmse=5.986487 30min_mape=8.186013 | 60min_mae=3.325673 60min_rmse=7.011730 60min_mape=9.873224
[2026-09-17 20:34:47] INFO Checkpoint updated | epoch=1 | stage=posthoc_calibrator | best_val_mae=2.887024 | path=D:\projects\researchProjects\TrafficRobustST\STAnchor-BlockMemory\artifacts\paper_final_joint_context_offset_only_seed42\thesis_only\simple_fusion_retrieval_comparison\metrla\stgcn\raw_l1\downstream_best.pt
[2026-09-17 20:35:51] INFO Epoch 002 | stage=posthoc_calibrator | train_total=3.012302 | train_forecast=3.012302 | train_confidence=0.000000 | train_risk=0.000000 | train_blend=0.000000 | val_total=2.889571 | val_mae=2.886474 | val_rmse=5.954355 | val_mape=8.113097 | val_confidence=0.000000 | val_risk=0.000000 | val_blend=0.000000 | batches=709/94 | seconds=64.18 | lr=[0.0005] | cuda_peak_mb=97.7
[2026-09-17 20:35:51] INFO Val horizons | 15min_mae=2.584805 15min_rmse=5.075995 15min_mape=6.826619 | 30min_mae=2.906897 30min_rmse=5.993125 30min_mape=8.195138 | 60min_mae=3.325036 60min_rmse=7.023601 60min_mape=9.882462
[2026-09-17 20:35:51] INFO Checkpoint updated | epoch=2 | stage=posthoc_calibrator | best_val_mae=2.886474 | path=D:\projects\researchProjects\TrafficRobustST\STAnchor-BlockMemory\artifacts\paper_final_joint_context_offset_only_seed42\thesis_only\simple_fusion_retrieval_comparison\metrla\stgcn\raw_l1\downstream_best.pt
[2026-09-17 20:36:55] INFO Epoch 003 | stage=posthoc_calibrator | train_total=3.011107 | train_forecast=3.011107 | train_confidence=0.000000 | train_risk=0.000000 | train_blend=0.000000 | val_total=2.889520 | val_mae=2.886418 | val_rmse=5.958392 | val_mape=8.116837 | val_confidence=0.000000 | val_risk=0.000000 | val_blend=0.000000 | batches=709/94 | seconds=63.53 | lr=[0.0005] | cuda_peak_mb=97.7
[2026-09-17 20:36:55] INFO Val horizons | 15min_mae=2.584894 15min_rmse=5.076811 15min_mape=6.828366 | 30min_mae=2.906927 30min_rmse=5.997170 30min_mape=8.200872 | 60min_mae=3.325036 60min_rmse=7.030791 60min_mape=9.888560
[2026-09-17 20:36:55] INFO Checkpoint updated | epoch=3 | stage=posthoc_calibrator | best_val_mae=2.886418 | path=D:\projects\researchProjects\TrafficRobustST\STAnchor-BlockMemory\artifacts\paper_final_joint_context_offset_only_seed42\thesis_only\simple_fusion_retrieval_comparison\metrla\stgcn\raw_l1\downstream_best.pt
[2026-09-17 20:37:59] INFO Epoch 004 | stage=posthoc_calibrator | train_total=3.010826 | train_forecast=3.010826 | train_confidence=0.000000 | train_risk=0.000000 | train_blend=0.000000 | val_total=2.889590 | val_mae=2.886486 | val_rmse=5.960966 | val_mape=8.119418 | val_confidence=0.000000 | val_risk=0.000000 | val_blend=0.000000 | batches=709/94 | seconds=63.77 | lr=[0.0005] | cuda_peak_mb=97.7
[2026-09-17 20:37:59] INFO Val horizons | 15min_mae=2.584935 15min_rmse=5.077154 15min_mape=6.829101 | 30min_mae=2.907032 30min_rmse=5.999614 30min_mape=8.204394 | 60min_mae=3.325159 60min_rmse=7.035077 60min_mape=9.892351
[2026-09-17 20:39:04] INFO Epoch 005 | stage=posthoc_calibrator | train_total=3.010641 | train_forecast=3.010641 | train_confidence=0.000000 | train_risk=0.000000 | train_blend=0.000000 | val_total=2.889649 | val_mae=2.886543 | val_rmse=5.962291 | val_mape=8.120749 | val_confidence=0.000000 | val_risk=0.000000 | val_blend=0.000000 | batches=709/94 | seconds=65.01 | lr=[0.0005] | cuda_peak_mb=97.7
[2026-09-17 20:39:04] INFO Val horizons | 15min_mae=2.584941 15min_rmse=5.077204 15min_mape=6.829209 | 30min_mae=2.907117 30min_rmse=6.000977 30min_mape=8.206381 | 60min_mae=3.325247 60min_rmse=7.037077 60min_mape=9.894161
[2026-09-17 20:40:08] INFO Epoch 006 | stage=posthoc_calibrator | train_total=3.010470 | train_forecast=3.010470 | train_confidence=0.000000 | train_risk=0.000000 | train_blend=0.000000 | val_total=2.889694 | val_mae=2.886588 | val_rmse=5.963053 | val_mape=8.121596 | val_confidence=0.000000 | val_risk=0.000000 | val_blend=0.000000 | batches=709/94 | seconds=64.73 | lr=[0.0005] | cuda_peak_mb=97.7
[2026-09-17 20:40:08] INFO Val horizons | 15min_mae=2.584959 15min_rmse=5.077344 15min_mape=6.829509 | 30min_mae=2.907158 30min_rmse=6.001543 30min_mape=8.207211 | 60min_mae=3.325303 60min_rmse=7.038155 60min_mape=9.895149
[2026-09-17 20:41:14] INFO Epoch 007 | stage=posthoc_calibrator | train_total=3.010211 | train_forecast=3.010211 | train_confidence=0.000000 | train_risk=0.000000 | train_blend=0.000000 | val_total=2.889715 | val_mae=2.886609 | val_rmse=5.963397 | val_mape=8.121956 | val_confidence=0.000000 | val_risk=0.000000 | val_blend=0.000000 | batches=709/94 | seconds=65.98 | lr=[0.0005] | cuda_peak_mb=97.7
[2026-09-17 20:41:14] INFO Val horizons | 15min_mae=2.584952 15min_rmse=5.077290 15min_mape=6.829394 | 30min_mae=2.907183 30min_rmse=6.001873 30min_mape=8.207695 | 60min_mae=3.325334 60min_rmse=7.038713 60min_mape=9.895664
[2026-09-17 20:42:19] INFO Epoch 008 | stage=posthoc_calibrator | train_total=3.010115 | train_forecast=3.010115 | train_confidence=0.000000 | train_risk=0.000000 | train_blend=0.000000 | val_total=2.889727 | val_mae=2.886622 | val_rmse=5.963569 | val_mape=8.122172 | val_confidence=0.000000 | val_risk=0.000000 | val_blend=0.000000 | batches=709/94 | seconds=64.33 | lr=[0.0005] | cuda_peak_mb=97.7
[2026-09-17 20:42:19] INFO Val horizons | 15min_mae=2.584968 15min_rmse=5.077414 15min_mape=6.829660 | 30min_mae=2.907198 30min_rmse=6.002065 30min_mape=8.207977 | 60min_mae=3.325339 60min_rmse=7.038797 60min_mape=9.895743
[2026-09-17 20:43:23] INFO Epoch 009 | stage=posthoc_calibrator | train_total=3.010229 | train_forecast=3.010229 | train_confidence=0.000000 | train_risk=0.000000 | train_blend=0.000000 | val_total=2.889735 | val_mae=2.886629 | val_rmse=5.963690 | val_mape=8.122294 | val_confidence=0.000000 | val_risk=0.000000 | val_blend=0.000000 | batches=709/94 | seconds=64.27 | lr=[0.0005] | cuda_peak_mb=97.7
[2026-09-17 20:43:23] INFO Val horizons | 15min_mae=2.584965 15min_rmse=5.077390 15min_mape=6.829609 | 30min_mae=2.907211 30min_rmse=6.002216 30min_mape=8.208199 | 60min_mae=3.325353 60min_rmse=7.039033 60min_mape=9.895962
[2026-09-17 20:44:29] INFO Epoch 010 | stage=posthoc_calibrator | train_total=3.010238 | train_forecast=3.010238 | train_confidence=0.000000 | train_risk=0.000000 | train_blend=0.000000 | val_total=2.889733 | val_mae=2.886627 | val_rmse=5.963673 | val_mape=8.122261 | val_confidence=0.000000 | val_risk=0.000000 | val_blend=0.000000 | batches=709/94 | seconds=65.82 | lr=[0.0005] | cuda_peak_mb=97.7
[2026-09-17 20:44:29] INFO Val horizons | 15min_mae=2.584958 15min_rmse=5.077335 15min_mape=6.829489 | 30min_mae=2.907207 30min_rmse=6.002170 30min_mape=8.208131 | 60min_mae=3.325347 60min_rmse=7.038920 60min_mape=9.895857
[2026-09-17 20:44:29] INFO Downstream training finished | best_val_mae=2.886418 | checkpoint=D:\projects\researchProjects\TrafficRobustST\STAnchor-BlockMemory\artifacts\paper_final_joint_context_offset_only_seed42\thesis_only\simple_fusion_retrieval_comparison\metrla\stgcn\raw_l1\downstream_best.pt
