[2026-09-06 18:13:09] INFO Downstream start | run=cross_dataset_stage1/pemsbay_baseonly_stgcn_seed42 | device=cuda:0 (requested=cuda:0) | seed=42 | output=C:\Users\clw\projects\researchRep\STAnchor-BlockMemory\artifacts\cross_dataset_stage1\pemsbay_baseonly_stgcn_seed42
[2026-09-06 18:13:09] INFO Mode | downstream_mode=base_only | training_protocol=staged_joint | candidate_protocol=weekday_radius1_overlap
[2026-09-06 18:13:09] INFO Downstream initialization | seed=42 | state_hash=4f2b6a7184f4516f
[2026-09-06 18:13:09] INFO Data | steps=52116 | nodes=325 | channels=1 | training_scope=full_train | memory/post_memory/train_selected/val/test=25327/10855/36182/4912/10125
[2026-09-06 18:13:09] INFO Bank/retrieval | disabled (base_only)
[2026-09-06 18:13:09] INFO Parameters | downstream_total=291,929 | downstream_trainable=291,660 | backbone=291,660 | confidence_head=0 | fusion=0 | frozen_pretrained=0
[2026-09-06 18:13:09] INFO Optimization | epochs=50 | batch_size=32 | optimizer=adam | lr=0.001 | weight_decay=0.0001 | scheduler=step_lr | step_size=10 | gamma=0.950 | confidence_weight=0.000 | patience=10 | early_stopping=disabled
[2026-09-06 18:13:10] INFO Stage start | stage=standard | epochs=50 | optimizer_lrs=[0.001]
[2026-09-06 18:14:06] INFO Epoch 001 | stage=standard | train_total=2.039272 | train_forecast=2.039272 | train_confidence=0.000000 | train_risk=0.000000 | train_blend=0.000000 | val_total=2.052843 | val_mae=2.047476 | val_rmse=4.632519 | val_mape=4.831779 | val_confidence=0.000000 | val_risk=0.000000 | val_blend=0.000000 | batches=1131/154 | seconds=56.19 | lr=[0.001] | cuda_peak_mb=374.0
[2026-09-06 18:14:06] INFO Val horizons | 15min_mae=1.578587 15min_rmse=3.246367 15min_mape=3.435632 | 30min_mae=2.080709 30min_rmse=4.574280 30min_mape=4.829968 | 60min_mae=2.701349 60min_rmse=6.096221 60min_mape=6.791937
[2026-09-06 18:14:06] INFO Checkpoint updated | epoch=1 | stage=standard | best_val_mae=2.047476 | path=C:\Users\clw\projects\researchRep\STAnchor-BlockMemory\artifacts\cross_dataset_stage1\pemsbay_baseonly_stgcn_seed42\downstream_best.pt
[2026-09-06 18:15:02] INFO Epoch 002 | stage=standard | train_total=1.803377 | train_forecast=1.803377 | train_confidence=0.000000 | train_risk=0.000000 | train_blend=0.000000 | val_total=1.904796 | val_mae=1.899565 | val_rmse=4.243670 | val_mape=4.475167 | val_confidence=0.000000 | val_risk=0.000000 | val_blend=0.000000 | batches=1131/154 | seconds=55.87 | lr=[0.001] | cuda_peak_mb=374.0
[2026-09-06 18:15:02] INFO Val horizons | 15min_mae=1.518271 15min_rmse=3.104204 15min_mape=3.298743 | 30min_mae=1.943303 30min_rmse=4.251361 30min_mape=4.526455 | 60min_mae=2.414876 60min_rmse=5.420032 60min_mape=6.049513
[2026-09-06 18:15:02] INFO Checkpoint updated | epoch=2 | stage=standard | best_val_mae=1.899565 | path=C:\Users\clw\projects\researchRep\STAnchor-BlockMemory\artifacts\cross_dataset_stage1\pemsbay_baseonly_stgcn_seed42\downstream_best.pt
[2026-09-06 18:15:58] INFO Epoch 003 | stage=standard | train_total=1.725487 | train_forecast=1.725487 | train_confidence=0.000000 | train_risk=0.000000 | train_blend=0.000000 | val_total=1.856797 | val_mae=1.851671 | val_rmse=4.166459 | val_mape=4.367750 | val_confidence=0.000000 | val_risk=0.000000 | val_blend=0.000000 | batches=1131/154 | seconds=55.92 | lr=[0.001] | cuda_peak_mb=374.0
[2026-09-06 18:15:58] INFO Val horizons | 15min_mae=1.524920 15min_rmse=3.123279 15min_mape=3.348024 | 30min_mae=1.891063 30min_rmse=4.187811 30min_mape=4.409363 | 60min_mae=2.304225 60min_rmse=5.250747 60min_mape=5.750631
[2026-09-06 18:15:58] INFO Checkpoint updated | epoch=3 | stage=standard | best_val_mae=1.851671 | path=C:\Users\clw\projects\researchRep\STAnchor-BlockMemory\artifacts\cross_dataset_stage1\pemsbay_baseonly_stgcn_seed42\downstream_best.pt
[2026-09-06 18:16:54] INFO Epoch 004 | stage=standard | train_total=1.687514 | train_forecast=1.687514 | train_confidence=0.000000 | train_risk=0.000000 | train_blend=0.000000 | val_total=1.789876 | val_mae=1.784917 | val_rmse=4.031866 | val_mape=4.131807 | val_confidence=0.000000 | val_risk=0.000000 | val_blend=0.000000 | batches=1131/154 | seconds=55.86 | lr=[0.001] | cuda_peak_mb=374.0
[2026-09-06 18:16:54] INFO Val horizons | 15min_mae=1.462995 15min_rmse=3.028481 15min_mape=3.123146 | 30min_mae=1.836018 30min_rmse=4.074400 30min_mape=4.202457 | 60min_mae=2.224449 60min_rmse=5.076096 60min_mape=5.484568
[2026-09-06 18:16:54] INFO Checkpoint updated | epoch=4 | stage=standard | best_val_mae=1.784917 | path=C:\Users\clw\projects\researchRep\STAnchor-BlockMemory\artifacts\cross_dataset_stage1\pemsbay_baseonly_stgcn_seed42\downstream_best.pt
[2026-09-06 18:17:50] INFO Epoch 005 | stage=standard | train_total=1.661827 | train_forecast=1.661827 | train_confidence=0.000000 | train_risk=0.000000 | train_blend=0.000000 | val_total=1.820136 | val_mae=1.814648 | val_rmse=4.099119 | val_mape=4.098201 | val_confidence=0.000000 | val_risk=0.000000 | val_blend=0.000000 | batches=1131/154 | seconds=55.84 | lr=[0.001] | cuda_peak_mb=374.0
[2026-09-06 18:17:50] INFO Val horizons | 15min_mae=1.465459 15min_rmse=3.046099 15min_mape=3.140508 | 30min_mae=1.857179 30min_rmse=4.132703 30min_mape=4.182099 | 60min_mae=2.303228 60min_rmse=5.200913 60min_mape=5.394636
[2026-09-06 18:18:46] INFO Epoch 006 | stage=standard | train_total=1.643710 | train_forecast=1.643710 | train_confidence=0.000000 | train_risk=0.000000 | train_blend=0.000000 | val_total=1.813049 | val_mae=1.807855 | val_rmse=4.029759 | val_mape=4.043788 | val_confidence=0.000000 | val_risk=0.000000 | val_blend=0.000000 | batches=1131/154 | seconds=55.88 | lr=[0.001] | cuda_peak_mb=374.0
[2026-09-06 18:18:46] INFO Val horizons | 15min_mae=1.457286 15min_rmse=3.005719 15min_mape=3.099520 | 30min_mae=1.853466 30min_rmse=4.063385 30min_mape=4.147614 | 60min_mae=2.290803 60min_rmse=5.106832 60min_mape=5.301903
[2026-09-06 18:19:41] INFO Epoch 007 | stage=standard | train_total=1.632271 | train_forecast=1.632271 | train_confidence=0.000000 | train_risk=0.000000 | train_blend=0.000000 | val_total=1.785126 | val_mae=1.779753 | val_rmse=3.945304 | val_mape=4.111214 | val_confidence=0.000000 | val_risk=0.000000 | val_blend=0.000000 | batches=1131/154 | seconds=55.76 | lr=[0.001] | cuda_peak_mb=374.0
[2026-09-06 18:19:41] INFO Val horizons | 15min_mae=1.502283 15min_rmse=3.052040 15min_mape=3.287177 | 30min_mae=1.825248 30min_rmse=4.004664 30min_mape=4.198328 | 60min_mae=2.157696 60min_rmse=4.868430 60min_mape=5.181017
[2026-09-06 18:19:41] INFO Checkpoint updated | epoch=7 | stage=standard | best_val_mae=1.779753 | path=C:\Users\clw\projects\researchRep\STAnchor-BlockMemory\artifacts\cross_dataset_stage1\pemsbay_baseonly_stgcn_seed42\downstream_best.pt
[2026-09-06 18:20:37] INFO Epoch 008 | stage=standard | train_total=1.620163 | train_forecast=1.620163 | train_confidence=0.000000 | train_risk=0.000000 | train_blend=0.000000 | val_total=1.783451 | val_mae=1.778031 | val_rmse=3.999608 | val_mape=4.044872 | val_confidence=0.000000 | val_risk=0.000000 | val_blend=0.000000 | batches=1131/154 | seconds=55.84 | lr=[0.001] | cuda_peak_mb=374.0
[2026-09-06 18:20:37] INFO Val horizons | 15min_mae=1.466466 15min_rmse=3.064852 15min_mape=3.155024 | 30min_mae=1.831564 30min_rmse=4.066842 30min_mape=4.158129 | 60min_mae=2.207413 60min_rmse=4.989346 60min_mape=5.218062
[2026-09-06 18:20:37] INFO Checkpoint updated | epoch=8 | stage=standard | best_val_mae=1.778031 | path=C:\Users\clw\projects\researchRep\STAnchor-BlockMemory\artifacts\cross_dataset_stage1\pemsbay_baseonly_stgcn_seed42\downstream_best.pt
[2026-09-06 18:21:33] INFO Epoch 009 | stage=standard | train_total=1.610246 | train_forecast=1.610246 | train_confidence=0.000000 | train_risk=0.000000 | train_blend=0.000000 | val_total=1.767962 | val_mae=1.762865 | val_rmse=4.000830 | val_mape=4.012867 | val_confidence=0.000000 | val_risk=0.000000 | val_blend=0.000000 | batches=1131/154 | seconds=55.81 | lr=[0.001] | cuda_peak_mb=374.0
[2026-09-06 18:21:33] INFO Val horizons | 15min_mae=1.434313 15min_rmse=2.987348 15min_mape=3.079388 | 30min_mae=1.811003 30min_rmse=4.052164 30min_mape=4.123404 | 60min_mae=2.222488 60min_rmse=5.054741 60min_mape=5.265692
[2026-09-06 18:21:33] INFO Checkpoint updated | epoch=9 | stage=standard | best_val_mae=1.762865 | path=C:\Users\clw\projects\researchRep\STAnchor-BlockMemory\artifacts\cross_dataset_stage1\pemsbay_baseonly_stgcn_seed42\downstream_best.pt
[2026-09-06 18:22:29] INFO Epoch 010 | stage=standard | train_total=1.603994 | train_forecast=1.603994 | train_confidence=0.000000 | train_risk=0.000000 | train_blend=0.000000 | val_total=1.781308 | val_mae=1.775822 | val_rmse=3.993481 | val_mape=4.024806 | val_confidence=0.000000 | val_risk=0.000000 | val_blend=0.000000 | batches=1131/154 | seconds=55.72 | lr=[0.001] | cuda_peak_mb=374.0
[2026-09-06 18:22:29] INFO Val horizons | 15min_mae=1.460224 15min_rmse=3.046098 15min_mape=3.146643 | 30min_mae=1.835262 30min_rmse=4.066178 30min_mape=4.163560 | 60min_mae=2.207177 60min_rmse=4.989946 60min_mape=5.184556
[2026-09-06 18:23:25] INFO Epoch 011 | stage=standard | train_total=1.595906 | train_forecast=1.595906 | train_confidence=0.000000 | train_risk=0.000000 | train_blend=0.000000 | val_total=1.746205 | val_mae=1.741002 | val_rmse=3.931538 | val_mape=4.003986 | val_confidence=0.000000 | val_risk=0.000000 | val_blend=0.000000 | batches=1131/154 | seconds=55.85 | lr=[0.00095] | cuda_peak_mb=374.0
[2026-09-06 18:23:25] INFO Val horizons | 15min_mae=1.436491 15min_rmse=2.984275 15min_mape=3.123135 | 30min_mae=1.796697 30min_rmse=3.995910 30min_mape=4.154764 | 60min_mae=2.160691 60min_rmse=4.910788 60min_mape=5.140011
[2026-09-06 18:23:25] INFO Checkpoint updated | epoch=11 | stage=standard | best_val_mae=1.741002 | path=C:\Users\clw\projects\researchRep\STAnchor-BlockMemory\artifacts\cross_dataset_stage1\pemsbay_baseonly_stgcn_seed42\downstream_best.pt
[2026-09-06 18:24:21] INFO Epoch 012 | stage=standard | train_total=1.588701 | train_forecast=1.588701 | train_confidence=0.000000 | train_risk=0.000000 | train_blend=0.000000 | val_total=1.715133 | val_mae=1.709949 | val_rmse=3.845184 | val_mape=3.908792 | val_confidence=0.000000 | val_risk=0.000000 | val_blend=0.000000 | batches=1131/154 | seconds=55.99 | lr=[0.00095] | cuda_peak_mb=374.0
[2026-09-06 18:24:21] INFO Val horizons | 15min_mae=1.427846 15min_rmse=2.965035 15min_mape=3.074416 | 30min_mae=1.775669 30min_rmse=3.943349 30min_mape=4.065995 | 60min_mae=2.089674 60min_rmse=4.731059 60min_mape=4.979052
[2026-09-06 18:24:21] INFO Checkpoint updated | epoch=12 | stage=standard | best_val_mae=1.709949 | path=C:\Users\clw\projects\researchRep\STAnchor-BlockMemory\artifacts\cross_dataset_stage1\pemsbay_baseonly_stgcn_seed42\downstream_best.pt
[2026-09-06 18:25:16] INFO Epoch 013 | stage=standard | train_total=1.584468 | train_forecast=1.584468 | train_confidence=0.000000 | train_risk=0.000000 | train_blend=0.000000 | val_total=1.711751 | val_mae=1.706776 | val_rmse=3.852933 | val_mape=3.890589 | val_confidence=0.000000 | val_risk=0.000000 | val_blend=0.000000 | batches=1131/154 | seconds=55.78 | lr=[0.00095] | cuda_peak_mb=374.0
[2026-09-06 18:25:16] INFO Val horizons | 15min_mae=1.413119 15min_rmse=2.932927 15min_mape=3.033871 | 30min_mae=1.764261 30min_rmse=3.925232 30min_mape=4.037877 | 60min_mae=2.106667 60min_rmse=4.794562 60min_mape=4.988467
[2026-09-06 18:25:16] INFO Checkpoint updated | epoch=13 | stage=standard | best_val_mae=1.706776 | path=C:\Users\clw\projects\researchRep\STAnchor-BlockMemory\artifacts\cross_dataset_stage1\pemsbay_baseonly_stgcn_seed42\downstream_best.pt
[2026-09-06 18:26:12] INFO Epoch 014 | stage=standard | train_total=1.579702 | train_forecast=1.579702 | train_confidence=0.000000 | train_risk=0.000000 | train_blend=0.000000 | val_total=1.745597 | val_mae=1.740662 | val_rmse=3.941805 | val_mape=3.953043 | val_confidence=0.000000 | val_risk=0.000000 | val_blend=0.000000 | batches=1131/154 | seconds=55.79 | lr=[0.00095] | cuda_peak_mb=374.0
[2026-09-06 18:26:12] INFO Val horizons | 15min_mae=1.438309 15min_rmse=3.019966 15min_mape=3.089238 | 30min_mae=1.799969 30min_rmse=4.028976 30min_mape=4.104192 | 60min_mae=2.147956 60min_rmse=4.876505 60min_mape=5.048139
[2026-09-06 18:27:08] INFO Epoch 015 | stage=standard | train_total=1.576888 | train_forecast=1.576888 | train_confidence=0.000000 | train_risk=0.000000 | train_blend=0.000000 | val_total=1.732667 | val_mae=1.727740 | val_rmse=3.908805 | val_mape=3.915567 | val_confidence=0.000000 | val_risk=0.000000 | val_blend=0.000000 | batches=1131/154 | seconds=56.07 | lr=[0.00095] | cuda_peak_mb=374.0
[2026-09-06 18:27:08] INFO Val horizons | 15min_mae=1.421914 15min_rmse=2.965159 15min_mape=3.046951 | 30min_mae=1.782758 30min_rmse=3.974170 30min_mape=4.055089 | 60min_mae=2.150454 60min_rmse=4.887834 60min_mape=5.054605
[2026-09-06 18:28:04] INFO Epoch 016 | stage=standard | train_total=1.571655 | train_forecast=1.571655 | train_confidence=0.000000 | train_risk=0.000000 | train_blend=0.000000 | val_total=1.754874 | val_mae=1.749352 | val_rmse=3.909706 | val_mape=3.998465 | val_confidence=0.000000 | val_risk=0.000000 | val_blend=0.000000 | batches=1131/154 | seconds=55.81 | lr=[0.00095] | cuda_peak_mb=374.0
[2026-09-06 18:28:04] INFO Val horizons | 15min_mae=1.474084 15min_rmse=3.059502 15min_mape=3.205571 | 30min_mae=1.807454 30min_rmse=3.999527 30min_mape=4.126314 | 60min_mae=2.109412 60min_rmse=4.768400 60min_mape=4.972440
[2026-09-06 18:29:00] INFO Epoch 017 | stage=standard | train_total=1.569303 | train_forecast=1.569303 | train_confidence=0.000000 | train_risk=0.000000 | train_blend=0.000000 | val_total=1.710491 | val_mae=1.705338 | val_rmse=3.815783 | val_mape=3.873939 | val_confidence=0.000000 | val_risk=0.000000 | val_blend=0.000000 | batches=1131/154 | seconds=55.88 | lr=[0.00095] | cuda_peak_mb=374.0
[2026-09-06 18:29:00] INFO Val horizons | 15min_mae=1.419894 15min_rmse=2.944868 15min_mape=3.054043 | 30min_mae=1.772225 30min_rmse=3.913554 30min_mape=4.036305 | 60min_mae=2.085850 60min_rmse=4.687534 60min_mape=4.919188
[2026-09-06 18:29:00] INFO Checkpoint updated | epoch=17 | stage=standard | best_val_mae=1.705338 | path=C:\Users\clw\projects\researchRep\STAnchor-BlockMemory\artifacts\cross_dataset_stage1\pemsbay_baseonly_stgcn_seed42\downstream_best.pt
[2026-09-06 18:29:56] INFO Epoch 018 | stage=standard | train_total=1.567049 | train_forecast=1.567049 | train_confidence=0.000000 | train_risk=0.000000 | train_blend=0.000000 | val_total=1.708768 | val_mae=1.703671 | val_rmse=3.824951 | val_mape=3.867785 | val_confidence=0.000000 | val_risk=0.000000 | val_blend=0.000000 | batches=1131/154 | seconds=55.89 | lr=[0.00095] | cuda_peak_mb=374.0
[2026-09-06 18:29:56] INFO Val horizons | 15min_mae=1.412244 15min_rmse=2.922959 15min_mape=3.035851 | 30min_mae=1.764622 30min_rmse=3.909498 30min_mape=4.027310 | 60min_mae=2.099174 60min_rmse=4.733043 60min_mape=4.931797
[2026-09-06 18:29:56] INFO Checkpoint updated | epoch=18 | stage=standard | best_val_mae=1.703671 | path=C:\Users\clw\projects\researchRep\STAnchor-BlockMemory\artifacts\cross_dataset_stage1\pemsbay_baseonly_stgcn_seed42\downstream_best.pt
[2026-09-06 18:30:52] INFO Epoch 019 | stage=standard | train_total=1.562597 | train_forecast=1.562597 | train_confidence=0.000000 | train_risk=0.000000 | train_blend=0.000000 | val_total=1.704083 | val_mae=1.698962 | val_rmse=3.862784 | val_mape=3.916813 | val_confidence=0.000000 | val_risk=0.000000 | val_blend=0.000000 | batches=1131/154 | seconds=55.86 | lr=[0.00095] | cuda_peak_mb=374.0
[2026-09-06 18:30:52] INFO Val horizons | 15min_mae=1.421271 15min_rmse=2.986339 15min_mape=3.063269 | 30min_mae=1.759977 30min_rmse=3.953694 30min_mape=4.056165 | 60min_mae=2.073348 60min_rmse=4.756921 60min_mape=5.006007
[2026-09-06 18:30:52] INFO Checkpoint updated | epoch=19 | stage=standard | best_val_mae=1.698962 | path=C:\Users\clw\projects\researchRep\STAnchor-BlockMemory\artifacts\cross_dataset_stage1\pemsbay_baseonly_stgcn_seed42\downstream_best.pt
[2026-09-06 18:31:48] INFO Epoch 020 | stage=standard | train_total=1.560269 | train_forecast=1.560269 | train_confidence=0.000000 | train_risk=0.000000 | train_blend=0.000000 | val_total=1.700479 | val_mae=1.695339 | val_rmse=3.849500 | val_mape=3.845214 | val_confidence=0.000000 | val_risk=0.000000 | val_blend=0.000000 | batches=1131/154 | seconds=55.83 | lr=[0.00095] | cuda_peak_mb=374.0
[2026-09-06 18:31:48] INFO Val horizons | 15min_mae=1.401109 15min_rmse=2.925877 15min_mape=3.035532 | 30min_mae=1.754563 30min_rmse=3.934810 30min_mape=4.011776 | 60min_mae=2.098549 60min_rmse=4.781465 60min_mape=4.887480
[2026-09-06 18:31:48] INFO Checkpoint updated | epoch=20 | stage=standard | best_val_mae=1.695339 | path=C:\Users\clw\projects\researchRep\STAnchor-BlockMemory\artifacts\cross_dataset_stage1\pemsbay_baseonly_stgcn_seed42\downstream_best.pt
[2026-09-06 18:32:44] INFO Epoch 021 | stage=standard | train_total=1.556696 | train_forecast=1.556696 | train_confidence=0.000000 | train_risk=0.000000 | train_blend=0.000000 | val_total=1.730094 | val_mae=1.724718 | val_rmse=3.904093 | val_mape=3.898979 | val_confidence=0.000000 | val_risk=0.000000 | val_blend=0.000000 | batches=1131/154 | seconds=56.04 | lr=[0.0009025] | cuda_peak_mb=374.0
[2026-09-06 18:32:44] INFO Val horizons | 15min_mae=1.438178 15min_rmse=2.992850 15min_mape=3.079050 | 30min_mae=1.782593 30min_rmse=3.983950 30min_mape=4.045536 | 60min_mae=2.116495 60min_rmse=4.837745 60min_mape=4.957217
[2026-09-06 18:33:39] INFO Epoch 022 | stage=standard | train_total=1.553097 | train_forecast=1.553097 | train_confidence=0.000000 | train_risk=0.000000 | train_blend=0.000000 | val_total=1.688640 | val_mae=1.683357 | val_rmse=3.813866 | val_mape=3.876948 | val_confidence=0.000000 | val_risk=0.000000 | val_blend=0.000000 | batches=1131/154 | seconds=55.79 | lr=[0.0009025] | cuda_peak_mb=374.0
[2026-09-06 18:33:39] INFO Val horizons | 15min_mae=1.412348 15min_rmse=2.948851 15min_mape=3.074904 | 30min_mae=1.748081 30min_rmse=3.917658 30min_mape=4.046851 | 60min_mae=2.045961 60min_rmse=4.669555 60min_mape=4.890073
[2026-09-06 18:33:39] INFO Checkpoint updated | epoch=22 | stage=standard | best_val_mae=1.683357 | path=C:\Users\clw\projects\researchRep\STAnchor-BlockMemory\artifacts\cross_dataset_stage1\pemsbay_baseonly_stgcn_seed42\downstream_best.pt
[2026-09-06 18:34:36] INFO Epoch 023 | stage=standard | train_total=1.548889 | train_forecast=1.548889 | train_confidence=0.000000 | train_risk=0.000000 | train_blend=0.000000 | val_total=1.688559 | val_mae=1.682997 | val_rmse=3.795806 | val_mape=3.900571 | val_confidence=0.000000 | val_risk=0.000000 | val_blend=0.000000 | batches=1131/154 | seconds=56.17 | lr=[0.0009025] | cuda_peak_mb=374.0
[2026-09-06 18:34:36] INFO Val horizons | 15min_mae=1.406117 15min_rmse=2.907934 15min_mape=3.094703 | 30min_mae=1.746513 30min_rmse=3.896717 30min_mape=4.065795 | 60min_mae=2.048677 60min_rmse=4.656040 60min_mape=4.899522
[2026-09-06 18:34:36] INFO Checkpoint updated | epoch=23 | stage=standard | best_val_mae=1.682997 | path=C:\Users\clw\projects\researchRep\STAnchor-BlockMemory\artifacts\cross_dataset_stage1\pemsbay_baseonly_stgcn_seed42\downstream_best.pt
[2026-09-06 18:35:31] INFO Epoch 024 | stage=standard | train_total=1.547298 | train_forecast=1.547298 | train_confidence=0.000000 | train_risk=0.000000 | train_blend=0.000000 | val_total=1.757461 | val_mae=1.751761 | val_rmse=3.973489 | val_mape=3.962240 | val_confidence=0.000000 | val_risk=0.000000 | val_blend=0.000000 | batches=1131/154 | seconds=55.88 | lr=[0.0009025] | cuda_peak_mb=374.0
[2026-09-06 18:35:31] INFO Val horizons | 15min_mae=1.453319 15min_rmse=3.026199 15min_mape=3.115961 | 30min_mae=1.808310 30min_rmse=4.038402 30min_mape=4.098540 | 60min_mae=2.172161 60min_rmse=4.976582 60min_mape=5.084923
[2026-09-06 18:36:27] INFO Epoch 025 | stage=standard | train_total=1.545967 | train_forecast=1.545967 | train_confidence=0.000000 | train_risk=0.000000 | train_blend=0.000000 | val_total=1.689582 | val_mae=1.684431 | val_rmse=3.825997 | val_mape=3.863104 | val_confidence=0.000000 | val_risk=0.000000 | val_blend=0.000000 | batches=1131/154 | seconds=55.78 | lr=[0.0009025] | cuda_peak_mb=374.0
[2026-09-06 18:36:27] INFO Val horizons | 15min_mae=1.405146 15min_rmse=2.931850 15min_mape=3.043630 | 30min_mae=1.747550 30min_rmse=3.919365 30min_mape=4.043749 | 60min_mae=2.061419 60min_rmse=4.713755 60min_mape=4.887536
[2026-09-06 18:37:23] INFO Epoch 026 | stage=standard | train_total=1.545127 | train_forecast=1.545127 | train_confidence=0.000000 | train_risk=0.000000 | train_blend=0.000000 | val_total=1.702300 | val_mae=1.696852 | val_rmse=3.868530 | val_mape=3.896371 | val_confidence=0.000000 | val_risk=0.000000 | val_blend=0.000000 | batches=1131/154 | seconds=55.88 | lr=[0.0009025] | cuda_peak_mb=374.0
[2026-09-06 18:37:23] INFO Val horizons | 15min_mae=1.411650 15min_rmse=2.943953 15min_mape=3.021461 | 30min_mae=1.761107 30min_rmse=3.951088 30min_mape=4.056453 | 60min_mae=2.078743 60min_rmse=4.791402 60min_mape=5.007857
[2026-09-06 18:38:19] INFO Epoch 027 | stage=standard | train_total=1.543185 | train_forecast=1.543185 | train_confidence=0.000000 | train_risk=0.000000 | train_blend=0.000000 | val_total=1.704539 | val_mae=1.699152 | val_rmse=3.862566 | val_mape=3.809639 | val_confidence=0.000000 | val_risk=0.000000 | val_blend=0.000000 | batches=1131/154 | seconds=55.90 | lr=[0.0009025] | cuda_peak_mb=374.0
[2026-09-06 18:38:19] INFO Val horizons | 15min_mae=1.399441 15min_rmse=2.943569 15min_mape=2.982244 | 30min_mae=1.755636 30min_rmse=3.934033 30min_mape=3.950486 | 60min_mae=2.114551 60min_rmse=4.812344 60min_mape=4.902194
[2026-09-06 18:39:15] INFO Epoch 028 | stage=standard | train_total=1.539675 | train_forecast=1.539675 | train_confidence=0.000000 | train_risk=0.000000 | train_blend=0.000000 | val_total=1.690140 | val_mae=1.684323 | val_rmse=3.822548 | val_mape=3.942166 | val_confidence=0.000000 | val_risk=0.000000 | val_blend=0.000000 | batches=1131/154 | seconds=55.83 | lr=[0.0009025] | cuda_peak_mb=374.0
[2026-09-06 18:39:15] INFO Val horizons | 15min_mae=1.408516 15min_rmse=2.928129 15min_mape=3.044213 | 30min_mae=1.749331 30min_rmse=3.911702 30min_mape=4.105227 | 60min_mae=2.044162 60min_rmse=4.690134 60min_mape=5.036743
[2026-09-06 18:40:11] INFO Epoch 029 | stage=standard | train_total=1.537059 | train_forecast=1.537059 | train_confidence=0.000000 | train_risk=0.000000 | train_blend=0.000000 | val_total=1.682774 | val_mae=1.677300 | val_rmse=3.820075 | val_mape=3.883301 | val_confidence=0.000000 | val_risk=0.000000 | val_blend=0.000000 | batches=1131/154 | seconds=55.89 | lr=[0.0009025] | cuda_peak_mb=374.0
[2026-09-06 18:40:11] INFO Val horizons | 15min_mae=1.396448 15min_rmse=2.922561 15min_mape=3.015382 | 30min_mae=1.742413 30min_rmse=3.914042 30min_mape=4.061203 | 60min_mae=2.053821 60min_rmse=4.707725 60min_mape=4.963129
[2026-09-06 18:40:11] INFO Checkpoint updated | epoch=29 | stage=standard | best_val_mae=1.677300 | path=C:\Users\clw\projects\researchRep\STAnchor-BlockMemory\artifacts\cross_dataset_stage1\pemsbay_baseonly_stgcn_seed42\downstream_best.pt
[2026-09-06 18:41:07] INFO Epoch 030 | stage=standard | train_total=1.537528 | train_forecast=1.537528 | train_confidence=0.000000 | train_risk=0.000000 | train_blend=0.000000 | val_total=1.693157 | val_mae=1.687594 | val_rmse=3.852482 | val_mape=4.030959 | val_confidence=0.000000 | val_risk=0.000000 | val_blend=0.000000 | batches=1131/154 | seconds=55.86 | lr=[0.0009025] | cuda_peak_mb=374.0
[2026-09-06 18:41:07] INFO Val horizons | 15min_mae=1.407729 15min_rmse=2.933850 15min_mape=3.100254 | 30min_mae=1.755898 30min_rmse=3.951886 30min_mape=4.227896 | 60min_mae=2.054626 60min_rmse=4.732100 60min_mape=5.157451
[2026-09-06 18:42:03] INFO Epoch 031 | stage=standard | train_total=1.532737 | train_forecast=1.532737 | train_confidence=0.000000 | train_risk=0.000000 | train_blend=0.000000 | val_total=1.698858 | val_mae=1.693794 | val_rmse=3.851458 | val_mape=3.819431 | val_confidence=0.000000 | val_risk=0.000000 | val_blend=0.000000 | batches=1131/154 | seconds=55.86 | lr=[0.000857375] | cuda_peak_mb=374.0
[2026-09-06 18:42:03] INFO Val horizons | 15min_mae=1.405543 15min_rmse=2.934532 15min_mape=2.994277 | 30min_mae=1.761163 30min_rmse=3.943049 30min_mape=3.989764 | 60min_mae=2.078012 60min_rmse=4.762491 60min_mape=4.855032
[2026-09-06 18:42:58] INFO Epoch 032 | stage=standard | train_total=1.529870 | train_forecast=1.529870 | train_confidence=0.000000 | train_risk=0.000000 | train_blend=0.000000 | val_total=1.721504 | val_mae=1.715948 | val_rmse=3.898153 | val_mape=3.840187 | val_confidence=0.000000 | val_risk=0.000000 | val_blend=0.000000 | batches=1131/154 | seconds=55.87 | lr=[0.000857375] | cuda_peak_mb=374.0
[2026-09-06 18:42:58] INFO Val horizons | 15min_mae=1.427459 15min_rmse=2.992127 15min_mape=3.027571 | 30min_mae=1.779206 30min_rmse=3.995171 30min_mape=3.997195 | 60min_mae=2.104171 60min_rmse=4.807937 60min_mape=4.872383
[2026-09-06 18:43:54] INFO Epoch 033 | stage=standard | train_total=1.529777 | train_forecast=1.529777 | train_confidence=0.000000 | train_risk=0.000000 | train_blend=0.000000 | val_total=1.700594 | val_mae=1.695533 | val_rmse=3.888784 | val_mape=3.892362 | val_confidence=0.000000 | val_risk=0.000000 | val_blend=0.000000 | batches=1131/154 | seconds=55.77 | lr=[0.000857375] | cuda_peak_mb=374.0
[2026-09-06 18:43:54] INFO Val horizons | 15min_mae=1.404340 15min_rmse=2.932946 15min_mape=3.017385 | 30min_mae=1.759335 30min_rmse=3.972307 30min_mape=4.050737 | 60min_mae=2.087610 60min_rmse=4.836023 60min_mape=5.008164
[2026-09-06 18:44:50] INFO Epoch 034 | stage=standard | train_total=1.526945 | train_forecast=1.526945 | train_confidence=0.000000 | train_risk=0.000000 | train_blend=0.000000 | val_total=1.678525 | val_mae=1.673206 | val_rmse=3.802235 | val_mape=3.855047 | val_confidence=0.000000 | val_risk=0.000000 | val_blend=0.000000 | batches=1131/154 | seconds=55.83 | lr=[0.000857375] | cuda_peak_mb=374.0
[2026-09-06 18:44:50] INFO Val horizons | 15min_mae=1.397758 15min_rmse=2.907311 15min_mape=3.047017 | 30min_mae=1.737328 30min_rmse=3.890139 30min_mape=4.031310 | 60min_mae=2.042413 60min_rmse=4.685474 60min_mape=4.869707
[2026-09-06 18:44:50] INFO Checkpoint updated | epoch=34 | stage=standard | best_val_mae=1.673206 | path=C:\Users\clw\projects\researchRep\STAnchor-BlockMemory\artifacts\cross_dataset_stage1\pemsbay_baseonly_stgcn_seed42\downstream_best.pt
[2026-09-06 18:45:46] INFO Epoch 035 | stage=standard | train_total=1.526744 | train_forecast=1.526744 | train_confidence=0.000000 | train_risk=0.000000 | train_blend=0.000000 | val_total=1.726984 | val_mae=1.721833 | val_rmse=3.883883 | val_mape=3.866529 | val_confidence=0.000000 | val_risk=0.000000 | val_blend=0.000000 | batches=1131/154 | seconds=55.80 | lr=[0.000857375] | cuda_peak_mb=374.0
[2026-09-06 18:45:46] INFO Val horizons | 15min_mae=1.437030 15min_rmse=3.001545 15min_mape=3.079890 | 30min_mae=1.795846 30min_rmse=3.994060 30min_mape=4.060538 | 60min_mae=2.096092 60min_rmse=4.762462 60min_mape=4.830108
[2026-09-06 18:46:42] INFO Epoch 036 | stage=standard | train_total=1.526048 | train_forecast=1.526048 | train_confidence=0.000000 | train_risk=0.000000 | train_blend=0.000000 | val_total=1.673756 | val_mae=1.668484 | val_rmse=3.804475 | val_mape=3.831075 | val_confidence=0.000000 | val_risk=0.000000 | val_blend=0.000000 | batches=1131/154 | seconds=55.92 | lr=[0.000857375] | cuda_peak_mb=374.0
[2026-09-06 18:46:42] INFO Val horizons | 15min_mae=1.391264 15min_rmse=2.909986 15min_mape=2.994343 | 30min_mae=1.735244 30min_rmse=3.896524 30min_mape=4.002008 | 60min_mae=2.039523 60min_rmse=4.692533 60min_mape=4.877162
[2026-09-06 18:46:42] INFO Checkpoint updated | epoch=36 | stage=standard | best_val_mae=1.668484 | path=C:\Users\clw\projects\researchRep\STAnchor-BlockMemory\artifacts\cross_dataset_stage1\pemsbay_baseonly_stgcn_seed42\downstream_best.pt
[2026-09-06 18:47:38] INFO Epoch 037 | stage=standard | train_total=1.522614 | train_forecast=1.522614 | train_confidence=0.000000 | train_risk=0.000000 | train_blend=0.000000 | val_total=1.687296 | val_mae=1.682390 | val_rmse=3.801950 | val_mape=3.767300 | val_confidence=0.000000 | val_risk=0.000000 | val_blend=0.000000 | batches=1131/154 | seconds=55.87 | lr=[0.000857375] | cuda_peak_mb=374.0
[2026-09-06 18:47:38] INFO Val horizons | 15min_mae=1.396990 15min_rmse=2.906601 15min_mape=2.960848 | 30min_mae=1.744497 30min_rmse=3.884545 30min_mape=3.923412 | 60min_mae=2.066629 60min_rmse=4.702246 60min_mape=4.791396
[2026-09-06 18:48:33] INFO Epoch 038 | stage=standard | train_total=1.521077 | train_forecast=1.521077 | train_confidence=0.000000 | train_risk=0.000000 | train_blend=0.000000 | val_total=1.707828 | val_mae=1.702545 | val_rmse=3.880014 | val_mape=3.803745 | val_confidence=0.000000 | val_risk=0.000000 | val_blend=0.000000 | batches=1131/154 | seconds=55.84 | lr=[0.000857375] | cuda_peak_mb=374.0
[2026-09-06 18:48:33] INFO Val horizons | 15min_mae=1.407798 15min_rmse=2.950015 15min_mape=2.978422 | 30min_mae=1.768672 30min_rmse=3.961432 30min_mape=3.973080 | 60min_mae=2.096500 60min_rmse=4.814460 60min_mape=4.837375
[2026-09-06 18:49:29] INFO Epoch 039 | stage=standard | train_total=1.520125 | train_forecast=1.520125 | train_confidence=0.000000 | train_risk=0.000000 | train_blend=0.000000 | val_total=1.719039 | val_mae=1.713794 | val_rmse=3.885400 | val_mape=3.822875 | val_confidence=0.000000 | val_risk=0.000000 | val_blend=0.000000 | batches=1131/154 | seconds=55.74 | lr=[0.000857375] | cuda_peak_mb=374.0
[2026-09-06 18:49:29] INFO Val horizons | 15min_mae=1.427869 15min_rmse=2.979265 15min_mape=3.022069 | 30min_mae=1.779321 30min_rmse=3.972773 30min_mape=3.981389 | 60min_mae=2.094541 60min_rmse=4.794276 60min_mape=4.832581
[2026-09-06 18:50:25] INFO Epoch 040 | stage=standard | train_total=1.520679 | train_forecast=1.520679 | train_confidence=0.000000 | train_risk=0.000000 | train_blend=0.000000 | val_total=1.672068 | val_mae=1.666960 | val_rmse=3.815060 | val_mape=3.780910 | val_confidence=0.000000 | val_risk=0.000000 | val_blend=0.000000 | batches=1131/154 | seconds=55.83 | lr=[0.000857375] | cuda_peak_mb=374.0
[2026-09-06 18:50:25] INFO Val horizons | 15min_mae=1.385954 15min_rmse=2.902100 15min_mape=2.969436 | 30min_mae=1.732582 30min_rmse=3.905022 30min_mape=3.959806 | 60min_mae=2.049479 60min_rmse=4.732551 60min_mape=4.796409
[2026-09-06 18:50:25] INFO Checkpoint updated | epoch=40 | stage=standard | best_val_mae=1.666960 | path=C:\Users\clw\projects\researchRep\STAnchor-BlockMemory\artifacts\cross_dataset_stage1\pemsbay_baseonly_stgcn_seed42\downstream_best.pt
[2026-09-06 18:51:21] INFO Epoch 041 | stage=standard | train_total=1.517613 | train_forecast=1.517613 | train_confidence=0.000000 | train_risk=0.000000 | train_blend=0.000000 | val_total=1.663196 | val_mae=1.657761 | val_rmse=3.745569 | val_mape=3.805168 | val_confidence=0.000000 | val_risk=0.000000 | val_blend=0.000000 | batches=1131/154 | seconds=55.82 | lr=[0.0008145062499999999] | cuda_peak_mb=374.0
[2026-09-06 18:51:21] INFO Val horizons | 15min_mae=1.390421 15min_rmse=2.881160 15min_mape=2.988229 | 30min_mae=1.726968 30min_rmse=3.853600 30min_mape=3.989693 | 60min_mae=2.010719 60min_rmse=4.582611 60min_mape=4.805806
[2026-09-06 18:51:21] INFO Checkpoint updated | epoch=41 | stage=standard | best_val_mae=1.657761 | path=C:\Users\clw\projects\researchRep\STAnchor-BlockMemory\artifacts\cross_dataset_stage1\pemsbay_baseonly_stgcn_seed42\downstream_best.pt
[2026-09-06 18:52:17] INFO Epoch 042 | stage=standard | train_total=1.517670 | train_forecast=1.517670 | train_confidence=0.000000 | train_risk=0.000000 | train_blend=0.000000 | val_total=1.685756 | val_mae=1.680747 | val_rmse=3.824810 | val_mape=3.776191 | val_confidence=0.000000 | val_risk=0.000000 | val_blend=0.000000 | batches=1131/154 | seconds=55.91 | lr=[0.0008145062499999999] | cuda_peak_mb=374.0
[2026-09-06 18:52:17] INFO Val horizons | 15min_mae=1.393055 15min_rmse=2.919426 15min_mape=2.969413 | 30min_mae=1.741246 30min_rmse=3.913114 30min_mape=3.940163 | 60min_mae=2.077359 60min_rmse=4.738221 60min_mape=4.817566
[2026-09-06 18:53:13] INFO Epoch 043 | stage=standard | train_total=1.515458 | train_forecast=1.515458 | train_confidence=0.000000 | train_risk=0.000000 | train_blend=0.000000 | val_total=1.678803 | val_mae=1.673836 | val_rmse=3.834616 | val_mape=3.816573 | val_confidence=0.000000 | val_risk=0.000000 | val_blend=0.000000 | batches=1131/154 | seconds=55.86 | lr=[0.0008145062499999999] | cuda_peak_mb=374.0
[2026-09-06 18:53:13] INFO Val horizons | 15min_mae=1.389122 15min_rmse=2.908922 15min_mape=2.976226 | 30min_mae=1.735469 30min_rmse=3.915384 30min_mape=3.977703 | 60min_mae=2.061248 60min_rmse=4.768416 60min_mape=4.892140
[2026-09-06 18:54:08] INFO Epoch 044 | stage=standard | train_total=1.514195 | train_forecast=1.514195 | train_confidence=0.000000 | train_risk=0.000000 | train_blend=0.000000 | val_total=1.670576 | val_mae=1.665701 | val_rmse=3.803529 | val_mape=3.774249 | val_confidence=0.000000 | val_risk=0.000000 | val_blend=0.000000 | batches=1131/154 | seconds=55.83 | lr=[0.0008145062499999999] | cuda_peak_mb=374.0
[2026-09-06 18:54:08] INFO Val horizons | 15min_mae=1.386352 15min_rmse=2.896275 15min_mape=2.996546 | 30min_mae=1.727477 30min_rmse=3.891281 30min_mape=3.932682 | 60min_mae=2.044028 60min_rmse=4.707513 60min_mape=4.763320
[2026-09-06 18:55:04] INFO Epoch 045 | stage=standard | train_total=1.513038 | train_forecast=1.513038 | train_confidence=0.000000 | train_risk=0.000000 | train_blend=0.000000 | val_total=1.669830 | val_mae=1.664763 | val_rmse=3.793099 | val_mape=3.824879 | val_confidence=0.000000 | val_risk=0.000000 | val_blend=0.000000 | batches=1131/154 | seconds=55.75 | lr=[0.0008145062499999999] | cuda_peak_mb=374.0
[2026-09-06 18:55:04] INFO Val horizons | 15min_mae=1.391112 15min_rmse=2.906957 15min_mape=3.000994 | 30min_mae=1.732159 30min_rmse=3.898506 30min_mape=4.011083 | 60min_mae=2.029831 60min_rmse=4.659289 60min_mape=4.838662
[2026-09-06 18:56:00] INFO Epoch 046 | stage=standard | train_total=1.512120 | train_forecast=1.512120 | train_confidence=0.000000 | train_risk=0.000000 | train_blend=0.000000 | val_total=1.688201 | val_mae=1.683290 | val_rmse=3.833996 | val_mape=3.799543 | val_confidence=0.000000 | val_risk=0.000000 | val_blend=0.000000 | batches=1131/154 | seconds=55.80 | lr=[0.0008145062499999999] | cuda_peak_mb=374.0
[2026-09-06 18:56:00] INFO Val horizons | 15min_mae=1.403809 15min_rmse=2.923879 15min_mape=2.998163 | 30min_mae=1.745804 30min_rmse=3.917360 30min_mape=3.968042 | 60min_mae=2.069881 60min_rmse=4.761801 60min_mape=4.832734
[2026-09-06 18:56:56] INFO Epoch 047 | stage=standard | train_total=1.512395 | train_forecast=1.512395 | train_confidence=0.000000 | train_risk=0.000000 | train_blend=0.000000 | val_total=1.676943 | val_mae=1.671876 | val_rmse=3.808029 | val_mape=3.799575 | val_confidence=0.000000 | val_risk=0.000000 | val_blend=0.000000 | batches=1131/154 | seconds=55.71 | lr=[0.0008145062499999999] | cuda_peak_mb=374.0
[2026-09-06 18:56:56] INFO Val horizons | 15min_mae=1.406009 15min_rmse=2.925787 15min_mape=3.011342 | 30min_mae=1.739570 30min_rmse=3.908666 30min_mape=3.979620 | 60min_mae=2.031919 60min_rmse=4.681855 60min_mape=4.784455
[2026-09-06 18:57:52] INFO Epoch 048 | stage=standard | train_total=1.511009 | train_forecast=1.511009 | train_confidence=0.000000 | train_risk=0.000000 | train_blend=0.000000 | val_total=1.665478 | val_mae=1.660317 | val_rmse=3.773386 | val_mape=3.767151 | val_confidence=0.000000 | val_risk=0.000000 | val_blend=0.000000 | batches=1131/154 | seconds=55.87 | lr=[0.0008145062499999999] | cuda_peak_mb=374.0
[2026-09-06 18:57:52] INFO Val horizons | 15min_mae=1.391112 15min_rmse=2.898981 15min_mape=2.974349 | 30min_mae=1.726699 30min_rmse=3.872838 30min_mape=3.957108 | 60min_mae=2.022995 60min_rmse=4.637561 60min_mape=4.740827
[2026-09-06 18:58:47] INFO Epoch 049 | stage=standard | train_total=1.508566 | train_forecast=1.508566 | train_confidence=0.000000 | train_risk=0.000000 | train_blend=0.000000 | val_total=1.697386 | val_mae=1.692416 | val_rmse=3.859194 | val_mape=3.796244 | val_confidence=0.000000 | val_risk=0.000000 | val_blend=0.000000 | batches=1131/154 | seconds=55.89 | lr=[0.0008145062499999999] | cuda_peak_mb=374.0
[2026-09-06 18:58:47] INFO Val horizons | 15min_mae=1.402761 15min_rmse=2.920728 15min_mape=2.984620 | 30min_mae=1.758399 30min_rmse=3.955070 30min_mape=3.977393 | 60min_mae=2.078913 60min_rmse=4.770350 60min_mape=4.796643
[2026-09-06 18:59:44] INFO Epoch 050 | stage=standard | train_total=1.509764 | train_forecast=1.509764 | train_confidence=0.000000 | train_risk=0.000000 | train_blend=0.000000 | val_total=1.660244 | val_mae=1.655447 | val_rmse=3.757282 | val_mape=3.759408 | val_confidence=0.000000 | val_risk=0.000000 | val_blend=0.000000 | batches=1131/154 | seconds=56.18 | lr=[0.0008145062499999999] | cuda_peak_mb=374.0
[2026-09-06 18:59:44] INFO Val horizons | 15min_mae=1.384497 15min_rmse=2.866774 15min_mape=2.994049 | 30min_mae=1.717311 30min_rmse=3.844006 30min_mape=3.923846 | 60min_mae=2.022195 60min_rmse=4.635136 60min_mape=4.726845
[2026-09-06 18:59:44] INFO Checkpoint updated | epoch=50 | stage=standard | best_val_mae=1.655447 | path=C:\Users\clw\projects\researchRep\STAnchor-BlockMemory\artifacts\cross_dataset_stage1\pemsbay_baseonly_stgcn_seed42\downstream_best.pt
[2026-09-06 18:59:44] INFO Downstream training finished | best_val_mae=1.655447 | checkpoint=C:\Users\clw\projects\researchRep\STAnchor-BlockMemory\artifacts\cross_dataset_stage1\pemsbay_baseonly_stgcn_seed42\downstream_best.pt
