[2026-09-11 10:03:04] INFO Downstream start | run=convergence/formal_20260910_trained_router_dcrnn_seed42 | device=cuda:0 (requested=cuda:0) | seed=42 | output=C:\Users\clw\projects\researchRep\STAnchor-BlockMemory\artifacts\convergence\formal_20260910_trained_router_dcrnn_seed42
[2026-09-11 10:03:04] INFO Mode | downstream_mode=learned_topk_error_aware | training_protocol=posthoc_frozen_base | candidate_protocol=weekday_radius1_overlap | candidate_ranking=learned_key
[2026-09-11 10:03:04] INFO Downstream initialization | seed=42 | state_hash=8dec6883376d1bf0
[2026-09-11 10:03:04] INFO Frozen base | checkpoint=C:\Users\clw\projects\researchRep\STAnchor-BlockMemory\artifacts\convergence\formal_20260910_baseonly_dcrnn_seed42\downstream_best.pt | fingerprint=f355d94c85b2613e
[2026-09-11 10:03:04] INFO Data | steps=34272 | nodes=207 | channels=1 | training_scope=full_train | memory/post_memory/train_selected/val/test=15876/6805/22681/2993/6025
[2026-09-11 10:03:04] INFO Bank/retrieval | dataset=metrla_trained_queue | events=15876 | nodes=207 | retrieval_dim=64 | event_top_r=32 | node_top_k=12 | key_dtype=float16
[2026-09-11 10:03:04] INFO Frozen path cache | enabled=yes | candidate_ranking=learned_key | fill=first_epoch
[2026-09-11 10:03:04] INFO Parameters | downstream_total=1,252,314 | downstream_trainable=879,693 | backbone=0 | confidence_head=0 | fusion=0 | frozen_pretrained=958,704
[2026-09-11 10:03:04] INFO Optimization | epochs=50 | batch_size=32 | optimizer=adam | lr=0.0005 | weight_decay=0.0001 | scheduler=step_lr | step_size=10 | gamma=0.500 | confidence_weight=0.000 | patience=20 | early_stopping=disabled
[2026-09-11 10:03:06] INFO Stage start | stage=posthoc_calibrator | epochs=50 | optimizer_lrs=[0.0005]
[2026-09-11 10:09:47] INFO Epoch 001 | stage=posthoc_calibrator | train_total=2.687410 | train_forecast=2.687410 | train_confidence=0.000000 | train_risk=0.000000 | train_blend=0.000000 | val_total=2.754785 | val_mae=2.748094 | val_rmse=5.757445 | val_mape=7.462728 | val_confidence=0.000000 | val_risk=0.000000 | val_blend=0.000000 | batches=709/94 | seconds=401.22 | lr=[0.0005] | cuda_peak_mb=3488.8
[2026-09-11 10:09:47] INFO Val horizons | 15min_mae=2.411119 15min_rmse=4.761573 15min_mape=6.208286 | 30min_mae=2.774654 30min_rmse=5.796783 30min_mape=7.645404 | 60min_mae=3.231053 60min_rmse=6.928117 60min_mape=9.148296
[2026-09-11 10:09:47] INFO Checkpoint updated | epoch=1 | stage=posthoc_calibrator | best_val_mae=2.748094 | path=C:\Users\clw\projects\researchRep\STAnchor-BlockMemory\artifacts\convergence\formal_20260910_trained_router_dcrnn_seed42\downstream_best.pt
[2026-09-11 10:10:51] INFO Epoch 002 | stage=posthoc_calibrator | train_total=2.668083 | train_forecast=2.668083 | train_confidence=0.000000 | train_risk=0.000000 | train_blend=0.000000 | val_total=2.732934 | val_mae=2.726678 | val_rmse=5.753256 | val_mape=7.591318 | val_confidence=0.000000 | val_risk=0.000000 | val_blend=0.000000 | batches=709/94 | seconds=64.06 | lr=[0.0005] | cuda_peak_mb=1424.0
[2026-09-11 10:10:51] INFO Val horizons | 15min_mae=2.404874 15min_rmse=4.762663 15min_mape=6.234357 | 30min_mae=2.758245 30min_rmse=5.791833 30min_mape=7.738245 | 60min_mae=3.183642 60min_rmse=6.910352 60min_mape=9.412050
[2026-09-11 10:10:51] INFO Checkpoint updated | epoch=2 | stage=posthoc_calibrator | best_val_mae=2.726678 | path=C:\Users\clw\projects\researchRep\STAnchor-BlockMemory\artifacts\convergence\formal_20260910_trained_router_dcrnn_seed42\downstream_best.pt
[2026-09-11 10:11:55] INFO Epoch 003 | stage=posthoc_calibrator | train_total=2.666334 | train_forecast=2.666334 | train_confidence=0.000000 | train_risk=0.000000 | train_blend=0.000000 | val_total=2.734985 | val_mae=2.728795 | val_rmse=5.756948 | val_mape=7.622856 | val_confidence=0.000000 | val_risk=0.000000 | val_blend=0.000000 | batches=709/94 | seconds=63.80 | lr=[0.0005] | cuda_peak_mb=1424.0
[2026-09-11 10:11:55] INFO Val horizons | 15min_mae=2.405604 15min_rmse=4.769889 15min_mape=6.247355 | 30min_mae=2.760592 30min_rmse=5.800107 30min_mape=7.774701 | 60min_mae=3.185157 60min_rmse=6.906749 60min_mape=9.465765
[2026-09-11 10:12:59] INFO Epoch 004 | stage=posthoc_calibrator | train_total=2.664985 | train_forecast=2.664985 | train_confidence=0.000000 | train_risk=0.000000 | train_blend=0.000000 | val_total=2.737396 | val_mae=2.731169 | val_rmse=5.765019 | val_mape=7.611218 | val_confidence=0.000000 | val_risk=0.000000 | val_blend=0.000000 | batches=709/94 | seconds=63.85 | lr=[0.0005] | cuda_peak_mb=1424.8
[2026-09-11 10:12:59] INFO Val horizons | 15min_mae=2.407493 15min_rmse=4.770725 15min_mape=6.232966 | 30min_mae=2.764180 30min_rmse=5.809403 30min_mape=7.749645 | 60min_mae=3.185490 60min_rmse=6.911889 60min_mape=9.469323
[2026-09-11 10:14:03] INFO Epoch 005 | stage=posthoc_calibrator | train_total=2.663904 | train_forecast=2.663904 | train_confidence=0.000000 | train_risk=0.000000 | train_blend=0.000000 | val_total=2.738848 | val_mae=2.732649 | val_rmse=5.746924 | val_mape=7.528915 | val_confidence=0.000000 | val_risk=0.000000 | val_blend=0.000000 | batches=709/94 | seconds=63.81 | lr=[0.0005] | cuda_peak_mb=1424.0
[2026-09-11 10:14:03] INFO Val horizons | 15min_mae=2.407143 15min_rmse=4.761562 15min_mape=6.219529 | 30min_mae=2.764655 30min_rmse=5.790863 30min_mape=7.687096 | 60min_mae=3.191364 60min_rmse=6.892171 60min_mape=9.307645
[2026-09-11 10:15:06] INFO Epoch 006 | stage=posthoc_calibrator | train_total=2.662941 | train_forecast=2.662941 | train_confidence=0.000000 | train_risk=0.000000 | train_blend=0.000000 | val_total=2.735823 | val_mae=2.729513 | val_rmse=5.754153 | val_mape=7.621983 | val_confidence=0.000000 | val_risk=0.000000 | val_blend=0.000000 | batches=709/94 | seconds=63.79 | lr=[0.0005] | cuda_peak_mb=1424.3
[2026-09-11 10:15:06] INFO Val horizons | 15min_mae=2.405132 15min_rmse=4.762967 15min_mape=6.250753 | 30min_mae=2.762843 30min_rmse=5.798458 30min_mape=7.789533 | 60min_mae=3.185301 60min_rmse=6.904107 60min_mape=9.447650
[2026-09-11 10:16:10] INFO Epoch 007 | stage=posthoc_calibrator | train_total=2.662259 | train_forecast=2.662259 | train_confidence=0.000000 | train_risk=0.000000 | train_blend=0.000000 | val_total=2.743556 | val_mae=2.737442 | val_rmse=5.766060 | val_mape=7.545388 | val_confidence=0.000000 | val_risk=0.000000 | val_blend=0.000000 | batches=709/94 | seconds=63.88 | lr=[0.0005] | cuda_peak_mb=1424.0
[2026-09-11 10:16:10] INFO Val horizons | 15min_mae=2.409801 15min_rmse=4.765203 15min_mape=6.223451 | 30min_mae=2.768917 30min_rmse=5.807937 30min_mape=7.700257 | 60min_mae=3.201048 60min_rmse=6.927266 60min_mape=9.324208
[2026-09-11 10:17:14] INFO Epoch 008 | stage=posthoc_calibrator | train_total=2.661605 | train_forecast=2.661605 | train_confidence=0.000000 | train_risk=0.000000 | train_blend=0.000000 | val_total=2.732652 | val_mae=2.726311 | val_rmse=5.737324 | val_mape=7.558351 | val_confidence=0.000000 | val_risk=0.000000 | val_blend=0.000000 | batches=709/94 | seconds=63.80 | lr=[0.0005] | cuda_peak_mb=1424.7
[2026-09-11 10:17:14] INFO Val horizons | 15min_mae=2.404785 15min_rmse=4.760303 15min_mape=6.219006 | 30min_mae=2.759060 30min_rmse=5.782026 30min_mape=7.718657 | 60min_mae=3.177927 60min_rmse=6.874949 60min_mape=9.364500
[2026-09-11 10:17:14] INFO Checkpoint updated | epoch=8 | stage=posthoc_calibrator | best_val_mae=2.726311 | path=C:\Users\clw\projects\researchRep\STAnchor-BlockMemory\artifacts\convergence\formal_20260910_trained_router_dcrnn_seed42\downstream_best.pt
[2026-09-11 10:18:17] INFO Epoch 009 | stage=posthoc_calibrator | train_total=2.661595 | train_forecast=2.661595 | train_confidence=0.000000 | train_risk=0.000000 | train_blend=0.000000 | val_total=2.733530 | val_mae=2.727255 | val_rmse=5.731256 | val_mape=7.567658 | val_confidence=0.000000 | val_risk=0.000000 | val_blend=0.000000 | batches=709/94 | seconds=63.33 | lr=[0.0005] | cuda_peak_mb=1424.0
[2026-09-11 10:18:17] INFO Val horizons | 15min_mae=2.403704 15min_rmse=4.757147 15min_mape=6.226167 | 30min_mae=2.758982 30min_rmse=5.773918 30min_mape=7.731170 | 60min_mae=3.184501 60min_rmse=6.871927 60min_mape=9.353808
[2026-09-11 10:19:21] INFO Epoch 010 | stage=posthoc_calibrator | train_total=2.660841 | train_forecast=2.660841 | train_confidence=0.000000 | train_risk=0.000000 | train_blend=0.000000 | val_total=2.737532 | val_mae=2.731294 | val_rmse=5.735021 | val_mape=7.462714 | val_confidence=0.000000 | val_risk=0.000000 | val_blend=0.000000 | batches=709/94 | seconds=63.33 | lr=[0.0005] | cuda_peak_mb=1424.8
[2026-09-11 10:19:21] INFO Val horizons | 15min_mae=2.406611 15min_rmse=4.754337 15min_mape=6.195364 | 30min_mae=2.762053 30min_rmse=5.780819 30min_mape=7.615574 | 60min_mae=3.194192 60min_rmse=6.878748 60min_mape=9.201428
[2026-09-11 10:20:24] INFO Epoch 011 | stage=posthoc_calibrator | train_total=2.659659 | train_forecast=2.659659 | train_confidence=0.000000 | train_risk=0.000000 | train_blend=0.000000 | val_total=2.725397 | val_mae=2.719066 | val_rmse=5.718503 | val_mape=7.551106 | val_confidence=0.000000 | val_risk=0.000000 | val_blend=0.000000 | batches=709/94 | seconds=63.23 | lr=[0.00025] | cuda_peak_mb=1423.8
[2026-09-11 10:20:24] INFO Val horizons | 15min_mae=2.402181 15min_rmse=4.758082 15min_mape=6.216014 | 30min_mae=2.752806 30min_rmse=5.774929 30min_mape=7.712119 | 60min_mae=3.167734 60min_rmse=6.831951 60min_mape=9.332528
[2026-09-11 10:20:24] INFO Checkpoint updated | epoch=11 | stage=posthoc_calibrator | best_val_mae=2.719066 | path=C:\Users\clw\projects\researchRep\STAnchor-BlockMemory\artifacts\convergence\formal_20260910_trained_router_dcrnn_seed42\downstream_best.pt
[2026-09-11 10:21:27] INFO Epoch 012 | stage=posthoc_calibrator | train_total=2.658904 | train_forecast=2.658904 | train_confidence=0.000000 | train_risk=0.000000 | train_blend=0.000000 | val_total=2.721600 | val_mae=2.715265 | val_rmse=5.742672 | val_mape=7.580335 | val_confidence=0.000000 | val_risk=0.000000 | val_blend=0.000000 | batches=709/94 | seconds=63.23 | lr=[0.00025] | cuda_peak_mb=1424.8
[2026-09-11 10:21:27] INFO Val horizons | 15min_mae=2.402008 15min_rmse=4.767407 15min_mape=6.228092 | 30min_mae=2.751226 30min_rmse=5.800190 30min_mape=7.741011 | 60min_mae=3.155922 60min_rmse=6.859276 60min_mape=9.379294
[2026-09-11 10:21:27] INFO Checkpoint updated | epoch=12 | stage=posthoc_calibrator | best_val_mae=2.715265 | path=C:\Users\clw\projects\researchRep\STAnchor-BlockMemory\artifacts\convergence\formal_20260910_trained_router_dcrnn_seed42\downstream_best.pt
[2026-09-11 10:22:31] INFO Epoch 013 | stage=posthoc_calibrator | train_total=2.659248 | train_forecast=2.659248 | train_confidence=0.000000 | train_risk=0.000000 | train_blend=0.000000 | val_total=2.724314 | val_mae=2.717889 | val_rmse=5.737946 | val_mape=7.582691 | val_confidence=0.000000 | val_risk=0.000000 | val_blend=0.000000 | batches=709/94 | seconds=63.28 | lr=[0.00025] | cuda_peak_mb=1424.1
[2026-09-11 10:22:31] INFO Val horizons | 15min_mae=2.401676 15min_rmse=4.764650 15min_mape=6.224422 | 30min_mae=2.751614 30min_rmse=5.793951 30min_mape=7.730336 | 60min_mae=3.164807 60min_rmse=6.860373 60min_mape=9.416997
[2026-09-11 10:23:34] INFO Epoch 014 | stage=posthoc_calibrator | train_total=2.659159 | train_forecast=2.659159 | train_confidence=0.000000 | train_risk=0.000000 | train_blend=0.000000 | val_total=2.744720 | val_mae=2.738660 | val_rmse=5.755566 | val_mape=7.629492 | val_confidence=0.000000 | val_risk=0.000000 | val_blend=0.000000 | batches=709/94 | seconds=63.22 | lr=[0.00025] | cuda_peak_mb=1425.4
[2026-09-11 10:23:34] INFO Val horizons | 15min_mae=2.405875 15min_rmse=4.755539 15min_mape=6.230752 | 30min_mae=2.768681 30min_rmse=5.788895 30min_mape=7.777851 | 60min_mae=3.207607 60min_rmse=6.917963 60min_mape=9.486837
[2026-09-11 10:24:37] INFO Epoch 015 | stage=posthoc_calibrator | train_total=2.658773 | train_forecast=2.658773 | train_confidence=0.000000 | train_risk=0.000000 | train_blend=0.000000 | val_total=2.728388 | val_mae=2.722144 | val_rmse=5.750538 | val_mape=7.634276 | val_confidence=0.000000 | val_risk=0.000000 | val_blend=0.000000 | batches=709/94 | seconds=63.30 | lr=[0.00025] | cuda_peak_mb=1424.7
[2026-09-11 10:24:37] INFO Val horizons | 15min_mae=2.402296 15min_rmse=4.759164 15min_mape=6.228550 | 30min_mae=2.756531 30min_rmse=5.797285 30min_mape=7.788250 | 60min_mae=3.171431 60min_rmse=6.888267 60min_mape=9.501304
[2026-09-11 10:25:40] INFO Epoch 016 | stage=posthoc_calibrator | train_total=2.658635 | train_forecast=2.658635 | train_confidence=0.000000 | train_risk=0.000000 | train_blend=0.000000 | val_total=2.721947 | val_mae=2.715389 | val_rmse=5.730072 | val_mape=7.533503 | val_confidence=0.000000 | val_risk=0.000000 | val_blend=0.000000 | batches=709/94 | seconds=63.35 | lr=[0.00025] | cuda_peak_mb=1423.7
[2026-09-11 10:25:40] INFO Val horizons | 15min_mae=2.401855 15min_rmse=4.764632 15min_mape=6.213961 | 30min_mae=2.750001 30min_rmse=5.792351 30min_mape=7.685560 | 60min_mae=3.158877 60min_rmse=6.844871 60min_mape=9.335163
[2026-09-11 10:26:44] INFO Epoch 017 | stage=posthoc_calibrator | train_total=2.658724 | train_forecast=2.658724 | train_confidence=0.000000 | train_risk=0.000000 | train_blend=0.000000 | val_total=2.729758 | val_mae=2.723600 | val_rmse=5.737090 | val_mape=7.521484 | val_confidence=0.000000 | val_risk=0.000000 | val_blend=0.000000 | batches=709/94 | seconds=63.28 | lr=[0.00025] | cuda_peak_mb=1423.7
[2026-09-11 10:26:44] INFO Val horizons | 15min_mae=2.403146 15min_rmse=4.756944 15min_mape=6.208693 | 30min_mae=2.755722 30min_rmse=5.781948 30min_mape=7.675784 | 60min_mae=3.179914 60min_rmse=6.875398 60min_mape=9.293496
[2026-09-11 10:27:47] INFO Epoch 018 | stage=posthoc_calibrator | train_total=2.658476 | train_forecast=2.658476 | train_confidence=0.000000 | train_risk=0.000000 | train_blend=0.000000 | val_total=2.733261 | val_mae=2.727040 | val_rmse=5.721768 | val_mape=7.491144 | val_confidence=0.000000 | val_risk=0.000000 | val_blend=0.000000 | batches=709/94 | seconds=63.40 | lr=[0.00025] | cuda_peak_mb=1424.0
[2026-09-11 10:27:47] INFO Val horizons | 15min_mae=2.402984 15min_rmse=4.749742 15min_mape=6.202019 | 30min_mae=2.756439 30min_rmse=5.763575 30min_mape=7.649739 | 60min_mae=3.190802 60min_rmse=6.863212 60min_mape=9.243927
[2026-09-11 10:28:50] INFO Epoch 019 | stage=posthoc_calibrator | train_total=2.658488 | train_forecast=2.658488 | train_confidence=0.000000 | train_risk=0.000000 | train_blend=0.000000 | val_total=2.727463 | val_mae=2.721104 | val_rmse=5.730351 | val_mape=7.543004 | val_confidence=0.000000 | val_risk=0.000000 | val_blend=0.000000 | batches=709/94 | seconds=63.19 | lr=[0.00025] | cuda_peak_mb=1424.8
[2026-09-11 10:28:50] INFO Val horizons | 15min_mae=2.402110 15min_rmse=4.757365 15min_mape=6.217666 | 30min_mae=2.754280 30min_rmse=5.782600 30min_mape=7.705721 | 60min_mae=3.172909 60min_rmse=6.856278 60min_mape=9.317699
[2026-09-11 10:29:54] INFO Epoch 020 | stage=posthoc_calibrator | train_total=2.658458 | train_forecast=2.658458 | train_confidence=0.000000 | train_risk=0.000000 | train_blend=0.000000 | val_total=2.734600 | val_mae=2.728460 | val_rmse=5.743211 | val_mape=7.544489 | val_confidence=0.000000 | val_risk=0.000000 | val_blend=0.000000 | batches=709/94 | seconds=63.29 | lr=[0.00025] | cuda_peak_mb=1424.0
[2026-09-11 10:29:54] INFO Val horizons | 15min_mae=2.403397 15min_rmse=4.754775 15min_mape=6.215762 | 30min_mae=2.759422 30min_rmse=5.782687 30min_mape=7.702511 | 60min_mae=3.191221 60min_rmse=6.893338 60min_mape=9.318323
[2026-09-11 10:30:57] INFO Epoch 021 | stage=posthoc_calibrator | train_total=2.657368 | train_forecast=2.657368 | train_confidence=0.000000 | train_risk=0.000000 | train_blend=0.000000 | val_total=2.735682 | val_mae=2.729539 | val_rmse=5.734543 | val_mape=7.520358 | val_confidence=0.000000 | val_risk=0.000000 | val_blend=0.000000 | batches=709/94 | seconds=63.35 | lr=[0.000125] | cuda_peak_mb=1423.4
[2026-09-11 10:30:57] INFO Val horizons | 15min_mae=2.404679 15min_rmse=4.752387 15min_mape=6.202342 | 30min_mae=2.760761 30min_rmse=5.776143 30min_mape=7.668083 | 60min_mae=3.190198 60min_rmse=6.876048 60min_mape=9.305947
[2026-09-11 10:32:00] INFO Epoch 022 | stage=posthoc_calibrator | train_total=2.656985 | train_forecast=2.656985 | train_confidence=0.000000 | train_risk=0.000000 | train_blend=0.000000 | val_total=2.728204 | val_mae=2.721978 | val_rmse=5.737767 | val_mape=7.613206 | val_confidence=0.000000 | val_risk=0.000000 | val_blend=0.000000 | batches=709/94 | seconds=63.42 | lr=[0.000125] | cuda_peak_mb=1425.8
[2026-09-11 10:32:00] INFO Val horizons | 15min_mae=2.401595 15min_rmse=4.759775 15min_mape=6.227547 | 30min_mae=2.754337 30min_rmse=5.787203 30min_mape=7.767526 | 60min_mae=3.175543 60min_rmse=6.867698 60min_mape=9.450639
[2026-09-11 10:33:04] INFO Epoch 023 | stage=posthoc_calibrator | train_total=2.657189 | train_forecast=2.657189 | train_confidence=0.000000 | train_risk=0.000000 | train_blend=0.000000 | val_total=2.724682 | val_mae=2.718383 | val_rmse=5.733428 | val_mape=7.567179 | val_confidence=0.000000 | val_risk=0.000000 | val_blend=0.000000 | batches=709/94 | seconds=63.24 | lr=[0.000125] | cuda_peak_mb=1424.3
[2026-09-11 10:33:04] INFO Val horizons | 15min_mae=2.401617 15min_rmse=4.760516 15min_mape=6.215766 | 30min_mae=2.751742 30min_rmse=5.790381 30min_mape=7.724295 | 60min_mae=3.166127 60min_rmse=6.851699 60min_mape=9.374628
[2026-09-11 10:34:07] INFO Epoch 024 | stage=posthoc_calibrator | train_total=2.657093 | train_forecast=2.657093 | train_confidence=0.000000 | train_risk=0.000000 | train_blend=0.000000 | val_total=2.731900 | val_mae=2.725745 | val_rmse=5.746862 | val_mape=7.608374 | val_confidence=0.000000 | val_risk=0.000000 | val_blend=0.000000 | batches=709/94 | seconds=63.33 | lr=[0.000125] | cuda_peak_mb=1424.7
[2026-09-11 10:34:07] INFO Val horizons | 15min_mae=2.402813 15min_rmse=4.757252 15min_mape=6.226747 | 30min_mae=2.758251 30min_rmse=5.790787 30min_mape=7.766314 | 60min_mae=3.181075 60min_rmse=6.890052 60min_mape=9.444384
[2026-09-11 10:35:10] INFO Epoch 025 | stage=posthoc_calibrator | train_total=2.657177 | train_forecast=2.657177 | train_confidence=0.000000 | train_risk=0.000000 | train_blend=0.000000 | val_total=2.720569 | val_mae=2.714221 | val_rmse=5.734107 | val_mape=7.583119 | val_confidence=0.000000 | val_risk=0.000000 | val_blend=0.000000 | batches=709/94 | seconds=63.29 | lr=[0.000125] | cuda_peak_mb=1424.0
[2026-09-11 10:35:10] INFO Val horizons | 15min_mae=2.400829 15min_rmse=4.761444 15min_mape=6.219596 | 30min_mae=2.748897 30min_rmse=5.789855 30min_mape=7.733351 | 60min_mae=3.157158 60min_rmse=6.854737 60min_mape=9.409465
[2026-09-11 10:35:10] INFO Checkpoint updated | epoch=25 | stage=posthoc_calibrator | best_val_mae=2.714221 | path=C:\Users\clw\projects\researchRep\STAnchor-BlockMemory\artifacts\convergence\formal_20260910_trained_router_dcrnn_seed42\downstream_best.pt
[2026-09-11 10:36:14] INFO Epoch 026 | stage=posthoc_calibrator | train_total=2.657157 | train_forecast=2.657157 | train_confidence=0.000000 | train_risk=0.000000 | train_blend=0.000000 | val_total=2.723948 | val_mae=2.717545 | val_rmse=5.723680 | val_mape=7.505092 | val_confidence=0.000000 | val_risk=0.000000 | val_blend=0.000000 | batches=709/94 | seconds=63.29 | lr=[0.000125] | cuda_peak_mb=1424.8
[2026-09-11 10:36:14] INFO Val horizons | 15min_mae=2.400984 15min_rmse=4.753320 15min_mape=6.204029 | 30min_mae=2.749882 30min_rmse=5.775393 30min_mape=7.660026 | 60min_mae=3.167581 60min_rmse=6.850929 60min_mape=9.283115
[2026-09-11 10:37:17] INFO Epoch 027 | stage=posthoc_calibrator | train_total=2.656996 | train_forecast=2.656996 | train_confidence=0.000000 | train_risk=0.000000 | train_blend=0.000000 | val_total=2.727797 | val_mae=2.721595 | val_rmse=5.732927 | val_mape=7.578078 | val_confidence=0.000000 | val_risk=0.000000 | val_blend=0.000000 | batches=709/94 | seconds=63.26 | lr=[0.000125] | cuda_peak_mb=1423.9
[2026-09-11 10:37:17] INFO Val horizons | 15min_mae=2.401987 15min_rmse=4.753028 15min_mape=6.219187 | 30min_mae=2.754922 30min_rmse=5.782530 30min_mape=7.741518 | 60min_mae=3.173700 60min_rmse=6.862053 60min_mape=9.385948
[2026-09-11 10:38:20] INFO Epoch 028 | stage=posthoc_calibrator | train_total=2.656883 | train_forecast=2.656883 | train_confidence=0.000000 | train_risk=0.000000 | train_blend=0.000000 | val_total=2.729839 | val_mae=2.723583 | val_rmse=5.738576 | val_mape=7.551405 | val_confidence=0.000000 | val_risk=0.000000 | val_blend=0.000000 | batches=709/94 | seconds=63.33 | lr=[0.000125] | cuda_peak_mb=1424.3
[2026-09-11 10:38:20] INFO Val horizons | 15min_mae=2.402980 15min_rmse=4.759888 15min_mape=6.218405 | 30min_mae=2.756365 30min_rmse=5.790824 30min_mape=7.719849 | 60min_mae=3.177659 60min_rmse=6.866726 60min_mape=9.326615
[2026-09-11 10:39:23] INFO Epoch 029 | stage=posthoc_calibrator | train_total=2.656891 | train_forecast=2.656891 | train_confidence=0.000000 | train_risk=0.000000 | train_blend=0.000000 | val_total=2.721028 | val_mae=2.714655 | val_rmse=5.740312 | val_mape=7.575548 | val_confidence=0.000000 | val_risk=0.000000 | val_blend=0.000000 | batches=709/94 | seconds=63.30 | lr=[0.000125] | cuda_peak_mb=1424.0
[2026-09-11 10:39:23] INFO Val horizons | 15min_mae=2.401009 15min_rmse=4.764376 15min_mape=6.219909 | 30min_mae=2.749308 30min_rmse=5.797522 30min_mape=7.727641 | 60min_mae=3.157851 60min_rmse=6.858612 60min_mape=9.399147
[2026-09-11 10:40:27] INFO Epoch 030 | stage=posthoc_calibrator | train_total=2.656870 | train_forecast=2.656870 | train_confidence=0.000000 | train_risk=0.000000 | train_blend=0.000000 | val_total=2.725202 | val_mae=2.718918 | val_rmse=5.731437 | val_mape=7.588939 | val_confidence=0.000000 | val_risk=0.000000 | val_blend=0.000000 | batches=709/94 | seconds=63.33 | lr=[0.000125] | cuda_peak_mb=1424.4
[2026-09-11 10:40:27] INFO Val horizons | 15min_mae=2.401285 15min_rmse=4.756715 15min_mape=6.215954 | 30min_mae=2.751733 30min_rmse=5.781753 30min_mape=7.732648 | 60min_mae=3.168684 60min_rmse=6.856975 60min_mape=9.428398
[2026-09-11 10:41:30] INFO Epoch 031 | stage=posthoc_calibrator | train_total=2.656367 | train_forecast=2.656367 | train_confidence=0.000000 | train_risk=0.000000 | train_blend=0.000000 | val_total=2.729399 | val_mae=2.723172 | val_rmse=5.736586 | val_mape=7.556165 | val_confidence=0.000000 | val_risk=0.000000 | val_blend=0.000000 | batches=709/94 | seconds=63.27 | lr=[6.25e-05] | cuda_peak_mb=1423.4
[2026-09-11 10:41:30] INFO Val horizons | 15min_mae=2.402164 15min_rmse=4.755148 15min_mape=6.214904 | 30min_mae=2.755388 30min_rmse=5.782359 30min_mape=7.714726 | 60min_mae=3.177648 60min_rmse=6.872547 60min_mape=9.351319
[2026-09-11 10:42:33] INFO Epoch 032 | stage=posthoc_calibrator | train_total=2.656022 | train_forecast=2.656022 | train_confidence=0.000000 | train_risk=0.000000 | train_blend=0.000000 | val_total=2.724981 | val_mae=2.718653 | val_rmse=5.732353 | val_mape=7.555101 | val_confidence=0.000000 | val_risk=0.000000 | val_blend=0.000000 | batches=709/94 | seconds=63.30 | lr=[6.25e-05] | cuda_peak_mb=1424.0
[2026-09-11 10:42:33] INFO Val horizons | 15min_mae=2.401316 15min_rmse=4.758521 15min_mape=6.214773 | 30min_mae=2.751718 30min_rmse=5.786998 30min_mape=7.711473 | 60min_mae=3.169213 60min_rmse=6.854819 60min_mape=9.350527
[2026-09-11 10:43:37] INFO Epoch 033 | stage=posthoc_calibrator | train_total=2.656294 | train_forecast=2.656294 | train_confidence=0.000000 | train_risk=0.000000 | train_blend=0.000000 | val_total=2.724580 | val_mae=2.718308 | val_rmse=5.734144 | val_mape=7.574101 | val_confidence=0.000000 | val_risk=0.000000 | val_blend=0.000000 | batches=709/94 | seconds=63.25 | lr=[6.25e-05] | cuda_peak_mb=1425.0
[2026-09-11 10:43:37] INFO Val horizons | 15min_mae=2.401095 15min_rmse=4.756022 15min_mape=6.215498 | 30min_mae=2.751886 30min_rmse=5.783777 30min_mape=7.724326 | 60min_mae=3.166451 60min_rmse=6.862527 60min_mape=9.397989
[2026-09-11 10:44:40] INFO Epoch 034 | stage=posthoc_calibrator | train_total=2.656126 | train_forecast=2.656126 | train_confidence=0.000000 | train_risk=0.000000 | train_blend=0.000000 | val_total=2.728596 | val_mae=2.722362 | val_rmse=5.729819 | val_mape=7.553880 | val_confidence=0.000000 | val_risk=0.000000 | val_blend=0.000000 | batches=709/94 | seconds=63.28 | lr=[6.25e-05] | cuda_peak_mb=1424.1
[2026-09-11 10:44:40] INFO Val horizons | 15min_mae=2.401691 15min_rmse=4.751461 15min_mape=6.210543 | 30min_mae=2.754380 30min_rmse=5.775092 30min_mape=7.709069 | 60min_mae=3.177099 60min_rmse=6.863164 60min_mape=9.358714
[2026-09-11 10:45:43] INFO Epoch 035 | stage=posthoc_calibrator | train_total=2.656202 | train_forecast=2.656202 | train_confidence=0.000000 | train_risk=0.000000 | train_blend=0.000000 | val_total=2.726141 | val_mae=2.719850 | val_rmse=5.733819 | val_mape=7.549383 | val_confidence=0.000000 | val_risk=0.000000 | val_blend=0.000000 | batches=709/94 | seconds=63.27 | lr=[6.25e-05] | cuda_peak_mb=1424.7
[2026-09-11 10:45:43] INFO Val horizons | 15min_mae=2.401625 15min_rmse=4.755914 15min_mape=6.211500 | 30min_mae=2.752647 30min_rmse=5.784283 30min_mape=7.706256 | 60min_mae=3.171442 60min_rmse=6.861627 60min_mape=9.341614
[2026-09-11 10:46:46] INFO Epoch 036 | stage=posthoc_calibrator | train_total=2.655980 | train_forecast=2.655980 | train_confidence=0.000000 | train_risk=0.000000 | train_blend=0.000000 | val_total=2.725765 | val_mae=2.719440 | val_rmse=5.737238 | val_mape=7.537825 | val_confidence=0.000000 | val_risk=0.000000 | val_blend=0.000000 | batches=709/94 | seconds=63.21 | lr=[6.25e-05] | cuda_peak_mb=1424.6
[2026-09-11 10:46:46] INFO Val horizons | 15min_mae=2.401863 15min_rmse=4.758112 15min_mape=6.210743 | 30min_mae=2.752719 30min_rmse=5.789533 30min_mape=7.690171 | 60min_mae=3.169388 60min_rmse=6.864456 60min_mape=9.331718
[2026-09-11 10:47:50] INFO Epoch 037 | stage=posthoc_calibrator | train_total=2.655703 | train_forecast=2.655703 | train_confidence=0.000000 | train_risk=0.000000 | train_blend=0.000000 | val_total=2.729923 | val_mae=2.723732 | val_rmse=5.751675 | val_mape=7.655090 | val_confidence=0.000000 | val_risk=0.000000 | val_blend=0.000000 | batches=709/94 | seconds=63.22 | lr=[6.25e-05] | cuda_peak_mb=1423.3
[2026-09-11 10:47:50] INFO Val horizons | 15min_mae=2.401520 15min_rmse=4.760602 15min_mape=6.229515 | 30min_mae=2.756058 30min_rmse=5.797034 30min_mape=7.800281 | 60min_mae=3.178243 60min_rmse=6.891111 60min_mape=9.535548
[2026-09-11 10:48:53] INFO Epoch 038 | stage=posthoc_calibrator | train_total=2.655800 | train_forecast=2.655800 | train_confidence=0.000000 | train_risk=0.000000 | train_blend=0.000000 | val_total=2.729113 | val_mae=2.722939 | val_rmse=5.732287 | val_mape=7.570806 | val_confidence=0.000000 | val_risk=0.000000 | val_blend=0.000000 | batches=709/94 | seconds=63.31 | lr=[6.25e-05] | cuda_peak_mb=1423.4
[2026-09-11 10:48:53] INFO Val horizons | 15min_mae=2.401936 15min_rmse=4.754175 15min_mape=6.215972 | 30min_mae=2.755036 30min_rmse=5.779340 30min_mape=7.724078 | 60min_mae=3.177749 60min_rmse=6.863842 60min_mape=9.385396
[2026-09-11 10:49:56] INFO Epoch 039 | stage=posthoc_calibrator | train_total=2.655805 | train_forecast=2.655805 | train_confidence=0.000000 | train_risk=0.000000 | train_blend=0.000000 | val_total=2.723221 | val_mae=2.716898 | val_rmse=5.731039 | val_mape=7.543339 | val_confidence=0.000000 | val_risk=0.000000 | val_blend=0.000000 | batches=709/94 | seconds=63.36 | lr=[6.25e-05] | cuda_peak_mb=1425.8
[2026-09-11 10:49:56] INFO Val horizons | 15min_mae=2.401020 15min_rmse=4.756116 15min_mape=6.209178 | 30min_mae=2.750168 30min_rmse=5.781950 30min_mape=7.691807 | 60min_mae=3.165031 60min_rmse=6.857277 60min_mape=9.347806
[2026-09-11 10:51:00] INFO Epoch 040 | stage=posthoc_calibrator | train_total=2.655773 | train_forecast=2.655773 | train_confidence=0.000000 | train_risk=0.000000 | train_blend=0.000000 | val_total=2.728104 | val_mae=2.721853 | val_rmse=5.732264 | val_mape=7.528178 | val_confidence=0.000000 | val_risk=0.000000 | val_blend=0.000000 | batches=709/94 | seconds=63.27 | lr=[6.25e-05] | cuda_peak_mb=1424.0
[2026-09-11 10:51:00] INFO Val horizons | 15min_mae=2.401765 15min_rmse=4.754952 15min_mape=6.206957 | 30min_mae=2.753522 30min_rmse=5.780818 30min_mape=7.680055 | 60min_mae=3.176375 60min_rmse=6.863320 60min_mape=9.319462
[2026-09-11 10:52:03] INFO Epoch 041 | stage=posthoc_calibrator | train_total=2.655523 | train_forecast=2.655523 | train_confidence=0.000000 | train_risk=0.000000 | train_blend=0.000000 | val_total=2.729813 | val_mae=2.723617 | val_rmse=5.734930 | val_mape=7.558309 | val_confidence=0.000000 | val_risk=0.000000 | val_blend=0.000000 | batches=709/94 | seconds=63.32 | lr=[3.125e-05] | cuda_peak_mb=1425.2
[2026-09-11 10:52:03] INFO Val horizons | 15min_mae=2.401976 15min_rmse=4.753401 15min_mape=6.211865 | 30min_mae=2.755280 30min_rmse=5.778977 30min_mape=7.708493 | 60min_mae=3.179750 60min_rmse=6.872510 60min_mape=9.370730
[2026-09-11 10:53:06] INFO Epoch 042 | stage=posthoc_calibrator | train_total=2.655785 | train_forecast=2.655785 | train_confidence=0.000000 | train_risk=0.000000 | train_blend=0.000000 | val_total=2.727167 | val_mae=2.720914 | val_rmse=5.736892 | val_mape=7.548939 | val_confidence=0.000000 | val_risk=0.000000 | val_blend=0.000000 | batches=709/94 | seconds=63.31 | lr=[3.125e-05] | cuda_peak_mb=1425.4
[2026-09-11 10:53:06] INFO Val horizons | 15min_mae=2.401681 15min_rmse=4.756075 15min_mape=6.213470 | 30min_mae=2.753436 30min_rmse=5.785154 30min_mape=7.706003 | 60min_mae=3.173404 60min_rmse=6.869113 60min_mape=9.345325
[2026-09-11 10:54:09] INFO Epoch 043 | stage=posthoc_calibrator | train_total=2.655140 | train_forecast=2.655140 | train_confidence=0.000000 | train_risk=0.000000 | train_blend=0.000000 | val_total=2.725669 | val_mae=2.719391 | val_rmse=5.734031 | val_mape=7.546156 | val_confidence=0.000000 | val_risk=0.000000 | val_blend=0.000000 | batches=709/94 | seconds=63.25 | lr=[3.125e-05] | cuda_peak_mb=1424.1
[2026-09-11 10:54:09] INFO Val horizons | 15min_mae=2.401272 15min_rmse=4.756257 15min_mape=6.212358 | 30min_mae=2.751830 30min_rmse=5.784471 30min_mape=7.698947 | 60min_mae=3.171253 60min_rmse=6.862667 60min_mape=9.346215
[2026-09-11 10:55:13] INFO Epoch 044 | stage=posthoc_calibrator | train_total=2.655548 | train_forecast=2.655548 | train_confidence=0.000000 | train_risk=0.000000 | train_blend=0.000000 | val_total=2.731217 | val_mae=2.725033 | val_rmse=5.734893 | val_mape=7.554181 | val_confidence=0.000000 | val_risk=0.000000 | val_blend=0.000000 | batches=709/94 | seconds=63.16 | lr=[3.125e-05] | cuda_peak_mb=1423.7
[2026-09-11 10:55:13] INFO Val horizons | 15min_mae=2.402070 15min_rmse=4.752127 15min_mape=6.210887 | 30min_mae=2.756120 30min_rmse=5.778474 30min_mape=7.706469 | 60min_mae=3.182958 60min_rmse=6.873532 60min_mape=9.363963
[2026-09-11 10:56:16] INFO Epoch 045 | stage=posthoc_calibrator | train_total=2.655086 | train_forecast=2.655086 | train_confidence=0.000000 | train_risk=0.000000 | train_blend=0.000000 | val_total=2.729240 | val_mae=2.723076 | val_rmse=5.733762 | val_mape=7.574311 | val_confidence=0.000000 | val_risk=0.000000 | val_blend=0.000000 | batches=709/94 | seconds=63.16 | lr=[3.125e-05] | cuda_peak_mb=1423.7
[2026-09-11 10:56:16] INFO Val horizons | 15min_mae=2.401524 15min_rmse=4.751619 15min_mape=6.214348 | 30min_mae=2.754951 30min_rmse=5.778212 30min_mape=7.728008 | 60min_mae=3.178624 60min_rmse=6.869554 60min_mape=9.392253
[2026-09-11 10:57:19] INFO Epoch 046 | stage=posthoc_calibrator | train_total=2.655314 | train_forecast=2.655314 | train_confidence=0.000000 | train_risk=0.000000 | train_blend=0.000000 | val_total=2.727670 | val_mae=2.721431 | val_rmse=5.735126 | val_mape=7.565335 | val_confidence=0.000000 | val_risk=0.000000 | val_blend=0.000000 | batches=709/94 | seconds=63.24 | lr=[3.125e-05] | cuda_peak_mb=1424.0
[2026-09-11 10:57:19] INFO Val horizons | 15min_mae=2.401461 15min_rmse=4.754542 15min_mape=6.214321 | 30min_mae=2.753938 30min_rmse=5.781629 30min_mape=7.718924 | 60min_mae=3.175123 60min_rmse=6.868576 60min_mape=9.376332
[2026-09-11 10:58:22] INFO Epoch 047 | stage=posthoc_calibrator | train_total=2.655393 | train_forecast=2.655393 | train_confidence=0.000000 | train_risk=0.000000 | train_blend=0.000000 | val_total=2.729882 | val_mae=2.723673 | val_rmse=5.737598 | val_mape=7.555940 | val_confidence=0.000000 | val_risk=0.000000 | val_blend=0.000000 | batches=709/94 | seconds=63.15 | lr=[3.125e-05] | cuda_peak_mb=1424.8
[2026-09-11 10:58:22] INFO Val horizons | 15min_mae=2.401883 15min_rmse=4.753891 15min_mape=6.210939 | 30min_mae=2.755252 30min_rmse=5.781941 30min_mape=7.707038 | 60min_mae=3.180068 60min_rmse=6.876174 60min_mape=9.367607
[2026-09-11 10:59:25] INFO Epoch 048 | stage=posthoc_calibrator | train_total=2.655224 | train_forecast=2.655224 | train_confidence=0.000000 | train_risk=0.000000 | train_blend=0.000000 | val_total=2.729453 | val_mae=2.723232 | val_rmse=5.736175 | val_mape=7.565950 | val_confidence=0.000000 | val_risk=0.000000 | val_blend=0.000000 | batches=709/94 | seconds=63.14 | lr=[3.125e-05] | cuda_peak_mb=1424.1
[2026-09-11 10:59:25] INFO Val horizons | 15min_mae=2.401746 15min_rmse=4.755308 15min_mape=6.215128 | 30min_mae=2.754835 30min_rmse=5.783414 30min_mape=7.717663 | 60min_mae=3.179563 60min_rmse=6.871119 60min_mape=9.382230
[2026-09-11 11:00:28] INFO Epoch 049 | stage=posthoc_calibrator | train_total=2.655376 | train_forecast=2.655376 | train_confidence=0.000000 | train_risk=0.000000 | train_blend=0.000000 | val_total=2.730869 | val_mae=2.724702 | val_rmse=5.741203 | val_mape=7.597143 | val_confidence=0.000000 | val_risk=0.000000 | val_blend=0.000000 | batches=709/94 | seconds=63.16 | lr=[3.125e-05] | cuda_peak_mb=1423.3
[2026-09-11 11:00:28] INFO Val horizons | 15min_mae=2.401755 15min_rmse=4.753427 15min_mape=6.218216 | 30min_mae=2.756222 30min_rmse=5.783199 30min_mape=7.745753 | 60min_mae=3.182605 60min_rmse=6.884493 60min_mape=9.437278
[2026-09-11 11:01:32] INFO Epoch 050 | stage=posthoc_calibrator | train_total=2.655174 | train_forecast=2.655174 | train_confidence=0.000000 | train_risk=0.000000 | train_blend=0.000000 | val_total=2.735021 | val_mae=2.728869 | val_rmse=5.742111 | val_mape=7.574736 | val_confidence=0.000000 | val_risk=0.000000 | val_blend=0.000000 | batches=709/94 | seconds=63.16 | lr=[3.125e-05] | cuda_peak_mb=1425.4
[2026-09-11 11:01:32] INFO Val horizons | 15min_mae=2.402610 15min_rmse=4.752066 15min_mape=6.214201 | 30min_mae=2.759375 30min_rmse=5.782352 30min_mape=7.726014 | 60min_mae=3.191797 60min_rmse=6.889613 60min_mape=9.398126
[2026-09-11 11:01:32] INFO Downstream training finished | best_val_mae=2.714221 | checkpoint=C:\Users\clw\projects\researchRep\STAnchor-BlockMemory\artifacts\convergence\formal_20260910_trained_router_dcrnn_seed42\downstream_best.pt
