[2026-09-02 14:15:15] INFO Downstream start | run=convergence\formal_20260902_physical_mae_router_argcn_seed42 | device=cuda:0 (requested=cuda:0) | seed=42 | output=C:\Users\clw\projects\researchRep\STAnchor-BlockMemory\artifacts\convergence\formal_20260902_physical_mae_router_argcn_seed42
[2026-09-02 14:15:15] INFO Mode | downstream_mode=learned_topk_error_aware | training_protocol=posthoc_frozen_base | candidate_protocol=weekday_radius1_overlap
[2026-09-02 14:15:15] INFO Downstream initialization | seed=42 | state_hash=f08cd0621c405da0
[2026-09-02 14:15:15] INFO Frozen base | checkpoint=C:\Users\clw\projects\researchRep\STAnchor-BlockMemory\artifacts\convergence\formal_20260826_argcn_base_only_v1\downstream_best.pt | fingerprint=aec0d7409fcfde5a
[2026-09-02 14:15:15] INFO Data | steps=34272 | nodes=207 | channels=1 | training_scope=full_train | memory/post_memory/train_selected/val/test=15876/6805/22681/2993/6025
[2026-09-02 14:15:15] INFO Bank/retrieval | dataset=METR-LA | events=15876 | nodes=207 | retrieval_dim=64 | event_top_r=32 | node_top_k=12 | key_dtype=float16
[2026-09-02 14:15:15] INFO Parameters | downstream_total=1,030,502 | downstream_trainable=879,693 | backbone=0 | confidence_head=0 | fusion=0 | frozen_pretrained=958,704
[2026-09-02 14:15:15] INFO Optimization | epochs=50 | batch_size=32 | optimizer=adam | lr=0.0005 | weight_decay=0.0001 | scheduler=step_lr | step_size=10 | gamma=0.500 | confidence_weight=0.000 | patience=20 | early_stopping=disabled
[2026-09-02 14:15:17] INFO Stage start | stage=posthoc_calibrator | epochs=50 | optimizer_lrs=[0.0005]
[2026-09-02 14:21:11] INFO Epoch 001 | stage=posthoc_calibrator | train_total=2.912552 | train_forecast=2.912552 | train_confidence=0.000000 | train_risk=0.000000 | train_blend=0.000000 | val_total=2.885720 | val_mae=2.884085 | val_rmse=5.907740 | val_mape=7.903300 | val_confidence=0.000000 | val_risk=0.000000 | val_blend=0.000000 | batches=709/94 | seconds=354.67 | lr=[0.0005] | cuda_peak_mb=3484.4
[2026-09-02 14:21:11] INFO Val horizons | 15min_mae=2.581239 15min_rmse=5.018439 15min_mape=6.770991 | 30min_mae=2.911242 30min_rmse=5.925963 30min_mape=8.057903 | 60min_mae=3.339571 60min_rmse=7.019363 60min_mape=9.498668
[2026-09-02 14:21:11] INFO Checkpoint updated | epoch=1 | stage=posthoc_calibrator | best_val_mae=2.884085 | path=C:\Users\clw\projects\researchRep\STAnchor-BlockMemory\artifacts\convergence\formal_20260902_physical_mae_router_argcn_seed42\downstream_best.pt
[2026-09-02 14:22:17] INFO Epoch 002 | stage=posthoc_calibrator | train_total=2.878634 | train_forecast=2.878634 | train_confidence=0.000000 | train_risk=0.000000 | train_blend=0.000000 | val_total=2.866260 | val_mae=2.864276 | val_rmse=5.930190 | val_mape=8.090795 | val_confidence=0.000000 | val_risk=0.000000 | val_blend=0.000000 | batches=709/94 | seconds=65.20 | lr=[0.0005] | cuda_peak_mb=1419.5
[2026-09-02 14:22:17] INFO Val horizons | 15min_mae=2.561061 15min_rmse=5.011707 15min_mape=6.781362 | 30min_mae=2.892835 30min_rmse=5.927431 30min_mape=8.237697 | 60min_mae=3.313008 60min_rmse=7.090685 60min_mape=9.863122
[2026-09-02 14:22:17] INFO Checkpoint updated | epoch=2 | stage=posthoc_calibrator | best_val_mae=2.864276 | path=C:\Users\clw\projects\researchRep\STAnchor-BlockMemory\artifacts\convergence\formal_20260902_physical_mae_router_argcn_seed42\downstream_best.pt
[2026-09-02 14:23:22] INFO Epoch 003 | stage=posthoc_calibrator | train_total=2.872023 | train_forecast=2.872023 | train_confidence=0.000000 | train_risk=0.000000 | train_blend=0.000000 | val_total=2.859068 | val_mae=2.857211 | val_rmse=5.909435 | val_mape=7.849737 | val_confidence=0.000000 | val_risk=0.000000 | val_blend=0.000000 | batches=709/94 | seconds=65.03 | lr=[0.0005] | cuda_peak_mb=1421.4
[2026-09-02 14:23:22] INFO Val horizons | 15min_mae=2.561190 15min_rmse=5.019405 15min_mape=6.646518 | 30min_mae=2.886972 30min_rmse=5.924287 30min_mape=7.943276 | 60min_mae=3.297860 60min_rmse=7.034662 60min_mape=9.572730
[2026-09-02 14:23:22] INFO Checkpoint updated | epoch=3 | stage=posthoc_calibrator | best_val_mae=2.857211 | path=C:\Users\clw\projects\researchRep\STAnchor-BlockMemory\artifacts\convergence\formal_20260902_physical_mae_router_argcn_seed42\downstream_best.pt
[2026-09-02 14:24:27] INFO Epoch 004 | stage=posthoc_calibrator | train_total=2.869812 | train_forecast=2.869812 | train_confidence=0.000000 | train_risk=0.000000 | train_blend=0.000000 | val_total=2.869434 | val_mae=2.867669 | val_rmse=5.928066 | val_mape=7.984803 | val_confidence=0.000000 | val_risk=0.000000 | val_blend=0.000000 | batches=709/94 | seconds=65.01 | lr=[0.0005] | cuda_peak_mb=1420.9
[2026-09-02 14:24:27] INFO Val horizons | 15min_mae=2.562057 15min_rmse=5.007727 15min_mape=6.730280 | 30min_mae=2.897417 30min_rmse=5.939234 30min_mape=8.107092 | 60min_mae=3.318849 60min_rmse=7.067152 60min_mape=9.750990
[2026-09-02 14:25:32] INFO Epoch 005 | stage=posthoc_calibrator | train_total=2.866422 | train_forecast=2.866422 | train_confidence=0.000000 | train_risk=0.000000 | train_blend=0.000000 | val_total=2.871166 | val_mae=2.869393 | val_rmse=5.920542 | val_mape=8.055516 | val_confidence=0.000000 | val_risk=0.000000 | val_blend=0.000000 | batches=709/94 | seconds=64.92 | lr=[0.0005] | cuda_peak_mb=1420.2
[2026-09-02 14:25:32] INFO Val horizons | 15min_mae=2.554422 15min_rmse=5.002211 15min_mape=6.747511 | 30min_mae=2.891637 30min_rmse=5.919398 30min_mape=8.186708 | 60min_mae=3.337656 60min_rmse=7.074316 60min_mape=9.863944
[2026-09-02 14:26:37] INFO Epoch 006 | stage=posthoc_calibrator | train_total=2.863291 | train_forecast=2.863291 | train_confidence=0.000000 | train_risk=0.000000 | train_blend=0.000000 | val_total=2.841861 | val_mae=2.839653 | val_rmse=5.887545 | val_mape=7.968102 | val_confidence=0.000000 | val_risk=0.000000 | val_blend=0.000000 | batches=709/94 | seconds=65.03 | lr=[0.0005] | cuda_peak_mb=1421.0
[2026-09-02 14:26:37] INFO Val horizons | 15min_mae=2.544382 15min_rmse=4.993122 15min_mape=6.642741 | 30min_mae=2.865323 30min_rmse=5.889943 30min_mape=8.023161 | 60min_mae=3.278370 60min_rmse=7.013046 60min_mape=9.882557
[2026-09-02 14:26:37] INFO Checkpoint updated | epoch=6 | stage=posthoc_calibrator | best_val_mae=2.839653 | path=C:\Users\clw\projects\researchRep\STAnchor-BlockMemory\artifacts\convergence\formal_20260902_physical_mae_router_argcn_seed42\downstream_best.pt
[2026-09-02 14:27:42] INFO Epoch 007 | stage=posthoc_calibrator | train_total=2.860841 | train_forecast=2.860841 | train_confidence=0.000000 | train_risk=0.000000 | train_blend=0.000000 | val_total=2.853638 | val_mae=2.851526 | val_rmse=5.890332 | val_mape=8.045790 | val_confidence=0.000000 | val_risk=0.000000 | val_blend=0.000000 | batches=709/94 | seconds=65.09 | lr=[0.0005] | cuda_peak_mb=1420.2
[2026-09-02 14:27:42] INFO Val horizons | 15min_mae=2.548433 15min_rmse=4.989798 15min_mape=6.707121 | 30min_mae=2.876083 30min_rmse=5.902818 30min_mape=8.170040 | 60min_mae=3.304798 60min_rmse=7.009570 60min_mape=9.890222
[2026-09-02 14:28:47] INFO Epoch 008 | stage=posthoc_calibrator | train_total=2.858550 | train_forecast=2.858550 | train_confidence=0.000000 | train_risk=0.000000 | train_blend=0.000000 | val_total=2.860203 | val_mae=2.858307 | val_rmse=5.886920 | val_mape=7.969099 | val_confidence=0.000000 | val_risk=0.000000 | val_blend=0.000000 | batches=709/94 | seconds=65.17 | lr=[0.0005] | cuda_peak_mb=1421.4
[2026-09-02 14:28:47] INFO Val horizons | 15min_mae=2.550473 15min_rmse=4.984027 15min_mape=6.693351 | 30min_mae=2.882730 30min_rmse=5.892959 30min_mape=8.110223 | 60min_mae=3.317912 60min_rmse=7.019924 60min_mape=9.741098
[2026-09-02 14:29:52] INFO Epoch 009 | stage=posthoc_calibrator | train_total=2.857436 | train_forecast=2.857436 | train_confidence=0.000000 | train_risk=0.000000 | train_blend=0.000000 | val_total=2.850853 | val_mae=2.848796 | val_rmse=5.890200 | val_mape=7.898943 | val_confidence=0.000000 | val_risk=0.000000 | val_blend=0.000000 | batches=709/94 | seconds=65.02 | lr=[0.0005] | cuda_peak_mb=1420.9
[2026-09-02 14:29:52] INFO Val horizons | 15min_mae=2.547386 15min_rmse=4.995828 15min_mape=6.665025 | 30min_mae=2.875315 30min_rmse=5.907726 30min_mape=8.023391 | 60min_mae=3.293491 60min_rmse=6.995136 60min_mape=9.627581
[2026-09-02 14:30:57] INFO Epoch 010 | stage=posthoc_calibrator | train_total=2.855471 | train_forecast=2.855471 | train_confidence=0.000000 | train_risk=0.000000 | train_blend=0.000000 | val_total=2.855191 | val_mae=2.853102 | val_rmse=5.930428 | val_mape=8.061782 | val_confidence=0.000000 | val_risk=0.000000 | val_blend=0.000000 | batches=709/94 | seconds=65.05 | lr=[0.0005] | cuda_peak_mb=1420.3
[2026-09-02 14:30:57] INFO Val horizons | 15min_mae=2.544077 15min_rmse=4.993848 15min_mape=6.714901 | 30min_mae=2.875331 30min_rmse=5.925804 30min_mape=8.152652 | 60min_mae=3.310987 60min_rmse=7.091877 60min_mape=9.936784
[2026-09-02 14:32:02] INFO Epoch 011 | stage=posthoc_calibrator | train_total=2.851138 | train_forecast=2.851138 | train_confidence=0.000000 | train_risk=0.000000 | train_blend=0.000000 | val_total=2.849420 | val_mae=2.847360 | val_rmse=5.884659 | val_mape=7.974683 | val_confidence=0.000000 | val_risk=0.000000 | val_blend=0.000000 | batches=709/94 | seconds=65.12 | lr=[0.00025] | cuda_peak_mb=1419.5
[2026-09-02 14:32:02] INFO Val horizons | 15min_mae=2.543313 15min_rmse=4.973193 15min_mape=6.640240 | 30min_mae=2.873800 30min_rmse=5.892062 30min_mape=8.094730 | 60min_mae=3.293244 60min_rmse=7.007391 60min_mape=9.817752
[2026-09-02 14:33:07] INFO Epoch 012 | stage=posthoc_calibrator | train_total=2.850192 | train_forecast=2.850192 | train_confidence=0.000000 | train_risk=0.000000 | train_blend=0.000000 | val_total=2.860290 | val_mae=2.858337 | val_rmse=5.910346 | val_mape=7.956833 | val_confidence=0.000000 | val_risk=0.000000 | val_blend=0.000000 | batches=709/94 | seconds=65.09 | lr=[0.00025] | cuda_peak_mb=1420.5
[2026-09-02 14:33:07] INFO Val horizons | 15min_mae=2.545152 15min_rmse=4.982732 15min_mape=6.655322 | 30min_mae=2.880027 30min_rmse=5.906689 30min_mape=8.066124 | 60min_mae=3.321482 60min_rmse=7.068361 60min_mape=9.766994
[2026-09-02 14:34:12] INFO Epoch 013 | stage=posthoc_calibrator | train_total=2.849845 | train_forecast=2.849845 | train_confidence=0.000000 | train_risk=0.000000 | train_blend=0.000000 | val_total=2.845470 | val_mae=2.843327 | val_rmse=5.891345 | val_mape=7.988383 | val_confidence=0.000000 | val_risk=0.000000 | val_blend=0.000000 | batches=709/94 | seconds=64.99 | lr=[0.00025] | cuda_peak_mb=1420.0
[2026-09-02 14:34:12] INFO Val horizons | 15min_mae=2.539269 15min_rmse=4.989716 15min_mape=6.692114 | 30min_mae=2.863574 30min_rmse=5.899769 30min_mape=8.119803 | 60min_mae=3.299934 60min_rmse=7.019645 60min_mape=9.786116
[2026-09-02 14:35:17] INFO Epoch 014 | stage=posthoc_calibrator | train_total=2.849285 | train_forecast=2.849285 | train_confidence=0.000000 | train_risk=0.000000 | train_blend=0.000000 | val_total=2.846111 | val_mae=2.843998 | val_rmse=5.882699 | val_mape=7.983497 | val_confidence=0.000000 | val_risk=0.000000 | val_blend=0.000000 | batches=709/94 | seconds=65.03 | lr=[0.00025] | cuda_peak_mb=1421.2
[2026-09-02 14:35:17] INFO Val horizons | 15min_mae=2.538926 15min_rmse=4.978037 15min_mape=6.663191 | 30min_mae=2.868496 30min_rmse=5.888890 30min_mape=8.099468 | 60min_mae=3.294752 60min_rmse=7.007080 60min_mape=9.810587
[2026-09-02 14:36:22] INFO Epoch 015 | stage=posthoc_calibrator | train_total=2.848724 | train_forecast=2.848724 | train_confidence=0.000000 | train_risk=0.000000 | train_blend=0.000000 | val_total=2.854021 | val_mae=2.852017 | val_rmse=5.906965 | val_mape=7.968841 | val_confidence=0.000000 | val_risk=0.000000 | val_blend=0.000000 | batches=709/94 | seconds=65.00 | lr=[0.00025] | cuda_peak_mb=1419.9
[2026-09-02 14:36:22] INFO Val horizons | 15min_mae=2.540971 15min_rmse=4.986241 15min_mape=6.683473 | 30min_mae=2.873147 30min_rmse=5.906813 30min_mape=8.075907 | 60min_mae=3.311450 60min_rmse=7.051611 60min_mape=9.779815
[2026-09-02 14:37:27] INFO Epoch 016 | stage=posthoc_calibrator | train_total=2.848394 | train_forecast=2.848394 | train_confidence=0.000000 | train_risk=0.000000 | train_blend=0.000000 | val_total=2.856235 | val_mae=2.854224 | val_rmse=5.925505 | val_mape=8.018666 | val_confidence=0.000000 | val_risk=0.000000 | val_blend=0.000000 | batches=709/94 | seconds=64.96 | lr=[0.00025] | cuda_peak_mb=1421.4
[2026-09-02 14:37:27] INFO Val horizons | 15min_mae=2.543435 15min_rmse=4.978750 15min_mape=6.656940 | 30min_mae=2.880025 30min_rmse=5.924658 30min_mape=8.104175 | 60min_mae=3.308410 60min_rmse=7.089723 60min_mape=9.935769
[2026-09-02 14:38:32] INFO Epoch 017 | stage=posthoc_calibrator | train_total=2.847819 | train_forecast=2.847819 | train_confidence=0.000000 | train_risk=0.000000 | train_blend=0.000000 | val_total=2.846842 | val_mae=2.844737 | val_rmse=5.896216 | val_mape=7.943349 | val_confidence=0.000000 | val_risk=0.000000 | val_blend=0.000000 | batches=709/94 | seconds=65.05 | lr=[0.00025] | cuda_peak_mb=1420.9
[2026-09-02 14:38:32] INFO Val horizons | 15min_mae=2.538771 15min_rmse=4.978264 15min_mape=6.638454 | 30min_mae=2.868823 30min_rmse=5.901007 30min_mape=8.048842 | 60min_mae=3.296426 60min_rmse=7.031303 60min_mape=9.758970
[2026-09-02 14:39:37] INFO Epoch 018 | stage=posthoc_calibrator | train_total=2.847607 | train_forecast=2.847607 | train_confidence=0.000000 | train_risk=0.000000 | train_blend=0.000000 | val_total=2.864822 | val_mae=2.862913 | val_rmse=5.930046 | val_mape=8.063647 | val_confidence=0.000000 | val_risk=0.000000 | val_blend=0.000000 | batches=709/94 | seconds=64.95 | lr=[0.00025] | cuda_peak_mb=1420.5
[2026-09-02 14:39:37] INFO Val horizons | 15min_mae=2.546223 15min_rmse=4.977207 15min_mape=6.685472 | 30min_mae=2.888635 30min_rmse=5.931606 30min_mape=8.166714 | 60min_mae=3.324602 60min_rmse=7.087096 60min_mape=9.959414
[2026-09-02 14:40:42] INFO Epoch 019 | stage=posthoc_calibrator | train_total=2.847060 | train_forecast=2.847060 | train_confidence=0.000000 | train_risk=0.000000 | train_blend=0.000000 | val_total=2.860343 | val_mae=2.858401 | val_rmse=5.911357 | val_mape=8.008049 | val_confidence=0.000000 | val_risk=0.000000 | val_blend=0.000000 | batches=709/94 | seconds=64.90 | lr=[0.00025] | cuda_peak_mb=1420.1
[2026-09-02 14:40:42] INFO Val horizons | 15min_mae=2.541518 15min_rmse=4.974287 15min_mape=6.650568 | 30min_mae=2.881106 30min_rmse=5.903191 30min_mape=8.098905 | 60min_mae=3.324124 60min_rmse=7.082243 60min_mape=9.913953
[2026-09-02 14:41:47] INFO Epoch 020 | stage=posthoc_calibrator | train_total=2.846756 | train_forecast=2.846756 | train_confidence=0.000000 | train_risk=0.000000 | train_blend=0.000000 | val_total=2.873702 | val_mae=2.871965 | val_rmse=5.932871 | val_mape=8.039203 | val_confidence=0.000000 | val_risk=0.000000 | val_blend=0.000000 | batches=709/94 | seconds=64.94 | lr=[0.00025] | cuda_peak_mb=1420.3
[2026-09-02 14:41:47] INFO Val horizons | 15min_mae=2.546546 15min_rmse=4.978738 15min_mape=6.705679 | 30min_mae=2.895439 30min_rmse=5.931378 30min_mape=8.180972 | 60min_mae=3.341362 60min_rmse=7.096487 60min_mape=9.873219
[2026-09-02 14:42:52] INFO Epoch 021 | stage=posthoc_calibrator | train_total=2.844523 | train_forecast=2.844523 | train_confidence=0.000000 | train_risk=0.000000 | train_blend=0.000000 | val_total=2.844012 | val_mae=2.841945 | val_rmse=5.902409 | val_mape=7.924467 | val_confidence=0.000000 | val_risk=0.000000 | val_blend=0.000000 | batches=709/94 | seconds=64.93 | lr=[0.000125] | cuda_peak_mb=1420.8
[2026-09-02 14:42:52] INFO Val horizons | 15min_mae=2.537249 15min_rmse=4.980955 15min_mape=6.614332 | 30min_mae=2.865281 30min_rmse=5.913308 30min_mape=8.021145 | 60min_mae=3.292711 60min_rmse=7.031950 60min_mape=9.772007
[2026-09-02 14:43:57] INFO Epoch 022 | stage=posthoc_calibrator | train_total=2.844005 | train_forecast=2.844005 | train_confidence=0.000000 | train_risk=0.000000 | train_blend=0.000000 | val_total=2.854796 | val_mae=2.852823 | val_rmse=5.912226 | val_mape=7.948169 | val_confidence=0.000000 | val_risk=0.000000 | val_blend=0.000000 | batches=709/94 | seconds=64.84 | lr=[0.000125] | cuda_peak_mb=1419.6
[2026-09-02 14:43:57] INFO Val horizons | 15min_mae=2.536569 15min_rmse=4.975154 15min_mape=6.611317 | 30min_mae=2.871212 30min_rmse=5.902274 30min_mape=8.037596 | 60min_mae=3.321230 60min_rmse=7.083698 60min_mape=9.836860
[2026-09-02 14:45:02] INFO Epoch 023 | stage=posthoc_calibrator | train_total=2.843543 | train_forecast=2.843543 | train_confidence=0.000000 | train_risk=0.000000 | train_blend=0.000000 | val_total=2.848377 | val_mae=2.846226 | val_rmse=5.902346 | val_mape=8.037773 | val_confidence=0.000000 | val_risk=0.000000 | val_blend=0.000000 | batches=709/94 | seconds=64.88 | lr=[0.000125] | cuda_peak_mb=1422.0
[2026-09-02 14:45:02] INFO Val horizons | 15min_mae=2.540093 15min_rmse=4.973280 15min_mape=6.659313 | 30min_mae=2.870830 30min_rmse=5.903305 30min_mape=8.131397 | 60min_mae=3.296627 60min_rmse=7.048733 60min_mape=9.965598
[2026-09-02 14:46:07] INFO Epoch 024 | stage=posthoc_calibrator | train_total=2.843796 | train_forecast=2.843796 | train_confidence=0.000000 | train_risk=0.000000 | train_blend=0.000000 | val_total=2.845593 | val_mae=2.843429 | val_rmse=5.898557 | val_mape=7.984091 | val_confidence=0.000000 | val_risk=0.000000 | val_blend=0.000000 | batches=709/94 | seconds=64.92 | lr=[0.000125] | cuda_peak_mb=1420.3
[2026-09-02 14:46:07] INFO Val horizons | 15min_mae=2.537562 15min_rmse=4.982310 15min_mape=6.647314 | 30min_mae=2.865706 30min_rmse=5.907395 30min_mape=8.072600 | 60min_mae=3.296573 60min_rmse=7.028706 60min_mape=9.880881
[2026-09-02 14:47:12] INFO Epoch 025 | stage=posthoc_calibrator | train_total=2.843408 | train_forecast=2.843408 | train_confidence=0.000000 | train_risk=0.000000 | train_blend=0.000000 | val_total=2.846381 | val_mae=2.844274 | val_rmse=5.902943 | val_mape=7.968336 | val_confidence=0.000000 | val_risk=0.000000 | val_blend=0.000000 | batches=709/94 | seconds=64.96 | lr=[0.000125] | cuda_peak_mb=1420.0
[2026-09-02 14:47:12] INFO Val horizons | 15min_mae=2.537015 15min_rmse=4.976906 15min_mape=6.633295 | 30min_mae=2.866745 30min_rmse=5.907487 30min_mape=8.079986 | 60min_mae=3.296752 60min_rmse=7.041927 60min_mape=9.828515
[2026-09-02 14:48:17] INFO Epoch 026 | stage=posthoc_calibrator | train_total=2.842898 | train_forecast=2.842898 | train_confidence=0.000000 | train_risk=0.000000 | train_blend=0.000000 | val_total=2.856531 | val_mae=2.854450 | val_rmse=5.919666 | val_mape=8.038402 | val_confidence=0.000000 | val_risk=0.000000 | val_blend=0.000000 | batches=709/94 | seconds=65.00 | lr=[0.000125] | cuda_peak_mb=1421.0
[2026-09-02 14:48:17] INFO Val horizons | 15min_mae=2.541493 15min_rmse=4.978784 15min_mape=6.648228 | 30min_mae=2.877374 30min_rmse=5.919976 30min_mape=8.133467 | 60min_mae=3.314955 60min_rmse=7.069614 60min_mape=9.950460
[2026-09-02 14:49:21] INFO Epoch 027 | stage=posthoc_calibrator | train_total=2.842442 | train_forecast=2.842442 | train_confidence=0.000000 | train_risk=0.000000 | train_blend=0.000000 | val_total=2.857824 | val_mae=2.855894 | val_rmse=5.916373 | val_mape=7.943535 | val_confidence=0.000000 | val_risk=0.000000 | val_blend=0.000000 | batches=709/94 | seconds=64.94 | lr=[0.000125] | cuda_peak_mb=1420.2
[2026-09-02 14:49:21] INFO Val horizons | 15min_mae=2.539780 15min_rmse=4.971081 15min_mape=6.614964 | 30min_mae=2.879018 30min_rmse=5.913575 30min_mape=8.052138 | 60min_mae=3.321010 60min_rmse=7.082549 60min_mape=9.802843
[2026-09-02 14:50:26] INFO Epoch 028 | stage=posthoc_calibrator | train_total=2.842619 | train_forecast=2.842619 | train_confidence=0.000000 | train_risk=0.000000 | train_blend=0.000000 | val_total=2.850126 | val_mae=2.848025 | val_rmse=5.907318 | val_mape=8.014419 | val_confidence=0.000000 | val_risk=0.000000 | val_blend=0.000000 | batches=709/94 | seconds=64.92 | lr=[0.000125] | cuda_peak_mb=1421.0
[2026-09-02 14:50:26] INFO Val horizons | 15min_mae=2.538659 15min_rmse=4.981062 15min_mape=6.678535 | 30min_mae=2.870101 30min_rmse=5.912283 30min_mape=8.123359 | 60min_mae=3.306731 60min_rmse=7.050224 60min_mape=9.880942
[2026-09-02 14:51:31] INFO Epoch 029 | stage=posthoc_calibrator | train_total=2.842051 | train_forecast=2.842051 | train_confidence=0.000000 | train_risk=0.000000 | train_blend=0.000000 | val_total=2.858210 | val_mae=2.856293 | val_rmse=5.902751 | val_mape=7.948868 | val_confidence=0.000000 | val_risk=0.000000 | val_blend=0.000000 | batches=709/94 | seconds=64.93 | lr=[0.000125] | cuda_peak_mb=1421.4
[2026-09-02 14:51:31] INFO Val horizons | 15min_mae=2.543278 15min_rmse=4.968952 15min_mape=6.582595 | 30min_mae=2.881791 30min_rmse=5.900946 30min_mape=8.002906 | 60min_mae=3.314227 60min_rmse=7.054856 60min_mape=9.901392
[2026-09-02 14:52:36] INFO Epoch 030 | stage=posthoc_calibrator | train_total=2.842256 | train_forecast=2.842256 | train_confidence=0.000000 | train_risk=0.000000 | train_blend=0.000000 | val_total=2.842160 | val_mae=2.839959 | val_rmse=5.891900 | val_mape=7.951936 | val_confidence=0.000000 | val_risk=0.000000 | val_blend=0.000000 | batches=709/94 | seconds=64.96 | lr=[0.000125] | cuda_peak_mb=1420.9
[2026-09-02 14:52:36] INFO Val horizons | 15min_mae=2.535656 15min_rmse=4.975438 15min_mape=6.626543 | 30min_mae=2.864712 30min_rmse=5.902611 30min_mape=8.065203 | 60min_mae=3.288073 60min_rmse=7.013992 60min_mape=9.794282
[2026-09-02 14:53:41] INFO Epoch 031 | stage=posthoc_calibrator | train_total=2.840850 | train_forecast=2.840850 | train_confidence=0.000000 | train_risk=0.000000 | train_blend=0.000000 | val_total=2.857283 | val_mae=2.855298 | val_rmse=5.906482 | val_mape=7.958463 | val_confidence=0.000000 | val_risk=0.000000 | val_blend=0.000000 | batches=709/94 | seconds=64.94 | lr=[6.25e-05] | cuda_peak_mb=1419.9
[2026-09-02 14:53:41] INFO Val horizons | 15min_mae=2.540488 15min_rmse=4.970624 15min_mape=6.628529 | 30min_mae=2.877498 30min_rmse=5.903136 30min_mape=8.041382 | 60min_mae=3.318552 60min_rmse=7.063284 60min_mape=9.845660
[2026-09-02 14:54:46] INFO Epoch 032 | stage=posthoc_calibrator | train_total=2.840501 | train_forecast=2.840501 | train_confidence=0.000000 | train_risk=0.000000 | train_blend=0.000000 | val_total=2.856910 | val_mae=2.854951 | val_rmse=5.920790 | val_mape=8.007562 | val_confidence=0.000000 | val_risk=0.000000 | val_blend=0.000000 | batches=709/94 | seconds=64.96 | lr=[6.25e-05] | cuda_peak_mb=1420.2
[2026-09-02 14:54:46] INFO Val horizons | 15min_mae=2.537741 15min_rmse=4.975787 15min_mape=6.655992 | 30min_mae=2.875090 30min_rmse=5.913258 30min_mape=8.104354 | 60min_mae=3.322663 60min_rmse=7.087753 60min_mape=9.904227
[2026-09-02 14:55:51] INFO Epoch 033 | stage=posthoc_calibrator | train_total=2.840037 | train_forecast=2.840037 | train_confidence=0.000000 | train_risk=0.000000 | train_blend=0.000000 | val_total=2.852677 | val_mae=2.850648 | val_rmse=5.916087 | val_mape=8.014439 | val_confidence=0.000000 | val_risk=0.000000 | val_blend=0.000000 | batches=709/94 | seconds=64.99 | lr=[6.25e-05] | cuda_peak_mb=1419.6
[2026-09-02 14:55:51] INFO Val horizons | 15min_mae=2.537658 15min_rmse=4.975278 15min_mape=6.651722 | 30min_mae=2.871865 30min_rmse=5.914053 30min_mape=8.107933 | 60min_mae=3.311642 60min_rmse=7.068857 60min_mape=9.921089
[2026-09-02 14:56:56] INFO Epoch 034 | stage=posthoc_calibrator | train_total=2.840199 | train_forecast=2.840199 | train_confidence=0.000000 | train_risk=0.000000 | train_blend=0.000000 | val_total=2.850937 | val_mae=2.848861 | val_rmse=5.909555 | val_mape=8.008159 | val_confidence=0.000000 | val_risk=0.000000 | val_blend=0.000000 | batches=709/94 | seconds=64.93 | lr=[6.25e-05] | cuda_peak_mb=1419.9
[2026-09-02 14:56:56] INFO Val horizons | 15min_mae=2.539206 15min_rmse=4.974959 15min_mape=6.664171 | 30min_mae=2.872637 30min_rmse=5.912421 30min_mape=8.105672 | 60min_mae=3.303048 60min_rmse=7.051938 60min_mape=9.887188
[2026-09-02 14:58:01] INFO Epoch 035 | stage=posthoc_calibrator | train_total=2.840451 | train_forecast=2.840451 | train_confidence=0.000000 | train_risk=0.000000 | train_blend=0.000000 | val_total=2.851466 | val_mae=2.849418 | val_rmse=5.904246 | val_mape=8.002673 | val_confidence=0.000000 | val_risk=0.000000 | val_blend=0.000000 | batches=709/94 | seconds=65.04 | lr=[6.25e-05] | cuda_peak_mb=1421.4
[2026-09-02 14:58:01] INFO Val horizons | 15min_mae=2.538089 15min_rmse=4.970351 15min_mape=6.640911 | 30min_mae=2.873479 30min_rmse=5.906021 30min_mape=8.094708 | 60min_mae=3.306089 60min_rmse=7.048455 60min_mape=9.915340
[2026-09-02 14:59:06] INFO Epoch 036 | stage=posthoc_calibrator | train_total=2.839994 | train_forecast=2.839994 | train_confidence=0.000000 | train_risk=0.000000 | train_blend=0.000000 | val_total=2.850899 | val_mae=2.848800 | val_rmse=5.925729 | val_mape=8.044093 | val_confidence=0.000000 | val_risk=0.000000 | val_blend=0.000000 | batches=709/94 | seconds=64.88 | lr=[6.25e-05] | cuda_peak_mb=1420.2
[2026-09-02 14:59:06] INFO Val horizons | 15min_mae=2.538431 15min_rmse=4.979998 15min_mape=6.669564 | 30min_mae=2.872582 30min_rmse=5.929060 30min_mape=8.153314 | 60min_mae=3.303557 60min_rmse=7.073478 60min_mape=9.943235
[2026-09-02 15:00:11] INFO Epoch 037 | stage=posthoc_calibrator | train_total=2.839689 | train_forecast=2.839689 | train_confidence=0.000000 | train_risk=0.000000 | train_blend=0.000000 | val_total=2.851679 | val_mae=2.849599 | val_rmse=5.915884 | val_mape=8.007678 | val_confidence=0.000000 | val_risk=0.000000 | val_blend=0.000000 | batches=709/94 | seconds=65.02 | lr=[6.25e-05] | cuda_peak_mb=1420.3
[2026-09-02 15:00:11] INFO Val horizons | 15min_mae=2.535886 15min_rmse=4.973952 15min_mape=6.621667 | 30min_mae=2.869183 30min_rmse=5.912207 30min_mape=8.082248 | 60min_mae=3.312394 60min_rmse=7.070657 60min_mape=9.942590
[2026-09-02 15:01:16] INFO Epoch 038 | stage=posthoc_calibrator | train_total=2.839803 | train_forecast=2.839803 | train_confidence=0.000000 | train_risk=0.000000 | train_blend=0.000000 | val_total=2.863253 | val_mae=2.861352 | val_rmse=5.944981 | val_mape=8.069347 | val_confidence=0.000000 | val_risk=0.000000 | val_blend=0.000000 | batches=709/94 | seconds=65.01 | lr=[6.25e-05] | cuda_peak_mb=1420.5
[2026-09-02 15:01:16] INFO Val horizons | 15min_mae=2.543056 15min_rmse=4.984801 15min_mape=6.717596 | 30min_mae=2.884208 30min_rmse=5.944386 30min_mape=8.193143 | 60min_mae=3.326060 60min_rmse=7.110712 60min_mape=9.942223
[2026-09-02 15:02:21] INFO Epoch 039 | stage=posthoc_calibrator | train_total=2.839822 | train_forecast=2.839822 | train_confidence=0.000000 | train_risk=0.000000 | train_blend=0.000000 | val_total=2.864583 | val_mae=2.862703 | val_rmse=5.929368 | val_mape=8.000175 | val_confidence=0.000000 | val_risk=0.000000 | val_blend=0.000000 | batches=709/94 | seconds=64.93 | lr=[6.25e-05] | cuda_peak_mb=1419.8
[2026-09-02 15:02:21] INFO Val horizons | 15min_mae=2.540137 15min_rmse=4.971192 15min_mape=6.637528 | 30min_mae=2.883604 30min_rmse=5.915123 30min_mape=8.081621 | 60min_mae=3.334583 60min_rmse=7.112834 60min_mape=9.931329
[2026-09-02 15:03:26] INFO Epoch 040 | stage=posthoc_calibrator | train_total=2.839387 | train_forecast=2.839387 | train_confidence=0.000000 | train_risk=0.000000 | train_blend=0.000000 | val_total=2.848622 | val_mae=2.846530 | val_rmse=5.899227 | val_mape=7.968546 | val_confidence=0.000000 | val_risk=0.000000 | val_blend=0.000000 | batches=709/94 | seconds=64.97 | lr=[6.25e-05] | cuda_peak_mb=1420.2
[2026-09-02 15:03:26] INFO Val horizons | 15min_mae=2.536824 15min_rmse=4.972002 15min_mape=6.609658 | 30min_mae=2.869150 30min_rmse=5.904618 30min_mape=8.057303 | 60min_mae=3.303101 60min_rmse=7.034714 60min_mape=9.874212
[2026-09-02 15:04:31] INFO Epoch 041 | stage=posthoc_calibrator | train_total=2.838706 | train_forecast=2.838706 | train_confidence=0.000000 | train_risk=0.000000 | train_blend=0.000000 | val_total=2.853921 | val_mae=2.851886 | val_rmse=5.913351 | val_mape=7.971025 | val_confidence=0.000000 | val_risk=0.000000 | val_blend=0.000000 | batches=709/94 | seconds=64.91 | lr=[3.125e-05] | cuda_peak_mb=1419.9
[2026-09-02 15:04:31] INFO Val horizons | 15min_mae=2.536223 15min_rmse=4.972724 15min_mape=6.632303 | 30min_mae=2.871229 30min_rmse=5.907828 30min_mape=8.057065 | 60min_mae=3.317747 60min_rmse=7.071119 60min_mape=9.859934
[2026-09-02 15:05:36] INFO Epoch 042 | stage=posthoc_calibrator | train_total=2.838601 | train_forecast=2.838601 | train_confidence=0.000000 | train_risk=0.000000 | train_blend=0.000000 | val_total=2.859147 | val_mae=2.857261 | val_rmse=5.921343 | val_mape=7.962545 | val_confidence=0.000000 | val_risk=0.000000 | val_blend=0.000000 | batches=709/94 | seconds=65.16 | lr=[3.125e-05] | cuda_peak_mb=1419.9
[2026-09-02 15:05:36] INFO Val horizons | 15min_mae=2.538696 15min_rmse=4.970461 15min_mape=6.622712 | 30min_mae=2.878570 30min_rmse=5.916944 30min_mape=8.058319 | 60min_mae=3.322407 60min_rmse=7.081032 60min_mape=9.835660
[2026-09-02 15:06:41] INFO Epoch 043 | stage=posthoc_calibrator | train_total=2.838608 | train_forecast=2.838608 | train_confidence=0.000000 | train_risk=0.000000 | train_blend=0.000000 | val_total=2.851611 | val_mae=2.849557 | val_rmse=5.912074 | val_mape=7.991044 | val_confidence=0.000000 | val_risk=0.000000 | val_blend=0.000000 | batches=709/94 | seconds=65.04 | lr=[3.125e-05] | cuda_peak_mb=1420.2
[2026-09-02 15:06:41] INFO Val horizons | 15min_mae=2.538062 15min_rmse=4.971445 15min_mape=6.642939 | 30min_mae=2.872083 30min_rmse=5.912840 30min_mape=8.086648 | 60min_mae=3.308458 60min_rmse=7.062511 60min_mape=9.876428
[2026-09-02 15:07:46] INFO Epoch 044 | stage=posthoc_calibrator | train_total=2.838724 | train_forecast=2.838724 | train_confidence=0.000000 | train_risk=0.000000 | train_blend=0.000000 | val_total=2.861498 | val_mae=2.859564 | val_rmse=5.932438 | val_mape=8.039579 | val_confidence=0.000000 | val_risk=0.000000 | val_blend=0.000000 | batches=709/94 | seconds=65.01 | lr=[3.125e-05] | cuda_peak_mb=1420.2
[2026-09-02 15:07:46] INFO Val horizons | 15min_mae=2.538709 15min_rmse=4.974560 15min_mape=6.652042 | 30min_mae=2.880207 30min_rmse=5.925524 30min_mape=8.132561 | 60min_mae=3.329216 60min_rmse=7.103110 60min_mape=9.962283
[2026-09-02 15:08:51] INFO Epoch 045 | stage=posthoc_calibrator | train_total=2.838252 | train_forecast=2.838252 | train_confidence=0.000000 | train_risk=0.000000 | train_blend=0.000000 | val_total=2.851145 | val_mae=2.849095 | val_rmse=5.904058 | val_mape=7.975664 | val_confidence=0.000000 | val_risk=0.000000 | val_blend=0.000000 | batches=709/94 | seconds=64.93 | lr=[3.125e-05] | cuda_peak_mb=1419.9
[2026-09-02 15:08:51] INFO Val horizons | 15min_mae=2.536749 15min_rmse=4.971749 15min_mape=6.627848 | 30min_mae=2.870987 30min_rmse=5.905823 30min_mape=8.069818 | 60min_mae=3.308685 60min_rmse=7.048610 60min_mape=9.867703
[2026-09-02 15:09:56] INFO Epoch 046 | stage=posthoc_calibrator | train_total=2.837891 | train_forecast=2.837891 | train_confidence=0.000000 | train_risk=0.000000 | train_blend=0.000000 | val_total=2.850582 | val_mae=2.848514 | val_rmse=5.916769 | val_mape=7.979746 | val_confidence=0.000000 | val_risk=0.000000 | val_blend=0.000000 | batches=709/94 | seconds=65.08 | lr=[3.125e-05] | cuda_peak_mb=1420.5
[2026-09-02 15:09:56] INFO Val horizons | 15min_mae=2.536316 15min_rmse=4.973646 15min_mape=6.625901 | 30min_mae=2.871009 30min_rmse=5.916358 30min_mape=8.065053 | 60min_mae=3.306656 60min_rmse=7.068903 60min_mape=9.877240
[2026-09-02 15:11:01] INFO Epoch 047 | stage=posthoc_calibrator | train_total=2.838340 | train_forecast=2.838340 | train_confidence=0.000000 | train_risk=0.000000 | train_blend=0.000000 | val_total=2.856676 | val_mae=2.854737 | val_rmse=5.917710 | val_mape=7.974153 | val_confidence=0.000000 | val_risk=0.000000 | val_blend=0.000000 | batches=709/94 | seconds=64.98 | lr=[3.125e-05] | cuda_peak_mb=1419.8
[2026-09-02 15:11:01] INFO Val horizons | 15min_mae=2.537360 15min_rmse=4.970334 15min_mape=6.622935 | 30min_mae=2.876206 30min_rmse=5.911349 30min_mape=8.054199 | 60min_mae=3.320506 60min_rmse=7.083305 60min_mape=9.886601
[2026-09-02 15:12:06] INFO Epoch 048 | stage=posthoc_calibrator | train_total=2.838241 | train_forecast=2.838241 | train_confidence=0.000000 | train_risk=0.000000 | train_blend=0.000000 | val_total=2.851544 | val_mae=2.849530 | val_rmse=5.912009 | val_mape=7.966003 | val_confidence=0.000000 | val_risk=0.000000 | val_blend=0.000000 | batches=709/94 | seconds=64.88 | lr=[3.125e-05] | cuda_peak_mb=1421.0
[2026-09-02 15:12:06] INFO Val horizons | 15min_mae=2.537212 15min_rmse=4.971049 15min_mape=6.613673 | 30min_mae=2.871879 30min_rmse=5.910588 30min_mape=8.050339 | 60min_mae=3.309394 60min_rmse=7.065988 60min_mape=9.864014
[2026-09-02 15:13:11] INFO Epoch 049 | stage=posthoc_calibrator | train_total=2.837882 | train_forecast=2.837882 | train_confidence=0.000000 | train_risk=0.000000 | train_blend=0.000000 | val_total=2.856931 | val_mae=2.854977 | val_rmse=5.910846 | val_mape=7.982438 | val_confidence=0.000000 | val_risk=0.000000 | val_blend=0.000000 | batches=709/94 | seconds=64.83 | lr=[3.125e-05] | cuda_peak_mb=1420.3
[2026-09-02 15:13:11] INFO Val horizons | 15min_mae=2.538579 15min_rmse=4.969619 15min_mape=6.643716 | 30min_mae=2.877566 30min_rmse=5.910691 30min_mape=8.081136 | 60min_mae=3.318231 60min_rmse=7.062231 60min_mape=9.857406
[2026-09-02 15:14:16] INFO Epoch 050 | stage=posthoc_calibrator | train_total=2.838091 | train_forecast=2.838091 | train_confidence=0.000000 | train_risk=0.000000 | train_blend=0.000000 | val_total=2.857692 | val_mae=2.855729 | val_rmse=5.921349 | val_mape=8.015069 | val_confidence=0.000000 | val_risk=0.000000 | val_blend=0.000000 | batches=709/94 | seconds=64.87 | lr=[3.125e-05] | cuda_peak_mb=1420.3
[2026-09-02 15:14:16] INFO Val horizons | 15min_mae=2.537938 15min_rmse=4.971320 15min_mape=6.648058 | 30min_mae=2.877363 30min_rmse=5.915561 30min_mape=8.103995 | 60min_mae=3.320609 60min_rmse=7.083151 60min_mape=9.924951
[2026-09-02 15:14:16] INFO Downstream training finished | best_val_mae=2.839653 | checkpoint=C:\Users\clw\projects\researchRep\STAnchor-BlockMemory\artifacts\convergence\formal_20260902_physical_mae_router_argcn_seed42\downstream_best.pt
