[RUN] C:\Users\31396\.conda\envs\research\python.exe -u scripts/build_bank.py --config D:\projects\researchProjects\TrafficRobustST\STAnchor-BlockMemory\artifacts\paper_final_joint_context_offset_only_seed42\resolved_configs\adaptation\pemsbay_joint_context_offset_only.yaml --checkpoint D:\projects\researchProjects\TrafficRobustST\STAnchor-BlockMemory\artifacts\paper_final_joint_context_offset_only_seed42\retrieval_adaptation\pemsbay\retrieval_t1_best.pt --output-dir D:\projects\researchProjects\TrafficRobustST\STAnchor-BlockMemory\artifacts\paper_final_joint_context_offset_only_seed42\temporary_banks\pemsbay_finetuned_diagnostic --dataset-name pemsbay_joint_context_offset_only_t1_diagnostic
bank: D:\projects\researchProjects\TrafficRobustST\STAnchor-BlockMemory\artifacts\paper_final_joint_context_offset_only_seed42\temporary_banks\pemsbay_finetuned_diagnostic
events=25327 nodes=325 key_dim=64
[RUN] C:\Users\31396\.conda\envs\research\python.exe -u scripts/build_bank.py --config D:\projects\researchProjects\TrafficRobustST\STAnchor-BlockMemory\artifacts\paper_final_joint_context_offset_only_seed42\resolved_configs\adaptation\pemsbay_joint_context_offset_only.yaml --checkpoint D:\projects\researchProjects\TrafficRobustST\STAnchor-BlockMemory\artifacts\paper_final_joint_context_offset_only_seed42\controls\random_encoder_seed42.pt --output-dir D:\projects\researchProjects\TrafficRobustST\STAnchor-BlockMemory\artifacts\paper_final_joint_context_offset_only_seed42\temporary_banks\pemsbay_random_diagnostic --dataset-name pemsbay_random_encoder_diagnostic_control
bank: D:\projects\researchProjects\TrafficRobustST\STAnchor-BlockMemory\artifacts\paper_final_joint_context_offset_only_seed42\temporary_banks\pemsbay_random_diagnostic
events=25327 nodes=325 key_dim=64
[RUN] C:\Users\31396\.conda\envs\research\python.exe -u scripts/visualize_retrieval.py --version hn_offset_only_v1 --config D:\projects\researchProjects\TrafficRobustST\STAnchor-BlockMemory\artifacts\paper_final_joint_context_offset_only_seed42\resolved_configs\adaptation\pemsbay_joint_context_offset_only.yaml --checkpoint D:\projects\researchProjects\TrafficRobustST\STAnchor-BlockMemory\artifacts\paper_final_joint_context_offset_only_seed42\retrieval_adaptation\pemsbay\retrieval_t1_best.pt --bank D:\projects\researchProjects\TrafficRobustST\STAnchor-BlockMemory\artifacts\paper_final_joint_context_offset_only_seed42\temporary_banks\pemsbay_finetuned_diagnostic --random-checkpoint D:\projects\researchProjects\TrafficRobustST\STAnchor-BlockMemory\artifacts\paper_final_joint_context_offset_only_seed42\controls\random_encoder_seed42.pt --random-bank D:\projects\researchProjects\TrafficRobustST\STAnchor-BlockMemory\artifacts\paper_final_joint_context_offset_only_seed42\temporary_banks\pemsbay_random_diagnostic --split val --output-dir D:\projects\researchProjects\TrafficRobustST\STAnchor-BlockMemory\artifacts\paper_final_joint_context_offset_only_seed42\cross_domain\pemsbay\finetuned\pretrain_broad_causal --candidate-protocol pretrain_broad_causal --event-top-r 96 --node-top-k 12 --level-weight 0
[hn_offset_only_v1/pretrain_broad_causal] processed 32/4912 validation queries (1 batches)
[hn_offset_only_v1/pretrain_broad_causal] processed 320/4912 validation queries (10 batches)
[hn_offset_only_v1/pretrain_broad_causal] processed 640/4912 validation queries (20 batches)
[hn_offset_only_v1/pretrain_broad_causal] processed 960/4912 validation queries (30 batches)
[hn_offset_only_v1/pretrain_broad_causal] processed 1280/4912 validation queries (40 batches)
[hn_offset_only_v1/pretrain_broad_causal] processed 1600/4912 validation queries (50 batches)
[hn_offset_only_v1/pretrain_broad_causal] processed 1920/4912 validation queries (60 batches)
[hn_offset_only_v1/pretrain_broad_causal] processed 2240/4912 validation queries (70 batches)
[hn_offset_only_v1/pretrain_broad_causal] processed 2560/4912 validation queries (80 batches)
[hn_offset_only_v1/pretrain_broad_causal] processed 2880/4912 validation queries (90 batches)
[hn_offset_only_v1/pretrain_broad_causal] processed 3200/4912 validation queries (100 batches)
[hn_offset_only_v1/pretrain_broad_causal] processed 3520/4912 validation queries (110 batches)
[hn_offset_only_v1/pretrain_broad_causal] processed 3840/4912 validation queries (120 batches)
[hn_offset_only_v1/pretrain_broad_causal] processed 4160/4912 validation queries (130 batches)
[hn_offset_only_v1/pretrain_broad_causal] processed 4480/4912 validation queries (140 batches)
[hn_offset_only_v1/pretrain_broad_causal] processed 4800/4912 validation queries (150 batches)
{
  "schema_version": 2,
  "version": "hn_offset_only_v1",
  "dataset": "pemsbay_joint_context_offset_only_t1_diagnostic",
  "split": "val",
  "complete_validation": true,
  "queries": 4912,
  "batches": 154,
  "nodes": 325,
  "checkpoint": "D:\\projects\\researchProjects\\TrafficRobustST\\STAnchor-BlockMemory\\artifacts\\paper_final_joint_context_offset_only_seed42\\retrieval_adaptation\\pemsbay\\retrieval_t1_best.pt",
  "checkpoint_epoch": 8,
  "random_checkpoint": "D:\\projects\\researchProjects\\TrafficRobustST\\STAnchor-BlockMemory\\artifacts\\paper_final_joint_context_offset_only_seed42\\controls\\random_encoder_seed42.pt",
  "random_checkpoint_epoch": 0,
  "bank": "D:\\projects\\researchProjects\\TrafficRobustST\\STAnchor-BlockMemory\\artifacts\\paper_final_joint_context_offset_only_seed42\\temporary_banks\\pemsbay_finetuned_diagnostic",
  "random_bank": "D:\\projects\\researchProjects\\TrafficRobustST\\STAnchor-BlockMemory\\artifacts\\paper_final_joint_context_offset_only_seed42\\temporary_banks\\pemsbay_random_diagnostic",
  "bank_alignment": {
    "same_event_axis": true,
    "same_future_payload": true,
    "checked_fields": [
      "sample_id",
      "weekday",
      "slot",
      "context_start",
      "context_end",
      "future_end",
      "future_masks",
      "future_values"
    ],
    "canonical_payload": "pretrained_bank"
  },
  "candidate_protocol": {
    "name": "pretrain_broad_causal",
    "same_weekday": false,
    "slot_radius": 0,
    "weekday_radius": 0,
    "allow_context_overlap": false,
    "causal_boundary": "query_context_start",
    "deduplicate_overlapping_windows": false,
    "min_event_gap_steps": null,
    "strict_causal": true,
    "shared_pretrained_random_event_axis": true,
    "broad_sampling": "chronological_quantiles_up_to_event_top_r"
  },
  "candidate_pool": {
    "count": 4912,
    "mean": 96.0,
    "std": 0.0,
    "min": 96.0,
    "median": 96.0,
    "max": 96.0,
    "top_k_saturation_mean": 0.125,
    "fully_saturated_fraction": 0.0
  },
  "teacher_signature": {
    "name": "EndpointAlignedOffsetOnlySignature",
    "context_steps": 12,
    "distance_normalization": "symmetric_geometric_mean"
  },
  "selector_distances": {
    "pretrained": "cosine distance between learned node keys",
    "raw_l1": "masked mean L1 distance between 288-step node contexts",
    "random": "cosine distance between matched-random node keys"
  },
  "candidate_payload": {
    "name": "offset_only",
    "shared_across_selectors": true,
    "selectors": [
      "pretrained",
      "raw_l1",
      "random"
    ]
  },
  "future_information_boundary": {
    "evaluation_split": "validation_only",
    "ranking_inputs": [
      "query_history",
      "query_calendar",
      "causal_bank_metadata",
      "historical_bank_keys",
      "historical_bank_levels"
    ],
    "query_future_used_for_ranking": false,
    "query_future_use": "post-ranking metrics, deterministic case selection, and plots only",
    "deployment_available_inputs_only_before_ranking": true
  },
  "alignment": {
    "pretrained": {
      "valid_pairs": 153254400,
      "spearman": 0.5763082492578765,
      "distance_bins": [
        {
          "bin": 1,
          "count": 15325440,
          "key_distance_min": 0.0002690553665161133,
          "key_distance_max": 0.12183749675750732,
          "key_distance_mean": 0.07950747578441714,
          "future_distance_mean": 0.5209956386852292,
          "future_distance_median": 0.44631896913051605
        },
        {
          "bin": 2,
          "count": 15325440,
          "key_distance_min": 0.12183749675750732,
          "key_distance_max": 0.16431379318237305,
          "key_distance_mean": 0.14494147148861275,
          "future_distance_mean": 0.593504985659157,
          "future_distance_median": 0.5077759623527527
        },
        {
          "bin": 3,
          "count": 15325440,
          "key_distance_min": 0.16431379318237305,
          "key_distance_max": 0.19375741481781006,
          "key_distance_mean": 0.17959168352672683,
          "future_distance_mean": 0.633009717383042,
          "future_distance_median": 0.5408488214015961
        },
        {
          "bin": 4,
          "count": 15325440,
          "key_distance_min": 0.19375741481781006,
          "key_distance_max": 0.21928751468658447,
          "key_distance_mean": 0.20666656782560094,
          "future_distance_mean": 0.6734612363338724,
          "future_distance_median": 0.5757728815078735
        },
        {
          "bin": 5,
          "count": 15325440,
          "key_distance_min": 0.21928751468658447,
          "key_distance_max": 0.2446352243423462,
          "key_distance_mean": 0.23185922688216354,
          "future_distance_mean": 0.7240168718955955,
          "future_distance_median": 0.6209976673126221
        },
        {
          "bin": 6,
          "count": 15325440,
          "key_distance_min": 0.2446352243423462,
          "key_distance_max": 0.27260446548461914,
          "key_distance_mean": 0.2582884105767667,
          "future_distance_mean": 0.7949754312429679,
          "future_distance_median": 0.6875399947166443
        },
        {
          "bin": 7,
          "count": 15325440,
          "key_distance_min": 0.27260446548461914,
          "key_distance_max": 0.30645132064819336,
          "key_distance_mean": 0.28885230770801934,
          "future_distance_mean": 0.8961330232123714,
          "future_distance_median": 0.7853069305419922
        },
        {
          "bin": 8,
          "count": 15325440,
          "key_distance_min": 0.30645132064819336,
          "key_distance_max": 0.3527589440345764,
          "key_distance_mean": 0.328075679656069,
          "future_distance_mean": 1.0549294188199636,
          "future_distance_median": 0.9436720013618469
        },
        {
          "bin": 9,
          "count": 15325440,
          "key_distance_min": 0.3527589440345764,
          "key_distance_max": 0.43085700273513794,
          "key_distance_mean": 0.38757630009876604,
          "future_distance_mean": 1.3300697882604233,
          "future_distance_median": 1.2354040145874023
        },
        {
          "bin": 10,
          "count": 15325440,
          "key_distance_min": 0.43085700273513794,
          "key_distance_max": 0.9798194169998169,
          "key_distance_mean": 0.5275575849838533,
          "future_distance_mean": 1.9503306758043568,
          "future_distance_median": 1.8995248079299927
        }
      ],
      "future_neighbor_recall_at_5": 0.153925821185112,
      "recall_at_5_eligible_anchors": 1596400
    },
    "raw_l1": {
      "valid_pairs": 153254400,
      "spearman": 0.1930620464651019,
      "distance_bins": [
        {
          "bin": 1,
          "count": 15325440,
          "key_distance_min": 0.0,
          "key_distance_max": 0.45452138781547546,
          "key_distance_mean": 0.30802088047538256,
          "future_distance_mean": 0.7056446955561045,
          "future_distance_median": 0.5447738468647003
        },
        {
          "bin": 2,
          "count": 15325440,
          "key_distance_min": 0.45452144742012024,
          "key_distance_max": 0.602764368057251,
          "key_distance_mean": 0.5358851152764087,
          "future_distance_mean": 0.8153077476849891,
          "future_distance_median": 0.630030483007431
        },
        {
          "bin": 3,
          "count": 15325440,
          "key_distance_min": 0.6027644276618958,
          "key_distance_max": 0.7027781009674072,
          "key_distance_mean": 0.6547522273728943,
          "future_distance_mean": 0.8448785475895962,
          "future_distance_median": 0.6482361257076263
        },
        {
          "bin": 4,
          "count": 15325440,
          "key_distance_min": 0.7027781009674072,
          "key_distance_max": 0.7928030490875244,
          "key_distance_mean": 0.7477371668853828,
          "future_distance_mean": 0.871977057569527,
          "future_distance_median": 0.6741799116134644
        },
        {
          "bin": 5,
          "count": 15325440,
          "key_distance_min": 0.7928030490875244,
          "key_distance_max": 0.8879478573799133,
          "key_distance_mean": 0.8397464198419741,
          "future_distance_mean": 0.906535194465058,
          "future_distance_median": 0.7133358716964722
        },
        {
          "bin": 6,
          "count": 15325440,
          "key_distance_min": 0.8879478573799133,
          "key_distance_max": 0.9913422465324402,
          "key_distance_mean": 0.9388769719026403,
          "future_distance_mean": 0.9443394182209763,
          "future_distance_median": 0.7552187144756317
        },
        {
          "bin": 7,
          "count": 15325440,
          "key_distance_min": 0.9913422465324402,
          "key_distance_max": 1.102842092514038,
          "key_distance_mean": 1.0464789961096586,
          "future_distance_mean": 0.9703044773553886,
          "future_distance_median": 0.7808660864830017
        },
        {
          "bin": 8,
          "count": 15325440,
          "key_distance_min": 1.102842092514038,
          "key_distance_max": 1.2266288995742798,
          "key_distance_mean": 1.1631546273831597,
          "future_distance_mean": 0.9960872777598314,
          "future_distance_median": 0.8025279343128204
        },
        {
          "bin": 9,
          "count": 15325440,
          "key_distance_min": 1.2266288995742798,
          "key_distance_max": 1.3924959897994995,
          "key_distance_mean": 1.3028730666138257,
          "future_distance_mean": 1.026065699652686,
          "future_distance_median": 0.8318448960781097
        },
        {
          "bin": 10,
          "count": 15325440,
          "key_distance_min": 1.3924959897994995,
          "key_distance_max": 8.162217140197754,
          "key_distance_mean": 1.633122379202584,
          "future_distance_mean": 1.0902866714428117,
          "future_distance_median": 0.9086231887340546
        }
      ],
      "future_neighbor_recall_at_5": 0.09711914509534836,
      "recall_at_5_eligible_anchors": 1596400
    },
    "random": {
      "valid_pairs": 153254400,
      "spearman": -0.006512297849301857,
      "distance_bins": [
        {
          "bin": 1,
          "count": 15325440,
          "key_distance_min": 4.1365623474121094e-05,
          "key_distance_max": 0.21661484241485596,
          "key_distance_mean": 0.11998852385468357,
          "future_distance_mean": 0.7897189765395788,
          "future_distance_median": 0.634237676858902
        },
        {
          "bin": 2,
          "count": 15325440,
          "key_distance_min": 0.21661484241485596,
          "key_distance_max": 0.3969607949256897,
          "key_distance_mean": 0.31091773707771536,
          "future_distance_mean": 0.9868823234015274,
          "future_distance_median": 0.8008113503456116
        },
        {
          "bin": 3,
          "count": 15325440,
          "key_distance_min": 0.3969608545303345,
          "key_distance_max": 0.502951979637146,
          "key_distance_mean": 0.4560600497123673,
          "future_distance_mean": 1.0031188754708946,
          "future_distance_median": 0.8028228580951691
        },
        {
          "bin": 4,
          "count": 15325440,
          "key_distance_min": 0.502951979637146,
          "key_distance_max": 0.5672433972358704,
          "key_distance_mean": 0.5366159895406506,
          "future_distance_mean": 0.9350314089733673,
          "future_distance_median": 0.7332569360733032
        },
        {
          "bin": 5,
          "count": 15325440,
          "key_distance_min": 0.5672433972358704,
          "key_distance_max": 0.6211722493171692,
          "key_distance_mean": 0.5945547806210018,
          "future_distance_mean": 0.9118842094744984,
          "future_distance_median": 0.7118042409420013
        },
        {
          "bin": 6,
          "count": 15325440,
          "key_distance_min": 0.6211722493171692,
          "key_distance_max": 0.6741102933883667,
          "key_distance_mean": 0.6474681827562423,
          "future_distance_mean": 0.9087442979072489,
          "future_distance_median": 0.7075132429599762
        },
        {
          "bin": 7,
          "count": 15325440,
          "key_distance_min": 0.6741102933883667,
          "key_distance_max": 0.7312004566192627,
          "key_distance_mean": 0.7021852472654105,
          "future_distance_mean": 0.9058307305007514,
          "future_distance_median": 0.7040440738201141
        },
        {
          "bin": 8,
          "count": 15325440,
          "key_distance_min": 0.7312004566192627,
          "key_distance_max": 0.7960822582244873,
          "key_distance_mean": 0.7626750062866154,
          "future_distance_mean": 0.8961501663211394,
          "future_distance_median": 0.6960929334163666
        },
        {
          "bin": 9,
          "count": 15325440,
          "key_distance_min": 0.7960822582244873,
          "key_distance_max": 0.8844414353370667,
          "key_distance_mean": 0.8369750502476956,
          "future_distance_mean": 0.9055510228331956,
          "future_distance_median": 0.7043752074241638
        },
        {
          "bin": 10,
          "count": 15325440,
          "key_distance_min": 0.8844414353370667,
          "key_distance_max": 1.4834741353988647,
          "key_distance_mean": 0.9778895061337262,
          "future_distance_mean": 0.9285147758747646,
          "future_distance_median": 0.728606104850769
        }
      ],
      "future_neighbor_recall_at_5": 0.07941894233226776,
      "recall_at_5_eligible_anchors": 1596400
    },
    "delta_pretrained_minus_random": {
      "spearman": 0.5828205471071783,
      "future_neighbor_recall_at_5": 0.07450687885284424
    }
  },
  "ranking": {
    "pretrained": {
      "spearman_mean": 0.4382930507340822,
      "spearman_std": 0.23636215317831655,
      "spearman_eligible_anchors": 1596400,
      "kendall_mean": 0.31401887388176103,
      "kendall_std": 0.1740182798412164,
      "kendall_eligible_anchors": 1596400,
      "recall_at_1_mean": 0.054295289401152594,
      "recall_at_1_std": 0.2265994504627001,
      "recall_at_1_eligible_anchors": 1596400,
      "ndcg_at_5_mean": 0.2797529693434195,
      "ndcg_at_5_std": 0.2212144318315935,
      "ndcg_at_5_eligible_anchors": 1596400,
      "recall_at_5_mean": 0.15392583312453023,
      "recall_at_5_std": 0.19832586087701617,
      "recall_at_5_eligible_anchors": 1596400,
      "candidate_count_mean": 96.0,
      "candidate_count_min": 96,
      "candidate_count_max": 96,
      "random_recall_at_1_expected": 0.010416666666666692,
      "random_recall_at_5_expected": 0.05208333333333336
    },
    "raw_l1": {
      "spearman_mean": 0.13071358546825962,
      "spearman_std": 0.1682470848326461,
      "spearman_eligible_anchors": 1596400,
      "kendall_mean": 0.08840840330310203,
      "kendall_std": 0.1143481304983874,
      "kendall_eligible_anchors": 1596400,
      "recall_at_1_mean": 0.03152593335003758,
      "recall_at_1_std": 0.17473422354091536,
      "recall_at_1_eligible_anchors": 1596400,
      "ndcg_at_5_mean": 0.19850419849943815,
      "ndcg_at_5_std": 0.18590318407577547,
      "ndcg_at_5_eligible_anchors": 1596400,
      "recall_at_5_mean": 0.09711914307191176,
      "recall_at_5_std": 0.14734217386177498,
      "recall_at_5_eligible_anchors": 1596400,
      "candidate_count_mean": 96.0,
      "candidate_count_min": 96,
      "candidate_count_max": 96,
      "random_recall_at_1_expected": 0.010416666666666692,
      "random_recall_at_5_expected": 0.05208333333333336
    },
    "random": {
      "spearman_mean": 0.01324621611875845,
      "spearman_std": 0.1511630102213748,
      "spearman_eligible_anchors": 1596400,
      "kendall_mean": 0.009268783717745668,
      "kendall_std": 0.10260279324203814,
      "kendall_eligible_anchors": 1596400,
      "recall_at_1_mean": 0.023700200451014782,
      "recall_at_1_std": 0.15211344762905252,
      "recall_at_1_eligible_anchors": 1596400,
      "ndcg_at_5_mean": 0.17769303394676017,
      "ndcg_at_5_std": 0.16736254690727287,
      "ndcg_at_5_eligible_anchors": 1596400,
      "recall_at_5_mean": 0.07941894262089709,
      "recall_at_5_std": 0.12595423051807997,
      "recall_at_5_eligible_anchors": 1596400,
      "candidate_count_mean": 96.0,
      "candidate_count_min": 96,
      "candidate_count_max": 96,
      "random_recall_at_1_expected": 0.010416666666666692,
      "random_recall_at_5_expected": 0.05208333333333336
    },
    "delta_pretrained_minus_random": {
      "spearman": 0.4250468346153238,
      "kendall": 0.3047500901640154,
      "recall_at_1": 0.03059508895013781,
      "ndcg_at_5": 0.10205993539665931,
      "recall_at_5": 0.07450689050363314
    }
  },
  "memory_metrics": {
    "pretrained_memory": {
      "mae": 1.968410201479195,
      "rmse": 4.3728185517578915,
      "mape": 4.480313738293797,
      "horizon_mae": [
        1.0005331184988986,
        1.352741428439452,
        1.593547552082224,
        1.7851365186127697,
        1.928238067868988,
        2.0404096280771187,
        2.132747223536105,
        2.217073625256301,
        2.291634892622883,
        2.3587733277395895,
        2.427146865106807,
        2.4929402788057833
      ],
      "horizon_rmse": [
        1.791067334622791,
        2.652364478186745,
        3.292455095787249,
        3.79316260671381,
        4.172832669587506,
        4.465503767882702,
        4.701403272766862,
        4.887793411489191,
        5.051282079995351,
        5.193828506249059,
        5.329966273171326,
        5.453474399403436
      ],
      "horizon_mape": [
        1.989926258705217,
        2.810044791165916,
        3.418994116635634,
        3.916226587555849,
        4.31852222811386,
        4.658067596075898,
        4.94444424977354,
        5.168190822415825,
        5.3758850202614505,
        5.550920748716786,
        5.7254886883618505,
        5.887053883180535
      ]
    },
    "random_memory": {
      "mae": 2.5571486255036224,
      "rmse": 5.539617320363182,
      "mape": 5.874417278089555,
      "horizon_mae": [
        1.0866979147195794,
        1.5063798125534058,
        1.824897176913197,
        2.0985567849460036,
        2.3321335773014775,
        2.542292964134743,
        2.747091250620392,
        2.944842250922347,
        3.1365390963386943,
        3.316696970219169,
        3.487710392718555,
        3.6619451705820625
      ],
      "horizon_rmse": [
        1.919272776276786,
        2.9026423588496955,
        3.69004292472251,
        4.345322448533088,
        4.902187288645634,
        5.383471194425987,
        5.814793971969537,
        6.206727967539754,
        6.568153963769422,
        6.894892574837327,
        7.1931158026601665,
        7.474725979022527
      ],
      "horizon_mape": [
        2.1595689438099415,
        3.127430598990982,
        3.91088041600013,
        4.604846500186172,
        5.23500675482576,
        5.808250008885166,
        6.379951134626864,
        6.8897599077552245,
        7.3979333375909855,
        7.872580481580097,
        8.327493826593265,
        8.779305175305286
      ]
    },
    "raw_l1_offset_decay_memory": {
      "mae": 2.4272868855113665,
      "rmse": 5.302758125871459,
      "mape": 5.353187540942055,
      "horizon_mae": [
        1.05650980472499,
        1.4633674482498005,
        1.7652675488134668,
        2.018080974532276,
        2.2377743553880443,
        2.432790865920345,
        2.62024884774694,
        2.79783910179478,
        2.9628401979306185,
        3.115790747812828,
        3.260606252144651,
        3.3963265985391393
      ],
      "horizon_rmse": [
        1.8619941837915102,
        2.813435330964906,
        3.5702462066661305,
        4.201926121017388,
        4.733528303363574,
        5.193792725558489,
        5.6035636176388595,
        5.968342152328767,
        6.286484037162224,
        6.572477209823425,
        6.829487514023625,
        7.062831990137223
      ],
      "horizon_mape": [
        2.059063813708757,
        2.965154313905997,
        3.6779386647535306,
        4.29267324766096,
        4.847652160375196,
        5.349768605123134,
        5.8333817593006145,
        6.271110671572535,
        6.684845313260869,
        7.067113785527117,
        7.427280024172924,
        7.762268011499127
      ]
    }
  },
  "case_selection": {
    "strong_win": {
      "sample_id": 37039,
      "node_id": 175,
      "mae_gain": 1.913099765777588,
      "pretrained_mae": 3.5468006134033203,
      "random_mae": 5.459900379180908,
      "raw_l1_mae": 4.934029579162598,
      "target_quantile": 0.9,
      "target_gain": 1.9131078720092773
    },
    "representative": {
      "sample_id": 39639,
      "node_id": 183,
      "mae_gain": 0.17417871952056885,
      "pretrained_mae": 1.7509626150131226,
      "random_mae": 1.9251413345336914,
      "raw_l1_mae": 2.5041658878326416,
      "target_quantile": 0.5,
      "target_gain": 0.1741785854101181
    },
    "failure": {
      "sample_id": 37945,
      "node_id": 25,
      "mae_gain": -0.33769476413726807,
      "pretrained_mae": 1.1903578042984009,
      "random_mae": 0.8526630401611328,
      "raw_l1_mae": 1.2875016927719116,
      "target_quantile": 0.1,
      "target_gain": -0.33769524097442627
    },
    "selection_rule": {
      "score": "random_memory_mae_minus_pretrained_memory_mae",
      "quantiles": {
        "strong_win": 0.9,
        "representative": 0.5,
        "failure": 0.1
      },
      "tie_break": "smallest_absolute_gap_then_sample_id_then_node_id",
      "manual_selection": false
    }
  },
  "config": {
    "event_top_r": 96,
    "node_top_k": 12,
    "level_weight": 0.0,
    "search_temperature": 0.1,
    "profile_weight_manifest": 0.0,
    "profile_weight_override": null,
    "profile_weight_effective": 0.0
  },
  "elapsed_seconds": 1770.8554401999572,
  "outputs": {
    "metrics": "D:\\projects\\researchProjects\\TrafficRobustST\\STAnchor-BlockMemory\\artifacts\\paper_final_joint_context_offset_only_seed42\\cross_domain\\pemsbay\\finetuned\\pretrain_broad_causal\\metrics.json",
    "cases": "D:\\projects\\researchProjects\\TrafficRobustST\\STAnchor-BlockMemory\\artifacts\\paper_final_joint_context_offset_only_seed42\\cross_domain\\pemsbay\\finetuned\\pretrain_broad_causal\\cases.json",
    "alignment_bins": "D:\\projects\\researchProjects\\TrafficRobustST\\STAnchor-BlockMemory\\artifacts\\paper_final_joint_context_offset_only_seed42\\cross_domain\\pemsbay\\finetuned\\pretrain_broad_causal\\alignment_bins.csv",
    "ranking_metrics": "D:\\projects\\researchProjects\\TrafficRobustST\\STAnchor-BlockMemory\\artifacts\\paper_final_joint_context_offset_only_seed42\\cross_domain\\pemsbay\\finetuned\\pretrain_broad_causal\\ranking_metrics.csv",
    "figures": [
      "D:\\projects\\researchProjects\\TrafficRobustST\\STAnchor-BlockMemory\\artifacts\\paper_final_joint_context_offset_only_seed42\\cross_domain\\pemsbay\\finetuned\\pretrain_broad_causal\\key_future_alignment.png",
      "D:\\projects\\researchProjects\\TrafficRobustST\\STAnchor-BlockMemory\\artifacts\\paper_final_joint_context_offset_only_seed42\\cross_domain\\pemsbay\\finetuned\\pretrain_broad_causal\\deterministic_top5_cases.png",
      "D:\\projects\\researchProjects\\TrafficRobustST\\STAnchor-BlockMemory\\artifacts\\paper_final_joint_context_offset_only_seed42\\cross_domain\\pemsbay\\finetuned\\pretrain_broad_causal\\top5_error_profiles.png",
      "D:\\projects\\researchProjects\\TrafficRobustST\\STAnchor-BlockMemory\\artifacts\\paper_final_joint_context_offset_only_seed42\\cross_domain\\pemsbay\\finetuned\\pretrain_broad_causal\\ranking_metrics.png"
    ]
  }
}
visualization output: D:\projects\researchProjects\TrafficRobustST\STAnchor-BlockMemory\artifacts\paper_final_joint_context_offset_only_seed42\cross_domain\pemsbay\finetuned\pretrain_broad_causal
[RUN] C:\Users\31396\.conda\envs\research\python.exe -u scripts/visualize_retrieval.py --version hn_offset_only_v1 --config D:\projects\researchProjects\TrafficRobustST\STAnchor-BlockMemory\artifacts\paper_final_joint_context_offset_only_seed42\resolved_configs\adaptation\pemsbay_joint_context_offset_only.yaml --checkpoint D:\projects\researchProjects\TrafficRobustST\STAnchor-BlockMemory\artifacts\paper_final_joint_context_offset_only_seed42\retrieval_adaptation\pemsbay\retrieval_t1_best.pt --bank D:\projects\researchProjects\TrafficRobustST\STAnchor-BlockMemory\artifacts\paper_final_joint_context_offset_only_seed42\temporary_banks\pemsbay_finetuned_diagnostic --random-checkpoint D:\projects\researchProjects\TrafficRobustST\STAnchor-BlockMemory\artifacts\paper_final_joint_context_offset_only_seed42\controls\random_encoder_seed42.pt --random-bank D:\projects\researchProjects\TrafficRobustST\STAnchor-BlockMemory\artifacts\paper_final_joint_context_offset_only_seed42\temporary_banks\pemsbay_random_diagnostic --split val --output-dir D:\projects\researchProjects\TrafficRobustST\STAnchor-BlockMemory\artifacts\paper_final_joint_context_offset_only_seed42\cross_domain\pemsbay\finetuned\weekday_radius1_overlap --candidate-protocol weekday_radius1_overlap --event-top-r 96 --node-top-k 12 --level-weight 0
[hn_offset_only_v1/weekday_radius1_overlap] processed 32/4912 validation queries (1 batches)
[hn_offset_only_v1/weekday_radius1_overlap] processed 320/4912 validation queries (10 batches)
[hn_offset_only_v1/weekday_radius1_overlap] processed 640/4912 validation queries (20 batches)
[hn_offset_only_v1/weekday_radius1_overlap] processed 960/4912 validation queries (30 batches)
[hn_offset_only_v1/weekday_radius1_overlap] processed 1280/4912 validation queries (40 batches)
[hn_offset_only_v1/weekday_radius1_overlap] processed 1600/4912 validation queries (50 batches)
[hn_offset_only_v1/weekday_radius1_overlap] processed 1920/4912 validation queries (60 batches)
[hn_offset_only_v1/weekday_radius1_overlap] processed 2240/4912 validation queries (70 batches)
[hn_offset_only_v1/weekday_radius1_overlap] processed 2560/4912 validation queries (80 batches)
[hn_offset_only_v1/weekday_radius1_overlap] processed 2880/4912 validation queries (90 batches)
[hn_offset_only_v1/weekday_radius1_overlap] processed 3200/4912 validation queries (100 batches)
[hn_offset_only_v1/weekday_radius1_overlap] processed 3520/4912 validation queries (110 batches)
[hn_offset_only_v1/weekday_radius1_overlap] processed 3840/4912 validation queries (120 batches)
[hn_offset_only_v1/weekday_radius1_overlap] processed 4160/4912 validation queries (130 batches)
[hn_offset_only_v1/weekday_radius1_overlap] processed 4480/4912 validation queries (140 batches)
[hn_offset_only_v1/weekday_radius1_overlap] processed 4800/4912 validation queries (150 batches)
{
  "schema_version": 2,
  "version": "hn_offset_only_v1",
  "dataset": "pemsbay_joint_context_offset_only_t1_diagnostic",
  "split": "val",
  "complete_validation": true,
  "queries": 4912,
  "batches": 154,
  "nodes": 325,
  "checkpoint": "D:\\projects\\researchProjects\\TrafficRobustST\\STAnchor-BlockMemory\\artifacts\\paper_final_joint_context_offset_only_seed42\\retrieval_adaptation\\pemsbay\\retrieval_t1_best.pt",
  "checkpoint_epoch": 8,
  "random_checkpoint": "D:\\projects\\researchProjects\\TrafficRobustST\\STAnchor-BlockMemory\\artifacts\\paper_final_joint_context_offset_only_seed42\\controls\\random_encoder_seed42.pt",
  "random_checkpoint_epoch": 0,
  "bank": "D:\\projects\\researchProjects\\TrafficRobustST\\STAnchor-BlockMemory\\artifacts\\paper_final_joint_context_offset_only_seed42\\temporary_banks\\pemsbay_finetuned_diagnostic",
  "random_bank": "D:\\projects\\researchProjects\\TrafficRobustST\\STAnchor-BlockMemory\\artifacts\\paper_final_joint_context_offset_only_seed42\\temporary_banks\\pemsbay_random_diagnostic",
  "bank_alignment": {
    "same_event_axis": true,
    "same_future_payload": true,
    "checked_fields": [
      "sample_id",
      "weekday",
      "slot",
      "context_start",
      "context_end",
      "future_end",
      "future_masks",
      "future_values"
    ],
    "canonical_payload": "pretrained_bank"
  },
  "candidate_protocol": {
    "name": "weekday_radius1_overlap",
    "same_weekday": true,
    "slot_radius": 0,
    "weekday_radius": 1,
    "allow_context_overlap": true,
    "causal_boundary": "query_context_end",
    "deduplicate_overlapping_windows": false,
    "min_event_gap_steps": null,
    "strict_causal": true,
    "shared_pretrained_random_event_axis": true,
    "broad_sampling": "all_legal_events"
  },
  "candidate_pool": {
    "count": 4912,
    "mean": 37.86095276872964,
    "std": 1.0416832427495573,
    "min": 35.0,
    "median": 38.0,
    "max": 39.0,
    "top_k_saturation_mean": 0.3171925739301018,
    "fully_saturated_fraction": 0.0
  },
  "teacher_signature": {
    "name": "EndpointAlignedOffsetOnlySignature",
    "context_steps": 12,
    "distance_normalization": "symmetric_geometric_mean"
  },
  "selector_distances": {
    "pretrained": "cosine distance between learned node keys",
    "raw_l1": "masked mean L1 distance between 288-step node contexts",
    "random": "cosine distance between matched-random node keys"
  },
  "candidate_payload": {
    "name": "offset_only",
    "shared_across_selectors": true,
    "selectors": [
      "pretrained",
      "raw_l1",
      "random"
    ]
  },
  "future_information_boundary": {
    "evaluation_split": "validation_only",
    "ranking_inputs": [
      "query_history",
      "query_calendar",
      "causal_bank_metadata",
      "historical_bank_keys",
      "historical_bank_levels"
    ],
    "query_future_used_for_ranking": false,
    "query_future_use": "post-ranking metrics, deterministic case selection, and plots only",
    "deployment_available_inputs_only_before_ranking": true
  },
  "alignment": {
    "pretrained": {
      "valid_pairs": 60441225,
      "spearman": 0.3160848668292765,
      "distance_bins": [
        {
          "bin": 1,
          "count": 6044123,
          "key_distance_min": 0.00013685226440429688,
          "key_distance_max": 0.01853048801422119,
          "key_distance_mean": 0.01083917235736698,
          "future_distance_mean": 0.7503503106354206,
          "future_distance_median": 0.7342393398284912
        },
        {
          "bin": 2,
          "count": 6044123,
          "key_distance_min": 0.01853048801422119,
          "key_distance_max": 0.03466653823852539,
          "key_distance_mean": 0.026431044624080115,
          "future_distance_mean": 0.8255198936758871,
          "future_distance_median": 0.7851534485816956
        },
        {
          "bin": 3,
          "count": 6044123,
          "key_distance_min": 0.03466653823852539,
          "key_distance_max": 0.052891671657562256,
          "key_distance_mean": 0.04360334479552128,
          "future_distance_mean": 0.86156232083093,
          "future_distance_median": 0.8155378103256226
        },
        {
          "bin": 4,
          "count": 6044123,
          "key_distance_min": 0.052891671657562256,
          "key_distance_max": 0.07332003116607666,
          "key_distance_mean": 0.06291881176650896,
          "future_distance_mean": 0.8904337719924531,
          "future_distance_median": 0.840475857257843
        },
        {
          "bin": 5,
          "count": 6044123,
          "key_distance_min": 0.07332003116607666,
          "key_distance_max": 0.09626007080078125,
          "key_distance_mean": 0.08455701596594598,
          "future_distance_mean": 0.9162860908827672,
          "future_distance_median": 0.8639957904815674
        },
        {
          "bin": 6,
          "count": 6044122,
          "key_distance_min": 0.09626007080078125,
          "key_distance_max": 0.12242370843887329,
          "key_distance_mean": 0.10902858660458363,
          "future_distance_mean": 0.9435293464793223,
          "future_distance_median": 0.8885444104671478
        },
        {
          "bin": 7,
          "count": 6044122,
          "key_distance_min": 0.12242370843887329,
          "key_distance_max": 0.15325844287872314,
          "key_distance_mean": 0.13735214225711015,
          "future_distance_mean": 0.9759752477452798,
          "future_distance_median": 0.9178111255168915
        },
        {
          "bin": 8,
          "count": 6044122,
          "key_distance_min": 0.15325844287872314,
          "key_distance_max": 0.19270074367523193,
          "key_distance_mean": 0.17197498072182263,
          "future_distance_mean": 1.0247256561299127,
          "future_distance_median": 0.9641539454460144
        },
        {
          "bin": 9,
          "count": 6044122,
          "key_distance_min": 0.19270074367523193,
          "key_distance_max": 0.2558317184448242,
          "key_distance_mean": 0.22069941025721296,
          "future_distance_mean": 1.1179412959692023,
          "future_distance_median": 1.0646977424621582
        },
        {
          "bin": 10,
          "count": 6044122,
          "key_distance_min": 0.2558317184448242,
          "key_distance_max": 0.9446930289268494,
          "key_distance_mean": 0.3523058326553284,
          "future_distance_mean": 1.4594558788031855,
          "future_distance_median": 1.4168962240219116
        }
      ],
      "future_neighbor_recall_at_5": 0.238005593419075,
      "recall_at_5_eligible_anchors": 1596400
    },
    "raw_l1": {
      "valid_pairs": 60441225,
      "spearman": 0.12379911091022713,
      "distance_bins": [
        {
          "bin": 1,
          "count": 6044123,
          "key_distance_min": 0.0,
          "key_distance_max": 0.20118260383605957,
          "key_distance_mean": 0.13738739371603903,
          "future_distance_mean": 0.839658269751735,
          "future_distance_median": 0.8016079664230347
        },
        {
          "bin": 2,
          "count": 6044123,
          "key_distance_min": 0.20118260383605957,
          "key_distance_max": 0.27101755142211914,
          "key_distance_mean": 0.2374244180100534,
          "future_distance_mean": 0.921947497906547,
          "future_distance_median": 0.8566594123840332
        },
        {
          "bin": 3,
          "count": 6044123,
          "key_distance_min": 0.27101755142211914,
          "key_distance_max": 0.33394795656204224,
          "key_distance_mean": 0.3027031460879331,
          "future_distance_mean": 0.9368436333598008,
          "future_distance_median": 0.8691286444664001
        },
        {
          "bin": 4,
          "count": 6044123,
          "key_distance_min": 0.33394795656204224,
          "key_distance_max": 0.39576876163482666,
          "key_distance_mean": 0.3648104545368505,
          "future_distance_mean": 0.9520104702845746,
          "future_distance_median": 0.8813961148262024
        },
        {
          "bin": 5,
          "count": 6044123,
          "key_distance_min": 0.39576876163482666,
          "key_distance_max": 0.4615424573421478,
          "key_distance_mean": 0.4280358468498818,
          "future_distance_mean": 0.960522249591958,
          "future_distance_median": 0.8867189288139343
        },
        {
          "bin": 6,
          "count": 6044122,
          "key_distance_min": 0.4615424573421478,
          "key_distance_max": 0.5346758365631104,
          "key_distance_mean": 0.4975307389124769,
          "future_distance_mean": 0.9750097142753821,
          "future_distance_median": 0.8977598249912262
        },
        {
          "bin": 7,
          "count": 6044122,
          "key_distance_min": 0.5346758365631104,
          "key_distance_max": 0.616865873336792,
          "key_distance_mean": 0.5746057445209455,
          "future_distance_mean": 0.9831513898836998,
          "future_distance_median": 0.9048446118831635
        },
        {
          "bin": 8,
          "count": 6044122,
          "key_distance_min": 0.616865873336792,
          "key_distance_max": 0.7175841927528381,
          "key_distance_mean": 0.6646437149065061,
          "future_distance_mean": 0.9986366885658199,
          "future_distance_median": 0.9195305705070496
        },
        {
          "bin": 9,
          "count": 6044122,
          "key_distance_min": 0.7175841927528381,
          "key_distance_max": 0.8916161060333252,
          "key_distance_mean": 0.7932600301533509,
          "future_distance_mean": 1.0275906971609947,
          "future_distance_median": 0.939659833908081
        },
        {
          "bin": 10,
          "count": 6044122,
          "key_distance_min": 0.8916161060333252,
          "key_distance_max": 6.269832134246826,
          "key_distance_mean": 1.2240657425088595,
          "future_distance_mean": 1.170409141671869,
          "future_distance_median": 1.0213833451271057
        }
      ],
      "future_neighbor_recall_at_5": 0.177262082695961,
      "recall_at_5_eligible_anchors": 1596400
    },
    "random": {
      "valid_pairs": 60441225,
      "spearman": 0.0900655506676517,
      "distance_bins": [
        {
          "bin": 1,
          "count": 6044123,
          "key_distance_min": 1.4424324035644531e-05,
          "key_distance_max": 0.009496450424194336,
          "key_distance_mean": 0.0048316125679522546,
          "future_distance_mean": 0.7926119329140949,
          "future_distance_median": 0.7751726508140564
        },
        {
          "bin": 2,
          "count": 6044123,
          "key_distance_min": 0.009496450424194336,
          "key_distance_max": 0.031340956687927246,
          "key_distance_mean": 0.018234044783961616,
          "future_distance_mean": 0.8952845110957249,
          "future_distance_median": 0.8429281711578369
        },
        {
          "bin": 3,
          "count": 6044123,
          "key_distance_min": 0.03134101629257202,
          "key_distance_max": 0.13137519359588623,
          "key_distance_mean": 0.06733016337337565,
          "future_distance_mean": 0.992034966304058,
          "future_distance_median": 0.9191602468490601
        },
        {
          "bin": 4,
          "count": 6044123,
          "key_distance_min": 0.13137519359588623,
          "key_distance_max": 0.2930822968482971,
          "key_distance_mean": 0.2261148610848135,
          "future_distance_mean": 1.0293619276915833,
          "future_distance_median": 0.9366242289543152
        },
        {
          "bin": 5,
          "count": 6044123,
          "key_distance_min": 0.2930823564529419,
          "key_distance_max": 0.3773270845413208,
          "key_distance_mean": 0.33631415689937033,
          "future_distance_mean": 1.015791343529254,
          "future_distance_median": 0.9235873222351074
        },
        {
          "bin": 6,
          "count": 6044122,
          "key_distance_min": 0.3773270845413208,
          "key_distance_max": 0.45419949293136597,
          "key_distance_mean": 0.41610519342091457,
          "future_distance_mean": 1.0111989311642497,
          "future_distance_median": 0.918385922908783
        },
        {
          "bin": 7,
          "count": 6044122,
          "key_distance_min": 0.45419955253601074,
          "key_distance_max": 0.5337534546852112,
          "key_distance_mean": 0.4931043704414127,
          "future_distance_mean": 1.0110264967791855,
          "future_distance_median": 0.9190681874752045
        },
        {
          "bin": 8,
          "count": 6044122,
          "key_distance_min": 0.5337534546852112,
          "key_distance_max": 0.6295400857925415,
          "key_distance_mean": 0.5798003670430992,
          "future_distance_mean": 1.008557265229137,
          "future_distance_median": 0.9196125864982605
        },
        {
          "bin": 9,
          "count": 6044122,
          "key_distance_min": 0.6295400857925415,
          "key_distance_max": 0.7611340284347534,
          "key_distance_mean": 0.6905895439917965,
          "future_distance_mean": 1.0025374070866604,
          "future_distance_median": 0.9162189662456512
        },
        {
          "bin": 10,
          "count": 6044122,
          "key_distance_min": 0.7611340880393982,
          "key_distance_max": 1.4429103136062622,
          "key_distance_mean": 0.9263368652446826,
          "future_distance_mean": 1.0073749517801638,
          "future_distance_median": 0.9206547141075134
        }
      ],
      "future_neighbor_recall_at_5": 0.1798938810825348,
      "recall_at_5_eligible_anchors": 1596400
    },
    "delta_pretrained_minus_random": {
      "spearman": 0.2260193161616248,
      "future_neighbor_recall_at_5": 0.05811171233654022
    }
  },
  "ranking": {
    "pretrained": {
      "spearman_mean": 0.34322403838722193,
      "spearman_std": 0.30369278160999025,
      "spearman_eligible_anchors": 1596400,
      "kendall_mean": 0.2530743744453749,
      "kendall_std": 0.23755827908891763,
      "kendall_eligible_anchors": 1596400,
      "recall_at_1_mean": 0.06537208719619143,
      "recall_at_1_std": 0.24718126428150858,
      "recall_at_1_eligible_anchors": 1596400,
      "ndcg_at_5_mean": 0.30053277149591684,
      "ndcg_at_5_std": 0.2529633738440176,
      "ndcg_at_5_eligible_anchors": 1596400,
      "recall_at_5_mean": 0.23800563768479086,
      "recall_at_5_std": 0.2043204023798222,
      "recall_at_5_eligible_anchors": 1596400,
      "candidate_count_mean": 37.86095276872964,
      "candidate_count_min": 35,
      "candidate_count_max": 39,
      "random_recall_at_1_expected": 0.026432714494175107,
      "random_recall_at_5_expected": 0.13216357247087587
    },
    "raw_l1": {
      "spearman_mean": 0.07511638123337032,
      "spearman_std": 0.25820555857969657,
      "spearman_eligible_anchors": 1596400,
      "kendall_mean": 0.05564691056267036,
      "kendall_std": 0.20080917638821125,
      "kendall_eligible_anchors": 1596400,
      "recall_at_1_mean": 0.06199511400651466,
      "recall_at_1_std": 0.2411466770366822,
      "recall_at_1_eligible_anchors": 1596400,
      "ndcg_at_5_mean": 0.21164792248520178,
      "ndcg_at_5_std": 0.22505518889139314,
      "ndcg_at_5_eligible_anchors": 1596400,
      "recall_at_5_mean": 0.17726208970182925,
      "recall_at_5_std": 0.20855206095440945,
      "recall_at_5_eligible_anchors": 1596400,
      "candidate_count_mean": 37.86095276872964,
      "candidate_count_min": 35,
      "candidate_count_max": 39,
      "random_recall_at_1_expected": 0.026432714494175107,
      "random_recall_at_5_expected": 0.13216357247087587
    },
    "random": {
      "spearman_mean": 0.07409808185162353,
      "spearman_std": 0.24474644476866242,
      "spearman_eligible_anchors": 1596400,
      "kendall_mean": 0.05544577695717942,
      "kendall_std": 0.19026037929596404,
      "kendall_eligible_anchors": 1596400,
      "recall_at_1_mean": 0.04707341518416437,
      "recall_at_1_std": 0.2117959130084045,
      "recall_at_1_eligible_anchors": 1596400,
      "ndcg_at_5_mean": 0.23811848137316216,
      "ndcg_at_5_std": 0.23333801966466994,
      "ndcg_at_5_eligible_anchors": 1596400,
      "recall_at_5_mean": 0.17989388624404903,
      "recall_at_5_std": 0.17212055690402356,
      "recall_at_5_eligible_anchors": 1596400,
      "candidate_count_mean": 37.86095276872964,
      "candidate_count_min": 35,
      "candidate_count_max": 39,
      "random_recall_at_1_expected": 0.026432714494175107,
      "random_recall_at_5_expected": 0.13216357247087587
    },
    "delta_pretrained_minus_random": {
      "spearman": 0.2691259565355984,
      "kendall": 0.19762859748819547,
      "recall_at_1": 0.018298672012027062,
      "ndcg_at_5": 0.06241429012275468,
      "recall_at_5": 0.05811175144074182
    }
  },
  "memory_metrics": {
    "pretrained_memory": {
      "mae": 1.761497093663679,
      "rmse": 3.810796100340064,
      "mape": 3.956919730700529,
      "horizon_mae": [
        0.9508526223475827,
        1.2592471454437983,
        1.4640198109502525,
        1.6158281384933875,
        1.732628898103557,
        1.8283715883509222,
        1.9073831573106184,
        1.9734157283925302,
        2.030706442418053,
        2.0812895275618075,
        2.126660318004245,
        2.167561614137339
      ],
      "horizon_rmse": [
        1.6872855055141858,
        2.4323498764611435,
        2.9674716418699507,
        3.3648753133442684,
        3.6674708934340643,
        3.905655935370531,
        4.095272469426065,
        4.24872869866473,
        4.37621009580703,
        4.483804792837187,
        4.574961953483081,
        4.6541413781867105
      ],
      "horizon_mape": [
        1.8804383236609965,
        2.6062762108140003,
        3.124006503680424,
        3.527150900447737,
        3.849247299283923,
        4.1172180135824465,
        4.341519250932769,
        4.528441431515994,
        4.688004299562115,
        4.825260571279672,
        4.9447250542097265,
        5.050748690056587
      ]
    },
    "random_memory": {
      "mae": 1.9430208775282147,
      "rmse": 4.039595144071472,
      "mape": 4.323314305636207,
      "horizon_mae": [
        1.0154418463536903,
        1.3596805185301748,
        1.5916451331226178,
        1.7644534655159332,
        1.9006741929163053,
        2.0140236237987996,
        2.109390778991999,
        2.1894589424020983,
        2.2582709368576817,
        2.3194022885528933,
        2.3734070932608513,
        2.4204017039177477
      ],
      "horizon_rmse": [
        1.7676713354428126,
        2.5560929976305156,
        3.1246308981824447,
        3.54890073198573,
        3.8750393624994097,
        4.1329528497437895,
        4.3414689423688335,
        4.511544358186511,
        4.650350680604836,
        4.766091424730904,
        4.865038635784863,
        4.949146870272606
      ],
      "horizon_mape": [
        1.9971617768323766,
        2.7948901158173363,
        3.3676716357621683,
        3.814961393360658,
        4.179680384633265,
        4.487799259401032,
        4.751010757287724,
        4.9715625430753265,
        5.158364381563063,
        5.319419796622215,
        5.458175284694751,
        5.579074221008381
      ]
    },
    "raw_l1_offset_decay_memory": {
      "mae": 2.0733489975067365,
      "rmse": 4.311751119184013,
      "mape": 4.547588784526227,
      "horizon_mae": [
        1.0278113662887238,
        1.3904281608678415,
        1.6445200575116852,
        1.841142454276553,
        2.0018276455516086,
        2.137955959521678,
        2.2553740449696575,
        2.3565182365014836,
        2.445422547946601,
        2.524569845174612,
        2.596146898137954,
        2.6584708704880304
      ],
      "horizon_rmse": [
        1.784060796672155,
        2.601023608200192,
        3.2125706913870413,
        3.686833969101578,
        4.063778470787762,
        4.370762138194684,
        4.6242478340462645,
        4.8351039933238305,
        5.01039733226372,
        5.160159022440645,
        5.2892274355096776,
        5.398686394243735
      ],
      "horizon_mape": [
        2.010999591235124,
        2.834030908844605,
        3.4415835238428008,
        3.930061564835636,
        4.341282547125888,
        4.693577823794203,
        5.000205212124382,
        5.2630459999395125,
        5.490200307118086,
        5.687931881730898,
        5.863199493369431,
        6.014946192331137
      ]
    }
  },
  "case_selection": {
    "strong_win": {
      "sample_id": 37647,
      "node_id": 322,
      "mae_gain": 0.7766914367675781,
      "pretrained_mae": 0.5768165588378906,
      "random_mae": 1.3535079956054688,
      "raw_l1_mae": 1.03958261013031,
      "target_quantile": 0.9,
      "target_gain": 0.7766939997673035
    },
    "representative": {
      "sample_id": 36844,
      "node_id": 109,
      "mae_gain": 0.06666946411132812,
      "pretrained_mae": 1.5861562490463257,
      "random_mae": 1.6528257131576538,
      "raw_l1_mae": 1.583333969116211,
      "target_quantile": 0.5,
      "target_gain": 0.06666946411132812
    },
    "failure": {
      "sample_id": 37343,
      "node_id": 95,
      "mae_gain": -0.299360990524292,
      "pretrained_mae": 1.6278413534164429,
      "random_mae": 1.3284803628921509,
      "raw_l1_mae": 1.5368047952651978,
      "target_quantile": 0.1,
      "target_gain": -0.2993609607219696
    },
    "selection_rule": {
      "score": "random_memory_mae_minus_pretrained_memory_mae",
      "quantiles": {
        "strong_win": 0.9,
        "representative": 0.5,
        "failure": 0.1
      },
      "tie_break": "smallest_absolute_gap_then_sample_id_then_node_id",
      "manual_selection": false
    }
  },
  "config": {
    "event_top_r": 96,
    "node_top_k": 12,
    "level_weight": 0.0,
    "search_temperature": 0.1,
    "profile_weight_manifest": 0.0,
    "profile_weight_override": null,
    "profile_weight_effective": 0.0
  },
  "elapsed_seconds": 1532.333446100005,
  "outputs": {
    "metrics": "D:\\projects\\researchProjects\\TrafficRobustST\\STAnchor-BlockMemory\\artifacts\\paper_final_joint_context_offset_only_seed42\\cross_domain\\pemsbay\\finetuned\\weekday_radius1_overlap\\metrics.json",
    "cases": "D:\\projects\\researchProjects\\TrafficRobustST\\STAnchor-BlockMemory\\artifacts\\paper_final_joint_context_offset_only_seed42\\cross_domain\\pemsbay\\finetuned\\weekday_radius1_overlap\\cases.json",
    "alignment_bins": "D:\\projects\\researchProjects\\TrafficRobustST\\STAnchor-BlockMemory\\artifacts\\paper_final_joint_context_offset_only_seed42\\cross_domain\\pemsbay\\finetuned\\weekday_radius1_overlap\\alignment_bins.csv",
    "ranking_metrics": "D:\\projects\\researchProjects\\TrafficRobustST\\STAnchor-BlockMemory\\artifacts\\paper_final_joint_context_offset_only_seed42\\cross_domain\\pemsbay\\finetuned\\weekday_radius1_overlap\\ranking_metrics.csv",
    "figures": [
      "D:\\projects\\researchProjects\\TrafficRobustST\\STAnchor-BlockMemory\\artifacts\\paper_final_joint_context_offset_only_seed42\\cross_domain\\pemsbay\\finetuned\\weekday_radius1_overlap\\key_future_alignment.png",
      "D:\\projects\\researchProjects\\TrafficRobustST\\STAnchor-BlockMemory\\artifacts\\paper_final_joint_context_offset_only_seed42\\cross_domain\\pemsbay\\finetuned\\weekday_radius1_overlap\\deterministic_top5_cases.png",
      "D:\\projects\\researchProjects\\TrafficRobustST\\STAnchor-BlockMemory\\artifacts\\paper_final_joint_context_offset_only_seed42\\cross_domain\\pemsbay\\finetuned\\weekday_radius1_overlap\\top5_error_profiles.png",
      "D:\\projects\\researchProjects\\TrafficRobustST\\STAnchor-BlockMemory\\artifacts\\paper_final_joint_context_offset_only_seed42\\cross_domain\\pemsbay\\finetuned\\weekday_radius1_overlap\\ranking_metrics.png"
    ]
  }
}
visualization output: D:\projects\researchProjects\TrafficRobustST\STAnchor-BlockMemory\artifacts\paper_final_joint_context_offset_only_seed42\cross_domain\pemsbay\finetuned\weekday_radius1_overlap
[DONE] post-adaptation diagnostics: D:\projects\researchProjects\TrafficRobustST\STAnchor-BlockMemory\artifacts\paper_final_joint_context_offset_only_seed42\cross_domain\pemsbay\finetuned\COMPLETED.json
