
===== 2026-09-18T03:57:18.522272 pems08_finetuned_router_staeformer =====
C:\Users\clw\anaconda\envs\experiment\python.exe -u scripts/train_downstream.py --config C:\Users\clw\projects\researchRep\STAnchor-BlockMemory\artifacts\paper_final_joint_context_offset_only_seed42\resolved_configs\downstream\pems08_staeformer.yaml --pretrained-checkpoint C:\Users\clw\projects\researchRep\STAnchor-BlockMemory\artifacts\paper_final_joint_context_offset_only_seed42\retrieval_adaptation\pems08\retrieval_t1_best.pt --bank C:\Users\clw\projects\researchRep\STAnchor-BlockMemory\artifacts\paper_final_joint_context_offset_only_seed42\temporary_banks\pems08_finetuned --base-checkpoint C:\Users\clw\projects\researchRep\STAnchor-BlockMemory\artifacts\cross_dataset_final\pems08_baseonly_staeformer_seed42\downstream_best.pt --mode learned_topk_error_aware --candidate-protocol weekday_radius1_overlap --level-weight 0 --candidate-quality-weight 0 --epochs 50 --disable-early-stopping --frozen-path-cache --seed 42 --run-name paper_final_joint_context_offset_only_seed42/main_table/pems08/ours/staeformer
[2026-09-18 03:57:21] INFO Downstream start | run=paper_final_joint_context_offset_only_seed42/main_table/pems08/ours/staeformer | device=cuda:0 (requested=cuda:0) | seed=42 | output=C:\Users\clw\projects\researchRep\STAnchor-BlockMemory\artifacts\paper_final_joint_context_offset_only_seed42\main_table\pems08\ours\staeformer
[2026-09-18 03:57:21] INFO Mode | downstream_mode=learned_topk_error_aware | training_protocol=posthoc_frozen_base | candidate_protocol=weekday_radius1_overlap | candidate_ranking=learned_key | candidate_payload=offset_only
[2026-09-18 03:57:21] INFO STAEformer temporal covariates | mode=calendar | source=dataset slot/weekday
[2026-09-18 03:57:21] INFO Downstream initialization | seed=42 | state_hash=2e827d5b022ac85e
[2026-09-18 03:57:21] INFO Frozen base | checkpoint=C:\Users\clw\projects\researchRep\STAnchor-BlockMemory\artifacts\cross_dataset_final\pems08_baseonly_staeformer_seed42\downstream_best.pt | fingerprint=7498f96260503b9d
[2026-09-18 03:57:21] INFO Data | steps=17856 | nodes=170 | channels=1 | training_scope=full_train | memory/post_memory/train_selected/val/test=8540/3660/12200/1486/3273
[2026-09-18 03:57:21] INFO Frozen path cache | enabled=True | storage=disk_mmap | train_samples=12200 | val_samples=1486 | allocated_mib=1233.7
[2026-09-18 03:57:21] INFO Bank/retrieval | dataset=pems08_joint_context_offset_only_t1 | events=8540 | nodes=170 | retrieval_dim=64 | event_top_r=96 | node_top_k=12 | key_dtype=float16
[2026-09-18 03:57:21] INFO Frozen path cache | enabled=yes | candidate_ranking=learned_key | fill=first_epoch
[2026-09-18 03:57:21] INFO Parameters | downstream_total=2,108,766 | downstream_trainable=885,085 | backbone=0 | confidence_head=0 | fusion=0 | frozen_pretrained=958,704
[2026-09-18 03:57:21] INFO Optimization | epochs=50 | batch_size=32 | optimizer=adam | lr=0.001 | weight_decay=0.0001 | scheduler=step_lr | step_size=10 | gamma=0.950 | confidence_weight=0.000 | patience=10 | early_stopping=disabled
[2026-09-18 03:57:22] INFO Stage start | stage=posthoc_calibrator | epochs=50 | optimizer_lrs=[0.001]
[2026-09-18 04:00:11] INFO Epoch 001 | stage=posthoc_calibrator | train_total=1.056821 | train_forecast=1.056821 | train_confidence=0.000000 | train_risk=0.000000 | train_blend=0.000000 | val_total=1.291932 | val_mae=1.289912 | val_rmse=3.424146 | val_mape=2.833963 | val_confidence=0.000000 | val_risk=0.000000 | val_blend=0.000000 | batches=382/47 | seconds=168.47 | lr=[0.001] | cuda_peak_mb=1391.7
[2026-09-18 04:00:11] INFO Val horizons | 15min_mae=1.083316 15min_rmse=2.585355 15min_mape=2.191040 | 30min_mae=1.333099 30min_rmse=3.474984 30min_mape=2.917655 | 60min_mae=1.582671 60min_rmse=4.264597 60min_mape=3.709629
[2026-09-18 04:00:11] INFO Checkpoint updated | epoch=1 | stage=posthoc_calibrator | best_val_mae=1.289912 | path=C:\Users\clw\projects\researchRep\STAnchor-BlockMemory\artifacts\paper_final_joint_context_offset_only_seed42\main_table\pems08\ours\staeformer\downstream_best.pt
[2026-09-18 04:01:03] INFO Epoch 002 | stage=posthoc_calibrator | train_total=1.041365 | train_forecast=1.041365 | train_confidence=0.000000 | train_risk=0.000000 | train_blend=0.000000 | val_total=1.291168 | val_mae=1.289151 | val_rmse=3.424228 | val_mape=2.833100 | val_confidence=0.000000 | val_risk=0.000000 | val_blend=0.000000 | batches=382/47 | seconds=52.49 | lr=[0.001] | cuda_peak_mb=1218.2
[2026-09-18 04:01:03] INFO Val horizons | 15min_mae=1.082427 15min_rmse=2.584994 15min_mape=2.189614 | 30min_mae=1.332171 30min_rmse=3.474454 30min_mape=2.916427 | 60min_mae=1.582407 60min_rmse=4.267064 60min_mape=3.710375
[2026-09-18 04:01:03] INFO Checkpoint updated | epoch=2 | stage=posthoc_calibrator | best_val_mae=1.289151 | path=C:\Users\clw\projects\researchRep\STAnchor-BlockMemory\artifacts\paper_final_joint_context_offset_only_seed42\main_table\pems08\ours\staeformer\downstream_best.pt
[2026-09-18 04:01:56] INFO Epoch 003 | stage=posthoc_calibrator | train_total=1.040263 | train_forecast=1.040263 | train_confidence=0.000000 | train_risk=0.000000 | train_blend=0.000000 | val_total=1.290737 | val_mae=1.288715 | val_rmse=3.423191 | val_mape=2.832003 | val_confidence=0.000000 | val_risk=0.000000 | val_blend=0.000000 | batches=382/47 | seconds=52.45 | lr=[0.001] | cuda_peak_mb=1216.9
[2026-09-18 04:01:56] INFO Val horizons | 15min_mae=1.082157 15min_rmse=2.584376 15min_mape=2.189052 | 30min_mae=1.331701 30min_rmse=3.473917 30min_mape=2.915347 | 60min_mae=1.581565 60min_rmse=4.264228 60min_mape=3.708263
[2026-09-18 04:01:56] INFO Checkpoint updated | epoch=3 | stage=posthoc_calibrator | best_val_mae=1.288715 | path=C:\Users\clw\projects\researchRep\STAnchor-BlockMemory\artifacts\paper_final_joint_context_offset_only_seed42\main_table\pems08\ours\staeformer\downstream_best.pt
[2026-09-18 04:02:48] INFO Epoch 004 | stage=posthoc_calibrator | train_total=1.040246 | train_forecast=1.040246 | train_confidence=0.000000 | train_risk=0.000000 | train_blend=0.000000 | val_total=1.291100 | val_mae=1.289068 | val_rmse=3.422372 | val_mape=2.832853 | val_confidence=0.000000 | val_risk=0.000000 | val_blend=0.000000 | batches=382/47 | seconds=52.44 | lr=[0.001] | cuda_peak_mb=1217.0
[2026-09-18 04:02:48] INFO Val horizons | 15min_mae=1.082341 15min_rmse=2.583273 15min_mape=2.189090 | 30min_mae=1.331962 30min_rmse=3.473172 30min_mape=2.915954 | 60min_mae=1.582022 60min_rmse=4.263268 60min_mape=3.709990
[2026-09-18 04:03:41] INFO Epoch 005 | stage=posthoc_calibrator | train_total=1.039491 | train_forecast=1.039491 | train_confidence=0.000000 | train_risk=0.000000 | train_blend=0.000000 | val_total=1.289757 | val_mae=1.287724 | val_rmse=3.422935 | val_mape=2.831536 | val_confidence=0.000000 | val_risk=0.000000 | val_blend=0.000000 | batches=382/47 | seconds=52.44 | lr=[0.001] | cuda_peak_mb=1216.7
[2026-09-18 04:03:41] INFO Val horizons | 15min_mae=1.081534 15min_rmse=2.583884 15min_mape=2.188264 | 30min_mae=1.330889 30min_rmse=3.473821 30min_mape=2.914852 | 60min_mae=1.579527 60min_rmse=4.263050 60min_mape=3.707522
[2026-09-18 04:03:41] INFO Checkpoint updated | epoch=5 | stage=posthoc_calibrator | best_val_mae=1.287724 | path=C:\Users\clw\projects\researchRep\STAnchor-BlockMemory\artifacts\paper_final_joint_context_offset_only_seed42\main_table\pems08\ours\staeformer\downstream_best.pt
[2026-09-18 04:04:33] INFO Epoch 006 | stage=posthoc_calibrator | train_total=1.039770 | train_forecast=1.039770 | train_confidence=0.000000 | train_risk=0.000000 | train_blend=0.000000 | val_total=1.289550 | val_mae=1.287523 | val_rmse=3.422667 | val_mape=2.830296 | val_confidence=0.000000 | val_risk=0.000000 | val_blend=0.000000 | batches=382/47 | seconds=52.41 | lr=[0.001] | cuda_peak_mb=1216.9
[2026-09-18 04:04:33] INFO Val horizons | 15min_mae=1.081107 15min_rmse=2.582935 15min_mape=2.187145 | 30min_mae=1.330793 30min_rmse=3.473727 30min_mape=2.914026 | 60min_mae=1.578949 60min_rmse=4.262394 60min_mape=3.704369
[2026-09-18 04:04:33] INFO Checkpoint updated | epoch=6 | stage=posthoc_calibrator | best_val_mae=1.287523 | path=C:\Users\clw\projects\researchRep\STAnchor-BlockMemory\artifacts\paper_final_joint_context_offset_only_seed42\main_table\pems08\ours\staeformer\downstream_best.pt
[2026-09-18 04:05:26] INFO Epoch 007 | stage=posthoc_calibrator | train_total=1.038648 | train_forecast=1.038648 | train_confidence=0.000000 | train_risk=0.000000 | train_blend=0.000000 | val_total=1.290238 | val_mae=1.288208 | val_rmse=3.422718 | val_mape=2.830920 | val_confidence=0.000000 | val_risk=0.000000 | val_blend=0.000000 | batches=382/47 | seconds=52.52 | lr=[0.001] | cuda_peak_mb=1217.0
[2026-09-18 04:05:26] INFO Val horizons | 15min_mae=1.081410 15min_rmse=2.583067 15min_mape=2.187424 | 30min_mae=1.331409 30min_rmse=3.473761 30min_mape=2.914770 | 60min_mae=1.580182 60min_rmse=4.262516 60min_mape=3.704849
[2026-09-18 04:06:18] INFO Epoch 008 | stage=posthoc_calibrator | train_total=1.039022 | train_forecast=1.039022 | train_confidence=0.000000 | train_risk=0.000000 | train_blend=0.000000 | val_total=1.289312 | val_mae=1.287283 | val_rmse=3.423151 | val_mape=2.829949 | val_confidence=0.000000 | val_risk=0.000000 | val_blend=0.000000 | batches=382/47 | seconds=52.48 | lr=[0.001] | cuda_peak_mb=1216.7
[2026-09-18 04:06:18] INFO Val horizons | 15min_mae=1.081018 15min_rmse=2.583926 15min_mape=2.187282 | 30min_mae=1.330529 30min_rmse=3.474135 30min_mape=2.913795 | 60min_mae=1.578750 60min_rmse=4.263052 60min_mape=3.703374
[2026-09-18 04:06:18] INFO Checkpoint updated | epoch=8 | stage=posthoc_calibrator | best_val_mae=1.287283 | path=C:\Users\clw\projects\researchRep\STAnchor-BlockMemory\artifacts\paper_final_joint_context_offset_only_seed42\main_table\pems08\ours\staeformer\downstream_best.pt
[2026-09-18 04:07:10] INFO Epoch 009 | stage=posthoc_calibrator | train_total=1.038511 | train_forecast=1.038511 | train_confidence=0.000000 | train_risk=0.000000 | train_blend=0.000000 | val_total=1.288305 | val_mae=1.286275 | val_rmse=3.421538 | val_mape=2.828912 | val_confidence=0.000000 | val_risk=0.000000 | val_blend=0.000000 | batches=382/47 | seconds=52.41 | lr=[0.001] | cuda_peak_mb=1216.9
[2026-09-18 04:07:10] INFO Val horizons | 15min_mae=1.080282 15min_rmse=2.582203 15min_mape=2.185980 | 30min_mae=1.329595 30min_rmse=3.472341 30min_mape=2.912664 | 60min_mae=1.576749 60min_rmse=4.260424 60min_mape=3.702143
[2026-09-18 04:07:11] INFO Checkpoint updated | epoch=9 | stage=posthoc_calibrator | best_val_mae=1.286275 | path=C:\Users\clw\projects\researchRep\STAnchor-BlockMemory\artifacts\paper_final_joint_context_offset_only_seed42\main_table\pems08\ours\staeformer\downstream_best.pt
[2026-09-18 04:08:03] INFO Epoch 010 | stage=posthoc_calibrator | train_total=1.038579 | train_forecast=1.038579 | train_confidence=0.000000 | train_risk=0.000000 | train_blend=0.000000 | val_total=1.288764 | val_mae=1.286733 | val_rmse=3.422662 | val_mape=2.829164 | val_confidence=0.000000 | val_risk=0.000000 | val_blend=0.000000 | batches=382/47 | seconds=52.67 | lr=[0.001] | cuda_peak_mb=1217.0
[2026-09-18 04:08:03] INFO Val horizons | 15min_mae=1.080526 15min_rmse=2.583044 15min_mape=2.186352 | 30min_mae=1.330025 30min_rmse=3.473565 30min_mape=2.912983 | 60min_mae=1.577784 60min_rmse=4.262955 60min_mape=3.702599
[2026-09-18 04:08:56] INFO Epoch 011 | stage=posthoc_calibrator | train_total=1.037892 | train_forecast=1.037892 | train_confidence=0.000000 | train_risk=0.000000 | train_blend=0.000000 | val_total=1.288827 | val_mae=1.286801 | val_rmse=3.423599 | val_mape=2.829729 | val_confidence=0.000000 | val_risk=0.000000 | val_blend=0.000000 | batches=382/47 | seconds=52.47 | lr=[0.00095] | cuda_peak_mb=1216.7
[2026-09-18 04:08:56] INFO Val horizons | 15min_mae=1.080798 15min_rmse=2.584420 15min_mape=2.187337 | 30min_mae=1.330020 30min_rmse=3.474369 30min_mape=2.913503 | 60min_mae=1.578245 60min_rmse=4.263929 60min_mape=3.703513
[2026-09-18 04:09:48] INFO Epoch 012 | stage=posthoc_calibrator | train_total=1.037630 | train_forecast=1.037630 | train_confidence=0.000000 | train_risk=0.000000 | train_blend=0.000000 | val_total=1.287356 | val_mae=1.285320 | val_rmse=3.422023 | val_mape=2.827420 | val_confidence=0.000000 | val_risk=0.000000 | val_blend=0.000000 | batches=382/47 | seconds=52.49 | lr=[0.00095] | cuda_peak_mb=1216.9
[2026-09-18 04:09:48] INFO Val horizons | 15min_mae=1.079689 15min_rmse=2.582602 15min_mape=2.185333 | 30min_mae=1.328748 30min_rmse=3.472765 30min_mape=2.911519 | 60min_mae=1.575528 60min_rmse=4.261758 60min_mape=3.699664
[2026-09-18 04:09:48] INFO Checkpoint updated | epoch=12 | stage=posthoc_calibrator | best_val_mae=1.285320 | path=C:\Users\clw\projects\researchRep\STAnchor-BlockMemory\artifacts\paper_final_joint_context_offset_only_seed42\main_table\pems08\ours\staeformer\downstream_best.pt
[2026-09-18 04:10:41] INFO Epoch 013 | stage=posthoc_calibrator | train_total=1.037480 | train_forecast=1.037480 | train_confidence=0.000000 | train_risk=0.000000 | train_blend=0.000000 | val_total=1.287460 | val_mae=1.285414 | val_rmse=3.421755 | val_mape=2.827692 | val_confidence=0.000000 | val_risk=0.000000 | val_blend=0.000000 | batches=382/47 | seconds=52.51 | lr=[0.00095] | cuda_peak_mb=1217.0
[2026-09-18 04:10:41] INFO Val horizons | 15min_mae=1.079586 15min_rmse=2.582199 15min_mape=2.185057 | 30min_mae=1.328925 30min_rmse=3.472623 30min_mape=2.911666 | 60min_mae=1.575550 60min_rmse=4.261000 60min_mape=3.700887
[2026-09-18 04:11:33] INFO Epoch 014 | stage=posthoc_calibrator | train_total=1.037515 | train_forecast=1.037515 | train_confidence=0.000000 | train_risk=0.000000 | train_blend=0.000000 | val_total=1.286090 | val_mae=1.284033 | val_rmse=3.419882 | val_mape=2.826372 | val_confidence=0.000000 | val_risk=0.000000 | val_blend=0.000000 | batches=382/47 | seconds=52.48 | lr=[0.00095] | cuda_peak_mb=1216.7
[2026-09-18 04:11:33] INFO Val horizons | 15min_mae=1.078566 15min_rmse=2.580250 15min_mape=2.183739 | 30min_mae=1.327434 30min_rmse=3.470818 30min_mape=2.910561 | 60min_mae=1.573775 60min_rmse=4.257569 60min_mape=3.698755
[2026-09-18 04:11:33] INFO Checkpoint updated | epoch=14 | stage=posthoc_calibrator | best_val_mae=1.284033 | path=C:\Users\clw\projects\researchRep\STAnchor-BlockMemory\artifacts\paper_final_joint_context_offset_only_seed42\main_table\pems08\ours\staeformer\downstream_best.pt
[2026-09-18 04:12:26] INFO Epoch 015 | stage=posthoc_calibrator | train_total=1.037341 | train_forecast=1.037341 | train_confidence=0.000000 | train_risk=0.000000 | train_blend=0.000000 | val_total=1.286260 | val_mae=1.284202 | val_rmse=3.421785 | val_mape=2.828829 | val_confidence=0.000000 | val_risk=0.000000 | val_blend=0.000000 | batches=382/47 | seconds=52.57 | lr=[0.00095] | cuda_peak_mb=1216.9
[2026-09-18 04:12:26] INFO Val horizons | 15min_mae=1.079313 15min_rmse=2.582713 15min_mape=2.185751 | 30min_mae=1.327725 30min_rmse=3.472281 30min_mape=2.912272 | 60min_mae=1.574374 60min_rmse=4.262534 60min_mape=3.705804
[2026-09-18 04:13:18] INFO Epoch 016 | stage=posthoc_calibrator | train_total=1.036697 | train_forecast=1.036697 | train_confidence=0.000000 | train_risk=0.000000 | train_blend=0.000000 | val_total=1.285223 | val_mae=1.283149 | val_rmse=3.419761 | val_mape=2.828770 | val_confidence=0.000000 | val_risk=0.000000 | val_blend=0.000000 | batches=382/47 | seconds=52.36 | lr=[0.00095] | cuda_peak_mb=1217.0
[2026-09-18 04:13:18] INFO Val horizons | 15min_mae=1.078226 15min_rmse=2.580767 15min_mape=2.185264 | 30min_mae=1.326540 30min_rmse=3.470325 30min_mape=2.912896 | 60min_mae=1.573214 60min_rmse=4.259243 60min_mape=3.704967
[2026-09-18 04:13:18] INFO Checkpoint updated | epoch=16 | stage=posthoc_calibrator | best_val_mae=1.283149 | path=C:\Users\clw\projects\researchRep\STAnchor-BlockMemory\artifacts\paper_final_joint_context_offset_only_seed42\main_table\pems08\ours\staeformer\downstream_best.pt
[2026-09-18 04:14:11] INFO Epoch 017 | stage=posthoc_calibrator | train_total=1.036660 | train_forecast=1.036660 | train_confidence=0.000000 | train_risk=0.000000 | train_blend=0.000000 | val_total=1.285416 | val_mae=1.283349 | val_rmse=3.418290 | val_mape=2.825597 | val_confidence=0.000000 | val_risk=0.000000 | val_blend=0.000000 | batches=382/47 | seconds=52.44 | lr=[0.00095] | cuda_peak_mb=1216.7
[2026-09-18 04:14:11] INFO Val horizons | 15min_mae=1.078012 15min_rmse=2.579214 15min_mape=2.182942 | 30min_mae=1.326978 30min_rmse=3.469245 30min_mape=2.909902 | 60min_mae=1.572906 60min_rmse=4.257038 60min_mape=3.698700
[2026-09-18 04:15:03] INFO Epoch 018 | stage=posthoc_calibrator | train_total=1.036666 | train_forecast=1.036666 | train_confidence=0.000000 | train_risk=0.000000 | train_blend=0.000000 | val_total=1.286215 | val_mae=1.284146 | val_rmse=3.419168 | val_mape=2.825354 | val_confidence=0.000000 | val_risk=0.000000 | val_blend=0.000000 | batches=382/47 | seconds=52.53 | lr=[0.00095] | cuda_peak_mb=1216.9
[2026-09-18 04:15:03] INFO Val horizons | 15min_mae=1.078323 15min_rmse=2.580045 15min_mape=2.183702 | 30min_mae=1.327624 30min_rmse=3.470476 30min_mape=2.910102 | 60min_mae=1.573764 60min_rmse=4.255757 60min_mape=3.695227
[2026-09-18 04:15:56] INFO Epoch 019 | stage=posthoc_calibrator | train_total=1.036116 | train_forecast=1.036116 | train_confidence=0.000000 | train_risk=0.000000 | train_blend=0.000000 | val_total=1.285755 | val_mae=1.283675 | val_rmse=3.419439 | val_mape=2.826213 | val_confidence=0.000000 | val_risk=0.000000 | val_blend=0.000000 | batches=382/47 | seconds=52.54 | lr=[0.00095] | cuda_peak_mb=1217.0
[2026-09-18 04:15:56] INFO Val horizons | 15min_mae=1.078646 15min_rmse=2.581766 15min_mape=2.184886 | 30min_mae=1.326997 30min_rmse=3.470784 30min_mape=2.910390 | 60min_mae=1.573478 60min_rmse=4.257170 60min_mape=3.698796
[2026-09-18 04:16:48] INFO Epoch 020 | stage=posthoc_calibrator | train_total=1.035798 | train_forecast=1.035798 | train_confidence=0.000000 | train_risk=0.000000 | train_blend=0.000000 | val_total=1.286546 | val_mae=1.284487 | val_rmse=3.420087 | val_mape=2.826096 | val_confidence=0.000000 | val_risk=0.000000 | val_blend=0.000000 | batches=382/47 | seconds=52.59 | lr=[0.00095] | cuda_peak_mb=1216.7
[2026-09-18 04:16:48] INFO Val horizons | 15min_mae=1.078771 15min_rmse=2.581413 15min_mape=2.184028 | 30min_mae=1.328207 30min_rmse=3.471670 30min_mape=2.910547 | 60min_mae=1.574100 60min_rmse=4.257951 60min_mape=3.697935
[2026-09-18 04:17:41] INFO Epoch 021 | stage=posthoc_calibrator | train_total=1.035776 | train_forecast=1.035776 | train_confidence=0.000000 | train_risk=0.000000 | train_blend=0.000000 | val_total=1.283795 | val_mae=1.281703 | val_rmse=3.417017 | val_mape=2.824455 | val_confidence=0.000000 | val_risk=0.000000 | val_blend=0.000000 | batches=382/47 | seconds=52.56 | lr=[0.0009025] | cuda_peak_mb=1216.9
[2026-09-18 04:17:41] INFO Val horizons | 15min_mae=1.077044 15min_rmse=2.578810 15min_mape=2.182772 | 30min_mae=1.325460 30min_rmse=3.468823 30min_mape=2.909175 | 60min_mae=1.570138 60min_rmse=4.253136 60min_mape=3.696547
[2026-09-18 04:17:41] INFO Checkpoint updated | epoch=21 | stage=posthoc_calibrator | best_val_mae=1.281703 | path=C:\Users\clw\projects\researchRep\STAnchor-BlockMemory\artifacts\paper_final_joint_context_offset_only_seed42\main_table\pems08\ours\staeformer\downstream_best.pt
[2026-09-18 04:18:33] INFO Epoch 022 | stage=posthoc_calibrator | train_total=1.035852 | train_forecast=1.035852 | train_confidence=0.000000 | train_risk=0.000000 | train_blend=0.000000 | val_total=1.286046 | val_mae=1.283974 | val_rmse=3.419691 | val_mape=2.826386 | val_confidence=0.000000 | val_risk=0.000000 | val_blend=0.000000 | batches=382/47 | seconds=52.49 | lr=[0.0009025] | cuda_peak_mb=1217.0
[2026-09-18 04:18:33] INFO Val horizons | 15min_mae=1.078394 15min_rmse=2.580721 15min_mape=2.184149 | 30min_mae=1.327485 30min_rmse=3.470897 30min_mape=2.910575 | 60min_mae=1.573630 60min_rmse=4.258589 60min_mape=3.699297
[2026-09-18 04:19:26] INFO Epoch 023 | stage=posthoc_calibrator | train_total=1.035558 | train_forecast=1.035558 | train_confidence=0.000000 | train_risk=0.000000 | train_blend=0.000000 | val_total=1.284292 | val_mae=1.282209 | val_rmse=3.416354 | val_mape=2.825020 | val_confidence=0.000000 | val_risk=0.000000 | val_blend=0.000000 | batches=382/47 | seconds=52.64 | lr=[0.0009025] | cuda_peak_mb=1216.7
[2026-09-18 04:19:26] INFO Val horizons | 15min_mae=1.077154 15min_rmse=2.577550 15min_mape=2.183067 | 30min_mae=1.326023 30min_rmse=3.468033 30min_mape=2.910372 | 60min_mae=1.570755 60min_rmse=4.252238 60min_mape=3.695589
[2026-09-18 04:20:19] INFO Epoch 024 | stage=posthoc_calibrator | train_total=1.036105 | train_forecast=1.036105 | train_confidence=0.000000 | train_risk=0.000000 | train_blend=0.000000 | val_total=1.285878 | val_mae=1.283807 | val_rmse=3.418839 | val_mape=2.826546 | val_confidence=0.000000 | val_risk=0.000000 | val_blend=0.000000 | batches=382/47 | seconds=52.46 | lr=[0.0009025] | cuda_peak_mb=1216.9
[2026-09-18 04:20:19] INFO Val horizons | 15min_mae=1.078214 15min_rmse=2.580208 15min_mape=2.184500 | 30min_mae=1.327322 30min_rmse=3.470376 30min_mape=2.911452 | 60min_mae=1.573522 60min_rmse=4.256786 60min_mape=3.698074
[2026-09-18 04:21:11] INFO Epoch 025 | stage=posthoc_calibrator | train_total=1.036308 | train_forecast=1.036308 | train_confidence=0.000000 | train_risk=0.000000 | train_blend=0.000000 | val_total=1.285176 | val_mae=1.283090 | val_rmse=3.419191 | val_mape=2.826153 | val_confidence=0.000000 | val_risk=0.000000 | val_blend=0.000000 | batches=382/47 | seconds=52.49 | lr=[0.0009025] | cuda_peak_mb=1217.0
[2026-09-18 04:21:11] INFO Val horizons | 15min_mae=1.078063 15min_rmse=2.581116 15min_mape=2.184670 | 30min_mae=1.326577 30min_rmse=3.470676 30min_mape=2.910545 | 60min_mae=1.572578 60min_rmse=4.257425 60min_mape=3.698529
[2026-09-18 04:22:04] INFO Epoch 026 | stage=posthoc_calibrator | train_total=1.035912 | train_forecast=1.035912 | train_confidence=0.000000 | train_risk=0.000000 | train_blend=0.000000 | val_total=1.285930 | val_mae=1.283854 | val_rmse=3.419337 | val_mape=2.826554 | val_confidence=0.000000 | val_risk=0.000000 | val_blend=0.000000 | batches=382/47 | seconds=52.67 | lr=[0.0009025] | cuda_peak_mb=1216.7
[2026-09-18 04:22:04] INFO Val horizons | 15min_mae=1.078238 15min_rmse=2.580580 15min_mape=2.184784 | 30min_mae=1.327438 30min_rmse=3.470889 30min_mape=2.911542 | 60min_mae=1.573447 60min_rmse=4.257386 60min_mape=3.697673
[2026-09-18 04:22:56] INFO Epoch 027 | stage=posthoc_calibrator | train_total=1.035850 | train_forecast=1.035850 | train_confidence=0.000000 | train_risk=0.000000 | train_blend=0.000000 | val_total=1.283290 | val_mae=1.281164 | val_rmse=3.413841 | val_mape=2.822320 | val_confidence=0.000000 | val_risk=0.000000 | val_blend=0.000000 | batches=382/47 | seconds=52.47 | lr=[0.0009025] | cuda_peak_mb=1216.9
[2026-09-18 04:22:56] INFO Val horizons | 15min_mae=1.076543 15min_rmse=2.576868 15min_mape=2.181974 | 30min_mae=1.325129 30min_rmse=3.467006 30min_mape=2.907995 | 60min_mae=1.568566 60min_rmse=4.245470 60min_mape=3.689784
[2026-09-18 04:22:56] INFO Checkpoint updated | epoch=27 | stage=posthoc_calibrator | best_val_mae=1.281164 | path=C:\Users\clw\projects\researchRep\STAnchor-BlockMemory\artifacts\paper_final_joint_context_offset_only_seed42\main_table\pems08\ours\staeformer\downstream_best.pt
[2026-09-18 04:23:49] INFO Epoch 028 | stage=posthoc_calibrator | train_total=1.035654 | train_forecast=1.035654 | train_confidence=0.000000 | train_risk=0.000000 | train_blend=0.000000 | val_total=1.284603 | val_mae=1.282522 | val_rmse=3.418749 | val_mape=2.824320 | val_confidence=0.000000 | val_risk=0.000000 | val_blend=0.000000 | batches=382/47 | seconds=52.65 | lr=[0.0009025] | cuda_peak_mb=1217.0
[2026-09-18 04:23:49] INFO Val horizons | 15min_mae=1.077179 15min_rmse=2.579256 15min_mape=2.182634 | 30min_mae=1.326350 30min_rmse=3.469895 30min_mape=2.909152 | 60min_mae=1.571397 60min_rmse=4.257419 60min_mape=3.695175
[2026-09-18 04:24:42] INFO Epoch 029 | stage=posthoc_calibrator | train_total=1.035910 | train_forecast=1.035910 | train_confidence=0.000000 | train_risk=0.000000 | train_blend=0.000000 | val_total=1.283967 | val_mae=1.281862 | val_rmse=3.417790 | val_mape=2.824518 | val_confidence=0.000000 | val_risk=0.000000 | val_blend=0.000000 | batches=382/47 | seconds=52.90 | lr=[0.0009025] | cuda_peak_mb=1216.7
[2026-09-18 04:24:42] INFO Val horizons | 15min_mae=1.077301 15min_rmse=2.579300 15min_mape=2.183762 | 30min_mae=1.325862 30min_rmse=3.469639 30min_mape=2.910105 | 60min_mae=1.569630 60min_rmse=4.253603 60min_mape=3.693866
[2026-09-18 04:25:34] INFO Epoch 030 | stage=posthoc_calibrator | train_total=1.035204 | train_forecast=1.035204 | train_confidence=0.000000 | train_risk=0.000000 | train_blend=0.000000 | val_total=1.284639 | val_mae=1.282556 | val_rmse=3.417593 | val_mape=2.823648 | val_confidence=0.000000 | val_risk=0.000000 | val_blend=0.000000 | batches=382/47 | seconds=52.34 | lr=[0.0009025] | cuda_peak_mb=1216.9
[2026-09-18 04:25:34] INFO Val horizons | 15min_mae=1.077236 15min_rmse=2.579122 15min_mape=2.182106 | 30min_mae=1.326281 30min_rmse=3.469430 30min_mape=2.908906 | 60min_mae=1.571247 60min_rmse=4.253752 60min_mape=3.692496
[2026-09-18 04:26:27] INFO Epoch 031 | stage=posthoc_calibrator | train_total=1.035342 | train_forecast=1.035342 | train_confidence=0.000000 | train_risk=0.000000 | train_blend=0.000000 | val_total=1.284281 | val_mae=1.282173 | val_rmse=3.416542 | val_mape=2.826696 | val_confidence=0.000000 | val_risk=0.000000 | val_blend=0.000000 | batches=382/47 | seconds=52.90 | lr=[0.000857375] | cuda_peak_mb=1217.0
[2026-09-18 04:26:27] INFO Val horizons | 15min_mae=1.077602 15min_rmse=2.579729 15min_mape=2.185108 | 30min_mae=1.325666 30min_rmse=3.467843 30min_mape=2.911446 | 60min_mae=1.571243 60min_rmse=4.254594 60min_mape=3.700024
[2026-09-18 04:27:20] INFO Epoch 032 | stage=posthoc_calibrator | train_total=1.035460 | train_forecast=1.035460 | train_confidence=0.000000 | train_risk=0.000000 | train_blend=0.000000 | val_total=1.285660 | val_mae=1.283586 | val_rmse=3.418747 | val_mape=2.824134 | val_confidence=0.000000 | val_risk=0.000000 | val_blend=0.000000 | batches=382/47 | seconds=53.04 | lr=[0.000857375] | cuda_peak_mb=1216.7
[2026-09-18 04:27:20] INFO Val horizons | 15min_mae=1.077590 15min_rmse=2.579846 15min_mape=2.181986 | 30min_mae=1.327358 30min_rmse=3.470627 30min_mape=2.909002 | 60min_mae=1.572411 60min_rmse=4.255073 60min_mape=3.693342
[2026-09-18 04:28:13] INFO Epoch 033 | stage=posthoc_calibrator | train_total=1.035571 | train_forecast=1.035571 | train_confidence=0.000000 | train_risk=0.000000 | train_blend=0.000000 | val_total=1.284484 | val_mae=1.282397 | val_rmse=3.418012 | val_mape=2.823766 | val_confidence=0.000000 | val_risk=0.000000 | val_blend=0.000000 | batches=382/47 | seconds=53.28 | lr=[0.000857375] | cuda_peak_mb=1216.9
[2026-09-18 04:28:13] INFO Val horizons | 15min_mae=1.076744 15min_rmse=2.578377 15min_mape=2.181780 | 30min_mae=1.326112 30min_rmse=3.469562 30min_mape=2.908856 | 60min_mae=1.571059 60min_rmse=4.255153 60min_mape=3.693073
[2026-09-18 04:29:07] INFO Epoch 034 | stage=posthoc_calibrator | train_total=1.034848 | train_forecast=1.034848 | train_confidence=0.000000 | train_risk=0.000000 | train_blend=0.000000 | val_total=1.282934 | val_mae=1.280823 | val_rmse=3.414986 | val_mape=2.823198 | val_confidence=0.000000 | val_risk=0.000000 | val_blend=0.000000 | batches=382/47 | seconds=53.22 | lr=[0.000857375] | cuda_peak_mb=1217.0
[2026-09-18 04:29:07] INFO Val horizons | 15min_mae=1.076235 15min_rmse=2.577532 15min_mape=2.181958 | 30min_mae=1.324646 30min_rmse=3.466707 30min_mape=2.908446 | 60min_mae=1.568566 60min_rmse=4.250132 60min_mape=3.692578
[2026-09-18 04:29:07] INFO Checkpoint updated | epoch=34 | stage=posthoc_calibrator | best_val_mae=1.280823 | path=C:\Users\clw\projects\researchRep\STAnchor-BlockMemory\artifacts\paper_final_joint_context_offset_only_seed42\main_table\pems08\ours\staeformer\downstream_best.pt
[2026-09-18 04:30:00] INFO Epoch 035 | stage=posthoc_calibrator | train_total=1.035477 | train_forecast=1.035477 | train_confidence=0.000000 | train_risk=0.000000 | train_blend=0.000000 | val_total=1.285010 | val_mae=1.282923 | val_rmse=3.419284 | val_mape=2.825152 | val_confidence=0.000000 | val_risk=0.000000 | val_blend=0.000000 | batches=382/47 | seconds=53.24 | lr=[0.000857375] | cuda_peak_mb=1216.7
[2026-09-18 04:30:00] INFO Val horizons | 15min_mae=1.077665 15min_rmse=2.580870 15min_mape=2.183464 | 30min_mae=1.326410 30min_rmse=3.470468 30min_mape=2.909642 | 60min_mae=1.572277 60min_rmse=4.258088 60min_mape=3.696648
[2026-09-18 04:30:53] INFO Epoch 036 | stage=posthoc_calibrator | train_total=1.035361 | train_forecast=1.035361 | train_confidence=0.000000 | train_risk=0.000000 | train_blend=0.000000 | val_total=1.284186 | val_mae=1.282096 | val_rmse=3.418233 | val_mape=2.822757 | val_confidence=0.000000 | val_risk=0.000000 | val_blend=0.000000 | batches=382/47 | seconds=53.09 | lr=[0.000857375] | cuda_peak_mb=1216.9
[2026-09-18 04:30:53] INFO Val horizons | 15min_mae=1.076664 15min_rmse=2.579192 15min_mape=2.181498 | 30min_mae=1.325908 30min_rmse=3.470044 30min_mape=2.907900 | 60min_mae=1.570626 60min_rmse=4.254736 60min_mape=3.691294
[2026-09-18 04:31:46] INFO Epoch 037 | stage=posthoc_calibrator | train_total=1.035094 | train_forecast=1.035094 | train_confidence=0.000000 | train_risk=0.000000 | train_blend=0.000000 | val_total=1.285066 | val_mae=1.282984 | val_rmse=3.418597 | val_mape=2.824078 | val_confidence=0.000000 | val_risk=0.000000 | val_blend=0.000000 | batches=382/47 | seconds=53.22 | lr=[0.000857375] | cuda_peak_mb=1217.0
[2026-09-18 04:31:46] INFO Val horizons | 15min_mae=1.077334 15min_rmse=2.579668 15min_mape=2.182054 | 30min_mae=1.326595 30min_rmse=3.470071 30min_mape=2.908902 | 60min_mae=1.572054 60min_rmse=4.256064 60min_mape=3.693897
[2026-09-18 04:32:39] INFO Epoch 038 | stage=posthoc_calibrator | train_total=1.035235 | train_forecast=1.035235 | train_confidence=0.000000 | train_risk=0.000000 | train_blend=0.000000 | val_total=1.286281 | val_mae=1.284223 | val_rmse=3.420720 | val_mape=2.825549 | val_confidence=0.000000 | val_risk=0.000000 | val_blend=0.000000 | batches=382/47 | seconds=53.00 | lr=[0.000857375] | cuda_peak_mb=1216.7
[2026-09-18 04:32:39] INFO Val horizons | 15min_mae=1.078351 15min_rmse=2.581323 15min_mape=2.183557 | 30min_mae=1.327751 30min_rmse=3.471745 30min_mape=2.910361 | 60min_mae=1.574255 60min_rmse=4.260173 60min_mape=3.696319
[2026-09-18 04:33:32] INFO Epoch 039 | stage=posthoc_calibrator | train_total=1.035638 | train_forecast=1.035638 | train_confidence=0.000000 | train_risk=0.000000 | train_blend=0.000000 | val_total=1.284148 | val_mae=1.282055 | val_rmse=3.418529 | val_mape=2.822874 | val_confidence=0.000000 | val_risk=0.000000 | val_blend=0.000000 | batches=382/47 | seconds=53.14 | lr=[0.000857375] | cuda_peak_mb=1216.9
[2026-09-18 04:33:32] INFO Val horizons | 15min_mae=1.077096 15min_rmse=2.580273 15min_mape=2.182177 | 30min_mae=1.325816 30min_rmse=3.470081 30min_mape=2.907750 | 60min_mae=1.570370 60min_rmse=4.255461 60min_mape=3.691771
[2026-09-18 04:34:25] INFO Epoch 040 | stage=posthoc_calibrator | train_total=1.035452 | train_forecast=1.035452 | train_confidence=0.000000 | train_risk=0.000000 | train_blend=0.000000 | val_total=1.286014 | val_mae=1.283947 | val_rmse=3.420393 | val_mape=2.825408 | val_confidence=0.000000 | val_risk=0.000000 | val_blend=0.000000 | batches=382/47 | seconds=52.99 | lr=[0.000857375] | cuda_peak_mb=1217.0
[2026-09-18 04:34:25] INFO Val horizons | 15min_mae=1.078092 15min_rmse=2.581136 15min_mape=2.183243 | 30min_mae=1.327550 30min_rmse=3.471729 30min_mape=2.910001 | 60min_mae=1.573570 60min_rmse=4.259020 60min_mape=3.696506
[2026-09-18 04:35:18] INFO Epoch 041 | stage=posthoc_calibrator | train_total=1.035064 | train_forecast=1.035064 | train_confidence=0.000000 | train_risk=0.000000 | train_blend=0.000000 | val_total=1.286613 | val_mae=1.284545 | val_rmse=3.420198 | val_mape=2.826949 | val_confidence=0.000000 | val_risk=0.000000 | val_blend=0.000000 | batches=382/47 | seconds=53.11 | lr=[0.0008145062499999999] | cuda_peak_mb=1216.7
[2026-09-18 04:35:18] INFO Val horizons | 15min_mae=1.078479 15min_rmse=2.580632 15min_mape=2.183979 | 30min_mae=1.328054 30min_rmse=3.471368 30min_mape=2.911429 | 60min_mae=1.574496 60min_rmse=4.259576 60min_mape=3.699400
[2026-09-18 04:36:12] INFO Epoch 042 | stage=posthoc_calibrator | train_total=1.035318 | train_forecast=1.035318 | train_confidence=0.000000 | train_risk=0.000000 | train_blend=0.000000 | val_total=1.284270 | val_mae=1.282181 | val_rmse=3.417829 | val_mape=2.823648 | val_confidence=0.000000 | val_risk=0.000000 | val_blend=0.000000 | batches=382/47 | seconds=53.41 | lr=[0.0008145062499999999] | cuda_peak_mb=1216.9
[2026-09-18 04:36:12] INFO Val horizons | 15min_mae=1.077043 15min_rmse=2.579565 15min_mape=2.181886 | 30min_mae=1.325831 30min_rmse=3.469220 30min_mape=2.908383 | 60min_mae=1.570691 60min_rmse=4.255170 60min_mape=3.693948
[2026-09-18 04:37:05] INFO Epoch 043 | stage=posthoc_calibrator | train_total=1.035323 | train_forecast=1.035323 | train_confidence=0.000000 | train_risk=0.000000 | train_blend=0.000000 | val_total=1.285655 | val_mae=1.283579 | val_rmse=3.419428 | val_mape=2.824895 | val_confidence=0.000000 | val_risk=0.000000 | val_blend=0.000000 | batches=382/47 | seconds=52.97 | lr=[0.0008145062499999999] | cuda_peak_mb=1217.0
[2026-09-18 04:37:05] INFO Val horizons | 15min_mae=1.077721 15min_rmse=2.580354 15min_mape=2.182928 | 30min_mae=1.327438 30min_rmse=3.471424 30min_mape=2.910270 | 60min_mae=1.572725 60min_rmse=4.256607 60min_mape=3.694113
[2026-09-18 04:37:58] INFO Epoch 044 | stage=posthoc_calibrator | train_total=1.034939 | train_forecast=1.034939 | train_confidence=0.000000 | train_risk=0.000000 | train_blend=0.000000 | val_total=1.284257 | val_mae=1.282161 | val_rmse=3.417173 | val_mape=2.821971 | val_confidence=0.000000 | val_risk=0.000000 | val_blend=0.000000 | batches=382/47 | seconds=52.91 | lr=[0.0008145062499999999] | cuda_peak_mb=1216.7
[2026-09-18 04:37:58] INFO Val horizons | 15min_mae=1.077211 15min_rmse=2.579441 15min_mape=2.181800 | 30min_mae=1.325928 30min_rmse=3.469303 30min_mape=2.907415 | 60min_mae=1.570415 60min_rmse=4.251590 60min_mape=3.688293
[2026-09-18 04:38:51] INFO Epoch 045 | stage=posthoc_calibrator | train_total=1.034886 | train_forecast=1.034886 | train_confidence=0.000000 | train_risk=0.000000 | train_blend=0.000000 | val_total=1.282771 | val_mae=1.280645 | val_rmse=3.414633 | val_mape=2.823042 | val_confidence=0.000000 | val_risk=0.000000 | val_blend=0.000000 | batches=382/47 | seconds=53.11 | lr=[0.0008145062499999999] | cuda_peak_mb=1216.9
[2026-09-18 04:38:51] INFO Val horizons | 15min_mae=1.076066 15min_rmse=2.577164 15min_mape=2.181630 | 30min_mae=1.324621 30min_rmse=3.466657 30min_mape=2.908560 | 60min_mae=1.568051 60min_rmse=4.250098 60min_mape=3.692899
[2026-09-18 04:38:51] INFO Checkpoint updated | epoch=45 | stage=posthoc_calibrator | best_val_mae=1.280645 | path=C:\Users\clw\projects\researchRep\STAnchor-BlockMemory\artifacts\paper_final_joint_context_offset_only_seed42\main_table\pems08\ours\staeformer\downstream_best.pt
[2026-09-18 04:39:44] INFO Epoch 046 | stage=posthoc_calibrator | train_total=1.035220 | train_forecast=1.035220 | train_confidence=0.000000 | train_risk=0.000000 | train_blend=0.000000 | val_total=1.284065 | val_mae=1.281978 | val_rmse=3.417985 | val_mape=2.823056 | val_confidence=0.000000 | val_risk=0.000000 | val_blend=0.000000 | batches=382/47 | seconds=53.04 | lr=[0.0008145062499999999] | cuda_peak_mb=1217.0
[2026-09-18 04:39:44] INFO Val horizons | 15min_mae=1.077113 15min_rmse=2.579958 15min_mape=2.182034 | 30min_mae=1.325959 30min_rmse=3.469879 30min_mape=2.907970 | 60min_mae=1.570127 60min_rmse=4.254639 60min_mape=3.693007
[2026-09-18 04:40:38] INFO Epoch 047 | stage=posthoc_calibrator | train_total=1.035444 | train_forecast=1.035444 | train_confidence=0.000000 | train_risk=0.000000 | train_blend=0.000000 | val_total=1.283401 | val_mae=1.281301 | val_rmse=3.416354 | val_mape=2.820859 | val_confidence=0.000000 | val_risk=0.000000 | val_blend=0.000000 | batches=382/47 | seconds=53.64 | lr=[0.0008145062499999999] | cuda_peak_mb=1216.7
[2026-09-18 04:40:38] INFO Val horizons | 15min_mae=1.076040 15min_rmse=2.577081 15min_mape=2.179749 | 30min_mae=1.325357 30min_rmse=3.468283 30min_mape=2.906410 | 60min_mae=1.568997 60min_rmse=4.251852 60min_mape=3.688002
[2026-09-18 04:41:31] INFO Epoch 048 | stage=posthoc_calibrator | train_total=1.035511 | train_forecast=1.035511 | train_confidence=0.000000 | train_risk=0.000000 | train_blend=0.000000 | val_total=1.284317 | val_mae=1.282236 | val_rmse=3.418867 | val_mape=2.823541 | val_confidence=0.000000 | val_risk=0.000000 | val_blend=0.000000 | batches=382/47 | seconds=53.19 | lr=[0.0008145062499999999] | cuda_peak_mb=1216.9
[2026-09-18 04:41:31] INFO Val horizons | 15min_mae=1.076866 15min_rmse=2.579597 15min_mape=2.181895 | 30min_mae=1.325840 30min_rmse=3.469883 30min_mape=2.908386 | 60min_mae=1.571268 60min_rmse=4.257721 60min_mape=3.693736
[2026-09-18 04:42:24] INFO Epoch 049 | stage=posthoc_calibrator | train_total=1.035377 | train_forecast=1.035377 | train_confidence=0.000000 | train_risk=0.000000 | train_blend=0.000000 | val_total=1.284400 | val_mae=1.282320 | val_rmse=3.418488 | val_mape=2.823544 | val_confidence=0.000000 | val_risk=0.000000 | val_blend=0.000000 | batches=382/47 | seconds=53.21 | lr=[0.0008145062499999999] | cuda_peak_mb=1217.0
[2026-09-18 04:42:24] INFO Val horizons | 15min_mae=1.076906 15min_rmse=2.579096 15min_mape=2.181483 | 30min_mae=1.325992 30min_rmse=3.469782 30min_mape=2.908235 | 60min_mae=1.571051 60min_rmse=4.256289 60min_mape=3.693683
[2026-09-18 04:43:17] INFO Epoch 050 | stage=posthoc_calibrator | train_total=1.035580 | train_forecast=1.035580 | train_confidence=0.000000 | train_risk=0.000000 | train_blend=0.000000 | val_total=1.284670 | val_mae=1.282583 | val_rmse=3.418166 | val_mape=2.823841 | val_confidence=0.000000 | val_risk=0.000000 | val_blend=0.000000 | batches=382/47 | seconds=53.25 | lr=[0.0008145062499999999] | cuda_peak_mb=1216.7
[2026-09-18 04:43:17] INFO Val horizons | 15min_mae=1.077508 15min_rmse=2.580838 15min_mape=2.182694 | 30min_mae=1.326238 30min_rmse=3.469554 30min_mape=2.908095 | 60min_mae=1.571452 60min_rmse=4.255841 60min_mape=3.695149
[2026-09-18 04:43:17] INFO Downstream training finished | best_val_mae=1.280645 | checkpoint=C:\Users\clw\projects\researchRep\STAnchor-BlockMemory\artifacts\paper_final_joint_context_offset_only_seed42\main_table\pems08\ours\staeformer\downstream_best.pt
downstream checkpoint: C:\Users\clw\projects\researchRep\STAnchor-BlockMemory\artifacts\paper_final_joint_context_offset_only_seed42\main_table\pems08\ours\staeformer\downstream_best.pt
