
===== 2026-09-18T02:14:37.485569 pems08_retrieval_finetune =====
C:\Users\clw\anaconda\envs\experiment\python.exe -u scripts/finetune_retrieval.py --config C:\Users\clw\projects\researchRep\STAnchor-BlockMemory\artifacts\paper_final_joint_context_offset_only_seed42\resolved_configs\adaptation\pems08_joint_context_offset_only.yaml --source-checkpoint C:\Users\clw\projects\researchRep\STAnchor-BlockMemory\artifacts\metrla_e5_tgge_joint_context_offset_only_v1_transfer_hidden128_ffn2_b16_seed42\pretrain_best.pt --epochs 8 --run-name paper_final_joint_context_offset_only_seed42/retrieval_adaptation/pems08 --seed 42
[2026-09-18 02:14:41] INFO T1 retrieval adaptation start | run=paper_final_joint_context_offset_only_seed42/retrieval_adaptation/pems08 | device=cuda:0 (requested=cuda:0) | seed=42 | output=C:\Users\clw\projects\researchRep\STAnchor-BlockMemory\artifacts\paper_final_joint_context_offset_only_seed42\retrieval_adaptation\pems08
[2026-09-18 02:14:41] INFO Data | steps=17856 | nodes=170 | channels=1 | train/val/test=12200/1486/3273
[2026-09-18 02:14:41] INFO Transfer | stage=t1_head_adapter | source=C:\Users\clw\projects\researchRep\STAnchor-BlockMemory\artifacts\metrla_e5_tgge_joint_context_offset_only_v1_transfer_hidden128_ffn2_b16_seed42\pretrain_best.pt | source_fingerprint=fe9a2189a1dddc8c1c27e7b248da13216fe6de05ef56ca29c3159c3cfae5ed42 | graph_fingerprint=4b5345d012175b7f875409f84195048c08d29b5201b853c008768c628937f4bf
[2026-09-18 02:14:41] INFO Parameters | total=958,704 | trainable=66,208 | trainable_tensors=11 | prefixes=retrieval_head.pool_projection.,retrieval_head.pool_score.,retrieval_head.key_mlp.,retrieval_head.domain_adapter.
[2026-09-18 02:14:41] INFO Optimization | epochs=8 | batch_size=16 | lr=0.0003 | weight_decay=0.0001 | relation_weight=1.000 | distill_weight=0.050 | reconstruction_weight=0
[2026-09-18 02:14:41] INFO Epoch 001/008 started | train_batches=763 | val_batches=93
[2026-09-18 02:14:41] INFO Epoch 001 | train batch=1/763 | elapsed=0.0 min | eta=6.9 min
[2026-09-18 02:14:42] INFO Epoch 001 | train batch=10/763 | elapsed=0.0 min | eta=1.7 min
[2026-09-18 02:14:43] INFO Epoch 001 | train batch=20/763 | elapsed=0.0 min | eta=1.4 min
[2026-09-18 02:14:44] INFO Epoch 001 | train batch=30/763 | elapsed=0.1 min | eta=1.3 min
[2026-09-18 02:14:45] INFO Epoch 001 | train batch=40/763 | elapsed=0.1 min | eta=1.2 min
[2026-09-18 02:14:46] INFO Epoch 001 | train batch=50/763 | elapsed=0.1 min | eta=1.2 min
[2026-09-18 02:14:47] INFO Epoch 001 | train batch=60/763 | elapsed=0.1 min | eta=1.1 min
[2026-09-18 02:14:47] INFO Epoch 001 | train batch=70/763 | elapsed=0.1 min | eta=1.1 min
[2026-09-18 02:14:48] INFO Epoch 001 | train batch=80/763 | elapsed=0.1 min | eta=1.1 min
[2026-09-18 02:14:49] INFO Epoch 001 | train batch=90/763 | elapsed=0.1 min | eta=1.0 min
[2026-09-18 02:14:50] INFO Epoch 001 | train batch=100/763 | elapsed=0.2 min | eta=1.0 min
[2026-09-18 02:14:51] INFO Epoch 001 | train batch=110/763 | elapsed=0.2 min | eta=1.0 min
[2026-09-18 02:14:52] INFO Epoch 001 | train batch=120/763 | elapsed=0.2 min | eta=1.0 min
[2026-09-18 02:14:53] INFO Epoch 001 | train batch=130/763 | elapsed=0.2 min | eta=1.0 min
[2026-09-18 02:14:54] INFO Epoch 001 | train batch=140/763 | elapsed=0.2 min | eta=0.9 min
[2026-09-18 02:14:54] INFO Epoch 001 | train batch=150/763 | elapsed=0.2 min | eta=0.9 min
[2026-09-18 02:14:55] INFO Epoch 001 | train batch=160/763 | elapsed=0.2 min | eta=0.9 min
[2026-09-18 02:14:56] INFO Epoch 001 | train batch=170/763 | elapsed=0.3 min | eta=0.9 min
[2026-09-18 02:14:57] INFO Epoch 001 | train batch=180/763 | elapsed=0.3 min | eta=0.9 min
[2026-09-18 02:14:58] INFO Epoch 001 | train batch=190/763 | elapsed=0.3 min | eta=0.9 min
[2026-09-18 02:14:59] INFO Epoch 001 | train batch=200/763 | elapsed=0.3 min | eta=0.8 min
[2026-09-18 02:15:00] INFO Epoch 001 | train batch=210/763 | elapsed=0.3 min | eta=0.8 min
[2026-09-18 02:15:01] INFO Epoch 001 | train batch=220/763 | elapsed=0.3 min | eta=0.8 min
[2026-09-18 02:15:02] INFO Epoch 001 | train batch=230/763 | elapsed=0.3 min | eta=0.8 min
[2026-09-18 02:15:02] INFO Epoch 001 | train batch=240/763 | elapsed=0.4 min | eta=0.8 min
[2026-09-18 02:15:03] INFO Epoch 001 | train batch=250/763 | elapsed=0.4 min | eta=0.8 min
[2026-09-18 02:15:04] INFO Epoch 001 | train batch=260/763 | elapsed=0.4 min | eta=0.8 min
[2026-09-18 02:15:05] INFO Epoch 001 | train batch=270/763 | elapsed=0.4 min | eta=0.7 min
[2026-09-18 02:15:06] INFO Epoch 001 | train batch=280/763 | elapsed=0.4 min | eta=0.7 min
[2026-09-18 02:15:07] INFO Epoch 001 | train batch=290/763 | elapsed=0.4 min | eta=0.7 min
[2026-09-18 02:15:08] INFO Epoch 001 | train batch=300/763 | elapsed=0.4 min | eta=0.7 min
[2026-09-18 02:15:09] INFO Epoch 001 | train batch=310/763 | elapsed=0.5 min | eta=0.7 min
[2026-09-18 02:15:10] INFO Epoch 001 | train batch=320/763 | elapsed=0.5 min | eta=0.7 min
[2026-09-18 02:15:10] INFO Epoch 001 | train batch=330/763 | elapsed=0.5 min | eta=0.6 min
[2026-09-18 02:15:11] INFO Epoch 001 | train batch=340/763 | elapsed=0.5 min | eta=0.6 min
[2026-09-18 02:15:12] INFO Epoch 001 | train batch=350/763 | elapsed=0.5 min | eta=0.6 min
[2026-09-18 02:15:13] INFO Epoch 001 | train batch=360/763 | elapsed=0.5 min | eta=0.6 min
[2026-09-18 02:15:14] INFO Epoch 001 | train batch=370/763 | elapsed=0.6 min | eta=0.6 min
[2026-09-18 02:15:15] INFO Epoch 001 | train batch=380/763 | elapsed=0.6 min | eta=0.6 min
[2026-09-18 02:15:16] INFO Epoch 001 | train batch=390/763 | elapsed=0.6 min | eta=0.6 min
[2026-09-18 02:15:17] INFO Epoch 001 | train batch=400/763 | elapsed=0.6 min | eta=0.5 min
[2026-09-18 02:15:18] INFO Epoch 001 | train batch=410/763 | elapsed=0.6 min | eta=0.5 min
[2026-09-18 02:15:18] INFO Epoch 001 | train batch=420/763 | elapsed=0.6 min | eta=0.5 min
[2026-09-18 02:15:19] INFO Epoch 001 | train batch=430/763 | elapsed=0.6 min | eta=0.5 min
[2026-09-18 02:15:20] INFO Epoch 001 | train batch=440/763 | elapsed=0.7 min | eta=0.5 min
[2026-09-18 02:15:21] INFO Epoch 001 | train batch=450/763 | elapsed=0.7 min | eta=0.5 min
[2026-09-18 02:15:22] INFO Epoch 001 | train batch=460/763 | elapsed=0.7 min | eta=0.5 min
[2026-09-18 02:15:23] INFO Epoch 001 | train batch=470/763 | elapsed=0.7 min | eta=0.4 min
[2026-09-18 02:15:24] INFO Epoch 001 | train batch=480/763 | elapsed=0.7 min | eta=0.4 min
[2026-09-18 02:15:25] INFO Epoch 001 | train batch=490/763 | elapsed=0.7 min | eta=0.4 min
[2026-09-18 02:15:26] INFO Epoch 001 | train batch=500/763 | elapsed=0.7 min | eta=0.4 min
[2026-09-18 02:15:27] INFO Epoch 001 | train batch=510/763 | elapsed=0.8 min | eta=0.4 min
[2026-09-18 02:15:27] INFO Epoch 001 | train batch=520/763 | elapsed=0.8 min | eta=0.4 min
[2026-09-18 02:15:28] INFO Epoch 001 | train batch=530/763 | elapsed=0.8 min | eta=0.3 min
[2026-09-18 02:15:29] INFO Epoch 001 | train batch=540/763 | elapsed=0.8 min | eta=0.3 min
[2026-09-18 02:15:30] INFO Epoch 001 | train batch=550/763 | elapsed=0.8 min | eta=0.3 min
[2026-09-18 02:15:31] INFO Epoch 001 | train batch=560/763 | elapsed=0.8 min | eta=0.3 min
[2026-09-18 02:15:32] INFO Epoch 001 | train batch=570/763 | elapsed=0.9 min | eta=0.3 min
[2026-09-18 02:15:33] INFO Epoch 001 | train batch=580/763 | elapsed=0.9 min | eta=0.3 min
[2026-09-18 02:15:34] INFO Epoch 001 | train batch=590/763 | elapsed=0.9 min | eta=0.3 min
[2026-09-18 02:15:35] INFO Epoch 001 | train batch=600/763 | elapsed=0.9 min | eta=0.2 min
[2026-09-18 02:15:35] INFO Epoch 001 | train batch=610/763 | elapsed=0.9 min | eta=0.2 min
[2026-09-18 02:15:36] INFO Epoch 001 | train batch=620/763 | elapsed=0.9 min | eta=0.2 min
[2026-09-18 02:15:37] INFO Epoch 001 | train batch=630/763 | elapsed=0.9 min | eta=0.2 min
[2026-09-18 02:15:38] INFO Epoch 001 | train batch=640/763 | elapsed=1.0 min | eta=0.2 min
[2026-09-18 02:15:39] INFO Epoch 001 | train batch=650/763 | elapsed=1.0 min | eta=0.2 min
[2026-09-18 02:15:40] INFO Epoch 001 | train batch=660/763 | elapsed=1.0 min | eta=0.2 min
[2026-09-18 02:15:41] INFO Epoch 001 | train batch=670/763 | elapsed=1.0 min | eta=0.1 min
[2026-09-18 02:15:42] INFO Epoch 001 | train batch=680/763 | elapsed=1.0 min | eta=0.1 min
[2026-09-18 02:15:43] INFO Epoch 001 | train batch=690/763 | elapsed=1.0 min | eta=0.1 min
[2026-09-18 02:15:44] INFO Epoch 001 | train batch=700/763 | elapsed=1.0 min | eta=0.1 min
[2026-09-18 02:15:44] INFO Epoch 001 | train batch=710/763 | elapsed=1.1 min | eta=0.1 min
[2026-09-18 02:15:45] INFO Epoch 001 | train batch=720/763 | elapsed=1.1 min | eta=0.1 min
[2026-09-18 02:15:46] INFO Epoch 001 | train batch=730/763 | elapsed=1.1 min | eta=0.0 min
[2026-09-18 02:15:47] INFO Epoch 001 | train batch=740/763 | elapsed=1.1 min | eta=0.0 min
[2026-09-18 02:15:48] INFO Epoch 001 | train batch=750/763 | elapsed=1.1 min | eta=0.0 min
[2026-09-18 02:15:49] INFO Epoch 001 | train batch=760/763 | elapsed=1.1 min | eta=0.0 min
[2026-09-18 02:15:49] INFO Epoch 001 | train batch=763/763 | elapsed=1.1 min | eta=0.0 min
[2026-09-18 02:15:49] INFO Epoch 001 | val batch=1/93 | elapsed=0.0 min | eta=0.1 min
[2026-09-18 02:15:50] INFO Epoch 001 | val batch=10/93 | elapsed=0.0 min | eta=0.1 min
[2026-09-18 02:15:51] INFO Epoch 001 | val batch=20/93 | elapsed=0.0 min | eta=0.1 min
[2026-09-18 02:15:52] INFO Epoch 001 | val batch=30/93 | elapsed=0.0 min | eta=0.1 min
[2026-09-18 02:15:53] INFO Epoch 001 | val batch=40/93 | elapsed=0.1 min | eta=0.1 min
[2026-09-18 02:15:54] INFO Epoch 001 | val batch=50/93 | elapsed=0.1 min | eta=0.1 min
[2026-09-18 02:15:54] INFO Epoch 001 | val batch=60/93 | elapsed=0.1 min | eta=0.0 min
[2026-09-18 02:15:55] INFO Epoch 001 | val batch=70/93 | elapsed=0.1 min | eta=0.0 min
[2026-09-18 02:15:56] INFO Epoch 001 | val batch=80/93 | elapsed=0.1 min | eta=0.0 min
[2026-09-18 02:15:57] INFO Epoch 001 | val batch=90/93 | elapsed=0.1 min | eta=0.0 min
[2026-09-18 02:15:57] INFO Epoch 001 | val batch=93/93 | elapsed=0.1 min | eta=0.0 min
[2026-09-18 02:15:57] INFO Epoch 001 | train_total=2.408558 | train_relation=2.406946 | train_distill=0.032232 | val_total=2.038914 | val_relation=2.036604 | val_distill=0.046200 | val_anchors=252620 | val_candidates=2440180 | val_teacher_keff=3.193 | val_student_keff=6.734 | seconds(train/val)=68.34/7.99
[2026-09-18 02:15:57] INFO Checkpoint updated | epoch=1 | best_val_relation=2.036604 | path=C:\Users\clw\projects\researchRep\STAnchor-BlockMemory\artifacts\paper_final_joint_context_offset_only_seed42\retrieval_adaptation\pems08\retrieval_t1_best.pt
[2026-09-18 02:15:57] INFO Epoch 002/008 started | train_batches=763 | val_batches=93
[2026-09-18 02:15:57] INFO Epoch 002 | train batch=1/763 | elapsed=0.0 min | eta=1.2 min
[2026-09-18 02:15:58] INFO Epoch 002 | train batch=10/763 | elapsed=0.0 min | eta=1.1 min
[2026-09-18 02:15:59] INFO Epoch 002 | train batch=20/763 | elapsed=0.0 min | eta=1.1 min
[2026-09-18 02:16:00] INFO Epoch 002 | train batch=30/763 | elapsed=0.0 min | eta=1.1 min
[2026-09-18 02:16:01] INFO Epoch 002 | train batch=40/763 | elapsed=0.1 min | eta=1.1 min
[2026-09-18 02:16:02] INFO Epoch 002 | train batch=50/763 | elapsed=0.1 min | eta=1.1 min
[2026-09-18 02:16:03] INFO Epoch 002 | train batch=60/763 | elapsed=0.1 min | eta=1.1 min
[2026-09-18 02:16:04] INFO Epoch 002 | train batch=70/763 | elapsed=0.1 min | eta=1.0 min
[2026-09-18 02:16:05] INFO Epoch 002 | train batch=80/763 | elapsed=0.1 min | eta=1.0 min
[2026-09-18 02:16:05] INFO Epoch 002 | train batch=90/763 | elapsed=0.1 min | eta=1.0 min
[2026-09-18 02:16:06] INFO Epoch 002 | train batch=100/763 | elapsed=0.2 min | eta=1.0 min
[2026-09-18 02:16:07] INFO Epoch 002 | train batch=110/763 | elapsed=0.2 min | eta=1.0 min
[2026-09-18 02:16:08] INFO Epoch 002 | train batch=120/763 | elapsed=0.2 min | eta=1.0 min
[2026-09-18 02:16:09] INFO Epoch 002 | train batch=130/763 | elapsed=0.2 min | eta=1.0 min
[2026-09-18 02:16:10] INFO Epoch 002 | train batch=140/763 | elapsed=0.2 min | eta=0.9 min
[2026-09-18 02:16:11] INFO Epoch 002 | train batch=150/763 | elapsed=0.2 min | eta=0.9 min
[2026-09-18 02:16:12] INFO Epoch 002 | train batch=160/763 | elapsed=0.2 min | eta=0.9 min
[2026-09-18 02:16:13] INFO Epoch 002 | train batch=170/763 | elapsed=0.3 min | eta=0.9 min
[2026-09-18 02:16:14] INFO Epoch 002 | train batch=180/763 | elapsed=0.3 min | eta=0.9 min
[2026-09-18 02:16:14] INFO Epoch 002 | train batch=190/763 | elapsed=0.3 min | eta=0.9 min
[2026-09-18 02:16:15] INFO Epoch 002 | train batch=200/763 | elapsed=0.3 min | eta=0.8 min
[2026-09-18 02:16:16] INFO Epoch 002 | train batch=210/763 | elapsed=0.3 min | eta=0.8 min
[2026-09-18 02:16:17] INFO Epoch 002 | train batch=220/763 | elapsed=0.3 min | eta=0.8 min
[2026-09-18 02:16:18] INFO Epoch 002 | train batch=230/763 | elapsed=0.3 min | eta=0.8 min
[2026-09-18 02:16:19] INFO Epoch 002 | train batch=240/763 | elapsed=0.4 min | eta=0.8 min
[2026-09-18 02:16:20] INFO Epoch 002 | train batch=250/763 | elapsed=0.4 min | eta=0.8 min
[2026-09-18 02:16:21] INFO Epoch 002 | train batch=260/763 | elapsed=0.4 min | eta=0.8 min
[2026-09-18 02:16:22] INFO Epoch 002 | train batch=270/763 | elapsed=0.4 min | eta=0.7 min
[2026-09-18 02:16:23] INFO Epoch 002 | train batch=280/763 | elapsed=0.4 min | eta=0.7 min
[2026-09-18 02:16:23] INFO Epoch 002 | train batch=290/763 | elapsed=0.4 min | eta=0.7 min
[2026-09-18 02:16:24] INFO Epoch 002 | train batch=300/763 | elapsed=0.5 min | eta=0.7 min
[2026-09-18 02:16:25] INFO Epoch 002 | train batch=310/763 | elapsed=0.5 min | eta=0.7 min
[2026-09-18 02:16:26] INFO Epoch 002 | train batch=320/763 | elapsed=0.5 min | eta=0.7 min
[2026-09-18 02:16:27] INFO Epoch 002 | train batch=330/763 | elapsed=0.5 min | eta=0.7 min
[2026-09-18 02:16:28] INFO Epoch 002 | train batch=340/763 | elapsed=0.5 min | eta=0.6 min
[2026-09-18 02:16:29] INFO Epoch 002 | train batch=350/763 | elapsed=0.5 min | eta=0.6 min
[2026-09-18 02:16:30] INFO Epoch 002 | train batch=360/763 | elapsed=0.5 min | eta=0.6 min
[2026-09-18 02:16:31] INFO Epoch 002 | train batch=370/763 | elapsed=0.6 min | eta=0.6 min
[2026-09-18 02:16:32] INFO Epoch 002 | train batch=380/763 | elapsed=0.6 min | eta=0.6 min
[2026-09-18 02:16:33] INFO Epoch 002 | train batch=390/763 | elapsed=0.6 min | eta=0.6 min
[2026-09-18 02:16:33] INFO Epoch 002 | train batch=400/763 | elapsed=0.6 min | eta=0.5 min
[2026-09-18 02:16:34] INFO Epoch 002 | train batch=410/763 | elapsed=0.6 min | eta=0.5 min
[2026-09-18 02:16:35] INFO Epoch 002 | train batch=420/763 | elapsed=0.6 min | eta=0.5 min
[2026-09-18 02:16:36] INFO Epoch 002 | train batch=430/763 | elapsed=0.6 min | eta=0.5 min
[2026-09-18 02:16:37] INFO Epoch 002 | train batch=440/763 | elapsed=0.7 min | eta=0.5 min
[2026-09-18 02:16:38] INFO Epoch 002 | train batch=450/763 | elapsed=0.7 min | eta=0.5 min
[2026-09-18 02:16:39] INFO Epoch 002 | train batch=460/763 | elapsed=0.7 min | eta=0.5 min
[2026-09-18 02:16:40] INFO Epoch 002 | train batch=470/763 | elapsed=0.7 min | eta=0.4 min
[2026-09-18 02:16:41] INFO Epoch 002 | train batch=480/763 | elapsed=0.7 min | eta=0.4 min
[2026-09-18 02:16:42] INFO Epoch 002 | train batch=490/763 | elapsed=0.7 min | eta=0.4 min
[2026-09-18 02:16:43] INFO Epoch 002 | train batch=500/763 | elapsed=0.8 min | eta=0.4 min
[2026-09-18 02:16:43] INFO Epoch 002 | train batch=510/763 | elapsed=0.8 min | eta=0.4 min
[2026-09-18 02:16:44] INFO Epoch 002 | train batch=520/763 | elapsed=0.8 min | eta=0.4 min
[2026-09-18 02:16:45] INFO Epoch 002 | train batch=530/763 | elapsed=0.8 min | eta=0.4 min
[2026-09-18 02:16:46] INFO Epoch 002 | train batch=540/763 | elapsed=0.8 min | eta=0.3 min
[2026-09-18 02:16:47] INFO Epoch 002 | train batch=550/763 | elapsed=0.8 min | eta=0.3 min
[2026-09-18 02:16:48] INFO Epoch 002 | train batch=560/763 | elapsed=0.8 min | eta=0.3 min
[2026-09-18 02:16:49] INFO Epoch 002 | train batch=570/763 | elapsed=0.9 min | eta=0.3 min
[2026-09-18 02:16:50] INFO Epoch 002 | train batch=580/763 | elapsed=0.9 min | eta=0.3 min
[2026-09-18 02:16:51] INFO Epoch 002 | train batch=590/763 | elapsed=0.9 min | eta=0.3 min
[2026-09-18 02:16:52] INFO Epoch 002 | train batch=600/763 | elapsed=0.9 min | eta=0.2 min
[2026-09-18 02:16:52] INFO Epoch 002 | train batch=610/763 | elapsed=0.9 min | eta=0.2 min
[2026-09-18 02:16:53] INFO Epoch 002 | train batch=620/763 | elapsed=0.9 min | eta=0.2 min
[2026-09-18 02:16:54] INFO Epoch 002 | train batch=630/763 | elapsed=1.0 min | eta=0.2 min
[2026-09-18 02:16:55] INFO Epoch 002 | train batch=640/763 | elapsed=1.0 min | eta=0.2 min
[2026-09-18 02:16:56] INFO Epoch 002 | train batch=650/763 | elapsed=1.0 min | eta=0.2 min
[2026-09-18 02:16:57] INFO Epoch 002 | train batch=660/763 | elapsed=1.0 min | eta=0.2 min
[2026-09-18 02:16:58] INFO Epoch 002 | train batch=670/763 | elapsed=1.0 min | eta=0.1 min
[2026-09-18 02:16:59] INFO Epoch 002 | train batch=680/763 | elapsed=1.0 min | eta=0.1 min
[2026-09-18 02:17:00] INFO Epoch 002 | train batch=690/763 | elapsed=1.0 min | eta=0.1 min
[2026-09-18 02:17:01] INFO Epoch 002 | train batch=700/763 | elapsed=1.1 min | eta=0.1 min
[2026-09-18 02:17:02] INFO Epoch 002 | train batch=710/763 | elapsed=1.1 min | eta=0.1 min
[2026-09-18 02:17:02] INFO Epoch 002 | train batch=720/763 | elapsed=1.1 min | eta=0.1 min
[2026-09-18 02:17:03] INFO Epoch 002 | train batch=730/763 | elapsed=1.1 min | eta=0.0 min
[2026-09-18 02:17:04] INFO Epoch 002 | train batch=740/763 | elapsed=1.1 min | eta=0.0 min
[2026-09-18 02:17:05] INFO Epoch 002 | train batch=750/763 | elapsed=1.1 min | eta=0.0 min
[2026-09-18 02:17:06] INFO Epoch 002 | train batch=760/763 | elapsed=1.1 min | eta=0.0 min
[2026-09-18 02:17:06] INFO Epoch 002 | train batch=763/763 | elapsed=1.2 min | eta=0.0 min
[2026-09-18 02:17:06] INFO Epoch 002 | val batch=1/93 | elapsed=0.0 min | eta=0.1 min
[2026-09-18 02:17:07] INFO Epoch 002 | val batch=10/93 | elapsed=0.0 min | eta=0.1 min
[2026-09-18 02:17:08] INFO Epoch 002 | val batch=20/93 | elapsed=0.0 min | eta=0.1 min
[2026-09-18 02:17:09] INFO Epoch 002 | val batch=30/93 | elapsed=0.0 min | eta=0.1 min
[2026-09-18 02:17:10] INFO Epoch 002 | val batch=40/93 | elapsed=0.1 min | eta=0.1 min
[2026-09-18 02:17:11] INFO Epoch 002 | val batch=50/93 | elapsed=0.1 min | eta=0.1 min
[2026-09-18 02:17:12] INFO Epoch 002 | val batch=60/93 | elapsed=0.1 min | eta=0.0 min
[2026-09-18 02:17:12] INFO Epoch 002 | val batch=70/93 | elapsed=0.1 min | eta=0.0 min
[2026-09-18 02:17:13] INFO Epoch 002 | val batch=80/93 | elapsed=0.1 min | eta=0.0 min
[2026-09-18 02:17:14] INFO Epoch 002 | val batch=90/93 | elapsed=0.1 min | eta=0.0 min
[2026-09-18 02:17:14] INFO Epoch 002 | val batch=93/93 | elapsed=0.1 min | eta=0.0 min
[2026-09-18 02:17:14] INFO Epoch 002 | train_total=2.364507 | train_relation=2.361866 | train_distill=0.052818 | val_total=2.009064 | val_relation=2.006010 | val_distill=0.061085 | val_anchors=252620 | val_candidates=2440180 | val_teacher_keff=3.193 | val_student_keff=6.490 | seconds(train/val)=69.04/8.04
[2026-09-18 02:17:14] INFO Checkpoint updated | epoch=2 | best_val_relation=2.006010 | path=C:\Users\clw\projects\researchRep\STAnchor-BlockMemory\artifacts\paper_final_joint_context_offset_only_seed42\retrieval_adaptation\pems08\retrieval_t1_best.pt
[2026-09-18 02:17:14] INFO Epoch 003/008 started | train_batches=763 | val_batches=93
[2026-09-18 02:17:15] INFO Epoch 003 | train batch=1/763 | elapsed=0.0 min | eta=1.2 min
[2026-09-18 02:17:15] INFO Epoch 003 | train batch=10/763 | elapsed=0.0 min | eta=1.1 min
[2026-09-18 02:17:16] INFO Epoch 003 | train batch=20/763 | elapsed=0.0 min | eta=1.1 min
[2026-09-18 02:17:17] INFO Epoch 003 | train batch=30/763 | elapsed=0.0 min | eta=1.1 min
[2026-09-18 02:17:18] INFO Epoch 003 | train batch=40/763 | elapsed=0.1 min | eta=1.1 min
[2026-09-18 02:17:19] INFO Epoch 003 | train batch=50/763 | elapsed=0.1 min | eta=1.1 min
[2026-09-18 02:17:20] INFO Epoch 003 | train batch=60/763 | elapsed=0.1 min | eta=1.1 min
[2026-09-18 02:17:21] INFO Epoch 003 | train batch=70/763 | elapsed=0.1 min | eta=1.0 min
[2026-09-18 02:17:22] INFO Epoch 003 | train batch=80/763 | elapsed=0.1 min | eta=1.0 min
[2026-09-18 02:17:23] INFO Epoch 003 | train batch=90/763 | elapsed=0.1 min | eta=1.0 min
[2026-09-18 02:17:24] INFO Epoch 003 | train batch=100/763 | elapsed=0.2 min | eta=1.0 min
[2026-09-18 02:17:24] INFO Epoch 003 | train batch=110/763 | elapsed=0.2 min | eta=1.0 min
[2026-09-18 02:17:25] INFO Epoch 003 | train batch=120/763 | elapsed=0.2 min | eta=1.0 min
[2026-09-18 02:17:26] INFO Epoch 003 | train batch=130/763 | elapsed=0.2 min | eta=1.0 min
[2026-09-18 02:17:27] INFO Epoch 003 | train batch=140/763 | elapsed=0.2 min | eta=0.9 min
[2026-09-18 02:17:28] INFO Epoch 003 | train batch=150/763 | elapsed=0.2 min | eta=0.9 min
[2026-09-18 02:17:29] INFO Epoch 003 | train batch=160/763 | elapsed=0.2 min | eta=0.9 min
[2026-09-18 02:17:30] INFO Epoch 003 | train batch=170/763 | elapsed=0.3 min | eta=0.9 min
[2026-09-18 02:17:31] INFO Epoch 003 | train batch=180/763 | elapsed=0.3 min | eta=0.9 min
[2026-09-18 02:17:32] INFO Epoch 003 | train batch=190/763 | elapsed=0.3 min | eta=0.9 min
[2026-09-18 02:17:33] INFO Epoch 003 | train batch=200/763 | elapsed=0.3 min | eta=0.9 min
[2026-09-18 02:17:33] INFO Epoch 003 | train batch=210/763 | elapsed=0.3 min | eta=0.8 min
[2026-09-18 02:17:34] INFO Epoch 003 | train batch=220/763 | elapsed=0.3 min | eta=0.8 min
[2026-09-18 02:17:35] INFO Epoch 003 | train batch=230/763 | elapsed=0.3 min | eta=0.8 min
[2026-09-18 02:17:36] INFO Epoch 003 | train batch=240/763 | elapsed=0.4 min | eta=0.8 min
[2026-09-18 02:17:37] INFO Epoch 003 | train batch=250/763 | elapsed=0.4 min | eta=0.8 min
[2026-09-18 02:17:38] INFO Epoch 003 | train batch=260/763 | elapsed=0.4 min | eta=0.8 min
[2026-09-18 02:17:39] INFO Epoch 003 | train batch=270/763 | elapsed=0.4 min | eta=0.7 min
[2026-09-18 02:17:40] INFO Epoch 003 | train batch=280/763 | elapsed=0.4 min | eta=0.7 min
[2026-09-18 02:17:41] INFO Epoch 003 | train batch=290/763 | elapsed=0.4 min | eta=0.7 min
[2026-09-18 02:17:42] INFO Epoch 003 | train batch=300/763 | elapsed=0.5 min | eta=0.7 min
[2026-09-18 02:17:43] INFO Epoch 003 | train batch=310/763 | elapsed=0.5 min | eta=0.7 min
[2026-09-18 02:17:43] INFO Epoch 003 | train batch=320/763 | elapsed=0.5 min | eta=0.7 min
[2026-09-18 02:17:44] INFO Epoch 003 | train batch=330/763 | elapsed=0.5 min | eta=0.7 min
[2026-09-18 02:17:45] INFO Epoch 003 | train batch=340/763 | elapsed=0.5 min | eta=0.6 min
[2026-09-18 02:17:46] INFO Epoch 003 | train batch=350/763 | elapsed=0.5 min | eta=0.6 min
[2026-09-18 02:17:47] INFO Epoch 003 | train batch=360/763 | elapsed=0.5 min | eta=0.6 min
[2026-09-18 02:17:48] INFO Epoch 003 | train batch=370/763 | elapsed=0.6 min | eta=0.6 min
[2026-09-18 02:17:49] INFO Epoch 003 | train batch=380/763 | elapsed=0.6 min | eta=0.6 min
[2026-09-18 02:17:50] INFO Epoch 003 | train batch=390/763 | elapsed=0.6 min | eta=0.6 min
[2026-09-18 02:17:51] INFO Epoch 003 | train batch=400/763 | elapsed=0.6 min | eta=0.5 min
[2026-09-18 02:17:52] INFO Epoch 003 | train batch=410/763 | elapsed=0.6 min | eta=0.5 min
[2026-09-18 02:17:53] INFO Epoch 003 | train batch=420/763 | elapsed=0.6 min | eta=0.5 min
[2026-09-18 02:17:53] INFO Epoch 003 | train batch=430/763 | elapsed=0.7 min | eta=0.5 min
[2026-09-18 02:17:54] INFO Epoch 003 | train batch=440/763 | elapsed=0.7 min | eta=0.5 min
[2026-09-18 02:17:55] INFO Epoch 003 | train batch=450/763 | elapsed=0.7 min | eta=0.5 min
[2026-09-18 02:17:56] INFO Epoch 003 | train batch=460/763 | elapsed=0.7 min | eta=0.5 min
[2026-09-18 02:17:57] INFO Epoch 003 | train batch=470/763 | elapsed=0.7 min | eta=0.4 min
[2026-09-18 02:17:58] INFO Epoch 003 | train batch=480/763 | elapsed=0.7 min | eta=0.4 min
[2026-09-18 02:17:59] INFO Epoch 003 | train batch=490/763 | elapsed=0.7 min | eta=0.4 min
[2026-09-18 02:18:00] INFO Epoch 003 | train batch=500/763 | elapsed=0.8 min | eta=0.4 min
[2026-09-18 02:18:01] INFO Epoch 003 | train batch=510/763 | elapsed=0.8 min | eta=0.4 min
[2026-09-18 02:18:02] INFO Epoch 003 | train batch=520/763 | elapsed=0.8 min | eta=0.4 min
[2026-09-18 02:18:03] INFO Epoch 003 | train batch=530/763 | elapsed=0.8 min | eta=0.4 min
[2026-09-18 02:18:03] INFO Epoch 003 | train batch=540/763 | elapsed=0.8 min | eta=0.3 min
[2026-09-18 02:18:04] INFO Epoch 003 | train batch=550/763 | elapsed=0.8 min | eta=0.3 min
[2026-09-18 02:18:05] INFO Epoch 003 | train batch=560/763 | elapsed=0.8 min | eta=0.3 min
[2026-09-18 02:18:06] INFO Epoch 003 | train batch=570/763 | elapsed=0.9 min | eta=0.3 min
[2026-09-18 02:18:07] INFO Epoch 003 | train batch=580/763 | elapsed=0.9 min | eta=0.3 min
[2026-09-18 02:18:08] INFO Epoch 003 | train batch=590/763 | elapsed=0.9 min | eta=0.3 min
[2026-09-18 02:18:09] INFO Epoch 003 | train batch=600/763 | elapsed=0.9 min | eta=0.2 min
[2026-09-18 02:18:10] INFO Epoch 003 | train batch=610/763 | elapsed=0.9 min | eta=0.2 min
[2026-09-18 02:18:11] INFO Epoch 003 | train batch=620/763 | elapsed=0.9 min | eta=0.2 min
[2026-09-18 02:18:12] INFO Epoch 003 | train batch=630/763 | elapsed=1.0 min | eta=0.2 min
[2026-09-18 02:18:13] INFO Epoch 003 | train batch=640/763 | elapsed=1.0 min | eta=0.2 min
[2026-09-18 02:18:13] INFO Epoch 003 | train batch=650/763 | elapsed=1.0 min | eta=0.2 min
[2026-09-18 02:18:14] INFO Epoch 003 | train batch=660/763 | elapsed=1.0 min | eta=0.2 min
[2026-09-18 02:18:15] INFO Epoch 003 | train batch=670/763 | elapsed=1.0 min | eta=0.1 min
[2026-09-18 02:18:16] INFO Epoch 003 | train batch=680/763 | elapsed=1.0 min | eta=0.1 min
[2026-09-18 02:18:17] INFO Epoch 003 | train batch=690/763 | elapsed=1.0 min | eta=0.1 min
[2026-09-18 02:18:18] INFO Epoch 003 | train batch=700/763 | elapsed=1.1 min | eta=0.1 min
[2026-09-18 02:18:19] INFO Epoch 003 | train batch=710/763 | elapsed=1.1 min | eta=0.1 min
[2026-09-18 02:18:20] INFO Epoch 003 | train batch=720/763 | elapsed=1.1 min | eta=0.1 min
[2026-09-18 02:18:21] INFO Epoch 003 | train batch=730/763 | elapsed=1.1 min | eta=0.0 min
[2026-09-18 02:18:22] INFO Epoch 003 | train batch=740/763 | elapsed=1.1 min | eta=0.0 min
[2026-09-18 02:18:23] INFO Epoch 003 | train batch=750/763 | elapsed=1.1 min | eta=0.0 min
[2026-09-18 02:18:23] INFO Epoch 003 | train batch=760/763 | elapsed=1.1 min | eta=0.0 min
[2026-09-18 02:18:24] INFO Epoch 003 | train batch=763/763 | elapsed=1.2 min | eta=0.0 min
[2026-09-18 02:18:24] INFO Epoch 003 | val batch=1/93 | elapsed=0.0 min | eta=0.1 min
[2026-09-18 02:18:25] INFO Epoch 003 | val batch=10/93 | elapsed=0.0 min | eta=0.1 min
[2026-09-18 02:18:25] INFO Epoch 003 | val batch=20/93 | elapsed=0.0 min | eta=0.1 min
[2026-09-18 02:18:26] INFO Epoch 003 | val batch=30/93 | elapsed=0.0 min | eta=0.1 min
[2026-09-18 02:18:27] INFO Epoch 003 | val batch=40/93 | elapsed=0.1 min | eta=0.1 min
[2026-09-18 02:18:28] INFO Epoch 003 | val batch=50/93 | elapsed=0.1 min | eta=0.1 min
[2026-09-18 02:18:29] INFO Epoch 003 | val batch=60/93 | elapsed=0.1 min | eta=0.0 min
[2026-09-18 02:18:30] INFO Epoch 003 | val batch=70/93 | elapsed=0.1 min | eta=0.0 min
[2026-09-18 02:18:31] INFO Epoch 003 | val batch=80/93 | elapsed=0.1 min | eta=0.0 min
[2026-09-18 02:18:31] INFO Epoch 003 | val batch=90/93 | elapsed=0.1 min | eta=0.0 min
[2026-09-18 02:18:32] INFO Epoch 003 | val batch=93/93 | elapsed=0.1 min | eta=0.0 min
[2026-09-18 02:18:32] INFO Epoch 003 | train_total=2.341699 | train_relation=2.338569 | train_distill=0.062609 | val_total=1.994928 | val_relation=1.991476 | val_distill=0.069052 | val_anchors=252620 | val_candidates=2440180 | val_teacher_keff=3.193 | val_student_keff=6.378 | seconds(train/val)=69.23/8.06
[2026-09-18 02:18:32] INFO Checkpoint updated | epoch=3 | best_val_relation=1.991476 | path=C:\Users\clw\projects\researchRep\STAnchor-BlockMemory\artifacts\paper_final_joint_context_offset_only_seed42\retrieval_adaptation\pems08\retrieval_t1_best.pt
[2026-09-18 02:18:32] INFO Epoch 004/008 started | train_batches=763 | val_batches=93
[2026-09-18 02:18:32] INFO Epoch 004 | train batch=1/763 | elapsed=0.0 min | eta=1.2 min
[2026-09-18 02:18:33] INFO Epoch 004 | train batch=10/763 | elapsed=0.0 min | eta=1.1 min
[2026-09-18 02:18:34] INFO Epoch 004 | train batch=20/763 | elapsed=0.0 min | eta=1.1 min
[2026-09-18 02:18:35] INFO Epoch 004 | train batch=30/763 | elapsed=0.0 min | eta=1.1 min
[2026-09-18 02:18:35] INFO Epoch 004 | train batch=40/763 | elapsed=0.1 min | eta=1.1 min
[2026-09-18 02:18:36] INFO Epoch 004 | train batch=50/763 | elapsed=0.1 min | eta=1.1 min
[2026-09-18 02:18:37] INFO Epoch 004 | train batch=60/763 | elapsed=0.1 min | eta=1.1 min
[2026-09-18 02:18:38] INFO Epoch 004 | train batch=70/763 | elapsed=0.1 min | eta=1.0 min
[2026-09-18 02:18:39] INFO Epoch 004 | train batch=80/763 | elapsed=0.1 min | eta=1.0 min
[2026-09-18 02:18:40] INFO Epoch 004 | train batch=90/763 | elapsed=0.1 min | eta=1.0 min
[2026-09-18 02:18:41] INFO Epoch 004 | train batch=100/763 | elapsed=0.2 min | eta=1.0 min
[2026-09-18 02:18:42] INFO Epoch 004 | train batch=110/763 | elapsed=0.2 min | eta=1.0 min
[2026-09-18 02:18:43] INFO Epoch 004 | train batch=120/763 | elapsed=0.2 min | eta=1.0 min
[2026-09-18 02:18:44] INFO Epoch 004 | train batch=130/763 | elapsed=0.2 min | eta=1.0 min
[2026-09-18 02:18:44] INFO Epoch 004 | train batch=140/763 | elapsed=0.2 min | eta=0.9 min
[2026-09-18 02:18:45] INFO Epoch 004 | train batch=150/763 | elapsed=0.2 min | eta=0.9 min
[2026-09-18 02:18:46] INFO Epoch 004 | train batch=160/763 | elapsed=0.2 min | eta=0.9 min
[2026-09-18 02:18:47] INFO Epoch 004 | train batch=170/763 | elapsed=0.3 min | eta=0.9 min
[2026-09-18 02:18:48] INFO Epoch 004 | train batch=180/763 | elapsed=0.3 min | eta=0.9 min
[2026-09-18 02:18:49] INFO Epoch 004 | train batch=190/763 | elapsed=0.3 min | eta=0.9 min
[2026-09-18 02:18:50] INFO Epoch 004 | train batch=200/763 | elapsed=0.3 min | eta=0.8 min
[2026-09-18 02:18:51] INFO Epoch 004 | train batch=210/763 | elapsed=0.3 min | eta=0.8 min
[2026-09-18 02:18:52] INFO Epoch 004 | train batch=220/763 | elapsed=0.3 min | eta=0.8 min
[2026-09-18 02:18:53] INFO Epoch 004 | train batch=230/763 | elapsed=0.3 min | eta=0.8 min
[2026-09-18 02:18:54] INFO Epoch 004 | train batch=240/763 | elapsed=0.4 min | eta=0.8 min
[2026-09-18 02:18:54] INFO Epoch 004 | train batch=250/763 | elapsed=0.4 min | eta=0.8 min
[2026-09-18 02:18:55] INFO Epoch 004 | train batch=260/763 | elapsed=0.4 min | eta=0.8 min
[2026-09-18 02:18:56] INFO Epoch 004 | train batch=270/763 | elapsed=0.4 min | eta=0.7 min
[2026-09-18 02:18:57] INFO Epoch 004 | train batch=280/763 | elapsed=0.4 min | eta=0.7 min
[2026-09-18 02:18:58] INFO Epoch 004 | train batch=290/763 | elapsed=0.4 min | eta=0.7 min
[2026-09-18 02:18:59] INFO Epoch 004 | train batch=300/763 | elapsed=0.5 min | eta=0.7 min
[2026-09-18 02:19:00] INFO Epoch 004 | train batch=310/763 | elapsed=0.5 min | eta=0.7 min
[2026-09-18 02:19:01] INFO Epoch 004 | train batch=320/763 | elapsed=0.5 min | eta=0.7 min
[2026-09-18 02:19:02] INFO Epoch 004 | train batch=330/763 | elapsed=0.5 min | eta=0.7 min
[2026-09-18 02:19:03] INFO Epoch 004 | train batch=340/763 | elapsed=0.5 min | eta=0.6 min
[2026-09-18 02:19:03] INFO Epoch 004 | train batch=350/763 | elapsed=0.5 min | eta=0.6 min
[2026-09-18 02:19:04] INFO Epoch 004 | train batch=360/763 | elapsed=0.5 min | eta=0.6 min
[2026-09-18 02:19:05] INFO Epoch 004 | train batch=370/763 | elapsed=0.6 min | eta=0.6 min
[2026-09-18 02:19:06] INFO Epoch 004 | train batch=380/763 | elapsed=0.6 min | eta=0.6 min
[2026-09-18 02:19:07] INFO Epoch 004 | train batch=390/763 | elapsed=0.6 min | eta=0.6 min
[2026-09-18 02:19:08] INFO Epoch 004 | train batch=400/763 | elapsed=0.6 min | eta=0.5 min
[2026-09-18 02:19:09] INFO Epoch 004 | train batch=410/763 | elapsed=0.6 min | eta=0.5 min
[2026-09-18 02:19:10] INFO Epoch 004 | train batch=420/763 | elapsed=0.6 min | eta=0.5 min
[2026-09-18 02:19:11] INFO Epoch 004 | train batch=430/763 | elapsed=0.6 min | eta=0.5 min
[2026-09-18 02:19:12] INFO Epoch 004 | train batch=440/763 | elapsed=0.7 min | eta=0.5 min
[2026-09-18 02:19:13] INFO Epoch 004 | train batch=450/763 | elapsed=0.7 min | eta=0.5 min
[2026-09-18 02:19:13] INFO Epoch 004 | train batch=460/763 | elapsed=0.7 min | eta=0.5 min
[2026-09-18 02:19:14] INFO Epoch 004 | train batch=470/763 | elapsed=0.7 min | eta=0.4 min
[2026-09-18 02:19:15] INFO Epoch 004 | train batch=480/763 | elapsed=0.7 min | eta=0.4 min
[2026-09-18 02:19:16] INFO Epoch 004 | train batch=490/763 | elapsed=0.7 min | eta=0.4 min
[2026-09-18 02:19:17] INFO Epoch 004 | train batch=500/763 | elapsed=0.8 min | eta=0.4 min
[2026-09-18 02:19:18] INFO Epoch 004 | train batch=510/763 | elapsed=0.8 min | eta=0.4 min
[2026-09-18 02:19:19] INFO Epoch 004 | train batch=520/763 | elapsed=0.8 min | eta=0.4 min
[2026-09-18 02:19:20] INFO Epoch 004 | train batch=530/763 | elapsed=0.8 min | eta=0.4 min
[2026-09-18 02:19:21] INFO Epoch 004 | train batch=540/763 | elapsed=0.8 min | eta=0.3 min
[2026-09-18 02:19:22] INFO Epoch 004 | train batch=550/763 | elapsed=0.8 min | eta=0.3 min
[2026-09-18 02:19:22] INFO Epoch 004 | train batch=560/763 | elapsed=0.8 min | eta=0.3 min
[2026-09-18 02:19:23] INFO Epoch 004 | train batch=570/763 | elapsed=0.9 min | eta=0.3 min
[2026-09-18 02:19:24] INFO Epoch 004 | train batch=580/763 | elapsed=0.9 min | eta=0.3 min
[2026-09-18 02:19:25] INFO Epoch 004 | train batch=590/763 | elapsed=0.9 min | eta=0.3 min
[2026-09-18 02:19:26] INFO Epoch 004 | train batch=600/763 | elapsed=0.9 min | eta=0.2 min
[2026-09-18 02:19:27] INFO Epoch 004 | train batch=610/763 | elapsed=0.9 min | eta=0.2 min
[2026-09-18 02:19:28] INFO Epoch 004 | train batch=620/763 | elapsed=0.9 min | eta=0.2 min
[2026-09-18 02:19:29] INFO Epoch 004 | train batch=630/763 | elapsed=1.0 min | eta=0.2 min
[2026-09-18 02:19:30] INFO Epoch 004 | train batch=640/763 | elapsed=1.0 min | eta=0.2 min
[2026-09-18 02:19:31] INFO Epoch 004 | train batch=650/763 | elapsed=1.0 min | eta=0.2 min
[2026-09-18 02:19:32] INFO Epoch 004 | train batch=660/763 | elapsed=1.0 min | eta=0.2 min
[2026-09-18 02:19:32] INFO Epoch 004 | train batch=670/763 | elapsed=1.0 min | eta=0.1 min
[2026-09-18 02:19:33] INFO Epoch 004 | train batch=680/763 | elapsed=1.0 min | eta=0.1 min
[2026-09-18 02:19:34] INFO Epoch 004 | train batch=690/763 | elapsed=1.0 min | eta=0.1 min
[2026-09-18 02:19:35] INFO Epoch 004 | train batch=700/763 | elapsed=1.1 min | eta=0.1 min
[2026-09-18 02:19:36] INFO Epoch 004 | train batch=710/763 | elapsed=1.1 min | eta=0.1 min
[2026-09-18 02:19:37] INFO Epoch 004 | train batch=720/763 | elapsed=1.1 min | eta=0.1 min
[2026-09-18 02:19:38] INFO Epoch 004 | train batch=730/763 | elapsed=1.1 min | eta=0.0 min
[2026-09-18 02:19:39] INFO Epoch 004 | train batch=740/763 | elapsed=1.1 min | eta=0.0 min
[2026-09-18 02:19:40] INFO Epoch 004 | train batch=750/763 | elapsed=1.1 min | eta=0.0 min
[2026-09-18 02:19:41] INFO Epoch 004 | train batch=760/763 | elapsed=1.1 min | eta=0.0 min
[2026-09-18 02:19:41] INFO Epoch 004 | train batch=763/763 | elapsed=1.2 min | eta=0.0 min
[2026-09-18 02:19:41] INFO Epoch 004 | val batch=1/93 | elapsed=0.0 min | eta=0.1 min
[2026-09-18 02:19:42] INFO Epoch 004 | val batch=10/93 | elapsed=0.0 min | eta=0.1 min
[2026-09-18 02:19:43] INFO Epoch 004 | val batch=20/93 | elapsed=0.0 min | eta=0.1 min
[2026-09-18 02:19:43] INFO Epoch 004 | val batch=30/93 | elapsed=0.0 min | eta=0.1 min
[2026-09-18 02:19:44] INFO Epoch 004 | val batch=40/93 | elapsed=0.1 min | eta=0.1 min
[2026-09-18 02:19:45] INFO Epoch 004 | val batch=50/93 | elapsed=0.1 min | eta=0.1 min
[2026-09-18 02:19:46] INFO Epoch 004 | val batch=60/93 | elapsed=0.1 min | eta=0.0 min
[2026-09-18 02:19:47] INFO Epoch 004 | val batch=70/93 | elapsed=0.1 min | eta=0.0 min
[2026-09-18 02:19:48] INFO Epoch 004 | val batch=80/93 | elapsed=0.1 min | eta=0.0 min
[2026-09-18 02:19:49] INFO Epoch 004 | val batch=90/93 | elapsed=0.1 min | eta=0.0 min
[2026-09-18 02:19:49] INFO Epoch 004 | val batch=93/93 | elapsed=0.1 min | eta=0.0 min
[2026-09-18 02:19:49] INFO Epoch 004 | train_total=2.329392 | train_relation=2.325943 | train_distill=0.068965 | val_total=1.985941 | val_relation=1.982234 | val_distill=0.074150 | val_anchors=252620 | val_candidates=2440180 | val_teacher_keff=3.193 | val_student_keff=6.167 | seconds(train/val)=69.04/8.05
[2026-09-18 02:19:49] INFO Checkpoint updated | epoch=4 | best_val_relation=1.982234 | path=C:\Users\clw\projects\researchRep\STAnchor-BlockMemory\artifacts\paper_final_joint_context_offset_only_seed42\retrieval_adaptation\pems08\retrieval_t1_best.pt
[2026-09-18 02:19:49] INFO Epoch 005/008 started | train_batches=763 | val_batches=93
[2026-09-18 02:19:49] INFO Epoch 005 | train batch=1/763 | elapsed=0.0 min | eta=1.2 min
[2026-09-18 02:19:50] INFO Epoch 005 | train batch=10/763 | elapsed=0.0 min | eta=1.2 min
[2026-09-18 02:19:51] INFO Epoch 005 | train batch=20/763 | elapsed=0.0 min | eta=1.1 min
[2026-09-18 02:19:52] INFO Epoch 005 | train batch=30/763 | elapsed=0.0 min | eta=1.1 min
[2026-09-18 02:19:53] INFO Epoch 005 | train batch=40/763 | elapsed=0.1 min | eta=1.1 min
[2026-09-18 02:19:54] INFO Epoch 005 | train batch=50/763 | elapsed=0.1 min | eta=1.1 min
[2026-09-18 02:19:54] INFO Epoch 005 | train batch=60/763 | elapsed=0.1 min | eta=1.1 min
[2026-09-18 02:19:55] INFO Epoch 005 | train batch=70/763 | elapsed=0.1 min | eta=1.0 min
[2026-09-18 02:19:56] INFO Epoch 005 | train batch=80/763 | elapsed=0.1 min | eta=1.0 min
[2026-09-18 02:19:57] INFO Epoch 005 | train batch=90/763 | elapsed=0.1 min | eta=1.0 min
[2026-09-18 02:19:58] INFO Epoch 005 | train batch=100/763 | elapsed=0.2 min | eta=1.0 min
[2026-09-18 02:19:59] INFO Epoch 005 | train batch=110/763 | elapsed=0.2 min | eta=1.0 min
[2026-09-18 02:20:00] INFO Epoch 005 | train batch=120/763 | elapsed=0.2 min | eta=1.0 min
[2026-09-18 02:20:01] INFO Epoch 005 | train batch=130/763 | elapsed=0.2 min | eta=1.0 min
[2026-09-18 02:20:02] INFO Epoch 005 | train batch=140/763 | elapsed=0.2 min | eta=0.9 min
[2026-09-18 02:20:03] INFO Epoch 005 | train batch=150/763 | elapsed=0.2 min | eta=0.9 min
[2026-09-18 02:20:04] INFO Epoch 005 | train batch=160/763 | elapsed=0.2 min | eta=0.9 min
[2026-09-18 02:20:04] INFO Epoch 005 | train batch=170/763 | elapsed=0.3 min | eta=0.9 min
[2026-09-18 02:20:05] INFO Epoch 005 | train batch=180/763 | elapsed=0.3 min | eta=0.9 min
[2026-09-18 02:20:06] INFO Epoch 005 | train batch=190/763 | elapsed=0.3 min | eta=0.9 min
[2026-09-18 02:20:07] INFO Epoch 005 | train batch=200/763 | elapsed=0.3 min | eta=0.9 min
[2026-09-18 02:20:08] INFO Epoch 005 | train batch=210/763 | elapsed=0.3 min | eta=0.8 min
[2026-09-18 02:20:09] INFO Epoch 005 | train batch=220/763 | elapsed=0.3 min | eta=0.8 min
[2026-09-18 02:20:10] INFO Epoch 005 | train batch=230/763 | elapsed=0.3 min | eta=0.8 min
[2026-09-18 02:20:11] INFO Epoch 005 | train batch=240/763 | elapsed=0.4 min | eta=0.8 min
[2026-09-18 02:20:12] INFO Epoch 005 | train batch=250/763 | elapsed=0.4 min | eta=0.8 min
[2026-09-18 02:20:13] INFO Epoch 005 | train batch=260/763 | elapsed=0.4 min | eta=0.8 min
[2026-09-18 02:20:14] INFO Epoch 005 | train batch=270/763 | elapsed=0.4 min | eta=0.7 min
[2026-09-18 02:20:14] INFO Epoch 005 | train batch=280/763 | elapsed=0.4 min | eta=0.7 min
[2026-09-18 02:20:15] INFO Epoch 005 | train batch=290/763 | elapsed=0.4 min | eta=0.7 min
[2026-09-18 02:20:16] INFO Epoch 005 | train batch=300/763 | elapsed=0.5 min | eta=0.7 min
[2026-09-18 02:20:17] INFO Epoch 005 | train batch=310/763 | elapsed=0.5 min | eta=0.7 min
[2026-09-18 02:20:18] INFO Epoch 005 | train batch=320/763 | elapsed=0.5 min | eta=0.7 min
[2026-09-18 02:20:19] INFO Epoch 005 | train batch=330/763 | elapsed=0.5 min | eta=0.7 min
[2026-09-18 02:20:20] INFO Epoch 005 | train batch=340/763 | elapsed=0.5 min | eta=0.6 min
[2026-09-18 02:20:21] INFO Epoch 005 | train batch=350/763 | elapsed=0.5 min | eta=0.6 min
[2026-09-18 02:20:22] INFO Epoch 005 | train batch=360/763 | elapsed=0.5 min | eta=0.6 min
[2026-09-18 02:20:23] INFO Epoch 005 | train batch=370/763 | elapsed=0.6 min | eta=0.6 min
[2026-09-18 02:20:23] INFO Epoch 005 | train batch=380/763 | elapsed=0.6 min | eta=0.6 min
[2026-09-18 02:20:24] INFO Epoch 005 | train batch=390/763 | elapsed=0.6 min | eta=0.6 min
[2026-09-18 02:20:25] INFO Epoch 005 | train batch=400/763 | elapsed=0.6 min | eta=0.5 min
[2026-09-18 02:20:26] INFO Epoch 005 | train batch=410/763 | elapsed=0.6 min | eta=0.5 min
[2026-09-18 02:20:27] INFO Epoch 005 | train batch=420/763 | elapsed=0.6 min | eta=0.5 min
[2026-09-18 02:20:28] INFO Epoch 005 | train batch=430/763 | elapsed=0.7 min | eta=0.5 min
[2026-09-18 02:20:29] INFO Epoch 005 | train batch=440/763 | elapsed=0.7 min | eta=0.5 min
[2026-09-18 02:20:30] INFO Epoch 005 | train batch=450/763 | elapsed=0.7 min | eta=0.5 min
[2026-09-18 02:20:31] INFO Epoch 005 | train batch=460/763 | elapsed=0.7 min | eta=0.5 min
[2026-09-18 02:20:32] INFO Epoch 005 | train batch=470/763 | elapsed=0.7 min | eta=0.4 min
[2026-09-18 02:20:33] INFO Epoch 005 | train batch=480/763 | elapsed=0.7 min | eta=0.4 min
[2026-09-18 02:20:33] INFO Epoch 005 | train batch=490/763 | elapsed=0.7 min | eta=0.4 min
[2026-09-18 02:20:34] INFO Epoch 005 | train batch=500/763 | elapsed=0.8 min | eta=0.4 min
[2026-09-18 02:20:35] INFO Epoch 005 | train batch=510/763 | elapsed=0.8 min | eta=0.4 min
[2026-09-18 02:20:36] INFO Epoch 005 | train batch=520/763 | elapsed=0.8 min | eta=0.4 min
[2026-09-18 02:20:37] INFO Epoch 005 | train batch=530/763 | elapsed=0.8 min | eta=0.4 min
[2026-09-18 02:20:38] INFO Epoch 005 | train batch=540/763 | elapsed=0.8 min | eta=0.3 min
[2026-09-18 02:20:39] INFO Epoch 005 | train batch=550/763 | elapsed=0.8 min | eta=0.3 min
[2026-09-18 02:20:40] INFO Epoch 005 | train batch=560/763 | elapsed=0.8 min | eta=0.3 min
[2026-09-18 02:20:41] INFO Epoch 005 | train batch=570/763 | elapsed=0.9 min | eta=0.3 min
[2026-09-18 02:20:42] INFO Epoch 005 | train batch=580/763 | elapsed=0.9 min | eta=0.3 min
[2026-09-18 02:20:43] INFO Epoch 005 | train batch=590/763 | elapsed=0.9 min | eta=0.3 min
[2026-09-18 02:20:43] INFO Epoch 005 | train batch=600/763 | elapsed=0.9 min | eta=0.2 min
[2026-09-18 02:20:44] INFO Epoch 005 | train batch=610/763 | elapsed=0.9 min | eta=0.2 min
[2026-09-18 02:20:45] INFO Epoch 005 | train batch=620/763 | elapsed=0.9 min | eta=0.2 min
[2026-09-18 02:20:46] INFO Epoch 005 | train batch=630/763 | elapsed=1.0 min | eta=0.2 min
[2026-09-18 02:20:47] INFO Epoch 005 | train batch=640/763 | elapsed=1.0 min | eta=0.2 min
[2026-09-18 02:20:48] INFO Epoch 005 | train batch=650/763 | elapsed=1.0 min | eta=0.2 min
[2026-09-18 02:20:49] INFO Epoch 005 | train batch=660/763 | elapsed=1.0 min | eta=0.2 min
[2026-09-18 02:20:50] INFO Epoch 005 | train batch=670/763 | elapsed=1.0 min | eta=0.1 min
[2026-09-18 02:20:51] INFO Epoch 005 | train batch=680/763 | elapsed=1.0 min | eta=0.1 min
[2026-09-18 02:20:52] INFO Epoch 005 | train batch=690/763 | elapsed=1.0 min | eta=0.1 min
[2026-09-18 02:20:53] INFO Epoch 005 | train batch=700/763 | elapsed=1.1 min | eta=0.1 min
[2026-09-18 02:20:53] INFO Epoch 005 | train batch=710/763 | elapsed=1.1 min | eta=0.1 min
[2026-09-18 02:20:54] INFO Epoch 005 | train batch=720/763 | elapsed=1.1 min | eta=0.1 min
[2026-09-18 02:20:55] INFO Epoch 005 | train batch=730/763 | elapsed=1.1 min | eta=0.0 min
[2026-09-18 02:20:56] INFO Epoch 005 | train batch=740/763 | elapsed=1.1 min | eta=0.0 min
[2026-09-18 02:20:57] INFO Epoch 005 | train batch=750/763 | elapsed=1.1 min | eta=0.0 min
[2026-09-18 02:20:58] INFO Epoch 005 | train batch=760/763 | elapsed=1.2 min | eta=0.0 min
[2026-09-18 02:20:58] INFO Epoch 005 | train batch=763/763 | elapsed=1.2 min | eta=0.0 min
[2026-09-18 02:20:58] INFO Epoch 005 | val batch=1/93 | elapsed=0.0 min | eta=0.1 min
[2026-09-18 02:20:59] INFO Epoch 005 | val batch=10/93 | elapsed=0.0 min | eta=0.1 min
[2026-09-18 02:21:00] INFO Epoch 005 | val batch=20/93 | elapsed=0.0 min | eta=0.1 min
[2026-09-18 02:21:01] INFO Epoch 005 | val batch=30/93 | elapsed=0.0 min | eta=0.1 min
[2026-09-18 02:21:02] INFO Epoch 005 | val batch=40/93 | elapsed=0.1 min | eta=0.1 min
[2026-09-18 02:21:03] INFO Epoch 005 | val batch=50/93 | elapsed=0.1 min | eta=0.1 min
[2026-09-18 02:21:03] INFO Epoch 005 | val batch=60/93 | elapsed=0.1 min | eta=0.0 min
[2026-09-18 02:21:04] INFO Epoch 005 | val batch=70/93 | elapsed=0.1 min | eta=0.0 min
[2026-09-18 02:21:05] INFO Epoch 005 | val batch=80/93 | elapsed=0.1 min | eta=0.0 min
[2026-09-18 02:21:06] INFO Epoch 005 | val batch=90/93 | elapsed=0.1 min | eta=0.0 min
[2026-09-18 02:21:06] INFO Epoch 005 | val batch=93/93 | elapsed=0.1 min | eta=0.0 min
[2026-09-18 02:21:06] INFO Epoch 005 | train_total=2.316871 | train_relation=2.313210 | train_distill=0.073227 | val_total=1.979512 | val_relation=1.975627 | val_distill=0.077691 | val_anchors=252620 | val_candidates=2440180 | val_teacher_keff=3.193 | val_student_keff=6.222 | seconds(train/val)=69.27/8.06
[2026-09-18 02:21:06] INFO Checkpoint updated | epoch=5 | best_val_relation=1.975627 | path=C:\Users\clw\projects\researchRep\STAnchor-BlockMemory\artifacts\paper_final_joint_context_offset_only_seed42\retrieval_adaptation\pems08\retrieval_t1_best.pt
[2026-09-18 02:21:06] INFO Epoch 006/008 started | train_batches=763 | val_batches=93
[2026-09-18 02:21:06] INFO Epoch 006 | train batch=1/763 | elapsed=0.0 min | eta=1.2 min
[2026-09-18 02:21:07] INFO Epoch 006 | train batch=10/763 | elapsed=0.0 min | eta=1.1 min
[2026-09-18 02:21:08] INFO Epoch 006 | train batch=20/763 | elapsed=0.0 min | eta=1.1 min
[2026-09-18 02:21:09] INFO Epoch 006 | train batch=30/763 | elapsed=0.0 min | eta=1.1 min
[2026-09-18 02:21:10] INFO Epoch 006 | train batch=40/763 | elapsed=0.1 min | eta=1.1 min
[2026-09-18 02:21:11] INFO Epoch 006 | train batch=50/763 | elapsed=0.1 min | eta=1.1 min
[2026-09-18 02:21:12] INFO Epoch 006 | train batch=60/763 | elapsed=0.1 min | eta=1.1 min
[2026-09-18 02:21:13] INFO Epoch 006 | train batch=70/763 | elapsed=0.1 min | eta=1.0 min
[2026-09-18 02:21:14] INFO Epoch 006 | train batch=80/763 | elapsed=0.1 min | eta=1.0 min
[2026-09-18 02:21:15] INFO Epoch 006 | train batch=90/763 | elapsed=0.1 min | eta=1.0 min
[2026-09-18 02:21:15] INFO Epoch 006 | train batch=100/763 | elapsed=0.2 min | eta=1.0 min
[2026-09-18 02:21:16] INFO Epoch 006 | train batch=110/763 | elapsed=0.2 min | eta=1.0 min
[2026-09-18 02:21:17] INFO Epoch 006 | train batch=120/763 | elapsed=0.2 min | eta=1.0 min
[2026-09-18 02:21:18] INFO Epoch 006 | train batch=130/763 | elapsed=0.2 min | eta=1.0 min
[2026-09-18 02:21:19] INFO Epoch 006 | train batch=140/763 | elapsed=0.2 min | eta=0.9 min
[2026-09-18 02:21:20] INFO Epoch 006 | train batch=150/763 | elapsed=0.2 min | eta=0.9 min
[2026-09-18 02:21:21] INFO Epoch 006 | train batch=160/763 | elapsed=0.2 min | eta=0.9 min
[2026-09-18 02:21:22] INFO Epoch 006 | train batch=170/763 | elapsed=0.3 min | eta=0.9 min
[2026-09-18 02:21:23] INFO Epoch 006 | train batch=180/763 | elapsed=0.3 min | eta=0.9 min
[2026-09-18 02:21:24] INFO Epoch 006 | train batch=190/763 | elapsed=0.3 min | eta=0.9 min
[2026-09-18 02:21:25] INFO Epoch 006 | train batch=200/763 | elapsed=0.3 min | eta=0.9 min
[2026-09-18 02:21:25] INFO Epoch 006 | train batch=210/763 | elapsed=0.3 min | eta=0.8 min
[2026-09-18 02:21:26] INFO Epoch 006 | train batch=220/763 | elapsed=0.3 min | eta=0.8 min
[2026-09-18 02:21:27] INFO Epoch 006 | train batch=230/763 | elapsed=0.3 min | eta=0.8 min
[2026-09-18 02:21:28] INFO Epoch 006 | train batch=240/763 | elapsed=0.4 min | eta=0.8 min
[2026-09-18 02:21:29] INFO Epoch 006 | train batch=250/763 | elapsed=0.4 min | eta=0.8 min
[2026-09-18 02:21:30] INFO Epoch 006 | train batch=260/763 | elapsed=0.4 min | eta=0.8 min
[2026-09-18 02:21:31] INFO Epoch 006 | train batch=270/763 | elapsed=0.4 min | eta=0.7 min
[2026-09-18 02:21:32] INFO Epoch 006 | train batch=280/763 | elapsed=0.4 min | eta=0.7 min
[2026-09-18 02:21:33] INFO Epoch 006 | train batch=290/763 | elapsed=0.4 min | eta=0.7 min
[2026-09-18 02:21:34] INFO Epoch 006 | train batch=300/763 | elapsed=0.5 min | eta=0.7 min
[2026-09-18 02:21:35] INFO Epoch 006 | train batch=310/763 | elapsed=0.5 min | eta=0.7 min
[2026-09-18 02:21:35] INFO Epoch 006 | train batch=320/763 | elapsed=0.5 min | eta=0.7 min
[2026-09-18 02:21:36] INFO Epoch 006 | train batch=330/763 | elapsed=0.5 min | eta=0.7 min
[2026-09-18 02:21:37] INFO Epoch 006 | train batch=340/763 | elapsed=0.5 min | eta=0.6 min
[2026-09-18 02:21:38] INFO Epoch 006 | train batch=350/763 | elapsed=0.5 min | eta=0.6 min
[2026-09-18 02:21:39] INFO Epoch 006 | train batch=360/763 | elapsed=0.5 min | eta=0.6 min
[2026-09-18 02:21:40] INFO Epoch 006 | train batch=370/763 | elapsed=0.6 min | eta=0.6 min
[2026-09-18 02:21:41] INFO Epoch 006 | train batch=380/763 | elapsed=0.6 min | eta=0.6 min
[2026-09-18 02:21:42] INFO Epoch 006 | train batch=390/763 | elapsed=0.6 min | eta=0.6 min
[2026-09-18 02:21:43] INFO Epoch 006 | train batch=400/763 | elapsed=0.6 min | eta=0.5 min
[2026-09-18 02:21:44] INFO Epoch 006 | train batch=410/763 | elapsed=0.6 min | eta=0.5 min
[2026-09-18 02:21:45] INFO Epoch 006 | train batch=420/763 | elapsed=0.6 min | eta=0.5 min
[2026-09-18 02:21:45] INFO Epoch 006 | train batch=430/763 | elapsed=0.7 min | eta=0.5 min
[2026-09-18 02:21:46] INFO Epoch 006 | train batch=440/763 | elapsed=0.7 min | eta=0.5 min
[2026-09-18 02:21:47] INFO Epoch 006 | train batch=450/763 | elapsed=0.7 min | eta=0.5 min
[2026-09-18 02:21:48] INFO Epoch 006 | train batch=460/763 | elapsed=0.7 min | eta=0.5 min
[2026-09-18 02:21:49] INFO Epoch 006 | train batch=470/763 | elapsed=0.7 min | eta=0.4 min
[2026-09-18 02:21:50] INFO Epoch 006 | train batch=480/763 | elapsed=0.7 min | eta=0.4 min
[2026-09-18 02:21:51] INFO Epoch 006 | train batch=490/763 | elapsed=0.7 min | eta=0.4 min
[2026-09-18 02:21:52] INFO Epoch 006 | train batch=500/763 | elapsed=0.8 min | eta=0.4 min
[2026-09-18 02:21:53] INFO Epoch 006 | train batch=510/763 | elapsed=0.8 min | eta=0.4 min
[2026-09-18 02:21:54] INFO Epoch 006 | train batch=520/763 | elapsed=0.8 min | eta=0.4 min
[2026-09-18 02:21:54] INFO Epoch 006 | train batch=530/763 | elapsed=0.8 min | eta=0.4 min
[2026-09-18 02:21:55] INFO Epoch 006 | train batch=540/763 | elapsed=0.8 min | eta=0.3 min
[2026-09-18 02:21:56] INFO Epoch 006 | train batch=550/763 | elapsed=0.8 min | eta=0.3 min
[2026-09-18 02:21:57] INFO Epoch 006 | train batch=560/763 | elapsed=0.8 min | eta=0.3 min
[2026-09-18 02:21:58] INFO Epoch 006 | train batch=570/763 | elapsed=0.9 min | eta=0.3 min
[2026-09-18 02:21:59] INFO Epoch 006 | train batch=580/763 | elapsed=0.9 min | eta=0.3 min
[2026-09-18 02:22:00] INFO Epoch 006 | train batch=590/763 | elapsed=0.9 min | eta=0.3 min
[2026-09-18 02:22:01] INFO Epoch 006 | train batch=600/763 | elapsed=0.9 min | eta=0.2 min
[2026-09-18 02:22:02] INFO Epoch 006 | train batch=610/763 | elapsed=0.9 min | eta=0.2 min
[2026-09-18 02:22:03] INFO Epoch 006 | train batch=620/763 | elapsed=0.9 min | eta=0.2 min
[2026-09-18 02:22:04] INFO Epoch 006 | train batch=630/763 | elapsed=1.0 min | eta=0.2 min
[2026-09-18 02:22:04] INFO Epoch 006 | train batch=640/763 | elapsed=1.0 min | eta=0.2 min
[2026-09-18 02:22:05] INFO Epoch 006 | train batch=650/763 | elapsed=1.0 min | eta=0.2 min
[2026-09-18 02:22:06] INFO Epoch 006 | train batch=660/763 | elapsed=1.0 min | eta=0.2 min
[2026-09-18 02:22:07] INFO Epoch 006 | train batch=670/763 | elapsed=1.0 min | eta=0.1 min
[2026-09-18 02:22:08] INFO Epoch 006 | train batch=680/763 | elapsed=1.0 min | eta=0.1 min
[2026-09-18 02:22:09] INFO Epoch 006 | train batch=690/763 | elapsed=1.0 min | eta=0.1 min
[2026-09-18 02:22:10] INFO Epoch 006 | train batch=700/763 | elapsed=1.1 min | eta=0.1 min
[2026-09-18 02:22:11] INFO Epoch 006 | train batch=710/763 | elapsed=1.1 min | eta=0.1 min
[2026-09-18 02:22:12] INFO Epoch 006 | train batch=720/763 | elapsed=1.1 min | eta=0.1 min
[2026-09-18 02:22:13] INFO Epoch 006 | train batch=730/763 | elapsed=1.1 min | eta=0.0 min
[2026-09-18 02:22:14] INFO Epoch 006 | train batch=740/763 | elapsed=1.1 min | eta=0.0 min
[2026-09-18 02:22:14] INFO Epoch 006 | train batch=750/763 | elapsed=1.1 min | eta=0.0 min
[2026-09-18 02:22:15] INFO Epoch 006 | train batch=760/763 | elapsed=1.1 min | eta=0.0 min
[2026-09-18 02:22:16] INFO Epoch 006 | train batch=763/763 | elapsed=1.2 min | eta=0.0 min
[2026-09-18 02:22:16] INFO Epoch 006 | val batch=1/93 | elapsed=0.0 min | eta=0.1 min
[2026-09-18 02:22:16] INFO Epoch 006 | val batch=10/93 | elapsed=0.0 min | eta=0.1 min
[2026-09-18 02:22:17] INFO Epoch 006 | val batch=20/93 | elapsed=0.0 min | eta=0.1 min
[2026-09-18 02:22:18] INFO Epoch 006 | val batch=30/93 | elapsed=0.0 min | eta=0.1 min
[2026-09-18 02:22:19] INFO Epoch 006 | val batch=40/93 | elapsed=0.1 min | eta=0.1 min
[2026-09-18 02:22:20] INFO Epoch 006 | val batch=50/93 | elapsed=0.1 min | eta=0.1 min
[2026-09-18 02:22:21] INFO Epoch 006 | val batch=60/93 | elapsed=0.1 min | eta=0.0 min
[2026-09-18 02:22:22] INFO Epoch 006 | val batch=70/93 | elapsed=0.1 min | eta=0.0 min
[2026-09-18 02:22:23] INFO Epoch 006 | val batch=80/93 | elapsed=0.1 min | eta=0.0 min
[2026-09-18 02:22:23] INFO Epoch 006 | val batch=90/93 | elapsed=0.1 min | eta=0.0 min
[2026-09-18 02:22:24] INFO Epoch 006 | val batch=93/93 | elapsed=0.1 min | eta=0.0 min
[2026-09-18 02:22:24] INFO Epoch 006 | train_total=2.310068 | train_relation=2.306258 | train_distill=0.076210 | val_total=1.974590 | val_relation=1.970471 | val_distill=0.082393 | val_anchors=252620 | val_candidates=2440180 | val_teacher_keff=3.193 | val_student_keff=6.087 | seconds(train/val)=69.20/8.07
[2026-09-18 02:22:24] INFO Checkpoint updated | epoch=6 | best_val_relation=1.970471 | path=C:\Users\clw\projects\researchRep\STAnchor-BlockMemory\artifacts\paper_final_joint_context_offset_only_seed42\retrieval_adaptation\pems08\retrieval_t1_best.pt
[2026-09-18 02:22:24] INFO Epoch 007/008 started | train_batches=763 | val_batches=93
[2026-09-18 02:22:24] INFO Epoch 007 | train batch=1/763 | elapsed=0.0 min | eta=1.2 min
[2026-09-18 02:22:25] INFO Epoch 007 | train batch=10/763 | elapsed=0.0 min | eta=1.1 min
[2026-09-18 02:22:26] INFO Epoch 007 | train batch=20/763 | elapsed=0.0 min | eta=1.1 min
[2026-09-18 02:22:26] INFO Epoch 007 | train batch=30/763 | elapsed=0.0 min | eta=1.1 min
[2026-09-18 02:22:27] INFO Epoch 007 | train batch=40/763 | elapsed=0.1 min | eta=1.1 min
[2026-09-18 02:22:28] INFO Epoch 007 | train batch=50/763 | elapsed=0.1 min | eta=1.1 min
[2026-09-18 02:22:29] INFO Epoch 007 | train batch=60/763 | elapsed=0.1 min | eta=1.1 min
[2026-09-18 02:22:30] INFO Epoch 007 | train batch=70/763 | elapsed=0.1 min | eta=1.0 min
[2026-09-18 02:22:31] INFO Epoch 007 | train batch=80/763 | elapsed=0.1 min | eta=1.0 min
[2026-09-18 02:22:32] INFO Epoch 007 | train batch=90/763 | elapsed=0.1 min | eta=1.0 min
[2026-09-18 02:22:33] INFO Epoch 007 | train batch=100/763 | elapsed=0.2 min | eta=1.0 min
[2026-09-18 02:22:34] INFO Epoch 007 | train batch=110/763 | elapsed=0.2 min | eta=1.0 min
[2026-09-18 02:22:35] INFO Epoch 007 | train batch=120/763 | elapsed=0.2 min | eta=1.0 min
[2026-09-18 02:22:35] INFO Epoch 007 | train batch=130/763 | elapsed=0.2 min | eta=1.0 min
[2026-09-18 02:22:36] INFO Epoch 007 | train batch=140/763 | elapsed=0.2 min | eta=0.9 min
[2026-09-18 02:22:37] INFO Epoch 007 | train batch=150/763 | elapsed=0.2 min | eta=0.9 min
[2026-09-18 02:22:38] INFO Epoch 007 | train batch=160/763 | elapsed=0.2 min | eta=0.9 min
[2026-09-18 02:22:39] INFO Epoch 007 | train batch=170/763 | elapsed=0.3 min | eta=0.9 min
[2026-09-18 02:22:40] INFO Epoch 007 | train batch=180/763 | elapsed=0.3 min | eta=0.9 min
[2026-09-18 02:22:41] INFO Epoch 007 | train batch=190/763 | elapsed=0.3 min | eta=0.9 min
[2026-09-18 02:22:42] INFO Epoch 007 | train batch=200/763 | elapsed=0.3 min | eta=0.8 min
[2026-09-18 02:22:43] INFO Epoch 007 | train batch=210/763 | elapsed=0.3 min | eta=0.8 min
[2026-09-18 02:22:44] INFO Epoch 007 | train batch=220/763 | elapsed=0.3 min | eta=0.8 min
[2026-09-18 02:22:45] INFO Epoch 007 | train batch=230/763 | elapsed=0.3 min | eta=0.8 min
[2026-09-18 02:22:45] INFO Epoch 007 | train batch=240/763 | elapsed=0.4 min | eta=0.8 min
[2026-09-18 02:22:46] INFO Epoch 007 | train batch=250/763 | elapsed=0.4 min | eta=0.8 min
[2026-09-18 02:22:47] INFO Epoch 007 | train batch=260/763 | elapsed=0.4 min | eta=0.8 min
[2026-09-18 02:22:48] INFO Epoch 007 | train batch=270/763 | elapsed=0.4 min | eta=0.7 min
[2026-09-18 02:22:49] INFO Epoch 007 | train batch=280/763 | elapsed=0.4 min | eta=0.7 min
[2026-09-18 02:22:50] INFO Epoch 007 | train batch=290/763 | elapsed=0.4 min | eta=0.7 min
[2026-09-18 02:22:51] INFO Epoch 007 | train batch=300/763 | elapsed=0.5 min | eta=0.7 min
[2026-09-18 02:22:52] INFO Epoch 007 | train batch=310/763 | elapsed=0.5 min | eta=0.7 min
[2026-09-18 02:22:53] INFO Epoch 007 | train batch=320/763 | elapsed=0.5 min | eta=0.7 min
[2026-09-18 02:22:54] INFO Epoch 007 | train batch=330/763 | elapsed=0.5 min | eta=0.7 min
[2026-09-18 02:22:54] INFO Epoch 007 | train batch=340/763 | elapsed=0.5 min | eta=0.6 min
[2026-09-18 02:22:55] INFO Epoch 007 | train batch=350/763 | elapsed=0.5 min | eta=0.6 min
[2026-09-18 02:22:56] INFO Epoch 007 | train batch=360/763 | elapsed=0.5 min | eta=0.6 min
[2026-09-18 02:22:57] INFO Epoch 007 | train batch=370/763 | elapsed=0.6 min | eta=0.6 min
[2026-09-18 02:22:58] INFO Epoch 007 | train batch=380/763 | elapsed=0.6 min | eta=0.6 min
[2026-09-18 02:22:59] INFO Epoch 007 | train batch=390/763 | elapsed=0.6 min | eta=0.6 min
[2026-09-18 02:23:00] INFO Epoch 007 | train batch=400/763 | elapsed=0.6 min | eta=0.5 min
[2026-09-18 02:23:01] INFO Epoch 007 | train batch=410/763 | elapsed=0.6 min | eta=0.5 min
[2026-09-18 02:23:02] INFO Epoch 007 | train batch=420/763 | elapsed=0.6 min | eta=0.5 min
[2026-09-18 02:23:03] INFO Epoch 007 | train batch=430/763 | elapsed=0.6 min | eta=0.5 min
[2026-09-18 02:23:04] INFO Epoch 007 | train batch=440/763 | elapsed=0.7 min | eta=0.5 min
[2026-09-18 02:23:04] INFO Epoch 007 | train batch=450/763 | elapsed=0.7 min | eta=0.5 min
[2026-09-18 02:23:05] INFO Epoch 007 | train batch=460/763 | elapsed=0.7 min | eta=0.5 min
[2026-09-18 02:23:06] INFO Epoch 007 | train batch=470/763 | elapsed=0.7 min | eta=0.4 min
[2026-09-18 02:23:07] INFO Epoch 007 | train batch=480/763 | elapsed=0.7 min | eta=0.4 min
[2026-09-18 02:23:08] INFO Epoch 007 | train batch=490/763 | elapsed=0.7 min | eta=0.4 min
[2026-09-18 02:23:09] INFO Epoch 007 | train batch=500/763 | elapsed=0.8 min | eta=0.4 min
[2026-09-18 02:23:10] INFO Epoch 007 | train batch=510/763 | elapsed=0.8 min | eta=0.4 min
[2026-09-18 02:23:11] INFO Epoch 007 | train batch=520/763 | elapsed=0.8 min | eta=0.4 min
[2026-09-18 02:23:12] INFO Epoch 007 | train batch=530/763 | elapsed=0.8 min | eta=0.4 min
[2026-09-18 02:23:13] INFO Epoch 007 | train batch=540/763 | elapsed=0.8 min | eta=0.3 min
[2026-09-18 02:23:13] INFO Epoch 007 | train batch=550/763 | elapsed=0.8 min | eta=0.3 min
[2026-09-18 02:23:14] INFO Epoch 007 | train batch=560/763 | elapsed=0.8 min | eta=0.3 min
[2026-09-18 02:23:15] INFO Epoch 007 | train batch=570/763 | elapsed=0.9 min | eta=0.3 min
[2026-09-18 02:23:16] INFO Epoch 007 | train batch=580/763 | elapsed=0.9 min | eta=0.3 min
[2026-09-18 02:23:17] INFO Epoch 007 | train batch=590/763 | elapsed=0.9 min | eta=0.3 min
[2026-09-18 02:23:18] INFO Epoch 007 | train batch=600/763 | elapsed=0.9 min | eta=0.2 min
[2026-09-18 02:23:19] INFO Epoch 007 | train batch=610/763 | elapsed=0.9 min | eta=0.2 min
[2026-09-18 02:23:20] INFO Epoch 007 | train batch=620/763 | elapsed=0.9 min | eta=0.2 min
[2026-09-18 02:23:21] INFO Epoch 007 | train batch=630/763 | elapsed=1.0 min | eta=0.2 min
[2026-09-18 02:23:22] INFO Epoch 007 | train batch=640/763 | elapsed=1.0 min | eta=0.2 min
[2026-09-18 02:23:23] INFO Epoch 007 | train batch=650/763 | elapsed=1.0 min | eta=0.2 min
[2026-09-18 02:23:23] INFO Epoch 007 | train batch=660/763 | elapsed=1.0 min | eta=0.2 min
[2026-09-18 02:23:24] INFO Epoch 007 | train batch=670/763 | elapsed=1.0 min | eta=0.1 min
[2026-09-18 02:23:25] INFO Epoch 007 | train batch=680/763 | elapsed=1.0 min | eta=0.1 min
[2026-09-18 02:23:26] INFO Epoch 007 | train batch=690/763 | elapsed=1.0 min | eta=0.1 min
[2026-09-18 02:23:27] INFO Epoch 007 | train batch=700/763 | elapsed=1.1 min | eta=0.1 min
[2026-09-18 02:23:28] INFO Epoch 007 | train batch=710/763 | elapsed=1.1 min | eta=0.1 min
[2026-09-18 02:23:29] INFO Epoch 007 | train batch=720/763 | elapsed=1.1 min | eta=0.1 min
[2026-09-18 02:23:30] INFO Epoch 007 | train batch=730/763 | elapsed=1.1 min | eta=0.0 min
[2026-09-18 02:23:31] INFO Epoch 007 | train batch=740/763 | elapsed=1.1 min | eta=0.0 min
[2026-09-18 02:23:32] INFO Epoch 007 | train batch=750/763 | elapsed=1.1 min | eta=0.0 min
[2026-09-18 02:23:33] INFO Epoch 007 | train batch=760/763 | elapsed=1.1 min | eta=0.0 min
[2026-09-18 02:23:33] INFO Epoch 007 | train batch=763/763 | elapsed=1.2 min | eta=0.0 min
[2026-09-18 02:23:33] INFO Epoch 007 | val batch=1/93 | elapsed=0.0 min | eta=0.1 min
[2026-09-18 02:23:34] INFO Epoch 007 | val batch=10/93 | elapsed=0.0 min | eta=0.1 min
[2026-09-18 02:23:34] INFO Epoch 007 | val batch=20/93 | elapsed=0.0 min | eta=0.1 min
[2026-09-18 02:23:35] INFO Epoch 007 | val batch=30/93 | elapsed=0.0 min | eta=0.1 min
[2026-09-18 02:23:36] INFO Epoch 007 | val batch=40/93 | elapsed=0.1 min | eta=0.1 min
[2026-09-18 02:23:37] INFO Epoch 007 | val batch=50/93 | elapsed=0.1 min | eta=0.1 min
[2026-09-18 02:23:38] INFO Epoch 007 | val batch=60/93 | elapsed=0.1 min | eta=0.0 min
[2026-09-18 02:23:39] INFO Epoch 007 | val batch=70/93 | elapsed=0.1 min | eta=0.0 min
[2026-09-18 02:23:40] INFO Epoch 007 | val batch=80/93 | elapsed=0.1 min | eta=0.0 min
[2026-09-18 02:23:41] INFO Epoch 007 | val batch=90/93 | elapsed=0.1 min | eta=0.0 min
[2026-09-18 02:23:41] INFO Epoch 007 | val batch=93/93 | elapsed=0.1 min | eta=0.0 min
[2026-09-18 02:23:41] INFO Epoch 007 | train_total=2.302927 | train_relation=2.299007 | train_distill=0.078398 | val_total=1.969132 | val_relation=1.964883 | val_distill=0.084994 | val_anchors=252620 | val_candidates=2440180 | val_teacher_keff=3.193 | val_student_keff=6.129 | seconds(train/val)=69.04/8.04
[2026-09-18 02:23:41] INFO Checkpoint updated | epoch=7 | best_val_relation=1.964883 | path=C:\Users\clw\projects\researchRep\STAnchor-BlockMemory\artifacts\paper_final_joint_context_offset_only_seed42\retrieval_adaptation\pems08\retrieval_t1_best.pt
[2026-09-18 02:23:41] INFO Epoch 008/008 started | train_batches=763 | val_batches=93
[2026-09-18 02:23:41] INFO Epoch 008 | train batch=1/763 | elapsed=0.0 min | eta=1.2 min
[2026-09-18 02:23:42] INFO Epoch 008 | train batch=10/763 | elapsed=0.0 min | eta=1.1 min
[2026-09-18 02:23:43] INFO Epoch 008 | train batch=20/763 | elapsed=0.0 min | eta=1.1 min
[2026-09-18 02:23:44] INFO Epoch 008 | train batch=30/763 | elapsed=0.0 min | eta=1.1 min
[2026-09-18 02:23:44] INFO Epoch 008 | train batch=40/763 | elapsed=0.1 min | eta=1.1 min
[2026-09-18 02:23:45] INFO Epoch 008 | train batch=50/763 | elapsed=0.1 min | eta=1.1 min
[2026-09-18 02:23:46] INFO Epoch 008 | train batch=60/763 | elapsed=0.1 min | eta=1.1 min
[2026-09-18 02:23:47] INFO Epoch 008 | train batch=70/763 | elapsed=0.1 min | eta=1.0 min
[2026-09-18 02:23:48] INFO Epoch 008 | train batch=80/763 | elapsed=0.1 min | eta=1.0 min
[2026-09-18 02:23:49] INFO Epoch 008 | train batch=90/763 | elapsed=0.1 min | eta=1.0 min
[2026-09-18 02:23:50] INFO Epoch 008 | train batch=100/763 | elapsed=0.2 min | eta=1.0 min
[2026-09-18 02:23:51] INFO Epoch 008 | train batch=110/763 | elapsed=0.2 min | eta=1.0 min
[2026-09-18 02:23:52] INFO Epoch 008 | train batch=120/763 | elapsed=0.2 min | eta=1.0 min
[2026-09-18 02:23:53] INFO Epoch 008 | train batch=130/763 | elapsed=0.2 min | eta=1.0 min
[2026-09-18 02:23:54] INFO Epoch 008 | train batch=140/763 | elapsed=0.2 min | eta=0.9 min
[2026-09-18 02:23:54] INFO Epoch 008 | train batch=150/763 | elapsed=0.2 min | eta=0.9 min
[2026-09-18 02:23:55] INFO Epoch 008 | train batch=160/763 | elapsed=0.2 min | eta=0.9 min
[2026-09-18 02:23:56] INFO Epoch 008 | train batch=170/763 | elapsed=0.3 min | eta=0.9 min
[2026-09-18 02:23:57] INFO Epoch 008 | train batch=180/763 | elapsed=0.3 min | eta=0.9 min
[2026-09-18 02:23:58] INFO Epoch 008 | train batch=190/763 | elapsed=0.3 min | eta=0.9 min
[2026-09-18 02:23:59] INFO Epoch 008 | train batch=200/763 | elapsed=0.3 min | eta=0.8 min
[2026-09-18 02:24:00] INFO Epoch 008 | train batch=210/763 | elapsed=0.3 min | eta=0.8 min
[2026-09-18 02:24:01] INFO Epoch 008 | train batch=220/763 | elapsed=0.3 min | eta=0.8 min
[2026-09-18 02:24:02] INFO Epoch 008 | train batch=230/763 | elapsed=0.3 min | eta=0.8 min
[2026-09-18 02:24:03] INFO Epoch 008 | train batch=240/763 | elapsed=0.4 min | eta=0.8 min
[2026-09-18 02:24:04] INFO Epoch 008 | train batch=250/763 | elapsed=0.4 min | eta=0.8 min
[2026-09-18 02:24:04] INFO Epoch 008 | train batch=260/763 | elapsed=0.4 min | eta=0.8 min
[2026-09-18 02:24:05] INFO Epoch 008 | train batch=270/763 | elapsed=0.4 min | eta=0.7 min
[2026-09-18 02:24:06] INFO Epoch 008 | train batch=280/763 | elapsed=0.4 min | eta=0.7 min
[2026-09-18 02:24:07] INFO Epoch 008 | train batch=290/763 | elapsed=0.4 min | eta=0.7 min
[2026-09-18 02:24:08] INFO Epoch 008 | train batch=300/763 | elapsed=0.5 min | eta=0.7 min
[2026-09-18 02:24:09] INFO Epoch 008 | train batch=310/763 | elapsed=0.5 min | eta=0.7 min
[2026-09-18 02:24:10] INFO Epoch 008 | train batch=320/763 | elapsed=0.5 min | eta=0.7 min
[2026-09-18 02:24:11] INFO Epoch 008 | train batch=330/763 | elapsed=0.5 min | eta=0.7 min
[2026-09-18 02:24:12] INFO Epoch 008 | train batch=340/763 | elapsed=0.5 min | eta=0.6 min
[2026-09-18 02:24:13] INFO Epoch 008 | train batch=350/763 | elapsed=0.5 min | eta=0.6 min
[2026-09-18 02:24:13] INFO Epoch 008 | train batch=360/763 | elapsed=0.5 min | eta=0.6 min
[2026-09-18 02:24:14] INFO Epoch 008 | train batch=370/763 | elapsed=0.6 min | eta=0.6 min
[2026-09-18 02:24:15] INFO Epoch 008 | train batch=380/763 | elapsed=0.6 min | eta=0.6 min
[2026-09-18 02:24:16] INFO Epoch 008 | train batch=390/763 | elapsed=0.6 min | eta=0.6 min
[2026-09-18 02:24:17] INFO Epoch 008 | train batch=400/763 | elapsed=0.6 min | eta=0.5 min
[2026-09-18 02:24:18] INFO Epoch 008 | train batch=410/763 | elapsed=0.6 min | eta=0.5 min
[2026-09-18 02:24:19] INFO Epoch 008 | train batch=420/763 | elapsed=0.6 min | eta=0.5 min
[2026-09-18 02:24:20] INFO Epoch 008 | train batch=430/763 | elapsed=0.6 min | eta=0.5 min
[2026-09-18 02:24:21] INFO Epoch 008 | train batch=440/763 | elapsed=0.7 min | eta=0.5 min
[2026-09-18 02:24:22] INFO Epoch 008 | train batch=450/763 | elapsed=0.7 min | eta=0.5 min
[2026-09-18 02:24:23] INFO Epoch 008 | train batch=460/763 | elapsed=0.7 min | eta=0.5 min
[2026-09-18 02:24:23] INFO Epoch 008 | train batch=470/763 | elapsed=0.7 min | eta=0.4 min
[2026-09-18 02:24:24] INFO Epoch 008 | train batch=480/763 | elapsed=0.7 min | eta=0.4 min
[2026-09-18 02:24:25] INFO Epoch 008 | train batch=490/763 | elapsed=0.7 min | eta=0.4 min
[2026-09-18 02:24:26] INFO Epoch 008 | train batch=500/763 | elapsed=0.8 min | eta=0.4 min
[2026-09-18 02:24:27] INFO Epoch 008 | train batch=510/763 | elapsed=0.8 min | eta=0.4 min
[2026-09-18 02:24:28] INFO Epoch 008 | train batch=520/763 | elapsed=0.8 min | eta=0.4 min
[2026-09-18 02:24:29] INFO Epoch 008 | train batch=530/763 | elapsed=0.8 min | eta=0.4 min
[2026-09-18 02:24:30] INFO Epoch 008 | train batch=540/763 | elapsed=0.8 min | eta=0.3 min
[2026-09-18 02:24:31] INFO Epoch 008 | train batch=550/763 | elapsed=0.8 min | eta=0.3 min
[2026-09-18 02:24:32] INFO Epoch 008 | train batch=560/763 | elapsed=0.8 min | eta=0.3 min
[2026-09-18 02:24:32] INFO Epoch 008 | train batch=570/763 | elapsed=0.9 min | eta=0.3 min
[2026-09-18 02:24:33] INFO Epoch 008 | train batch=580/763 | elapsed=0.9 min | eta=0.3 min
[2026-09-18 02:24:34] INFO Epoch 008 | train batch=590/763 | elapsed=0.9 min | eta=0.3 min
[2026-09-18 02:24:35] INFO Epoch 008 | train batch=600/763 | elapsed=0.9 min | eta=0.2 min
[2026-09-18 02:24:36] INFO Epoch 008 | train batch=610/763 | elapsed=0.9 min | eta=0.2 min
[2026-09-18 02:24:37] INFO Epoch 008 | train batch=620/763 | elapsed=0.9 min | eta=0.2 min
[2026-09-18 02:24:38] INFO Epoch 008 | train batch=630/763 | elapsed=1.0 min | eta=0.2 min
[2026-09-18 02:24:39] INFO Epoch 008 | train batch=640/763 | elapsed=1.0 min | eta=0.2 min
[2026-09-18 02:24:40] INFO Epoch 008 | train batch=650/763 | elapsed=1.0 min | eta=0.2 min
[2026-09-18 02:24:41] INFO Epoch 008 | train batch=660/763 | elapsed=1.0 min | eta=0.2 min
[2026-09-18 02:24:42] INFO Epoch 008 | train batch=670/763 | elapsed=1.0 min | eta=0.1 min
[2026-09-18 02:24:42] INFO Epoch 008 | train batch=680/763 | elapsed=1.0 min | eta=0.1 min
[2026-09-18 02:24:43] INFO Epoch 008 | train batch=690/763 | elapsed=1.0 min | eta=0.1 min
[2026-09-18 02:24:44] INFO Epoch 008 | train batch=700/763 | elapsed=1.1 min | eta=0.1 min
[2026-09-18 02:24:45] INFO Epoch 008 | train batch=710/763 | elapsed=1.1 min | eta=0.1 min
[2026-09-18 02:24:46] INFO Epoch 008 | train batch=720/763 | elapsed=1.1 min | eta=0.1 min
[2026-09-18 02:24:47] INFO Epoch 008 | train batch=730/763 | elapsed=1.1 min | eta=0.0 min
[2026-09-18 02:24:48] INFO Epoch 008 | train batch=740/763 | elapsed=1.1 min | eta=0.0 min
[2026-09-18 02:24:49] INFO Epoch 008 | train batch=750/763 | elapsed=1.1 min | eta=0.0 min
[2026-09-18 02:24:50] INFO Epoch 008 | train batch=760/763 | elapsed=1.1 min | eta=0.0 min
[2026-09-18 02:24:50] INFO Epoch 008 | train batch=763/763 | elapsed=1.2 min | eta=0.0 min
[2026-09-18 02:24:50] INFO Epoch 008 | val batch=1/93 | elapsed=0.0 min | eta=0.1 min
[2026-09-18 02:24:51] INFO Epoch 008 | val batch=10/93 | elapsed=0.0 min | eta=0.1 min
[2026-09-18 02:24:52] INFO Epoch 008 | val batch=20/93 | elapsed=0.0 min | eta=0.1 min
[2026-09-18 02:24:53] INFO Epoch 008 | val batch=30/93 | elapsed=0.0 min | eta=0.1 min
[2026-09-18 02:24:53] INFO Epoch 008 | val batch=40/93 | elapsed=0.1 min | eta=0.1 min
[2026-09-18 02:24:54] INFO Epoch 008 | val batch=50/93 | elapsed=0.1 min | eta=0.1 min
[2026-09-18 02:24:55] INFO Epoch 008 | val batch=60/93 | elapsed=0.1 min | eta=0.0 min
[2026-09-18 02:24:56] INFO Epoch 008 | val batch=70/93 | elapsed=0.1 min | eta=0.0 min
[2026-09-18 02:24:57] INFO Epoch 008 | val batch=80/93 | elapsed=0.1 min | eta=0.0 min
[2026-09-18 02:24:58] INFO Epoch 008 | val batch=90/93 | elapsed=0.1 min | eta=0.0 min
[2026-09-18 02:24:58] INFO Epoch 008 | val batch=93/93 | elapsed=0.1 min | eta=0.0 min
[2026-09-18 02:24:58] INFO Epoch 008 | train_total=2.301933 | train_relation=2.297902 | train_distill=0.080622 | val_total=1.967620 | val_relation=1.963357 | val_distill=0.085276 | val_anchors=252620 | val_candidates=2440180 | val_teacher_keff=3.193 | val_student_keff=6.092 | seconds(train/val)=69.05/8.05
[2026-09-18 02:24:58] INFO Checkpoint updated | epoch=8 | best_val_relation=1.963357 | path=C:\Users\clw\projects\researchRep\STAnchor-BlockMemory\artifacts\paper_final_joint_context_offset_only_seed42\retrieval_adaptation\pems08\retrieval_t1_best.pt
[2026-09-18 02:24:58] INFO T1 retrieval adaptation finished | best_epoch=8 | best_val_relation=1.963357 | checkpoint=C:\Users\clw\projects\researchRep\STAnchor-BlockMemory\artifacts\paper_final_joint_context_offset_only_seed42\retrieval_adaptation\pems08\retrieval_t1_best.pt
T1 retrieval adaptation checkpoint: C:\Users\clw\projects\researchRep\STAnchor-BlockMemory\artifacts\paper_final_joint_context_offset_only_seed42\retrieval_adaptation\pems08\retrieval_t1_best.pt
