[2026-09-02 12:17:31] INFO Downstream start | run=convergence\formal_20260902_physical_mae_router_stgcn_seed42 | device=cuda:0 (requested=cuda:0) | seed=42 | output=C:\Users\clw\projects\researchRep\STAnchor-BlockMemory\artifacts\convergence\formal_20260902_physical_mae_router_stgcn_seed42
[2026-09-02 12:17:31] INFO Mode | downstream_mode=learned_topk_error_aware | training_protocol=posthoc_frozen_base | candidate_protocol=weekday_radius1_overlap
[2026-09-02 12:17:31] INFO Downstream initialization | seed=42 | state_hash=ce5076b35d0806e2
[2026-09-02 12:17:31] INFO Frozen base | checkpoint=C:\Users\clw\projects\researchRep\STAnchor-BlockMemory\artifacts\convergence\downstream_tgge_v3_matched_fulltrain_queue\downstream_tgge_v3_stgcn_base_only_fulltrain_seed42\downstream_best.pt | fingerprint=aed70b50b981ce0f
[2026-09-02 12:17:31] INFO Data | steps=34272 | nodes=207 | channels=1 | training_scope=full_train | memory/post_memory/train_selected/val/test=15876/6805/22681/2993/6025
[2026-09-02 12:17:31] INFO Bank/retrieval | dataset=METR-LA | events=15876 | nodes=207 | retrieval_dim=64 | event_top_r=32 | node_top_k=12 | key_dtype=float16
[2026-09-02 12:17:31] INFO Parameters | downstream_total=1,111,206 | downstream_trainable=879,693 | backbone=0 | confidence_head=0 | fusion=0 | frozen_pretrained=958,704
[2026-09-02 12:17:31] INFO Optimization | epochs=50 | batch_size=32 | optimizer=adam | lr=0.0005 | weight_decay=0.0001 | scheduler=step_lr | step_size=10 | gamma=0.500 | confidence_weight=0.000 | patience=20 | early_stopping=disabled
[2026-09-02 12:17:32] INFO Stage start | stage=posthoc_calibrator | epochs=50 | optimizer_lrs=[0.0005]
[2026-09-02 12:23:17] INFO Epoch 001 | stage=posthoc_calibrator | train_total=2.873873 | train_forecast=2.873873 | train_confidence=0.000000 | train_risk=0.000000 | train_blend=0.000000 | val_total=2.808794 | val_mae=2.806396 | val_rmse=5.771402 | val_mape=7.887613 | val_confidence=0.000000 | val_risk=0.000000 | val_blend=0.000000 | batches=709/94 | seconds=345.18 | lr=[0.0005] | cuda_peak_mb=3486.2
[2026-09-02 12:23:17] INFO Val horizons | 15min_mae=2.513081 15min_rmse=4.917970 15min_mape=6.642792 | 30min_mae=2.829738 30min_rmse=5.788051 30min_mape=8.002089 | 60min_mae=3.234889 60min_rmse=6.824667 60min_mape=9.582568
[2026-09-02 12:23:17] INFO Checkpoint updated | epoch=1 | stage=posthoc_calibrator | best_val_mae=2.806396 | path=C:\Users\clw\projects\researchRep\STAnchor-BlockMemory\artifacts\convergence\formal_20260902_physical_mae_router_stgcn_seed42\downstream_best.pt
[2026-09-02 12:24:23] INFO Epoch 002 | stage=posthoc_calibrator | train_total=2.846630 | train_forecast=2.846630 | train_confidence=0.000000 | train_risk=0.000000 | train_blend=0.000000 | val_total=2.802858 | val_mae=2.800458 | val_rmse=5.787730 | val_mape=7.867726 | val_confidence=0.000000 | val_risk=0.000000 | val_blend=0.000000 | batches=709/94 | seconds=65.09 | lr=[0.0005] | cuda_peak_mb=1421.9
[2026-09-02 12:24:23] INFO Val horizons | 15min_mae=2.508115 15min_rmse=4.921254 15min_mape=6.611686 | 30min_mae=2.823084 30min_rmse=5.794447 30min_mape=7.941367 | 60min_mae=3.232614 60min_rmse=6.868502 60min_mape=9.636916
[2026-09-02 12:24:23] INFO Checkpoint updated | epoch=2 | stage=posthoc_calibrator | best_val_mae=2.800458 | path=C:\Users\clw\projects\researchRep\STAnchor-BlockMemory\artifacts\convergence\formal_20260902_physical_mae_router_stgcn_seed42\downstream_best.pt
[2026-09-02 12:25:28] INFO Epoch 003 | stage=posthoc_calibrator | train_total=2.839804 | train_forecast=2.839804 | train_confidence=0.000000 | train_risk=0.000000 | train_blend=0.000000 | val_total=2.810646 | val_mae=2.808435 | val_rmse=5.772369 | val_mape=7.830067 | val_confidence=0.000000 | val_risk=0.000000 | val_blend=0.000000 | batches=709/94 | seconds=64.94 | lr=[0.0005] | cuda_peak_mb=1420.4
[2026-09-02 12:25:28] INFO Val horizons | 15min_mae=2.510842 15min_rmse=4.905958 15min_mape=6.554370 | 30min_mae=2.830783 30min_rmse=5.777622 30min_mape=7.915051 | 60min_mae=3.246999 60min_rmse=6.858877 60min_mape=9.605663
[2026-09-02 12:26:32] INFO Epoch 004 | stage=posthoc_calibrator | train_total=2.835896 | train_forecast=2.835896 | train_confidence=0.000000 | train_risk=0.000000 | train_blend=0.000000 | val_total=2.820801 | val_mae=2.818657 | val_rmse=5.818144 | val_mape=7.843879 | val_confidence=0.000000 | val_risk=0.000000 | val_blend=0.000000 | batches=709/94 | seconds=64.88 | lr=[0.0005] | cuda_peak_mb=1420.8
[2026-09-02 12:26:32] INFO Val horizons | 15min_mae=2.512198 15min_rmse=4.912466 15min_mape=6.596146 | 30min_mae=2.840975 30min_rmse=5.814196 30min_mape=7.927533 | 60min_mae=3.260469 60min_rmse=6.928981 60min_mape=9.591695
[2026-09-02 12:27:37] INFO Epoch 005 | stage=posthoc_calibrator | train_total=2.832100 | train_forecast=2.832100 | train_confidence=0.000000 | train_risk=0.000000 | train_blend=0.000000 | val_total=2.810923 | val_mae=2.808689 | val_rmse=5.823174 | val_mape=7.837618 | val_confidence=0.000000 | val_risk=0.000000 | val_blend=0.000000 | batches=709/94 | seconds=65.00 | lr=[0.0005] | cuda_peak_mb=1420.5
[2026-09-02 12:27:37] INFO Val horizons | 15min_mae=2.508653 15min_rmse=4.919141 15min_mape=6.623575 | 30min_mae=2.831694 30min_rmse=5.823382 30min_mape=7.970468 | 60min_mae=3.253427 60min_rmse=6.952097 60min_mape=9.506491
[2026-09-02 12:28:43] INFO Epoch 006 | stage=posthoc_calibrator | train_total=2.829738 | train_forecast=2.829738 | train_confidence=0.000000 | train_risk=0.000000 | train_blend=0.000000 | val_total=2.826998 | val_mae=2.824988 | val_rmse=5.822562 | val_mape=7.935934 | val_confidence=0.000000 | val_risk=0.000000 | val_blend=0.000000 | batches=709/94 | seconds=65.19 | lr=[0.0005] | cuda_peak_mb=1420.9
[2026-09-02 12:28:43] INFO Val horizons | 15min_mae=2.507371 15min_rmse=4.906778 15min_mape=6.658381 | 30min_mae=2.841877 30min_rmse=5.802334 30min_mape=8.031060 | 60min_mae=3.293131 60min_rmse=6.983840 60min_mape=9.697078
[2026-09-02 12:29:48] INFO Epoch 007 | stage=posthoc_calibrator | train_total=2.828279 | train_forecast=2.828279 | train_confidence=0.000000 | train_risk=0.000000 | train_blend=0.000000 | val_total=2.816702 | val_mae=2.814535 | val_rmse=5.831362 | val_mape=7.961332 | val_confidence=0.000000 | val_risk=0.000000 | val_blend=0.000000 | batches=709/94 | seconds=64.98 | lr=[0.0005] | cuda_peak_mb=1420.5
[2026-09-02 12:29:48] INFO Val horizons | 15min_mae=2.509118 15min_rmse=4.915700 15min_mape=6.678847 | 30min_mae=2.838206 30min_rmse=5.819424 30min_mape=8.063500 | 60min_mae=3.257530 60min_rmse=6.972020 60min_mape=9.750032
[2026-09-02 12:30:53] INFO Epoch 008 | stage=posthoc_calibrator | train_total=2.826213 | train_forecast=2.826213 | train_confidence=0.000000 | train_risk=0.000000 | train_blend=0.000000 | val_total=2.818938 | val_mae=2.816769 | val_rmse=5.795639 | val_mape=7.885431 | val_confidence=0.000000 | val_risk=0.000000 | val_blend=0.000000 | batches=709/94 | seconds=64.97 | lr=[0.0005] | cuda_peak_mb=1420.2
[2026-09-02 12:30:53] INFO Val horizons | 15min_mae=2.507436 15min_rmse=4.888815 15min_mape=6.601572 | 30min_mae=2.838306 30min_rmse=5.778516 30min_mape=7.996805 | 60min_mae=3.266156 60min_rmse=6.938813 60min_mape=9.639328
[2026-09-02 12:31:57] INFO Epoch 009 | stage=posthoc_calibrator | train_total=2.824429 | train_forecast=2.824429 | train_confidence=0.000000 | train_risk=0.000000 | train_blend=0.000000 | val_total=2.818712 | val_mae=2.816639 | val_rmse=5.810142 | val_mape=7.923479 | val_confidence=0.000000 | val_risk=0.000000 | val_blend=0.000000 | batches=709/94 | seconds=64.73 | lr=[0.0005] | cuda_peak_mb=1420.8
[2026-09-02 12:31:57] INFO Val horizons | 15min_mae=2.505236 15min_rmse=4.892019 15min_mape=6.618345 | 30min_mae=2.831015 30min_rmse=5.782821 30min_mape=7.987665 | 60min_mae=3.267282 60min_rmse=6.960610 60min_mape=9.776199
[2026-09-02 12:33:02] INFO Epoch 010 | stage=posthoc_calibrator | train_total=2.823649 | train_forecast=2.823649 | train_confidence=0.000000 | train_risk=0.000000 | train_blend=0.000000 | val_total=2.815652 | val_mae=2.813570 | val_rmse=5.824767 | val_mape=7.800651 | val_confidence=0.000000 | val_risk=0.000000 | val_blend=0.000000 | batches=709/94 | seconds=64.99 | lr=[0.0005] | cuda_peak_mb=1420.5
[2026-09-02 12:33:02] INFO Val horizons | 15min_mae=2.501895 15min_rmse=4.895892 15min_mape=6.558263 | 30min_mae=2.825389 30min_rmse=5.799086 30min_mape=7.891343 | 60min_mae=3.283843 60min_rmse=7.011316 60min_mape=9.530321
[2026-09-02 12:34:07] INFO Epoch 011 | stage=posthoc_calibrator | train_total=2.819137 | train_forecast=2.819137 | train_confidence=0.000000 | train_risk=0.000000 | train_blend=0.000000 | val_total=2.808800 | val_mae=2.806610 | val_rmse=5.798238 | val_mape=7.811592 | val_confidence=0.000000 | val_risk=0.000000 | val_blend=0.000000 | batches=709/94 | seconds=64.89 | lr=[0.00025] | cuda_peak_mb=1420.9
[2026-09-02 12:34:07] INFO Val horizons | 15min_mae=2.498689 15min_rmse=4.892452 15min_mape=6.504573 | 30min_mae=2.822729 30min_rmse=5.779454 30min_mape=7.872403 | 60min_mae=3.259477 60min_rmse=6.939431 60min_mape=9.629664
[2026-09-02 12:35:12] INFO Epoch 012 | stage=posthoc_calibrator | train_total=2.818365 | train_forecast=2.818365 | train_confidence=0.000000 | train_risk=0.000000 | train_blend=0.000000 | val_total=2.801020 | val_mae=2.798713 | val_rmse=5.798320 | val_mape=7.819321 | val_confidence=0.000000 | val_risk=0.000000 | val_blend=0.000000 | batches=709/94 | seconds=64.87 | lr=[0.00025] | cuda_peak_mb=1420.3
[2026-09-02 12:35:12] INFO Val horizons | 15min_mae=2.493216 15min_rmse=4.895756 15min_mape=6.543442 | 30min_mae=2.812192 30min_rmse=5.786543 30min_mape=7.901732 | 60min_mae=3.256178 60min_rmse=6.942385 60min_mape=9.596729
[2026-09-02 12:35:12] INFO Checkpoint updated | epoch=12 | stage=posthoc_calibrator | best_val_mae=2.798713 | path=C:\Users\clw\projects\researchRep\STAnchor-BlockMemory\artifacts\convergence\formal_20260902_physical_mae_router_stgcn_seed42\downstream_best.pt
[2026-09-02 12:36:17] INFO Epoch 013 | stage=posthoc_calibrator | train_total=2.817893 | train_forecast=2.817893 | train_confidence=0.000000 | train_risk=0.000000 | train_blend=0.000000 | val_total=2.816298 | val_mae=2.814236 | val_rmse=5.819708 | val_mape=7.843214 | val_confidence=0.000000 | val_risk=0.000000 | val_blend=0.000000 | batches=709/94 | seconds=64.83 | lr=[0.00025] | cuda_peak_mb=1420.1
[2026-09-02 12:36:17] INFO Val horizons | 15min_mae=2.497462 15min_rmse=4.886544 15min_mape=6.561475 | 30min_mae=2.825613 30min_rmse=5.788816 30min_mape=7.935576 | 60min_mae=3.282943 60min_rmse=6.999350 60min_mape=9.608245
[2026-09-02 12:37:22] INFO Epoch 014 | stage=posthoc_calibrator | train_total=2.817619 | train_forecast=2.817619 | train_confidence=0.000000 | train_risk=0.000000 | train_blend=0.000000 | val_total=2.797456 | val_mae=2.795070 | val_rmse=5.806314 | val_mape=7.930319 | val_confidence=0.000000 | val_risk=0.000000 | val_blend=0.000000 | batches=709/94 | seconds=64.71 | lr=[0.00025] | cuda_peak_mb=1420.5
[2026-09-02 12:37:22] INFO Val horizons | 15min_mae=2.495072 15min_rmse=4.891725 15min_mape=6.582425 | 30min_mae=2.815213 30min_rmse=5.795961 30min_mape=8.005432 | 60min_mae=3.232732 60min_rmse=6.936370 60min_mape=9.776465
[2026-09-02 12:37:22] INFO Checkpoint updated | epoch=14 | stage=posthoc_calibrator | best_val_mae=2.795070 | path=C:\Users\clw\projects\researchRep\STAnchor-BlockMemory\artifacts\convergence\formal_20260902_physical_mae_router_stgcn_seed42\downstream_best.pt
[2026-09-02 12:38:27] INFO Epoch 015 | stage=posthoc_calibrator | train_total=2.817053 | train_forecast=2.817053 | train_confidence=0.000000 | train_risk=0.000000 | train_blend=0.000000 | val_total=2.803047 | val_mae=2.800824 | val_rmse=5.793167 | val_mape=7.919681 | val_confidence=0.000000 | val_risk=0.000000 | val_blend=0.000000 | batches=709/94 | seconds=64.89 | lr=[0.00025] | cuda_peak_mb=1420.2
[2026-09-02 12:38:27] INFO Val horizons | 15min_mae=2.500050 15min_rmse=4.891302 15min_mape=6.642269 | 30min_mae=2.817938 30min_rmse=5.781510 30min_mape=8.011216 | 60min_mae=3.248537 60min_rmse=6.925095 60min_mape=9.705088
[2026-09-02 12:39:31] INFO Epoch 016 | stage=posthoc_calibrator | train_total=2.816131 | train_forecast=2.816131 | train_confidence=0.000000 | train_risk=0.000000 | train_blend=0.000000 | val_total=2.812495 | val_mae=2.810400 | val_rmse=5.833169 | val_mape=7.861950 | val_confidence=0.000000 | val_risk=0.000000 | val_blend=0.000000 | batches=709/94 | seconds=64.74 | lr=[0.00025] | cuda_peak_mb=1421.8
[2026-09-02 12:39:31] INFO Val horizons | 15min_mae=2.502894 15min_rmse=4.896248 15min_mape=6.581477 | 30min_mae=2.830354 30min_rmse=5.815435 30min_mape=7.952401 | 60min_mae=3.253554 60min_rmse=6.984004 60min_mape=9.619521
[2026-09-02 12:40:36] INFO Epoch 017 | stage=posthoc_calibrator | train_total=2.816163 | train_forecast=2.816163 | train_confidence=0.000000 | train_risk=0.000000 | train_blend=0.000000 | val_total=2.804162 | val_mae=2.801862 | val_rmse=5.791370 | val_mape=7.831627 | val_confidence=0.000000 | val_risk=0.000000 | val_blend=0.000000 | batches=709/94 | seconds=64.73 | lr=[0.00025] | cuda_peak_mb=1420.8
[2026-09-02 12:40:36] INFO Val horizons | 15min_mae=2.492535 15min_rmse=4.890545 15min_mape=6.517709 | 30min_mae=2.812323 30min_rmse=5.767602 30min_mape=7.887421 | 60min_mae=3.258142 60min_rmse=6.928951 60min_mape=9.639354
[2026-09-02 12:41:41] INFO Epoch 018 | stage=posthoc_calibrator | train_total=2.815972 | train_forecast=2.815972 | train_confidence=0.000000 | train_risk=0.000000 | train_blend=0.000000 | val_total=2.795934 | val_mae=2.793540 | val_rmse=5.795090 | val_mape=7.858831 | val_confidence=0.000000 | val_risk=0.000000 | val_blend=0.000000 | batches=709/94 | seconds=64.78 | lr=[0.00025] | cuda_peak_mb=1421.5
[2026-09-02 12:41:41] INFO Val horizons | 15min_mae=2.496085 15min_rmse=4.880863 15min_mape=6.537574 | 30min_mae=2.814122 30min_rmse=5.773754 30min_mape=7.910596 | 60min_mae=3.229480 60min_rmse=6.940666 60min_mape=9.714873
[2026-09-02 12:41:41] INFO Checkpoint updated | epoch=18 | stage=posthoc_calibrator | best_val_mae=2.793540 | path=C:\Users\clw\projects\researchRep\STAnchor-BlockMemory\artifacts\convergence\formal_20260902_physical_mae_router_stgcn_seed42\downstream_best.pt
[2026-09-02 12:42:46] INFO Epoch 019 | stage=posthoc_calibrator | train_total=2.815750 | train_forecast=2.815750 | train_confidence=0.000000 | train_risk=0.000000 | train_blend=0.000000 | val_total=2.806576 | val_mae=2.804347 | val_rmse=5.818512 | val_mape=7.953921 | val_confidence=0.000000 | val_risk=0.000000 | val_blend=0.000000 | batches=709/94 | seconds=64.77 | lr=[0.00025] | cuda_peak_mb=1420.8
[2026-09-02 12:42:46] INFO Val horizons | 15min_mae=2.501851 15min_rmse=4.902775 15min_mape=6.643734 | 30min_mae=2.820528 30min_rmse=5.799247 30min_mape=8.027736 | 60min_mae=3.256198 60min_rmse=6.965573 60min_mape=9.770047
[2026-09-02 12:43:50] INFO Epoch 020 | stage=posthoc_calibrator | train_total=2.815087 | train_forecast=2.815087 | train_confidence=0.000000 | train_risk=0.000000 | train_blend=0.000000 | val_total=2.798755 | val_mae=2.796337 | val_rmse=5.796180 | val_mape=7.845256 | val_confidence=0.000000 | val_risk=0.000000 | val_blend=0.000000 | batches=709/94 | seconds=64.73 | lr=[0.00025] | cuda_peak_mb=1420.5
[2026-09-02 12:43:50] INFO Val horizons | 15min_mae=2.497613 15min_rmse=4.886494 15min_mape=6.553051 | 30min_mae=2.814794 30min_rmse=5.784136 30min_mape=7.945367 | 60min_mae=3.238495 60min_rmse=6.931485 60min_mape=9.595482
[2026-09-02 12:44:55] INFO Epoch 021 | stage=posthoc_calibrator | train_total=2.813700 | train_forecast=2.813700 | train_confidence=0.000000 | train_risk=0.000000 | train_blend=0.000000 | val_total=2.804886 | val_mae=2.802669 | val_rmse=5.801824 | val_mape=7.871992 | val_confidence=0.000000 | val_risk=0.000000 | val_blend=0.000000 | batches=709/94 | seconds=64.81 | lr=[0.000125] | cuda_peak_mb=1421.2
[2026-09-02 12:44:55] INFO Val horizons | 15min_mae=2.496536 15min_rmse=4.891951 15min_mape=6.580166 | 30min_mae=2.820202 30min_rmse=5.783626 30min_mape=7.947392 | 60min_mae=3.250233 60min_rmse=6.944159 60min_mape=9.664729
[2026-09-02 12:46:00] INFO Epoch 022 | stage=posthoc_calibrator | train_total=2.813020 | train_forecast=2.813020 | train_confidence=0.000000 | train_risk=0.000000 | train_blend=0.000000 | val_total=2.800639 | val_mae=2.798349 | val_rmse=5.806327 | val_mape=7.889842 | val_confidence=0.000000 | val_risk=0.000000 | val_blend=0.000000 | batches=709/94 | seconds=64.64 | lr=[0.000125] | cuda_peak_mb=1420.1
[2026-09-02 12:46:00] INFO Val horizons | 15min_mae=2.493191 15min_rmse=4.892894 15min_mape=6.567015 | 30min_mae=2.813145 30min_rmse=5.785425 30min_mape=7.959569 | 60min_mae=3.247211 60min_rmse=6.948538 60min_mape=9.718505
[2026-09-02 12:47:05] INFO Epoch 023 | stage=posthoc_calibrator | train_total=2.812861 | train_forecast=2.812861 | train_confidence=0.000000 | train_risk=0.000000 | train_blend=0.000000 | val_total=2.799007 | val_mae=2.796684 | val_rmse=5.809913 | val_mape=7.844141 | val_confidence=0.000000 | val_risk=0.000000 | val_blend=0.000000 | batches=709/94 | seconds=64.70 | lr=[0.000125] | cuda_peak_mb=1420.5
[2026-09-02 12:47:05] INFO Val horizons | 15min_mae=2.494327 15min_rmse=4.896627 15min_mape=6.567975 | 30min_mae=2.811370 30min_rmse=5.792616 30min_mape=7.926163 | 60min_mae=3.246684 60min_rmse=6.953002 60min_mape=9.612619
[2026-09-02 12:48:09] INFO Epoch 024 | stage=posthoc_calibrator | train_total=2.812946 | train_forecast=2.812946 | train_confidence=0.000000 | train_risk=0.000000 | train_blend=0.000000 | val_total=2.797762 | val_mae=2.795452 | val_rmse=5.813478 | val_mape=7.871438 | val_confidence=0.000000 | val_risk=0.000000 | val_blend=0.000000 | batches=709/94 | seconds=64.68 | lr=[0.000125] | cuda_peak_mb=1421.2
[2026-09-02 12:48:09] INFO Val horizons | 15min_mae=2.495042 15min_rmse=4.898370 15min_mape=6.564902 | 30min_mae=2.811696 30min_rmse=5.799120 30min_mape=7.940810 | 60min_mae=3.243409 60min_rmse=6.957389 60min_mape=9.694491
[2026-09-02 12:49:14] INFO Epoch 025 | stage=posthoc_calibrator | train_total=2.812286 | train_forecast=2.812286 | train_confidence=0.000000 | train_risk=0.000000 | train_blend=0.000000 | val_total=2.805628 | val_mae=2.803421 | val_rmse=5.812433 | val_mape=7.891585 | val_confidence=0.000000 | val_risk=0.000000 | val_blend=0.000000 | batches=709/94 | seconds=64.81 | lr=[0.000125] | cuda_peak_mb=1421.5
[2026-09-02 12:49:14] INFO Val horizons | 15min_mae=2.498009 15min_rmse=4.893280 15min_mape=6.589630 | 30min_mae=2.821308 30min_rmse=5.796780 30min_mape=7.989917 | 60min_mae=3.249390 60min_rmse=6.954173 60min_mape=9.664001
[2026-09-02 12:50:19] INFO Epoch 026 | stage=posthoc_calibrator | train_total=2.812529 | train_forecast=2.812529 | train_confidence=0.000000 | train_risk=0.000000 | train_blend=0.000000 | val_total=2.800151 | val_mae=2.797861 | val_rmse=5.807962 | val_mape=7.908707 | val_confidence=0.000000 | val_risk=0.000000 | val_blend=0.000000 | batches=709/94 | seconds=64.82 | lr=[0.000125] | cuda_peak_mb=1420.8
[2026-09-02 12:50:19] INFO Val horizons | 15min_mae=2.494299 15min_rmse=4.893976 15min_mape=6.581631 | 30min_mae=2.815461 30min_rmse=5.788531 30min_mape=7.980193 | 60min_mae=3.242787 60min_rmse=6.953209 60min_mape=9.744944
[2026-09-02 12:51:24] INFO Epoch 027 | stage=posthoc_calibrator | train_total=2.812125 | train_forecast=2.812125 | train_confidence=0.000000 | train_risk=0.000000 | train_blend=0.000000 | val_total=2.793443 | val_mae=2.791073 | val_rmse=5.792870 | val_mape=7.836934 | val_confidence=0.000000 | val_risk=0.000000 | val_blend=0.000000 | batches=709/94 | seconds=64.82 | lr=[0.000125] | cuda_peak_mb=1420.5
[2026-09-02 12:51:24] INFO Val horizons | 15min_mae=2.491919 15min_rmse=4.891088 15min_mape=6.522413 | 30min_mae=2.809341 30min_rmse=5.780127 30min_mape=7.905066 | 60min_mae=3.232066 60min_rmse=6.921656 60min_mape=9.651704
[2026-09-02 12:51:24] INFO Checkpoint updated | epoch=27 | stage=posthoc_calibrator | best_val_mae=2.791073 | path=C:\Users\clw\projects\researchRep\STAnchor-BlockMemory\artifacts\convergence\formal_20260902_physical_mae_router_stgcn_seed42\downstream_best.pt
[2026-09-02 12:52:29] INFO Epoch 028 | stage=posthoc_calibrator | train_total=2.812027 | train_forecast=2.812027 | train_confidence=0.000000 | train_risk=0.000000 | train_blend=0.000000 | val_total=2.806996 | val_mae=2.804842 | val_rmse=5.800129 | val_mape=7.801116 | val_confidence=0.000000 | val_risk=0.000000 | val_blend=0.000000 | batches=709/94 | seconds=64.90 | lr=[0.000125] | cuda_peak_mb=1420.1
[2026-09-02 12:52:29] INFO Val horizons | 15min_mae=2.495122 15min_rmse=4.888507 15min_mape=6.545027 | 30min_mae=2.818176 30min_rmse=5.781526 30min_mape=7.894738 | 60min_mae=3.265029 60min_rmse=6.953051 60min_mape=9.558140
[2026-09-02 12:53:33] INFO Epoch 029 | stage=posthoc_calibrator | train_total=2.811664 | train_forecast=2.811664 | train_confidence=0.000000 | train_risk=0.000000 | train_blend=0.000000 | val_total=2.821719 | val_mae=2.819745 | val_rmse=5.842614 | val_mape=7.915754 | val_confidence=0.000000 | val_risk=0.000000 | val_blend=0.000000 | batches=709/94 | seconds=64.85 | lr=[0.000125] | cuda_peak_mb=1420.4
[2026-09-02 12:53:33] INFO Val horizons | 15min_mae=2.501881 15min_rmse=4.894006 15min_mape=6.603428 | 30min_mae=2.840767 30min_rmse=5.823579 30min_mape=8.011037 | 60min_mae=3.273538 60min_rmse=7.004194 60min_mape=9.702620
[2026-09-02 12:54:38] INFO Epoch 030 | stage=posthoc_calibrator | train_total=2.811669 | train_forecast=2.811669 | train_confidence=0.000000 | train_risk=0.000000 | train_blend=0.000000 | val_total=2.801793 | val_mae=2.799507 | val_rmse=5.804153 | val_mape=7.865977 | val_confidence=0.000000 | val_risk=0.000000 | val_blend=0.000000 | batches=709/94 | seconds=64.92 | lr=[0.000125] | cuda_peak_mb=1420.8
[2026-09-02 12:54:38] INFO Val horizons | 15min_mae=2.493834 15min_rmse=4.890858 15min_mape=6.559646 | 30min_mae=2.817002 30min_rmse=5.784968 30min_mape=7.943634 | 60min_mae=3.246000 60min_rmse=6.943075 60min_mape=9.652129
[2026-09-02 12:55:43] INFO Epoch 031 | stage=posthoc_calibrator | train_total=2.810426 | train_forecast=2.810426 | train_confidence=0.000000 | train_risk=0.000000 | train_blend=0.000000 | val_total=2.810145 | val_mae=2.807955 | val_rmse=5.810685 | val_mape=7.879545 | val_confidence=0.000000 | val_risk=0.000000 | val_blend=0.000000 | batches=709/94 | seconds=64.90 | lr=[6.25e-05] | cuda_peak_mb=1420.5
[2026-09-02 12:55:43] INFO Val horizons | 15min_mae=2.496027 15min_rmse=4.888324 15min_mape=6.558074 | 30min_mae=2.822783 30min_rmse=5.785899 30min_mape=7.945091 | 60min_mae=3.265148 60min_rmse=6.968160 60min_mape=9.717794
[2026-09-02 12:56:48] INFO Epoch 032 | stage=posthoc_calibrator | train_total=2.810169 | train_forecast=2.810169 | train_confidence=0.000000 | train_risk=0.000000 | train_blend=0.000000 | val_total=2.803117 | val_mae=2.800879 | val_rmse=5.809449 | val_mape=7.834593 | val_confidence=0.000000 | val_risk=0.000000 | val_blend=0.000000 | batches=709/94 | seconds=64.77 | lr=[6.25e-05] | cuda_peak_mb=1420.5
[2026-09-02 12:56:48] INFO Val horizons | 15min_mae=2.495415 15min_rmse=4.891782 15min_mape=6.527162 | 30min_mae=2.818216 30min_rmse=5.790912 30min_mape=7.884772 | 60min_mae=3.248622 60min_rmse=6.957137 60min_mape=9.670006
[2026-09-02 12:57:53] INFO Epoch 033 | stage=posthoc_calibrator | train_total=2.810031 | train_forecast=2.810031 | train_confidence=0.000000 | train_risk=0.000000 | train_blend=0.000000 | val_total=2.802536 | val_mae=2.800293 | val_rmse=5.805282 | val_mape=7.854580 | val_confidence=0.000000 | val_risk=0.000000 | val_blend=0.000000 | batches=709/94 | seconds=64.76 | lr=[6.25e-05] | cuda_peak_mb=1420.5
[2026-09-02 12:57:53] INFO Val horizons | 15min_mae=2.492624 15min_rmse=4.889626 15min_mape=6.550444 | 30min_mae=2.814802 30min_rmse=5.782163 30min_mape=7.926988 | 60min_mae=3.256421 60min_rmse=6.960400 60min_mape=9.665785
[2026-09-02 12:58:58] INFO Epoch 034 | stage=posthoc_calibrator | train_total=2.809967 | train_forecast=2.809967 | train_confidence=0.000000 | train_risk=0.000000 | train_blend=0.000000 | val_total=2.796349 | val_mae=2.793969 | val_rmse=5.806004 | val_mape=7.871883 | val_confidence=0.000000 | val_risk=0.000000 | val_blend=0.000000 | batches=709/94 | seconds=64.75 | lr=[6.25e-05] | cuda_peak_mb=1421.0
[2026-09-02 12:58:58] INFO Val horizons | 15min_mae=2.492736 15min_rmse=4.893851 15min_mape=6.552972 | 30min_mae=2.810073 30min_rmse=5.787549 30min_mape=7.923561 | 60min_mae=3.237740 60min_rmse=6.948085 60min_mape=9.728478
[2026-09-02 13:00:02] INFO Epoch 035 | stage=posthoc_calibrator | train_total=2.810176 | train_forecast=2.810176 | train_confidence=0.000000 | train_risk=0.000000 | train_blend=0.000000 | val_total=2.806909 | val_mae=2.804737 | val_rmse=5.809361 | val_mape=7.876321 | val_confidence=0.000000 | val_risk=0.000000 | val_blend=0.000000 | batches=709/94 | seconds=64.81 | lr=[6.25e-05] | cuda_peak_mb=1420.5
[2026-09-02 13:00:02] INFO Val horizons | 15min_mae=2.495865 15min_rmse=4.888682 15min_mape=6.557872 | 30min_mae=2.822300 30min_rmse=5.788958 30min_mape=7.944746 | 60min_mae=3.254894 60min_rmse=6.957917 60min_mape=9.682805
[2026-09-02 13:01:07] INFO Epoch 036 | stage=posthoc_calibrator | train_total=2.809792 | train_forecast=2.809792 | train_confidence=0.000000 | train_risk=0.000000 | train_blend=0.000000 | val_total=2.805873 | val_mae=2.803661 | val_rmse=5.819320 | val_mape=7.894580 | val_confidence=0.000000 | val_risk=0.000000 | val_blend=0.000000 | batches=709/94 | seconds=64.76 | lr=[6.25e-05] | cuda_peak_mb=1421.8
[2026-09-02 13:01:07] INFO Val horizons | 15min_mae=2.496515 15min_rmse=4.893809 15min_mape=6.588380 | 30min_mae=2.818948 30min_rmse=5.797021 30min_mape=7.978099 | 60min_mae=3.256041 60min_rmse=6.976131 60min_mape=9.690089
[2026-09-02 13:02:12] INFO Epoch 037 | stage=posthoc_calibrator | train_total=2.809580 | train_forecast=2.809580 | train_confidence=0.000000 | train_risk=0.000000 | train_blend=0.000000 | val_total=2.803941 | val_mae=2.801672 | val_rmse=5.820494 | val_mape=7.869812 | val_confidence=0.000000 | val_risk=0.000000 | val_blend=0.000000 | batches=709/94 | seconds=64.77 | lr=[6.25e-05] | cuda_peak_mb=1420.4
[2026-09-02 13:02:12] INFO Val horizons | 15min_mae=2.494440 15min_rmse=4.893533 15min_mape=6.556618 | 30min_mae=2.816346 30min_rmse=5.794946 30min_mape=7.948935 | 60min_mae=3.254492 60min_rmse=6.982975 60min_mape=9.679749
[2026-09-02 13:03:17] INFO Epoch 038 | stage=posthoc_calibrator | train_total=2.809349 | train_forecast=2.809349 | train_confidence=0.000000 | train_risk=0.000000 | train_blend=0.000000 | val_total=2.799935 | val_mae=2.797640 | val_rmse=5.802510 | val_mape=7.879270 | val_confidence=0.000000 | val_risk=0.000000 | val_blend=0.000000 | batches=709/94 | seconds=64.76 | lr=[6.25e-05] | cuda_peak_mb=1420.8
[2026-09-02 13:03:17] INFO Val horizons | 15min_mae=2.493713 15min_rmse=4.891821 15min_mape=6.564475 | 30min_mae=2.812100 30min_rmse=5.782266 30min_mape=7.957025 | 60min_mae=3.246626 60min_rmse=6.946348 60min_mape=9.683094
[2026-09-02 13:04:21] INFO Epoch 039 | stage=posthoc_calibrator | train_total=2.809583 | train_forecast=2.809583 | train_confidence=0.000000 | train_risk=0.000000 | train_blend=0.000000 | val_total=2.805200 | val_mae=2.803000 | val_rmse=5.817137 | val_mape=7.876363 | val_confidence=0.000000 | val_risk=0.000000 | val_blend=0.000000 | batches=709/94 | seconds=64.80 | lr=[6.25e-05] | cuda_peak_mb=1421.8
[2026-09-02 13:04:21] INFO Val horizons | 15min_mae=2.495640 15min_rmse=4.897111 15min_mape=6.596195 | 30min_mae=2.819933 30min_rmse=5.798371 30min_mape=7.960629 | 60min_mae=3.253858 60min_rmse=6.972837 60min_mape=9.673127
[2026-09-02 13:05:26] INFO Epoch 040 | stage=posthoc_calibrator | train_total=2.809308 | train_forecast=2.809308 | train_confidence=0.000000 | train_risk=0.000000 | train_blend=0.000000 | val_total=2.805608 | val_mae=2.803348 | val_rmse=5.814191 | val_mape=7.862955 | val_confidence=0.000000 | val_risk=0.000000 | val_blend=0.000000 | batches=709/94 | seconds=64.78 | lr=[6.25e-05] | cuda_peak_mb=1419.9
[2026-09-02 13:05:26] INFO Val horizons | 15min_mae=2.493047 15min_rmse=4.887968 15min_mape=6.538172 | 30min_mae=2.818523 30min_rmse=5.785670 30min_mape=7.923239 | 60min_mae=3.257090 60min_rmse=6.975209 60min_mape=9.686687
[2026-09-02 13:06:31] INFO Epoch 041 | stage=posthoc_calibrator | train_total=2.808571 | train_forecast=2.808571 | train_confidence=0.000000 | train_risk=0.000000 | train_blend=0.000000 | val_total=2.800283 | val_mae=2.797992 | val_rmse=5.806461 | val_mape=7.838203 | val_confidence=0.000000 | val_risk=0.000000 | val_blend=0.000000 | batches=709/94 | seconds=64.83 | lr=[3.125e-05] | cuda_peak_mb=1419.9
[2026-09-02 13:06:31] INFO Val horizons | 15min_mae=2.492905 15min_rmse=4.892467 15min_mape=6.545811 | 30min_mae=2.812971 30min_rmse=5.786679 30min_mape=7.915293 | 60min_mae=3.248537 60min_rmse=6.955819 60min_mape=9.633411
[2026-09-02 13:07:36] INFO Epoch 042 | stage=posthoc_calibrator | train_total=2.808756 | train_forecast=2.808756 | train_confidence=0.000000 | train_risk=0.000000 | train_blend=0.000000 | val_total=2.803771 | val_mae=2.801547 | val_rmse=5.813887 | val_mape=7.870237 | val_confidence=0.000000 | val_risk=0.000000 | val_blend=0.000000 | batches=709/94 | seconds=65.02 | lr=[3.125e-05] | cuda_peak_mb=1422.3
[2026-09-02 13:07:36] INFO Val horizons | 15min_mae=2.493834 15min_rmse=4.892440 15min_mape=6.568231 | 30min_mae=2.815580 30min_rmse=5.791509 30min_mape=7.959844 | 60min_mae=3.258528 60min_rmse=6.972733 60min_mape=9.659864
[2026-09-02 13:08:41] INFO Epoch 043 | stage=posthoc_calibrator | train_total=2.808278 | train_forecast=2.808278 | train_confidence=0.000000 | train_risk=0.000000 | train_blend=0.000000 | val_total=2.804502 | val_mae=2.802279 | val_rmse=5.806247 | val_mape=7.846724 | val_confidence=0.000000 | val_risk=0.000000 | val_blend=0.000000 | batches=709/94 | seconds=64.88 | lr=[3.125e-05] | cuda_peak_mb=1421.8
[2026-09-02 13:08:41] INFO Val horizons | 15min_mae=2.492827 15min_rmse=4.889690 15min_mape=6.546175 | 30min_mae=2.815655 30min_rmse=5.782886 30min_mape=7.918518 | 60min_mae=3.258370 60min_rmse=6.961577 60min_mape=9.655354
[2026-09-02 13:09:46] INFO Epoch 044 | stage=posthoc_calibrator | train_total=2.808434 | train_forecast=2.808434 | train_confidence=0.000000 | train_risk=0.000000 | train_blend=0.000000 | val_total=2.803680 | val_mae=2.801461 | val_rmse=5.812480 | val_mape=7.850676 | val_confidence=0.000000 | val_risk=0.000000 | val_blend=0.000000 | batches=709/94 | seconds=64.83 | lr=[3.125e-05] | cuda_peak_mb=1421.2
[2026-09-02 13:09:46] INFO Val horizons | 15min_mae=2.493481 15min_rmse=4.890587 15min_mape=6.552845 | 30min_mae=2.816147 30min_rmse=5.789165 30min_mape=7.924214 | 60min_mae=3.253989 60min_rmse=6.967704 60min_mape=9.651198
[2026-09-02 13:10:51] INFO Epoch 045 | stage=posthoc_calibrator | train_total=2.808396 | train_forecast=2.808396 | train_confidence=0.000000 | train_risk=0.000000 | train_blend=0.000000 | val_total=2.799499 | val_mae=2.797203 | val_rmse=5.808988 | val_mape=7.859610 | val_confidence=0.000000 | val_risk=0.000000 | val_blend=0.000000 | batches=709/94 | seconds=64.80 | lr=[3.125e-05] | cuda_peak_mb=1421.3
[2026-09-02 13:10:51] INFO Val horizons | 15min_mae=2.493459 15min_rmse=4.893134 15min_mape=6.559212 | 30min_mae=2.812351 30min_rmse=5.790896 30min_mape=7.935367 | 60min_mae=3.247228 60min_rmse=6.957113 60min_mape=9.668202
[2026-09-02 13:11:55] INFO Epoch 046 | stage=posthoc_calibrator | train_total=2.808132 | train_forecast=2.808132 | train_confidence=0.000000 | train_risk=0.000000 | train_blend=0.000000 | val_total=2.808287 | val_mae=2.806108 | val_rmse=5.819319 | val_mape=7.877898 | val_confidence=0.000000 | val_risk=0.000000 | val_blend=0.000000 | batches=709/94 | seconds=64.84 | lr=[3.125e-05] | cuda_peak_mb=1420.2
[2026-09-02 13:11:55] INFO Val horizons | 15min_mae=2.495844 15min_rmse=4.890600 15min_mape=6.560137 | 30min_mae=2.820704 30min_rmse=5.794696 30min_mape=7.949277 | 60min_mae=3.263242 60min_rmse=6.984551 60min_mape=9.711017
[2026-09-02 13:13:00] INFO Epoch 047 | stage=posthoc_calibrator | train_total=2.808251 | train_forecast=2.808251 | train_confidence=0.000000 | train_risk=0.000000 | train_blend=0.000000 | val_total=2.802257 | val_mae=2.799976 | val_rmse=5.810656 | val_mape=7.844866 | val_confidence=0.000000 | val_risk=0.000000 | val_blend=0.000000 | batches=709/94 | seconds=64.81 | lr=[3.125e-05] | cuda_peak_mb=1420.6
[2026-09-02 13:13:00] INFO Val horizons | 15min_mae=2.492968 15min_rmse=4.891987 15min_mape=6.543281 | 30min_mae=2.813253 30min_rmse=5.786736 30min_mape=7.909401 | 60min_mae=3.254846 60min_rmse=6.969064 60min_mape=9.660323
[2026-09-02 13:14:05] INFO Epoch 048 | stage=posthoc_calibrator | train_total=2.807978 | train_forecast=2.807978 | train_confidence=0.000000 | train_risk=0.000000 | train_blend=0.000000 | val_total=2.804469 | val_mae=2.802259 | val_rmse=5.808918 | val_mape=7.859392 | val_confidence=0.000000 | val_risk=0.000000 | val_blend=0.000000 | batches=709/94 | seconds=64.75 | lr=[3.125e-05] | cuda_peak_mb=1420.8
[2026-09-02 13:14:05] INFO Val horizons | 15min_mae=2.493965 15min_rmse=4.889657 15min_mape=6.549103 | 30min_mae=2.816066 30min_rmse=5.786004 30min_mape=7.927325 | 60min_mae=3.258492 60min_rmse=6.964677 60min_mape=9.676385
[2026-09-02 13:15:10] INFO Epoch 049 | stage=posthoc_calibrator | train_total=2.808032 | train_forecast=2.808032 | train_confidence=0.000000 | train_risk=0.000000 | train_blend=0.000000 | val_total=2.807992 | val_mae=2.805797 | val_rmse=5.821869 | val_mape=7.876755 | val_confidence=0.000000 | val_risk=0.000000 | val_blend=0.000000 | batches=709/94 | seconds=64.84 | lr=[3.125e-05] | cuda_peak_mb=1421.9
[2026-09-02 13:15:10] INFO Val horizons | 15min_mae=2.495189 15min_rmse=4.891465 15min_mape=6.549637 | 30min_mae=2.819022 30min_rmse=5.791314 30min_mape=7.937841 | 60min_mae=3.264323 60min_rmse=6.993251 60min_mape=9.726994
[2026-09-02 13:16:15] INFO Epoch 050 | stage=posthoc_calibrator | train_total=2.807994 | train_forecast=2.807994 | train_confidence=0.000000 | train_risk=0.000000 | train_blend=0.000000 | val_total=2.797701 | val_mae=2.795364 | val_rmse=5.802892 | val_mape=7.870396 | val_confidence=0.000000 | val_risk=0.000000 | val_blend=0.000000 | batches=709/94 | seconds=64.78 | lr=[3.125e-05] | cuda_peak_mb=1419.9
[2026-09-02 13:16:15] INFO Val horizons | 15min_mae=2.492040 15min_rmse=4.891567 15min_mape=6.554314 | 30min_mae=2.810560 30min_rmse=5.783853 30min_mape=7.947890 | 60min_mae=3.243557 60min_rmse=6.945788 60min_mape=9.678451
[2026-09-02 13:16:15] INFO Downstream training finished | best_val_mae=2.791073 | checkpoint=C:\Users\clw\projects\researchRep\STAnchor-BlockMemory\artifacts\convergence\formal_20260902_physical_mae_router_stgcn_seed42\downstream_best.pt
