[2026-09-15 16:49:47] INFO Downstream start | run=paper_final_joint_context_offset_only_seed42/main_table/metrla/ours/dcrnn | device=cuda:0 (requested=cuda:0) | seed=42 | output=C:\Users\clw\projects\researchRep\STAnchor-BlockMemory\artifacts\paper_final_joint_context_offset_only_seed42\main_table\metrla\ours\dcrnn
[2026-09-15 16:49:47] INFO Mode | downstream_mode=learned_topk_error_aware | training_protocol=posthoc_frozen_base | candidate_protocol=weekday_radius1_overlap | candidate_ranking=learned_key | candidate_payload=offset_only
[2026-09-15 16:49:47] INFO Downstream initialization | seed=42 | state_hash=e0571486563dfa0d
[2026-09-15 16:49:47] INFO Frozen base | checkpoint=C:\Users\clw\projects\researchRep\STAnchor-BlockMemory\artifacts\convergence\formal_20260910_baseonly_dcrnn_seed42\downstream_best.pt | fingerprint=f355d94c85b2613e
[2026-09-15 16:49:47] INFO Data | steps=34272 | nodes=207 | channels=1 | training_scope=full_train | memory/post_memory/train_selected/val/test=15876/6805/22681/2993/6025
[2026-09-15 16:49:47] INFO Frozen path cache | enabled=True | storage=disk_mmap | train_samples=22681 | val_samples=2993 | allocated_mib=2818.0
[2026-09-15 16:49:47] INFO Bank/retrieval | dataset=metrla_final_joint_context_offset_only | events=15876 | nodes=207 | retrieval_dim=64 | event_top_r=32 | node_top_k=12 | key_dtype=float16
[2026-09-15 16:49:47] INFO Frozen path cache | enabled=yes | candidate_ranking=learned_key | fill=first_epoch
[2026-09-15 16:49:47] INFO Parameters | downstream_total=1,257,706 | downstream_trainable=885,085 | backbone=0 | confidence_head=0 | fusion=0 | frozen_pretrained=958,704
[2026-09-15 16:49:47] INFO Optimization | epochs=50 | batch_size=32 | optimizer=adam | lr=0.0005 | weight_decay=0.0001 | scheduler=step_lr | step_size=10 | gamma=0.500 | confidence_weight=0.000 | patience=20 | early_stopping=disabled
[2026-09-15 16:49:49] INFO Stage start | stage=posthoc_calibrator | epochs=50 | optimizer_lrs=[0.0005]
[2026-09-15 16:56:13] INFO Epoch 001 | stage=posthoc_calibrator | train_total=2.700532 | train_forecast=2.700532 | train_confidence=0.000000 | train_risk=0.000000 | train_blend=0.000000 | val_total=2.733390 | val_mae=2.725113 | val_rmse=5.776243 | val_mape=7.626493 | val_confidence=0.000000 | val_risk=0.000000 | val_blend=0.000000 | batches=709/94 | seconds=384.16 | lr=[0.0005] | cuda_peak_mb=3508.3
[2026-09-15 16:56:13] INFO Val horizons | 15min_mae=2.406401 15min_rmse=4.772987 15min_mape=6.268145 | 30min_mae=2.760425 30min_rmse=5.847250 30min_mape=7.781817 | 60min_mae=3.172474 60min_rmse=6.903604 60min_mape=9.470755
[2026-09-15 16:56:13] INFO Checkpoint updated | epoch=1 | stage=posthoc_calibrator | best_val_mae=2.725113 | path=C:\Users\clw\projects\researchRep\STAnchor-BlockMemory\artifacts\paper_final_joint_context_offset_only_seed42\main_table\metrla\ours\dcrnn\downstream_best.pt
[2026-09-15 16:58:21] INFO Epoch 002 | stage=posthoc_calibrator | train_total=2.693102 | train_forecast=2.693102 | train_confidence=0.000000 | train_risk=0.000000 | train_blend=0.000000 | val_total=2.731553 | val_mae=2.723028 | val_rmse=5.779359 | val_mape=7.606175 | val_confidence=0.000000 | val_risk=0.000000 | val_blend=0.000000 | batches=709/94 | seconds=128.09 | lr=[0.0005] | cuda_peak_mb=1473.1
[2026-09-15 16:58:21] INFO Val horizons | 15min_mae=2.405047 15min_rmse=4.774815 15min_mape=6.245151 | 30min_mae=2.758262 30min_rmse=5.846145 30min_mape=7.753522 | 60min_mae=3.171918 60min_rmse=6.912649 60min_mape=9.462863
[2026-09-15 16:58:21] INFO Checkpoint updated | epoch=2 | stage=posthoc_calibrator | best_val_mae=2.723028 | path=C:\Users\clw\projects\researchRep\STAnchor-BlockMemory\artifacts\paper_final_joint_context_offset_only_seed42\main_table\metrla\ours\dcrnn\downstream_best.pt
[2026-09-15 17:00:29] INFO Epoch 003 | stage=posthoc_calibrator | train_total=2.691514 | train_forecast=2.691514 | train_confidence=0.000000 | train_risk=0.000000 | train_blend=0.000000 | val_total=2.731787 | val_mae=2.723305 | val_rmse=5.753850 | val_mape=7.530048 | val_confidence=0.000000 | val_risk=0.000000 | val_blend=0.000000 | batches=709/94 | seconds=127.73 | lr=[0.0005] | cuda_peak_mb=1473.8
[2026-09-15 17:00:29] INFO Val horizons | 15min_mae=2.405124 15min_rmse=4.768969 15min_mape=6.216587 | 30min_mae=2.759006 30min_rmse=5.826493 30min_mape=7.675606 | 60min_mae=3.171225 60min_rmse=6.861171 60min_mape=9.338609
[2026-09-15 17:02:36] INFO Epoch 004 | stage=posthoc_calibrator | train_total=2.690513 | train_forecast=2.690513 | train_confidence=0.000000 | train_risk=0.000000 | train_blend=0.000000 | val_total=2.730816 | val_mae=2.722345 | val_rmse=5.786441 | val_mape=7.593675 | val_confidence=0.000000 | val_risk=0.000000 | val_blend=0.000000 | batches=709/94 | seconds=127.53 | lr=[0.0005] | cuda_peak_mb=1472.8
[2026-09-15 17:02:36] INFO Val horizons | 15min_mae=2.403972 15min_rmse=4.772985 15min_mape=6.235950 | 30min_mae=2.757776 30min_rmse=5.851244 30min_mape=7.736287 | 60min_mae=3.170586 60min_rmse=6.928007 60min_mape=9.445273
[2026-09-15 17:02:36] INFO Checkpoint updated | epoch=4 | stage=posthoc_calibrator | best_val_mae=2.722345 | path=C:\Users\clw\projects\researchRep\STAnchor-BlockMemory\artifacts\paper_final_joint_context_offset_only_seed42\main_table\metrla\ours\dcrnn\downstream_best.pt
[2026-09-15 17:04:43] INFO Epoch 005 | stage=posthoc_calibrator | train_total=2.689897 | train_forecast=2.689897 | train_confidence=0.000000 | train_risk=0.000000 | train_blend=0.000000 | val_total=2.731137 | val_mae=2.722762 | val_rmse=5.759553 | val_mape=7.551793 | val_confidence=0.000000 | val_risk=0.000000 | val_blend=0.000000 | batches=709/94 | seconds=126.98 | lr=[0.0005] | cuda_peak_mb=1473.8
[2026-09-15 17:04:43] INFO Val horizons | 15min_mae=2.404449 15min_rmse=4.766636 15min_mape=6.221651 | 30min_mae=2.758272 30min_rmse=5.829898 30min_mape=7.699259 | 60min_mae=3.170642 60min_rmse=6.875213 60min_mape=9.376908
[2026-09-15 17:06:50] INFO Epoch 006 | stage=posthoc_calibrator | train_total=2.689095 | train_forecast=2.689095 | train_confidence=0.000000 | train_risk=0.000000 | train_blend=0.000000 | val_total=2.728694 | val_mae=2.720262 | val_rmse=5.769243 | val_mape=7.585425 | val_confidence=0.000000 | val_risk=0.000000 | val_blend=0.000000 | batches=709/94 | seconds=126.89 | lr=[0.0005] | cuda_peak_mb=1473.8
[2026-09-15 17:06:50] INFO Val horizons | 15min_mae=2.403085 15min_rmse=4.769586 15min_mape=6.231125 | 30min_mae=2.755852 30min_rmse=5.835926 30min_mape=7.734176 | 60min_mae=3.166806 60min_rmse=6.894752 60min_mape=9.433376
[2026-09-15 17:06:50] INFO Checkpoint updated | epoch=6 | stage=posthoc_calibrator | best_val_mae=2.720262 | path=C:\Users\clw\projects\researchRep\STAnchor-BlockMemory\artifacts\paper_final_joint_context_offset_only_seed42\main_table\metrla\ours\dcrnn\downstream_best.pt
[2026-09-15 17:08:56] INFO Epoch 007 | stage=posthoc_calibrator | train_total=2.688568 | train_forecast=2.688568 | train_confidence=0.000000 | train_risk=0.000000 | train_blend=0.000000 | val_total=2.729489 | val_mae=2.721172 | val_rmse=5.756440 | val_mape=7.557707 | val_confidence=0.000000 | val_risk=0.000000 | val_blend=0.000000 | batches=709/94 | seconds=126.24 | lr=[0.0005] | cuda_peak_mb=1472.8
[2026-09-15 17:08:56] INFO Val horizons | 15min_mae=2.403338 15min_rmse=4.760344 15min_mape=6.216583 | 30min_mae=2.757078 30min_rmse=5.825622 30min_mape=7.697862 | 60min_mae=3.167631 60min_rmse=6.871545 60min_mape=9.398918
[2026-09-15 17:11:03] INFO Epoch 008 | stage=posthoc_calibrator | train_total=2.687808 | train_forecast=2.687808 | train_confidence=0.000000 | train_risk=0.000000 | train_blend=0.000000 | val_total=2.729732 | val_mae=2.721505 | val_rmse=5.735706 | val_mape=7.536443 | val_confidence=0.000000 | val_risk=0.000000 | val_blend=0.000000 | batches=709/94 | seconds=126.52 | lr=[0.0005] | cuda_peak_mb=1473.8
[2026-09-15 17:11:03] INFO Val horizons | 15min_mae=2.402952 15min_rmse=4.760817 15min_mape=6.223857 | 30min_mae=2.757623 30min_rmse=5.810299 30min_mape=7.690639 | 60min_mae=3.169227 60min_rmse=6.832468 60min_mape=9.335028
[2026-09-15 17:13:09] INFO Epoch 009 | stage=posthoc_calibrator | train_total=2.687688 | train_forecast=2.687688 | train_confidence=0.000000 | train_risk=0.000000 | train_blend=0.000000 | val_total=2.728041 | val_mae=2.719717 | val_rmse=5.774667 | val_mape=7.580064 | val_confidence=0.000000 | val_risk=0.000000 | val_blend=0.000000 | batches=709/94 | seconds=126.14 | lr=[0.0005] | cuda_peak_mb=1473.8
[2026-09-15 17:13:09] INFO Val horizons | 15min_mae=2.402816 15min_rmse=4.773015 15min_mape=6.231840 | 30min_mae=2.755668 30min_rmse=5.845125 30min_mape=7.725681 | 60min_mae=3.164931 60min_rmse=6.895062 60min_mape=9.419624
[2026-09-15 17:13:09] INFO Checkpoint updated | epoch=9 | stage=posthoc_calibrator | best_val_mae=2.719717 | path=C:\Users\clw\projects\researchRep\STAnchor-BlockMemory\artifacts\paper_final_joint_context_offset_only_seed42\main_table\metrla\ours\dcrnn\downstream_best.pt
[2026-09-15 17:15:16] INFO Epoch 010 | stage=posthoc_calibrator | train_total=2.687112 | train_forecast=2.687112 | train_confidence=0.000000 | train_risk=0.000000 | train_blend=0.000000 | val_total=2.728639 | val_mae=2.720218 | val_rmse=5.774634 | val_mape=7.573293 | val_confidence=0.000000 | val_risk=0.000000 | val_blend=0.000000 | batches=709/94 | seconds=126.52 | lr=[0.0005] | cuda_peak_mb=1472.8
[2026-09-15 17:15:16] INFO Val horizons | 15min_mae=2.403341 15min_rmse=4.774543 15min_mape=6.230780 | 30min_mae=2.756100 30min_rmse=5.843462 30min_mape=7.724239 | 60min_mae=3.165860 60min_rmse=6.896547 60min_mape=9.398529
[2026-09-15 17:17:22] INFO Epoch 011 | stage=posthoc_calibrator | train_total=2.685711 | train_forecast=2.685711 | train_confidence=0.000000 | train_risk=0.000000 | train_blend=0.000000 | val_total=2.728187 | val_mae=2.719933 | val_rmse=5.767961 | val_mape=7.570868 | val_confidence=0.000000 | val_risk=0.000000 | val_blend=0.000000 | batches=709/94 | seconds=126.40 | lr=[0.00025] | cuda_peak_mb=1473.1
[2026-09-15 17:17:22] INFO Val horizons | 15min_mae=2.402858 15min_rmse=4.770574 15min_mape=6.227187 | 30min_mae=2.756055 30min_rmse=5.836313 30min_mape=7.716881 | 60min_mae=3.165266 60min_rmse=6.886874 60min_mape=9.408320
[2026-09-15 17:19:28] INFO Epoch 012 | stage=posthoc_calibrator | train_total=2.685348 | train_forecast=2.685348 | train_confidence=0.000000 | train_risk=0.000000 | train_blend=0.000000 | val_total=2.727125 | val_mae=2.718839 | val_rmse=5.764105 | val_mape=7.557508 | val_confidence=0.000000 | val_risk=0.000000 | val_blend=0.000000 | batches=709/94 | seconds=126.32 | lr=[0.00025] | cuda_peak_mb=1472.5
[2026-09-15 17:19:28] INFO Val horizons | 15min_mae=2.402633 15min_rmse=4.769348 15min_mape=6.224192 | 30min_mae=2.755032 30min_rmse=5.830987 30min_mape=7.709097 | 60min_mae=3.163458 60min_rmse=6.883490 60min_mape=9.371902
[2026-09-15 17:19:28] INFO Checkpoint updated | epoch=12 | stage=posthoc_calibrator | best_val_mae=2.718839 | path=C:\Users\clw\projects\researchRep\STAnchor-BlockMemory\artifacts\paper_final_joint_context_offset_only_seed42\main_table\metrla\ours\dcrnn\downstream_best.pt
[2026-09-15 17:21:35] INFO Epoch 013 | stage=posthoc_calibrator | train_total=2.685297 | train_forecast=2.685297 | train_confidence=0.000000 | train_risk=0.000000 | train_blend=0.000000 | val_total=2.727240 | val_mae=2.719018 | val_rmse=5.771049 | val_mape=7.571512 | val_confidence=0.000000 | val_risk=0.000000 | val_blend=0.000000 | batches=709/94 | seconds=126.60 | lr=[0.00025] | cuda_peak_mb=1472.3
[2026-09-15 17:21:35] INFO Val horizons | 15min_mae=2.403036 15min_rmse=4.771244 15min_mape=6.228109 | 30min_mae=2.755639 30min_rmse=5.840006 30min_mape=7.716660 | 60min_mae=3.162544 60min_rmse=6.892389 60min_mape=9.410065
[2026-09-15 17:23:43] INFO Epoch 014 | stage=posthoc_calibrator | train_total=2.685409 | train_forecast=2.685409 | train_confidence=0.000000 | train_risk=0.000000 | train_blend=0.000000 | val_total=2.730081 | val_mae=2.721768 | val_rmse=5.769502 | val_mape=7.555666 | val_confidence=0.000000 | val_risk=0.000000 | val_blend=0.000000 | batches=709/94 | seconds=128.21 | lr=[0.00025] | cuda_peak_mb=1473.0
[2026-09-15 17:23:43] INFO Val horizons | 15min_mae=2.403484 15min_rmse=4.769529 15min_mape=6.220862 | 30min_mae=2.758275 30min_rmse=5.837479 30min_mape=7.703137 | 60min_mae=3.168010 60min_rmse=6.890132 60min_mape=9.380746
[2026-09-15 17:25:50] INFO Epoch 015 | stage=posthoc_calibrator | train_total=2.684875 | train_forecast=2.684875 | train_confidence=0.000000 | train_risk=0.000000 | train_blend=0.000000 | val_total=2.724888 | val_mae=2.716727 | val_rmse=5.757506 | val_mape=7.563738 | val_confidence=0.000000 | val_risk=0.000000 | val_blend=0.000000 | batches=709/94 | seconds=127.30 | lr=[0.00025] | cuda_peak_mb=1473.7
[2026-09-15 17:25:50] INFO Val horizons | 15min_mae=2.401722 15min_rmse=4.765685 15min_mape=6.227523 | 30min_mae=2.753260 30min_rmse=5.828266 30min_mape=7.717438 | 60min_mae=3.159341 60min_rmse=6.868602 60min_mape=9.379160
[2026-09-15 17:25:51] INFO Checkpoint updated | epoch=15 | stage=posthoc_calibrator | best_val_mae=2.716727 | path=C:\Users\clw\projects\researchRep\STAnchor-BlockMemory\artifacts\paper_final_joint_context_offset_only_seed42\main_table\metrla\ours\dcrnn\downstream_best.pt
[2026-09-15 17:27:58] INFO Epoch 016 | stage=posthoc_calibrator | train_total=2.684642 | train_forecast=2.684642 | train_confidence=0.000000 | train_risk=0.000000 | train_blend=0.000000 | val_total=2.727875 | val_mae=2.719630 | val_rmse=5.778411 | val_mape=7.581599 | val_confidence=0.000000 | val_risk=0.000000 | val_blend=0.000000 | batches=709/94 | seconds=127.71 | lr=[0.00025] | cuda_peak_mb=1472.8
[2026-09-15 17:27:58] INFO Val horizons | 15min_mae=2.403085 15min_rmse=4.775518 15min_mape=6.230560 | 30min_mae=2.756362 30min_rmse=5.850152 30min_mape=7.728111 | 60min_mae=3.163573 60min_rmse=6.898895 60min_mape=9.426682
[2026-09-15 17:30:06] INFO Epoch 017 | stage=posthoc_calibrator | train_total=2.684399 | train_forecast=2.684399 | train_confidence=0.000000 | train_risk=0.000000 | train_blend=0.000000 | val_total=2.729995 | val_mae=2.721735 | val_rmse=5.763313 | val_mape=7.533803 | val_confidence=0.000000 | val_risk=0.000000 | val_blend=0.000000 | batches=709/94 | seconds=127.80 | lr=[0.00025] | cuda_peak_mb=1473.8
[2026-09-15 17:30:06] INFO Val horizons | 15min_mae=2.403465 15min_rmse=4.767098 15min_mape=6.213848 | 30min_mae=2.758230 30min_rmse=5.834022 30min_mape=7.681949 | 60min_mae=3.168264 60min_rmse=6.878035 60min_mape=9.341041
[2026-09-15 17:32:13] INFO Epoch 018 | stage=posthoc_calibrator | train_total=2.684437 | train_forecast=2.684437 | train_confidence=0.000000 | train_risk=0.000000 | train_blend=0.000000 | val_total=2.728674 | val_mae=2.720586 | val_rmse=5.770408 | val_mape=7.585587 | val_confidence=0.000000 | val_risk=0.000000 | val_blend=0.000000 | batches=709/94 | seconds=127.07 | lr=[0.00025] | cuda_peak_mb=1473.8
[2026-09-15 17:32:13] INFO Val horizons | 15min_mae=2.403515 15min_rmse=4.769024 15min_mape=6.227482 | 30min_mae=2.757812 30min_rmse=5.845683 30min_mape=7.728617 | 60min_mae=3.164860 60min_rmse=6.882611 60min_mape=9.438273
[2026-09-15 17:34:21] INFO Epoch 019 | stage=posthoc_calibrator | train_total=2.684410 | train_forecast=2.684410 | train_confidence=0.000000 | train_risk=0.000000 | train_blend=0.000000 | val_total=2.726544 | val_mae=2.718371 | val_rmse=5.766058 | val_mape=7.569488 | val_confidence=0.000000 | val_risk=0.000000 | val_blend=0.000000 | batches=709/94 | seconds=127.99 | lr=[0.00025] | cuda_peak_mb=1472.8
[2026-09-15 17:34:21] INFO Val horizons | 15min_mae=2.402929 15min_rmse=4.772961 15min_mape=6.229098 | 30min_mae=2.754970 30min_rmse=5.836832 30min_mape=7.720876 | 60min_mae=3.161470 60min_rmse=6.880085 60min_mape=9.391148
[2026-09-15 17:36:29] INFO Epoch 020 | stage=posthoc_calibrator | train_total=2.684241 | train_forecast=2.684241 | train_confidence=0.000000 | train_risk=0.000000 | train_blend=0.000000 | val_total=2.728422 | val_mae=2.720234 | val_rmse=5.772977 | val_mape=7.556191 | val_confidence=0.000000 | val_risk=0.000000 | val_blend=0.000000 | batches=709/94 | seconds=128.05 | lr=[0.00025] | cuda_peak_mb=1473.8
[2026-09-15 17:36:29] INFO Val horizons | 15min_mae=2.402979 15min_rmse=4.772325 15min_mape=6.223274 | 30min_mae=2.756726 30min_rmse=5.841836 30min_mape=7.703315 | 60min_mae=3.164984 60min_rmse=6.891521 60min_mape=9.378753
[2026-09-15 17:38:36] INFO Epoch 021 | stage=posthoc_calibrator | train_total=2.683105 | train_forecast=2.683105 | train_confidence=0.000000 | train_risk=0.000000 | train_blend=0.000000 | val_total=2.725575 | val_mae=2.717496 | val_rmse=5.759114 | val_mape=7.563962 | val_confidence=0.000000 | val_risk=0.000000 | val_blend=0.000000 | batches=709/94 | seconds=127.27 | lr=[0.000125] | cuda_peak_mb=1473.8
[2026-09-15 17:38:36] INFO Val horizons | 15min_mae=2.402414 15min_rmse=4.768662 15min_mape=6.227464 | 30min_mae=2.754460 30min_rmse=5.832390 30min_mape=7.715830 | 60min_mae=3.159865 60min_rmse=6.866882 60min_mape=9.385798
[2026-09-15 17:40:43] INFO Epoch 022 | stage=posthoc_calibrator | train_total=2.683360 | train_forecast=2.683360 | train_confidence=0.000000 | train_risk=0.000000 | train_blend=0.000000 | val_total=2.723591 | val_mae=2.715797 | val_rmse=5.742723 | val_mape=7.594934 | val_confidence=0.000000 | val_risk=0.000000 | val_blend=0.000000 | batches=709/94 | seconds=126.69 | lr=[0.000125] | cuda_peak_mb=1472.8
[2026-09-15 17:40:43] INFO Val horizons | 15min_mae=2.402083 15min_rmse=4.763746 15min_mape=6.242200 | 30min_mae=2.753537 30min_rmse=5.817969 30min_mape=7.754112 | 60min_mae=3.155342 60min_rmse=6.835603 60min_mape=9.421762
[2026-09-15 17:40:43] INFO Checkpoint updated | epoch=22 | stage=posthoc_calibrator | best_val_mae=2.715797 | path=C:\Users\clw\projects\researchRep\STAnchor-BlockMemory\artifacts\paper_final_joint_context_offset_only_seed42\main_table\metrla\ours\dcrnn\downstream_best.pt
[2026-09-15 17:42:52] INFO Epoch 023 | stage=posthoc_calibrator | train_total=2.683033 | train_forecast=2.683033 | train_confidence=0.000000 | train_risk=0.000000 | train_blend=0.000000 | val_total=2.725300 | val_mae=2.717355 | val_rmse=5.747829 | val_mape=7.563451 | val_confidence=0.000000 | val_risk=0.000000 | val_blend=0.000000 | batches=709/94 | seconds=128.70 | lr=[0.000125] | cuda_peak_mb=1473.8
[2026-09-15 17:42:52] INFO Val horizons | 15min_mae=2.401909 15min_rmse=4.764226 15min_mape=6.228383 | 30min_mae=2.754288 30min_rmse=5.822481 30min_mape=7.716841 | 60min_mae=3.159513 60min_rmse=6.847107 60min_mape=9.379013
[2026-09-15 17:44:59] INFO Epoch 024 | stage=posthoc_calibrator | train_total=2.682942 | train_forecast=2.682942 | train_confidence=0.000000 | train_risk=0.000000 | train_blend=0.000000 | val_total=2.724593 | val_mae=2.716639 | val_rmse=5.758214 | val_mape=7.580658 | val_confidence=0.000000 | val_risk=0.000000 | val_blend=0.000000 | batches=709/94 | seconds=127.56 | lr=[0.000125] | cuda_peak_mb=1473.8
[2026-09-15 17:44:59] INFO Val horizons | 15min_mae=2.402391 15min_rmse=4.769985 15min_mape=6.235192 | 30min_mae=2.753809 30min_rmse=5.830699 30min_mape=7.735010 | 60min_mae=3.157636 60min_rmse=6.865906 60min_mape=9.407231
[2026-09-15 17:47:07] INFO Epoch 025 | stage=posthoc_calibrator | train_total=2.682953 | train_forecast=2.682953 | train_confidence=0.000000 | train_risk=0.000000 | train_blend=0.000000 | val_total=2.724878 | val_mae=2.716920 | val_rmse=5.752991 | val_mape=7.555010 | val_confidence=0.000000 | val_risk=0.000000 | val_blend=0.000000 | batches=709/94 | seconds=127.80 | lr=[0.000125] | cuda_peak_mb=1472.8
[2026-09-15 17:47:07] INFO Val horizons | 15min_mae=2.401966 15min_rmse=4.762222 15min_mape=6.221958 | 30min_mae=2.753759 30min_rmse=5.822993 30min_mape=7.705457 | 60min_mae=3.158855 60min_rmse=6.860675 60min_mape=9.369314
[2026-09-15 17:49:15] INFO Epoch 026 | stage=posthoc_calibrator | train_total=2.682758 | train_forecast=2.682758 | train_confidence=0.000000 | train_risk=0.000000 | train_blend=0.000000 | val_total=2.724705 | val_mae=2.716821 | val_rmse=5.747580 | val_mape=7.559873 | val_confidence=0.000000 | val_risk=0.000000 | val_blend=0.000000 | batches=709/94 | seconds=127.55 | lr=[0.000125] | cuda_peak_mb=1473.8
[2026-09-15 17:49:15] INFO Val horizons | 15min_mae=2.402040 15min_rmse=4.761898 15min_mape=6.223628 | 30min_mae=2.753979 30min_rmse=5.821378 30min_mape=7.711009 | 60min_mae=3.158161 60min_rmse=6.846904 60min_mape=9.380574
[2026-09-15 17:51:22] INFO Epoch 027 | stage=posthoc_calibrator | train_total=2.682526 | train_forecast=2.682526 | train_confidence=0.000000 | train_risk=0.000000 | train_blend=0.000000 | val_total=2.724557 | val_mae=2.716605 | val_rmse=5.758478 | val_mape=7.569362 | val_confidence=0.000000 | val_risk=0.000000 | val_blend=0.000000 | batches=709/94 | seconds=127.68 | lr=[0.000125] | cuda_peak_mb=1473.8
[2026-09-15 17:51:22] INFO Val horizons | 15min_mae=2.402060 15min_rmse=4.768942 15min_mape=6.228841 | 30min_mae=2.753519 30min_rmse=5.830385 30min_mape=7.720521 | 60min_mae=3.157762 60min_rmse=6.865654 60min_mape=9.392496
[2026-09-15 17:53:30] INFO Epoch 028 | stage=posthoc_calibrator | train_total=2.682574 | train_forecast=2.682574 | train_confidence=0.000000 | train_risk=0.000000 | train_blend=0.000000 | val_total=2.725969 | val_mae=2.718076 | val_rmse=5.758445 | val_mape=7.565455 | val_confidence=0.000000 | val_risk=0.000000 | val_blend=0.000000 | batches=709/94 | seconds=127.61 | lr=[0.000125] | cuda_peak_mb=1472.8
[2026-09-15 17:53:30] INFO Val horizons | 15min_mae=2.402277 15min_rmse=4.766754 15min_mape=6.228021 | 30min_mae=2.754972 30min_rmse=5.829027 30min_mape=7.718750 | 60min_mae=3.160398 60min_rmse=6.865353 60min_mape=9.378020
[2026-09-15 17:55:37] INFO Epoch 029 | stage=posthoc_calibrator | train_total=2.682546 | train_forecast=2.682546 | train_confidence=0.000000 | train_risk=0.000000 | train_blend=0.000000 | val_total=2.725099 | val_mae=2.717292 | val_rmse=5.744989 | val_mape=7.553421 | val_confidence=0.000000 | val_risk=0.000000 | val_blend=0.000000 | batches=709/94 | seconds=127.37 | lr=[0.000125] | cuda_peak_mb=1473.8
[2026-09-15 17:55:37] INFO Val horizons | 15min_mae=2.401982 15min_rmse=4.762543 15min_mape=6.227173 | 30min_mae=2.754391 30min_rmse=5.818838 30min_mape=7.710052 | 60min_mae=3.159249 60min_rmse=6.843020 60min_mape=9.356487
[2026-09-15 17:57:44] INFO Epoch 030 | stage=posthoc_calibrator | train_total=2.682145 | train_forecast=2.682145 | train_confidence=0.000000 | train_risk=0.000000 | train_blend=0.000000 | val_total=2.723201 | val_mae=2.715354 | val_rmse=5.759657 | val_mape=7.580362 | val_confidence=0.000000 | val_risk=0.000000 | val_blend=0.000000 | batches=709/94 | seconds=126.49 | lr=[0.000125] | cuda_peak_mb=1473.8
[2026-09-15 17:57:44] INFO Val horizons | 15min_mae=2.401878 15min_rmse=4.769950 15min_mape=6.232103 | 30min_mae=2.752588 30min_rmse=5.832388 30min_mape=7.730175 | 60min_mae=3.155020 60min_rmse=6.866537 60min_mape=9.414708
[2026-09-15 17:57:44] INFO Checkpoint updated | epoch=30 | stage=posthoc_calibrator | best_val_mae=2.715354 | path=C:\Users\clw\projects\researchRep\STAnchor-BlockMemory\artifacts\paper_final_joint_context_offset_only_seed42\main_table\metrla\ours\dcrnn\downstream_best.pt
[2026-09-15 17:59:50] INFO Epoch 031 | stage=posthoc_calibrator | train_total=2.681902 | train_forecast=2.681902 | train_confidence=0.000000 | train_risk=0.000000 | train_blend=0.000000 | val_total=2.723956 | val_mae=2.716199 | val_rmse=5.745600 | val_mape=7.555173 | val_confidence=0.000000 | val_risk=0.000000 | val_blend=0.000000 | batches=709/94 | seconds=126.02 | lr=[6.25e-05] | cuda_peak_mb=1472.8
[2026-09-15 17:59:50] INFO Val horizons | 15min_mae=2.401677 15min_rmse=4.762147 15min_mape=6.223133 | 30min_mae=2.753471 30min_rmse=5.817001 30min_mape=7.705951 | 60min_mae=3.156943 60min_rmse=6.846247 60min_mape=9.371352
[2026-09-15 18:01:56] INFO Epoch 032 | stage=posthoc_calibrator | train_total=2.681749 | train_forecast=2.681749 | train_confidence=0.000000 | train_risk=0.000000 | train_blend=0.000000 | val_total=2.722125 | val_mae=2.714427 | val_rmse=5.752022 | val_mape=7.589218 | val_confidence=0.000000 | val_risk=0.000000 | val_blend=0.000000 | batches=709/94 | seconds=125.94 | lr=[6.25e-05] | cuda_peak_mb=1473.8
[2026-09-15 18:01:56] INFO Val horizons | 15min_mae=2.401408 15min_rmse=4.764463 15min_mape=6.233373 | 30min_mae=2.751874 30min_rmse=5.824909 30min_mape=7.735842 | 60min_mae=3.153226 60min_rmse=6.855269 60min_mape=9.437993
[2026-09-15 18:01:56] INFO Checkpoint updated | epoch=32 | stage=posthoc_calibrator | best_val_mae=2.714427 | path=C:\Users\clw\projects\researchRep\STAnchor-BlockMemory\artifacts\paper_final_joint_context_offset_only_seed42\main_table\metrla\ours\dcrnn\downstream_best.pt
[2026-09-15 18:04:02] INFO Epoch 033 | stage=posthoc_calibrator | train_total=2.681872 | train_forecast=2.681872 | train_confidence=0.000000 | train_risk=0.000000 | train_blend=0.000000 | val_total=2.723671 | val_mae=2.715810 | val_rmse=5.757439 | val_mape=7.557724 | val_confidence=0.000000 | val_risk=0.000000 | val_blend=0.000000 | batches=709/94 | seconds=126.04 | lr=[6.25e-05] | cuda_peak_mb=1473.8
[2026-09-15 18:04:02] INFO Val horizons | 15min_mae=2.401641 15min_rmse=4.767713 15min_mape=6.224222 | 30min_mae=2.753071 30min_rmse=5.830399 30min_mape=7.708984 | 60min_mae=3.156030 60min_rmse=6.863105 60min_mape=9.375181
[2026-09-15 18:06:08] INFO Epoch 034 | stage=posthoc_calibrator | train_total=2.681289 | train_forecast=2.681289 | train_confidence=0.000000 | train_risk=0.000000 | train_blend=0.000000 | val_total=2.723758 | val_mae=2.715972 | val_rmse=5.759193 | val_mape=7.579362 | val_confidence=0.000000 | val_risk=0.000000 | val_blend=0.000000 | batches=709/94 | seconds=126.40 | lr=[6.25e-05] | cuda_peak_mb=1472.8
[2026-09-15 18:06:08] INFO Val horizons | 15min_mae=2.402185 15min_rmse=4.770259 15min_mape=6.232579 | 30min_mae=2.753387 30min_rmse=5.831849 30min_mape=7.732083 | 60min_mae=3.155880 60min_rmse=6.866138 60min_mape=9.411116
[2026-09-15 18:08:15] INFO Epoch 035 | stage=posthoc_calibrator | train_total=2.681451 | train_forecast=2.681451 | train_confidence=0.000000 | train_risk=0.000000 | train_blend=0.000000 | val_total=2.724700 | val_mae=2.716966 | val_rmse=5.752042 | val_mape=7.559265 | val_confidence=0.000000 | val_risk=0.000000 | val_blend=0.000000 | batches=709/94 | seconds=126.30 | lr=[6.25e-05] | cuda_peak_mb=1473.8
[2026-09-15 18:08:15] INFO Val horizons | 15min_mae=2.402034 15min_rmse=4.765324 15min_mape=6.227221 | 30min_mae=2.754350 30min_rmse=5.824763 30min_mape=7.715235 | 60min_mae=3.157895 60min_rmse=6.855159 60min_mape=9.372320
[2026-09-15 18:10:21] INFO Epoch 036 | stage=posthoc_calibrator | train_total=2.681425 | train_forecast=2.681425 | train_confidence=0.000000 | train_risk=0.000000 | train_blend=0.000000 | val_total=2.723171 | val_mae=2.715577 | val_rmse=5.752747 | val_mape=7.603008 | val_confidence=0.000000 | val_risk=0.000000 | val_blend=0.000000 | batches=709/94 | seconds=126.37 | lr=[6.25e-05] | cuda_peak_mb=1473.8
[2026-09-15 18:10:21] INFO Val horizons | 15min_mae=2.401939 15min_rmse=4.765978 15min_mape=6.238791 | 30min_mae=2.753154 30min_rmse=5.825373 30min_mape=7.752072 | 60min_mae=3.155354 60min_rmse=6.858665 60min_mape=9.462118
[2026-09-15 18:12:27] INFO Epoch 037 | stage=posthoc_calibrator | train_total=2.681383 | train_forecast=2.681383 | train_confidence=0.000000 | train_risk=0.000000 | train_blend=0.000000 | val_total=2.724411 | val_mae=2.716661 | val_rmse=5.754142 | val_mape=7.541119 | val_confidence=0.000000 | val_risk=0.000000 | val_blend=0.000000 | batches=709/94 | seconds=126.39 | lr=[6.25e-05] | cuda_peak_mb=1472.8
[2026-09-15 18:12:27] INFO Val horizons | 15min_mae=2.401687 15min_rmse=4.761258 15min_mape=6.214820 | 30min_mae=2.754022 30min_rmse=5.826562 30min_mape=7.693590 | 60min_mae=3.157774 60min_rmse=6.860745 60min_mape=9.348973
[2026-09-15 18:14:34] INFO Epoch 038 | stage=posthoc_calibrator | train_total=2.680981 | train_forecast=2.680981 | train_confidence=0.000000 | train_risk=0.000000 | train_blend=0.000000 | val_total=2.724493 | val_mae=2.716764 | val_rmse=5.758595 | val_mape=7.568135 | val_confidence=0.000000 | val_risk=0.000000 | val_blend=0.000000 | batches=709/94 | seconds=126.37 | lr=[6.25e-05] | cuda_peak_mb=1473.8
[2026-09-15 18:14:34] INFO Val horizons | 15min_mae=2.401801 15min_rmse=4.766794 15min_mape=6.226652 | 30min_mae=2.753823 30min_rmse=5.829666 30min_mape=7.719929 | 60min_mae=3.157786 60min_rmse=6.865890 60min_mape=9.390691
[2026-09-15 18:16:40] INFO Epoch 039 | stage=posthoc_calibrator | train_total=2.681107 | train_forecast=2.681107 | train_confidence=0.000000 | train_risk=0.000000 | train_blend=0.000000 | val_total=2.723259 | val_mae=2.715561 | val_rmse=5.759854 | val_mape=7.575010 | val_confidence=0.000000 | val_risk=0.000000 | val_blend=0.000000 | batches=709/94 | seconds=126.19 | lr=[6.25e-05] | cuda_peak_mb=1473.8
[2026-09-15 18:16:40] INFO Val horizons | 15min_mae=2.401585 15min_rmse=4.768100 15min_mape=6.228367 | 30min_mae=2.752932 30min_rmse=5.832164 30min_mape=7.724760 | 60min_mae=3.155271 60min_rmse=6.867000 60min_mape=9.409385
[2026-09-15 18:18:46] INFO Epoch 040 | stage=posthoc_calibrator | train_total=2.680855 | train_forecast=2.680855 | train_confidence=0.000000 | train_risk=0.000000 | train_blend=0.000000 | val_total=2.723860 | val_mae=2.716184 | val_rmse=5.745675 | val_mape=7.550616 | val_confidence=0.000000 | val_risk=0.000000 | val_blend=0.000000 | batches=709/94 | seconds=126.29 | lr=[6.25e-05] | cuda_peak_mb=1472.8
[2026-09-15 18:18:46] INFO Val horizons | 15min_mae=2.401659 15min_rmse=4.762741 15min_mape=6.223232 | 30min_mae=2.753819 30min_rmse=5.820554 30min_mape=7.709603 | 60min_mae=3.156156 60min_rmse=6.840507 60min_mape=9.349056
[2026-09-15 18:20:53] INFO Epoch 041 | stage=posthoc_calibrator | train_total=2.680507 | train_forecast=2.680507 | train_confidence=0.000000 | train_risk=0.000000 | train_blend=0.000000 | val_total=2.722990 | val_mae=2.715320 | val_rmse=5.756636 | val_mape=7.575205 | val_confidence=0.000000 | val_risk=0.000000 | val_blend=0.000000 | batches=709/94 | seconds=126.38 | lr=[3.125e-05] | cuda_peak_mb=1473.8
[2026-09-15 18:20:53] INFO Val horizons | 15min_mae=2.401580 15min_rmse=4.766401 15min_mape=6.228981 | 30min_mae=2.752871 30min_rmse=5.829839 30min_mape=7.726095 | 60min_mae=3.154567 60min_rmse=6.860809 60min_mape=9.406370
[2026-09-15 18:22:59] INFO Epoch 042 | stage=posthoc_calibrator | train_total=2.680645 | train_forecast=2.680645 | train_confidence=0.000000 | train_risk=0.000000 | train_blend=0.000000 | val_total=2.723826 | val_mae=2.716037 | val_rmse=5.756532 | val_mape=7.553682 | val_confidence=0.000000 | val_risk=0.000000 | val_blend=0.000000 | batches=709/94 | seconds=126.10 | lr=[3.125e-05] | cuda_peak_mb=1473.8
[2026-09-15 18:22:59] INFO Val horizons | 15min_mae=2.401545 15min_rmse=4.766059 15min_mape=6.219518 | 30min_mae=2.753346 30min_rmse=5.829445 30min_mape=7.705627 | 60min_mae=3.156461 60min_rmse=6.861331 60min_mape=9.371262
[2026-09-15 18:25:05] INFO Epoch 043 | stage=posthoc_calibrator | train_total=2.680648 | train_forecast=2.680648 | train_confidence=0.000000 | train_risk=0.000000 | train_blend=0.000000 | val_total=2.723695 | val_mae=2.715974 | val_rmse=5.746005 | val_mape=7.549455 | val_confidence=0.000000 | val_risk=0.000000 | val_blend=0.000000 | batches=709/94 | seconds=126.39 | lr=[3.125e-05] | cuda_peak_mb=1472.8
[2026-09-15 18:25:05] INFO Val horizons | 15min_mae=2.401273 15min_rmse=4.761329 15min_mape=6.220290 | 30min_mae=2.753377 30min_rmse=5.819756 30min_mape=7.705333 | 60min_mae=3.156191 60min_rmse=6.843834 60min_mape=9.354258
[2026-09-15 18:27:12] INFO Epoch 044 | stage=posthoc_calibrator | train_total=2.680652 | train_forecast=2.680652 | train_confidence=0.000000 | train_risk=0.000000 | train_blend=0.000000 | val_total=2.726066 | val_mae=2.718239 | val_rmse=5.770015 | val_mape=7.567953 | val_confidence=0.000000 | val_risk=0.000000 | val_blend=0.000000 | batches=709/94 | seconds=126.95 | lr=[3.125e-05] | cuda_peak_mb=1473.8
[2026-09-15 18:27:12] INFO Val horizons | 15min_mae=2.402368 15min_rmse=4.771511 15min_mape=6.223276 | 30min_mae=2.755138 30min_rmse=5.841156 30min_mape=7.716626 | 60min_mae=3.160567 60min_rmse=6.884110 60min_mape=9.400403
[2026-09-15 18:29:19] INFO Epoch 045 | stage=posthoc_calibrator | train_total=2.680589 | train_forecast=2.680589 | train_confidence=0.000000 | train_risk=0.000000 | train_blend=0.000000 | val_total=2.724162 | val_mae=2.716322 | val_rmse=5.761413 | val_mape=7.560053 | val_confidence=0.000000 | val_risk=0.000000 | val_blend=0.000000 | batches=709/94 | seconds=126.42 | lr=[3.125e-05] | cuda_peak_mb=1473.8
[2026-09-15 18:29:19] INFO Val horizons | 15min_mae=2.401639 15min_rmse=4.768799 15min_mape=6.222624 | 30min_mae=2.753505 30min_rmse=5.834096 30min_mape=7.711668 | 60min_mae=3.157094 60min_rmse=6.869010 60min_mape=9.380802
[2026-09-15 18:31:25] INFO Epoch 046 | stage=posthoc_calibrator | train_total=2.680371 | train_forecast=2.680371 | train_confidence=0.000000 | train_risk=0.000000 | train_blend=0.000000 | val_total=2.724239 | val_mae=2.716576 | val_rmse=5.755077 | val_mape=7.565515 | val_confidence=0.000000 | val_risk=0.000000 | val_blend=0.000000 | batches=709/94 | seconds=126.26 | lr=[3.125e-05] | cuda_peak_mb=1472.8
[2026-09-15 18:31:25] INFO Val horizons | 15min_mae=2.401713 15min_rmse=4.766990 15min_mape=6.226517 | 30min_mae=2.753941 30min_rmse=5.827778 30min_mape=7.718956 | 60min_mae=3.156998 60min_rmse=6.858824 60min_mape=9.387457
[2026-09-15 18:33:32] INFO Epoch 047 | stage=posthoc_calibrator | train_total=2.680460 | train_forecast=2.680460 | train_confidence=0.000000 | train_risk=0.000000 | train_blend=0.000000 | val_total=2.724360 | val_mae=2.716613 | val_rmse=5.755444 | val_mape=7.550871 | val_confidence=0.000000 | val_risk=0.000000 | val_blend=0.000000 | batches=709/94 | seconds=126.81 | lr=[3.125e-05] | cuda_peak_mb=1473.8
[2026-09-15 18:33:32] INFO Val horizons | 15min_mae=2.401589 15min_rmse=4.765601 15min_mape=6.221145 | 30min_mae=2.753958 30min_rmse=5.827838 30min_mape=7.706768 | 60min_mae=3.157423 60min_rmse=6.860204 60min_mape=9.357674
[2026-09-15 18:35:38] INFO Epoch 048 | stage=posthoc_calibrator | train_total=2.680208 | train_forecast=2.680208 | train_confidence=0.000000 | train_risk=0.000000 | train_blend=0.000000 | val_total=2.725438 | val_mae=2.717785 | val_rmse=5.756273 | val_mape=7.568216 | val_confidence=0.000000 | val_risk=0.000000 | val_blend=0.000000 | batches=709/94 | seconds=126.14 | lr=[3.125e-05] | cuda_peak_mb=1473.8
[2026-09-15 18:35:38] INFO Val horizons | 15min_mae=2.402266 15min_rmse=4.766827 15min_mape=6.226523 | 30min_mae=2.755234 30min_rmse=5.828828 30min_mape=7.721369 | 60min_mae=3.158944 60min_rmse=6.861398 60min_mape=9.392426
[2026-09-15 18:37:44] INFO Epoch 049 | stage=posthoc_calibrator | train_total=2.680214 | train_forecast=2.680214 | train_confidence=0.000000 | train_risk=0.000000 | train_blend=0.000000 | val_total=2.723226 | val_mae=2.715533 | val_rmse=5.756918 | val_mape=7.566941 | val_confidence=0.000000 | val_risk=0.000000 | val_blend=0.000000 | batches=709/94 | seconds=126.43 | lr=[3.125e-05] | cuda_peak_mb=1472.8
[2026-09-15 18:37:44] INFO Val horizons | 15min_mae=2.401457 15min_rmse=4.768400 15min_mape=6.225568 | 30min_mae=2.753057 30min_rmse=5.831435 30min_mape=7.719180 | 60min_mae=3.154977 60min_rmse=6.858572 60min_mape=9.390148
[2026-09-15 18:39:51] INFO Epoch 050 | stage=posthoc_calibrator | train_total=2.680267 | train_forecast=2.680267 | train_confidence=0.000000 | train_risk=0.000000 | train_blend=0.000000 | val_total=2.723709 | val_mae=2.716027 | val_rmse=5.750998 | val_mape=7.560164 | val_confidence=0.000000 | val_risk=0.000000 | val_blend=0.000000 | batches=709/94 | seconds=126.43 | lr=[3.125e-05] | cuda_peak_mb=1473.8
[2026-09-15 18:39:51] INFO Val horizons | 15min_mae=2.401511 15min_rmse=4.765561 15min_mape=6.224222 | 30min_mae=2.753567 30min_rmse=5.825206 30min_mape=7.715304 | 60min_mae=3.155943 60min_rmse=6.850070 60min_mape=9.372715
[2026-09-15 18:39:51] INFO Downstream training finished | best_val_mae=2.714427 | checkpoint=C:\Users\clw\projects\researchRep\STAnchor-BlockMemory\artifacts\paper_final_joint_context_offset_only_seed42\main_table\metrla\ours\dcrnn\downstream_best.pt
