[2026-09-10 08:43:21] INFO Downstream start | run=cross_dataset_final/pems08_source_router_staeformer_seed42 | device=cuda:0 (requested=cuda:0) | seed=42 | output=C:\Users\clw\projects\researchRep\STAnchor-BlockMemory\artifacts\cross_dataset_final\pems08_source_router_staeformer_seed42
[2026-09-10 08:43:21] INFO Mode | downstream_mode=learned_topk_error_aware | training_protocol=posthoc_frozen_base | candidate_protocol=weekday_radius1_overlap
[2026-09-10 08:43:21] INFO STAEformer temporal covariates | mode=calendar | source=dataset slot/weekday
[2026-09-10 08:43:21] INFO Downstream initialization | seed=42 | state_hash=7aa35c43c40049cd
[2026-09-10 08:43:21] INFO Frozen base | checkpoint=C:\Users\clw\projects\researchRep\STAnchor-BlockMemory\artifacts\cross_dataset_final\pems08_baseonly_staeformer_seed42\downstream_best.pt | fingerprint=7498f96260503b9d
[2026-09-10 08:43:21] INFO Data | steps=17856 | nodes=170 | channels=1 | training_scope=full_train | memory/post_memory/train_selected/val/test=8540/3660/12200/1486/3273
[2026-09-10 08:43:21] INFO Bank/retrieval | dataset=pems08_source_queue | events=8540 | nodes=170 | retrieval_dim=64 | event_top_r=96 | node_top_k=12 | key_dtype=float16
[2026-09-10 08:43:21] INFO Parameters | downstream_total=2,103,374 | downstream_trainable=879,693 | backbone=0 | confidence_head=0 | fusion=0 | frozen_pretrained=958,704
[2026-09-10 08:43:21] INFO Optimization | epochs=50 | batch_size=32 | optimizer=adam | lr=0.001 | weight_decay=0.0001 | scheduler=step_lr | step_size=10 | gamma=0.950 | confidence_weight=0.000 | patience=10 | early_stopping=disabled
[2026-09-10 08:43:22] INFO Stage start | stage=posthoc_calibrator | epochs=50 | optimizer_lrs=[0.001]
[2026-09-10 08:46:38] INFO Epoch 001 | stage=posthoc_calibrator | train_total=1.050490 | train_forecast=1.050490 | train_confidence=0.000000 | train_risk=0.000000 | train_blend=0.000000 | val_total=1.291464 | val_mae=1.289527 | val_rmse=3.425307 | val_mape=2.833098 | val_confidence=0.000000 | val_risk=0.000000 | val_blend=0.000000 | batches=382/47 | seconds=195.54 | lr=[0.001] | cuda_peak_mb=1376.3
[2026-09-10 08:46:38] INFO Val horizons | 15min_mae=1.083230 15min_rmse=2.585222 15min_mape=2.190871 | 30min_mae=1.332871 30min_rmse=3.475961 30min_mape=2.917159 | 60min_mae=1.580859 60min_rmse=4.266885 60min_mape=3.706038
[2026-09-10 08:46:38] INFO Checkpoint updated | epoch=1 | stage=posthoc_calibrator | best_val_mae=1.289527 | path=C:\Users\clw\projects\researchRep\STAnchor-BlockMemory\artifacts\cross_dataset_final\pems08_source_router_staeformer_seed42\downstream_best.pt
[2026-09-10 08:47:06] INFO Epoch 002 | stage=posthoc_calibrator | train_total=1.039642 | train_forecast=1.039642 | train_confidence=0.000000 | train_risk=0.000000 | train_blend=0.000000 | val_total=1.290580 | val_mae=1.288640 | val_rmse=3.424891 | val_mape=2.831470 | val_confidence=0.000000 | val_risk=0.000000 | val_blend=0.000000 | batches=382/47 | seconds=27.82 | lr=[0.001] | cuda_peak_mb=1176.5
[2026-09-10 08:47:06] INFO Val horizons | 15min_mae=1.082542 15min_rmse=2.584797 15min_mape=2.189812 | 30min_mae=1.332008 30min_rmse=3.475780 30min_mape=2.915604 | 60min_mae=1.579322 60min_rmse=4.265788 60min_mape=3.702765
[2026-09-10 08:47:06] INFO Checkpoint updated | epoch=2 | stage=posthoc_calibrator | best_val_mae=1.288640 | path=C:\Users\clw\projects\researchRep\STAnchor-BlockMemory\artifacts\cross_dataset_final\pems08_source_router_staeformer_seed42\downstream_best.pt
[2026-09-10 08:47:34] INFO Epoch 003 | stage=posthoc_calibrator | train_total=1.038211 | train_forecast=1.038211 | train_confidence=0.000000 | train_risk=0.000000 | train_blend=0.000000 | val_total=1.289819 | val_mae=1.287849 | val_rmse=3.423799 | val_mape=2.830650 | val_confidence=0.000000 | val_risk=0.000000 | val_blend=0.000000 | batches=382/47 | seconds=27.93 | lr=[0.001] | cuda_peak_mb=1176.9
[2026-09-10 08:47:34] INFO Val horizons | 15min_mae=1.080985 15min_rmse=2.581192 15min_mape=2.186403 | 30min_mae=1.330900 30min_rmse=3.472963 30min_mape=2.913853 | 60min_mae=1.579932 60min_rmse=4.266991 60min_mape=3.704945
[2026-09-10 08:47:34] INFO Checkpoint updated | epoch=3 | stage=posthoc_calibrator | best_val_mae=1.287849 | path=C:\Users\clw\projects\researchRep\STAnchor-BlockMemory\artifacts\cross_dataset_final\pems08_source_router_staeformer_seed42\downstream_best.pt
[2026-09-10 08:48:02] INFO Epoch 004 | stage=posthoc_calibrator | train_total=1.038026 | train_forecast=1.038026 | train_confidence=0.000000 | train_risk=0.000000 | train_blend=0.000000 | val_total=1.288905 | val_mae=1.286921 | val_rmse=3.423588 | val_mape=2.828651 | val_confidence=0.000000 | val_risk=0.000000 | val_blend=0.000000 | batches=382/47 | seconds=27.88 | lr=[0.001] | cuda_peak_mb=1177.5
[2026-09-10 08:48:02] INFO Val horizons | 15min_mae=1.080743 15min_rmse=2.581123 15min_mape=2.185923 | 30min_mae=1.330413 30min_rmse=3.474051 30min_mape=2.912520 | 60min_mae=1.577665 60min_rmse=4.265273 60min_mape=3.700887
[2026-09-10 08:48:02] INFO Checkpoint updated | epoch=4 | stage=posthoc_calibrator | best_val_mae=1.286921 | path=C:\Users\clw\projects\researchRep\STAnchor-BlockMemory\artifacts\cross_dataset_final\pems08_source_router_staeformer_seed42\downstream_best.pt
[2026-09-10 08:48:30] INFO Epoch 005 | stage=posthoc_calibrator | train_total=1.037622 | train_forecast=1.037622 | train_confidence=0.000000 | train_risk=0.000000 | train_blend=0.000000 | val_total=1.289817 | val_mae=1.287827 | val_rmse=3.425194 | val_mape=2.830640 | val_confidence=0.000000 | val_risk=0.000000 | val_blend=0.000000 | batches=382/47 | seconds=27.85 | lr=[0.001] | cuda_peak_mb=1176.9
[2026-09-10 08:48:30] INFO Val horizons | 15min_mae=1.081610 15min_rmse=2.582447 15min_mape=2.187183 | 30min_mae=1.331181 30min_rmse=3.475062 30min_mape=2.913966 | 60min_mae=1.579380 60min_rmse=4.268079 60min_mape=3.705332
[2026-09-10 08:48:57] INFO Epoch 006 | stage=posthoc_calibrator | train_total=1.037344 | train_forecast=1.037344 | train_confidence=0.000000 | train_risk=0.000000 | train_blend=0.000000 | val_total=1.288300 | val_mae=1.286294 | val_rmse=3.423323 | val_mape=2.829075 | val_confidence=0.000000 | val_risk=0.000000 | val_blend=0.000000 | batches=382/47 | seconds=27.89 | lr=[0.001] | cuda_peak_mb=1176.9
[2026-09-10 08:48:57] INFO Val horizons | 15min_mae=1.080022 15min_rmse=2.580487 15min_mape=2.185310 | 30min_mae=1.329323 30min_rmse=3.471847 30min_mape=2.912251 | 60min_mae=1.577993 60min_rmse=4.267749 60min_mape=3.703997
[2026-09-10 08:48:58] INFO Checkpoint updated | epoch=6 | stage=posthoc_calibrator | best_val_mae=1.286294 | path=C:\Users\clw\projects\researchRep\STAnchor-BlockMemory\artifacts\cross_dataset_final\pems08_source_router_staeformer_seed42\downstream_best.pt
[2026-09-10 08:49:25] INFO Epoch 007 | stage=posthoc_calibrator | train_total=1.037288 | train_forecast=1.037288 | train_confidence=0.000000 | train_risk=0.000000 | train_blend=0.000000 | val_total=1.288551 | val_mae=1.286546 | val_rmse=3.424414 | val_mape=2.829404 | val_confidence=0.000000 | val_risk=0.000000 | val_blend=0.000000 | batches=382/47 | seconds=27.82 | lr=[0.001] | cuda_peak_mb=1176.5
[2026-09-10 08:49:25] INFO Val horizons | 15min_mae=1.079631 15min_rmse=2.579546 15min_mape=2.184511 | 30min_mae=1.329409 30min_rmse=3.472779 30min_mape=2.912366 | 60min_mae=1.578826 60min_rmse=4.268415 60min_mape=3.704387
[2026-09-10 08:49:53] INFO Epoch 008 | stage=posthoc_calibrator | train_total=1.036710 | train_forecast=1.036710 | train_confidence=0.000000 | train_risk=0.000000 | train_blend=0.000000 | val_total=1.287759 | val_mae=1.285726 | val_rmse=3.426069 | val_mape=2.830592 | val_confidence=0.000000 | val_risk=0.000000 | val_blend=0.000000 | batches=382/47 | seconds=27.89 | lr=[0.001] | cuda_peak_mb=1176.9
[2026-09-10 08:49:53] INFO Val horizons | 15min_mae=1.079035 15min_rmse=2.578444 15min_mape=2.184151 | 30min_mae=1.328843 30min_rmse=3.472213 30min_mape=2.912525 | 60min_mae=1.578150 60min_rmse=4.279615 60min_mape=3.711884
[2026-09-10 08:49:53] INFO Checkpoint updated | epoch=8 | stage=posthoc_calibrator | best_val_mae=1.285726 | path=C:\Users\clw\projects\researchRep\STAnchor-BlockMemory\artifacts\cross_dataset_final\pems08_source_router_staeformer_seed42\downstream_best.pt
[2026-09-10 08:50:21] INFO Epoch 009 | stage=posthoc_calibrator | train_total=1.036417 | train_forecast=1.036417 | train_confidence=0.000000 | train_risk=0.000000 | train_blend=0.000000 | val_total=1.287809 | val_mae=1.285745 | val_rmse=3.431008 | val_mape=2.837293 | val_confidence=0.000000 | val_risk=0.000000 | val_blend=0.000000 | batches=382/47 | seconds=27.76 | lr=[0.001] | cuda_peak_mb=1176.9
[2026-09-10 08:50:21] INFO Val horizons | 15min_mae=1.078693 15min_rmse=2.577962 15min_mape=2.187085 | 30min_mae=1.328098 30min_rmse=3.472221 30min_mape=2.917643 | 60min_mae=1.581807 60min_rmse=4.298447 60min_mape=3.732016
[2026-09-10 08:50:49] INFO Epoch 010 | stage=posthoc_calibrator | train_total=1.036084 | train_forecast=1.036084 | train_confidence=0.000000 | train_risk=0.000000 | train_blend=0.000000 | val_total=1.286958 | val_mae=1.284920 | val_rmse=3.424217 | val_mape=2.827732 | val_confidence=0.000000 | val_risk=0.000000 | val_blend=0.000000 | batches=382/47 | seconds=27.87 | lr=[0.001] | cuda_peak_mb=1176.5
[2026-09-10 08:50:49] INFO Val horizons | 15min_mae=1.079007 15min_rmse=2.580526 15min_mape=2.184501 | 30min_mae=1.327973 30min_rmse=3.472067 30min_mape=2.910743 | 60min_mae=1.576764 60min_rmse=4.271261 60min_mape=3.703830
[2026-09-10 08:50:49] INFO Checkpoint updated | epoch=10 | stage=posthoc_calibrator | best_val_mae=1.284920 | path=C:\Users\clw\projects\researchRep\STAnchor-BlockMemory\artifacts\cross_dataset_final\pems08_source_router_staeformer_seed42\downstream_best.pt
[2026-09-10 08:51:17] INFO Epoch 011 | stage=posthoc_calibrator | train_total=1.035587 | train_forecast=1.035587 | train_confidence=0.000000 | train_risk=0.000000 | train_blend=0.000000 | val_total=1.287436 | val_mae=1.285416 | val_rmse=3.424487 | val_mape=2.828082 | val_confidence=0.000000 | val_risk=0.000000 | val_blend=0.000000 | batches=382/47 | seconds=27.77 | lr=[0.00095] | cuda_peak_mb=1176.9
[2026-09-10 08:51:17] INFO Val horizons | 15min_mae=1.079127 15min_rmse=2.580877 15min_mape=2.184197 | 30min_mae=1.328276 30min_rmse=3.472908 30min_mape=2.910937 | 60min_mae=1.578204 60min_rmse=4.270137 60min_mape=3.704680
[2026-09-10 08:51:45] INFO Epoch 012 | stage=posthoc_calibrator | train_total=1.035570 | train_forecast=1.035570 | train_confidence=0.000000 | train_risk=0.000000 | train_blend=0.000000 | val_total=1.287704 | val_mae=1.285645 | val_rmse=3.428799 | val_mape=2.831880 | val_confidence=0.000000 | val_risk=0.000000 | val_blend=0.000000 | batches=382/47 | seconds=27.78 | lr=[0.00095] | cuda_peak_mb=1176.9
[2026-09-10 08:51:45] INFO Val horizons | 15min_mae=1.078468 15min_rmse=2.579212 15min_mape=2.184254 | 30min_mae=1.327880 30min_rmse=3.472903 30min_mape=2.912763 | 60min_mae=1.581045 60min_rmse=4.284713 60min_mape=3.717386
[2026-09-10 08:52:12] INFO Epoch 013 | stage=posthoc_calibrator | train_total=1.035011 | train_forecast=1.035011 | train_confidence=0.000000 | train_risk=0.000000 | train_blend=0.000000 | val_total=1.286708 | val_mae=1.284663 | val_rmse=3.429629 | val_mape=2.833194 | val_confidence=0.000000 | val_risk=0.000000 | val_blend=0.000000 | batches=382/47 | seconds=27.81 | lr=[0.00095] | cuda_peak_mb=1176.5
[2026-09-10 08:52:12] INFO Val horizons | 15min_mae=1.078330 15min_rmse=2.580171 15min_mape=2.186265 | 30min_mae=1.326956 30min_rmse=3.473082 30min_mape=2.913227 | 60min_mae=1.578920 60min_rmse=4.290086 60min_mape=3.720897
[2026-09-10 08:52:12] INFO Checkpoint updated | epoch=13 | stage=posthoc_calibrator | best_val_mae=1.284663 | path=C:\Users\clw\projects\researchRep\STAnchor-BlockMemory\artifacts\cross_dataset_final\pems08_source_router_staeformer_seed42\downstream_best.pt
[2026-09-10 08:52:40] INFO Epoch 014 | stage=posthoc_calibrator | train_total=1.034956 | train_forecast=1.034956 | train_confidence=0.000000 | train_risk=0.000000 | train_blend=0.000000 | val_total=1.286745 | val_mae=1.284696 | val_rmse=3.428450 | val_mape=2.830138 | val_confidence=0.000000 | val_risk=0.000000 | val_blend=0.000000 | batches=382/47 | seconds=27.72 | lr=[0.00095] | cuda_peak_mb=1176.9
[2026-09-10 08:52:40] INFO Val horizons | 15min_mae=1.078227 15min_rmse=2.580340 15min_mape=2.184022 | 30min_mae=1.327166 30min_rmse=3.473544 30min_mape=2.911211 | 60min_mae=1.580091 60min_rmse=4.286591 60min_mape=3.717923
[2026-09-10 08:53:08] INFO Epoch 015 | stage=posthoc_calibrator | train_total=1.034900 | train_forecast=1.034900 | train_confidence=0.000000 | train_risk=0.000000 | train_blend=0.000000 | val_total=1.286753 | val_mae=1.284691 | val_rmse=3.426174 | val_mape=2.828986 | val_confidence=0.000000 | val_risk=0.000000 | val_blend=0.000000 | batches=382/47 | seconds=27.79 | lr=[0.00095] | cuda_peak_mb=1176.9
[2026-09-10 08:53:08] INFO Val horizons | 15min_mae=1.078343 15min_rmse=2.580446 15min_mape=2.184679 | 30min_mae=1.327301 30min_rmse=3.472826 30min_mape=2.911489 | 60min_mae=1.578283 60min_rmse=4.277946 60min_mape=3.709125
[2026-09-10 08:53:36] INFO Epoch 016 | stage=posthoc_calibrator | train_total=1.034758 | train_forecast=1.034758 | train_confidence=0.000000 | train_risk=0.000000 | train_blend=0.000000 | val_total=1.286609 | val_mae=1.284556 | val_rmse=3.425811 | val_mape=2.829622 | val_confidence=0.000000 | val_risk=0.000000 | val_blend=0.000000 | batches=382/47 | seconds=27.75 | lr=[0.00095] | cuda_peak_mb=1176.5
[2026-09-10 08:53:36] INFO Val horizons | 15min_mae=1.077849 15min_rmse=2.579141 15min_mape=2.183884 | 30min_mae=1.326983 30min_rmse=3.472140 30min_mape=2.911261 | 60min_mae=1.578703 60min_rmse=4.277805 60min_mape=3.711620
[2026-09-10 08:53:36] INFO Checkpoint updated | epoch=16 | stage=posthoc_calibrator | best_val_mae=1.284556 | path=C:\Users\clw\projects\researchRep\STAnchor-BlockMemory\artifacts\cross_dataset_final\pems08_source_router_staeformer_seed42\downstream_best.pt
[2026-09-10 08:54:03] INFO Epoch 017 | stage=posthoc_calibrator | train_total=1.034701 | train_forecast=1.034701 | train_confidence=0.000000 | train_risk=0.000000 | train_blend=0.000000 | val_total=1.286365 | val_mae=1.284296 | val_rmse=3.429662 | val_mape=2.831915 | val_confidence=0.000000 | val_risk=0.000000 | val_blend=0.000000 | batches=382/47 | seconds=27.73 | lr=[0.00095] | cuda_peak_mb=1176.9
[2026-09-10 08:54:03] INFO Val horizons | 15min_mae=1.078251 15min_rmse=2.581033 15min_mape=2.186070 | 30min_mae=1.326854 30min_rmse=3.474879 30min_mape=2.913905 | 60min_mae=1.577947 60min_rmse=4.286583 60min_mape=3.715002
[2026-09-10 08:54:03] INFO Checkpoint updated | epoch=17 | stage=posthoc_calibrator | best_val_mae=1.284296 | path=C:\Users\clw\projects\researchRep\STAnchor-BlockMemory\artifacts\cross_dataset_final\pems08_source_router_staeformer_seed42\downstream_best.pt
[2026-09-10 08:54:31] INFO Epoch 018 | stage=posthoc_calibrator | train_total=1.034325 | train_forecast=1.034325 | train_confidence=0.000000 | train_risk=0.000000 | train_blend=0.000000 | val_total=1.287550 | val_mae=1.285461 | val_rmse=3.432637 | val_mape=2.835694 | val_confidence=0.000000 | val_risk=0.000000 | val_blend=0.000000 | batches=382/47 | seconds=27.74 | lr=[0.00095] | cuda_peak_mb=1176.9
[2026-09-10 08:54:31] INFO Val horizons | 15min_mae=1.077813 15min_rmse=2.579107 15min_mape=2.184808 | 30min_mae=1.326967 30min_rmse=3.472988 30min_mape=2.913748 | 60min_mae=1.583121 60min_rmse=4.301069 60min_mape=3.732756
[2026-09-10 08:54:59] INFO Epoch 019 | stage=posthoc_calibrator | train_total=1.034399 | train_forecast=1.034399 | train_confidence=0.000000 | train_risk=0.000000 | train_blend=0.000000 | val_total=1.286783 | val_mae=1.284735 | val_rmse=3.429162 | val_mape=2.830862 | val_confidence=0.000000 | val_risk=0.000000 | val_blend=0.000000 | batches=382/47 | seconds=27.81 | lr=[0.00095] | cuda_peak_mb=1176.5
[2026-09-10 08:54:59] INFO Val horizons | 15min_mae=1.078237 15min_rmse=2.580758 15min_mape=2.183741 | 30min_mae=1.327002 30min_rmse=3.473692 30min_mape=2.911162 | 60min_mae=1.579565 60min_rmse=4.288037 60min_mape=3.718663
[2026-09-10 08:55:27] INFO Epoch 020 | stage=posthoc_calibrator | train_total=1.034152 | train_forecast=1.034152 | train_confidence=0.000000 | train_risk=0.000000 | train_blend=0.000000 | val_total=1.286411 | val_mae=1.284365 | val_rmse=3.427643 | val_mape=2.830295 | val_confidence=0.000000 | val_risk=0.000000 | val_blend=0.000000 | batches=382/47 | seconds=27.76 | lr=[0.00095] | cuda_peak_mb=1176.9
[2026-09-10 08:55:27] INFO Val horizons | 15min_mae=1.077698 15min_rmse=2.579739 15min_mape=2.183214 | 30min_mae=1.326705 30min_rmse=3.472538 30min_mape=2.911494 | 60min_mae=1.578844 60min_rmse=4.282706 60min_mape=3.714603
[2026-09-10 08:55:55] INFO Epoch 021 | stage=posthoc_calibrator | train_total=1.034202 | train_forecast=1.034202 | train_confidence=0.000000 | train_risk=0.000000 | train_blend=0.000000 | val_total=1.286414 | val_mae=1.284343 | val_rmse=3.430158 | val_mape=2.831914 | val_confidence=0.000000 | val_risk=0.000000 | val_blend=0.000000 | batches=382/47 | seconds=27.77 | lr=[0.0009025] | cuda_peak_mb=1176.9
[2026-09-10 08:55:55] INFO Val horizons | 15min_mae=1.077805 15min_rmse=2.580375 15min_mape=2.184267 | 30min_mae=1.326693 30min_rmse=3.474421 30min_mape=2.912405 | 60min_mae=1.577889 60min_rmse=4.287225 60min_mape=3.716015
[2026-09-10 08:56:22] INFO Epoch 022 | stage=posthoc_calibrator | train_total=1.034146 | train_forecast=1.034146 | train_confidence=0.000000 | train_risk=0.000000 | train_blend=0.000000 | val_total=1.286223 | val_mae=1.284176 | val_rmse=3.426342 | val_mape=2.827783 | val_confidence=0.000000 | val_risk=0.000000 | val_blend=0.000000 | batches=382/47 | seconds=27.71 | lr=[0.0009025] | cuda_peak_mb=1176.5
[2026-09-10 08:56:22] INFO Val horizons | 15min_mae=1.077917 15min_rmse=2.580766 15min_mape=2.182911 | 30min_mae=1.326797 30min_rmse=3.473596 30min_mape=2.909988 | 60min_mae=1.576477 60min_rmse=4.274455 60min_mape=3.704541
[2026-09-10 08:56:22] INFO Checkpoint updated | epoch=22 | stage=posthoc_calibrator | best_val_mae=1.284176 | path=C:\Users\clw\projects\researchRep\STAnchor-BlockMemory\artifacts\cross_dataset_final\pems08_source_router_staeformer_seed42\downstream_best.pt
[2026-09-10 08:56:50] INFO Epoch 023 | stage=posthoc_calibrator | train_total=1.033673 | train_forecast=1.033673 | train_confidence=0.000000 | train_risk=0.000000 | train_blend=0.000000 | val_total=1.286337 | val_mae=1.284272 | val_rmse=3.428323 | val_mape=2.829808 | val_confidence=0.000000 | val_risk=0.000000 | val_blend=0.000000 | batches=382/47 | seconds=27.66 | lr=[0.0009025] | cuda_peak_mb=1176.9
[2026-09-10 08:56:50] INFO Val horizons | 15min_mae=1.077794 15min_rmse=2.580135 15min_mape=2.183559 | 30min_mae=1.326622 30min_rmse=3.472707 30min_mape=2.909973 | 60min_mae=1.577741 60min_rmse=4.283592 60min_mape=3.711829
[2026-09-10 08:57:18] INFO Epoch 024 | stage=posthoc_calibrator | train_total=1.033727 | train_forecast=1.033727 | train_confidence=0.000000 | train_risk=0.000000 | train_blend=0.000000 | val_total=1.286466 | val_mae=1.284375 | val_rmse=3.430638 | val_mape=2.830248 | val_confidence=0.000000 | val_risk=0.000000 | val_blend=0.000000 | batches=382/47 | seconds=27.75 | lr=[0.0009025] | cuda_peak_mb=1176.9
[2026-09-10 08:57:18] INFO Val horizons | 15min_mae=1.078334 15min_rmse=2.580834 15min_mape=2.185135 | 30min_mae=1.327026 30min_rmse=3.473340 30min_mape=2.910652 | 60min_mae=1.578018 60min_rmse=4.297212 60min_mape=3.718453
[2026-09-10 08:57:46] INFO Epoch 025 | stage=posthoc_calibrator | train_total=1.034091 | train_forecast=1.034091 | train_confidence=0.000000 | train_risk=0.000000 | train_blend=0.000000 | val_total=1.285798 | val_mae=1.283743 | val_rmse=3.425323 | val_mape=2.826127 | val_confidence=0.000000 | val_risk=0.000000 | val_blend=0.000000 | batches=382/47 | seconds=27.77 | lr=[0.0009025] | cuda_peak_mb=1176.5
[2026-09-10 08:57:46] INFO Val horizons | 15min_mae=1.077836 15min_rmse=2.580386 15min_mape=2.182764 | 30min_mae=1.326802 30min_rmse=3.473382 30min_mape=2.909272 | 60min_mae=1.575732 60min_rmse=4.274184 60min_mape=3.702524
[2026-09-10 08:57:46] INFO Checkpoint updated | epoch=25 | stage=posthoc_calibrator | best_val_mae=1.283743 | path=C:\Users\clw\projects\researchRep\STAnchor-BlockMemory\artifacts\cross_dataset_final\pems08_source_router_staeformer_seed42\downstream_best.pt
[2026-09-10 08:58:13] INFO Epoch 026 | stage=posthoc_calibrator | train_total=1.033589 | train_forecast=1.033589 | train_confidence=0.000000 | train_risk=0.000000 | train_blend=0.000000 | val_total=1.286512 | val_mae=1.284459 | val_rmse=3.426696 | val_mape=2.827556 | val_confidence=0.000000 | val_risk=0.000000 | val_blend=0.000000 | batches=382/47 | seconds=27.74 | lr=[0.0009025] | cuda_peak_mb=1176.9
[2026-09-10 08:58:13] INFO Val horizons | 15min_mae=1.077425 15min_rmse=2.579817 15min_mape=2.181239 | 30min_mae=1.326704 30min_rmse=3.472862 30min_mape=2.908940 | 60min_mae=1.579023 60min_rmse=4.278076 60min_mape=3.708792
[2026-09-10 08:58:41] INFO Epoch 027 | stage=posthoc_calibrator | train_total=1.033613 | train_forecast=1.033613 | train_confidence=0.000000 | train_risk=0.000000 | train_blend=0.000000 | val_total=1.286860 | val_mae=1.284806 | val_rmse=3.432464 | val_mape=2.832989 | val_confidence=0.000000 | val_risk=0.000000 | val_blend=0.000000 | batches=382/47 | seconds=27.75 | lr=[0.0009025] | cuda_peak_mb=1176.9
[2026-09-10 08:58:41] INFO Val horizons | 15min_mae=1.077384 15min_rmse=2.578918 15min_mape=2.182954 | 30min_mae=1.326832 30min_rmse=3.474284 30min_mape=2.912353 | 60min_mae=1.579526 60min_rmse=4.293855 60min_mape=3.720017
[2026-09-10 08:59:09] INFO Epoch 028 | stage=posthoc_calibrator | train_total=1.033916 | train_forecast=1.033916 | train_confidence=0.000000 | train_risk=0.000000 | train_blend=0.000000 | val_total=1.286525 | val_mae=1.284424 | val_rmse=3.431054 | val_mape=2.829830 | val_confidence=0.000000 | val_risk=0.000000 | val_blend=0.000000 | batches=382/47 | seconds=27.74 | lr=[0.0009025] | cuda_peak_mb=1176.5
[2026-09-10 08:59:09] INFO Val horizons | 15min_mae=1.077811 15min_rmse=2.580138 15min_mape=2.184350 | 30min_mae=1.326447 30min_rmse=3.474104 30min_mape=2.910675 | 60min_mae=1.578547 60min_rmse=4.291353 60min_mape=3.713010
[2026-09-10 08:59:37] INFO Epoch 029 | stage=posthoc_calibrator | train_total=1.033299 | train_forecast=1.033299 | train_confidence=0.000000 | train_risk=0.000000 | train_blend=0.000000 | val_total=1.287407 | val_mae=1.285342 | val_rmse=3.432408 | val_mape=2.831629 | val_confidence=0.000000 | val_risk=0.000000 | val_blend=0.000000 | batches=382/47 | seconds=27.77 | lr=[0.0009025] | cuda_peak_mb=1176.9
[2026-09-10 08:59:37] INFO Val horizons | 15min_mae=1.076969 15min_rmse=2.578415 15min_mape=2.181568 | 30min_mae=1.326875 30min_rmse=3.474557 30min_mape=2.910476 | 60min_mae=1.583283 60min_rmse=4.297587 60min_mape=3.724606
[2026-09-10 09:00:04] INFO Epoch 030 | stage=posthoc_calibrator | train_total=1.033319 | train_forecast=1.033319 | train_confidence=0.000000 | train_risk=0.000000 | train_blend=0.000000 | val_total=1.287389 | val_mae=1.285319 | val_rmse=3.436770 | val_mape=2.839706 | val_confidence=0.000000 | val_risk=0.000000 | val_blend=0.000000 | batches=382/47 | seconds=27.71 | lr=[0.0009025] | cuda_peak_mb=1176.9
[2026-09-10 09:00:04] INFO Val horizons | 15min_mae=1.077711 15min_rmse=2.579230 15min_mape=2.185884 | 30min_mae=1.327012 30min_rmse=3.475247 30min_mape=2.917100 | 60min_mae=1.582346 60min_rmse=4.312318 60min_mape=3.741858
[2026-09-10 09:00:32] INFO Epoch 031 | stage=posthoc_calibrator | train_total=1.033261 | train_forecast=1.033261 | train_confidence=0.000000 | train_risk=0.000000 | train_blend=0.000000 | val_total=1.285988 | val_mae=1.283922 | val_rmse=3.427207 | val_mape=2.827830 | val_confidence=0.000000 | val_risk=0.000000 | val_blend=0.000000 | batches=382/47 | seconds=27.73 | lr=[0.000857375] | cuda_peak_mb=1176.5
[2026-09-10 09:00:32] INFO Val horizons | 15min_mae=1.077223 15min_rmse=2.579606 15min_mape=2.182847 | 30min_mae=1.326434 30min_rmse=3.473900 30min_mape=2.910702 | 60min_mae=1.577445 60min_rmse=4.279219 60min_mape=3.706224
[2026-09-10 09:01:00] INFO Epoch 032 | stage=posthoc_calibrator | train_total=1.033139 | train_forecast=1.033139 | train_confidence=0.000000 | train_risk=0.000000 | train_blend=0.000000 | val_total=1.286593 | val_mae=1.284525 | val_rmse=3.428135 | val_mape=2.827170 | val_confidence=0.000000 | val_risk=0.000000 | val_blend=0.000000 | batches=382/47 | seconds=27.71 | lr=[0.000857375] | cuda_peak_mb=1176.9
[2026-09-10 09:01:00] INFO Val horizons | 15min_mae=1.077032 15min_rmse=2.576637 15min_mape=2.180402 | 30min_mae=1.326689 30min_rmse=3.471482 30min_mape=2.907629 | 60min_mae=1.579707 60min_rmse=4.288941 60min_mape=3.712818
[2026-09-10 09:01:27] INFO Epoch 033 | stage=posthoc_calibrator | train_total=1.033351 | train_forecast=1.033351 | train_confidence=0.000000 | train_risk=0.000000 | train_blend=0.000000 | val_total=1.286255 | val_mae=1.284175 | val_rmse=3.430172 | val_mape=2.828937 | val_confidence=0.000000 | val_risk=0.000000 | val_blend=0.000000 | batches=382/47 | seconds=27.73 | lr=[0.000857375] | cuda_peak_mb=1176.9
[2026-09-10 09:01:27] INFO Val horizons | 15min_mae=1.077158 15min_rmse=2.578274 15min_mape=2.180959 | 30min_mae=1.326426 30min_rmse=3.473860 30min_mape=2.909881 | 60min_mae=1.578528 60min_rmse=4.288845 60min_mape=3.713304
[2026-09-10 09:01:55] INFO Epoch 034 | stage=posthoc_calibrator | train_total=1.033172 | train_forecast=1.033172 | train_confidence=0.000000 | train_risk=0.000000 | train_blend=0.000000 | val_total=1.289369 | val_mae=1.287300 | val_rmse=3.437181 | val_mape=2.837361 | val_confidence=0.000000 | val_risk=0.000000 | val_blend=0.000000 | batches=382/47 | seconds=27.76 | lr=[0.000857375] | cuda_peak_mb=1176.5
[2026-09-10 09:01:55] INFO Val horizons | 15min_mae=1.077052 15min_rmse=2.577993 15min_mape=2.183788 | 30min_mae=1.328091 30min_rmse=3.476783 30min_mape=2.916094 | 60min_mae=1.587932 60min_rmse=4.307516 60min_mape=3.734759
[2026-09-10 09:02:23] INFO Epoch 035 | stage=posthoc_calibrator | train_total=1.032856 | train_forecast=1.032856 | train_confidence=0.000000 | train_risk=0.000000 | train_blend=0.000000 | val_total=1.285138 | val_mae=1.283076 | val_rmse=3.425686 | val_mape=2.825122 | val_confidence=0.000000 | val_risk=0.000000 | val_blend=0.000000 | batches=382/47 | seconds=27.76 | lr=[0.000857375] | cuda_peak_mb=1176.9
[2026-09-10 09:02:23] INFO Val horizons | 15min_mae=1.076952 15min_rmse=2.578236 15min_mape=2.180116 | 30min_mae=1.325658 30min_rmse=3.472145 30min_mape=2.907588 | 60min_mae=1.575824 60min_rmse=4.277959 60min_mape=3.703314
[2026-09-10 09:02:23] INFO Checkpoint updated | epoch=35 | stage=posthoc_calibrator | best_val_mae=1.283076 | path=C:\Users\clw\projects\researchRep\STAnchor-BlockMemory\artifacts\cross_dataset_final\pems08_source_router_staeformer_seed42\downstream_best.pt
[2026-09-10 09:02:51] INFO Epoch 036 | stage=posthoc_calibrator | train_total=1.032827 | train_forecast=1.032827 | train_confidence=0.000000 | train_risk=0.000000 | train_blend=0.000000 | val_total=1.285250 | val_mae=1.283165 | val_rmse=3.427373 | val_mape=2.825911 | val_confidence=0.000000 | val_risk=0.000000 | val_blend=0.000000 | batches=382/47 | seconds=27.66 | lr=[0.000857375] | cuda_peak_mb=1176.9
[2026-09-10 09:02:51] INFO Val horizons | 15min_mae=1.076628 15min_rmse=2.577418 15min_mape=2.181211 | 30min_mae=1.325181 30min_rmse=3.470584 30min_mape=2.905701 | 60min_mae=1.578108 60min_rmse=4.288692 60min_mape=3.712741
[2026-09-10 09:03:18] INFO Epoch 037 | stage=posthoc_calibrator | train_total=1.032199 | train_forecast=1.032199 | train_confidence=0.000000 | train_risk=0.000000 | train_blend=0.000000 | val_total=1.285662 | val_mae=1.283599 | val_rmse=3.425953 | val_mape=2.824668 | val_confidence=0.000000 | val_risk=0.000000 | val_blend=0.000000 | batches=382/47 | seconds=27.75 | lr=[0.000857375] | cuda_peak_mb=1176.5
[2026-09-10 09:03:18] INFO Val horizons | 15min_mae=1.076936 15min_rmse=2.577842 15min_mape=2.179649 | 30min_mae=1.326156 30min_rmse=3.472123 30min_mape=2.906696 | 60min_mae=1.577265 60min_rmse=4.278816 60min_mape=3.704356
[2026-09-10 09:03:46] INFO Epoch 038 | stage=posthoc_calibrator | train_total=1.032635 | train_forecast=1.032635 | train_confidence=0.000000 | train_risk=0.000000 | train_blend=0.000000 | val_total=1.285940 | val_mae=1.283839 | val_rmse=3.429547 | val_mape=2.827290 | val_confidence=0.000000 | val_risk=0.000000 | val_blend=0.000000 | batches=382/47 | seconds=27.73 | lr=[0.000857375] | cuda_peak_mb=1176.9
[2026-09-10 09:03:46] INFO Val horizons | 15min_mae=1.075986 15min_rmse=2.574734 15min_mape=2.180039 | 30min_mae=1.325171 30min_rmse=3.468584 30min_mape=2.904104 | 60min_mae=1.581124 60min_rmse=4.301644 60min_mape=3.721690
[2026-09-10 09:04:14] INFO Epoch 039 | stage=posthoc_calibrator | train_total=1.032802 | train_forecast=1.032802 | train_confidence=0.000000 | train_risk=0.000000 | train_blend=0.000000 | val_total=1.285244 | val_mae=1.283166 | val_rmse=3.427880 | val_mape=2.825285 | val_confidence=0.000000 | val_risk=0.000000 | val_blend=0.000000 | batches=382/47 | seconds=27.74 | lr=[0.000857375] | cuda_peak_mb=1176.9
[2026-09-10 09:04:14] INFO Val horizons | 15min_mae=1.076763 15min_rmse=2.577765 15min_mape=2.180386 | 30min_mae=1.325404 30min_rmse=3.472363 30min_mape=2.906953 | 60min_mae=1.576983 60min_rmse=4.286265 60min_mape=3.706122
[2026-09-10 09:04:42] INFO Epoch 040 | stage=posthoc_calibrator | train_total=1.032085 | train_forecast=1.032085 | train_confidence=0.000000 | train_risk=0.000000 | train_blend=0.000000 | val_total=1.285583 | val_mae=1.283472 | val_rmse=3.430960 | val_mape=2.828814 | val_confidence=0.000000 | val_risk=0.000000 | val_blend=0.000000 | batches=382/47 | seconds=27.71 | lr=[0.000857375] | cuda_peak_mb=1176.5
[2026-09-10 09:04:42] INFO Val horizons | 15min_mae=1.076352 15min_rmse=2.577463 15min_mape=2.181145 | 30min_mae=1.325464 30min_rmse=3.474057 30min_mape=2.909996 | 60min_mae=1.579690 60min_rmse=4.295784 60min_mape=3.718408
[2026-09-10 09:05:09] INFO Epoch 041 | stage=posthoc_calibrator | train_total=1.032732 | train_forecast=1.032732 | train_confidence=0.000000 | train_risk=0.000000 | train_blend=0.000000 | val_total=1.285739 | val_mae=1.283671 | val_rmse=3.434249 | val_mape=2.834073 | val_confidence=0.000000 | val_risk=0.000000 | val_blend=0.000000 | batches=382/47 | seconds=27.74 | lr=[0.0008145062499999999] | cuda_peak_mb=1176.9
[2026-09-10 09:05:09] INFO Val horizons | 15min_mae=1.076325 15min_rmse=2.578111 15min_mape=2.183796 | 30min_mae=1.325196 30min_rmse=3.473827 30min_mape=2.913054 | 60min_mae=1.580580 60min_rmse=4.307777 60min_mape=3.729431
[2026-09-10 09:05:37] INFO Epoch 042 | stage=posthoc_calibrator | train_total=1.032169 | train_forecast=1.032169 | train_confidence=0.000000 | train_risk=0.000000 | train_blend=0.000000 | val_total=1.285387 | val_mae=1.283282 | val_rmse=3.428626 | val_mape=2.824739 | val_confidence=0.000000 | val_risk=0.000000 | val_blend=0.000000 | batches=382/47 | seconds=27.73 | lr=[0.0008145062499999999] | cuda_peak_mb=1176.9
[2026-09-10 09:05:37] INFO Val horizons | 15min_mae=1.076302 15min_rmse=2.577247 15min_mape=2.180016 | 30min_mae=1.325417 30min_rmse=3.472575 30min_mape=2.906159 | 60min_mae=1.578753 60min_rmse=4.289837 60min_mape=3.709118
[2026-09-10 09:06:05] INFO Epoch 043 | stage=posthoc_calibrator | train_total=1.032555 | train_forecast=1.032555 | train_confidence=0.000000 | train_risk=0.000000 | train_blend=0.000000 | val_total=1.285180 | val_mae=1.283044 | val_rmse=3.431003 | val_mape=2.827846 | val_confidence=0.000000 | val_risk=0.000000 | val_blend=0.000000 | batches=382/47 | seconds=27.74 | lr=[0.0008145062499999999] | cuda_peak_mb=1176.5
[2026-09-10 09:06:05] INFO Val horizons | 15min_mae=1.076439 15min_rmse=2.576878 15min_mape=2.181456 | 30min_mae=1.325133 30min_rmse=3.472380 30min_mape=2.907902 | 60min_mae=1.579050 60min_rmse=4.301433 60min_mape=3.719301
[2026-09-10 09:06:05] INFO Checkpoint updated | epoch=43 | stage=posthoc_calibrator | best_val_mae=1.283044 | path=C:\Users\clw\projects\researchRep\STAnchor-BlockMemory\artifacts\cross_dataset_final\pems08_source_router_staeformer_seed42\downstream_best.pt
[2026-09-10 09:06:33] INFO Epoch 044 | stage=posthoc_calibrator | train_total=1.031800 | train_forecast=1.031800 | train_confidence=0.000000 | train_risk=0.000000 | train_blend=0.000000 | val_total=1.285286 | val_mae=1.283202 | val_rmse=3.430640 | val_mape=2.827972 | val_confidence=0.000000 | val_risk=0.000000 | val_blend=0.000000 | batches=382/47 | seconds=27.73 | lr=[0.0008145062499999999] | cuda_peak_mb=1176.9
[2026-09-10 09:06:33] INFO Val horizons | 15min_mae=1.076256 15min_rmse=2.577325 15min_mape=2.181299 | 30min_mae=1.325380 30min_rmse=3.473134 30min_mape=2.908225 | 60min_mae=1.578511 60min_rmse=4.296954 60min_mape=3.716110
[2026-09-10 09:07:00] INFO Epoch 045 | stage=posthoc_calibrator | train_total=1.031724 | train_forecast=1.031724 | train_confidence=0.000000 | train_risk=0.000000 | train_blend=0.000000 | val_total=1.286137 | val_mae=1.284003 | val_rmse=3.430556 | val_mape=2.828073 | val_confidence=0.000000 | val_risk=0.000000 | val_blend=0.000000 | batches=382/47 | seconds=27.73 | lr=[0.0008145062499999999] | cuda_peak_mb=1176.9
[2026-09-10 09:07:00] INFO Val horizons | 15min_mae=1.076346 15min_rmse=2.576095 15min_mape=2.179371 | 30min_mae=1.325591 30min_rmse=3.471086 30min_mape=2.906966 | 60min_mae=1.582129 60min_rmse=4.301617 60min_mape=3.722765
[2026-09-10 09:07:28] INFO Epoch 046 | stage=posthoc_calibrator | train_total=1.031701 | train_forecast=1.031701 | train_confidence=0.000000 | train_risk=0.000000 | train_blend=0.000000 | val_total=1.305862 | val_mae=1.303172 | val_rmse=3.527449 | val_mape=2.971029 | val_confidence=0.000000 | val_risk=0.000000 | val_blend=0.000000 | batches=382/47 | seconds=27.74 | lr=[0.0008145062499999999] | cuda_peak_mb=1176.5
[2026-09-10 09:07:28] INFO Val horizons | 15min_mae=1.077632 15min_rmse=2.571664 15min_mape=2.202940 | 30min_mae=1.338952 30min_rmse=3.501767 30min_mape=3.021469 | 60min_mae=1.626822 60min_rmse=4.553690 60min_mape=4.026042
[2026-09-10 09:07:56] INFO Epoch 047 | stage=posthoc_calibrator | train_total=1.032151 | train_forecast=1.032151 | train_confidence=0.000000 | train_risk=0.000000 | train_blend=0.000000 | val_total=1.285592 | val_mae=1.283512 | val_rmse=3.429600 | val_mape=2.827057 | val_confidence=0.000000 | val_risk=0.000000 | val_blend=0.000000 | batches=382/47 | seconds=27.72 | lr=[0.0008145062499999999] | cuda_peak_mb=1176.9
[2026-09-10 09:07:56] INFO Val horizons | 15min_mae=1.076595 15min_rmse=2.578656 15min_mape=2.180517 | 30min_mae=1.325521 30min_rmse=3.473895 30min_mape=2.908258 | 60min_mae=1.577936 60min_rmse=4.287895 60min_mape=3.708949
[2026-09-10 09:08:24] INFO Epoch 048 | stage=posthoc_calibrator | train_total=1.031925 | train_forecast=1.031925 | train_confidence=0.000000 | train_risk=0.000000 | train_blend=0.000000 | val_total=1.287061 | val_mae=1.284974 | val_rmse=3.438730 | val_mape=2.835638 | val_confidence=0.000000 | val_risk=0.000000 | val_blend=0.000000 | batches=382/47 | seconds=27.73 | lr=[0.0008145062499999999] | cuda_peak_mb=1176.9
[2026-09-10 09:08:24] INFO Val horizons | 15min_mae=1.076296 15min_rmse=2.578454 15min_mape=2.183054 | 30min_mae=1.325753 30min_rmse=3.476083 30min_mape=2.912637 | 60min_mae=1.582806 60min_rmse=4.312207 60min_mape=3.729971
[2026-09-10 09:08:51] INFO Epoch 049 | stage=posthoc_calibrator | train_total=1.031631 | train_forecast=1.031631 | train_confidence=0.000000 | train_risk=0.000000 | train_blend=0.000000 | val_total=1.285774 | val_mae=1.283723 | val_rmse=3.430388 | val_mape=2.827186 | val_confidence=0.000000 | val_risk=0.000000 | val_blend=0.000000 | batches=382/47 | seconds=27.74 | lr=[0.0008145062499999999] | cuda_peak_mb=1176.5
[2026-09-10 09:08:51] INFO Val horizons | 15min_mae=1.076746 15min_rmse=2.579311 15min_mape=2.180227 | 30min_mae=1.325691 30min_rmse=3.475210 30min_mape=2.908430 | 60min_mae=1.578044 60min_rmse=4.287230 60min_mape=3.708939
[2026-09-10 09:09:19] INFO Epoch 050 | stage=posthoc_calibrator | train_total=1.032017 | train_forecast=1.032017 | train_confidence=0.000000 | train_risk=0.000000 | train_blend=0.000000 | val_total=1.287052 | val_mae=1.284999 | val_rmse=3.438559 | val_mape=2.844919 | val_confidence=0.000000 | val_risk=0.000000 | val_blend=0.000000 | batches=382/47 | seconds=27.76 | lr=[0.0008145062499999999] | cuda_peak_mb=1176.9
[2026-09-10 09:09:19] INFO Val horizons | 15min_mae=1.076469 15min_rmse=2.577239 15min_mape=2.181084 | 30min_mae=1.325882 30min_rmse=3.473294 30min_mape=2.916473 | 60min_mae=1.582647 60min_rmse=4.319659 60min_mape=3.755408
[2026-09-10 09:09:19] INFO Downstream training finished | best_val_mae=1.283044 | checkpoint=C:\Users\clw\projects\researchRep\STAnchor-BlockMemory\artifacts\cross_dataset_final\pems08_source_router_staeformer_seed42\downstream_best.pt
