[2026-08-28 12:15:16] INFO Downstream start | run=convergence/formal_20260828_staeformer_base_only_v2 | device=cuda:0 (requested=cuda:0) | seed=42 | output=C:\Users\clw\projects\researchRep\STAnchor-BlockMemory\artifacts\convergence\formal_20260828_staeformer_base_only_v2
[2026-08-28 12:15:16] INFO Mode | downstream_mode=base_only | training_protocol=staged_joint | candidate_protocol=exact_calendar
[2026-08-28 12:15:16] INFO STAEformer temporal covariates | mode=calendar | source=dataset slot/weekday
[2026-08-28 12:15:16] INFO Downstream initialization | seed=42 | state_hash=1654f9572ea4a6ce
[2026-08-28 12:15:16] INFO Data | steps=34272 | nodes=207 | channels=1 | training_scope=full_train | memory/post_memory/train_selected/val/test=15876/6805/22681/2993/6025
[2026-08-28 12:15:16] INFO Bank/retrieval | disabled (base_only)
[2026-08-28 12:15:16] INFO Parameters | downstream_total=1,259,201 | downstream_trainable=1,258,932 | backbone=1,258,932 | confidence_head=0 | fusion=0 | frozen_pretrained=0
[2026-08-28 12:15:16] INFO Optimization | epochs=50 | batch_size=32 | optimizer=adam | lr=0.001 | weight_decay=0.0001 | scheduler=step_lr | step_size=10 | gamma=0.950 | confidence_weight=0.000 | patience=10 | early_stopping=disabled
[2026-08-28 12:15:18] INFO Stage start | stage=standard | epochs=50 | optimizer_lrs=[0.001]
[2026-08-28 12:18:39] INFO Epoch 001 | stage=standard | train_total=0.396240 | train_forecast=0.396240 | train_confidence=0.000000 | train_risk=0.000000 | train_blend=0.000000 | val_total=0.353048 | val_mae=3.246239 | val_rmse=6.671512 | val_mape=9.242215 | val_confidence=0.000000 | val_risk=0.000000 | val_blend=0.000000 | batches=709/94 | seconds=201.01 | lr=[0.001] | cuda_peak_mb=4361.7
[2026-08-28 12:18:39] INFO Val horizons | 15min_mae=2.768608 15min_rmse=5.471484 15min_mape=7.587662 | 30min_mae=3.229343 30min_rmse=6.643033 30min_mape=9.102344 | 60min_mae=4.013764 60min_rmse=8.148747 60min_mape=11.910253
[2026-08-28 12:18:39] INFO Checkpoint updated | epoch=1 | stage=standard | best_val_mae=3.246239 | path=C:\Users\clw\projects\researchRep\STAnchor-BlockMemory\artifacts\convergence\formal_20260828_staeformer_base_only_v2\downstream_best.pt
[2026-08-28 12:22:01] INFO Epoch 002 | stage=standard | train_total=0.363211 | train_forecast=0.363211 | train_confidence=0.000000 | train_risk=0.000000 | train_blend=0.000000 | val_total=0.345025 | val_mae=3.153675 | val_rmse=6.470378 | val_mape=9.148208 | val_confidence=0.000000 | val_risk=0.000000 | val_blend=0.000000 | batches=709/94 | seconds=202.40 | lr=[0.001] | cuda_peak_mb=4361.7
[2026-08-28 12:22:01] INFO Val horizons | 15min_mae=2.776589 15min_rmse=5.401315 15min_mape=7.364476 | 30min_mae=3.213193 30min_rmse=6.504701 30min_mape=9.254341 | 60min_mae=3.674178 60min_rmse=7.717470 60min_mape=11.471450
[2026-08-28 12:22:01] INFO Checkpoint updated | epoch=2 | stage=standard | best_val_mae=3.153675 | path=C:\Users\clw\projects\researchRep\STAnchor-BlockMemory\artifacts\convergence\formal_20260828_staeformer_base_only_v2\downstream_best.pt
[2026-08-28 12:25:24] INFO Epoch 003 | stage=standard | train_total=0.355053 | train_forecast=0.355053 | train_confidence=0.000000 | train_risk=0.000000 | train_blend=0.000000 | val_total=0.338201 | val_mae=3.091598 | val_rmse=6.325278 | val_mape=9.197337 | val_confidence=0.000000 | val_risk=0.000000 | val_blend=0.000000 | batches=709/94 | seconds=202.41 | lr=[0.001] | cuda_peak_mb=4361.7
[2026-08-28 12:25:24] INFO Val horizons | 15min_mae=2.667101 15min_rmse=5.302924 15min_mape=7.375073 | 30min_mae=3.110175 30min_rmse=6.348742 30min_mape=9.240666 | 60min_mae=3.696481 60min_rmse=7.541071 60min_mape=11.762136
[2026-08-28 12:25:24] INFO Checkpoint updated | epoch=3 | stage=standard | best_val_mae=3.091598 | path=C:\Users\clw\projects\researchRep\STAnchor-BlockMemory\artifacts\convergence\formal_20260828_staeformer_base_only_v2\downstream_best.pt
[2026-08-28 12:28:46] INFO Epoch 004 | stage=standard | train_total=0.349680 | train_forecast=0.349680 | train_confidence=0.000000 | train_risk=0.000000 | train_blend=0.000000 | val_total=0.332834 | val_mae=3.027543 | val_rmse=6.342299 | val_mape=8.758560 | val_confidence=0.000000 | val_risk=0.000000 | val_blend=0.000000 | batches=709/94 | seconds=202.45 | lr=[0.001] | cuda_peak_mb=4361.7
[2026-08-28 12:28:46] INFO Val horizons | 15min_mae=2.667886 15min_rmse=5.342794 15min_mape=7.195056 | 30min_mae=3.041276 30min_rmse=6.359073 30min_mape=8.787609 | 60min_mae=3.548328 60min_rmse=7.527716 60min_mape=11.023675
[2026-08-28 12:28:46] INFO Checkpoint updated | epoch=4 | stage=standard | best_val_mae=3.027543 | path=C:\Users\clw\projects\researchRep\STAnchor-BlockMemory\artifacts\convergence\formal_20260828_staeformer_base_only_v2\downstream_best.pt
[2026-08-28 12:32:07] INFO Epoch 005 | stage=standard | train_total=0.341438 | train_forecast=0.341438 | train_confidence=0.000000 | train_risk=0.000000 | train_blend=0.000000 | val_total=0.327366 | val_mae=2.956943 | val_rmse=6.017150 | val_mape=8.389270 | val_confidence=0.000000 | val_risk=0.000000 | val_blend=0.000000 | batches=709/94 | seconds=201.25 | lr=[0.001] | cuda_peak_mb=4361.7
[2026-08-28 12:32:07] INFO Val horizons | 15min_mae=2.639555 15min_rmse=5.166502 15min_mape=7.110048 | 30min_mae=3.015009 30min_rmse=6.090555 30min_mape=8.463679 | 60min_mae=3.381731 60min_rmse=7.029612 60min_mape=10.259679
[2026-08-28 12:32:07] INFO Checkpoint updated | epoch=5 | stage=standard | best_val_mae=2.956943 | path=C:\Users\clw\projects\researchRep\STAnchor-BlockMemory\artifacts\convergence\formal_20260828_staeformer_base_only_v2\downstream_best.pt
[2026-08-28 12:35:29] INFO Epoch 006 | stage=standard | train_total=0.336650 | train_forecast=0.336650 | train_confidence=0.000000 | train_risk=0.000000 | train_blend=0.000000 | val_total=0.323355 | val_mae=2.919728 | val_rmse=6.081639 | val_mape=8.449888 | val_confidence=0.000000 | val_risk=0.000000 | val_blend=0.000000 | batches=709/94 | seconds=201.07 | lr=[0.001] | cuda_peak_mb=4361.7
[2026-08-28 12:35:29] INFO Val horizons | 15min_mae=2.606350 15min_rmse=5.222191 15min_mape=7.012032 | 30min_mae=2.948697 30min_rmse=6.136423 30min_mape=8.620351 | 60min_mae=3.381096 60min_rmse=7.134976 60min_mape=10.314526
[2026-08-28 12:35:29] INFO Checkpoint updated | epoch=6 | stage=standard | best_val_mae=2.919728 | path=C:\Users\clw\projects\researchRep\STAnchor-BlockMemory\artifacts\convergence\formal_20260828_staeformer_base_only_v2\downstream_best.pt
[2026-08-28 12:38:50] INFO Epoch 007 | stage=standard | train_total=0.333271 | train_forecast=0.333271 | train_confidence=0.000000 | train_risk=0.000000 | train_blend=0.000000 | val_total=0.320898 | val_mae=2.895914 | val_rmse=5.996041 | val_mape=8.519405 | val_confidence=0.000000 | val_risk=0.000000 | val_blend=0.000000 | batches=709/94 | seconds=200.99 | lr=[0.001] | cuda_peak_mb=4361.7
[2026-08-28 12:38:50] INFO Val horizons | 15min_mae=2.611715 15min_rmse=5.152595 15min_mape=7.318202 | 30min_mae=2.937221 30min_rmse=6.088037 30min_mape=8.663811 | 60min_mae=3.304330 60min_rmse=6.963042 60min_mape=10.133649
[2026-08-28 12:38:50] INFO Checkpoint updated | epoch=7 | stage=standard | best_val_mae=2.895914 | path=C:\Users\clw\projects\researchRep\STAnchor-BlockMemory\artifacts\convergence\formal_20260828_staeformer_base_only_v2\downstream_best.pt
[2026-08-28 12:42:11] INFO Epoch 008 | stage=standard | train_total=0.330938 | train_forecast=0.330938 | train_confidence=0.000000 | train_risk=0.000000 | train_blend=0.000000 | val_total=0.318528 | val_mae=2.870530 | val_rmse=5.937224 | val_mape=8.110023 | val_confidence=0.000000 | val_risk=0.000000 | val_blend=0.000000 | batches=709/94 | seconds=200.95 | lr=[0.001] | cuda_peak_mb=4361.7
[2026-08-28 12:42:11] INFO Val horizons | 15min_mae=2.581869 15min_rmse=5.113382 15min_mape=6.823828 | 30min_mae=2.910463 30min_rmse=5.997419 30min_mape=8.277340 | 60min_mae=3.290055 60min_rmse=6.920783 60min_mape=9.827902
[2026-08-28 12:42:11] INFO Checkpoint updated | epoch=8 | stage=standard | best_val_mae=2.870530 | path=C:\Users\clw\projects\researchRep\STAnchor-BlockMemory\artifacts\convergence\formal_20260828_staeformer_base_only_v2\downstream_best.pt
[2026-08-28 12:45:33] INFO Epoch 009 | stage=standard | train_total=0.328686 | train_forecast=0.328686 | train_confidence=0.000000 | train_risk=0.000000 | train_blend=0.000000 | val_total=0.317116 | val_mae=2.854840 | val_rmse=5.894960 | val_mape=8.120961 | val_confidence=0.000000 | val_risk=0.000000 | val_blend=0.000000 | batches=709/94 | seconds=201.99 | lr=[0.001] | cuda_peak_mb=4361.7
[2026-08-28 12:45:33] INFO Val horizons | 15min_mae=2.575662 15min_rmse=5.116942 15min_mape=6.939080 | 30min_mae=2.886815 30min_rmse=5.992502 30min_mape=8.249661 | 60min_mae=3.275553 60min_rmse=6.837269 60min_mape=9.903971
[2026-08-28 12:45:33] INFO Checkpoint updated | epoch=9 | stage=standard | best_val_mae=2.854840 | path=C:\Users\clw\projects\researchRep\STAnchor-BlockMemory\artifacts\convergence\formal_20260828_staeformer_base_only_v2\downstream_best.pt
[2026-08-28 12:48:53] INFO Epoch 010 | stage=standard | train_total=0.327145 | train_forecast=0.327145 | train_confidence=0.000000 | train_risk=0.000000 | train_blend=0.000000 | val_total=0.318757 | val_mae=2.876479 | val_rmse=5.919389 | val_mape=8.133229 | val_confidence=0.000000 | val_risk=0.000000 | val_blend=0.000000 | batches=709/94 | seconds=200.72 | lr=[0.001] | cuda_peak_mb=4361.7
[2026-08-28 12:48:53] INFO Val horizons | 15min_mae=2.602194 15min_rmse=5.115732 15min_mape=6.838405 | 30min_mae=2.915738 30min_rmse=5.991226 30min_mape=8.300237 | 60min_mae=3.277948 60min_rmse=6.909524 60min_mape=9.820348
[2026-08-28 12:52:14] INFO Epoch 011 | stage=standard | train_total=0.324845 | train_forecast=0.324845 | train_confidence=0.000000 | train_risk=0.000000 | train_blend=0.000000 | val_total=0.315730 | val_mae=2.838630 | val_rmse=5.878712 | val_mape=8.231778 | val_confidence=0.000000 | val_risk=0.000000 | val_blend=0.000000 | batches=709/94 | seconds=200.59 | lr=[0.00095] | cuda_peak_mb=4361.7
[2026-08-28 12:52:14] INFO Val horizons | 15min_mae=2.561207 15min_rmse=5.054093 15min_mape=7.001803 | 30min_mae=2.872811 30min_rmse=5.939455 30min_mape=8.398342 | 60min_mae=3.249450 60min_rmse=6.877696 60min_mape=10.004286
[2026-08-28 12:52:14] INFO Checkpoint updated | epoch=11 | stage=standard | best_val_mae=2.838630 | path=C:\Users\clw\projects\researchRep\STAnchor-BlockMemory\artifacts\convergence\formal_20260828_staeformer_base_only_v2\downstream_best.pt
[2026-08-28 12:55:34] INFO Epoch 012 | stage=standard | train_total=0.322860 | train_forecast=0.322860 | train_confidence=0.000000 | train_risk=0.000000 | train_blend=0.000000 | val_total=0.313801 | val_mae=2.816401 | val_rmse=5.802409 | val_mape=8.051173 | val_confidence=0.000000 | val_risk=0.000000 | val_blend=0.000000 | batches=709/94 | seconds=200.36 | lr=[0.00095] | cuda_peak_mb=4361.7
[2026-08-28 12:55:34] INFO Val horizons | 15min_mae=2.556124 15min_rmse=4.999528 15min_mape=6.834668 | 30min_mae=2.851932 30min_rmse=5.878838 30min_mape=8.203123 | 60min_mae=3.208991 60min_rmse=6.768355 60min_mape=9.745969
[2026-08-28 12:55:34] INFO Checkpoint updated | epoch=12 | stage=standard | best_val_mae=2.816401 | path=C:\Users\clw\projects\researchRep\STAnchor-BlockMemory\artifacts\convergence\formal_20260828_staeformer_base_only_v2\downstream_best.pt
[2026-08-28 12:58:55] INFO Epoch 013 | stage=standard | train_total=0.321372 | train_forecast=0.321372 | train_confidence=0.000000 | train_risk=0.000000 | train_blend=0.000000 | val_total=0.313854 | val_mae=2.818375 | val_rmse=5.802368 | val_mape=7.767475 | val_confidence=0.000000 | val_risk=0.000000 | val_blend=0.000000 | batches=709/94 | seconds=200.47 | lr=[0.00095] | cuda_peak_mb=4361.7
[2026-08-28 12:58:55] INFO Val horizons | 15min_mae=2.547285 15min_rmse=4.999660 15min_mape=6.634428 | 30min_mae=2.853800 30min_rmse=5.859997 30min_mape=7.897534 | 60min_mae=3.212921 60min_rmse=6.785953 60min_mape=9.363330
[2026-08-28 13:02:15] INFO Epoch 014 | stage=standard | train_total=0.320136 | train_forecast=0.320136 | train_confidence=0.000000 | train_risk=0.000000 | train_blend=0.000000 | val_total=0.310880 | val_mae=2.783281 | val_rmse=5.783802 | val_mape=7.861412 | val_confidence=0.000000 | val_risk=0.000000 | val_blend=0.000000 | batches=709/94 | seconds=200.36 | lr=[0.00095] | cuda_peak_mb=4361.7
[2026-08-28 13:02:15] INFO Val horizons | 15min_mae=2.519350 15min_rmse=4.983332 15min_mape=6.673495 | 30min_mae=2.815513 30min_rmse=5.850099 30min_mape=7.963776 | 60min_mae=3.175578 60min_rmse=6.776720 60min_mape=9.464043
[2026-08-28 13:02:15] INFO Checkpoint updated | epoch=14 | stage=standard | best_val_mae=2.783281 | path=C:\Users\clw\projects\researchRep\STAnchor-BlockMemory\artifacts\convergence\formal_20260828_staeformer_base_only_v2\downstream_best.pt
[2026-08-28 13:05:36] INFO Epoch 015 | stage=standard | train_total=0.318869 | train_forecast=0.318869 | train_confidence=0.000000 | train_risk=0.000000 | train_blend=0.000000 | val_total=0.310901 | val_mae=2.784588 | val_rmse=5.771655 | val_mape=7.795761 | val_confidence=0.000000 | val_risk=0.000000 | val_blend=0.000000 | batches=709/94 | seconds=200.37 | lr=[0.00095] | cuda_peak_mb=4361.7
[2026-08-28 13:05:36] INFO Val horizons | 15min_mae=2.520755 15min_rmse=4.973699 15min_mape=6.663856 | 30min_mae=2.808382 30min_rmse=5.822595 30min_mape=7.925753 | 60min_mae=3.179485 60min_rmse=6.750444 60min_mape=9.363781
[2026-08-28 13:08:56] INFO Epoch 016 | stage=standard | train_total=0.317877 | train_forecast=0.317877 | train_confidence=0.000000 | train_risk=0.000000 | train_blend=0.000000 | val_total=0.309926 | val_mae=2.774589 | val_rmse=5.714968 | val_mape=7.772148 | val_confidence=0.000000 | val_risk=0.000000 | val_blend=0.000000 | batches=709/94 | seconds=200.25 | lr=[0.00095] | cuda_peak_mb=4361.7
[2026-08-28 13:08:56] INFO Val horizons | 15min_mae=2.518247 15min_rmse=4.961776 15min_mape=6.619430 | 30min_mae=2.802232 30min_rmse=5.756304 30min_mape=7.908506 | 60min_mae=3.159365 60min_rmse=6.669863 60min_mape=9.387149
[2026-08-28 13:08:56] INFO Checkpoint updated | epoch=16 | stage=standard | best_val_mae=2.774589 | path=C:\Users\clw\projects\researchRep\STAnchor-BlockMemory\artifacts\convergence\formal_20260828_staeformer_base_only_v2\downstream_best.pt
[2026-08-28 13:12:16] INFO Epoch 017 | stage=standard | train_total=0.317128 | train_forecast=0.317128 | train_confidence=0.000000 | train_risk=0.000000 | train_blend=0.000000 | val_total=0.310501 | val_mae=2.784777 | val_rmse=5.761865 | val_mape=7.694394 | val_confidence=0.000000 | val_risk=0.000000 | val_blend=0.000000 | batches=709/94 | seconds=200.26 | lr=[0.00095] | cuda_peak_mb=4361.7
[2026-08-28 13:12:16] INFO Val horizons | 15min_mae=2.514536 15min_rmse=4.963385 15min_mape=6.566786 | 30min_mae=2.810317 30min_rmse=5.827404 30min_mape=7.822355 | 60min_mae=3.186885 60min_rmse=6.732831 60min_mape=9.210214
[2026-08-28 13:15:36] INFO Epoch 018 | stage=standard | train_total=0.316384 | train_forecast=0.316384 | train_confidence=0.000000 | train_risk=0.000000 | train_blend=0.000000 | val_total=0.309751 | val_mae=2.772440 | val_rmse=5.733534 | val_mape=7.722293 | val_confidence=0.000000 | val_risk=0.000000 | val_blend=0.000000 | batches=709/94 | seconds=200.33 | lr=[0.00095] | cuda_peak_mb=4361.7
[2026-08-28 13:15:36] INFO Val horizons | 15min_mae=2.500757 15min_rmse=4.934624 15min_mape=6.566771 | 30min_mae=2.787639 30min_rmse=5.771227 30min_mape=7.816477 | 60min_mae=3.176841 60min_rmse=6.731253 60min_mape=9.237830
[2026-08-28 13:15:37] INFO Checkpoint updated | epoch=18 | stage=standard | best_val_mae=2.772440 | path=C:\Users\clw\projects\researchRep\STAnchor-BlockMemory\artifacts\convergence\formal_20260828_staeformer_base_only_v2\downstream_best.pt
[2026-08-28 13:18:57] INFO Epoch 019 | stage=standard | train_total=0.315924 | train_forecast=0.315924 | train_confidence=0.000000 | train_risk=0.000000 | train_blend=0.000000 | val_total=0.311449 | val_mae=2.791927 | val_rmse=5.712803 | val_mape=7.834377 | val_confidence=0.000000 | val_risk=0.000000 | val_blend=0.000000 | batches=709/94 | seconds=200.13 | lr=[0.00095] | cuda_peak_mb=4361.7
[2026-08-28 13:18:57] INFO Val horizons | 15min_mae=2.546517 15min_rmse=4.921664 15min_mape=6.869101 | 30min_mae=2.826554 30min_rmse=5.761347 30min_mape=8.029982 | 60min_mae=3.165916 60min_rmse=6.689294 60min_mape=9.221629
[2026-08-28 13:22:17] INFO Epoch 020 | stage=standard | train_total=0.314829 | train_forecast=0.314829 | train_confidence=0.000000 | train_risk=0.000000 | train_blend=0.000000 | val_total=0.309156 | val_mae=2.764295 | val_rmse=5.735583 | val_mape=7.742151 | val_confidence=0.000000 | val_risk=0.000000 | val_blend=0.000000 | batches=709/94 | seconds=200.21 | lr=[0.00095] | cuda_peak_mb=4361.7
[2026-08-28 13:22:17] INFO Val horizons | 15min_mae=2.501632 15min_rmse=4.929689 15min_mape=6.557395 | 30min_mae=2.786179 30min_rmse=5.789373 30min_mape=7.823596 | 60min_mae=3.159311 60min_rmse=6.699765 60min_mape=9.400203
[2026-08-28 13:22:17] INFO Checkpoint updated | epoch=20 | stage=standard | best_val_mae=2.764295 | path=C:\Users\clw\projects\researchRep\STAnchor-BlockMemory\artifacts\convergence\formal_20260828_staeformer_base_only_v2\downstream_best.pt
[2026-08-28 13:25:37] INFO Epoch 021 | stage=standard | train_total=0.314182 | train_forecast=0.314182 | train_confidence=0.000000 | train_risk=0.000000 | train_blend=0.000000 | val_total=0.308960 | val_mae=2.767643 | val_rmse=5.716221 | val_mape=7.608480 | val_confidence=0.000000 | val_risk=0.000000 | val_blend=0.000000 | batches=709/94 | seconds=200.15 | lr=[0.0009025] | cuda_peak_mb=4361.7
[2026-08-28 13:25:37] INFO Val horizons | 15min_mae=2.522183 15min_rmse=4.941121 15min_mape=6.475081 | 30min_mae=2.788237 30min_rmse=5.767690 30min_mape=7.721184 | 60min_mae=3.149942 60min_rmse=6.667662 60min_mape=9.155834
[2026-08-28 13:28:57] INFO Epoch 022 | stage=standard | train_total=0.314025 | train_forecast=0.314025 | train_confidence=0.000000 | train_risk=0.000000 | train_blend=0.000000 | val_total=0.310498 | val_mae=2.783076 | val_rmse=5.727999 | val_mape=7.435288 | val_confidence=0.000000 | val_risk=0.000000 | val_blend=0.000000 | batches=709/94 | seconds=200.09 | lr=[0.0009025] | cuda_peak_mb=4361.7
[2026-08-28 13:28:57] INFO Val horizons | 15min_mae=2.500654 15min_rmse=4.913323 15min_mape=6.377326 | 30min_mae=2.801761 30min_rmse=5.792750 30min_mape=7.519198 | 60min_mae=3.208147 60min_rmse=6.726814 60min_mape=9.013062
[2026-08-28 13:32:17] INFO Epoch 023 | stage=standard | train_total=0.313488 | train_forecast=0.313488 | train_confidence=0.000000 | train_risk=0.000000 | train_blend=0.000000 | val_total=0.307396 | val_mae=2.744799 | val_rmse=5.684008 | val_mape=7.729216 | val_confidence=0.000000 | val_risk=0.000000 | val_blend=0.000000 | batches=709/94 | seconds=200.07 | lr=[0.0009025] | cuda_peak_mb=4361.7
[2026-08-28 13:32:17] INFO Val horizons | 15min_mae=2.495585 15min_rmse=4.900064 15min_mape=6.675725 | 30min_mae=2.767905 30min_rmse=5.721177 30min_mape=7.825158 | 60min_mae=3.126203 60min_rmse=6.651844 60min_mape=9.286026
[2026-08-28 13:32:17] INFO Checkpoint updated | epoch=23 | stage=standard | best_val_mae=2.744799 | path=C:\Users\clw\projects\researchRep\STAnchor-BlockMemory\artifacts\convergence\formal_20260828_staeformer_base_only_v2\downstream_best.pt
[2026-08-28 13:35:37] INFO Epoch 024 | stage=standard | train_total=0.312977 | train_forecast=0.312977 | train_confidence=0.000000 | train_risk=0.000000 | train_blend=0.000000 | val_total=0.309607 | val_mae=2.769894 | val_rmse=5.733503 | val_mape=7.813540 | val_confidence=0.000000 | val_risk=0.000000 | val_blend=0.000000 | batches=709/94 | seconds=200.06 | lr=[0.0009025] | cuda_peak_mb=4361.7
[2026-08-28 13:35:37] INFO Val horizons | 15min_mae=2.496727 15min_rmse=4.894653 15min_mape=6.564065 | 30min_mae=2.785877 30min_rmse=5.761704 30min_mape=7.929684 | 60min_mae=3.170284 60min_rmse=6.737292 60min_mape=9.515118
[2026-08-28 13:38:57] INFO Epoch 025 | stage=standard | train_total=0.312410 | train_forecast=0.312410 | train_confidence=0.000000 | train_risk=0.000000 | train_blend=0.000000 | val_total=0.308541 | val_mae=2.758438 | val_rmse=5.685464 | val_mape=7.607652 | val_confidence=0.000000 | val_risk=0.000000 | val_blend=0.000000 | batches=709/94 | seconds=200.02 | lr=[0.0009025] | cuda_peak_mb=4361.7
[2026-08-28 13:38:57] INFO Val horizons | 15min_mae=2.491979 15min_rmse=4.868563 15min_mape=6.560114 | 30min_mae=2.781313 30min_rmse=5.730818 30min_mape=7.746040 | 60min_mae=3.159505 60min_rmse=6.677436 60min_mape=9.173018
[2026-08-28 13:42:17] INFO Epoch 026 | stage=standard | train_total=0.312366 | train_forecast=0.312366 | train_confidence=0.000000 | train_risk=0.000000 | train_blend=0.000000 | val_total=0.307557 | val_mae=2.747871 | val_rmse=5.659364 | val_mape=7.577161 | val_confidence=0.000000 | val_risk=0.000000 | val_blend=0.000000 | batches=709/94 | seconds=199.97 | lr=[0.0009025] | cuda_peak_mb=4361.7
[2026-08-28 13:42:17] INFO Val horizons | 15min_mae=2.480679 15min_rmse=4.848226 15min_mape=6.538228 | 30min_mae=2.766518 30min_rmse=5.701239 30min_mape=7.692047 | 60min_mae=3.149938 60min_rmse=6.655518 60min_mape=9.108822
[2026-08-28 13:45:37] INFO Epoch 027 | stage=standard | train_total=0.311943 | train_forecast=0.311943 | train_confidence=0.000000 | train_risk=0.000000 | train_blend=0.000000 | val_total=0.309286 | val_mae=2.767524 | val_rmse=5.703820 | val_mape=7.684842 | val_confidence=0.000000 | val_risk=0.000000 | val_blend=0.000000 | batches=709/94 | seconds=199.98 | lr=[0.0009025] | cuda_peak_mb=4361.7
[2026-08-28 13:45:37] INFO Val horizons | 15min_mae=2.498372 15min_rmse=4.881463 15min_mape=6.625566 | 30min_mae=2.799480 30min_rmse=5.772716 30min_mape=7.798813 | 60min_mae=3.150653 60min_rmse=6.671475 60min_mape=9.164374
[2026-08-28 13:48:57] INFO Epoch 028 | stage=standard | train_total=0.311636 | train_forecast=0.311636 | train_confidence=0.000000 | train_risk=0.000000 | train_blend=0.000000 | val_total=0.308428 | val_mae=2.756129 | val_rmse=5.697570 | val_mape=7.612101 | val_confidence=0.000000 | val_risk=0.000000 | val_blend=0.000000 | batches=709/94 | seconds=199.90 | lr=[0.0009025] | cuda_peak_mb=4361.7
[2026-08-28 13:48:57] INFO Val horizons | 15min_mae=2.486006 15min_rmse=4.876142 15min_mape=6.546743 | 30min_mae=2.772587 30min_rmse=5.763342 30min_mape=7.734893 | 60min_mae=3.163514 60min_rmse=6.663537 60min_mape=9.142990
[2026-08-28 13:52:17] INFO Epoch 029 | stage=standard | train_total=0.311383 | train_forecast=0.311383 | train_confidence=0.000000 | train_risk=0.000000 | train_blend=0.000000 | val_total=0.307210 | val_mae=2.741619 | val_rmse=5.640798 | val_mape=7.590304 | val_confidence=0.000000 | val_risk=0.000000 | val_blend=0.000000 | batches=709/94 | seconds=200.02 | lr=[0.0009025] | cuda_peak_mb=4361.7
[2026-08-28 13:52:17] INFO Val horizons | 15min_mae=2.477874 15min_rmse=4.826594 15min_mape=6.472347 | 30min_mae=2.769465 30min_rmse=5.664637 30min_mape=7.673514 | 60min_mae=3.133213 60min_rmse=6.645359 60min_mape=9.244360
[2026-08-28 13:52:17] INFO Checkpoint updated | epoch=29 | stage=standard | best_val_mae=2.741619 | path=C:\Users\clw\projects\researchRep\STAnchor-BlockMemory\artifacts\convergence\formal_20260828_staeformer_base_only_v2\downstream_best.pt
[2026-08-28 13:55:37] INFO Epoch 030 | stage=standard | train_total=0.311066 | train_forecast=0.311066 | train_confidence=0.000000 | train_risk=0.000000 | train_blend=0.000000 | val_total=0.308679 | val_mae=2.763815 | val_rmse=5.650433 | val_mape=7.510390 | val_confidence=0.000000 | val_risk=0.000000 | val_blend=0.000000 | batches=709/94 | seconds=200.10 | lr=[0.0009025] | cuda_peak_mb=4361.7
[2026-08-28 13:55:37] INFO Val horizons | 15min_mae=2.490156 15min_rmse=4.837183 15min_mape=6.445514 | 30min_mae=2.788072 30min_rmse=5.685549 30min_mape=7.669365 | 60min_mae=3.156168 60min_rmse=6.623286 60min_mape=9.003724
[2026-08-28 13:58:57] INFO Epoch 031 | stage=standard | train_total=0.310558 | train_forecast=0.310558 | train_confidence=0.000000 | train_risk=0.000000 | train_blend=0.000000 | val_total=0.307402 | val_mae=2.747003 | val_rmse=5.634018 | val_mape=7.678038 | val_confidence=0.000000 | val_risk=0.000000 | val_blend=0.000000 | batches=709/94 | seconds=199.91 | lr=[0.000857375] | cuda_peak_mb=4361.7
[2026-08-28 13:58:57] INFO Val horizons | 15min_mae=2.479305 15min_rmse=4.818036 15min_mape=6.550016 | 30min_mae=2.767591 30min_rmse=5.666644 30min_mape=7.775086 | 60min_mae=3.143898 60min_rmse=6.625079 60min_mape=9.255455
[2026-08-28 14:02:21] INFO Epoch 032 | stage=standard | train_total=0.310549 | train_forecast=0.310549 | train_confidence=0.000000 | train_risk=0.000000 | train_blend=0.000000 | val_total=0.307580 | val_mae=2.750095 | val_rmse=5.684399 | val_mape=7.567115 | val_confidence=0.000000 | val_risk=0.000000 | val_blend=0.000000 | batches=709/94 | seconds=203.63 | lr=[0.000857375] | cuda_peak_mb=4361.7
[2026-08-28 14:02:21] INFO Val horizons | 15min_mae=2.472388 15min_rmse=4.855044 15min_mape=6.418731 | 30min_mae=2.768388 30min_rmse=5.715611 30min_mape=7.666352 | 60min_mae=3.157965 60min_rmse=6.707746 60min_mape=9.157932
[2026-08-28 14:05:41] INFO Epoch 033 | stage=standard | train_total=0.310171 | train_forecast=0.310171 | train_confidence=0.000000 | train_risk=0.000000 | train_blend=0.000000 | val_total=0.308323 | val_mae=2.757261 | val_rmse=5.678493 | val_mape=7.457610 | val_confidence=0.000000 | val_risk=0.000000 | val_blend=0.000000 | batches=709/94 | seconds=199.95 | lr=[0.000857375] | cuda_peak_mb=4361.7
[2026-08-28 14:05:41] INFO Val horizons | 15min_mae=2.480396 15min_rmse=4.865095 15min_mape=6.365958 | 30min_mae=2.771506 30min_rmse=5.722114 30min_mape=7.549458 | 60min_mae=3.163013 60min_rmse=6.665915 60min_mape=8.994346
[2026-08-28 14:09:01] INFO Epoch 034 | stage=standard | train_total=0.310085 | train_forecast=0.310085 | train_confidence=0.000000 | train_risk=0.000000 | train_blend=0.000000 | val_total=0.308236 | val_mae=2.763137 | val_rmse=5.695208 | val_mape=7.569915 | val_confidence=0.000000 | val_risk=0.000000 | val_blend=0.000000 | batches=709/94 | seconds=200.05 | lr=[0.000857375] | cuda_peak_mb=4361.7
[2026-08-28 14:09:01] INFO Val horizons | 15min_mae=2.484903 15min_rmse=4.844090 15min_mape=6.512548 | 30min_mae=2.786421 30min_rmse=5.739394 30min_mape=7.681334 | 60min_mae=3.166076 60min_rmse=6.698599 60min_mape=9.067697
[2026-08-28 14:12:23] INFO Epoch 035 | stage=standard | train_total=0.310067 | train_forecast=0.310067 | train_confidence=0.000000 | train_risk=0.000000 | train_blend=0.000000 | val_total=0.308719 | val_mae=2.760121 | val_rmse=5.696989 | val_mape=7.649561 | val_confidence=0.000000 | val_risk=0.000000 | val_blend=0.000000 | batches=709/94 | seconds=201.70 | lr=[0.000857375] | cuda_peak_mb=4361.7
[2026-08-28 14:12:23] INFO Val horizons | 15min_mae=2.494119 15min_rmse=4.881522 15min_mape=6.537285 | 30min_mae=2.781124 30min_rmse=5.738863 30min_mape=7.745301 | 60min_mae=3.156713 60min_rmse=6.699836 60min_mape=9.248010
[2026-08-28 14:15:43] INFO Epoch 036 | stage=standard | train_total=0.309846 | train_forecast=0.309846 | train_confidence=0.000000 | train_risk=0.000000 | train_blend=0.000000 | val_total=0.308716 | val_mae=2.758842 | val_rmse=5.728147 | val_mape=7.703476 | val_confidence=0.000000 | val_risk=0.000000 | val_blend=0.000000 | batches=709/94 | seconds=200.27 | lr=[0.000857375] | cuda_peak_mb=4361.7
[2026-08-28 14:15:43] INFO Val horizons | 15min_mae=2.482440 15min_rmse=4.900632 15min_mape=6.550052 | 30min_mae=2.775842 30min_rmse=5.765301 30min_mape=7.784690 | 60min_mae=3.167468 60min_rmse=6.745093 60min_mape=9.401370
[2026-08-28 14:19:03] INFO Epoch 037 | stage=standard | train_total=0.309627 | train_forecast=0.309627 | train_confidence=0.000000 | train_risk=0.000000 | train_blend=0.000000 | val_total=0.307919 | val_mae=2.751576 | val_rmse=5.645744 | val_mape=7.529371 | val_confidence=0.000000 | val_risk=0.000000 | val_blend=0.000000 | batches=709/94 | seconds=200.28 | lr=[0.000857375] | cuda_peak_mb=4361.7
[2026-08-28 14:19:03] INFO Val horizons | 15min_mae=2.483195 15min_rmse=4.836887 15min_mape=6.451398 | 30min_mae=2.770591 30min_rmse=5.677827 30min_mape=7.633902 | 60min_mae=3.152635 60min_rmse=6.632662 60min_mape=9.070144
[2026-08-28 14:22:23] INFO Epoch 038 | stage=standard | train_total=0.309314 | train_forecast=0.309314 | train_confidence=0.000000 | train_risk=0.000000 | train_blend=0.000000 | val_total=0.309509 | val_mae=2.772735 | val_rmse=5.662920 | val_mape=7.714354 | val_confidence=0.000000 | val_risk=0.000000 | val_blend=0.000000 | batches=709/94 | seconds=200.34 | lr=[0.000857375] | cuda_peak_mb=4361.7
[2026-08-28 14:22:23] INFO Val horizons | 15min_mae=2.491773 15min_rmse=4.867342 15min_mape=6.461874 | 30min_mae=2.783948 30min_rmse=5.700268 30min_mape=7.719236 | 60min_mae=3.184463 60min_rmse=6.653487 60min_mape=9.512655
[2026-08-28 14:25:44] INFO Epoch 039 | stage=standard | train_total=0.309224 | train_forecast=0.309224 | train_confidence=0.000000 | train_risk=0.000000 | train_blend=0.000000 | val_total=0.306700 | val_mae=2.738107 | val_rmse=5.652838 | val_mape=7.448738 | val_confidence=0.000000 | val_risk=0.000000 | val_blend=0.000000 | batches=709/94 | seconds=200.30 | lr=[0.000857375] | cuda_peak_mb=4361.7
[2026-08-28 14:25:44] INFO Val horizons | 15min_mae=2.475991 15min_rmse=4.851094 15min_mape=6.392754 | 30min_mae=2.765395 30min_rmse=5.722779 30min_mape=7.527621 | 60min_mae=3.123649 60min_rmse=6.609755 60min_mape=8.974760
[2026-08-28 14:25:44] INFO Checkpoint updated | epoch=39 | stage=standard | best_val_mae=2.738107 | path=C:\Users\clw\projects\researchRep\STAnchor-BlockMemory\artifacts\convergence\formal_20260828_staeformer_base_only_v2\downstream_best.pt
[2026-08-28 14:29:04] INFO Epoch 040 | stage=standard | train_total=0.309247 | train_forecast=0.309247 | train_confidence=0.000000 | train_risk=0.000000 | train_blend=0.000000 | val_total=0.308464 | val_mae=2.762496 | val_rmse=5.701982 | val_mape=7.467953 | val_confidence=0.000000 | val_risk=0.000000 | val_blend=0.000000 | batches=709/94 | seconds=200.04 | lr=[0.000857375] | cuda_peak_mb=4361.7
[2026-08-28 14:29:04] INFO Val horizons | 15min_mae=2.498507 15min_rmse=4.886723 15min_mape=6.406634 | 30min_mae=2.786650 30min_rmse=5.750339 30min_mape=7.544106 | 60min_mae=3.153524 60min_rmse=6.690994 60min_mape=9.032543
[2026-08-28 14:32:25] INFO Epoch 041 | stage=standard | train_total=0.308769 | train_forecast=0.308769 | train_confidence=0.000000 | train_risk=0.000000 | train_blend=0.000000 | val_total=0.307514 | val_mae=2.746320 | val_rmse=5.660630 | val_mape=7.710241 | val_confidence=0.000000 | val_risk=0.000000 | val_blend=0.000000 | batches=709/94 | seconds=201.62 | lr=[0.0008145062499999999] | cuda_peak_mb=4361.7
[2026-08-28 14:32:25] INFO Val horizons | 15min_mae=2.478088 15min_rmse=4.834414 15min_mape=6.687353 | 30min_mae=2.761030 30min_rmse=5.693050 30min_mape=7.762535 | 60min_mae=3.145178 60min_rmse=6.656425 60min_mape=9.271401
[2026-08-28 14:35:46] INFO Epoch 042 | stage=standard | train_total=0.308529 | train_forecast=0.308529 | train_confidence=0.000000 | train_risk=0.000000 | train_blend=0.000000 | val_total=0.307485 | val_mae=2.747303 | val_rmse=5.677099 | val_mape=7.652759 | val_confidence=0.000000 | val_risk=0.000000 | val_blend=0.000000 | batches=709/94 | seconds=200.88 | lr=[0.0008145062499999999] | cuda_peak_mb=4361.7
[2026-08-28 14:35:46] INFO Val horizons | 15min_mae=2.477944 15min_rmse=4.841808 15min_mape=6.534780 | 30min_mae=2.764315 30min_rmse=5.728157 30min_mape=7.741086 | 60min_mae=3.138699 60min_rmse=6.684079 60min_mape=9.229778
[2026-08-28 14:39:07] INFO Epoch 043 | stage=standard | train_total=0.308590 | train_forecast=0.308590 | train_confidence=0.000000 | train_risk=0.000000 | train_blend=0.000000 | val_total=0.307780 | val_mae=2.750406 | val_rmse=5.656685 | val_mape=7.598029 | val_confidence=0.000000 | val_risk=0.000000 | val_blend=0.000000 | batches=709/94 | seconds=200.92 | lr=[0.0008145062499999999] | cuda_peak_mb=4361.7
[2026-08-28 14:39:07] INFO Val horizons | 15min_mae=2.479101 15min_rmse=4.814459 15min_mape=6.507439 | 30min_mae=2.771838 30min_rmse=5.681695 30min_mape=7.725705 | 60min_mae=3.145039 60min_rmse=6.685659 60min_mape=9.121871
[2026-08-28 14:42:28] INFO Epoch 044 | stage=standard | train_total=0.308481 | train_forecast=0.308481 | train_confidence=0.000000 | train_risk=0.000000 | train_blend=0.000000 | val_total=0.308604 | val_mae=2.761221 | val_rmse=5.648964 | val_mape=7.593162 | val_confidence=0.000000 | val_risk=0.000000 | val_blend=0.000000 | batches=709/94 | seconds=200.90 | lr=[0.0008145062499999999] | cuda_peak_mb=4361.7
[2026-08-28 14:42:28] INFO Val horizons | 15min_mae=2.492622 15min_rmse=4.847745 15min_mape=6.479593 | 30min_mae=2.777070 30min_rmse=5.681553 30min_mape=7.689247 | 60min_mae=3.163213 60min_rmse=6.641847 60min_mape=9.181457
[2026-08-28 14:45:49] INFO Epoch 045 | stage=standard | train_total=0.308316 | train_forecast=0.308316 | train_confidence=0.000000 | train_risk=0.000000 | train_blend=0.000000 | val_total=0.307302 | val_mae=2.744582 | val_rmse=5.637773 | val_mape=7.634092 | val_confidence=0.000000 | val_risk=0.000000 | val_blend=0.000000 | batches=709/94 | seconds=200.87 | lr=[0.0008145062499999999] | cuda_peak_mb=4361.7
[2026-08-28 14:45:49] INFO Val horizons | 15min_mae=2.478061 15min_rmse=4.826685 15min_mape=6.585231 | 30min_mae=2.762610 30min_rmse=5.666345 30min_mape=7.724312 | 60min_mae=3.130679 60min_rmse=6.641117 60min_mape=9.173742
[2026-08-28 14:49:10] INFO Epoch 046 | stage=standard | train_total=0.308312 | train_forecast=0.308312 | train_confidence=0.000000 | train_risk=0.000000 | train_blend=0.000000 | val_total=0.307349 | val_mae=2.742729 | val_rmse=5.656518 | val_mape=7.526430 | val_confidence=0.000000 | val_risk=0.000000 | val_blend=0.000000 | batches=709/94 | seconds=200.89 | lr=[0.0008145062499999999] | cuda_peak_mb=4361.7
[2026-08-28 14:49:10] INFO Val horizons | 15min_mae=2.482229 15min_rmse=4.849806 15min_mape=6.457922 | 30min_mae=2.760835 30min_rmse=5.695325 30min_mape=7.631771 | 60min_mae=3.130145 60min_rmse=6.634686 60min_mape=9.068561
[2026-08-28 14:52:31] INFO Epoch 047 | stage=standard | train_total=0.308034 | train_forecast=0.308034 | train_confidence=0.000000 | train_risk=0.000000 | train_blend=0.000000 | val_total=0.306369 | val_mae=2.735367 | val_rmse=5.633580 | val_mape=7.461120 | val_confidence=0.000000 | val_risk=0.000000 | val_blend=0.000000 | batches=709/94 | seconds=200.86 | lr=[0.0008145062499999999] | cuda_peak_mb=4361.7
[2026-08-28 14:52:31] INFO Val horizons | 15min_mae=2.470815 15min_rmse=4.836396 15min_mape=6.396273 | 30min_mae=2.756967 30min_rmse=5.680543 30min_mape=7.565146 | 60min_mae=3.124175 60min_rmse=6.602226 60min_mape=9.006097
[2026-08-28 14:52:31] INFO Checkpoint updated | epoch=47 | stage=standard | best_val_mae=2.735367 | path=C:\Users\clw\projects\researchRep\STAnchor-BlockMemory\artifacts\convergence\formal_20260828_staeformer_base_only_v2\downstream_best.pt
[2026-08-28 14:55:52] INFO Epoch 048 | stage=standard | train_total=0.307942 | train_forecast=0.307942 | train_confidence=0.000000 | train_risk=0.000000 | train_blend=0.000000 | val_total=0.306352 | val_mae=2.735837 | val_rmse=5.643061 | val_mape=7.571969 | val_confidence=0.000000 | val_risk=0.000000 | val_blend=0.000000 | batches=709/94 | seconds=200.93 | lr=[0.0008145062499999999] | cuda_peak_mb=4361.7
[2026-08-28 14:55:52] INFO Val horizons | 15min_mae=2.470395 15min_rmse=4.831797 15min_mape=6.506333 | 30min_mae=2.755564 30min_rmse=5.681155 30min_mape=7.721123 | 60min_mae=3.138118 60min_rmse=6.643786 60min_mape=9.035803
[2026-08-28 14:59:13] INFO Epoch 049 | stage=standard | train_total=0.308049 | train_forecast=0.308049 | train_confidence=0.000000 | train_risk=0.000000 | train_blend=0.000000 | val_total=0.309705 | val_mae=2.772211 | val_rmse=5.705263 | val_mape=7.405942 | val_confidence=0.000000 | val_risk=0.000000 | val_blend=0.000000 | batches=709/94 | seconds=200.98 | lr=[0.0008145062499999999] | cuda_peak_mb=4361.7
[2026-08-28 14:59:13] INFO Val horizons | 15min_mae=2.483620 15min_rmse=4.843899 15min_mape=6.379755 | 30min_mae=2.795028 30min_rmse=5.746537 30min_mape=7.503331 | 60min_mae=3.179097 60min_rmse=6.705076 60min_mape=8.872862
[2026-08-28 15:02:33] INFO Epoch 050 | stage=standard | train_total=0.308018 | train_forecast=0.308018 | train_confidence=0.000000 | train_risk=0.000000 | train_blend=0.000000 | val_total=0.307845 | val_mae=2.750369 | val_rmse=5.689540 | val_mape=7.902086 | val_confidence=0.000000 | val_risk=0.000000 | val_blend=0.000000 | batches=709/94 | seconds=200.81 | lr=[0.0008145062499999999] | cuda_peak_mb=4361.7
[2026-08-28 15:02:33] INFO Val horizons | 15min_mae=2.487492 15min_rmse=4.880473 15min_mape=6.756611 | 30min_mae=2.783692 30min_rmse=5.749976 30min_mape=8.109107 | 60min_mae=3.122867 60min_rmse=6.653140 60min_mape=9.404272
[2026-08-28 15:02:33] INFO Downstream training finished | best_val_mae=2.735367 | checkpoint=C:\Users\clw\projects\researchRep\STAnchor-BlockMemory\artifacts\convergence\formal_20260828_staeformer_base_only_v2\downstream_best.pt
