[2026-09-12 23:14:08] INFO Downstream start | run=cross_dataset_pemsbay/pemsbay_source_router_dcrnn_seed42 | device=cuda:0 (requested=cuda:0) | seed=42 | output=C:\Users\clw\projects\researchRep\STAnchor-BlockMemory\artifacts\cross_dataset_pemsbay\pemsbay_source_router_dcrnn_seed42
[2026-09-12 23:14:08] INFO Mode | downstream_mode=learned_topk_error_aware | training_protocol=posthoc_frozen_base | candidate_protocol=weekday_radius1_overlap | candidate_ranking=learned_key | candidate_payload=offset_decay
[2026-09-12 23:14:08] INFO Downstream initialization | seed=42 | state_hash=5aaf37a186f13e4e
[2026-09-12 23:14:08] INFO Frozen base | checkpoint=C:\Users\clw\projects\researchRep\STAnchor-BlockMemory\artifacts\cross_dataset_pemsbay\pemsbay_baseonly_dcrnn_seed42\downstream_best.pt | fingerprint=ffd693c48d04bb1d
[2026-09-12 23:14:08] INFO Data | steps=52116 | nodes=325 | channels=1 | training_scope=full_train | memory/post_memory/train_selected/val/test=25327/10855/36182/4912/10125
[2026-09-12 23:14:08] INFO Bank/retrieval | dataset=pemsbay_source_queue | events=25327 | nodes=325 | retrieval_dim=64 | event_top_r=96 | node_top_k=12 | key_dtype=float16
[2026-09-12 23:14:08] INFO Frozen path cache | enabled=yes | candidate_ranking=learned_key | fill=first_epoch
[2026-09-12 23:14:08] INFO Parameters | downstream_total=1,252,314 | downstream_trainable=879,693 | backbone=0 | confidence_head=0 | fusion=0 | frozen_pretrained=958,704
[2026-09-12 23:14:08] INFO Optimization | epochs=50 | batch_size=32 | optimizer=adam | lr=0.0005 | weight_decay=0.0001 | scheduler=step_lr | step_size=10 | gamma=0.500 | confidence_weight=0.000 | patience=20 | early_stopping=disabled
[2026-09-12 23:14:09] INFO Stage start | stage=posthoc_calibrator | epochs=50 | optimizer_lrs=[0.0005]
[2026-09-12 23:34:41] INFO Epoch 001 | stage=posthoc_calibrator | train_total=1.413949 | train_forecast=1.413949 | train_confidence=0.000000 | train_risk=0.000000 | train_blend=0.000000 | val_total=1.584287 | val_mae=1.579555 | val_rmse=3.684002 | val_mape=3.612802 | val_confidence=0.000000 | val_risk=0.000000 | val_blend=0.000000 | batches=1131/154 | seconds=1232.10 | lr=[0.0005] | cuda_peak_mb=5439.7
[2026-09-12 23:34:41] INFO Val horizons | 15min_mae=1.318500 15min_rmse=2.774578 15min_mape=2.813312 | 30min_mae=1.643876 30min_rmse=3.774489 30min_mape=3.777764 | 60min_mae=1.929796 60min_rmse=4.538495 60min_mape=4.609053
[2026-09-12 23:34:41] INFO Checkpoint updated | epoch=1 | stage=posthoc_calibrator | best_val_mae=1.579555 | path=C:\Users\clw\projects\researchRep\STAnchor-BlockMemory\artifacts\cross_dataset_pemsbay\pemsbay_source_router_dcrnn_seed42\downstream_best.pt
[2026-09-12 23:37:16] INFO Epoch 002 | stage=posthoc_calibrator | train_total=1.409595 | train_forecast=1.409595 | train_confidence=0.000000 | train_risk=0.000000 | train_blend=0.000000 | val_total=1.585402 | val_mae=1.580639 | val_rmse=3.700488 | val_mape=3.635702 | val_confidence=0.000000 | val_risk=0.000000 | val_blend=0.000000 | batches=1131/154 | seconds=154.68 | lr=[0.0005] | cuda_peak_mb=2210.5
[2026-09-12 23:37:16] INFO Val horizons | 15min_mae=1.318010 15min_rmse=2.778757 15min_mape=2.819031 | 30min_mae=1.644894 30min_rmse=3.785533 30min_mape=3.795640 | 60min_mae=1.931695 60min_rmse=4.570970 60min_mape=4.662356
[2026-09-12 23:39:49] INFO Epoch 003 | stage=posthoc_calibrator | train_total=1.408699 | train_forecast=1.408699 | train_confidence=0.000000 | train_risk=0.000000 | train_blend=0.000000 | val_total=1.583012 | val_mae=1.578270 | val_rmse=3.694424 | val_mape=3.635236 | val_confidence=0.000000 | val_risk=0.000000 | val_blend=0.000000 | batches=1131/154 | seconds=153.46 | lr=[0.0005] | cuda_peak_mb=2210.3
[2026-09-12 23:39:49] INFO Val horizons | 15min_mae=1.317433 15min_rmse=2.779398 15min_mape=2.826038 | 30min_mae=1.643082 30min_rmse=3.782233 30min_mape=3.801158 | 60min_mae=1.927826 60min_rmse=4.559803 60min_mape=4.652872
[2026-09-12 23:39:49] INFO Checkpoint updated | epoch=3 | stage=posthoc_calibrator | best_val_mae=1.578270 | path=C:\Users\clw\projects\researchRep\STAnchor-BlockMemory\artifacts\cross_dataset_pemsbay\pemsbay_source_router_dcrnn_seed42\downstream_best.pt
[2026-09-12 23:42:23] INFO Epoch 004 | stage=posthoc_calibrator | train_total=1.407872 | train_forecast=1.407872 | train_confidence=0.000000 | train_risk=0.000000 | train_blend=0.000000 | val_total=1.585312 | val_mae=1.580559 | val_rmse=3.708104 | val_mape=3.643779 | val_confidence=0.000000 | val_risk=0.000000 | val_blend=0.000000 | batches=1131/154 | seconds=153.83 | lr=[0.0005] | cuda_peak_mb=2210.6
[2026-09-12 23:42:23] INFO Val horizons | 15min_mae=1.317529 15min_rmse=2.784065 15min_mape=2.823602 | 30min_mae=1.645289 30min_rmse=3.795652 30min_mape=3.807119 | 60min_mae=1.933505 60min_rmse=4.585863 60min_mape=4.680891
[2026-09-12 23:44:56] INFO Epoch 005 | stage=posthoc_calibrator | train_total=1.407355 | train_forecast=1.407355 | train_confidence=0.000000 | train_risk=0.000000 | train_blend=0.000000 | val_total=1.583970 | val_mae=1.579206 | val_rmse=3.685834 | val_mape=3.650965 | val_confidence=0.000000 | val_risk=0.000000 | val_blend=0.000000 | batches=1131/154 | seconds=152.99 | lr=[0.0005] | cuda_peak_mb=2210.3
[2026-09-12 23:44:56] INFO Val horizons | 15min_mae=1.316742 15min_rmse=2.772677 15min_mape=2.827325 | 30min_mae=1.643806 30min_rmse=3.774209 30min_mape=3.815816 | 60min_mae=1.931348 60min_rmse=4.551974 60min_mape=4.690850
[2026-09-12 23:47:29] INFO Epoch 006 | stage=posthoc_calibrator | train_total=1.406691 | train_forecast=1.406691 | train_confidence=0.000000 | train_risk=0.000000 | train_blend=0.000000 | val_total=1.580927 | val_mae=1.576222 | val_rmse=3.686529 | val_mape=3.629554 | val_confidence=0.000000 | val_risk=0.000000 | val_blend=0.000000 | batches=1131/154 | seconds=152.95 | lr=[0.0005] | cuda_peak_mb=2210.6
[2026-09-12 23:47:29] INFO Val horizons | 15min_mae=1.316517 15min_rmse=2.776659 15min_mape=2.823148 | 30min_mae=1.640662 30min_rmse=3.774702 30min_mape=3.794134 | 60min_mae=1.924421 60min_rmse=4.546734 60min_mape=4.642725
[2026-09-12 23:47:29] INFO Checkpoint updated | epoch=6 | stage=posthoc_calibrator | best_val_mae=1.576222 | path=C:\Users\clw\projects\researchRep\STAnchor-BlockMemory\artifacts\cross_dataset_pemsbay\pemsbay_source_router_dcrnn_seed42\downstream_best.pt
[2026-09-12 23:50:03] INFO Epoch 007 | stage=posthoc_calibrator | train_total=1.406259 | train_forecast=1.406259 | train_confidence=0.000000 | train_risk=0.000000 | train_blend=0.000000 | val_total=1.579141 | val_mae=1.574401 | val_rmse=3.676273 | val_mape=3.619128 | val_confidence=0.000000 | val_risk=0.000000 | val_blend=0.000000 | batches=1131/154 | seconds=153.46 | lr=[0.0005] | cuda_peak_mb=2211.0
[2026-09-12 23:50:03] INFO Val horizons | 15min_mae=1.315260 15min_rmse=2.766945 15min_mape=2.812689 | 30min_mae=1.638320 30min_rmse=3.760630 30min_mape=3.777789 | 60min_mae=1.923264 60min_rmse=4.541387 60min_mape=4.643257
[2026-09-12 23:50:03] INFO Checkpoint updated | epoch=7 | stage=posthoc_calibrator | best_val_mae=1.574401 | path=C:\Users\clw\projects\researchRep\STAnchor-BlockMemory\artifacts\cross_dataset_pemsbay\pemsbay_source_router_dcrnn_seed42\downstream_best.pt
[2026-09-12 23:52:36] INFO Epoch 008 | stage=posthoc_calibrator | train_total=1.405817 | train_forecast=1.405817 | train_confidence=0.000000 | train_risk=0.000000 | train_blend=0.000000 | val_total=1.579342 | val_mae=1.574566 | val_rmse=3.681008 | val_mape=3.618946 | val_confidence=0.000000 | val_risk=0.000000 | val_blend=0.000000 | batches=1131/154 | seconds=153.46 | lr=[0.0005] | cuda_peak_mb=2210.3
[2026-09-12 23:52:36] INFO Val horizons | 15min_mae=1.315785 15min_rmse=2.770271 15min_mape=2.816007 | 30min_mae=1.638950 30min_rmse=3.765164 30min_mape=3.779447 | 60min_mae=1.922669 60min_rmse=4.551652 60min_mape=4.639619
[2026-09-12 23:55:09] INFO Epoch 009 | stage=posthoc_calibrator | train_total=1.405503 | train_forecast=1.405503 | train_confidence=0.000000 | train_risk=0.000000 | train_blend=0.000000 | val_total=1.582126 | val_mae=1.577404 | val_rmse=3.688584 | val_mape=3.638787 | val_confidence=0.000000 | val_risk=0.000000 | val_blend=0.000000 | batches=1131/154 | seconds=153.28 | lr=[0.0005] | cuda_peak_mb=2210.1
[2026-09-12 23:55:09] INFO Val horizons | 15min_mae=1.316385 15min_rmse=2.776446 15min_mape=2.824351 | 30min_mae=1.641298 30min_rmse=3.772723 30min_mape=3.801169 | 60min_mae=1.928400 60min_rmse=4.559520 60min_mape=4.666576
[2026-09-12 23:57:42] INFO Epoch 010 | stage=posthoc_calibrator | train_total=1.405099 | train_forecast=1.405099 | train_confidence=0.000000 | train_risk=0.000000 | train_blend=0.000000 | val_total=1.583013 | val_mae=1.578287 | val_rmse=3.693010 | val_mape=3.647304 | val_confidence=0.000000 | val_risk=0.000000 | val_blend=0.000000 | batches=1131/154 | seconds=153.11 | lr=[0.0005] | cuda_peak_mb=2210.3
[2026-09-12 23:57:42] INFO Val horizons | 15min_mae=1.316162 15min_rmse=2.776089 15min_mape=2.826795 | 30min_mae=1.641489 30min_rmse=3.774991 30min_mape=3.808859 | 60min_mae=1.932309 60min_rmse=4.572520 60min_mape=4.687808
[2026-09-13 00:00:15] INFO Epoch 011 | stage=posthoc_calibrator | train_total=1.404308 | train_forecast=1.404308 | train_confidence=0.000000 | train_risk=0.000000 | train_blend=0.000000 | val_total=1.577570 | val_mae=1.572878 | val_rmse=3.668262 | val_mape=3.612875 | val_confidence=0.000000 | val_risk=0.000000 | val_blend=0.000000 | batches=1131/154 | seconds=152.98 | lr=[0.00025] | cuda_peak_mb=2210.6
[2026-09-13 00:00:15] INFO Val horizons | 15min_mae=1.314219 15min_rmse=2.762818 15min_mape=2.815059 | 30min_mae=1.636940 30min_rmse=3.753240 30min_mape=3.777701 | 60min_mae=1.920493 60min_rmse=4.529143 60min_mape=4.616950
[2026-09-13 00:00:16] INFO Checkpoint updated | epoch=11 | stage=posthoc_calibrator | best_val_mae=1.572878 | path=C:\Users\clw\projects\researchRep\STAnchor-BlockMemory\artifacts\cross_dataset_pemsbay\pemsbay_source_router_dcrnn_seed42\downstream_best.pt
[2026-09-13 00:02:49] INFO Epoch 012 | stage=posthoc_calibrator | train_total=1.404185 | train_forecast=1.404185 | train_confidence=0.000000 | train_risk=0.000000 | train_blend=0.000000 | val_total=1.578138 | val_mae=1.573409 | val_rmse=3.676720 | val_mape=3.617105 | val_confidence=0.000000 | val_risk=0.000000 | val_blend=0.000000 | batches=1131/154 | seconds=153.10 | lr=[0.00025] | cuda_peak_mb=2210.3
[2026-09-13 00:02:49] INFO Val horizons | 15min_mae=1.314373 15min_rmse=2.766817 15min_mape=2.815081 | 30min_mae=1.637313 30min_rmse=3.759652 30min_mape=3.779905 | 60min_mae=1.922403 60min_rmse=4.547647 60min_mape=4.633396
[2026-09-13 00:05:22] INFO Epoch 013 | stage=posthoc_calibrator | train_total=1.403873 | train_forecast=1.403873 | train_confidence=0.000000 | train_risk=0.000000 | train_blend=0.000000 | val_total=1.581789 | val_mae=1.577068 | val_rmse=3.694084 | val_mape=3.638407 | val_confidence=0.000000 | val_risk=0.000000 | val_blend=0.000000 | batches=1131/154 | seconds=153.01 | lr=[0.00025] | cuda_peak_mb=2210.6
[2026-09-13 00:05:22] INFO Val horizons | 15min_mae=1.315527 15min_rmse=2.773500 15min_mape=2.822438 | 30min_mae=1.640317 30min_rmse=3.774807 30min_mape=3.797102 | 60min_mae=1.929179 60min_rmse=4.572219 60min_mape=4.673826
[2026-09-13 00:07:54] INFO Epoch 014 | stage=posthoc_calibrator | train_total=1.403868 | train_forecast=1.403868 | train_confidence=0.000000 | train_risk=0.000000 | train_blend=0.000000 | val_total=1.579270 | val_mae=1.574534 | val_rmse=3.686124 | val_mape=3.622680 | val_confidence=0.000000 | val_risk=0.000000 | val_blend=0.000000 | batches=1131/154 | seconds=152.78 | lr=[0.00025] | cuda_peak_mb=2211.0
[2026-09-13 00:07:54] INFO Val horizons | 15min_mae=1.314790 15min_rmse=2.772895 15min_mape=2.817940 | 30min_mae=1.639146 30min_rmse=3.773151 30min_mape=3.788184 | 60min_mae=1.922860 60min_rmse=4.553143 60min_mape=4.636506
[2026-09-13 00:10:26] INFO Epoch 015 | stage=posthoc_calibrator | train_total=1.403646 | train_forecast=1.403646 | train_confidence=0.000000 | train_risk=0.000000 | train_blend=0.000000 | val_total=1.580591 | val_mae=1.575862 | val_rmse=3.688868 | val_mape=3.633815 | val_confidence=0.000000 | val_risk=0.000000 | val_blend=0.000000 | batches=1131/154 | seconds=151.69 | lr=[0.00025] | cuda_peak_mb=2210.3
[2026-09-13 00:10:26] INFO Val horizons | 15min_mae=1.316049 15min_rmse=2.774014 15min_mape=2.826407 | 30min_mae=1.639694 30min_rmse=3.772011 30min_mape=3.796970 | 60min_mae=1.926489 60min_rmse=4.565181 60min_mape=4.660480
[2026-09-13 00:12:57] INFO Epoch 016 | stage=posthoc_calibrator | train_total=1.403676 | train_forecast=1.403676 | train_confidence=0.000000 | train_risk=0.000000 | train_blend=0.000000 | val_total=1.581574 | val_mae=1.576857 | val_rmse=3.691552 | val_mape=3.639062 | val_confidence=0.000000 | val_risk=0.000000 | val_blend=0.000000 | batches=1131/154 | seconds=150.94 | lr=[0.00025] | cuda_peak_mb=2210.1
[2026-09-13 00:12:57] INFO Val horizons | 15min_mae=1.314836 15min_rmse=2.772846 15min_mape=2.821314 | 30min_mae=1.640078 30min_rmse=3.774316 30min_mape=3.799177 | 60min_mae=1.930074 60min_rmse=4.567166 60min_mape=4.677109
[2026-09-13 00:15:28] INFO Epoch 017 | stage=posthoc_calibrator | train_total=1.403311 | train_forecast=1.403311 | train_confidence=0.000000 | train_risk=0.000000 | train_blend=0.000000 | val_total=1.578292 | val_mae=1.573566 | val_rmse=3.682610 | val_mape=3.618112 | val_confidence=0.000000 | val_risk=0.000000 | val_blend=0.000000 | batches=1131/154 | seconds=151.35 | lr=[0.00025] | cuda_peak_mb=2210.3
[2026-09-13 00:15:28] INFO Val horizons | 15min_mae=1.314348 15min_rmse=2.772195 15min_mape=2.813189 | 30min_mae=1.637599 30min_rmse=3.769085 30min_mape=3.778817 | 60min_mae=1.922415 60min_rmse=4.547853 60min_mape=4.640578
[2026-09-13 00:18:00] INFO Epoch 018 | stage=posthoc_calibrator | train_total=1.403161 | train_forecast=1.403161 | train_confidence=0.000000 | train_risk=0.000000 | train_blend=0.000000 | val_total=1.579876 | val_mae=1.575137 | val_rmse=3.687398 | val_mape=3.626913 | val_confidence=0.000000 | val_risk=0.000000 | val_blend=0.000000 | batches=1131/154 | seconds=151.35 | lr=[0.00025] | cuda_peak_mb=2210.6
[2026-09-13 00:18:00] INFO Val horizons | 15min_mae=1.314379 15min_rmse=2.772042 15min_mape=2.815399 | 30min_mae=1.639362 30min_rmse=3.773776 30min_mape=3.791447 | 60min_mae=1.925158 60min_rmse=4.556828 60min_mape=4.648845
[2026-09-13 00:20:31] INFO Epoch 019 | stage=posthoc_calibrator | train_total=1.403069 | train_forecast=1.403069 | train_confidence=0.000000 | train_risk=0.000000 | train_blend=0.000000 | val_total=1.580244 | val_mae=1.575558 | val_rmse=3.687789 | val_mape=3.632614 | val_confidence=0.000000 | val_risk=0.000000 | val_blend=0.000000 | batches=1131/154 | seconds=151.04 | lr=[0.00025] | cuda_peak_mb=2210.3
[2026-09-13 00:20:31] INFO Val horizons | 15min_mae=1.314599 15min_rmse=2.773057 15min_mape=2.819220 | 30min_mae=1.639278 30min_rmse=3.774267 30min_mape=3.794826 | 60min_mae=1.926594 60min_rmse=4.556181 60min_mape=4.662560
[2026-09-13 00:23:02] INFO Epoch 020 | stage=posthoc_calibrator | train_total=1.402976 | train_forecast=1.402976 | train_confidence=0.000000 | train_risk=0.000000 | train_blend=0.000000 | val_total=1.579415 | val_mae=1.574697 | val_rmse=3.686896 | val_mape=3.627731 | val_confidence=0.000000 | val_risk=0.000000 | val_blend=0.000000 | batches=1131/154 | seconds=151.04 | lr=[0.00025] | cuda_peak_mb=2210.6
[2026-09-13 00:23:02] INFO Val horizons | 15min_mae=1.314718 15min_rmse=2.773117 15min_mape=2.821781 | 30min_mae=1.638916 30min_rmse=3.773130 30min_mape=3.795060 | 60min_mae=1.923606 60min_rmse=4.554349 60min_mape=4.639755
[2026-09-13 00:25:32] INFO Epoch 021 | stage=posthoc_calibrator | train_total=1.402478 | train_forecast=1.402478 | train_confidence=0.000000 | train_risk=0.000000 | train_blend=0.000000 | val_total=1.581680 | val_mae=1.576932 | val_rmse=3.696266 | val_mape=3.639785 | val_confidence=0.000000 | val_risk=0.000000 | val_blend=0.000000 | batches=1131/154 | seconds=150.35 | lr=[0.000125] | cuda_peak_mb=2211.0
[2026-09-13 00:25:32] INFO Val horizons | 15min_mae=1.315280 15min_rmse=2.778079 15min_mape=2.821436 | 30min_mae=1.641123 30min_rmse=3.783062 30min_mape=3.803807 | 60min_mae=1.928006 60min_rmse=4.566979 60min_mape=4.670721
[2026-09-13 00:28:02] INFO Epoch 022 | stage=posthoc_calibrator | train_total=1.402456 | train_forecast=1.402456 | train_confidence=0.000000 | train_risk=0.000000 | train_blend=0.000000 | val_total=1.580270 | val_mae=1.575550 | val_rmse=3.692813 | val_mape=3.635657 | val_confidence=0.000000 | val_risk=0.000000 | val_blend=0.000000 | batches=1131/154 | seconds=149.94 | lr=[0.000125] | cuda_peak_mb=2210.3
[2026-09-13 00:28:02] INFO Val horizons | 15min_mae=1.314688 15min_rmse=2.775251 15min_mape=2.821550 | 30min_mae=1.639683 30min_rmse=3.778074 30min_mape=3.800905 | 60min_mae=1.925887 60min_rmse=4.565755 60min_mape=4.661352
[2026-09-13 00:30:32] INFO Epoch 023 | stage=posthoc_calibrator | train_total=1.402331 | train_forecast=1.402331 | train_confidence=0.000000 | train_risk=0.000000 | train_blend=0.000000 | val_total=1.579441 | val_mae=1.574707 | val_rmse=3.687326 | val_mape=3.631555 | val_confidence=0.000000 | val_risk=0.000000 | val_blend=0.000000 | batches=1131/154 | seconds=149.83 | lr=[0.000125] | cuda_peak_mb=2210.1
[2026-09-13 00:30:32] INFO Val horizons | 15min_mae=1.313856 15min_rmse=2.772211 15min_mape=2.814066 | 30min_mae=1.639124 30min_rmse=3.775304 30min_mape=3.795063 | 60min_mae=1.924342 60min_rmse=4.552689 60min_mape=4.661110
[2026-09-13 00:33:02] INFO Epoch 024 | stage=posthoc_calibrator | train_total=1.402302 | train_forecast=1.402302 | train_confidence=0.000000 | train_risk=0.000000 | train_blend=0.000000 | val_total=1.578361 | val_mae=1.573643 | val_rmse=3.682834 | val_mape=3.625985 | val_confidence=0.000000 | val_risk=0.000000 | val_blend=0.000000 | batches=1131/154 | seconds=149.89 | lr=[0.000125] | cuda_peak_mb=2210.3
[2026-09-13 00:33:02] INFO Val horizons | 15min_mae=1.313795 15min_rmse=2.770952 15min_mape=2.815574 | 30min_mae=1.638123 30min_rmse=3.771406 30min_mape=3.791564 | 60min_mae=1.922233 60min_rmse=4.545852 60min_mape=4.645997
[2026-09-13 00:35:32] INFO Epoch 025 | stage=posthoc_calibrator | train_total=1.402077 | train_forecast=1.402077 | train_confidence=0.000000 | train_risk=0.000000 | train_blend=0.000000 | val_total=1.579036 | val_mae=1.574317 | val_rmse=3.684397 | val_mape=3.623136 | val_confidence=0.000000 | val_risk=0.000000 | val_blend=0.000000 | batches=1131/154 | seconds=150.48 | lr=[0.000125] | cuda_peak_mb=2210.6
[2026-09-13 00:35:32] INFO Val horizons | 15min_mae=1.313863 15min_rmse=2.769981 15min_mape=2.814454 | 30min_mae=1.638601 30min_rmse=3.771570 30min_mape=3.788420 | 60min_mae=1.923518 60min_rmse=4.550185 60min_mape=4.639944
[2026-09-13 00:38:03] INFO Epoch 026 | stage=posthoc_calibrator | train_total=1.402102 | train_forecast=1.402102 | train_confidence=0.000000 | train_risk=0.000000 | train_blend=0.000000 | val_total=1.578387 | val_mae=1.573688 | val_rmse=3.681472 | val_mape=3.625395 | val_confidence=0.000000 | val_risk=0.000000 | val_blend=0.000000 | batches=1131/154 | seconds=150.27 | lr=[0.000125] | cuda_peak_mb=2210.3
[2026-09-13 00:38:03] INFO Val horizons | 15min_mae=1.313702 15min_rmse=2.769011 15min_mape=2.814738 | 30min_mae=1.637879 30min_rmse=3.769128 30min_mape=3.790236 | 60min_mae=1.922619 60min_rmse=4.544469 60min_mape=4.646700
[2026-09-13 00:40:32] INFO Epoch 027 | stage=posthoc_calibrator | train_total=1.402034 | train_forecast=1.402034 | train_confidence=0.000000 | train_risk=0.000000 | train_blend=0.000000 | val_total=1.579383 | val_mae=1.574676 | val_rmse=3.686727 | val_mape=3.632392 | val_confidence=0.000000 | val_risk=0.000000 | val_blend=0.000000 | batches=1131/154 | seconds=149.71 | lr=[0.000125] | cuda_peak_mb=2210.6
[2026-09-13 00:40:32] INFO Val horizons | 15min_mae=1.313834 15min_rmse=2.772254 15min_mape=2.817030 | 30min_mae=1.638812 30min_rmse=3.773636 30min_mape=3.796886 | 60min_mae=1.924673 60min_rmse=4.553599 60min_mape=4.658680
[2026-09-13 00:43:02] INFO Epoch 028 | stage=posthoc_calibrator | train_total=1.401887 | train_forecast=1.401887 | train_confidence=0.000000 | train_risk=0.000000 | train_blend=0.000000 | val_total=1.578175 | val_mae=1.573466 | val_rmse=3.681714 | val_mape=3.623306 | val_confidence=0.000000 | val_risk=0.000000 | val_blend=0.000000 | batches=1131/154 | seconds=149.87 | lr=[0.000125] | cuda_peak_mb=2211.0
[2026-09-13 00:43:02] INFO Val horizons | 15min_mae=1.313192 15min_rmse=2.768527 15min_mape=2.812296 | 30min_mae=1.637351 30min_rmse=3.768462 30min_mape=3.786013 | 60min_mae=1.923051 60min_rmse=4.546027 60min_mape=4.647023
[2026-09-13 00:45:32] INFO Epoch 029 | stage=posthoc_calibrator | train_total=1.401851 | train_forecast=1.401851 | train_confidence=0.000000 | train_risk=0.000000 | train_blend=0.000000 | val_total=1.577083 | val_mae=1.572363 | val_rmse=3.676964 | val_mape=3.615086 | val_confidence=0.000000 | val_risk=0.000000 | val_blend=0.000000 | batches=1131/154 | seconds=149.69 | lr=[0.000125] | cuda_peak_mb=2210.3
[2026-09-13 00:45:32] INFO Val horizons | 15min_mae=1.313317 15min_rmse=2.768246 15min_mape=2.811614 | 30min_mae=1.636545 30min_rmse=3.764082 30min_mape=3.779541 | 60min_mae=1.920154 60min_rmse=4.538649 60min_mape=4.627863
[2026-09-13 00:45:32] INFO Checkpoint updated | epoch=29 | stage=posthoc_calibrator | best_val_mae=1.572363 | path=C:\Users\clw\projects\researchRep\STAnchor-BlockMemory\artifacts\cross_dataset_pemsbay\pemsbay_source_router_dcrnn_seed42\downstream_best.pt
[2026-09-13 00:48:02] INFO Epoch 030 | stage=posthoc_calibrator | train_total=1.401792 | train_forecast=1.401792 | train_confidence=0.000000 | train_risk=0.000000 | train_blend=0.000000 | val_total=1.577189 | val_mae=1.572468 | val_rmse=3.678178 | val_mape=3.621504 | val_confidence=0.000000 | val_risk=0.000000 | val_blend=0.000000 | batches=1131/154 | seconds=149.88 | lr=[0.000125] | cuda_peak_mb=2210.1
[2026-09-13 00:48:02] INFO Val horizons | 15min_mae=1.313190 15min_rmse=2.768207 15min_mape=2.814402 | 30min_mae=1.636387 30min_rmse=3.763746 30min_mape=3.785504 | 60min_mae=1.920834 60min_rmse=4.542261 60min_mape=4.639248
[2026-09-13 00:50:32] INFO Epoch 031 | stage=posthoc_calibrator | train_total=1.401600 | train_forecast=1.401600 | train_confidence=0.000000 | train_risk=0.000000 | train_blend=0.000000 | val_total=1.579772 | val_mae=1.575057 | val_rmse=3.690280 | val_mape=3.633653 | val_confidence=0.000000 | val_risk=0.000000 | val_blend=0.000000 | batches=1131/154 | seconds=149.89 | lr=[6.25e-05] | cuda_peak_mb=2210.3
[2026-09-13 00:50:32] INFO Val horizons | 15min_mae=1.313915 15min_rmse=2.772511 15min_mape=2.818074 | 30min_mae=1.638935 30min_rmse=3.775037 30min_mape=3.798139 | 60min_mae=1.925935 60min_rmse=4.562900 60min_mape=4.661788
[2026-09-13 00:53:01] INFO Epoch 032 | stage=posthoc_calibrator | train_total=1.401533 | train_forecast=1.401533 | train_confidence=0.000000 | train_risk=0.000000 | train_blend=0.000000 | val_total=1.578674 | val_mae=1.573966 | val_rmse=3.685409 | val_mape=3.626775 | val_confidence=0.000000 | val_risk=0.000000 | val_blend=0.000000 | batches=1131/154 | seconds=149.71 | lr=[6.25e-05] | cuda_peak_mb=2210.6
[2026-09-13 00:53:01] INFO Val horizons | 15min_mae=1.313773 15min_rmse=2.772233 15min_mape=2.815018 | 30min_mae=1.637797 30min_rmse=3.770945 30min_mape=3.789719 | 60min_mae=1.924017 60min_rmse=4.554911 60min_mape=4.653996
[2026-09-13 00:55:31] INFO Epoch 033 | stage=posthoc_calibrator | train_total=1.401495 | train_forecast=1.401495 | train_confidence=0.000000 | train_risk=0.000000 | train_blend=0.000000 | val_total=1.578701 | val_mae=1.573991 | val_rmse=3.686693 | val_mape=3.627318 | val_confidence=0.000000 | val_risk=0.000000 | val_blend=0.000000 | batches=1131/154 | seconds=149.71 | lr=[6.25e-05] | cuda_peak_mb=2210.3
[2026-09-13 00:55:31] INFO Val horizons | 15min_mae=1.313705 15min_rmse=2.771650 15min_mape=2.814317 | 30min_mae=1.637805 30min_rmse=3.771229 30min_mape=3.790082 | 60min_mae=1.924096 60min_rmse=4.558260 60min_mape=4.655395
[2026-09-13 00:58:01] INFO Epoch 034 | stage=posthoc_calibrator | train_total=1.401509 | train_forecast=1.401509 | train_confidence=0.000000 | train_risk=0.000000 | train_blend=0.000000 | val_total=1.578399 | val_mae=1.573682 | val_rmse=3.685135 | val_mape=3.629142 | val_confidence=0.000000 | val_risk=0.000000 | val_blend=0.000000 | batches=1131/154 | seconds=149.72 | lr=[6.25e-05] | cuda_peak_mb=2210.6
[2026-09-13 00:58:01] INFO Val horizons | 15min_mae=1.313789 15min_rmse=2.771491 15min_mape=2.817606 | 30min_mae=1.637737 30min_rmse=3.771164 30min_mape=3.793975 | 60min_mae=1.923309 60min_rmse=4.554963 60min_mape=4.654601
[2026-09-13 01:00:31] INFO Epoch 035 | stage=posthoc_calibrator | train_total=1.401460 | train_forecast=1.401460 | train_confidence=0.000000 | train_risk=0.000000 | train_blend=0.000000 | val_total=1.577732 | val_mae=1.573016 | val_rmse=3.682770 | val_mape=3.625328 | val_confidence=0.000000 | val_risk=0.000000 | val_blend=0.000000 | batches=1131/154 | seconds=149.78 | lr=[6.25e-05] | cuda_peak_mb=2211.0
[2026-09-13 01:00:31] INFO Val horizons | 15min_mae=1.313191 15min_rmse=2.768968 15min_mape=2.813738 | 30min_mae=1.636701 30min_rmse=3.767680 30min_mape=3.787140 | 60min_mae=1.922405 60min_rmse=4.550310 60min_mape=4.652500
[2026-09-13 01:03:01] INFO Epoch 036 | stage=posthoc_calibrator | train_total=1.401356 | train_forecast=1.401356 | train_confidence=0.000000 | train_risk=0.000000 | train_blend=0.000000 | val_total=1.578515 | val_mae=1.573801 | val_rmse=3.686403 | val_mape=3.626710 | val_confidence=0.000000 | val_risk=0.000000 | val_blend=0.000000 | batches=1131/154 | seconds=149.89 | lr=[6.25e-05] | cuda_peak_mb=2210.3
[2026-09-13 01:03:01] INFO Val horizons | 15min_mae=1.313938 15min_rmse=2.772698 15min_mape=2.814669 | 30min_mae=1.637928 30min_rmse=3.772108 30min_mape=3.790015 | 60min_mae=1.923569 60min_rmse=4.557718 60min_mape=4.655188
[2026-09-13 01:05:30] INFO Epoch 037 | stage=posthoc_calibrator | train_total=1.401264 | train_forecast=1.401264 | train_confidence=0.000000 | train_risk=0.000000 | train_blend=0.000000 | val_total=1.576837 | val_mae=1.572124 | val_rmse=3.678130 | val_mape=3.619097 | val_confidence=0.000000 | val_risk=0.000000 | val_blend=0.000000 | batches=1131/154 | seconds=149.85 | lr=[6.25e-05] | cuda_peak_mb=2210.1
[2026-09-13 01:05:30] INFO Val horizons | 15min_mae=1.313235 15min_rmse=2.768768 15min_mape=2.814234 | 30min_mae=1.635987 30min_rmse=3.763671 30min_mape=3.782542 | 60min_mae=1.920503 60min_rmse=4.543551 60min_mape=4.637710
[2026-09-13 01:05:30] INFO Checkpoint updated | epoch=37 | stage=posthoc_calibrator | best_val_mae=1.572124 | path=C:\Users\clw\projects\researchRep\STAnchor-BlockMemory\artifacts\cross_dataset_pemsbay\pemsbay_source_router_dcrnn_seed42\downstream_best.pt
[2026-09-13 01:08:00] INFO Epoch 038 | stage=posthoc_calibrator | train_total=1.401259 | train_forecast=1.401259 | train_confidence=0.000000 | train_risk=0.000000 | train_blend=0.000000 | val_total=1.577352 | val_mae=1.572652 | val_rmse=3.679777 | val_mape=3.622084 | val_confidence=0.000000 | val_risk=0.000000 | val_blend=0.000000 | batches=1131/154 | seconds=149.77 | lr=[6.25e-05] | cuda_peak_mb=2210.3
[2026-09-13 01:08:00] INFO Val horizons | 15min_mae=1.313035 15min_rmse=2.768867 15min_mape=2.813995 | 30min_mae=1.636381 30min_rmse=3.765085 30min_mape=3.785923 | 60min_mae=1.921778 60min_rmse=4.545129 60min_mape=4.641897
[2026-09-13 01:10:30] INFO Epoch 039 | stage=posthoc_calibrator | train_total=1.401231 | train_forecast=1.401231 | train_confidence=0.000000 | train_risk=0.000000 | train_blend=0.000000 | val_total=1.577134 | val_mae=1.572414 | val_rmse=3.679369 | val_mape=3.621151 | val_confidence=0.000000 | val_risk=0.000000 | val_blend=0.000000 | batches=1131/154 | seconds=149.67 | lr=[6.25e-05] | cuda_peak_mb=2210.6
[2026-09-13 01:10:30] INFO Val horizons | 15min_mae=1.312800 15min_rmse=2.767356 15min_mape=2.810916 | 30min_mae=1.636304 30min_rmse=3.765045 30min_mape=3.783926 | 60min_mae=1.921274 60min_rmse=4.545032 60min_mape=4.644708
[2026-09-13 01:13:00] INFO Epoch 040 | stage=posthoc_calibrator | train_total=1.401238 | train_forecast=1.401238 | train_confidence=0.000000 | train_risk=0.000000 | train_blend=0.000000 | val_total=1.578492 | val_mae=1.573783 | val_rmse=3.686291 | val_mape=3.625686 | val_confidence=0.000000 | val_risk=0.000000 | val_blend=0.000000 | batches=1131/154 | seconds=149.78 | lr=[6.25e-05] | cuda_peak_mb=2210.3
[2026-09-13 01:13:00] INFO Val horizons | 15min_mae=1.313397 15min_rmse=2.771028 15min_mape=2.813538 | 30min_mae=1.637323 30min_rmse=3.770484 30min_mape=3.787478 | 60min_mae=1.923853 60min_rmse=4.555968 60min_mape=4.651985
[2026-09-13 01:15:29] INFO Epoch 041 | stage=posthoc_calibrator | train_total=1.401159 | train_forecast=1.401159 | train_confidence=0.000000 | train_risk=0.000000 | train_blend=0.000000 | val_total=1.578238 | val_mae=1.573532 | val_rmse=3.684870 | val_mape=3.627607 | val_confidence=0.000000 | val_risk=0.000000 | val_blend=0.000000 | batches=1131/154 | seconds=149.73 | lr=[3.125e-05] | cuda_peak_mb=2210.6
[2026-09-13 01:15:29] INFO Val horizons | 15min_mae=1.313239 15min_rmse=2.770279 15min_mape=2.814339 | 30min_mae=1.637386 30min_rmse=3.770816 30min_mape=3.791157 | 60min_mae=1.923342 60min_rmse=4.552991 60min_mape=4.654172
[2026-09-13 01:17:59] INFO Epoch 042 | stage=posthoc_calibrator | train_total=1.401075 | train_forecast=1.401075 | train_confidence=0.000000 | train_risk=0.000000 | train_blend=0.000000 | val_total=1.577865 | val_mae=1.573152 | val_rmse=3.682510 | val_mape=3.627883 | val_confidence=0.000000 | val_risk=0.000000 | val_blend=0.000000 | batches=1131/154 | seconds=149.86 | lr=[3.125e-05] | cuda_peak_mb=2211.0
[2026-09-13 01:17:59] INFO Val horizons | 15min_mae=1.313294 15min_rmse=2.770538 15min_mape=2.815876 | 30min_mae=1.637091 30min_rmse=3.769519 30min_mape=3.791934 | 60min_mae=1.922397 60min_rmse=4.547593 60min_mape=4.652622
[2026-09-13 01:20:29] INFO Epoch 043 | stage=posthoc_calibrator | train_total=1.401124 | train_forecast=1.401124 | train_confidence=0.000000 | train_risk=0.000000 | train_blend=0.000000 | val_total=1.578079 | val_mae=1.573368 | val_rmse=3.683544 | val_mape=3.629090 | val_confidence=0.000000 | val_risk=0.000000 | val_blend=0.000000 | batches=1131/154 | seconds=149.73 | lr=[3.125e-05] | cuda_peak_mb=2210.3
[2026-09-13 01:20:29] INFO Val horizons | 15min_mae=1.313347 15min_rmse=2.771215 15min_mape=2.815570 | 30min_mae=1.637322 30min_rmse=3.770115 30min_mape=3.792353 | 60min_mae=1.922844 60min_rmse=4.549998 60min_mape=4.656618
[2026-09-13 01:22:59] INFO Epoch 044 | stage=posthoc_calibrator | train_total=1.401040 | train_forecast=1.401040 | train_confidence=0.000000 | train_risk=0.000000 | train_blend=0.000000 | val_total=1.577465 | val_mae=1.572757 | val_rmse=3.681402 | val_mape=3.622821 | val_confidence=0.000000 | val_risk=0.000000 | val_blend=0.000000 | batches=1131/154 | seconds=149.88 | lr=[3.125e-05] | cuda_peak_mb=2210.1
[2026-09-13 01:22:59] INFO Val horizons | 15min_mae=1.313104 15min_rmse=2.769806 15min_mape=2.813301 | 30min_mae=1.636556 30min_rmse=3.767326 30min_mape=3.785673 | 60min_mae=1.921951 60min_rmse=4.547657 60min_mape=4.646463
[2026-09-13 01:25:29] INFO Epoch 045 | stage=posthoc_calibrator | train_total=1.400995 | train_forecast=1.400995 | train_confidence=0.000000 | train_risk=0.000000 | train_blend=0.000000 | val_total=1.579307 | val_mae=1.574603 | val_rmse=3.689568 | val_mape=3.632678 | val_confidence=0.000000 | val_risk=0.000000 | val_blend=0.000000 | batches=1131/154 | seconds=150.04 | lr=[3.125e-05] | cuda_peak_mb=2210.3
[2026-09-13 01:25:29] INFO Val horizons | 15min_mae=1.313832 15min_rmse=2.773129 15min_mape=2.817110 | 30min_mae=1.638443 30min_rmse=3.774864 30min_mape=3.796330 | 60min_mae=1.925109 60min_rmse=4.560901 60min_mape=4.661854
[2026-09-13 01:27:59] INFO Epoch 046 | stage=posthoc_calibrator | train_total=1.401039 | train_forecast=1.401039 | train_confidence=0.000000 | train_risk=0.000000 | train_blend=0.000000 | val_total=1.577858 | val_mae=1.573150 | val_rmse=3.683496 | val_mape=3.624852 | val_confidence=0.000000 | val_risk=0.000000 | val_blend=0.000000 | batches=1131/154 | seconds=149.84 | lr=[3.125e-05] | cuda_peak_mb=2210.6
[2026-09-13 01:27:59] INFO Val horizons | 15min_mae=1.313205 15min_rmse=2.770056 15min_mape=2.813900 | 30min_mae=1.637020 30min_rmse=3.769391 30min_mape=3.788430 | 60min_mae=1.922516 60min_rmse=4.551078 60min_mape=4.648629
[2026-09-13 01:30:28] INFO Epoch 047 | stage=posthoc_calibrator | train_total=1.400855 | train_forecast=1.400855 | train_confidence=0.000000 | train_risk=0.000000 | train_blend=0.000000 | val_total=1.577579 | val_mae=1.572869 | val_rmse=3.682092 | val_mape=3.625588 | val_confidence=0.000000 | val_risk=0.000000 | val_blend=0.000000 | batches=1131/154 | seconds=149.67 | lr=[3.125e-05] | cuda_peak_mb=2210.3
[2026-09-13 01:30:28] INFO Val horizons | 15min_mae=1.313250 15min_rmse=2.769909 15min_mape=2.815215 | 30min_mae=1.636641 30min_rmse=3.768020 30min_mape=3.788342 | 60min_mae=1.921939 60min_rmse=4.548418 60min_mape=4.650333
[2026-09-13 01:32:58] INFO Epoch 048 | stage=posthoc_calibrator | train_total=1.400990 | train_forecast=1.400990 | train_confidence=0.000000 | train_risk=0.000000 | train_blend=0.000000 | val_total=1.578736 | val_mae=1.574030 | val_rmse=3.687079 | val_mape=3.630774 | val_confidence=0.000000 | val_risk=0.000000 | val_blend=0.000000 | batches=1131/154 | seconds=149.78 | lr=[3.125e-05] | cuda_peak_mb=2210.6
[2026-09-13 01:32:58] INFO Val horizons | 15min_mae=1.313487 15min_rmse=2.772105 15min_mape=2.815433 | 30min_mae=1.637949 30min_rmse=3.773551 30min_mape=3.794080 | 60min_mae=1.924191 60min_rmse=4.556065 60min_mape=4.660580
[2026-09-13 01:35:28] INFO Epoch 049 | stage=posthoc_calibrator | train_total=1.400872 | train_forecast=1.400872 | train_confidence=0.000000 | train_risk=0.000000 | train_blend=0.000000 | val_total=1.577397 | val_mae=1.572688 | val_rmse=3.681116 | val_mape=3.624037 | val_confidence=0.000000 | val_risk=0.000000 | val_blend=0.000000 | batches=1131/154 | seconds=149.64 | lr=[3.125e-05] | cuda_peak_mb=2211.0
[2026-09-13 01:35:28] INFO Val horizons | 15min_mae=1.313078 15min_rmse=2.769440 15min_mape=2.814117 | 30min_mae=1.636553 30min_rmse=3.766954 30min_mape=3.787881 | 60min_mae=1.921862 60min_rmse=4.548302 60min_mape=4.647259
[2026-09-13 01:37:58] INFO Epoch 050 | stage=posthoc_calibrator | train_total=1.400951 | train_forecast=1.400951 | train_confidence=0.000000 | train_risk=0.000000 | train_blend=0.000000 | val_total=1.577438 | val_mae=1.572729 | val_rmse=3.681637 | val_mape=3.623267 | val_confidence=0.000000 | val_risk=0.000000 | val_blend=0.000000 | batches=1131/154 | seconds=149.64 | lr=[3.125e-05] | cuda_peak_mb=2210.3
[2026-09-13 01:37:58] INFO Val horizons | 15min_mae=1.313109 15min_rmse=2.769544 15min_mape=2.813380 | 30min_mae=1.636745 30min_rmse=3.768325 30min_mape=3.787310 | 60min_mae=1.921358 60min_rmse=4.546297 60min_mape=4.643923
[2026-09-13 01:37:58] INFO Downstream training finished | best_val_mae=1.572124 | checkpoint=C:\Users\clw\projects\researchRep\STAnchor-BlockMemory\artifacts\cross_dataset_pemsbay\pemsbay_source_router_dcrnn_seed42\downstream_best.pt
