{
  "schema_version": 1,
  "diagnostic": "frozen_cfdp_probes",
  "split": "val",
  "checkpoint": "C:\\Users\\clw\\projects\\researchRep\\STAnchor-BlockMemory\\artifacts\\metrla_e5_final_sym_profile_seed42\\pretrain_best_relation.pt",
  "checkpoint_epoch": 18,
  "context_length": 288,
  "forecast_horizon": 12,
  "profile_dim": 12,
  "probe_epochs": 5,
  "max_train_batches": null,
  "max_val_batches": null,
  "probe_parameter_counts": {
    "linear_pooled": 1164,
    "mlp_pooled": 10476,
    "horizon_specific": 11628
  },
  "probe_contract": {
    "original": "checkpoint profile head without retraining",
    "linear_pooled": "A: checkpoint shared pooling followed by a newly trained linear head",
    "mlp_pooled": "B: checkpoint shared pooling followed by a newly trained two-layer MLP",
    "horizon_specific": "C: one learned history-token attention distribution per future horizon",
    "teacher_profile_oracle": "true CFDP used directly as an offline profile key; this is a geometry upper-bound diagnostic, not a deployable method"
  },
  "train_history": [
    {
      "epoch": 1,
      "linear_pooled": 0.9469046434243071,
      "mlp_pooled": 0.907362078914185,
      "horizon_specific": 0.9610090309961559
    },
    {
      "epoch": 2,
      "linear_pooled": 0.9310281030802195,
      "mlp_pooled": 0.8802726849262066,
      "horizon_specific": 0.9291675775528626
    },
    {
      "epoch": 3,
      "linear_pooled": 0.9294505662406953,
      "mlp_pooled": 0.8735729442496898,
      "horizon_specific": 0.9208422285965703
    },
    {
      "epoch": 4,
      "linear_pooled": 0.9288700106954373,
      "mlp_pooled": 0.8699963879686149,
      "horizon_specific": 0.9162807031646266
    },
    {
      "epoch": 5,
      "linear_pooled": 0.9285649250357376,
      "mlp_pooled": 0.8675809732949616,
      "horizon_specific": 0.9132690469199747
    }
  ],
  "validation": {
    "original": {
      "profile_mae": 1.301085930553422,
      "profile_cosine": 0.06656594872759393,
      "profile_mae_relation_spearman": 0.1438116304996045,
      "profile_mae_relation_recall_at_k": 0.48498075220578735,
      "od_relation_spearman": 0.20626923133705632,
      "od_relation_recall_at_k": 0.509471373672466
    },
    "linear_pooled": {
      "profile_mae": 1.2682214058857382,
      "profile_cosine": 0.3579671917028603,
      "profile_mae_relation_spearman": 0.10959412656831352,
      "profile_mae_relation_recall_at_k": 0.4894533361185441,
      "od_relation_spearman": 0.055082998549224216,
      "od_relation_recall_at_k": 0.45944866094372216
    },
    "mlp_pooled": {
      "profile_mae": 1.2254923833215974,
      "profile_cosine": 0.3833778586145759,
      "profile_mae_relation_spearman": 0.11815555848200883,
      "profile_mae_relation_recall_at_k": 0.4955231056423721,
      "od_relation_spearman": 0.04811125719466624,
      "od_relation_recall_at_k": 0.45903021621854634
    },
    "horizon_specific": {
      "profile_mae": 1.2577020573998234,
      "profile_cosine": 0.34653029092117177,
      "profile_mae_relation_spearman": 0.12080708806299595,
      "profile_mae_relation_recall_at_k": 0.4921566481980681,
      "od_relation_spearman": 0.052823831854490556,
      "od_relation_recall_at_k": 0.45885216168810306
    },
    "teacher_profile_oracle": {
      "profile_mae": 0.0,
      "profile_cosine": 0.9999999955911467,
      "profile_mae_relation_spearman": 0.33764413575231556,
      "profile_mae_relation_recall_at_k": 0.6495011488993442,
      "od_relation_spearman": 0.15858013516591207,
      "od_relation_recall_at_k": 0.539377571760618
    }
  },
  "counts": {
    "batches": 188,
    "profile_points": 7141582
  },
  "future_information_boundary": "future is used only to construct source-train probe targets and offline validation diagnostics; the frozen encoder and all probe inputs use history only",
  "elapsed_seconds": 3493.533044899814
}
