[2026-09-09 20:59:35] INFO Downstream start | run=cross_dataset_final/pems04_baseonly_gwn_seed42 | device=cuda:0 (requested=cuda:0) | seed=42 | output=C:\Users\clw\projects\researchRep\STAnchor-BlockMemory\artifacts\cross_dataset_final\pems04_baseonly_gwn_seed42
[2026-09-09 20:59:35] INFO Mode | downstream_mode=base_only | training_protocol=staged_joint | candidate_protocol=weekday_radius1_overlap
[2026-09-09 20:59:35] INFO Downstream initialization | seed=42 | state_hash=1152feb989d8a98e
[2026-09-09 20:59:35] INFO Data | steps=16992 | nodes=307 | channels=1 | training_scope=full_train | memory/post_memory/train_selected/val/test=8116/3479/11595/1400/3100
[2026-09-09 20:59:35] INFO Bank/retrieval | disabled (base_only)
[2026-09-09 20:59:35] INFO Parameters | downstream_total=311,637 | downstream_trainable=311,368 | backbone=311,368 | confidence_head=0 | fusion=0 | frozen_pretrained=0
[2026-09-09 20:59:35] INFO Optimization | epochs=50 | batch_size=32 | optimizer=adam | lr=0.001 | weight_decay=0.0001 | scheduler=step_lr | step_size=10 | gamma=0.950 | confidence_weight=0.000 | patience=10 | early_stopping=disabled
[2026-09-09 20:59:37] INFO Stage start | stage=standard | epochs=50 | optimizer_lrs=[0.001]
[2026-09-09 21:00:14] INFO Epoch 001 | stage=standard | train_total=1.963999 | train_forecast=1.963999 | train_confidence=0.000000 | train_risk=0.000000 | train_blend=0.000000 | val_total=2.168128 | val_mae=2.175491 | val_rmse=4.826355 | val_mape=5.367177 | val_confidence=0.000000 | val_risk=0.000000 | val_blend=0.000000 | batches=363/44 | seconds=37.50 | lr=[0.001] | cuda_peak_mb=1020.2
[2026-09-09 21:00:14] INFO Val horizons | 15min_mae=1.671769 15min_rmse=3.399247 15min_mape=3.666421 | 30min_mae=2.204728 30min_rmse=4.724577 30min_mape=5.306339 | 60min_mae=2.892849 60min_rmse=6.356742 60min_mape=7.837424
[2026-09-09 21:00:14] INFO Checkpoint updated | epoch=1 | stage=standard | best_val_mae=2.175491 | path=C:\Users\clw\projects\researchRep\STAnchor-BlockMemory\artifacts\cross_dataset_final\pems04_baseonly_gwn_seed42\downstream_best.pt
[2026-09-09 21:00:52] INFO Epoch 002 | stage=standard | train_total=1.782396 | train_forecast=1.782396 | train_confidence=0.000000 | train_risk=0.000000 | train_blend=0.000000 | val_total=2.208626 | val_mae=2.216374 | val_rmse=4.838546 | val_mape=5.098631 | val_confidence=0.000000 | val_risk=0.000000 | val_blend=0.000000 | batches=363/44 | seconds=37.18 | lr=[0.001] | cuda_peak_mb=1020.2
[2026-09-09 21:00:52] INFO Val horizons | 15min_mae=1.759600 15min_rmse=3.563499 15min_mape=3.801538 | 30min_mae=2.255840 30min_rmse=4.834525 30min_mape=5.075202 | 60min_mae=2.836380 60min_rmse=6.158037 60min_mape=6.841823
[2026-09-09 21:01:29] INFO Epoch 003 | stage=standard | train_total=1.761796 | train_forecast=1.761796 | train_confidence=0.000000 | train_risk=0.000000 | train_blend=0.000000 | val_total=2.051752 | val_mae=2.058711 | val_rmse=4.592535 | val_mape=4.834547 | val_confidence=0.000000 | val_risk=0.000000 | val_blend=0.000000 | batches=363/44 | seconds=37.23 | lr=[0.001] | cuda_peak_mb=1020.2
[2026-09-09 21:01:29] INFO Val horizons | 15min_mae=1.618486 15min_rmse=3.310594 15min_mape=3.513482 | 30min_mae=2.098781 30min_rmse=4.560503 30min_mape=4.884683 | 60min_mae=2.678097 60min_rmse=5.917014 60min_mape=6.660269
[2026-09-09 21:01:29] INFO Checkpoint updated | epoch=3 | stage=standard | best_val_mae=2.058711 | path=C:\Users\clw\projects\researchRep\STAnchor-BlockMemory\artifacts\cross_dataset_final\pems04_baseonly_gwn_seed42\downstream_best.pt
[2026-09-09 21:02:06] INFO Epoch 004 | stage=standard | train_total=1.738869 | train_forecast=1.738869 | train_confidence=0.000000 | train_risk=0.000000 | train_blend=0.000000 | val_total=2.123217 | val_mae=2.130545 | val_rmse=4.746862 | val_mape=5.351575 | val_confidence=0.000000 | val_risk=0.000000 | val_blend=0.000000 | batches=363/44 | seconds=37.34 | lr=[0.001] | cuda_peak_mb=1020.2
[2026-09-09 21:02:06] INFO Val horizons | 15min_mae=1.632252 15min_rmse=3.320849 15min_mape=3.581692 | 30min_mae=2.162726 30min_rmse=4.637356 30min_mape=5.287518 | 60min_mae=2.831786 60min_rmse=6.298227 60min_mape=7.891736
[2026-09-09 21:02:43] INFO Epoch 005 | stage=standard | train_total=1.719565 | train_forecast=1.719565 | train_confidence=0.000000 | train_risk=0.000000 | train_blend=0.000000 | val_total=2.017347 | val_mae=2.024103 | val_rmse=4.491277 | val_mape=4.766513 | val_confidence=0.000000 | val_risk=0.000000 | val_blend=0.000000 | batches=363/44 | seconds=37.30 | lr=[0.001] | cuda_peak_mb=1020.2
[2026-09-09 21:02:43] INFO Val horizons | 15min_mae=1.598385 15min_rmse=3.267811 15min_mape=3.433150 | 30min_mae=2.066361 30min_rmse=4.477620 30min_mape=4.764440 | 60min_mae=2.629566 60min_rmse=5.768586 60min_mape=6.675639
[2026-09-09 21:02:44] INFO Checkpoint updated | epoch=5 | stage=standard | best_val_mae=2.024103 | path=C:\Users\clw\projects\researchRep\STAnchor-BlockMemory\artifacts\cross_dataset_final\pems04_baseonly_gwn_seed42\downstream_best.pt
[2026-09-09 21:03:21] INFO Epoch 006 | stage=standard | train_total=1.709374 | train_forecast=1.709374 | train_confidence=0.000000 | train_risk=0.000000 | train_blend=0.000000 | val_total=2.079606 | val_mae=2.086451 | val_rmse=4.634768 | val_mape=4.728799 | val_confidence=0.000000 | val_risk=0.000000 | val_blend=0.000000 | batches=363/44 | seconds=37.30 | lr=[0.001] | cuda_peak_mb=1020.2
[2026-09-09 21:03:21] INFO Val horizons | 15min_mae=1.635379 15min_rmse=3.363239 15min_mape=3.352311 | 30min_mae=2.125480 30min_rmse=4.623929 30min_mape=4.705399 | 60min_mae=2.721984 60min_rmse=5.956462 60min_mape=6.672464
[2026-09-09 21:03:58] INFO Epoch 007 | stage=standard | train_total=1.699078 | train_forecast=1.699078 | train_confidence=0.000000 | train_risk=0.000000 | train_blend=0.000000 | val_total=2.002531 | val_mae=2.009221 | val_rmse=4.458431 | val_mape=4.759313 | val_confidence=0.000000 | val_risk=0.000000 | val_blend=0.000000 | batches=363/44 | seconds=37.30 | lr=[0.001] | cuda_peak_mb=1020.2
[2026-09-09 21:03:58] INFO Val horizons | 15min_mae=1.589590 15min_rmse=3.273502 15min_mape=3.287579 | 30min_mae=2.046008 30min_rmse=4.430430 30min_mape=4.660934 | 60min_mae=2.609588 60min_rmse=5.739718 60min_mape=6.877440
[2026-09-09 21:03:58] INFO Checkpoint updated | epoch=7 | stage=standard | best_val_mae=2.009221 | path=C:\Users\clw\projects\researchRep\STAnchor-BlockMemory\artifacts\cross_dataset_final\pems04_baseonly_gwn_seed42\downstream_best.pt
[2026-09-09 21:04:35] INFO Epoch 008 | stage=standard | train_total=1.679840 | train_forecast=1.679840 | train_confidence=0.000000 | train_risk=0.000000 | train_blend=0.000000 | val_total=1.979791 | val_mae=1.986385 | val_rmse=4.416798 | val_mape=4.711924 | val_confidence=0.000000 | val_risk=0.000000 | val_blend=0.000000 | batches=363/44 | seconds=37.24 | lr=[0.001] | cuda_peak_mb=1020.2
[2026-09-09 21:04:35] INFO Val horizons | 15min_mae=1.565437 15min_rmse=3.217884 15min_mape=3.261589 | 30min_mae=2.029541 30min_rmse=4.394697 30min_mape=4.680842 | 60min_mae=2.580398 60min_rmse=5.694029 60min_mape=6.786322
[2026-09-09 21:04:35] INFO Checkpoint updated | epoch=8 | stage=standard | best_val_mae=1.986385 | path=C:\Users\clw\projects\researchRep\STAnchor-BlockMemory\artifacts\cross_dataset_final\pems04_baseonly_gwn_seed42\downstream_best.pt
[2026-09-09 21:05:13] INFO Epoch 009 | stage=standard | train_total=1.669435 | train_forecast=1.669435 | train_confidence=0.000000 | train_risk=0.000000 | train_blend=0.000000 | val_total=1.990979 | val_mae=1.997592 | val_rmse=4.366067 | val_mape=4.525209 | val_confidence=0.000000 | val_risk=0.000000 | val_blend=0.000000 | batches=363/44 | seconds=37.30 | lr=[0.001] | cuda_peak_mb=1020.2
[2026-09-09 21:05:13] INFO Val horizons | 15min_mae=1.564399 15min_rmse=3.221755 15min_mape=3.198979 | 30min_mae=2.033265 30min_rmse=4.374636 30min_mape=4.546704 | 60min_mae=2.621948 60min_rmse=5.562584 60min_mape=6.397104
[2026-09-09 21:05:50] INFO Epoch 010 | stage=standard | train_total=1.655744 | train_forecast=1.655744 | train_confidence=0.000000 | train_risk=0.000000 | train_blend=0.000000 | val_total=1.922290 | val_mae=1.928583 | val_rmse=4.306481 | val_mape=4.428814 | val_confidence=0.000000 | val_risk=0.000000 | val_blend=0.000000 | batches=363/44 | seconds=37.27 | lr=[0.001] | cuda_peak_mb=1020.2
[2026-09-09 21:05:50] INFO Val horizons | 15min_mae=1.549139 15min_rmse=3.201359 15min_mape=3.198687 | 30min_mae=1.982489 30min_rmse=4.331243 30min_mape=4.510488 | 60min_mae=2.458738 60min_rmse=5.445286 60min_mape=6.077119
[2026-09-09 21:05:50] INFO Checkpoint updated | epoch=10 | stage=standard | best_val_mae=1.928583 | path=C:\Users\clw\projects\researchRep\STAnchor-BlockMemory\artifacts\cross_dataset_final\pems04_baseonly_gwn_seed42\downstream_best.pt
[2026-09-09 21:06:27] INFO Epoch 011 | stage=standard | train_total=1.638772 | train_forecast=1.638772 | train_confidence=0.000000 | train_risk=0.000000 | train_blend=0.000000 | val_total=1.920982 | val_mae=1.927256 | val_rmse=4.289333 | val_mape=4.405332 | val_confidence=0.000000 | val_risk=0.000000 | val_blend=0.000000 | batches=363/44 | seconds=37.32 | lr=[0.00095] | cuda_peak_mb=1020.2
[2026-09-09 21:06:27] INFO Val horizons | 15min_mae=1.561309 15min_rmse=3.218187 15min_mape=3.290366 | 30min_mae=1.985782 30min_rmse=4.342090 30min_mape=4.517505 | 60min_mae=2.427459 60min_rmse=5.380377 60min_mape=5.905515
[2026-09-09 21:06:27] INFO Checkpoint updated | epoch=11 | stage=standard | best_val_mae=1.927256 | path=C:\Users\clw\projects\researchRep\STAnchor-BlockMemory\artifacts\cross_dataset_final\pems04_baseonly_gwn_seed42\downstream_best.pt
[2026-09-09 21:07:05] INFO Epoch 012 | stage=standard | train_total=1.627537 | train_forecast=1.627537 | train_confidence=0.000000 | train_risk=0.000000 | train_blend=0.000000 | val_total=1.954234 | val_mae=1.960727 | val_rmse=4.349835 | val_mape=4.733880 | val_confidence=0.000000 | val_risk=0.000000 | val_blend=0.000000 | batches=363/44 | seconds=37.30 | lr=[0.00095] | cuda_peak_mb=1020.2
[2026-09-09 21:07:05] INFO Val horizons | 15min_mae=1.587345 15min_rmse=3.217578 15min_mape=3.463330 | 30min_mae=2.030644 30min_rmse=4.398796 30min_mape=4.864086 | 60min_mae=2.456144 60min_rmse=5.462030 60min_mape=6.392618
[2026-09-09 21:07:42] INFO Epoch 013 | stage=standard | train_total=1.616944 | train_forecast=1.616944 | train_confidence=0.000000 | train_risk=0.000000 | train_blend=0.000000 | val_total=1.901073 | val_mae=1.907233 | val_rmse=4.240532 | val_mape=4.396119 | val_confidence=0.000000 | val_risk=0.000000 | val_blend=0.000000 | batches=363/44 | seconds=37.30 | lr=[0.00095] | cuda_peak_mb=1020.2
[2026-09-09 21:07:42] INFO Val horizons | 15min_mae=1.535836 15min_rmse=3.166362 15min_mape=3.192610 | 30min_mae=1.964446 30min_rmse=4.271454 30min_mape=4.482765 | 60min_mae=2.419099 60min_rmse=5.353568 60min_mape=6.010102
[2026-09-09 21:07:42] INFO Checkpoint updated | epoch=13 | stage=standard | best_val_mae=1.907233 | path=C:\Users\clw\projects\researchRep\STAnchor-BlockMemory\artifacts\cross_dataset_final\pems04_baseonly_gwn_seed42\downstream_best.pt
[2026-09-09 21:08:19] INFO Epoch 014 | stage=standard | train_total=1.600641 | train_forecast=1.600641 | train_confidence=0.000000 | train_risk=0.000000 | train_blend=0.000000 | val_total=1.990516 | val_mae=1.996794 | val_rmse=4.392583 | val_mape=4.511062 | val_confidence=0.000000 | val_risk=0.000000 | val_blend=0.000000 | batches=363/44 | seconds=37.27 | lr=[0.00095] | cuda_peak_mb=1020.2
[2026-09-09 21:08:19] INFO Val horizons | 15min_mae=1.623793 15min_rmse=3.315447 15min_mape=3.421312 | 30min_mae=2.056152 30min_rmse=4.420633 30min_mape=4.614312 | 60min_mae=2.515681 60min_rmse=5.536840 60min_mape=5.951177
[2026-09-09 21:08:56] INFO Epoch 015 | stage=standard | train_total=1.592897 | train_forecast=1.592897 | train_confidence=0.000000 | train_risk=0.000000 | train_blend=0.000000 | val_total=1.996162 | val_mae=2.002819 | val_rmse=4.560737 | val_mape=5.070494 | val_confidence=0.000000 | val_risk=0.000000 | val_blend=0.000000 | batches=363/44 | seconds=37.23 | lr=[0.00095] | cuda_peak_mb=1020.2
[2026-09-09 21:08:56] INFO Val horizons | 15min_mae=1.562773 15min_rmse=3.177483 15min_mape=3.430772 | 30min_mae=2.049279 30min_rmse=4.509877 30min_mape=5.145483 | 60min_mae=2.575028 60min_rmse=5.865278 60min_mape=7.041218
[2026-09-09 21:09:34] INFO Epoch 016 | stage=standard | train_total=1.583778 | train_forecast=1.583778 | train_confidence=0.000000 | train_risk=0.000000 | train_blend=0.000000 | val_total=1.941884 | val_mae=1.948226 | val_rmse=4.397318 | val_mape=4.818932 | val_confidence=0.000000 | val_risk=0.000000 | val_blend=0.000000 | batches=363/44 | seconds=37.22 | lr=[0.00095] | cuda_peak_mb=1020.2
[2026-09-09 21:09:34] INFO Val horizons | 15min_mae=1.548811 15min_rmse=3.160405 15min_mape=3.330932 | 30min_mae=2.013462 30min_rmse=4.440829 30min_mape=4.963446 | 60min_mae=2.473716 60min_rmse=5.570567 60min_mape=6.644920
[2026-09-09 21:10:11] INFO Epoch 017 | stage=standard | train_total=1.577993 | train_forecast=1.577993 | train_confidence=0.000000 | train_risk=0.000000 | train_blend=0.000000 | val_total=1.840390 | val_mae=1.846267 | val_rmse=4.126870 | val_mape=4.231449 | val_confidence=0.000000 | val_risk=0.000000 | val_blend=0.000000 | batches=363/44 | seconds=37.24 | lr=[0.00095] | cuda_peak_mb=1020.2
[2026-09-09 21:10:11] INFO Val horizons | 15min_mae=1.520188 15min_rmse=3.125561 15min_mape=3.147905 | 30min_mae=1.916228 30min_rmse=4.190079 30min_mape=4.369085 | 60min_mae=2.287564 60min_rmse=5.141317 60min_mape=5.620746
[2026-09-09 21:10:11] INFO Checkpoint updated | epoch=17 | stage=standard | best_val_mae=1.846267 | path=C:\Users\clw\projects\researchRep\STAnchor-BlockMemory\artifacts\cross_dataset_final\pems04_baseonly_gwn_seed42\downstream_best.pt
[2026-09-09 21:10:48] INFO Epoch 018 | stage=standard | train_total=1.560758 | train_forecast=1.560758 | train_confidence=0.000000 | train_risk=0.000000 | train_blend=0.000000 | val_total=1.830969 | val_mae=1.836819 | val_rmse=4.116909 | val_mape=4.227585 | val_confidence=0.000000 | val_risk=0.000000 | val_blend=0.000000 | batches=363/44 | seconds=37.22 | lr=[0.00095] | cuda_peak_mb=1020.2
[2026-09-09 21:10:48] INFO Val horizons | 15min_mae=1.513096 15min_rmse=3.112559 15min_mape=3.149439 | 30min_mae=1.903036 30min_rmse=4.176473 30min_mape=4.339792 | 60min_mae=2.279877 60min_rmse=5.129852 60min_mape=5.644383
[2026-09-09 21:10:48] INFO Checkpoint updated | epoch=18 | stage=standard | best_val_mae=1.836819 | path=C:\Users\clw\projects\researchRep\STAnchor-BlockMemory\artifacts\cross_dataset_final\pems04_baseonly_gwn_seed42\downstream_best.pt
[2026-09-09 21:11:25] INFO Epoch 019 | stage=standard | train_total=1.558074 | train_forecast=1.558074 | train_confidence=0.000000 | train_risk=0.000000 | train_blend=0.000000 | val_total=1.825659 | val_mae=1.831484 | val_rmse=4.078049 | val_mape=4.217605 | val_confidence=0.000000 | val_risk=0.000000 | val_blend=0.000000 | batches=363/44 | seconds=37.21 | lr=[0.00095] | cuda_peak_mb=1020.2
[2026-09-09 21:11:25] INFO Val horizons | 15min_mae=1.517001 15min_rmse=3.100723 15min_mape=3.179221 | 30min_mae=1.897930 30min_rmse=4.136657 30min_mape=4.332427 | 60min_mae=2.265918 60min_rmse=5.083899 60min_mape=5.599134
[2026-09-09 21:11:25] INFO Checkpoint updated | epoch=19 | stage=standard | best_val_mae=1.831484 | path=C:\Users\clw\projects\researchRep\STAnchor-BlockMemory\artifacts\cross_dataset_final\pems04_baseonly_gwn_seed42\downstream_best.pt
[2026-09-09 21:12:03] INFO Epoch 020 | stage=standard | train_total=1.548786 | train_forecast=1.548786 | train_confidence=0.000000 | train_risk=0.000000 | train_blend=0.000000 | val_total=1.814197 | val_mae=1.819966 | val_rmse=4.054517 | val_mape=4.176912 | val_confidence=0.000000 | val_risk=0.000000 | val_blend=0.000000 | batches=363/44 | seconds=37.26 | lr=[0.00095] | cuda_peak_mb=1020.2
[2026-09-09 21:12:03] INFO Val horizons | 15min_mae=1.513990 15min_rmse=3.093256 15min_mape=3.198933 | 30min_mae=1.889982 30min_rmse=4.126259 30min_mape=4.311688 | 60min_mae=2.234247 60min_rmse=5.020273 60min_mape=5.452268
[2026-09-09 21:12:03] INFO Checkpoint updated | epoch=20 | stage=standard | best_val_mae=1.819966 | path=C:\Users\clw\projects\researchRep\STAnchor-BlockMemory\artifacts\cross_dataset_final\pems04_baseonly_gwn_seed42\downstream_best.pt
[2026-09-09 21:12:40] INFO Epoch 021 | stage=standard | train_total=1.540672 | train_forecast=1.540672 | train_confidence=0.000000 | train_risk=0.000000 | train_blend=0.000000 | val_total=1.829146 | val_mae=1.834916 | val_rmse=4.081781 | val_mape=4.197766 | val_confidence=0.000000 | val_risk=0.000000 | val_blend=0.000000 | batches=363/44 | seconds=37.24 | lr=[0.0009025] | cuda_peak_mb=1020.2
[2026-09-09 21:12:40] INFO Val horizons | 15min_mae=1.517272 15min_rmse=3.084559 15min_mape=3.152821 | 30min_mae=1.902181 30min_rmse=4.138569 30min_mape=4.315602 | 60min_mae=2.269125 60min_rmse=5.091747 60min_mape=5.578136
[2026-09-09 21:13:17] INFO Epoch 022 | stage=standard | train_total=1.535117 | train_forecast=1.535117 | train_confidence=0.000000 | train_risk=0.000000 | train_blend=0.000000 | val_total=1.802393 | val_mae=1.808021 | val_rmse=4.066851 | val_mape=4.155072 | val_confidence=0.000000 | val_risk=0.000000 | val_blend=0.000000 | batches=363/44 | seconds=37.29 | lr=[0.0009025] | cuda_peak_mb=1020.2
[2026-09-09 21:13:17] INFO Val horizons | 15min_mae=1.505587 15min_rmse=3.099829 15min_mape=3.139555 | 30min_mae=1.879408 30min_rmse=4.143113 30min_mape=4.329348 | 60min_mae=2.216929 60min_rmse=5.038591 60min_mape=5.398208
[2026-09-09 21:13:17] INFO Checkpoint updated | epoch=22 | stage=standard | best_val_mae=1.808021 | path=C:\Users\clw\projects\researchRep\STAnchor-BlockMemory\artifacts\cross_dataset_final\pems04_baseonly_gwn_seed42\downstream_best.pt
[2026-09-09 21:13:55] INFO Epoch 023 | stage=standard | train_total=1.525738 | train_forecast=1.525738 | train_confidence=0.000000 | train_risk=0.000000 | train_blend=0.000000 | val_total=1.832907 | val_mae=1.838820 | val_rmse=4.104511 | val_mape=4.202890 | val_confidence=0.000000 | val_risk=0.000000 | val_blend=0.000000 | batches=363/44 | seconds=37.24 | lr=[0.0009025] | cuda_peak_mb=1020.2
[2026-09-09 21:13:55] INFO Val horizons | 15min_mae=1.522969 15min_rmse=3.100153 15min_mape=3.178194 | 30min_mae=1.909560 30min_rmse=4.187155 30min_mape=4.322985 | 60min_mae=2.263522 60min_rmse=5.087544 60min_mape=5.577313
[2026-09-09 21:14:32] INFO Epoch 024 | stage=standard | train_total=1.524299 | train_forecast=1.524299 | train_confidence=0.000000 | train_risk=0.000000 | train_blend=0.000000 | val_total=1.796681 | val_mae=1.802353 | val_rmse=4.073979 | val_mape=4.181903 | val_confidence=0.000000 | val_risk=0.000000 | val_blend=0.000000 | batches=363/44 | seconds=37.20 | lr=[0.0009025] | cuda_peak_mb=1020.2
[2026-09-09 21:14:32] INFO Val horizons | 15min_mae=1.501265 15min_rmse=3.093958 15min_mape=3.170864 | 30min_mae=1.870418 30min_rmse=4.160730 30min_mape=4.369171 | 60min_mae=2.220863 60min_rmse=5.039318 60min_mape=5.456135
[2026-09-09 21:14:32] INFO Checkpoint updated | epoch=24 | stage=standard | best_val_mae=1.802353 | path=C:\Users\clw\projects\researchRep\STAnchor-BlockMemory\artifacts\cross_dataset_final\pems04_baseonly_gwn_seed42\downstream_best.pt
[2026-09-09 21:15:09] INFO Epoch 025 | stage=standard | train_total=1.517008 | train_forecast=1.517008 | train_confidence=0.000000 | train_risk=0.000000 | train_blend=0.000000 | val_total=1.822213 | val_mae=1.828013 | val_rmse=4.094347 | val_mape=4.278834 | val_confidence=0.000000 | val_risk=0.000000 | val_blend=0.000000 | batches=363/44 | seconds=37.20 | lr=[0.0009025] | cuda_peak_mb=1020.2
[2026-09-09 21:15:09] INFO Val horizons | 15min_mae=1.504337 15min_rmse=3.075150 15min_mape=3.123255 | 30min_mae=1.889183 30min_rmse=4.133993 30min_mape=4.377645 | 60min_mae=2.276356 60min_rmse=5.124679 60min_mape=5.793621
[2026-09-09 21:15:46] INFO Epoch 026 | stage=standard | train_total=1.509474 | train_forecast=1.509474 | train_confidence=0.000000 | train_risk=0.000000 | train_blend=0.000000 | val_total=1.810355 | val_mae=1.816138 | val_rmse=4.044725 | val_mape=4.043652 | val_confidence=0.000000 | val_risk=0.000000 | val_blend=0.000000 | batches=363/44 | seconds=37.28 | lr=[0.0009025] | cuda_peak_mb=1020.2
[2026-09-09 21:15:46] INFO Val horizons | 15min_mae=1.511586 15min_rmse=3.108306 15min_mape=3.089416 | 30min_mae=1.887712 30min_rmse=4.120859 30min_mape=4.171855 | 60min_mae=2.224436 60min_rmse=4.988158 60min_mape=5.269233
[2026-09-09 21:16:23] INFO Epoch 027 | stage=standard | train_total=1.506324 | train_forecast=1.506324 | train_confidence=0.000000 | train_risk=0.000000 | train_blend=0.000000 | val_total=1.780438 | val_mae=1.786029 | val_rmse=4.040266 | val_mape=4.157108 | val_confidence=0.000000 | val_risk=0.000000 | val_blend=0.000000 | batches=363/44 | seconds=37.24 | lr=[0.0009025] | cuda_peak_mb=1020.2
[2026-09-09 21:16:23] INFO Val horizons | 15min_mae=1.490070 15min_rmse=3.067069 15min_mape=3.111773 | 30min_mae=1.853645 30min_rmse=4.100282 30min_mape=4.318478 | 60min_mae=2.189156 60min_rmse=5.014547 60min_mape=5.431576
[2026-09-09 21:16:23] INFO Checkpoint updated | epoch=27 | stage=standard | best_val_mae=1.786029 | path=C:\Users\clw\projects\researchRep\STAnchor-BlockMemory\artifacts\cross_dataset_final\pems04_baseonly_gwn_seed42\downstream_best.pt
[2026-09-09 21:17:01] INFO Epoch 028 | stage=standard | train_total=1.505254 | train_forecast=1.505254 | train_confidence=0.000000 | train_risk=0.000000 | train_blend=0.000000 | val_total=1.833588 | val_mae=1.839138 | val_rmse=4.020968 | val_mape=4.056633 | val_confidence=0.000000 | val_risk=0.000000 | val_blend=0.000000 | batches=363/44 | seconds=37.30 | lr=[0.0009025] | cuda_peak_mb=1020.2
[2026-09-09 21:17:01] INFO Val horizons | 15min_mae=1.539973 15min_rmse=3.080058 15min_mape=3.128746 | 30min_mae=1.908999 30min_rmse=4.094080 30min_mape=4.186577 | 60min_mae=2.261618 60min_rmse=4.986561 60min_mape=5.298082
[2026-09-09 21:17:38] INFO Epoch 029 | stage=standard | train_total=1.503354 | train_forecast=1.503354 | train_confidence=0.000000 | train_risk=0.000000 | train_blend=0.000000 | val_total=1.783336 | val_mae=1.788960 | val_rmse=4.020442 | val_mape=4.117636 | val_confidence=0.000000 | val_risk=0.000000 | val_blend=0.000000 | batches=363/44 | seconds=37.28 | lr=[0.0009025] | cuda_peak_mb=1020.2
[2026-09-09 21:17:38] INFO Val horizons | 15min_mae=1.496218 15min_rmse=3.078148 15min_mape=3.113877 | 30min_mae=1.860289 30min_rmse=4.093019 30min_mape=4.265995 | 60min_mae=2.182637 60min_rmse=4.969096 60min_mape=5.376810
[2026-09-09 21:18:15] INFO Epoch 030 | stage=standard | train_total=1.492163 | train_forecast=1.492163 | train_confidence=0.000000 | train_risk=0.000000 | train_blend=0.000000 | val_total=1.773760 | val_mae=1.779277 | val_rmse=4.012429 | val_mape=4.058217 | val_confidence=0.000000 | val_risk=0.000000 | val_blend=0.000000 | batches=363/44 | seconds=37.23 | lr=[0.0009025] | cuda_peak_mb=1020.2
[2026-09-09 21:18:15] INFO Val horizons | 15min_mae=1.494852 15min_rmse=3.067417 15min_mape=3.124755 | 30min_mae=1.847806 30min_rmse=4.100856 30min_mape=4.217038 | 60min_mae=2.174377 60min_rmse=4.953011 60min_mape=5.273861
[2026-09-09 21:18:15] INFO Checkpoint updated | epoch=30 | stage=standard | best_val_mae=1.779277 | path=C:\Users\clw\projects\researchRep\STAnchor-BlockMemory\artifacts\cross_dataset_final\pems04_baseonly_gwn_seed42\downstream_best.pt
[2026-09-09 21:18:53] INFO Epoch 031 | stage=standard | train_total=1.487519 | train_forecast=1.487519 | train_confidence=0.000000 | train_risk=0.000000 | train_blend=0.000000 | val_total=1.770693 | val_mae=1.776216 | val_rmse=4.021805 | val_mape=4.076811 | val_confidence=0.000000 | val_risk=0.000000 | val_blend=0.000000 | batches=363/44 | seconds=37.27 | lr=[0.000857375] | cuda_peak_mb=1020.2
[2026-09-09 21:18:53] INFO Val horizons | 15min_mae=1.487107 15min_rmse=3.064632 15min_mape=3.103483 | 30min_mae=1.844836 30min_rmse=4.094211 30min_mape=4.211248 | 60min_mae=2.175109 60min_rmse=4.983779 60min_mape=5.355720
[2026-09-09 21:18:53] INFO Checkpoint updated | epoch=31 | stage=standard | best_val_mae=1.776216 | path=C:\Users\clw\projects\researchRep\STAnchor-BlockMemory\artifacts\cross_dataset_final\pems04_baseonly_gwn_seed42\downstream_best.pt
[2026-09-09 21:19:30] INFO Epoch 032 | stage=standard | train_total=1.490756 | train_forecast=1.490756 | train_confidence=0.000000 | train_risk=0.000000 | train_blend=0.000000 | val_total=1.785951 | val_mae=1.791623 | val_rmse=4.054813 | val_mape=4.077206 | val_confidence=0.000000 | val_risk=0.000000 | val_blend=0.000000 | batches=363/44 | seconds=37.28 | lr=[0.000857375] | cuda_peak_mb=1020.2
[2026-09-09 21:19:30] INFO Val horizons | 15min_mae=1.493868 15min_rmse=3.074994 15min_mape=3.120409 | 30min_mae=1.860807 30min_rmse=4.128502 30min_mape=4.256119 | 60min_mae=2.193510 60min_rmse=5.015721 60min_mape=5.273296
[2026-09-09 21:20:07] INFO Epoch 033 | stage=standard | train_total=1.483631 | train_forecast=1.483631 | train_confidence=0.000000 | train_risk=0.000000 | train_blend=0.000000 | val_total=1.773864 | val_mae=1.779445 | val_rmse=4.032782 | val_mape=4.021548 | val_confidence=0.000000 | val_risk=0.000000 | val_blend=0.000000 | batches=363/44 | seconds=37.32 | lr=[0.000857375] | cuda_peak_mb=1020.2
[2026-09-09 21:20:07] INFO Val horizons | 15min_mae=1.490821 15min_rmse=3.066796 15min_mape=3.092828 | 30min_mae=1.846097 30min_rmse=4.102191 30min_mape=4.168799 | 60min_mae=2.184863 60min_rmse=5.014080 60min_mape=5.230211
[2026-09-09 21:20:45] INFO Epoch 034 | stage=standard | train_total=1.482526 | train_forecast=1.482526 | train_confidence=0.000000 | train_risk=0.000000 | train_blend=0.000000 | val_total=1.798911 | val_mae=1.804684 | val_rmse=4.146636 | val_mape=4.386422 | val_confidence=0.000000 | val_risk=0.000000 | val_blend=0.000000 | batches=363/44 | seconds=37.28 | lr=[0.000857375] | cuda_peak_mb=1020.2
[2026-09-09 21:20:45] INFO Val horizons | 15min_mae=1.527687 15min_rmse=3.146398 15min_mape=3.442175 | 30min_mae=1.882597 30min_rmse=4.266875 30min_mape=4.617369 | 60min_mae=2.180154 60min_rmse=5.085845 60min_mape=5.528857
[2026-09-09 21:21:22] INFO Epoch 035 | stage=standard | train_total=1.481831 | train_forecast=1.481831 | train_confidence=0.000000 | train_risk=0.000000 | train_blend=0.000000 | val_total=1.770734 | val_mae=1.776329 | val_rmse=4.011049 | val_mape=4.092523 | val_confidence=0.000000 | val_risk=0.000000 | val_blend=0.000000 | batches=363/44 | seconds=37.30 | lr=[0.000857375] | cuda_peak_mb=1020.2
[2026-09-09 21:21:22] INFO Val horizons | 15min_mae=1.486269 15min_rmse=3.061963 15min_mape=3.106846 | 30min_mae=1.842512 30min_rmse=4.078965 30min_mape=4.204274 | 60min_mae=2.178985 60min_rmse=4.978673 60min_mape=5.423718
[2026-09-09 21:21:59] INFO Epoch 036 | stage=standard | train_total=1.475081 | train_forecast=1.475081 | train_confidence=0.000000 | train_risk=0.000000 | train_blend=0.000000 | val_total=1.767390 | val_mae=1.772906 | val_rmse=4.001515 | val_mape=4.141020 | val_confidence=0.000000 | val_risk=0.000000 | val_blend=0.000000 | batches=363/44 | seconds=37.29 | lr=[0.000857375] | cuda_peak_mb=1020.2
[2026-09-09 21:21:59] INFO Val horizons | 15min_mae=1.493113 15min_rmse=3.067281 15min_mape=3.198810 | 30min_mae=1.843847 30min_rmse=4.091016 30min_mape=4.296302 | 60min_mae=2.150922 60min_rmse=4.919527 60min_mape=5.325005
[2026-09-09 21:21:59] INFO Checkpoint updated | epoch=36 | stage=standard | best_val_mae=1.772906 | path=C:\Users\clw\projects\researchRep\STAnchor-BlockMemory\artifacts\cross_dataset_final\pems04_baseonly_gwn_seed42\downstream_best.pt
[2026-09-09 21:22:36] INFO Epoch 037 | stage=standard | train_total=1.473122 | train_forecast=1.473122 | train_confidence=0.000000 | train_risk=0.000000 | train_blend=0.000000 | val_total=1.767805 | val_mae=1.773412 | val_rmse=4.036790 | val_mape=4.141264 | val_confidence=0.000000 | val_risk=0.000000 | val_blend=0.000000 | batches=363/44 | seconds=37.25 | lr=[0.000857375] | cuda_peak_mb=1020.2
[2026-09-09 21:22:36] INFO Val horizons | 15min_mae=1.486018 15min_rmse=3.068214 15min_mape=3.158648 | 30min_mae=1.843527 30min_rmse=4.115061 30min_mape=4.309585 | 60min_mae=2.160150 60min_rmse=4.983510 60min_mape=5.364737
[2026-09-09 21:23:14] INFO Epoch 038 | stage=standard | train_total=1.470602 | train_forecast=1.470602 | train_confidence=0.000000 | train_risk=0.000000 | train_blend=0.000000 | val_total=1.784863 | val_mae=1.790514 | val_rmse=4.061133 | val_mape=4.127523 | val_confidence=0.000000 | val_risk=0.000000 | val_blend=0.000000 | batches=363/44 | seconds=37.30 | lr=[0.000857375] | cuda_peak_mb=1020.2
[2026-09-09 21:23:14] INFO Val horizons | 15min_mae=1.494766 15min_rmse=3.054896 15min_mape=3.146926 | 30min_mae=1.857481 30min_rmse=4.128919 30min_mape=4.318855 | 60min_mae=2.199476 60min_rmse=5.053406 60min_mape=5.360884
[2026-09-09 21:23:51] INFO Epoch 039 | stage=standard | train_total=1.471615 | train_forecast=1.471615 | train_confidence=0.000000 | train_risk=0.000000 | train_blend=0.000000 | val_total=1.782203 | val_mae=1.787890 | val_rmse=4.060792 | val_mape=4.208231 | val_confidence=0.000000 | val_risk=0.000000 | val_blend=0.000000 | batches=363/44 | seconds=37.25 | lr=[0.000857375] | cuda_peak_mb=1020.2
[2026-09-09 21:23:51] INFO Val horizons | 15min_mae=1.493160 15min_rmse=3.076302 15min_mape=3.193672 | 30min_mae=1.853409 30min_rmse=4.114012 30min_mape=4.340143 | 60min_mae=2.195679 60min_rmse=5.060634 60min_mape=5.534378
[2026-09-09 21:24:28] INFO Epoch 040 | stage=standard | train_total=1.467749 | train_forecast=1.467749 | train_confidence=0.000000 | train_risk=0.000000 | train_blend=0.000000 | val_total=1.754241 | val_mae=1.759751 | val_rmse=3.981891 | val_mape=3.969820 | val_confidence=0.000000 | val_risk=0.000000 | val_blend=0.000000 | batches=363/44 | seconds=37.29 | lr=[0.000857375] | cuda_peak_mb=1020.2
[2026-09-09 21:24:28] INFO Val horizons | 15min_mae=1.481447 15min_rmse=3.055179 15min_mape=3.075016 | 30min_mae=1.828180 30min_rmse=4.059377 30min_mape=4.139179 | 60min_mae=2.145903 60min_rmse=4.914788 60min_mape=5.110073
[2026-09-09 21:24:28] INFO Checkpoint updated | epoch=40 | stage=standard | best_val_mae=1.759751 | path=C:\Users\clw\projects\researchRep\STAnchor-BlockMemory\artifacts\cross_dataset_final\pems04_baseonly_gwn_seed42\downstream_best.pt
[2026-09-09 21:25:06] INFO Epoch 041 | stage=standard | train_total=1.462705 | train_forecast=1.462705 | train_confidence=0.000000 | train_risk=0.000000 | train_blend=0.000000 | val_total=1.766722 | val_mae=1.772212 | val_rmse=4.028295 | val_mape=4.086479 | val_confidence=0.000000 | val_risk=0.000000 | val_blend=0.000000 | batches=363/44 | seconds=37.36 | lr=[0.0008145062499999999] | cuda_peak_mb=1020.2
[2026-09-09 21:25:06] INFO Val horizons | 15min_mae=1.492145 15min_rmse=3.070164 15min_mape=3.151840 | 30min_mae=1.846917 30min_rmse=4.116740 30min_mape=4.245155 | 60min_mae=2.146271 60min_rmse=4.960629 60min_mape=5.263813
[2026-09-09 21:25:43] INFO Epoch 042 | stage=standard | train_total=1.460111 | train_forecast=1.460111 | train_confidence=0.000000 | train_risk=0.000000 | train_blend=0.000000 | val_total=1.767992 | val_mae=1.773523 | val_rmse=4.002716 | val_mape=4.034087 | val_confidence=0.000000 | val_risk=0.000000 | val_blend=0.000000 | batches=363/44 | seconds=37.36 | lr=[0.0008145062499999999] | cuda_peak_mb=1020.2
[2026-09-09 21:25:43] INFO Val horizons | 15min_mae=1.488341 15min_rmse=3.060450 15min_mape=3.076384 | 30min_mae=1.844721 30min_rmse=4.087170 30min_mape=4.177219 | 60min_mae=2.159017 60min_rmse=4.928958 60min_mape=5.258865
[2026-09-09 21:26:20] INFO Epoch 043 | stage=standard | train_total=1.457188 | train_forecast=1.457188 | train_confidence=0.000000 | train_risk=0.000000 | train_blend=0.000000 | val_total=1.766280 | val_mae=1.771778 | val_rmse=4.015663 | val_mape=4.061417 | val_confidence=0.000000 | val_risk=0.000000 | val_blend=0.000000 | batches=363/44 | seconds=37.32 | lr=[0.0008145062499999999] | cuda_peak_mb=1020.2
[2026-09-09 21:26:20] INFO Val horizons | 15min_mae=1.487673 15min_rmse=3.062805 15min_mape=3.099975 | 30min_mae=1.841163 30min_rmse=4.093880 30min_mape=4.181720 | 60min_mae=2.155881 60min_rmse=4.963183 60min_mape=5.317600
[2026-09-09 21:26:58] INFO Epoch 044 | stage=standard | train_total=1.457442 | train_forecast=1.457442 | train_confidence=0.000000 | train_risk=0.000000 | train_blend=0.000000 | val_total=1.756526 | val_mae=1.762028 | val_rmse=3.994380 | val_mape=4.027691 | val_confidence=0.000000 | val_risk=0.000000 | val_blend=0.000000 | batches=363/44 | seconds=37.28 | lr=[0.0008145062499999999] | cuda_peak_mb=1020.2
[2026-09-09 21:26:58] INFO Val horizons | 15min_mae=1.483910 15min_rmse=3.040325 15min_mape=3.137877 | 30min_mae=1.834796 30min_rmse=4.078496 30min_mape=4.216682 | 60min_mae=2.138702 60min_rmse=4.922832 60min_mape=5.130181
[2026-09-09 21:27:35] INFO Epoch 045 | stage=standard | train_total=1.454412 | train_forecast=1.454412 | train_confidence=0.000000 | train_risk=0.000000 | train_blend=0.000000 | val_total=1.755744 | val_mae=1.761241 | val_rmse=4.014028 | val_mape=4.067324 | val_confidence=0.000000 | val_risk=0.000000 | val_blend=0.000000 | batches=363/44 | seconds=37.45 | lr=[0.0008145062499999999] | cuda_peak_mb=1020.2
[2026-09-09 21:27:35] INFO Val horizons | 15min_mae=1.481306 15min_rmse=3.054836 15min_mape=3.152718 | 30min_mae=1.828104 30min_rmse=4.090915 30min_mape=4.222876 | 60min_mae=2.151439 60min_rmse=4.967630 60min_mape=5.246818
[2026-09-09 21:28:12] INFO Epoch 046 | stage=standard | train_total=1.453969 | train_forecast=1.453969 | train_confidence=0.000000 | train_risk=0.000000 | train_blend=0.000000 | val_total=1.751289 | val_mae=1.756755 | val_rmse=3.997868 | val_mape=3.991042 | val_confidence=0.000000 | val_risk=0.000000 | val_blend=0.000000 | batches=363/44 | seconds=37.32 | lr=[0.0008145062499999999] | cuda_peak_mb=1020.2
[2026-09-09 21:28:12] INFO Val horizons | 15min_mae=1.478407 15min_rmse=3.043685 15min_mape=3.080966 | 30min_mae=1.826479 30min_rmse=4.080692 30min_mape=4.161282 | 60min_mae=2.144590 60min_rmse=4.934062 60min_mape=5.135566
[2026-09-09 21:28:12] INFO Checkpoint updated | epoch=46 | stage=standard | best_val_mae=1.756755 | path=C:\Users\clw\projects\researchRep\STAnchor-BlockMemory\artifacts\cross_dataset_final\pems04_baseonly_gwn_seed42\downstream_best.pt
[2026-09-09 21:28:50] INFO Epoch 047 | stage=standard | train_total=1.453671 | train_forecast=1.453671 | train_confidence=0.000000 | train_risk=0.000000 | train_blend=0.000000 | val_total=1.773312 | val_mae=1.778904 | val_rmse=4.013092 | val_mape=4.154373 | val_confidence=0.000000 | val_risk=0.000000 | val_blend=0.000000 | batches=363/44 | seconds=37.30 | lr=[0.0008145062499999999] | cuda_peak_mb=1020.2
[2026-09-09 21:28:50] INFO Val horizons | 15min_mae=1.490623 15min_rmse=3.048545 15min_mape=3.175028 | 30min_mae=1.849547 30min_rmse=4.078999 30min_mape=4.318270 | 60min_mae=2.165930 60min_rmse=4.972563 60min_mape=5.361340
[2026-09-09 21:29:27] INFO Epoch 048 | stage=standard | train_total=1.454185 | train_forecast=1.454185 | train_confidence=0.000000 | train_risk=0.000000 | train_blend=0.000000 | val_total=1.757991 | val_mae=1.763449 | val_rmse=4.008435 | val_mape=4.074374 | val_confidence=0.000000 | val_risk=0.000000 | val_blend=0.000000 | batches=363/44 | seconds=37.30 | lr=[0.0008145062499999999] | cuda_peak_mb=1020.2
[2026-09-09 21:29:27] INFO Val horizons | 15min_mae=1.484695 15min_rmse=3.046011 15min_mape=3.129794 | 30min_mae=1.837914 30min_rmse=4.098031 30min_mape=4.239245 | 60min_mae=2.137251 60min_rmse=4.935936 60min_mape=5.253566
[2026-09-09 21:30:04] INFO Epoch 049 | stage=standard | train_total=1.447789 | train_forecast=1.447789 | train_confidence=0.000000 | train_risk=0.000000 | train_blend=0.000000 | val_total=1.755449 | val_mae=1.760979 | val_rmse=3.982430 | val_mape=3.995574 | val_confidence=0.000000 | val_risk=0.000000 | val_blend=0.000000 | batches=363/44 | seconds=37.32 | lr=[0.0008145062499999999] | cuda_peak_mb=1020.2
[2026-09-09 21:30:04] INFO Val horizons | 15min_mae=1.482485 15min_rmse=3.043573 15min_mape=3.078552 | 30min_mae=1.835717 30min_rmse=4.072983 30min_mape=4.181964 | 60min_mae=2.132412 60min_rmse=4.893335 60min_mape=5.131543
[2026-09-09 21:30:42] INFO Epoch 050 | stage=standard | train_total=1.448559 | train_forecast=1.448559 | train_confidence=0.000000 | train_risk=0.000000 | train_blend=0.000000 | val_total=1.748747 | val_mae=1.754246 | val_rmse=3.978726 | val_mape=3.952474 | val_confidence=0.000000 | val_risk=0.000000 | val_blend=0.000000 | batches=363/44 | seconds=37.28 | lr=[0.0008145062499999999] | cuda_peak_mb=1020.2
[2026-09-09 21:30:42] INFO Val horizons | 15min_mae=1.477926 15min_rmse=3.058622 15min_mape=3.049427 | 30min_mae=1.822326 30min_rmse=4.058884 30min_mape=4.093308 | 60min_mae=2.134092 60min_rmse=4.903424 60min_mape=5.118017
[2026-09-09 21:30:42] INFO Checkpoint updated | epoch=50 | stage=standard | best_val_mae=1.754246 | path=C:\Users\clw\projects\researchRep\STAnchor-BlockMemory\artifacts\cross_dataset_final\pems04_baseonly_gwn_seed42\downstream_best.pt
[2026-09-09 21:30:42] INFO Downstream training finished | best_val_mae=1.754246 | checkpoint=C:\Users\clw\projects\researchRep\STAnchor-BlockMemory\artifacts\cross_dataset_final\pems04_baseonly_gwn_seed42\downstream_best.pt
