[2026-08-26 20:14:55] INFO Downstream start | run=convergence/formal_20260826_argcn_base_only_v1 | device=cuda:0 (requested=cuda:0) | seed=42 | output=C:\Users\clw\projects\researchRep\STAnchor-BlockMemory\artifacts\convergence\formal_20260826_argcn_base_only_v1
[2026-08-26 20:14:55] INFO Mode | downstream_mode=base_only | training_protocol=staged_joint | candidate_protocol=exact_calendar
[2026-08-26 20:14:55] INFO Downstream initialization | seed=42 | state_hash=31989a6a3baac103
[2026-08-26 20:14:55] INFO Data | steps=34272 | nodes=207 | channels=1 | training_scope=full_train | memory/post_memory/train_selected/val/test=15876/6805/22681/2993/6025
[2026-08-26 20:14:55] INFO Bank/retrieval | disabled (base_only)
[2026-08-26 20:14:55] INFO Parameters | downstream_total=150,809 | downstream_trainable=150,540 | backbone=150,540 | confidence_head=0 | fusion=0 | frozen_pretrained=0
[2026-08-26 20:14:55] INFO Optimization | epochs=50 | batch_size=32 | optimizer=adam | lr=0.001 | weight_decay=0.0001 | scheduler=step_lr | step_size=10 | gamma=0.950 | confidence_weight=0.000 | patience=10 | early_stopping=disabled
[2026-08-26 20:14:56] INFO Stage start | stage=standard | epochs=50 | optimizer_lrs=[0.001]
[2026-08-26 20:23:27] INFO Downstream start | run=convergence/formal_20260826_argcn_base_only_v1 | device=cuda:0 (requested=cuda:0) | seed=42 | output=C:\Users\clw\projects\researchRep\STAnchor-BlockMemory\artifacts\convergence\formal_20260826_argcn_base_only_v1
[2026-08-26 20:23:27] INFO Mode | downstream_mode=base_only | training_protocol=staged_joint | candidate_protocol=exact_calendar
[2026-08-26 20:23:27] INFO Downstream initialization | seed=42 | state_hash=31989a6a3baac103
[2026-08-26 20:23:27] INFO Data | steps=34272 | nodes=207 | channels=1 | training_scope=full_train | memory/post_memory/train_selected/val/test=15876/6805/22681/2993/6025
[2026-08-26 20:23:27] INFO Bank/retrieval | disabled (base_only)
[2026-08-26 20:23:27] INFO Parameters | downstream_total=150,809 | downstream_trainable=150,540 | backbone=150,540 | confidence_head=0 | fusion=0 | frozen_pretrained=0
[2026-08-26 20:23:27] INFO Optimization | epochs=50 | batch_size=32 | optimizer=adam | lr=0.001 | weight_decay=0.0001 | scheduler=step_lr | step_size=10 | gamma=0.950 | confidence_weight=0.000 | patience=10 | early_stopping=disabled
[2026-08-26 20:23:28] INFO Stage start | stage=standard | epochs=50 | optimizer_lrs=[0.001]
[2026-08-26 20:24:13] INFO Epoch 001 | stage=standard | train_total=0.393150 | train_forecast=0.393150 | train_confidence=0.000000 | train_risk=0.000000 | train_blend=0.000000 | val_total=0.362864 | val_mae=3.335905 | val_rmse=6.793673 | val_mape=9.528137 | val_confidence=0.000000 | val_risk=0.000000 | val_blend=0.000000 | batches=709/94 | seconds=44.74 | lr=[0.001] | cuda_peak_mb=521.6
[2026-08-26 20:24:13] INFO Val horizons | 15min_mae=2.816527 15min_rmse=5.550292 15min_mape=7.530446 | 30min_mae=3.329822 30min_rmse=6.784807 30min_mape=9.424314 | 60min_mae=4.110698 60min_rmse=8.281228 60min_mape=12.589629
[2026-08-26 20:24:13] INFO Checkpoint updated | epoch=1 | stage=standard | best_val_mae=3.335905 | path=C:\Users\clw\projects\researchRep\STAnchor-BlockMemory\artifacts\convergence\formal_20260826_argcn_base_only_v1\downstream_best.pt
[2026-08-26 20:24:57] INFO Epoch 002 | stage=standard | train_total=0.380823 | train_forecast=0.380823 | train_confidence=0.000000 | train_risk=0.000000 | train_blend=0.000000 | val_total=0.358891 | val_mae=3.309598 | val_rmse=6.704578 | val_mape=9.806952 | val_confidence=0.000000 | val_risk=0.000000 | val_blend=0.000000 | batches=709/94 | seconds=44.38 | lr=[0.001] | cuda_peak_mb=521.6
[2026-08-26 20:24:57] INFO Val horizons | 15min_mae=2.794958 15min_rmse=5.475347 15min_mape=7.607899 | 30min_mae=3.304351 30min_rmse=6.679530 30min_mape=9.700741 | 60min_mae=4.074293 60min_rmse=8.192445 60min_mape=13.128271
[2026-08-26 20:24:57] INFO Checkpoint updated | epoch=2 | stage=standard | best_val_mae=3.309598 | path=C:\Users\clw\projects\researchRep\STAnchor-BlockMemory\artifacts\convergence\formal_20260826_argcn_base_only_v1\downstream_best.pt
[2026-08-26 20:25:42] INFO Epoch 003 | stage=standard | train_total=0.376182 | train_forecast=0.376182 | train_confidence=0.000000 | train_risk=0.000000 | train_blend=0.000000 | val_total=0.355489 | val_mae=3.271586 | val_rmse=6.683533 | val_mape=9.586881 | val_confidence=0.000000 | val_risk=0.000000 | val_blend=0.000000 | batches=709/94 | seconds=44.66 | lr=[0.001] | cuda_peak_mb=521.6
[2026-08-26 20:25:42] INFO Val horizons | 15min_mae=2.763233 15min_rmse=5.456211 15min_mape=7.476393 | 30min_mae=3.270955 30min_rmse=6.664048 30min_mape=9.517781 | 60min_mae=4.019380 60min_rmse=8.165071 60min_mape=12.670359
[2026-08-26 20:25:42] INFO Checkpoint updated | epoch=3 | stage=standard | best_val_mae=3.271586 | path=C:\Users\clw\projects\researchRep\STAnchor-BlockMemory\artifacts\convergence\formal_20260826_argcn_base_only_v1\downstream_best.pt
[2026-08-26 20:26:26] INFO Epoch 004 | stage=standard | train_total=0.373352 | train_forecast=0.373352 | train_confidence=0.000000 | train_risk=0.000000 | train_blend=0.000000 | val_total=0.353020 | val_mae=3.240178 | val_rmse=6.655245 | val_mape=9.251162 | val_confidence=0.000000 | val_risk=0.000000 | val_blend=0.000000 | batches=709/94 | seconds=44.38 | lr=[0.001] | cuda_peak_mb=521.6
[2026-08-26 20:26:26] INFO Val horizons | 15min_mae=2.739088 15min_rmse=5.419199 15min_mape=7.241463 | 30min_mae=3.241378 30min_rmse=6.621532 30min_mape=9.220797 | 60min_mae=3.977827 60min_rmse=8.143827 60min_mape=12.171329
[2026-08-26 20:26:26] INFO Checkpoint updated | epoch=4 | stage=standard | best_val_mae=3.240178 | path=C:\Users\clw\projects\researchRep\STAnchor-BlockMemory\artifacts\convergence\formal_20260826_argcn_base_only_v1\downstream_best.pt
[2026-08-26 20:27:11] INFO Epoch 005 | stage=standard | train_total=0.370963 | train_forecast=0.370963 | train_confidence=0.000000 | train_risk=0.000000 | train_blend=0.000000 | val_total=0.351059 | val_mae=3.219567 | val_rmse=6.597827 | val_mape=9.144970 | val_confidence=0.000000 | val_risk=0.000000 | val_blend=0.000000 | batches=709/94 | seconds=44.95 | lr=[0.001] | cuda_peak_mb=521.6
[2026-08-26 20:27:11] INFO Val horizons | 15min_mae=2.726943 15min_rmse=5.376635 15min_mape=7.168076 | 30min_mae=3.223072 30min_rmse=6.581339 30min_mape=9.073413 | 60min_mae=3.941929 60min_rmse=8.055691 60min_mape=12.036435
[2026-08-26 20:27:11] INFO Checkpoint updated | epoch=5 | stage=standard | best_val_mae=3.219567 | path=C:\Users\clw\projects\researchRep\STAnchor-BlockMemory\artifacts\convergence\formal_20260826_argcn_base_only_v1\downstream_best.pt
[2026-08-26 20:27:56] INFO Epoch 006 | stage=standard | train_total=0.369266 | train_forecast=0.369266 | train_confidence=0.000000 | train_risk=0.000000 | train_blend=0.000000 | val_total=0.349748 | val_mae=3.208760 | val_rmse=6.583087 | val_mape=9.457158 | val_confidence=0.000000 | val_risk=0.000000 | val_blend=0.000000 | batches=709/94 | seconds=44.58 | lr=[0.001] | cuda_peak_mb=521.6
[2026-08-26 20:27:56] INFO Val horizons | 15min_mae=2.718619 15min_rmse=5.362870 15min_mape=7.290685 | 30min_mae=3.215450 30min_rmse=6.549856 30min_mape=9.434624 | 60min_mae=3.916934 60min_rmse=8.046029 60min_mape=12.483908
[2026-08-26 20:27:56] INFO Checkpoint updated | epoch=6 | stage=standard | best_val_mae=3.208760 | path=C:\Users\clw\projects\researchRep\STAnchor-BlockMemory\artifacts\convergence\formal_20260826_argcn_base_only_v1\downstream_best.pt
[2026-08-26 20:28:40] INFO Epoch 007 | stage=standard | train_total=0.367682 | train_forecast=0.367682 | train_confidence=0.000000 | train_risk=0.000000 | train_blend=0.000000 | val_total=0.349687 | val_mae=3.207194 | val_rmse=6.491436 | val_mape=9.322951 | val_confidence=0.000000 | val_risk=0.000000 | val_blend=0.000000 | batches=709/94 | seconds=44.45 | lr=[0.001] | cuda_peak_mb=521.6
[2026-08-26 20:28:40] INFO Val horizons | 15min_mae=2.715917 15min_rmse=5.330026 15min_mape=7.164243 | 30min_mae=3.206318 30min_rmse=6.471014 30min_mape=9.264283 | 60min_mae=3.925216 60min_rmse=7.901127 60min_mape=12.362777
[2026-08-26 20:28:40] INFO Checkpoint updated | epoch=7 | stage=standard | best_val_mae=3.207194 | path=C:\Users\clw\projects\researchRep\STAnchor-BlockMemory\artifacts\convergence\formal_20260826_argcn_base_only_v1\downstream_best.pt
[2026-08-26 20:29:24] INFO Epoch 008 | stage=standard | train_total=0.366192 | train_forecast=0.366192 | train_confidence=0.000000 | train_risk=0.000000 | train_blend=0.000000 | val_total=0.349247 | val_mae=3.201729 | val_rmse=6.566595 | val_mape=9.365233 | val_confidence=0.000000 | val_risk=0.000000 | val_blend=0.000000 | batches=709/94 | seconds=44.44 | lr=[0.001] | cuda_peak_mb=521.6
[2026-08-26 20:29:24] INFO Val horizons | 15min_mae=2.714325 15min_rmse=5.374105 15min_mape=7.270500 | 30min_mae=3.210934 30min_rmse=6.551525 30min_mape=9.320259 | 60min_mae=3.907981 60min_rmse=7.995430 60min_mape=12.371205
[2026-08-26 20:29:24] INFO Checkpoint updated | epoch=8 | stage=standard | best_val_mae=3.201729 | path=C:\Users\clw\projects\researchRep\STAnchor-BlockMemory\artifacts\convergence\formal_20260826_argcn_base_only_v1\downstream_best.pt
[2026-08-26 20:30:09] INFO Epoch 009 | stage=standard | train_total=0.364536 | train_forecast=0.364536 | train_confidence=0.000000 | train_risk=0.000000 | train_blend=0.000000 | val_total=0.345692 | val_mae=3.159409 | val_rmse=6.468712 | val_mape=9.300339 | val_confidence=0.000000 | val_risk=0.000000 | val_blend=0.000000 | batches=709/94 | seconds=44.49 | lr=[0.001] | cuda_peak_mb=521.6
[2026-08-26 20:30:09] INFO Val horizons | 15min_mae=2.694611 15min_rmse=5.295463 15min_mape=7.206076 | 30min_mae=3.166453 30min_rmse=6.456845 30min_mape=9.279132 | 60min_mae=3.838652 60min_rmse=7.871295 60min_mape=12.255032
[2026-08-26 20:30:09] INFO Checkpoint updated | epoch=9 | stage=standard | best_val_mae=3.159409 | path=C:\Users\clw\projects\researchRep\STAnchor-BlockMemory\artifacts\convergence\formal_20260826_argcn_base_only_v1\downstream_best.pt
[2026-08-26 20:30:53] INFO Epoch 010 | stage=standard | train_total=0.363261 | train_forecast=0.363261 | train_confidence=0.000000 | train_risk=0.000000 | train_blend=0.000000 | val_total=0.344629 | val_mae=3.145957 | val_rmse=6.434597 | val_mape=9.029524 | val_confidence=0.000000 | val_risk=0.000000 | val_blend=0.000000 | batches=709/94 | seconds=44.37 | lr=[0.001] | cuda_peak_mb=521.6
[2026-08-26 20:30:53] INFO Val horizons | 15min_mae=2.689518 15min_rmse=5.292795 15min_mape=7.134880 | 30min_mae=3.151823 30min_rmse=6.436109 30min_mape=8.997490 | 60min_mae=3.828913 60min_rmse=7.808410 60min_mape=11.799462
[2026-08-26 20:30:53] INFO Checkpoint updated | epoch=10 | stage=standard | best_val_mae=3.145957 | path=C:\Users\clw\projects\researchRep\STAnchor-BlockMemory\artifacts\convergence\formal_20260826_argcn_base_only_v1\downstream_best.pt
[2026-08-26 20:31:38] INFO Epoch 011 | stage=standard | train_total=0.361730 | train_forecast=0.361730 | train_confidence=0.000000 | train_risk=0.000000 | train_blend=0.000000 | val_total=0.345190 | val_mae=3.155547 | val_rmse=6.453133 | val_mape=9.160982 | val_confidence=0.000000 | val_risk=0.000000 | val_blend=0.000000 | batches=709/94 | seconds=44.48 | lr=[0.00095] | cuda_peak_mb=521.6
[2026-08-26 20:31:38] INFO Val horizons | 15min_mae=2.689042 15min_rmse=5.301125 15min_mape=7.212364 | 30min_mae=3.160775 30min_rmse=6.440152 30min_mape=9.154805 | 60min_mae=3.845350 60min_rmse=7.837211 60min_mape=11.960685
[2026-08-26 20:32:22] INFO Epoch 012 | stage=standard | train_total=0.360586 | train_forecast=0.360586 | train_confidence=0.000000 | train_risk=0.000000 | train_blend=0.000000 | val_total=0.344566 | val_mae=3.148752 | val_rmse=6.469944 | val_mape=9.200850 | val_confidence=0.000000 | val_risk=0.000000 | val_blend=0.000000 | batches=709/94 | seconds=44.40 | lr=[0.00095] | cuda_peak_mb=521.6
[2026-08-26 20:32:22] INFO Val horizons | 15min_mae=2.690319 15min_rmse=5.323872 15min_mape=7.253668 | 30min_mae=3.155346 30min_rmse=6.463216 30min_mape=9.183337 | 60min_mae=3.823267 60min_rmse=7.853278 60min_mape=11.996361
[2026-08-26 20:33:07] INFO Epoch 013 | stage=standard | train_total=0.359391 | train_forecast=0.359391 | train_confidence=0.000000 | train_risk=0.000000 | train_blend=0.000000 | val_total=0.343918 | val_mae=3.140282 | val_rmse=6.407052 | val_mape=8.839831 | val_confidence=0.000000 | val_risk=0.000000 | val_blend=0.000000 | batches=709/94 | seconds=44.46 | lr=[0.00095] | cuda_peak_mb=521.6
[2026-08-26 20:33:07] INFO Val horizons | 15min_mae=2.684469 15min_rmse=5.277062 15min_mape=7.081979 | 30min_mae=3.145861 30min_rmse=6.419601 30min_mape=8.814625 | 60min_mae=3.819443 60min_rmse=7.769716 60min_mape=11.437291
[2026-08-26 20:33:07] INFO Checkpoint updated | epoch=13 | stage=standard | best_val_mae=3.140282 | path=C:\Users\clw\projects\researchRep\STAnchor-BlockMemory\artifacts\convergence\formal_20260826_argcn_base_only_v1\downstream_best.pt
[2026-08-26 20:33:51] INFO Epoch 014 | stage=standard | train_total=0.358333 | train_forecast=0.358333 | train_confidence=0.000000 | train_risk=0.000000 | train_blend=0.000000 | val_total=0.341353 | val_mae=3.109032 | val_rmse=6.367656 | val_mape=9.052800 | val_confidence=0.000000 | val_risk=0.000000 | val_blend=0.000000 | batches=709/94 | seconds=44.56 | lr=[0.00095] | cuda_peak_mb=521.6
[2026-08-26 20:33:51] INFO Val horizons | 15min_mae=2.672373 15min_rmse=5.263325 15min_mape=7.154565 | 30min_mae=3.118788 30min_rmse=6.361564 30min_mape=9.043254 | 60min_mae=3.755775 60min_rmse=7.724264 60min_mape=11.802072
[2026-08-26 20:33:51] INFO Checkpoint updated | epoch=14 | stage=standard | best_val_mae=3.109032 | path=C:\Users\clw\projects\researchRep\STAnchor-BlockMemory\artifacts\convergence\formal_20260826_argcn_base_only_v1\downstream_best.pt
[2026-08-26 20:34:36] INFO Epoch 015 | stage=standard | train_total=0.357132 | train_forecast=0.357132 | train_confidence=0.000000 | train_risk=0.000000 | train_blend=0.000000 | val_total=0.341345 | val_mae=3.111582 | val_rmse=6.375399 | val_mape=9.079568 | val_confidence=0.000000 | val_risk=0.000000 | val_blend=0.000000 | batches=709/94 | seconds=44.23 | lr=[0.00095] | cuda_peak_mb=521.6
[2026-08-26 20:34:36] INFO Val horizons | 15min_mae=2.679547 15min_rmse=5.277627 15min_mape=7.171301 | 30min_mae=3.120846 30min_rmse=6.379800 30min_mape=9.076510 | 60min_mae=3.751890 60min_rmse=7.707332 60min_mape=11.815061
[2026-08-26 20:35:20] INFO Epoch 016 | stage=standard | train_total=0.356133 | train_forecast=0.356133 | train_confidence=0.000000 | train_risk=0.000000 | train_blend=0.000000 | val_total=0.341524 | val_mae=3.117386 | val_rmse=6.382473 | val_mape=9.087863 | val_confidence=0.000000 | val_risk=0.000000 | val_blend=0.000000 | batches=709/94 | seconds=44.33 | lr=[0.00095] | cuda_peak_mb=521.6
[2026-08-26 20:35:20] INFO Val horizons | 15min_mae=2.678239 15min_rmse=5.287124 15min_mape=7.127973 | 30min_mae=3.126382 30min_rmse=6.381250 30min_mape=9.077925 | 60min_mae=3.761348 60min_rmse=7.714842 60min_mape=11.892285
[2026-08-26 20:36:04] INFO Epoch 017 | stage=standard | train_total=0.354932 | train_forecast=0.354932 | train_confidence=0.000000 | train_risk=0.000000 | train_blend=0.000000 | val_total=0.340322 | val_mae=3.100895 | val_rmse=6.353160 | val_mape=8.787145 | val_confidence=0.000000 | val_risk=0.000000 | val_blend=0.000000 | batches=709/94 | seconds=44.58 | lr=[0.00095] | cuda_peak_mb=521.6
[2026-08-26 20:36:04] INFO Val horizons | 15min_mae=2.681256 15min_rmse=5.270285 15min_mape=7.073794 | 30min_mae=3.111604 30min_rmse=6.355363 30min_mape=8.819516 | 60min_mae=3.728890 60min_rmse=7.678731 60min_mape=11.263054
[2026-08-26 20:36:04] INFO Checkpoint updated | epoch=17 | stage=standard | best_val_mae=3.100895 | path=C:\Users\clw\projects\researchRep\STAnchor-BlockMemory\artifacts\convergence\formal_20260826_argcn_base_only_v1\downstream_best.pt
[2026-08-26 20:36:49] INFO Epoch 018 | stage=standard | train_total=0.353901 | train_forecast=0.353901 | train_confidence=0.000000 | train_risk=0.000000 | train_blend=0.000000 | val_total=0.339408 | val_mae=3.091469 | val_rmse=6.213012 | val_mape=8.783281 | val_confidence=0.000000 | val_risk=0.000000 | val_blend=0.000000 | batches=709/94 | seconds=44.40 | lr=[0.00095] | cuda_peak_mb=521.6
[2026-08-26 20:36:49] INFO Val horizons | 15min_mae=2.664061 15min_rmse=5.219957 15min_mape=7.083642 | 30min_mae=3.105923 30min_rmse=6.242918 30min_mape=8.853257 | 60min_mae=3.719877 60min_rmse=7.421673 60min_mape=11.180039
[2026-08-26 20:36:49] INFO Checkpoint updated | epoch=18 | stage=standard | best_val_mae=3.091469 | path=C:\Users\clw\projects\researchRep\STAnchor-BlockMemory\artifacts\convergence\formal_20260826_argcn_base_only_v1\downstream_best.pt
[2026-08-26 20:37:33] INFO Epoch 019 | stage=standard | train_total=0.353055 | train_forecast=0.353055 | train_confidence=0.000000 | train_risk=0.000000 | train_blend=0.000000 | val_total=0.339676 | val_mae=3.094051 | val_rmse=6.287268 | val_mape=8.838945 | val_confidence=0.000000 | val_risk=0.000000 | val_blend=0.000000 | batches=709/94 | seconds=44.18 | lr=[0.00095] | cuda_peak_mb=521.6
[2026-08-26 20:37:33] INFO Val horizons | 15min_mae=2.681484 15min_rmse=5.244236 15min_mape=7.079663 | 30min_mae=3.109241 30min_rmse=6.301736 30min_mape=8.887381 | 60min_mae=3.711050 60min_rmse=7.554487 60min_mape=11.352010
[2026-08-26 20:38:17] INFO Epoch 020 | stage=standard | train_total=0.352193 | train_forecast=0.352193 | train_confidence=0.000000 | train_risk=0.000000 | train_blend=0.000000 | val_total=0.339155 | val_mae=3.085536 | val_rmse=6.291146 | val_mape=8.956969 | val_confidence=0.000000 | val_risk=0.000000 | val_blend=0.000000 | batches=709/94 | seconds=44.49 | lr=[0.00095] | cuda_peak_mb=521.6
[2026-08-26 20:38:18] INFO Val horizons | 15min_mae=2.665126 15min_rmse=5.239098 15min_mape=7.114067 | 30min_mae=3.100983 30min_rmse=6.305056 30min_mape=9.029625 | 60min_mae=3.700603 60min_rmse=7.567554 60min_mape=11.536601
[2026-08-26 20:38:18] INFO Checkpoint updated | epoch=20 | stage=standard | best_val_mae=3.085536 | path=C:\Users\clw\projects\researchRep\STAnchor-BlockMemory\artifacts\convergence\formal_20260826_argcn_base_only_v1\downstream_best.pt
[2026-08-26 20:39:02] INFO Epoch 021 | stage=standard | train_total=0.351139 | train_forecast=0.351139 | train_confidence=0.000000 | train_risk=0.000000 | train_blend=0.000000 | val_total=0.338685 | val_mae=3.082277 | val_rmse=6.322824 | val_mape=9.070959 | val_confidence=0.000000 | val_risk=0.000000 | val_blend=0.000000 | batches=709/94 | seconds=44.57 | lr=[0.0009025] | cuda_peak_mb=521.6
[2026-08-26 20:39:02] INFO Val horizons | 15min_mae=2.661571 15min_rmse=5.246649 15min_mape=7.161481 | 30min_mae=3.099696 30min_rmse=6.332392 30min_mape=9.105276 | 60min_mae=3.694594 60min_rmse=7.613458 60min_mape=11.717887
[2026-08-26 20:39:02] INFO Checkpoint updated | epoch=21 | stage=standard | best_val_mae=3.082277 | path=C:\Users\clw\projects\researchRep\STAnchor-BlockMemory\artifacts\convergence\formal_20260826_argcn_base_only_v1\downstream_best.pt
[2026-08-26 20:39:47] INFO Epoch 022 | stage=standard | train_total=0.350495 | train_forecast=0.350495 | train_confidence=0.000000 | train_risk=0.000000 | train_blend=0.000000 | val_total=0.338112 | val_mae=3.077158 | val_rmse=6.260463 | val_mape=8.759539 | val_confidence=0.000000 | val_risk=0.000000 | val_blend=0.000000 | batches=709/94 | seconds=44.73 | lr=[0.0009025] | cuda_peak_mb=521.6
[2026-08-26 20:39:47] INFO Val horizons | 15min_mae=2.671096 15min_rmse=5.230065 15min_mape=7.062830 | 30min_mae=3.092991 30min_rmse=6.286595 30min_mape=8.787558 | 60min_mae=3.686811 60min_rmse=7.500645 60min_mape=11.228669
[2026-08-26 20:39:47] INFO Checkpoint updated | epoch=22 | stage=standard | best_val_mae=3.077158 | path=C:\Users\clw\projects\researchRep\STAnchor-BlockMemory\artifacts\convergence\formal_20260826_argcn_base_only_v1\downstream_best.pt
[2026-08-26 20:40:31] INFO Epoch 023 | stage=standard | train_total=0.349593 | train_forecast=0.349593 | train_confidence=0.000000 | train_risk=0.000000 | train_blend=0.000000 | val_total=0.336729 | val_mae=3.057357 | val_rmse=6.244489 | val_mape=8.957239 | val_confidence=0.000000 | val_risk=0.000000 | val_blend=0.000000 | batches=709/94 | seconds=44.66 | lr=[0.0009025] | cuda_peak_mb=521.6
[2026-08-26 20:40:31] INFO Val horizons | 15min_mae=2.661125 15min_rmse=5.222348 15min_mape=7.182400 | 30min_mae=3.081572 30min_rmse=6.290832 30min_mape=9.070312 | 60min_mae=3.639022 60min_rmse=7.447614 60min_mape=11.381879
[2026-08-26 20:40:31] INFO Checkpoint updated | epoch=23 | stage=standard | best_val_mae=3.057357 | path=C:\Users\clw\projects\researchRep\STAnchor-BlockMemory\artifacts\convergence\formal_20260826_argcn_base_only_v1\downstream_best.pt
[2026-08-26 20:41:16] INFO Epoch 024 | stage=standard | train_total=0.348866 | train_forecast=0.348866 | train_confidence=0.000000 | train_risk=0.000000 | train_blend=0.000000 | val_total=0.337605 | val_mae=3.071609 | val_rmse=6.236576 | val_mape=8.849759 | val_confidence=0.000000 | val_risk=0.000000 | val_blend=0.000000 | batches=709/94 | seconds=44.70 | lr=[0.0009025] | cuda_peak_mb=521.6
[2026-08-26 20:41:16] INFO Val horizons | 15min_mae=2.659723 15min_rmse=5.219761 15min_mape=7.147075 | 30min_mae=3.086041 30min_rmse=6.272434 30min_mape=8.911766 | 60min_mae=3.676506 60min_rmse=7.456996 60min_mape=11.232104
[2026-08-26 20:42:01] INFO Epoch 025 | stage=standard | train_total=0.348298 | train_forecast=0.348298 | train_confidence=0.000000 | train_risk=0.000000 | train_blend=0.000000 | val_total=0.337057 | val_mae=3.066064 | val_rmse=6.309911 | val_mape=8.956508 | val_confidence=0.000000 | val_risk=0.000000 | val_blend=0.000000 | batches=709/94 | seconds=44.79 | lr=[0.0009025] | cuda_peak_mb=521.6
[2026-08-26 20:42:01] INFO Val horizons | 15min_mae=2.658266 15min_rmse=5.254827 15min_mape=7.126397 | 30min_mae=3.081226 30min_rmse=6.329831 30min_mape=9.008553 | 60min_mae=3.670052 60min_rmse=7.585877 60min_mape=11.556904
[2026-08-26 20:42:46] INFO Epoch 026 | stage=standard | train_total=0.347368 | train_forecast=0.347368 | train_confidence=0.000000 | train_risk=0.000000 | train_blend=0.000000 | val_total=0.335238 | val_mae=3.043783 | val_rmse=6.177728 | val_mape=8.585985 | val_confidence=0.000000 | val_risk=0.000000 | val_blend=0.000000 | batches=709/94 | seconds=44.68 | lr=[0.0009025] | cuda_peak_mb=521.6
[2026-08-26 20:42:46] INFO Val horizons | 15min_mae=2.651137 15min_rmse=5.202705 15min_mape=7.016268 | 30min_mae=3.065029 30min_rmse=6.210496 30min_mape=8.680789 | 60min_mae=3.617192 60min_rmse=7.381897 60min_mape=10.776841
[2026-08-26 20:42:46] INFO Checkpoint updated | epoch=26 | stage=standard | best_val_mae=3.043783 | path=C:\Users\clw\projects\researchRep\STAnchor-BlockMemory\artifacts\convergence\formal_20260826_argcn_base_only_v1\downstream_best.pt
[2026-08-26 20:43:30] INFO Epoch 027 | stage=standard | train_total=0.346912 | train_forecast=0.346912 | train_confidence=0.000000 | train_risk=0.000000 | train_blend=0.000000 | val_total=0.334981 | val_mae=3.038007 | val_rmse=6.180478 | val_mape=8.705113 | val_confidence=0.000000 | val_risk=0.000000 | val_blend=0.000000 | batches=709/94 | seconds=44.83 | lr=[0.0009025] | cuda_peak_mb=521.6
[2026-08-26 20:43:30] INFO Val horizons | 15min_mae=2.648660 15min_rmse=5.197316 15min_mape=7.065141 | 30min_mae=3.067957 30min_rmse=6.218600 30min_mape=8.835084 | 60min_mae=3.608463 60min_rmse=7.382176 60min_mape=10.995144
[2026-08-26 20:43:30] INFO Checkpoint updated | epoch=27 | stage=standard | best_val_mae=3.038007 | path=C:\Users\clw\projects\researchRep\STAnchor-BlockMemory\artifacts\convergence\formal_20260826_argcn_base_only_v1\downstream_best.pt
[2026-08-26 20:44:15] INFO Epoch 028 | stage=standard | train_total=0.346262 | train_forecast=0.346262 | train_confidence=0.000000 | train_risk=0.000000 | train_blend=0.000000 | val_total=0.335652 | val_mae=3.049623 | val_rmse=6.213264 | val_mape=8.776084 | val_confidence=0.000000 | val_risk=0.000000 | val_blend=0.000000 | batches=709/94 | seconds=44.81 | lr=[0.0009025] | cuda_peak_mb=521.6
[2026-08-26 20:44:15] INFO Val horizons | 15min_mae=2.649094 15min_rmse=5.214626 15min_mape=7.079578 | 30min_mae=3.069517 30min_rmse=6.239900 30min_mape=8.864495 | 60min_mae=3.642385 60min_rmse=7.426466 60min_mape=11.173723
[2026-08-26 20:45:00] INFO Epoch 029 | stage=standard | train_total=0.345886 | train_forecast=0.345886 | train_confidence=0.000000 | train_risk=0.000000 | train_blend=0.000000 | val_total=0.336694 | val_mae=3.063507 | val_rmse=6.311200 | val_mape=8.941682 | val_confidence=0.000000 | val_risk=0.000000 | val_blend=0.000000 | batches=709/94 | seconds=44.66 | lr=[0.0009025] | cuda_peak_mb=521.6
[2026-08-26 20:45:00] INFO Val horizons | 15min_mae=2.654488 15min_rmse=5.241700 15min_mape=7.138655 | 30min_mae=3.081008 30min_rmse=6.322585 30min_mape=9.015918 | 60min_mae=3.666695 60min_rmse=7.616905 60min_mape=11.510099
[2026-08-26 20:45:45] INFO Epoch 030 | stage=standard | train_total=0.345456 | train_forecast=0.345456 | train_confidence=0.000000 | train_risk=0.000000 | train_blend=0.000000 | val_total=0.334317 | val_mae=3.033716 | val_rmse=6.199051 | val_mape=8.660487 | val_confidence=0.000000 | val_risk=0.000000 | val_blend=0.000000 | batches=709/94 | seconds=44.76 | lr=[0.0009025] | cuda_peak_mb=521.6
[2026-08-26 20:45:45] INFO Val horizons | 15min_mae=2.648063 15min_rmse=5.231842 15min_mape=7.016428 | 30min_mae=3.052675 30min_rmse=6.238744 30min_mape=8.686436 | 60min_mae=3.606956 60min_rmse=7.391108 60min_mape=11.016034
[2026-08-26 20:45:45] INFO Checkpoint updated | epoch=30 | stage=standard | best_val_mae=3.033716 | path=C:\Users\clw\projects\researchRep\STAnchor-BlockMemory\artifacts\convergence\formal_20260826_argcn_base_only_v1\downstream_best.pt
[2026-08-26 20:46:29] INFO Epoch 031 | stage=standard | train_total=0.344590 | train_forecast=0.344590 | train_confidence=0.000000 | train_risk=0.000000 | train_blend=0.000000 | val_total=0.334877 | val_mae=3.038406 | val_rmse=6.255338 | val_mape=8.888890 | val_confidence=0.000000 | val_risk=0.000000 | val_blend=0.000000 | batches=709/94 | seconds=44.69 | lr=[0.000857375] | cuda_peak_mb=521.6
[2026-08-26 20:46:29] INFO Val horizons | 15min_mae=2.649071 15min_rmse=5.232193 15min_mape=7.153825 | 30min_mae=3.064472 30min_rmse=6.292829 30min_mape=8.992916 | 60min_mae=3.606542 60min_rmse=7.485973 60min_mape=11.317096
[2026-08-26 20:47:14] INFO Epoch 032 | stage=standard | train_total=0.344279 | train_forecast=0.344279 | train_confidence=0.000000 | train_risk=0.000000 | train_blend=0.000000 | val_total=0.333045 | val_mae=3.017937 | val_rmse=6.163549 | val_mape=8.519231 | val_confidence=0.000000 | val_risk=0.000000 | val_blend=0.000000 | batches=709/94 | seconds=44.85 | lr=[0.000857375] | cuda_peak_mb=521.6
[2026-08-26 20:47:14] INFO Val horizons | 15min_mae=2.640737 15min_rmse=5.214358 15min_mape=6.952476 | 30min_mae=3.040656 30min_rmse=6.202550 30min_mape=8.609621 | 60min_mae=3.577447 60min_rmse=7.336377 60min_mape=10.712169
[2026-08-26 20:47:14] INFO Checkpoint updated | epoch=32 | stage=standard | best_val_mae=3.017937 | path=C:\Users\clw\projects\researchRep\STAnchor-BlockMemory\artifacts\convergence\formal_20260826_argcn_base_only_v1\downstream_best.pt
[2026-08-26 20:47:59] INFO Epoch 033 | stage=standard | train_total=0.343518 | train_forecast=0.343518 | train_confidence=0.000000 | train_risk=0.000000 | train_blend=0.000000 | val_total=0.334273 | val_mae=3.033916 | val_rmse=6.167949 | val_mape=8.670451 | val_confidence=0.000000 | val_risk=0.000000 | val_blend=0.000000 | batches=709/94 | seconds=44.58 | lr=[0.000857375] | cuda_peak_mb=521.6
[2026-08-26 20:47:59] INFO Val horizons | 15min_mae=2.646696 15min_rmse=5.182159 15min_mape=7.016486 | 30min_mae=3.055121 30min_rmse=6.198687 30min_mape=8.762993 | 60min_mae=3.597571 60min_rmse=7.381760 60min_mape=10.972577
[2026-08-26 20:48:44] INFO Epoch 034 | stage=standard | train_total=0.343334 | train_forecast=0.343334 | train_confidence=0.000000 | train_risk=0.000000 | train_blend=0.000000 | val_total=0.334163 | val_mae=3.033263 | val_rmse=6.155957 | val_mape=8.677210 | val_confidence=0.000000 | val_risk=0.000000 | val_blend=0.000000 | batches=709/94 | seconds=44.89 | lr=[0.000857375] | cuda_peak_mb=521.6
[2026-08-26 20:48:44] INFO Val horizons | 15min_mae=2.654481 15min_rmse=5.195214 15min_mape=7.100708 | 30min_mae=3.055989 30min_rmse=6.186640 30min_mape=8.784186 | 60min_mae=3.596299 60min_rmse=7.337519 60min_mape=10.884936
[2026-08-26 20:49:28] INFO Epoch 035 | stage=standard | train_total=0.342939 | train_forecast=0.342939 | train_confidence=0.000000 | train_risk=0.000000 | train_blend=0.000000 | val_total=0.333105 | val_mae=3.017866 | val_rmse=6.179849 | val_mape=8.763932 | val_confidence=0.000000 | val_risk=0.000000 | val_blend=0.000000 | batches=709/94 | seconds=44.59 | lr=[0.000857375] | cuda_peak_mb=521.6
[2026-08-26 20:49:28] INFO Val horizons | 15min_mae=2.637095 15min_rmse=5.193111 15min_mape=7.055322 | 30min_mae=3.042314 30min_rmse=6.215339 30min_mape=8.862289 | 60min_mae=3.574084 60min_rmse=7.361473 60min_mape=11.135513
[2026-08-26 20:49:28] INFO Checkpoint updated | epoch=35 | stage=standard | best_val_mae=3.017866 | path=C:\Users\clw\projects\researchRep\STAnchor-BlockMemory\artifacts\convergence\formal_20260826_argcn_base_only_v1\downstream_best.pt
[2026-08-26 20:50:13] INFO Epoch 036 | stage=standard | train_total=0.342433 | train_forecast=0.342433 | train_confidence=0.000000 | train_risk=0.000000 | train_blend=0.000000 | val_total=0.335136 | val_mae=3.049850 | val_rmse=6.273002 | val_mape=9.031365 | val_confidence=0.000000 | val_risk=0.000000 | val_blend=0.000000 | batches=709/94 | seconds=44.53 | lr=[0.000857375] | cuda_peak_mb=521.6
[2026-08-26 20:50:13] INFO Val horizons | 15min_mae=2.658037 15min_rmse=5.229601 15min_mape=7.279127 | 30min_mae=3.080286 30min_rmse=6.316775 30min_mape=9.166624 | 60min_mae=3.618120 60min_rmse=7.497547 60min_mape=11.452823
[2026-08-26 20:50:58] INFO Epoch 037 | stage=standard | train_total=0.342414 | train_forecast=0.342414 | train_confidence=0.000000 | train_risk=0.000000 | train_blend=0.000000 | val_total=0.336166 | val_mae=3.060938 | val_rmse=6.298337 | val_mape=9.187043 | val_confidence=0.000000 | val_risk=0.000000 | val_blend=0.000000 | batches=709/94 | seconds=44.81 | lr=[0.000857375] | cuda_peak_mb=521.6
[2026-08-26 20:50:58] INFO Val horizons | 15min_mae=2.655921 15min_rmse=5.220189 15min_mape=7.278040 | 30min_mae=3.086801 30min_rmse=6.322408 30min_mape=9.300929 | 60min_mae=3.654123 60min_rmse=7.560601 60min_mape=11.800189
[2026-08-26 20:51:42] INFO Epoch 038 | stage=standard | train_total=0.342199 | train_forecast=0.342199 | train_confidence=0.000000 | train_risk=0.000000 | train_blend=0.000000 | val_total=0.334471 | val_mae=3.039540 | val_rmse=6.225996 | val_mape=8.875188 | val_confidence=0.000000 | val_risk=0.000000 | val_blend=0.000000 | batches=709/94 | seconds=44.71 | lr=[0.000857375] | cuda_peak_mb=521.6
[2026-08-26 20:51:42] INFO Val horizons | 15min_mae=2.645438 15min_rmse=5.208960 15min_mape=7.144587 | 30min_mae=3.062554 30min_rmse=6.253328 30min_mape=8.977514 | 60min_mae=3.621527 60min_rmse=7.450969 60min_mape=11.293443
[2026-08-26 20:52:27] INFO Epoch 039 | stage=standard | train_total=0.341568 | train_forecast=0.341568 | train_confidence=0.000000 | train_risk=0.000000 | train_blend=0.000000 | val_total=0.333981 | val_mae=3.034102 | val_rmse=6.204537 | val_mape=8.959299 | val_confidence=0.000000 | val_risk=0.000000 | val_blend=0.000000 | batches=709/94 | seconds=44.96 | lr=[0.000857375] | cuda_peak_mb=521.6
[2026-08-26 20:52:27] INFO Val horizons | 15min_mae=2.650383 15min_rmse=5.201882 15min_mape=7.243764 | 30min_mae=3.062833 30min_rmse=6.236029 30min_mape=9.084625 | 60min_mae=3.586360 60min_rmse=7.388171 60min_mape=11.294515
[2026-08-26 20:53:12] INFO Epoch 040 | stage=standard | train_total=0.341289 | train_forecast=0.341289 | train_confidence=0.000000 | train_risk=0.000000 | train_blend=0.000000 | val_total=0.332830 | val_mae=3.020396 | val_rmse=6.172496 | val_mape=8.576781 | val_confidence=0.000000 | val_risk=0.000000 | val_blend=0.000000 | batches=709/94 | seconds=44.92 | lr=[0.000857375] | cuda_peak_mb=521.6
[2026-08-26 20:53:12] INFO Val horizons | 15min_mae=2.637674 15min_rmse=5.206630 15min_mape=6.995832 | 30min_mae=3.044468 30min_rmse=6.217221 30min_mape=8.662096 | 60min_mae=3.585505 60min_rmse=7.362243 60min_mape=10.840414
[2026-08-26 20:53:57] INFO Epoch 041 | stage=standard | train_total=0.340918 | train_forecast=0.340918 | train_confidence=0.000000 | train_risk=0.000000 | train_blend=0.000000 | val_total=0.333741 | val_mae=3.030617 | val_rmse=6.182717 | val_mape=8.742010 | val_confidence=0.000000 | val_risk=0.000000 | val_blend=0.000000 | batches=709/94 | seconds=44.52 | lr=[0.0008145062499999999] | cuda_peak_mb=521.6
[2026-08-26 20:53:57] INFO Val horizons | 15min_mae=2.644922 15min_rmse=5.193844 15min_mape=7.071447 | 30min_mae=3.059061 30min_rmse=6.213126 30min_mape=8.821645 | 60min_mae=3.595131 60min_rmse=7.386650 60min_mape=11.081456
[2026-08-26 20:54:41] INFO Epoch 042 | stage=standard | train_total=0.340484 | train_forecast=0.340484 | train_confidence=0.000000 | train_risk=0.000000 | train_blend=0.000000 | val_total=0.334267 | val_mae=3.038135 | val_rmse=6.180551 | val_mape=8.780638 | val_confidence=0.000000 | val_risk=0.000000 | val_blend=0.000000 | batches=709/94 | seconds=44.38 | lr=[0.0008145062499999999] | cuda_peak_mb=521.6
[2026-08-26 20:54:41] INFO Val horizons | 15min_mae=2.640046 15min_rmse=5.199086 15min_mape=7.081596 | 30min_mae=3.059767 30min_rmse=6.215406 30min_mape=8.886086 | 60min_mae=3.615777 60min_rmse=7.373829 60min_mape=11.104064
[2026-08-26 20:55:26] INFO Epoch 043 | stage=standard | train_total=0.340280 | train_forecast=0.340280 | train_confidence=0.000000 | train_risk=0.000000 | train_blend=0.000000 | val_total=0.332666 | val_mae=3.018516 | val_rmse=6.168574 | val_mape=8.681060 | val_confidence=0.000000 | val_risk=0.000000 | val_blend=0.000000 | batches=709/94 | seconds=44.36 | lr=[0.0008145062499999999] | cuda_peak_mb=521.6
[2026-08-26 20:55:26] INFO Val horizons | 15min_mae=2.636792 15min_rmse=5.174829 15min_mape=7.046475 | 30min_mae=3.044885 30min_rmse=6.210774 30min_mape=8.776002 | 60min_mae=3.577208 60min_rmse=7.358141 60min_mape=10.947840
[2026-08-26 20:56:10] INFO Epoch 044 | stage=standard | train_total=0.339990 | train_forecast=0.339990 | train_confidence=0.000000 | train_risk=0.000000 | train_blend=0.000000 | val_total=0.333296 | val_mae=3.025883 | val_rmse=6.197525 | val_mape=8.783973 | val_confidence=0.000000 | val_risk=0.000000 | val_blend=0.000000 | batches=709/94 | seconds=44.24 | lr=[0.0008145062499999999] | cuda_peak_mb=521.6
[2026-08-26 20:56:10] INFO Val horizons | 15min_mae=2.637680 15min_rmse=5.189807 15min_mape=7.114199 | 30min_mae=3.050704 30min_rmse=6.229566 30min_mape=8.876606 | 60min_mae=3.590949 60min_rmse=7.406974 60min_mape=11.076973
[2026-08-26 20:56:54] INFO Epoch 045 | stage=standard | train_total=0.339856 | train_forecast=0.339856 | train_confidence=0.000000 | train_risk=0.000000 | train_blend=0.000000 | val_total=0.333044 | val_mae=3.016536 | val_rmse=6.165597 | val_mape=8.466465 | val_confidence=0.000000 | val_risk=0.000000 | val_blend=0.000000 | batches=709/94 | seconds=44.40 | lr=[0.0008145062499999999] | cuda_peak_mb=521.6
[2026-08-26 20:56:54] INFO Val horizons | 15min_mae=2.644828 15min_rmse=5.208800 15min_mape=6.982269 | 30min_mae=3.044633 30min_rmse=6.223850 30min_mape=8.570616 | 60min_mae=3.564887 60min_rmse=7.323727 60min_mape=10.587164
[2026-08-26 20:56:54] INFO Checkpoint updated | epoch=45 | stage=standard | best_val_mae=3.016536 | path=C:\Users\clw\projects\researchRep\STAnchor-BlockMemory\artifacts\convergence\formal_20260826_argcn_base_only_v1\downstream_best.pt
[2026-08-26 20:57:38] INFO Epoch 046 | stage=standard | train_total=0.339376 | train_forecast=0.339376 | train_confidence=0.000000 | train_risk=0.000000 | train_blend=0.000000 | val_total=0.333641 | val_mae=3.027482 | val_rmse=6.224404 | val_mape=8.883108 | val_confidence=0.000000 | val_risk=0.000000 | val_blend=0.000000 | batches=709/94 | seconds=44.29 | lr=[0.0008145062499999999] | cuda_peak_mb=521.6
[2026-08-26 20:57:39] INFO Val horizons | 15min_mae=2.647613 15min_rmse=5.216615 15min_mape=7.177039 | 30min_mae=3.054326 30min_rmse=6.271569 30min_mape=8.976497 | 60min_mae=3.585206 60min_rmse=7.431314 60min_mape=11.242018
[2026-08-26 20:58:23] INFO Epoch 047 | stage=standard | train_total=0.339144 | train_forecast=0.339144 | train_confidence=0.000000 | train_risk=0.000000 | train_blend=0.000000 | val_total=0.332586 | val_mae=3.015370 | val_rmse=6.153643 | val_mape=8.644716 | val_confidence=0.000000 | val_risk=0.000000 | val_blend=0.000000 | batches=709/94 | seconds=44.19 | lr=[0.0008145062499999999] | cuda_peak_mb=521.6
[2026-08-26 20:58:23] INFO Val horizons | 15min_mae=2.638777 15min_rmse=5.164988 15min_mape=7.075613 | 30min_mae=3.040578 30min_rmse=6.184481 30min_mape=8.747410 | 60min_mae=3.565226 60min_rmse=7.341785 60min_mape=10.829543
[2026-08-26 20:58:23] INFO Checkpoint updated | epoch=47 | stage=standard | best_val_mae=3.015370 | path=C:\Users\clw\projects\researchRep\STAnchor-BlockMemory\artifacts\convergence\formal_20260826_argcn_base_only_v1\downstream_best.pt
[2026-08-26 20:59:07] INFO Epoch 048 | stage=standard | train_total=0.338857 | train_forecast=0.338857 | train_confidence=0.000000 | train_risk=0.000000 | train_blend=0.000000 | val_total=0.332213 | val_mae=3.008657 | val_rmse=6.199280 | val_mape=8.544839 | val_confidence=0.000000 | val_risk=0.000000 | val_blend=0.000000 | batches=709/94 | seconds=44.26 | lr=[0.0008145062499999999] | cuda_peak_mb=521.6
[2026-08-26 20:59:07] INFO Val horizons | 15min_mae=2.634069 15min_rmse=5.212698 15min_mape=6.991870 | 30min_mae=3.029713 30min_rmse=6.232212 30min_mape=8.622388 | 60min_mae=3.566936 60min_rmse=7.410501 60min_mape=10.763553
[2026-08-26 20:59:07] INFO Checkpoint updated | epoch=48 | stage=standard | best_val_mae=3.008657 | path=C:\Users\clw\projects\researchRep\STAnchor-BlockMemory\artifacts\convergence\formal_20260826_argcn_base_only_v1\downstream_best.pt
[2026-08-26 20:59:51] INFO Epoch 049 | stage=standard | train_total=0.338756 | train_forecast=0.338756 | train_confidence=0.000000 | train_risk=0.000000 | train_blend=0.000000 | val_total=0.332787 | val_mae=3.021634 | val_rmse=6.163061 | val_mape=8.558389 | val_confidence=0.000000 | val_risk=0.000000 | val_blend=0.000000 | batches=709/94 | seconds=44.42 | lr=[0.0008145062499999999] | cuda_peak_mb=521.6
[2026-08-26 20:59:51] INFO Val horizons | 15min_mae=2.638399 15min_rmse=5.198173 15min_mape=7.003768 | 30min_mae=3.043724 30min_rmse=6.213449 30min_mape=8.651712 | 60min_mae=3.580433 60min_rmse=7.333679 60min_mape=10.759210
[2026-08-26 21:00:36] INFO Epoch 050 | stage=standard | train_total=0.338643 | train_forecast=0.338643 | train_confidence=0.000000 | train_risk=0.000000 | train_blend=0.000000 | val_total=0.332379 | val_mae=3.015055 | val_rmse=6.171633 | val_mape=8.660732 | val_confidence=0.000000 | val_risk=0.000000 | val_blend=0.000000 | batches=709/94 | seconds=44.22 | lr=[0.0008145062499999999] | cuda_peak_mb=521.6
[2026-08-26 21:00:36] INFO Val horizons | 15min_mae=2.637011 15min_rmse=5.193663 15min_mape=7.044571 | 30min_mae=3.040878 30min_rmse=6.213785 30min_mape=8.755969 | 60min_mae=3.562155 60min_rmse=7.360969 60min_mape=10.884067
[2026-08-26 21:00:36] INFO Downstream training finished | best_val_mae=3.008657 | checkpoint=C:\Users\clw\projects\researchRep\STAnchor-BlockMemory\artifacts\convergence\formal_20260826_argcn_base_only_v1\downstream_best.pt
