[2026-09-11 18:03:51] INFO Downstream start | run=cross_dataset_pemsbay/pemsbay_baseonly_dlinear_seed42 | device=cuda:0 (requested=cuda:0) | seed=42 | output=C:\Users\clw\projects\researchRep\STAnchor-BlockMemory\artifacts\cross_dataset_pemsbay\pemsbay_baseonly_dlinear_seed42
[2026-09-11 18:03:51] INFO Mode | downstream_mode=base_only | training_protocol=staged_joint | candidate_protocol=weekday_radius1_overlap | candidate_ranking=learned_key
[2026-09-11 18:03:51] INFO Downstream initialization | seed=42 | state_hash=4f788eaf16e4e728
[2026-09-11 18:03:51] INFO Data | steps=52116 | nodes=325 | channels=1 | training_scope=full_train | memory/post_memory/train_selected/val/test=25327/10855/36182/4912/10125
[2026-09-11 18:03:51] INFO Bank/retrieval | disabled (base_only)
[2026-09-11 18:03:51] INFO Frozen path cache | enabled=no | candidate_ranking=learned_key | fill=first_epoch
[2026-09-11 18:03:51] INFO Parameters | downstream_total=581 | downstream_trainable=312 | backbone=312 | confidence_head=0 | fusion=0 | frozen_pretrained=0
[2026-09-11 18:03:51] INFO Optimization | epochs=100 | batch_size=32 | optimizer=adam | lr=0.0001 | weight_decay=0 | scheduler=none | step_size=10 | gamma=0.950 | confidence_weight=0.000 | patience=3 | early_stopping=enabled
[2026-09-11 18:03:53] INFO Stage start | stage=standard | epochs=100 | optimizer_lrs=[0.0001]
[2026-09-11 18:04:25] INFO Epoch 001 | stage=standard | train_total=0.917020 | train_forecast=0.917020 | train_confidence=0.000000 | train_risk=0.000000 | train_blend=0.000000 | val_total=0.694061 | val_mae=3.709417 | val_rmse=7.125079 | val_mape=9.816504 | val_confidence=0.000000 | val_risk=0.000000 | val_blend=0.000000 | batches=1131/154 | seconds=32.67 | lr=[0.0001] | cuda_peak_mb=30.2
[2026-09-11 18:04:25] INFO Val horizons | 15min_mae=2.167768 15min_rmse=4.335766 15min_mape=5.106647 | 30min_mae=2.840394 30min_rmse=5.613908 30min_mape=7.173571 | 60min_mae=5.536662 60min_rmse=9.506076 60min_mape=14.932971
[2026-09-11 18:04:25] INFO Checkpoint updated | epoch=1 | stage=standard | best_val_mae=3.709417 | path=C:\Users\clw\projects\researchRep\STAnchor-BlockMemory\artifacts\cross_dataset_pemsbay\pemsbay_baseonly_dlinear_seed42\downstream_best.pt
[2026-09-11 18:04:57] INFO Epoch 002 | stage=standard | train_total=0.419472 | train_forecast=0.419472 | train_confidence=0.000000 | train_risk=0.000000 | train_blend=0.000000 | val_total=0.499774 | val_mae=2.892494 | val_rmse=5.890477 | val_mape=7.373775 | val_confidence=0.000000 | val_risk=0.000000 | val_blend=0.000000 | batches=1131/154 | seconds=32.20 | lr=[0.0001] | cuda_peak_mb=30.2
[2026-09-11 18:04:57] INFO Val horizons | 15min_mae=2.017667 15min_rmse=4.038306 15min_mape=4.697511 | 30min_mae=2.665267 30min_rmse=5.441438 30min_mape=6.594665 | 60min_mae=4.118433 60min_rmse=7.713004 60min_mape=10.940104
[2026-09-11 18:04:57] INFO Checkpoint updated | epoch=2 | stage=standard | best_val_mae=2.892494 | path=C:\Users\clw\projects\researchRep\STAnchor-BlockMemory\artifacts\cross_dataset_pemsbay\pemsbay_baseonly_dlinear_seed42\downstream_best.pt
[2026-09-11 18:05:30] INFO Epoch 003 | stage=standard | train_total=0.359423 | train_forecast=0.359423 | train_confidence=0.000000 | train_risk=0.000000 | train_blend=0.000000 | val_total=0.468045 | val_mae=2.720314 | val_rmse=5.658526 | val_mape=6.783067 | val_confidence=0.000000 | val_risk=0.000000 | val_blend=0.000000 | batches=1131/154 | seconds=32.42 | lr=[0.0001] | cuda_peak_mb=30.2
[2026-09-11 18:05:30] INFO Val horizons | 15min_mae=1.909304 15min_rmse=3.833982 15min_mape=4.363421 | 30min_mae=2.605084 30min_rmse=5.356159 30min_mape=6.371152 | 60min_mae=3.870680 60min_rmse=7.498543 60min_mape=10.132847
[2026-09-11 18:05:30] INFO Checkpoint updated | epoch=3 | stage=standard | best_val_mae=2.720314 | path=C:\Users\clw\projects\researchRep\STAnchor-BlockMemory\artifacts\cross_dataset_pemsbay\pemsbay_baseonly_dlinear_seed42\downstream_best.pt
[2026-09-11 18:06:02] INFO Epoch 004 | stage=standard | train_total=0.342804 | train_forecast=0.342804 | train_confidence=0.000000 | train_risk=0.000000 | train_blend=0.000000 | val_total=0.451311 | val_mae=2.661898 | val_rmse=5.541213 | val_mape=6.624333 | val_confidence=0.000000 | val_risk=0.000000 | val_blend=0.000000 | batches=1131/154 | seconds=32.27 | lr=[0.0001] | cuda_peak_mb=30.2
[2026-09-11 18:06:02] INFO Val horizons | 15min_mae=1.847956 15min_rmse=3.710576 15min_mape=4.221406 | 30min_mae=2.585130 30min_rmse=5.304554 30min_mape=6.348581 | 60min_mae=3.800458 60min_rmse=7.392954 60min_mape=9.952440
[2026-09-11 18:06:02] INFO Checkpoint updated | epoch=4 | stage=standard | best_val_mae=2.661898 | path=C:\Users\clw\projects\researchRep\STAnchor-BlockMemory\artifacts\cross_dataset_pemsbay\pemsbay_baseonly_dlinear_seed42\downstream_best.pt
[2026-09-11 18:06:34] INFO Epoch 005 | stage=standard | train_total=0.333185 | train_forecast=0.333185 | train_confidence=0.000000 | train_risk=0.000000 | train_blend=0.000000 | val_total=0.440875 | val_mae=2.608607 | val_rmse=5.463903 | val_mape=6.466244 | val_confidence=0.000000 | val_risk=0.000000 | val_blend=0.000000 | batches=1131/154 | seconds=32.32 | lr=[0.0001] | cuda_peak_mb=30.2
[2026-09-11 18:06:34] INFO Val horizons | 15min_mae=1.801028 15min_rmse=3.633349 15min_mape=4.083022 | 30min_mae=2.555384 30min_rmse=5.264282 30min_mape=6.260366 | 60min_mae=3.743678 60min_rmse=7.319075 60min_mape=9.795548
[2026-09-11 18:06:34] INFO Checkpoint updated | epoch=5 | stage=standard | best_val_mae=2.608607 | path=C:\Users\clw\projects\researchRep\STAnchor-BlockMemory\artifacts\cross_dataset_pemsbay\pemsbay_baseonly_dlinear_seed42\downstream_best.pt
[2026-09-11 18:07:07] INFO Epoch 006 | stage=standard | train_total=0.327230 | train_forecast=0.327230 | train_confidence=0.000000 | train_risk=0.000000 | train_blend=0.000000 | val_total=0.434157 | val_mae=2.569122 | val_rmse=5.407561 | val_mape=6.322726 | val_confidence=0.000000 | val_risk=0.000000 | val_blend=0.000000 | batches=1131/154 | seconds=32.27 | lr=[0.0001] | cuda_peak_mb=30.2
[2026-09-11 18:07:07] INFO Val horizons | 15min_mae=1.774056 15min_rmse=3.583497 15min_mape=3.987836 | 30min_mae=2.530657 30min_rmse=5.230825 30min_mape=6.151541 | 60min_mae=3.703236 60min_rmse=7.261081 60min_mape=9.629351
[2026-09-11 18:07:07] INFO Checkpoint updated | epoch=6 | stage=standard | best_val_mae=2.569122 | path=C:\Users\clw\projects\researchRep\STAnchor-BlockMemory\artifacts\cross_dataset_pemsbay\pemsbay_baseonly_dlinear_seed42\downstream_best.pt
[2026-09-11 18:07:39] INFO Epoch 007 | stage=standard | train_total=0.323427 | train_forecast=0.323427 | train_confidence=0.000000 | train_risk=0.000000 | train_blend=0.000000 | val_total=0.429969 | val_mae=2.545740 | val_rmse=5.375021 | val_mape=6.256371 | val_confidence=0.000000 | val_risk=0.000000 | val_blend=0.000000 | batches=1131/154 | seconds=32.41 | lr=[0.0001] | cuda_peak_mb=30.2
[2026-09-11 18:07:39] INFO Val horizons | 15min_mae=1.756926 15min_rmse=3.553997 15min_mape=3.918128 | 30min_mae=2.518692 30min_rmse=5.212797 30min_mape=6.116073 | 60min_mae=3.678567 60min_rmse=7.229435 60min_mape=9.573637
[2026-09-11 18:07:39] INFO Checkpoint updated | epoch=7 | stage=standard | best_val_mae=2.545740 | path=C:\Users\clw\projects\researchRep\STAnchor-BlockMemory\artifacts\cross_dataset_pemsbay\pemsbay_baseonly_dlinear_seed42\downstream_best.pt
[2026-09-11 18:08:12] INFO Epoch 008 | stage=standard | train_total=0.321159 | train_forecast=0.321159 | train_confidence=0.000000 | train_risk=0.000000 | train_blend=0.000000 | val_total=0.427390 | val_mae=2.536068 | val_rmse=5.353516 | val_mape=6.223590 | val_confidence=0.000000 | val_risk=0.000000 | val_blend=0.000000 | batches=1131/154 | seconds=32.48 | lr=[0.0001] | cuda_peak_mb=30.2
[2026-09-11 18:08:12] INFO Val horizons | 15min_mae=1.749877 15min_rmse=3.540147 15min_mape=3.896423 | 30min_mae=2.517177 30min_rmse=5.201329 30min_mape=6.114218 | 60min_mae=3.673944 60min_rmse=7.205672 60min_mape=9.543334
[2026-09-11 18:08:12] INFO Checkpoint updated | epoch=8 | stage=standard | best_val_mae=2.536068 | path=C:\Users\clw\projects\researchRep\STAnchor-BlockMemory\artifacts\cross_dataset_pemsbay\pemsbay_baseonly_dlinear_seed42\downstream_best.pt
[2026-09-11 18:08:44] INFO Epoch 009 | stage=standard | train_total=0.319824 | train_forecast=0.319824 | train_confidence=0.000000 | train_risk=0.000000 | train_blend=0.000000 | val_total=0.425905 | val_mae=2.523072 | val_rmse=5.339616 | val_mape=6.171515 | val_confidence=0.000000 | val_risk=0.000000 | val_blend=0.000000 | batches=1131/154 | seconds=32.38 | lr=[0.0001] | cuda_peak_mb=30.2
[2026-09-11 18:08:44] INFO Val horizons | 15min_mae=1.748272 15min_rmse=3.532461 15min_mape=3.881384 | 30min_mae=2.506885 30min_rmse=5.193017 30min_mape=6.064627 | 60min_mae=3.655941 60min_rmse=7.190545 60min_mape=9.479838
[2026-09-11 18:08:44] INFO Checkpoint updated | epoch=9 | stage=standard | best_val_mae=2.523072 | path=C:\Users\clw\projects\researchRep\STAnchor-BlockMemory\artifacts\cross_dataset_pemsbay\pemsbay_baseonly_dlinear_seed42\downstream_best.pt
[2026-09-11 18:09:16] INFO Epoch 010 | stage=standard | train_total=0.319001 | train_forecast=0.319001 | train_confidence=0.000000 | train_risk=0.000000 | train_blend=0.000000 | val_total=0.424936 | val_mae=2.518038 | val_rmse=5.330714 | val_mape=6.155666 | val_confidence=0.000000 | val_risk=0.000000 | val_blend=0.000000 | batches=1131/154 | seconds=32.40 | lr=[0.0001] | cuda_peak_mb=30.2
[2026-09-11 18:09:16] INFO Val horizons | 15min_mae=1.746136 15min_rmse=3.528208 15min_mape=3.881186 | 30min_mae=2.504087 30min_rmse=5.187854 30min_mape=6.054720 | 60min_mae=3.646945 60min_rmse=7.179526 60min_mape=9.446497
[2026-09-11 18:09:16] INFO Checkpoint updated | epoch=10 | stage=standard | best_val_mae=2.518038 | path=C:\Users\clw\projects\researchRep\STAnchor-BlockMemory\artifacts\cross_dataset_pemsbay\pemsbay_baseonly_dlinear_seed42\downstream_best.pt
[2026-09-11 18:09:49] INFO Epoch 011 | stage=standard | train_total=0.318512 | train_forecast=0.318512 | train_confidence=0.000000 | train_risk=0.000000 | train_blend=0.000000 | val_total=0.424356 | val_mae=2.534090 | val_rmse=5.329552 | val_mape=6.228492 | val_confidence=0.000000 | val_risk=0.000000 | val_blend=0.000000 | batches=1131/154 | seconds=32.39 | lr=[0.0001] | cuda_peak_mb=30.2
[2026-09-11 18:09:49] INFO Val horizons | 15min_mae=1.756490 15min_rmse=3.529350 15min_mape=3.934629 | 30min_mae=2.525516 30min_rmse=5.190241 30min_mape=6.155526 | 60min_mae=3.669228 60min_rmse=7.176467 60min_mape=9.534803
[2026-09-11 18:10:21] INFO Epoch 012 | stage=standard | train_total=0.318274 | train_forecast=0.318274 | train_confidence=0.000000 | train_risk=0.000000 | train_blend=0.000000 | val_total=0.423866 | val_mae=2.525064 | val_rmse=5.323196 | val_mape=6.185753 | val_confidence=0.000000 | val_risk=0.000000 | val_blend=0.000000 | batches=1131/154 | seconds=32.52 | lr=[0.0001] | cuda_peak_mb=30.2
[2026-09-11 18:10:21] INFO Val horizons | 15min_mae=1.752294 15min_rmse=3.525680 15min_mape=3.907488 | 30min_mae=2.515258 30min_rmse=5.184354 30min_mape=6.106624 | 60min_mae=3.655488 60min_rmse=7.168528 60min_mape=9.476069
[2026-09-11 18:10:54] INFO Epoch 013 | stage=standard | train_total=0.318116 | train_forecast=0.318116 | train_confidence=0.000000 | train_risk=0.000000 | train_blend=0.000000 | val_total=0.423527 | val_mae=2.533083 | val_rmse=5.319944 | val_mape=6.191256 | val_confidence=0.000000 | val_risk=0.000000 | val_blend=0.000000 | batches=1131/154 | seconds=32.35 | lr=[0.0001] | cuda_peak_mb=30.2
[2026-09-11 18:10:54] INFO Val horizons | 15min_mae=1.752525 15min_rmse=3.523008 15min_mape=3.895714 | 30min_mae=2.524958 30min_rmse=5.182076 30min_mape=6.117146 | 60min_mae=3.670681 60min_rmse=7.164333 60min_mape=9.495225
[2026-09-11 18:10:54] INFO Stage early stopping | epoch=13 | stage=standard | stale_epochs=3 | best_val_mae=2.518038
[2026-09-11 18:10:54] INFO Downstream training finished | best_val_mae=2.518038 | checkpoint=C:\Users\clw\projects\researchRep\STAnchor-BlockMemory\artifacts\cross_dataset_pemsbay\pemsbay_baseonly_dlinear_seed42\downstream_best.pt
