[2026-09-11 12:59:01] INFO Downstream start | run=convergence/ablation_random_bank_router_st_ssdl_seed42 | device=cuda:0 (requested=cuda:0) | seed=42 | output=C:\Users\clw\projects\researchRep\STAnchor-BlockMemory\artifacts\convergence\ablation_random_bank_router_st_ssdl_seed42
[2026-09-11 12:59:01] INFO Mode | downstream_mode=learned_topk_error_aware | training_protocol=posthoc_frozen_base | candidate_protocol=weekday_radius1_overlap | candidate_ranking=learned_key
[2026-09-11 12:59:01] INFO Downstream initialization | seed=42 | state_hash=b382673c315f8cda
[2026-09-11 12:59:01] INFO Frozen base | checkpoint=C:\Users\clw\projects\researchRep\STAnchor-BlockMemory\artifacts\convergence\formal_20260910_baseonly_st_ssdl_seed42\downstream_best.pt | fingerprint=290961abfa3a4d81
[2026-09-11 12:59:01] INFO Data | steps=34272 | nodes=207 | channels=1 | training_scope=full_train | memory/post_memory/train_selected/val/test=15876/6805/22681/2993/6025
[2026-09-11 12:59:01] INFO Bank/retrieval | dataset=metrla_random_queue | events=15876 | nodes=207 | retrieval_dim=64 | event_top_r=32 | node_top_k=12 | key_dtype=float16
[2026-09-11 12:59:01] INFO Frozen path cache | enabled=yes | candidate_ranking=learned_key | fill=first_epoch
[2026-09-11 12:59:01] INFO Parameters | downstream_total=1,526,700 | downstream_trainable=879,693 | backbone=0 | confidence_head=0 | fusion=0 | frozen_pretrained=958,704
[2026-09-11 12:59:01] INFO Optimization | epochs=50 | batch_size=32 | optimizer=adam | lr=0.0005 | weight_decay=0.0001 | scheduler=step_lr | step_size=10 | gamma=0.500 | confidence_weight=0.000 | patience=20 | early_stopping=disabled
[2026-09-11 12:59:03] INFO Stage start | stage=posthoc_calibrator | epochs=50 | optimizer_lrs=[0.0005]
[2026-09-11 13:05:43] INFO Epoch 001 | stage=posthoc_calibrator | train_total=2.784264 | train_forecast=2.784264 | train_confidence=0.000000 | train_risk=0.000000 | train_blend=0.000000 | val_total=2.722289 | val_mae=2.719850 | val_rmse=5.770608 | val_mape=7.619122 | val_confidence=0.000000 | val_risk=0.000000 | val_blend=0.000000 | batches=709/94 | seconds=399.91 | lr=[0.0005] | cuda_peak_mb=3498.8
[2026-09-11 13:05:43] INFO Val horizons | 15min_mae=2.420745 15min_rmse=4.826265 15min_mape=6.313239 | 30min_mae=2.745264 30min_rmse=5.812642 30min_mape=7.704336 | 60min_mae=3.155714 60min_rmse=6.880838 60min_mape=9.477203
[2026-09-11 13:05:43] INFO Checkpoint updated | epoch=1 | stage=posthoc_calibrator | best_val_mae=2.719850 | path=C:\Users\clw\projects\researchRep\STAnchor-BlockMemory\artifacts\convergence\ablation_random_bank_router_st_ssdl_seed42\downstream_best.pt
[2026-09-11 13:06:48] INFO Epoch 002 | stage=posthoc_calibrator | train_total=2.774762 | train_forecast=2.774762 | train_confidence=0.000000 | train_risk=0.000000 | train_blend=0.000000 | val_total=2.726463 | val_mae=2.724066 | val_rmse=5.771436 | val_mape=7.561997 | val_confidence=0.000000 | val_risk=0.000000 | val_blend=0.000000 | batches=709/94 | seconds=64.88 | lr=[0.0005] | cuda_peak_mb=1432.6
[2026-09-11 13:06:48] INFO Val horizons | 15min_mae=2.425899 15min_rmse=4.832272 15min_mape=6.306599 | 30min_mae=2.751177 30min_rmse=5.815675 30min_mape=7.667713 | 60min_mae=3.157375 60min_rmse=6.871973 60min_mape=9.333599
[2026-09-11 13:07:52] INFO Epoch 003 | stage=posthoc_calibrator | train_total=2.772465 | train_forecast=2.772465 | train_confidence=0.000000 | train_risk=0.000000 | train_blend=0.000000 | val_total=2.722339 | val_mae=2.719932 | val_rmse=5.753554 | val_mape=7.581826 | val_confidence=0.000000 | val_risk=0.000000 | val_blend=0.000000 | batches=709/94 | seconds=64.78 | lr=[0.0005] | cuda_peak_mb=1433.2
[2026-09-11 13:07:52] INFO Val horizons | 15min_mae=2.422315 15min_rmse=4.824490 15min_mape=6.310807 | 30min_mae=2.746283 30min_rmse=5.801726 30min_mape=7.684281 | 60min_mae=3.154941 60min_rmse=6.843559 60min_mape=9.368959
[2026-09-11 13:08:57] INFO Epoch 004 | stage=posthoc_calibrator | train_total=2.770838 | train_forecast=2.770838 | train_confidence=0.000000 | train_risk=0.000000 | train_blend=0.000000 | val_total=2.719788 | val_mae=2.717283 | val_rmse=5.774070 | val_mape=7.590920 | val_confidence=0.000000 | val_risk=0.000000 | val_blend=0.000000 | batches=709/94 | seconds=64.74 | lr=[0.0005] | cuda_peak_mb=1433.8
[2026-09-11 13:08:57] INFO Val horizons | 15min_mae=2.421011 15min_rmse=4.838211 15min_mape=6.318639 | 30min_mae=2.744801 30min_rmse=5.825679 30min_mape=7.692392 | 60min_mae=3.149393 60min_rmse=6.870979 60min_mape=9.391272
[2026-09-11 13:08:57] INFO Checkpoint updated | epoch=4 | stage=posthoc_calibrator | best_val_mae=2.717283 | path=C:\Users\clw\projects\researchRep\STAnchor-BlockMemory\artifacts\convergence\ablation_random_bank_router_st_ssdl_seed42\downstream_best.pt
[2026-09-11 13:10:02] INFO Epoch 005 | stage=posthoc_calibrator | train_total=2.770207 | train_forecast=2.770207 | train_confidence=0.000000 | train_risk=0.000000 | train_blend=0.000000 | val_total=2.716092 | val_mae=2.713591 | val_rmse=5.775617 | val_mape=7.602361 | val_confidence=0.000000 | val_risk=0.000000 | val_blend=0.000000 | batches=709/94 | seconds=64.73 | lr=[0.0005] | cuda_peak_mb=1432.6
[2026-09-11 13:10:02] INFO Val horizons | 15min_mae=2.420340 15min_rmse=4.833790 15min_mape=6.310091 | 30min_mae=2.743060 30min_rmse=5.821831 30min_mape=7.706305 | 60min_mae=3.139908 60min_rmse=6.883440 60min_mape=9.412031
[2026-09-11 13:10:02] INFO Checkpoint updated | epoch=5 | stage=posthoc_calibrator | best_val_mae=2.713591 | path=C:\Users\clw\projects\researchRep\STAnchor-BlockMemory\artifacts\convergence\ablation_random_bank_router_st_ssdl_seed42\downstream_best.pt
[2026-09-11 13:11:07] INFO Epoch 006 | stage=posthoc_calibrator | train_total=2.770258 | train_forecast=2.770258 | train_confidence=0.000000 | train_risk=0.000000 | train_blend=0.000000 | val_total=2.717630 | val_mae=2.715200 | val_rmse=5.785012 | val_mape=7.620547 | val_confidence=0.000000 | val_risk=0.000000 | val_blend=0.000000 | batches=709/94 | seconds=64.66 | lr=[0.0005] | cuda_peak_mb=1433.1
[2026-09-11 13:11:07] INFO Val horizons | 15min_mae=2.420948 15min_rmse=4.837604 15min_mape=6.317073 | 30min_mae=2.743595 30min_rmse=5.826613 30min_mape=7.714613 | 60min_mae=3.144363 60min_rmse=6.908305 60min_mape=9.467416
[2026-09-11 13:12:12] INFO Epoch 007 | stage=posthoc_calibrator | train_total=2.769845 | train_forecast=2.769845 | train_confidence=0.000000 | train_risk=0.000000 | train_blend=0.000000 | val_total=2.719251 | val_mae=2.716794 | val_rmse=5.762376 | val_mape=7.595081 | val_confidence=0.000000 | val_risk=0.000000 | val_blend=0.000000 | batches=709/94 | seconds=65.21 | lr=[0.0005] | cuda_peak_mb=1433.3
[2026-09-11 13:12:12] INFO Val horizons | 15min_mae=2.421365 15min_rmse=4.830353 15min_mape=6.315218 | 30min_mae=2.744290 30min_rmse=5.810552 30min_mape=7.701184 | 60min_mae=3.148683 60min_rmse=6.861675 60min_mape=9.392257
[2026-09-11 13:13:17] INFO Epoch 008 | stage=posthoc_calibrator | train_total=2.769105 | train_forecast=2.769105 | train_confidence=0.000000 | train_risk=0.000000 | train_blend=0.000000 | val_total=2.717687 | val_mae=2.715200 | val_rmse=5.796975 | val_mape=7.608561 | val_confidence=0.000000 | val_risk=0.000000 | val_blend=0.000000 | batches=709/94 | seconds=65.59 | lr=[0.0005] | cuda_peak_mb=1433.9
[2026-09-11 13:13:17] INFO Val horizons | 15min_mae=2.420689 15min_rmse=4.840950 15min_mape=6.313398 | 30min_mae=2.744167 30min_rmse=5.840082 30min_mape=7.707099 | 60min_mae=3.143230 60min_rmse=6.921005 60min_mape=9.435952
[2026-09-11 13:14:24] INFO Epoch 009 | stage=posthoc_calibrator | train_total=2.768820 | train_forecast=2.768820 | train_confidence=0.000000 | train_risk=0.000000 | train_blend=0.000000 | val_total=2.719203 | val_mae=2.716702 | val_rmse=5.766625 | val_mape=7.582078 | val_confidence=0.000000 | val_risk=0.000000 | val_blend=0.000000 | batches=709/94 | seconds=67.03 | lr=[0.0005] | cuda_peak_mb=1434.1
[2026-09-11 13:14:24] INFO Val horizons | 15min_mae=2.421526 15min_rmse=4.836731 15min_mape=6.317512 | 30min_mae=2.744841 30min_rmse=5.815204 30min_mape=7.690483 | 60min_mae=3.149527 60min_rmse=6.863716 60min_mape=9.359712
[2026-09-11 13:15:29] INFO Epoch 010 | stage=posthoc_calibrator | train_total=2.767989 | train_forecast=2.767989 | train_confidence=0.000000 | train_risk=0.000000 | train_blend=0.000000 | val_total=2.719623 | val_mae=2.717129 | val_rmse=5.764829 | val_mape=7.561779 | val_confidence=0.000000 | val_risk=0.000000 | val_blend=0.000000 | batches=709/94 | seconds=64.08 | lr=[0.0005] | cuda_peak_mb=1433.8
[2026-09-11 13:15:29] INFO Val horizons | 15min_mae=2.420427 15min_rmse=4.836534 15min_mape=6.307545 | 30min_mae=2.742350 30min_rmse=5.813810 30min_mape=7.677264 | 60min_mae=3.156846 60min_rmse=6.864721 60min_mape=9.330024
[2026-09-11 13:16:32] INFO Epoch 011 | stage=posthoc_calibrator | train_total=2.766693 | train_forecast=2.766693 | train_confidence=0.000000 | train_risk=0.000000 | train_blend=0.000000 | val_total=2.717981 | val_mae=2.715517 | val_rmse=5.781837 | val_mape=7.648535 | val_confidence=0.000000 | val_risk=0.000000 | val_blend=0.000000 | batches=709/94 | seconds=63.78 | lr=[0.00025] | cuda_peak_mb=1432.6
[2026-09-11 13:16:32] INFO Val horizons | 15min_mae=2.421669 15min_rmse=4.838482 15min_mape=6.334293 | 30min_mae=2.744740 30min_rmse=5.821768 30min_mape=7.765712 | 60min_mae=3.144227 60min_rmse=6.902081 60min_mape=9.470443
[2026-09-11 13:17:36] INFO Epoch 012 | stage=posthoc_calibrator | train_total=2.765978 | train_forecast=2.765978 | train_confidence=0.000000 | train_risk=0.000000 | train_blend=0.000000 | val_total=2.718446 | val_mae=2.715926 | val_rmse=5.781723 | val_mape=7.594529 | val_confidence=0.000000 | val_risk=0.000000 | val_blend=0.000000 | batches=709/94 | seconds=63.72 | lr=[0.00025] | cuda_peak_mb=1433.8
[2026-09-11 13:17:36] INFO Val horizons | 15min_mae=2.421249 15min_rmse=4.839743 15min_mape=6.321034 | 30min_mae=2.744118 30min_rmse=5.830469 30min_mape=7.705136 | 60min_mae=3.147225 60min_rmse=6.892828 60min_mape=9.387249
[2026-09-11 13:18:40] INFO Epoch 013 | stage=posthoc_calibrator | train_total=2.765677 | train_forecast=2.765677 | train_confidence=0.000000 | train_risk=0.000000 | train_blend=0.000000 | val_total=2.722251 | val_mae=2.719797 | val_rmse=5.753377 | val_mape=7.623712 | val_confidence=0.000000 | val_risk=0.000000 | val_blend=0.000000 | batches=709/94 | seconds=63.85 | lr=[0.00025] | cuda_peak_mb=1432.8
[2026-09-11 13:18:40] INFO Val horizons | 15min_mae=2.421024 15min_rmse=4.834151 15min_mape=6.321451 | 30min_mae=2.745817 30min_rmse=5.801764 30min_mape=7.739543 | 60min_mae=3.159071 60min_rmse=6.850327 60min_mape=9.427560
[2026-09-11 13:19:45] INFO Epoch 014 | stage=posthoc_calibrator | train_total=2.765688 | train_forecast=2.765688 | train_confidence=0.000000 | train_risk=0.000000 | train_blend=0.000000 | val_total=2.720192 | val_mae=2.717683 | val_rmse=5.763447 | val_mape=7.602429 | val_confidence=0.000000 | val_risk=0.000000 | val_blend=0.000000 | batches=709/94 | seconds=65.08 | lr=[0.00025] | cuda_peak_mb=1433.5
[2026-09-11 13:19:45] INFO Val horizons | 15min_mae=2.420928 15min_rmse=4.835954 15min_mape=6.317592 | 30min_mae=2.744505 30min_rmse=5.814529 30min_mape=7.715778 | 60min_mae=3.154188 60min_rmse=6.863062 60min_mape=9.396834
[2026-09-11 13:20:49] INFO Epoch 015 | stage=posthoc_calibrator | train_total=2.765380 | train_forecast=2.765380 | train_confidence=0.000000 | train_risk=0.000000 | train_blend=0.000000 | val_total=2.718197 | val_mae=2.715686 | val_rmse=5.776769 | val_mape=7.636371 | val_confidence=0.000000 | val_risk=0.000000 | val_blend=0.000000 | batches=709/94 | seconds=64.55 | lr=[0.00025] | cuda_peak_mb=1433.4
[2026-09-11 13:20:49] INFO Val horizons | 15min_mae=2.421307 15min_rmse=4.839107 15min_mape=6.326339 | 30min_mae=2.744623 30min_rmse=5.825045 30min_mape=7.745900 | 60min_mae=3.146084 60min_rmse=6.886913 60min_mape=9.467108
[2026-09-11 13:21:54] INFO Epoch 016 | stage=posthoc_calibrator | train_total=2.764932 | train_forecast=2.764932 | train_confidence=0.000000 | train_risk=0.000000 | train_blend=0.000000 | val_total=2.716705 | val_mae=2.714158 | val_rmse=5.767242 | val_mape=7.606172 | val_confidence=0.000000 | val_risk=0.000000 | val_blend=0.000000 | batches=709/94 | seconds=64.63 | lr=[0.00025] | cuda_peak_mb=1434.3
[2026-09-11 13:21:54] INFO Val horizons | 15min_mae=2.421121 15min_rmse=4.835597 15min_mape=6.313323 | 30min_mae=2.743629 30min_rmse=5.816559 30min_mape=7.722058 | 60min_mae=3.142838 60min_rmse=6.870488 60min_mape=9.404502
[2026-09-11 13:22:59] INFO Epoch 017 | stage=posthoc_calibrator | train_total=2.764712 | train_forecast=2.764712 | train_confidence=0.000000 | train_risk=0.000000 | train_blend=0.000000 | val_total=2.716006 | val_mae=2.713466 | val_rmse=5.776330 | val_mape=7.594589 | val_confidence=0.000000 | val_risk=0.000000 | val_blend=0.000000 | batches=709/94 | seconds=64.74 | lr=[0.00025] | cuda_peak_mb=1433.8
[2026-09-11 13:22:59] INFO Val horizons | 15min_mae=2.420880 15min_rmse=4.837028 15min_mape=6.312564 | 30min_mae=2.742392 30min_rmse=5.825066 30min_mape=7.704539 | 60min_mae=3.142381 60min_rmse=6.880753 60min_mape=9.391062
[2026-09-11 13:22:59] INFO Checkpoint updated | epoch=17 | stage=posthoc_calibrator | best_val_mae=2.713466 | path=C:\Users\clw\projects\researchRep\STAnchor-BlockMemory\artifacts\convergence\ablation_random_bank_router_st_ssdl_seed42\downstream_best.pt
[2026-09-11 13:24:03] INFO Epoch 018 | stage=posthoc_calibrator | train_total=2.764369 | train_forecast=2.764369 | train_confidence=0.000000 | train_risk=0.000000 | train_blend=0.000000 | val_total=2.716651 | val_mae=2.714108 | val_rmse=5.765444 | val_mape=7.610265 | val_confidence=0.000000 | val_risk=0.000000 | val_blend=0.000000 | batches=709/94 | seconds=64.57 | lr=[0.00025] | cuda_peak_mb=1432.6
[2026-09-11 13:24:03] INFO Val horizons | 15min_mae=2.420475 15min_rmse=4.835128 15min_mape=6.316297 | 30min_mae=2.743248 30min_rmse=5.813663 30min_mape=7.735821 | 60min_mae=3.144227 60min_rmse=6.867904 60min_mape=9.395201
[2026-09-11 13:25:08] INFO Epoch 019 | stage=posthoc_calibrator | train_total=2.764196 | train_forecast=2.764196 | train_confidence=0.000000 | train_risk=0.000000 | train_blend=0.000000 | val_total=2.716846 | val_mae=2.714315 | val_rmse=5.771281 | val_mape=7.627223 | val_confidence=0.000000 | val_risk=0.000000 | val_blend=0.000000 | batches=709/94 | seconds=64.75 | lr=[0.00025] | cuda_peak_mb=1433.9
[2026-09-11 13:25:08] INFO Val horizons | 15min_mae=2.420482 15min_rmse=4.837181 15min_mape=6.320444 | 30min_mae=2.743302 30min_rmse=5.819406 30min_mape=7.743891 | 60min_mae=3.144062 60min_rmse=6.878875 60min_mape=9.436921
[2026-09-11 13:26:14] INFO Epoch 020 | stage=posthoc_calibrator | train_total=2.764211 | train_forecast=2.764211 | train_confidence=0.000000 | train_risk=0.000000 | train_blend=0.000000 | val_total=2.719015 | val_mae=2.716499 | val_rmse=5.765616 | val_mape=7.562797 | val_confidence=0.000000 | val_risk=0.000000 | val_blend=0.000000 | batches=709/94 | seconds=66.25 | lr=[0.00025] | cuda_peak_mb=1433.0
[2026-09-11 13:26:14] INFO Val horizons | 15min_mae=2.420888 15min_rmse=4.831958 15min_mape=6.300416 | 30min_mae=2.743076 30min_rmse=5.810647 30min_mape=7.675440 | 60min_mae=3.153468 60min_rmse=6.868688 60min_mape=9.329329
[2026-09-11 13:27:19] INFO Epoch 021 | stage=posthoc_calibrator | train_total=2.763343 | train_forecast=2.763343 | train_confidence=0.000000 | train_risk=0.000000 | train_blend=0.000000 | val_total=2.718188 | val_mae=2.715638 | val_rmse=5.761306 | val_mape=7.609666 | val_confidence=0.000000 | val_risk=0.000000 | val_blend=0.000000 | batches=709/94 | seconds=64.84 | lr=[0.000125] | cuda_peak_mb=1433.0
[2026-09-11 13:27:19] INFO Val horizons | 15min_mae=2.420825 15min_rmse=4.833640 15min_mape=6.314397 | 30min_mae=2.743883 30min_rmse=5.809328 30min_mape=7.723732 | 60min_mae=3.148331 60min_rmse=6.867801 60min_mape=9.415996
[2026-09-11 13:28:25] INFO Epoch 022 | stage=posthoc_calibrator | train_total=2.762887 | train_forecast=2.762887 | train_confidence=0.000000 | train_risk=0.000000 | train_blend=0.000000 | val_total=2.716205 | val_mae=2.713632 | val_rmse=5.752840 | val_mape=7.585806 | val_confidence=0.000000 | val_risk=0.000000 | val_blend=0.000000 | batches=709/94 | seconds=65.25 | lr=[0.000125] | cuda_peak_mb=1434.1
[2026-09-11 13:28:25] INFO Val horizons | 15min_mae=2.420160 15min_rmse=4.830002 15min_mape=6.307244 | 30min_mae=2.741587 30min_rmse=5.795876 30min_mape=7.703310 | 60min_mae=3.145646 60min_rmse=6.856666 60min_mape=9.365804
[2026-09-11 13:29:31] INFO Epoch 023 | stage=posthoc_calibrator | train_total=2.763037 | train_forecast=2.763037 | train_confidence=0.000000 | train_risk=0.000000 | train_blend=0.000000 | val_total=2.716908 | val_mae=2.714325 | val_rmse=5.757246 | val_mape=7.566558 | val_confidence=0.000000 | val_risk=0.000000 | val_blend=0.000000 | batches=709/94 | seconds=66.48 | lr=[0.000125] | cuda_peak_mb=1432.6
[2026-09-11 13:29:31] INFO Val horizons | 15min_mae=2.420627 15min_rmse=4.829947 15min_mape=6.303797 | 30min_mae=2.741693 30min_rmse=5.802415 30min_mape=7.687885 | 60min_mae=3.147690 60min_rmse=6.862418 60min_mape=9.328380
[2026-09-11 13:30:39] INFO Epoch 024 | stage=posthoc_calibrator | train_total=2.762831 | train_forecast=2.762831 | train_confidence=0.000000 | train_risk=0.000000 | train_blend=0.000000 | val_total=2.717316 | val_mae=2.714746 | val_rmse=5.759021 | val_mape=7.591634 | val_confidence=0.000000 | val_risk=0.000000 | val_blend=0.000000 | batches=709/94 | seconds=68.21 | lr=[0.000125] | cuda_peak_mb=1433.5
[2026-09-11 13:30:39] INFO Val horizons | 15min_mae=2.420474 15min_rmse=4.834091 15min_mape=6.313860 | 30min_mae=2.742426 30min_rmse=5.808148 30min_mape=7.709619 | 60min_mae=3.147782 60min_rmse=6.860770 60min_mape=9.371944
[2026-09-11 13:31:46] INFO Epoch 025 | stage=posthoc_calibrator | train_total=2.762807 | train_forecast=2.762807 | train_confidence=0.000000 | train_risk=0.000000 | train_blend=0.000000 | val_total=2.719951 | val_mae=2.717419 | val_rmse=5.756891 | val_mape=7.583377 | val_confidence=0.000000 | val_risk=0.000000 | val_blend=0.000000 | batches=709/94 | seconds=66.35 | lr=[0.000125] | cuda_peak_mb=1433.4
[2026-09-11 13:31:46] INFO Val horizons | 15min_mae=2.420511 15min_rmse=4.830598 15min_mape=6.307229 | 30min_mae=2.743129 30min_rmse=5.805548 30min_mape=7.698865 | 60min_mae=3.156287 60min_rmse=6.857858 60min_mape=9.366002
[2026-09-11 13:32:50] INFO Epoch 026 | stage=posthoc_calibrator | train_total=2.762929 | train_forecast=2.762929 | train_confidence=0.000000 | train_risk=0.000000 | train_blend=0.000000 | val_total=2.716231 | val_mae=2.713643 | val_rmse=5.753659 | val_mape=7.592605 | val_confidence=0.000000 | val_risk=0.000000 | val_blend=0.000000 | batches=709/94 | seconds=64.87 | lr=[0.000125] | cuda_peak_mb=1434.3
[2026-09-11 13:32:50] INFO Val horizons | 15min_mae=2.420266 15min_rmse=4.831894 15min_mape=6.309856 | 30min_mae=2.741840 30min_rmse=5.800524 30min_mape=7.712629 | 60min_mae=3.145019 60min_rmse=6.855243 60min_mape=9.375282
[2026-09-11 13:33:55] INFO Epoch 027 | stage=posthoc_calibrator | train_total=2.762698 | train_forecast=2.762698 | train_confidence=0.000000 | train_risk=0.000000 | train_blend=0.000000 | val_total=2.715284 | val_mae=2.712695 | val_rmse=5.759912 | val_mape=7.558835 | val_confidence=0.000000 | val_risk=0.000000 | val_blend=0.000000 | batches=709/94 | seconds=64.80 | lr=[0.000125] | cuda_peak_mb=1432.6
[2026-09-11 13:33:55] INFO Val horizons | 15min_mae=2.420053 15min_rmse=4.833295 15min_mape=6.300935 | 30min_mae=2.740314 30min_rmse=5.807958 30min_mape=7.671515 | 60min_mae=3.144976 60min_rmse=6.860348 60min_mape=9.328120
[2026-09-11 13:33:55] INFO Checkpoint updated | epoch=27 | stage=posthoc_calibrator | best_val_mae=2.712695 | path=C:\Users\clw\projects\researchRep\STAnchor-BlockMemory\artifacts\convergence\ablation_random_bank_router_st_ssdl_seed42\downstream_best.pt
[2026-09-11 13:35:01] INFO Epoch 028 | stage=posthoc_calibrator | train_total=2.762608 | train_forecast=2.762608 | train_confidence=0.000000 | train_risk=0.000000 | train_blend=0.000000 | val_total=2.714798 | val_mae=2.712196 | val_rmse=5.758492 | val_mape=7.571088 | val_confidence=0.000000 | val_risk=0.000000 | val_blend=0.000000 | batches=709/94 | seconds=65.65 | lr=[0.000125] | cuda_peak_mb=1433.6
[2026-09-11 13:35:01] INFO Val horizons | 15min_mae=2.419959 15min_rmse=4.833759 15min_mape=6.304302 | 30min_mae=2.740415 30min_rmse=5.804837 30min_mape=7.683629 | 60min_mae=3.142586 60min_rmse=6.861118 60min_mape=9.349781
[2026-09-11 13:35:01] INFO Checkpoint updated | epoch=28 | stage=posthoc_calibrator | best_val_mae=2.712196 | path=C:\Users\clw\projects\researchRep\STAnchor-BlockMemory\artifacts\convergence\ablation_random_bank_router_st_ssdl_seed42\downstream_best.pt
[2026-09-11 13:36:07] INFO Epoch 029 | stage=posthoc_calibrator | train_total=2.762418 | train_forecast=2.762418 | train_confidence=0.000000 | train_risk=0.000000 | train_blend=0.000000 | val_total=2.714485 | val_mae=2.711876 | val_rmse=5.753698 | val_mape=7.567800 | val_confidence=0.000000 | val_risk=0.000000 | val_blend=0.000000 | batches=709/94 | seconds=65.79 | lr=[0.000125] | cuda_peak_mb=1433.3
[2026-09-11 13:36:07] INFO Val horizons | 15min_mae=2.420174 15min_rmse=4.835879 15min_mape=6.309213 | 30min_mae=2.740255 30min_rmse=5.808757 30min_mape=7.690185 | 60min_mae=3.142413 60min_rmse=6.840482 60min_mape=9.322306
[2026-09-11 13:36:07] INFO Checkpoint updated | epoch=29 | stage=posthoc_calibrator | best_val_mae=2.711876 | path=C:\Users\clw\projects\researchRep\STAnchor-BlockMemory\artifacts\convergence\ablation_random_bank_router_st_ssdl_seed42\downstream_best.pt
[2026-09-11 13:37:12] INFO Epoch 030 | stage=posthoc_calibrator | train_total=2.762337 | train_forecast=2.762337 | train_confidence=0.000000 | train_risk=0.000000 | train_blend=0.000000 | val_total=2.713050 | val_mae=2.710456 | val_rmse=5.767445 | val_mape=7.585893 | val_confidence=0.000000 | val_risk=0.000000 | val_blend=0.000000 | batches=709/94 | seconds=64.85 | lr=[0.000125] | cuda_peak_mb=1433.0
[2026-09-11 13:37:12] INFO Val horizons | 15min_mae=2.419961 15min_rmse=4.837821 15min_mape=6.310809 | 30min_mae=2.739965 30min_rmse=5.819422 30min_mape=7.698498 | 60min_mae=3.136447 60min_rmse=6.868629 60min_mape=9.378144
[2026-09-11 13:37:12] INFO Checkpoint updated | epoch=30 | stage=posthoc_calibrator | best_val_mae=2.710456 | path=C:\Users\clw\projects\researchRep\STAnchor-BlockMemory\artifacts\convergence\ablation_random_bank_router_st_ssdl_seed42\downstream_best.pt
[2026-09-11 13:38:17] INFO Epoch 031 | stage=posthoc_calibrator | train_total=2.761845 | train_forecast=2.761845 | train_confidence=0.000000 | train_risk=0.000000 | train_blend=0.000000 | val_total=2.715514 | val_mae=2.712926 | val_rmse=5.755480 | val_mape=7.577592 | val_confidence=0.000000 | val_risk=0.000000 | val_blend=0.000000 | batches=709/94 | seconds=64.83 | lr=[6.25e-05] | cuda_peak_mb=1433.0
[2026-09-11 13:38:17] INFO Val horizons | 15min_mae=2.419877 15min_rmse=4.832735 15min_mape=6.305061 | 30min_mae=2.740725 30min_rmse=5.804129 30min_mape=7.694167 | 60min_mae=3.144695 60min_rmse=6.857013 60min_mape=9.357694
[2026-09-11 13:39:21] INFO Epoch 032 | stage=posthoc_calibrator | train_total=2.762190 | train_forecast=2.762190 | train_confidence=0.000000 | train_risk=0.000000 | train_blend=0.000000 | val_total=2.715568 | val_mae=2.712977 | val_rmse=5.749796 | val_mape=7.558495 | val_confidence=0.000000 | val_risk=0.000000 | val_blend=0.000000 | batches=709/94 | seconds=64.92 | lr=[6.25e-05] | cuda_peak_mb=1433.5
[2026-09-11 13:39:21] INFO Val horizons | 15min_mae=2.419687 15min_rmse=4.830184 15min_mape=6.298033 | 30min_mae=2.740248 30min_rmse=5.798122 30min_mape=7.676684 | 60min_mae=3.145469 60min_rmse=6.848792 60min_mape=9.324829
[2026-09-11 13:40:26] INFO Epoch 033 | stage=posthoc_calibrator | train_total=2.761829 | train_forecast=2.761829 | train_confidence=0.000000 | train_risk=0.000000 | train_blend=0.000000 | val_total=2.715833 | val_mae=2.713235 | val_rmse=5.756468 | val_mape=7.566255 | val_confidence=0.000000 | val_risk=0.000000 | val_blend=0.000000 | batches=709/94 | seconds=64.83 | lr=[6.25e-05] | cuda_peak_mb=1432.6
[2026-09-11 13:40:26] INFO Val horizons | 15min_mae=2.420185 15min_rmse=4.832652 15min_mape=6.304836 | 30min_mae=2.740954 30min_rmse=5.803885 30min_mape=7.682072 | 60min_mae=3.145370 60min_rmse=6.857182 60min_mape=9.335503
[2026-09-11 13:41:31] INFO Epoch 034 | stage=posthoc_calibrator | train_total=2.762048 | train_forecast=2.762048 | train_confidence=0.000000 | train_risk=0.000000 | train_blend=0.000000 | val_total=2.714531 | val_mae=2.711931 | val_rmse=5.756425 | val_mape=7.579615 | val_confidence=0.000000 | val_risk=0.000000 | val_blend=0.000000 | batches=709/94 | seconds=64.84 | lr=[6.25e-05] | cuda_peak_mb=1432.6
[2026-09-11 13:41:31] INFO Val horizons | 15min_mae=2.420133 15min_rmse=4.832042 15min_mape=6.304521 | 30min_mae=2.740513 30min_rmse=5.804422 30min_mape=7.693650 | 60min_mae=3.141722 60min_rmse=6.857353 60min_mape=9.363157
[2026-09-11 13:42:36] INFO Epoch 035 | stage=posthoc_calibrator | train_total=2.761925 | train_forecast=2.761925 | train_confidence=0.000000 | train_risk=0.000000 | train_blend=0.000000 | val_total=2.714761 | val_mae=2.712172 | val_rmse=5.754543 | val_mape=7.581626 | val_confidence=0.000000 | val_risk=0.000000 | val_blend=0.000000 | batches=709/94 | seconds=64.73 | lr=[6.25e-05] | cuda_peak_mb=1432.8
[2026-09-11 13:42:36] INFO Val horizons | 15min_mae=2.419961 15min_rmse=4.832778 15min_mape=6.307047 | 30min_mae=2.740492 30min_rmse=5.805626 30min_mape=7.697699 | 60min_mae=3.142482 60min_rmse=6.852516 60min_mape=9.362359
[2026-09-11 13:43:41] INFO Epoch 036 | stage=posthoc_calibrator | train_total=2.761656 | train_forecast=2.761656 | train_confidence=0.000000 | train_risk=0.000000 | train_blend=0.000000 | val_total=2.714682 | val_mae=2.712092 | val_rmse=5.756187 | val_mape=7.568151 | val_confidence=0.000000 | val_risk=0.000000 | val_blend=0.000000 | batches=709/94 | seconds=64.83 | lr=[6.25e-05] | cuda_peak_mb=1432.6
[2026-09-11 13:43:41] INFO Val horizons | 15min_mae=2.419918 15min_rmse=4.831899 15min_mape=6.303184 | 30min_mae=2.740185 30min_rmse=5.808046 30min_mape=7.687216 | 60min_mae=3.143153 60min_rmse=6.851170 60min_mape=9.334250
[2026-09-11 13:44:46] INFO Epoch 037 | stage=posthoc_calibrator | train_total=2.761755 | train_forecast=2.761755 | train_confidence=0.000000 | train_risk=0.000000 | train_blend=0.000000 | val_total=2.716958 | val_mae=2.714372 | val_rmse=5.748501 | val_mape=7.563580 | val_confidence=0.000000 | val_risk=0.000000 | val_blend=0.000000 | batches=709/94 | seconds=64.80 | lr=[6.25e-05] | cuda_peak_mb=1432.6
[2026-09-11 13:44:46] INFO Val horizons | 15min_mae=2.420791 15min_rmse=4.828215 15min_mape=6.297767 | 30min_mae=2.741804 30min_rmse=5.793371 30min_mape=7.677188 | 60min_mae=3.148382 60min_rmse=6.850197 60min_mape=9.337398
[2026-09-11 13:45:50] INFO Epoch 038 | stage=posthoc_calibrator | train_total=2.761494 | train_forecast=2.761494 | train_confidence=0.000000 | train_risk=0.000000 | train_blend=0.000000 | val_total=2.716499 | val_mae=2.713915 | val_rmse=5.750652 | val_mape=7.554461 | val_confidence=0.000000 | val_risk=0.000000 | val_blend=0.000000 | batches=709/94 | seconds=64.84 | lr=[6.25e-05] | cuda_peak_mb=1432.6
[2026-09-11 13:45:50] INFO Val horizons | 15min_mae=2.419966 15min_rmse=4.829563 15min_mape=6.299914 | 30min_mae=2.740633 30min_rmse=5.798081 30min_mape=7.672893 | 60min_mae=3.148596 60min_rmse=6.850059 60min_mape=9.314239
[2026-09-11 13:46:55] INFO Epoch 039 | stage=posthoc_calibrator | train_total=2.761468 | train_forecast=2.761468 | train_confidence=0.000000 | train_risk=0.000000 | train_blend=0.000000 | val_total=2.715618 | val_mae=2.713031 | val_rmse=5.751899 | val_mape=7.561992 | val_confidence=0.000000 | val_risk=0.000000 | val_blend=0.000000 | batches=709/94 | seconds=64.83 | lr=[6.25e-05] | cuda_peak_mb=1432.6
[2026-09-11 13:46:55] INFO Val horizons | 15min_mae=2.419611 15min_rmse=4.830153 15min_mape=6.299271 | 30min_mae=2.739962 30min_rmse=5.800257 30min_mape=7.678341 | 60min_mae=3.146548 60min_rmse=6.849653 60min_mape=9.328071
[2026-09-11 13:48:00] INFO Epoch 040 | stage=posthoc_calibrator | train_total=2.761974 | train_forecast=2.761974 | train_confidence=0.000000 | train_risk=0.000000 | train_blend=0.000000 | val_total=2.714117 | val_mae=2.711516 | val_rmse=5.757921 | val_mape=7.581162 | val_confidence=0.000000 | val_risk=0.000000 | val_blend=0.000000 | batches=709/94 | seconds=64.85 | lr=[6.25e-05] | cuda_peak_mb=1432.6
[2026-09-11 13:48:00] INFO Val horizons | 15min_mae=2.420048 15min_rmse=4.831871 15min_mape=6.305688 | 30min_mae=2.740411 30min_rmse=5.806244 30min_mape=7.696462 | 60min_mae=3.140307 60min_rmse=6.860885 60min_mape=9.364166
[2026-09-11 13:49:05] INFO Epoch 041 | stage=posthoc_calibrator | train_total=2.761347 | train_forecast=2.761347 | train_confidence=0.000000 | train_risk=0.000000 | train_blend=0.000000 | val_total=2.714641 | val_mae=2.712047 | val_rmse=5.756050 | val_mape=7.597012 | val_confidence=0.000000 | val_risk=0.000000 | val_blend=0.000000 | batches=709/94 | seconds=64.77 | lr=[3.125e-05] | cuda_peak_mb=1432.6
[2026-09-11 13:49:05] INFO Val horizons | 15min_mae=2.420055 15min_rmse=4.832493 15min_mape=6.310527 | 30min_mae=2.740930 30min_rmse=5.805775 30min_mape=7.714916 | 60min_mae=3.141259 60min_rmse=6.856942 60min_mape=9.385036
[2026-09-11 13:50:10] INFO Epoch 042 | stage=posthoc_calibrator | train_total=2.761170 | train_forecast=2.761170 | train_confidence=0.000000 | train_risk=0.000000 | train_blend=0.000000 | val_total=2.715849 | val_mae=2.713266 | val_rmse=5.744127 | val_mape=7.561289 | val_confidence=0.000000 | val_risk=0.000000 | val_blend=0.000000 | batches=709/94 | seconds=64.77 | lr=[3.125e-05] | cuda_peak_mb=1432.6
[2026-09-11 13:50:10] INFO Val horizons | 15min_mae=2.419711 15min_rmse=4.828703 15min_mape=6.297729 | 30min_mae=2.740156 30min_rmse=5.793521 30min_mape=7.679664 | 60min_mae=3.147315 60min_rmse=6.838060 60min_mape=9.326363
[2026-09-11 13:51:14] INFO Epoch 043 | stage=posthoc_calibrator | train_total=2.761161 | train_forecast=2.761161 | train_confidence=0.000000 | train_risk=0.000000 | train_blend=0.000000 | val_total=2.713397 | val_mae=2.710787 | val_rmse=5.754022 | val_mape=7.571848 | val_confidence=0.000000 | val_risk=0.000000 | val_blend=0.000000 | batches=709/94 | seconds=64.58 | lr=[3.125e-05] | cuda_peak_mb=1432.6
[2026-09-11 13:51:14] INFO Val horizons | 15min_mae=2.419755 15min_rmse=4.832409 15min_mape=6.303355 | 30min_mae=2.739512 30min_rmse=5.805101 30min_mape=7.688473 | 60min_mae=3.139445 60min_rmse=6.850638 60min_mape=9.346977
[2026-09-11 13:52:19] INFO Epoch 044 | stage=posthoc_calibrator | train_total=2.761025 | train_forecast=2.761025 | train_confidence=0.000000 | train_risk=0.000000 | train_blend=0.000000 | val_total=2.714513 | val_mae=2.711918 | val_rmse=5.744770 | val_mape=7.571656 | val_confidence=0.000000 | val_risk=0.000000 | val_blend=0.000000 | batches=709/94 | seconds=64.56 | lr=[3.125e-05] | cuda_peak_mb=1432.6
[2026-09-11 13:52:19] INFO Val horizons | 15min_mae=2.419465 15min_rmse=4.829879 15min_mape=6.300637 | 30min_mae=2.739902 30min_rmse=5.796763 30min_mape=7.692486 | 60min_mae=3.142986 60min_rmse=6.835101 60min_mape=9.338298
[2026-09-11 13:53:23] INFO Epoch 045 | stage=posthoc_calibrator | train_total=2.760946 | train_forecast=2.760946 | train_confidence=0.000000 | train_risk=0.000000 | train_blend=0.000000 | val_total=2.713975 | val_mae=2.711371 | val_rmse=5.755300 | val_mape=7.587338 | val_confidence=0.000000 | val_risk=0.000000 | val_blend=0.000000 | batches=709/94 | seconds=64.40 | lr=[3.125e-05] | cuda_peak_mb=1432.6
[2026-09-11 13:53:23] INFO Val horizons | 15min_mae=2.419855 15min_rmse=4.832498 15min_mape=6.308017 | 30min_mae=2.740321 30min_rmse=5.805739 30min_mape=7.702590 | 60min_mae=3.139516 60min_rmse=6.853982 60min_mape=9.374475
[2026-09-11 13:54:28] INFO Epoch 046 | stage=posthoc_calibrator | train_total=2.760923 | train_forecast=2.760923 | train_confidence=0.000000 | train_risk=0.000000 | train_blend=0.000000 | val_total=2.712842 | val_mae=2.710225 | val_rmse=5.750799 | val_mape=7.580898 | val_confidence=0.000000 | val_risk=0.000000 | val_blend=0.000000 | batches=709/94 | seconds=64.42 | lr=[3.125e-05] | cuda_peak_mb=1432.6
[2026-09-11 13:54:28] INFO Val horizons | 15min_mae=2.419679 15min_rmse=4.831289 15min_mape=6.304427 | 30min_mae=2.739517 30min_rmse=5.801586 30min_mape=7.700612 | 60min_mae=3.137199 60min_rmse=6.845305 60min_mape=9.353697
[2026-09-11 13:54:28] INFO Checkpoint updated | epoch=46 | stage=posthoc_calibrator | best_val_mae=2.710225 | path=C:\Users\clw\projects\researchRep\STAnchor-BlockMemory\artifacts\convergence\ablation_random_bank_router_st_ssdl_seed42\downstream_best.pt
[2026-09-11 13:55:32] INFO Epoch 047 | stage=posthoc_calibrator | train_total=2.760834 | train_forecast=2.760834 | train_confidence=0.000000 | train_risk=0.000000 | train_blend=0.000000 | val_total=2.712658 | val_mae=2.710047 | val_rmse=5.753338 | val_mape=7.586793 | val_confidence=0.000000 | val_risk=0.000000 | val_blend=0.000000 | batches=709/94 | seconds=64.48 | lr=[3.125e-05] | cuda_peak_mb=1432.6
[2026-09-11 13:55:32] INFO Val horizons | 15min_mae=2.419703 15min_rmse=4.831493 15min_mape=6.305379 | 30min_mae=2.739603 30min_rmse=5.804353 30min_mape=7.703839 | 60min_mae=3.136256 60min_rmse=6.849033 60min_mape=9.370865
[2026-09-11 13:55:32] INFO Checkpoint updated | epoch=47 | stage=posthoc_calibrator | best_val_mae=2.710047 | path=C:\Users\clw\projects\researchRep\STAnchor-BlockMemory\artifacts\convergence\ablation_random_bank_router_st_ssdl_seed42\downstream_best.pt
[2026-09-11 13:56:37] INFO Epoch 048 | stage=posthoc_calibrator | train_total=2.760689 | train_forecast=2.760689 | train_confidence=0.000000 | train_risk=0.000000 | train_blend=0.000000 | val_total=2.713677 | val_mae=2.711061 | val_rmse=5.748907 | val_mape=7.579046 | val_confidence=0.000000 | val_risk=0.000000 | val_blend=0.000000 | batches=709/94 | seconds=64.63 | lr=[3.125e-05] | cuda_peak_mb=1432.6
[2026-09-11 13:56:37] INFO Val horizons | 15min_mae=2.419705 15min_rmse=4.830919 15min_mape=6.305587 | 30min_mae=2.739953 30min_rmse=5.800531 30min_mape=7.698139 | 60min_mae=3.139226 60min_rmse=6.840934 60min_mape=9.350504
[2026-09-11 13:57:41] INFO Epoch 049 | stage=posthoc_calibrator | train_total=2.760914 | train_forecast=2.760914 | train_confidence=0.000000 | train_risk=0.000000 | train_blend=0.000000 | val_total=2.712449 | val_mae=2.709824 | val_rmse=5.753711 | val_mape=7.571253 | val_confidence=0.000000 | val_risk=0.000000 | val_blend=0.000000 | batches=709/94 | seconds=64.52 | lr=[3.125e-05] | cuda_peak_mb=1432.6
[2026-09-11 13:57:41] INFO Val horizons | 15min_mae=2.419482 15min_rmse=4.831636 15min_mape=6.304224 | 30min_mae=2.739023 30min_rmse=5.804104 30min_mape=7.691476 | 60min_mae=3.136031 60min_rmse=6.848828 60min_mape=9.336305
[2026-09-11 13:57:41] INFO Checkpoint updated | epoch=49 | stage=posthoc_calibrator | best_val_mae=2.709824 | path=C:\Users\clw\projects\researchRep\STAnchor-BlockMemory\artifacts\convergence\ablation_random_bank_router_st_ssdl_seed42\downstream_best.pt
[2026-09-11 13:58:46] INFO Epoch 050 | stage=posthoc_calibrator | train_total=2.760481 | train_forecast=2.760481 | train_confidence=0.000000 | train_risk=0.000000 | train_blend=0.000000 | val_total=2.713566 | val_mae=2.710956 | val_rmse=5.755576 | val_mape=7.583890 | val_confidence=0.000000 | val_risk=0.000000 | val_blend=0.000000 | batches=709/94 | seconds=64.55 | lr=[3.125e-05] | cuda_peak_mb=1432.6
[2026-09-11 13:58:46] INFO Val horizons | 15min_mae=2.419895 15min_rmse=4.833129 15min_mape=6.308413 | 30min_mae=2.740006 30min_rmse=5.806774 30min_mape=7.698638 | 60min_mae=3.138455 60min_rmse=6.850548 60min_mape=9.364534
[2026-09-11 13:58:46] INFO Downstream training finished | best_val_mae=2.709824 | checkpoint=C:\Users\clw\projects\researchRep\STAnchor-BlockMemory\artifacts\convergence\ablation_random_bank_router_st_ssdl_seed42\downstream_best.pt
