[2026-09-17 19:48:11] INFO Downstream start | run=paper_final_joint_context_offset_only_seed42/thesis_only/simple_fusion_retrieval_comparison/metrla/stgcn/random | device=cuda:0 (requested=cuda:0) | seed=42 | output=D:\projects\researchProjects\TrafficRobustST\STAnchor-BlockMemory\artifacts\paper_final_joint_context_offset_only_seed42\thesis_only\simple_fusion_retrieval_comparison\metrla\stgcn\random
[2026-09-17 19:48:11] INFO Mode | downstream_mode=learned_topk_offset_only_horizon | training_protocol=posthoc_frozen_base | candidate_protocol=weekday_radius1_overlap | candidate_ranking=learned_key | candidate_payload=offset_only
[2026-09-17 19:48:11] INFO Downstream initialization | seed=42 | state_hash=28047f64315107ce
[2026-09-17 19:48:11] INFO Frozen base | checkpoint=D:\projects\researchProjects\TrafficRobustST\STAnchor-BlockMemory\artifacts\convergence\downstream_tgge_v3_matched_fulltrain_queue\downstream_tgge_v3_stgcn_base_only_fulltrain_seed42\downstream_best.pt | fingerprint=aed70b50b981ce0f
[2026-09-17 19:48:11] INFO Data | steps=34272 | nodes=207 | channels=1 | training_scope=full_train | memory/post_memory/train_selected/val/test=15876/6805/22681/2993/6025
[2026-09-17 19:48:11] INFO Frozen path cache | enabled=True | storage=disk_mmap | train_samples=22681 | val_samples=2993 | allocated_mib=1520.5
[2026-09-17 19:48:11] INFO Bank/retrieval | dataset=metrla_random_encoder_seed42_simple_fusion | events=15876 | nodes=207 | retrieval_dim=64 | event_top_r=32 | node_top_k=12 | key_dtype=float16
[2026-09-17 19:48:11] INFO Frozen path cache | enabled=yes | candidate_ranking=learned_key | fill=first_epoch
[2026-09-17 19:48:11] INFO Parameters | downstream_total=231,513 | downstream_trainable=12 | backbone=0 | confidence_head=0 | fusion=12 | frozen_pretrained=958,704
[2026-09-17 19:48:11] INFO Optimization | epochs=10 | batch_size=32 | optimizer=adam | lr=0.0005 | weight_decay=0.0001 | scheduler=step_lr | step_size=10 | gamma=0.500 | confidence_weight=0.000 | patience=20 | early_stopping=disabled
[2026-09-17 19:48:12] INFO Stage start | stage=posthoc_calibrator | epochs=10 | optimizer_lrs=[0.0005]
[2026-09-17 19:53:10] INFO Epoch 001 | stage=posthoc_calibrator | train_total=3.006104 | train_forecast=3.006104 | train_confidence=0.000000 | train_risk=0.000000 | train_blend=0.000000 | val_total=2.881326 | val_mae=2.878259 | val_rmse=5.927085 | val_mape=8.092665 | val_confidence=0.000000 | val_risk=0.000000 | val_blend=0.000000 | batches=709/94 | seconds=297.79 | lr=[0.0005] | cuda_peak_mb=3452.9
[2026-09-17 19:53:10] INFO Val horizons | 15min_mae=2.578627 15min_rmse=5.056893 15min_mape=6.811086 | 30min_mae=2.898994 30min_rmse=5.965475 30min_mape=8.172464 | 60min_mae=3.312733 60min_rmse=6.982079 60min_mape=9.850493
[2026-09-17 19:53:10] INFO Checkpoint updated | epoch=1 | stage=posthoc_calibrator | best_val_mae=2.878259 | path=D:\projects\researchProjects\TrafficRobustST\STAnchor-BlockMemory\artifacts\paper_final_joint_context_offset_only_seed42\thesis_only\simple_fusion_retrieval_comparison\metrla\stgcn\random\downstream_best.pt
[2026-09-17 19:54:15] INFO Epoch 002 | stage=posthoc_calibrator | train_total=3.005159 | train_forecast=3.005159 | train_confidence=0.000000 | train_risk=0.000000 | train_blend=0.000000 | val_total=2.881525 | val_mae=2.878449 | val_rmse=5.932015 | val_mape=8.096511 | val_confidence=0.000000 | val_risk=0.000000 | val_blend=0.000000 | batches=709/94 | seconds=65.42 | lr=[0.0005] | cuda_peak_mb=109.3
[2026-09-17 19:54:15] INFO Val horizons | 15min_mae=2.578939 15min_rmse=5.058978 15min_mape=6.814372 | 30min_mae=2.899403 30min_rmse=5.971750 30min_mape=8.179304 | 60min_mae=3.313089 60min_rmse=6.987823 60min_mape=9.854794
[2026-09-17 19:55:19] INFO Epoch 003 | stage=posthoc_calibrator | train_total=3.004789 | train_forecast=3.004789 | train_confidence=0.000000 | train_risk=0.000000 | train_blend=0.000000 | val_total=2.881665 | val_mae=2.878585 | val_rmse=5.934148 | val_mape=8.098231 | val_confidence=0.000000 | val_risk=0.000000 | val_blend=0.000000 | batches=709/94 | seconds=64.06 | lr=[0.0005] | cuda_peak_mb=109.3
[2026-09-17 19:55:19] INFO Val horizons | 15min_mae=2.579051 15min_rmse=5.059672 15min_mape=6.815472 | 30min_mae=2.899671 30min_rmse=5.974669 30min_mape=8.182585 | 60min_mae=3.313266 60min_rmse=6.990244 60min_mape=9.856645
[2026-09-17 19:56:23] INFO Epoch 004 | stage=posthoc_calibrator | train_total=3.004885 | train_forecast=3.004885 | train_confidence=0.000000 | train_risk=0.000000 | train_blend=0.000000 | val_total=2.881762 | val_mae=2.878680 | val_rmse=5.935310 | val_mape=8.099232 | val_confidence=0.000000 | val_risk=0.000000 | val_blend=0.000000 | batches=709/94 | seconds=63.39 | lr=[0.0005] | cuda_peak_mb=109.3
[2026-09-17 19:56:23] INFO Val horizons | 15min_mae=2.579101 15min_rmse=5.059975 15min_mape=6.815954 | 30min_mae=2.899825 30min_rmse=5.976129 30min_mape=8.184255 | 60min_mae=3.313372 60min_rmse=6.991607 60min_mape=9.857698
[2026-09-17 19:57:27] INFO Epoch 005 | stage=posthoc_calibrator | train_total=3.004876 | train_forecast=3.004876 | train_confidence=0.000000 | train_risk=0.000000 | train_blend=0.000000 | val_total=2.881786 | val_mae=2.878704 | val_rmse=5.935602 | val_mape=8.099479 | val_confidence=0.000000 | val_risk=0.000000 | val_blend=0.000000 | batches=709/94 | seconds=64.57 | lr=[0.0005] | cuda_peak_mb=109.3
[2026-09-17 19:57:27] INFO Val horizons | 15min_mae=2.579106 15min_rmse=5.060008 15min_mape=6.816006 | 30min_mae=2.899895 30min_rmse=5.976764 30min_mape=8.184986 | 60min_mae=3.313381 60min_rmse=6.991717 60min_mape=9.857783
[2026-09-17 19:58:31] INFO Epoch 006 | stage=posthoc_calibrator | train_total=3.004784 | train_forecast=3.004784 | train_confidence=0.000000 | train_risk=0.000000 | train_blend=0.000000 | val_total=2.881801 | val_mae=2.878719 | val_rmse=5.935716 | val_mape=8.099620 | val_confidence=0.000000 | val_risk=0.000000 | val_blend=0.000000 | batches=709/94 | seconds=63.20 | lr=[0.0005] | cuda_peak_mb=109.3
[2026-09-17 19:58:31] INFO Val horizons | 15min_mae=2.579110 15min_rmse=5.060030 15min_mape=6.816041 | 30min_mae=2.899897 30min_rmse=5.976784 30min_mape=8.185009 | 60min_mae=3.313384 60min_rmse=6.991752 60min_mape=9.857810
[2026-09-17 19:59:34] INFO Epoch 007 | stage=posthoc_calibrator | train_total=3.004562 | train_forecast=3.004562 | train_confidence=0.000000 | train_risk=0.000000 | train_blend=0.000000 | val_total=2.881794 | val_mae=2.878712 | val_rmse=5.935678 | val_mape=8.099557 | val_confidence=0.000000 | val_risk=0.000000 | val_blend=0.000000 | batches=709/94 | seconds=63.14 | lr=[0.0005] | cuda_peak_mb=109.3
[2026-09-17 19:59:34] INFO Val horizons | 15min_mae=2.579093 15min_rmse=5.059930 15min_mape=6.815882 | 30min_mae=2.899896 30min_rmse=5.976773 30min_mape=8.184997 | 60min_mae=3.313387 60min_rmse=6.991795 60min_mape=9.857843
[2026-09-17 20:00:37] INFO Epoch 008 | stage=posthoc_calibrator | train_total=3.004492 | train_forecast=3.004492 | train_confidence=0.000000 | train_risk=0.000000 | train_blend=0.000000 | val_total=2.881807 | val_mae=2.878725 | val_rmse=5.935764 | val_mape=8.099677 | val_confidence=0.000000 | val_risk=0.000000 | val_blend=0.000000 | batches=709/94 | seconds=63.09 | lr=[0.0005] | cuda_peak_mb=109.3
[2026-09-17 20:00:37] INFO Val horizons | 15min_mae=2.579117 15min_rmse=5.060070 15min_mape=6.816105 | 30min_mae=2.899912 30min_rmse=5.976919 30min_mape=8.185164 | 60min_mae=3.313378 60min_rmse=6.991680 60min_mape=9.857754
[2026-09-17 20:01:40] INFO Epoch 009 | stage=posthoc_calibrator | train_total=3.004615 | train_forecast=3.004615 | train_confidence=0.000000 | train_risk=0.000000 | train_blend=0.000000 | val_total=2.881820 | val_mae=2.878738 | val_rmse=5.935919 | val_mape=8.099804 | val_confidence=0.000000 | val_risk=0.000000 | val_blend=0.000000 | batches=709/94 | seconds=62.79 | lr=[0.0005] | cuda_peak_mb=109.3
[2026-09-17 20:01:40] INFO Val horizons | 15min_mae=2.579111 15min_rmse=5.060037 15min_mape=6.816053 | 30min_mae=2.899937 30min_rmse=5.977139 30min_mape=8.185418 | 60min_mae=3.313417 60min_rmse=6.992162 60min_mape=9.858129
[2026-09-17 20:02:41] INFO Epoch 010 | stage=posthoc_calibrator | train_total=3.004631 | train_forecast=3.004631 | train_confidence=0.000000 | train_risk=0.000000 | train_blend=0.000000 | val_total=2.881830 | val_mae=2.878748 | val_rmse=5.936004 | val_mape=8.099900 | val_confidence=0.000000 | val_risk=0.000000 | val_blend=0.000000 | batches=709/94 | seconds=61.28 | lr=[0.0005] | cuda_peak_mb=109.3
[2026-09-17 20:02:41] INFO Val horizons | 15min_mae=2.579129 15min_rmse=5.060145 15min_mape=6.816224 | 30min_mae=2.899943 30min_rmse=5.977186 30min_mape=8.185472 | 60min_mae=3.313424 60min_rmse=6.992244 60min_mape=9.858193
[2026-09-17 20:02:41] INFO Downstream training finished | best_val_mae=2.878259 | checkpoint=D:\projects\researchProjects\TrafficRobustST\STAnchor-BlockMemory\artifacts\paper_final_joint_context_offset_only_seed42\thesis_only\simple_fusion_retrieval_comparison\metrla\stgcn\random\downstream_best.pt
