[2026-09-10 07:32:48] INFO Downstream start | run=cross_dataset_final/pems08_baseonly_argcn_seed42 | device=cuda:0 (requested=cuda:0) | seed=42 | output=C:\Users\clw\projects\researchRep\STAnchor-BlockMemory\artifacts\cross_dataset_final\pems08_baseonly_argcn_seed42
[2026-09-10 07:32:48] INFO Mode | downstream_mode=base_only | training_protocol=staged_joint | candidate_protocol=weekday_radius1_overlap
[2026-09-10 07:32:48] INFO Downstream initialization | seed=42 | state_hash=0f50bbeb404ec514
[2026-09-10 07:32:48] INFO Data | steps=17856 | nodes=170 | channels=1 | training_scope=full_train | memory/post_memory/train_selected/val/test=8540/3660/12200/1486/3273
[2026-09-10 07:32:48] INFO Bank/retrieval | disabled (base_only)
[2026-09-10 07:32:48] INFO Parameters | downstream_total=150,809 | downstream_trainable=150,540 | backbone=150,540 | confidence_head=0 | fusion=0 | frozen_pretrained=0
[2026-09-10 07:32:48] INFO Optimization | epochs=50 | batch_size=32 | optimizer=adam | lr=0.001 | weight_decay=0.0001 | scheduler=step_lr | step_size=10 | gamma=0.950 | confidence_weight=0.000 | patience=10 | early_stopping=disabled
[2026-09-10 07:32:50] INFO Stage start | stage=standard | epochs=50 | optimizer_lrs=[0.001]
[2026-09-10 07:33:12] INFO Epoch 001 | stage=standard | train_total=1.583299 | train_forecast=1.583299 | train_confidence=0.000000 | train_risk=0.000000 | train_blend=0.000000 | val_total=1.632154 | val_mae=1.628431 | val_rmse=3.711425 | val_mape=3.509636 | val_confidence=0.000000 | val_risk=0.000000 | val_blend=0.000000 | batches=382/47 | seconds=22.25 | lr=[0.001] | cuda_peak_mb=423.0
[2026-09-10 07:33:12] INFO Val horizons | 15min_mae=1.290571 15min_rmse=2.775145 15min_mape=2.653654 | 30min_mae=1.653754 30min_rmse=3.710791 30min_mape=3.544227 | 60min_mae=2.123988 60min_rmse=4.709847 60min_mape=4.750210
[2026-09-10 07:33:12] INFO Checkpoint updated | epoch=1 | stage=standard | best_val_mae=1.628431 | path=C:\Users\clw\projects\researchRep\STAnchor-BlockMemory\artifacts\cross_dataset_final\pems08_baseonly_argcn_seed42\downstream_best.pt
[2026-09-10 07:33:34] INFO Epoch 002 | stage=standard | train_total=1.456452 | train_forecast=1.456452 | train_confidence=0.000000 | train_risk=0.000000 | train_blend=0.000000 | val_total=1.618658 | val_mae=1.616446 | val_rmse=3.706972 | val_mape=3.440932 | val_confidence=0.000000 | val_risk=0.000000 | val_blend=0.000000 | batches=382/47 | seconds=21.80 | lr=[0.001] | cuda_peak_mb=423.0
[2026-09-10 07:33:34] INFO Val horizons | 15min_mae=1.278383 15min_rmse=2.729799 15min_mape=2.540922 | 30min_mae=1.651330 30min_rmse=3.696199 30min_mape=3.486452 | 60min_mae=2.103448 60min_rmse=4.741928 60min_mape=4.715869
[2026-09-10 07:33:34] INFO Checkpoint updated | epoch=2 | stage=standard | best_val_mae=1.616446 | path=C:\Users\clw\projects\researchRep\STAnchor-BlockMemory\artifacts\cross_dataset_final\pems08_baseonly_argcn_seed42\downstream_best.pt
[2026-09-10 07:33:56] INFO Epoch 003 | stage=standard | train_total=1.438606 | train_forecast=1.438606 | train_confidence=0.000000 | train_risk=0.000000 | train_blend=0.000000 | val_total=1.619213 | val_mae=1.615016 | val_rmse=3.736893 | val_mape=3.544559 | val_confidence=0.000000 | val_risk=0.000000 | val_blend=0.000000 | batches=382/47 | seconds=22.15 | lr=[0.001] | cuda_peak_mb=423.0
[2026-09-10 07:33:56] INFO Val horizons | 15min_mae=1.269355 15min_rmse=2.730083 15min_mape=2.568778 | 30min_mae=1.642992 30min_rmse=3.715942 30min_mape=3.586546 | 60min_mae=2.111285 60min_rmse=4.801795 60min_mape=4.903302
[2026-09-10 07:33:56] INFO Checkpoint updated | epoch=3 | stage=standard | best_val_mae=1.615016 | path=C:\Users\clw\projects\researchRep\STAnchor-BlockMemory\artifacts\cross_dataset_final\pems08_baseonly_argcn_seed42\downstream_best.pt
[2026-09-10 07:34:18] INFO Epoch 004 | stage=standard | train_total=1.422528 | train_forecast=1.422528 | train_confidence=0.000000 | train_risk=0.000000 | train_blend=0.000000 | val_total=1.605109 | val_mae=1.602023 | val_rmse=3.721703 | val_mape=3.510766 | val_confidence=0.000000 | val_risk=0.000000 | val_blend=0.000000 | batches=382/47 | seconds=21.99 | lr=[0.001] | cuda_peak_mb=423.0
[2026-09-10 07:34:18] INFO Val horizons | 15min_mae=1.255918 15min_rmse=2.704181 15min_mape=2.514891 | 30min_mae=1.629255 30min_rmse=3.687954 30min_mape=3.536453 | 60min_mae=2.095532 60min_rmse=4.798986 60min_mape=4.880286
[2026-09-10 07:34:18] INFO Checkpoint updated | epoch=4 | stage=standard | best_val_mae=1.602023 | path=C:\Users\clw\projects\researchRep\STAnchor-BlockMemory\artifacts\cross_dataset_final\pems08_baseonly_argcn_seed42\downstream_best.pt
[2026-09-10 07:34:40] INFO Epoch 005 | stage=standard | train_total=1.404945 | train_forecast=1.404945 | train_confidence=0.000000 | train_risk=0.000000 | train_blend=0.000000 | val_total=1.580595 | val_mae=1.578053 | val_rmse=3.698619 | val_mape=3.427017 | val_confidence=0.000000 | val_risk=0.000000 | val_blend=0.000000 | batches=382/47 | seconds=21.93 | lr=[0.001] | cuda_peak_mb=423.0
[2026-09-10 07:34:40] INFO Val horizons | 15min_mae=1.249730 15min_rmse=2.693249 15min_mape=2.488708 | 30min_mae=1.607962 30min_rmse=3.672236 30min_mape=3.463503 | 60min_mae=2.047455 60min_rmse=4.753612 60min_mape=4.724145
[2026-09-10 07:34:40] INFO Checkpoint updated | epoch=5 | stage=standard | best_val_mae=1.578053 | path=C:\Users\clw\projects\researchRep\STAnchor-BlockMemory\artifacts\cross_dataset_final\pems08_baseonly_argcn_seed42\downstream_best.pt
[2026-09-10 07:35:02] INFO Epoch 006 | stage=standard | train_total=1.390382 | train_forecast=1.390382 | train_confidence=0.000000 | train_risk=0.000000 | train_blend=0.000000 | val_total=1.577493 | val_mae=1.575220 | val_rmse=3.706146 | val_mape=3.425450 | val_confidence=0.000000 | val_risk=0.000000 | val_blend=0.000000 | batches=382/47 | seconds=22.14 | lr=[0.001] | cuda_peak_mb=423.0
[2026-09-10 07:35:02] INFO Val horizons | 15min_mae=1.248122 15min_rmse=2.697675 15min_mape=2.489298 | 30min_mae=1.604654 30min_rmse=3.679765 30min_mape=3.470679 | 60min_mae=2.039185 60min_rmse=4.757900 60min_mape=4.699730
[2026-09-10 07:35:02] INFO Checkpoint updated | epoch=6 | stage=standard | best_val_mae=1.575220 | path=C:\Users\clw\projects\researchRep\STAnchor-BlockMemory\artifacts\cross_dataset_final\pems08_baseonly_argcn_seed42\downstream_best.pt
[2026-09-10 07:35:24] INFO Epoch 007 | stage=standard | train_total=1.374066 | train_forecast=1.374066 | train_confidence=0.000000 | train_risk=0.000000 | train_blend=0.000000 | val_total=1.578967 | val_mae=1.576692 | val_rmse=3.740956 | val_mape=3.487423 | val_confidence=0.000000 | val_risk=0.000000 | val_blend=0.000000 | batches=382/47 | seconds=21.96 | lr=[0.001] | cuda_peak_mb=423.0
[2026-09-10 07:35:24] INFO Val horizons | 15min_mae=1.253126 15min_rmse=2.711343 15min_mape=2.538988 | 30min_mae=1.609897 30min_rmse=3.714109 30min_mape=3.542672 | 60min_mae=2.032474 60min_rmse=4.805236 60min_mape=4.761450
[2026-09-10 07:35:46] INFO Epoch 008 | stage=standard | train_total=1.356974 | train_forecast=1.356974 | train_confidence=0.000000 | train_risk=0.000000 | train_blend=0.000000 | val_total=1.592719 | val_mae=1.590305 | val_rmse=3.788793 | val_mape=3.553675 | val_confidence=0.000000 | val_risk=0.000000 | val_blend=0.000000 | batches=382/47 | seconds=22.08 | lr=[0.001] | cuda_peak_mb=423.0
[2026-09-10 07:35:46] INFO Val horizons | 15min_mae=1.260708 15min_rmse=2.730077 15min_mape=2.577325 | 30min_mae=1.629441 30min_rmse=3.774118 30min_mape=3.630935 | 60min_mae=2.048726 60min_rmse=4.862733 60min_mape=4.841466
[2026-09-10 07:36:08] INFO Epoch 009 | stage=standard | train_total=1.343441 | train_forecast=1.343441 | train_confidence=0.000000 | train_risk=0.000000 | train_blend=0.000000 | val_total=1.573690 | val_mae=1.570406 | val_rmse=3.745270 | val_mape=3.488410 | val_confidence=0.000000 | val_risk=0.000000 | val_blend=0.000000 | batches=382/47 | seconds=21.94 | lr=[0.001] | cuda_peak_mb=423.0
[2026-09-10 07:36:08] INFO Val horizons | 15min_mae=1.251413 15min_rmse=2.714550 15min_mape=2.548403 | 30min_mae=1.603181 30min_rmse=3.726047 30min_mape=3.551942 | 60min_mae=2.017407 60min_rmse=4.794873 60min_mape=4.742824
[2026-09-10 07:36:08] INFO Checkpoint updated | epoch=9 | stage=standard | best_val_mae=1.570406 | path=C:\Users\clw\projects\researchRep\STAnchor-BlockMemory\artifacts\cross_dataset_final\pems08_baseonly_argcn_seed42\downstream_best.pt
[2026-09-10 07:36:30] INFO Epoch 010 | stage=standard | train_total=1.327228 | train_forecast=1.327228 | train_confidence=0.000000 | train_risk=0.000000 | train_blend=0.000000 | val_total=1.570274 | val_mae=1.567124 | val_rmse=3.725485 | val_mape=3.479739 | val_confidence=0.000000 | val_risk=0.000000 | val_blend=0.000000 | batches=382/47 | seconds=22.04 | lr=[0.001] | cuda_peak_mb=423.0
[2026-09-10 07:36:30] INFO Val horizons | 15min_mae=1.250424 15min_rmse=2.712153 15min_mape=2.557926 | 30min_mae=1.601757 30min_rmse=3.716068 30min_mape=3.555679 | 60min_mae=2.011342 60min_rmse=4.753905 60min_mape=4.706671
[2026-09-10 07:36:30] INFO Checkpoint updated | epoch=10 | stage=standard | best_val_mae=1.567124 | path=C:\Users\clw\projects\researchRep\STAnchor-BlockMemory\artifacts\cross_dataset_final\pems08_baseonly_argcn_seed42\downstream_best.pt
[2026-09-10 07:36:52] INFO Epoch 011 | stage=standard | train_total=1.312276 | train_forecast=1.312276 | train_confidence=0.000000 | train_risk=0.000000 | train_blend=0.000000 | val_total=1.577120 | val_mae=1.574047 | val_rmse=3.763302 | val_mape=3.534965 | val_confidence=0.000000 | val_risk=0.000000 | val_blend=0.000000 | batches=382/47 | seconds=22.03 | lr=[0.00095] | cuda_peak_mb=423.0
[2026-09-10 07:36:52] INFO Val horizons | 15min_mae=1.257456 15min_rmse=2.734866 15min_mape=2.603089 | 30min_mae=1.611193 30min_rmse=3.756065 30min_mape=3.619026 | 60min_mae=2.016714 60min_rmse=4.797225 60min_mape=4.769113
[2026-09-10 07:37:14] INFO Epoch 012 | stage=standard | train_total=1.301695 | train_forecast=1.301695 | train_confidence=0.000000 | train_risk=0.000000 | train_blend=0.000000 | val_total=1.575748 | val_mae=1.572198 | val_rmse=3.753136 | val_mape=3.493308 | val_confidence=0.000000 | val_risk=0.000000 | val_blend=0.000000 | batches=382/47 | seconds=21.97 | lr=[0.00095] | cuda_peak_mb=423.0
[2026-09-10 07:37:14] INFO Val horizons | 15min_mae=1.261077 15min_rmse=2.734332 15min_mape=2.582137 | 30min_mae=1.608356 30min_rmse=3.753140 30min_mape=3.574904 | 60min_mae=2.008916 60min_rmse=4.774494 60min_mape=4.707635
[2026-09-10 07:37:36] INFO Epoch 013 | stage=standard | train_total=1.289487 | train_forecast=1.289487 | train_confidence=0.000000 | train_risk=0.000000 | train_blend=0.000000 | val_total=1.568196 | val_mae=1.565590 | val_rmse=3.731023 | val_mape=3.447545 | val_confidence=0.000000 | val_risk=0.000000 | val_blend=0.000000 | batches=382/47 | seconds=21.93 | lr=[0.00095] | cuda_peak_mb=423.0
[2026-09-10 07:37:36] INFO Val horizons | 15min_mae=1.254899 15min_rmse=2.730424 15min_mape=2.565099 | 30min_mae=1.600824 30min_rmse=3.732700 30min_mape=3.529349 | 60min_mae=2.001346 60min_rmse=4.739216 60min_mape=4.622397
[2026-09-10 07:37:36] INFO Checkpoint updated | epoch=13 | stage=standard | best_val_mae=1.565590 | path=C:\Users\clw\projects\researchRep\STAnchor-BlockMemory\artifacts\cross_dataset_final\pems08_baseonly_argcn_seed42\downstream_best.pt
[2026-09-10 07:37:58] INFO Epoch 014 | stage=standard | train_total=1.279275 | train_forecast=1.279275 | train_confidence=0.000000 | train_risk=0.000000 | train_blend=0.000000 | val_total=1.573094 | val_mae=1.569813 | val_rmse=3.761797 | val_mape=3.489875 | val_confidence=0.000000 | val_risk=0.000000 | val_blend=0.000000 | batches=382/47 | seconds=21.99 | lr=[0.00095] | cuda_peak_mb=423.0
[2026-09-10 07:37:58] INFO Val horizons | 15min_mae=1.257482 15min_rmse=2.733799 15min_mape=2.578360 | 30min_mae=1.609067 30min_rmse=3.770033 30min_mape=3.584981 | 60min_mae=2.004831 60min_rmse=4.779931 60min_mape=4.680650
[2026-09-10 07:38:20] INFO Epoch 015 | stage=standard | train_total=1.270230 | train_forecast=1.270230 | train_confidence=0.000000 | train_risk=0.000000 | train_blend=0.000000 | val_total=1.577084 | val_mae=1.574040 | val_rmse=3.797503 | val_mape=3.519450 | val_confidence=0.000000 | val_risk=0.000000 | val_blend=0.000000 | batches=382/47 | seconds=21.81 | lr=[0.00095] | cuda_peak_mb=423.0
[2026-09-10 07:38:20] INFO Val horizons | 15min_mae=1.263702 15min_rmse=2.768857 15min_mape=2.627610 | 30min_mae=1.611227 30min_rmse=3.806931 30min_mape=3.612764 | 60min_mae=2.006711 60min_rmse=4.812381 60min_mape=4.693173
[2026-09-10 07:38:42] INFO Epoch 016 | stage=standard | train_total=1.262061 | train_forecast=1.262061 | train_confidence=0.000000 | train_risk=0.000000 | train_blend=0.000000 | val_total=1.588846 | val_mae=1.585531 | val_rmse=3.864367 | val_mape=3.616825 | val_confidence=0.000000 | val_risk=0.000000 | val_blend=0.000000 | batches=382/47 | seconds=22.05 | lr=[0.00095] | cuda_peak_mb=423.0
[2026-09-10 07:38:42] INFO Val horizons | 15min_mae=1.276705 15min_rmse=2.808197 15min_mape=2.704360 | 30min_mae=1.626828 30min_rmse=3.885924 30min_mape=3.732475 | 60min_mae=2.011996 60min_rmse=4.887071 60min_mape=4.793137
[2026-09-10 07:39:04] INFO Epoch 017 | stage=standard | train_total=1.254476 | train_forecast=1.254476 | train_confidence=0.000000 | train_risk=0.000000 | train_blend=0.000000 | val_total=1.591186 | val_mae=1.587993 | val_rmse=3.840732 | val_mape=3.545716 | val_confidence=0.000000 | val_risk=0.000000 | val_blend=0.000000 | batches=382/47 | seconds=21.85 | lr=[0.00095] | cuda_peak_mb=423.0
[2026-09-10 07:39:04] INFO Val horizons | 15min_mae=1.269850 15min_rmse=2.777835 15min_mape=2.630327 | 30min_mae=1.627132 30min_rmse=3.845399 30min_mape=3.643668 | 60min_mae=2.025361 60min_rmse=4.877904 60min_mape=4.733477
[2026-09-10 07:39:26] INFO Epoch 018 | stage=standard | train_total=1.245909 | train_forecast=1.245909 | train_confidence=0.000000 | train_risk=0.000000 | train_blend=0.000000 | val_total=1.584294 | val_mae=1.580927 | val_rmse=3.836851 | val_mape=3.553247 | val_confidence=0.000000 | val_risk=0.000000 | val_blend=0.000000 | batches=382/47 | seconds=21.99 | lr=[0.00095] | cuda_peak_mb=423.0
[2026-09-10 07:39:26] INFO Val horizons | 15min_mae=1.268350 15min_rmse=2.788204 15min_mape=2.656318 | 30min_mae=1.621796 30min_rmse=3.848148 30min_mape=3.656947 | 60min_mae=2.008583 60min_rmse=4.853270 60min_mape=4.715084
[2026-09-10 07:39:47] INFO Epoch 019 | stage=standard | train_total=1.240449 | train_forecast=1.240449 | train_confidence=0.000000 | train_risk=0.000000 | train_blend=0.000000 | val_total=1.589380 | val_mae=1.586017 | val_rmse=3.854795 | val_mape=3.586783 | val_confidence=0.000000 | val_risk=0.000000 | val_blend=0.000000 | batches=382/47 | seconds=21.83 | lr=[0.00095] | cuda_peak_mb=423.0
[2026-09-10 07:39:47] INFO Val horizons | 15min_mae=1.273284 15min_rmse=2.801057 15min_mape=2.688345 | 30min_mae=1.625589 30min_rmse=3.872253 30min_mape=3.697187 | 60min_mae=2.017894 60min_rmse=4.876378 60min_mape=4.750006
[2026-09-10 07:40:09] INFO Epoch 020 | stage=standard | train_total=1.234276 | train_forecast=1.234276 | train_confidence=0.000000 | train_risk=0.000000 | train_blend=0.000000 | val_total=1.596609 | val_mae=1.593152 | val_rmse=3.878267 | val_mape=3.608166 | val_confidence=0.000000 | val_risk=0.000000 | val_blend=0.000000 | batches=382/47 | seconds=21.96 | lr=[0.00095] | cuda_peak_mb=423.0
[2026-09-10 07:40:09] INFO Val horizons | 15min_mae=1.278964 15min_rmse=2.810891 15min_mape=2.700302 | 30min_mae=1.636653 30min_rmse=3.907592 30min_mape=3.732592 | 60min_mae=2.023932 60min_rmse=4.893482 60min_mape=4.768327
[2026-09-10 07:40:31] INFO Epoch 021 | stage=standard | train_total=1.225895 | train_forecast=1.225895 | train_confidence=0.000000 | train_risk=0.000000 | train_blend=0.000000 | val_total=1.579511 | val_mae=1.576724 | val_rmse=3.800251 | val_mape=3.499348 | val_confidence=0.000000 | val_risk=0.000000 | val_blend=0.000000 | batches=382/47 | seconds=21.98 | lr=[0.0009025] | cuda_peak_mb=423.0
[2026-09-10 07:40:31] INFO Val horizons | 15min_mae=1.266914 15min_rmse=2.774055 15min_mape=2.620628 | 30min_mae=1.615524 30min_rmse=3.812313 30min_mape=3.593332 | 60min_mae=2.003059 60min_rmse=4.801736 60min_mape=4.649723
[2026-09-10 07:40:53] INFO Epoch 022 | stage=standard | train_total=1.220652 | train_forecast=1.220652 | train_confidence=0.000000 | train_risk=0.000000 | train_blend=0.000000 | val_total=1.586032 | val_mae=1.582588 | val_rmse=3.849000 | val_mape=3.562244 | val_confidence=0.000000 | val_risk=0.000000 | val_blend=0.000000 | batches=382/47 | seconds=21.74 | lr=[0.0009025] | cuda_peak_mb=423.0
[2026-09-10 07:40:53] INFO Val horizons | 15min_mae=1.273902 15min_rmse=2.816592 15min_mape=2.680568 | 30min_mae=1.625030 30min_rmse=3.881645 30min_mape=3.676577 | 60min_mae=2.006943 60min_rmse=4.839203 60min_mape=4.696558
[2026-09-10 07:41:15] INFO Epoch 023 | stage=standard | train_total=1.218058 | train_forecast=1.218058 | train_confidence=0.000000 | train_risk=0.000000 | train_blend=0.000000 | val_total=1.580897 | val_mae=1.577626 | val_rmse=3.834946 | val_mape=3.536832 | val_confidence=0.000000 | val_risk=0.000000 | val_blend=0.000000 | batches=382/47 | seconds=21.96 | lr=[0.0009025] | cuda_peak_mb=423.0
[2026-09-10 07:41:15] INFO Val horizons | 15min_mae=1.266894 15min_rmse=2.793881 15min_mape=2.643735 | 30min_mae=1.617959 30min_rmse=3.855723 30min_mape=3.641371 | 60min_mae=2.008355 60min_rmse=4.848581 60min_mape=4.701252
[2026-09-10 07:41:37] INFO Epoch 024 | stage=standard | train_total=1.211951 | train_forecast=1.211951 | train_confidence=0.000000 | train_risk=0.000000 | train_blend=0.000000 | val_total=1.583856 | val_mae=1.580664 | val_rmse=3.846724 | val_mape=3.576637 | val_confidence=0.000000 | val_risk=0.000000 | val_blend=0.000000 | batches=382/47 | seconds=21.90 | lr=[0.0009025] | cuda_peak_mb=423.0
[2026-09-10 07:41:37] INFO Val horizons | 15min_mae=1.273557 15min_rmse=2.807607 15min_mape=2.684986 | 30min_mae=1.622764 30min_rmse=3.875443 30min_mape=3.693556 | 60min_mae=2.004327 60min_rmse=4.847509 60min_mape=4.729116
[2026-09-10 07:41:59] INFO Epoch 025 | stage=standard | train_total=1.207463 | train_forecast=1.207463 | train_confidence=0.000000 | train_risk=0.000000 | train_blend=0.000000 | val_total=1.582507 | val_mae=1.579517 | val_rmse=3.836318 | val_mape=3.539923 | val_confidence=0.000000 | val_risk=0.000000 | val_blend=0.000000 | batches=382/47 | seconds=21.98 | lr=[0.0009025] | cuda_peak_mb=423.0
[2026-09-10 07:41:59] INFO Val horizons | 15min_mae=1.269225 15min_rmse=2.789983 15min_mape=2.650200 | 30min_mae=1.621635 30min_rmse=3.856008 30min_mape=3.650347 | 60min_mae=2.008380 60min_rmse=4.853832 60min_mape=4.699499
[2026-09-10 07:42:21] INFO Epoch 026 | stage=standard | train_total=1.204809 | train_forecast=1.204809 | train_confidence=0.000000 | train_risk=0.000000 | train_blend=0.000000 | val_total=1.598682 | val_mae=1.595617 | val_rmse=3.872972 | val_mape=3.588110 | val_confidence=0.000000 | val_risk=0.000000 | val_blend=0.000000 | batches=382/47 | seconds=22.02 | lr=[0.0009025] | cuda_peak_mb=423.0
[2026-09-10 07:42:21] INFO Val horizons | 15min_mae=1.280282 15min_rmse=2.818864 15min_mape=2.694764 | 30min_mae=1.641157 30min_rmse=3.899761 30min_mape=3.709080 | 60min_mae=2.027850 60min_rmse=4.879358 60min_mape=4.738195
[2026-09-10 07:42:43] INFO Epoch 027 | stage=standard | train_total=1.199769 | train_forecast=1.199769 | train_confidence=0.000000 | train_risk=0.000000 | train_blend=0.000000 | val_total=1.601345 | val_mae=1.597592 | val_rmse=3.905221 | val_mape=3.608737 | val_confidence=0.000000 | val_risk=0.000000 | val_blend=0.000000 | batches=382/47 | seconds=22.03 | lr=[0.0009025] | cuda_peak_mb=423.0
[2026-09-10 07:42:43] INFO Val horizons | 15min_mae=1.282403 15min_rmse=2.836818 15min_mape=2.703574 | 30min_mae=1.642650 30min_rmse=3.934914 30min_mape=3.730031 | 60min_mae=2.025762 60min_rmse=4.917911 60min_mape=4.763061
[2026-09-10 07:43:05] INFO Epoch 028 | stage=standard | train_total=1.196893 | train_forecast=1.196893 | train_confidence=0.000000 | train_risk=0.000000 | train_blend=0.000000 | val_total=1.589762 | val_mae=1.586333 | val_rmse=3.869040 | val_mape=3.590557 | val_confidence=0.000000 | val_risk=0.000000 | val_blend=0.000000 | batches=382/47 | seconds=21.80 | lr=[0.0009025] | cuda_peak_mb=423.0
[2026-09-10 07:43:05] INFO Val horizons | 15min_mae=1.272403 15min_rmse=2.805517 15min_mape=2.683197 | 30min_mae=1.633442 30min_rmse=3.902965 30min_mape=3.721259 | 60min_mae=2.011401 60min_rmse=4.875894 60min_mape=4.741998
[2026-09-10 07:43:27] INFO Epoch 029 | stage=standard | train_total=1.194271 | train_forecast=1.194271 | train_confidence=0.000000 | train_risk=0.000000 | train_blend=0.000000 | val_total=1.593500 | val_mae=1.590009 | val_rmse=3.842771 | val_mape=3.508382 | val_confidence=0.000000 | val_risk=0.000000 | val_blend=0.000000 | batches=382/47 | seconds=21.78 | lr=[0.0009025] | cuda_peak_mb=423.0
[2026-09-10 07:43:27] INFO Val horizons | 15min_mae=1.277162 15min_rmse=2.809593 15min_mape=2.646388 | 30min_mae=1.634795 30min_rmse=3.874334 30min_mape=3.617905 | 60min_mae=2.016649 60min_rmse=4.839807 60min_mape=4.631217
[2026-09-10 07:43:49] INFO Epoch 030 | stage=standard | train_total=1.190065 | train_forecast=1.190065 | train_confidence=0.000000 | train_risk=0.000000 | train_blend=0.000000 | val_total=1.581044 | val_mae=1.577597 | val_rmse=3.829185 | val_mape=3.538977 | val_confidence=0.000000 | val_risk=0.000000 | val_blend=0.000000 | batches=382/47 | seconds=22.13 | lr=[0.0009025] | cuda_peak_mb=423.0
[2026-09-10 07:43:49] INFO Val horizons | 15min_mae=1.272646 15min_rmse=2.804867 15min_mape=2.666940 | 30min_mae=1.621145 30min_rmse=3.858987 30min_mape=3.648523 | 60min_mae=1.996340 60min_rmse=4.814914 60min_mape=4.670727
[2026-09-10 07:44:11] INFO Epoch 031 | stage=standard | train_total=1.186455 | train_forecast=1.186455 | train_confidence=0.000000 | train_risk=0.000000 | train_blend=0.000000 | val_total=1.576254 | val_mae=1.573088 | val_rmse=3.813173 | val_mape=3.502425 | val_confidence=0.000000 | val_risk=0.000000 | val_blend=0.000000 | batches=382/47 | seconds=21.99 | lr=[0.000857375] | cuda_peak_mb=423.0
[2026-09-10 07:44:11] INFO Val horizons | 15min_mae=1.264697 15min_rmse=2.788763 15min_mape=2.634961 | 30min_mae=1.617489 30min_rmse=3.845045 30min_mape=3.620472 | 60min_mae=1.995558 60min_rmse=4.800200 60min_mape=4.618607
[2026-09-10 07:44:32] INFO Epoch 032 | stage=standard | train_total=1.183211 | train_forecast=1.183211 | train_confidence=0.000000 | train_risk=0.000000 | train_blend=0.000000 | val_total=1.595989 | val_mae=1.592796 | val_rmse=3.879678 | val_mape=3.582722 | val_confidence=0.000000 | val_risk=0.000000 | val_blend=0.000000 | batches=382/47 | seconds=21.75 | lr=[0.000857375] | cuda_peak_mb=423.0
[2026-09-10 07:44:32] INFO Val horizons | 15min_mae=1.279494 15min_rmse=2.834267 15min_mape=2.707064 | 30min_mae=1.639654 30min_rmse=3.920316 30min_mape=3.713146 | 60min_mae=2.015258 60min_rmse=4.866792 60min_mape=4.694571
[2026-09-10 07:44:54] INFO Epoch 033 | stage=standard | train_total=1.180577 | train_forecast=1.180577 | train_confidence=0.000000 | train_risk=0.000000 | train_blend=0.000000 | val_total=1.589628 | val_mae=1.586253 | val_rmse=3.858402 | val_mape=3.545343 | val_confidence=0.000000 | val_risk=0.000000 | val_blend=0.000000 | batches=382/47 | seconds=21.88 | lr=[0.000857375] | cuda_peak_mb=423.0
[2026-09-10 07:44:54] INFO Val horizons | 15min_mae=1.275538 15min_rmse=2.816102 15min_mape=2.677716 | 30min_mae=1.630502 30min_rmse=3.887440 30min_mape=3.658983 | 60min_mae=2.011439 60min_rmse=4.859769 60min_mape=4.669177
[2026-09-10 07:45:16] INFO Epoch 034 | stage=standard | train_total=1.177425 | train_forecast=1.177425 | train_confidence=0.000000 | train_risk=0.000000 | train_blend=0.000000 | val_total=1.599765 | val_mae=1.596044 | val_rmse=3.905811 | val_mape=3.596384 | val_confidence=0.000000 | val_risk=0.000000 | val_blend=0.000000 | batches=382/47 | seconds=22.00 | lr=[0.000857375] | cuda_peak_mb=423.0
[2026-09-10 07:45:16] INFO Val horizons | 15min_mae=1.281190 15min_rmse=2.844345 15min_mape=2.711609 | 30min_mae=1.641172 30min_rmse=3.937400 30min_mape=3.714774 | 60min_mae=2.023469 60min_rmse=4.916057 60min_mape=4.729303
[2026-09-10 07:45:38] INFO Epoch 035 | stage=standard | train_total=1.175351 | train_forecast=1.175351 | train_confidence=0.000000 | train_risk=0.000000 | train_blend=0.000000 | val_total=1.597343 | val_mae=1.593799 | val_rmse=3.889133 | val_mape=3.576331 | val_confidence=0.000000 | val_risk=0.000000 | val_blend=0.000000 | batches=382/47 | seconds=21.93 | lr=[0.000857375] | cuda_peak_mb=423.0
[2026-09-10 07:45:38] INFO Val horizons | 15min_mae=1.283047 15min_rmse=2.837133 15min_mape=2.696378 | 30min_mae=1.641604 30min_rmse=3.931007 30min_mape=3.701853 | 60min_mae=2.013578 60min_rmse=4.878561 60min_mape=4.696153
[2026-09-10 07:46:00] INFO Epoch 036 | stage=standard | train_total=1.172342 | train_forecast=1.172342 | train_confidence=0.000000 | train_risk=0.000000 | train_blend=0.000000 | val_total=1.598553 | val_mae=1.594993 | val_rmse=3.885226 | val_mape=3.562788 | val_confidence=0.000000 | val_risk=0.000000 | val_blend=0.000000 | batches=382/47 | seconds=22.03 | lr=[0.000857375] | cuda_peak_mb=423.0
[2026-09-10 07:46:00] INFO Val horizons | 15min_mae=1.282240 15min_rmse=2.835489 15min_mape=2.694802 | 30min_mae=1.644084 30min_rmse=3.928165 30min_mape=3.690744 | 60min_mae=2.016640 60min_rmse=4.875686 60min_mape=4.674448
[2026-09-10 07:46:22] INFO Epoch 037 | stage=standard | train_total=1.170569 | train_forecast=1.170569 | train_confidence=0.000000 | train_risk=0.000000 | train_blend=0.000000 | val_total=1.599255 | val_mae=1.595603 | val_rmse=3.892266 | val_mape=3.578290 | val_confidence=0.000000 | val_risk=0.000000 | val_blend=0.000000 | batches=382/47 | seconds=21.83 | lr=[0.000857375] | cuda_peak_mb=423.0
[2026-09-10 07:46:22] INFO Val horizons | 15min_mae=1.280914 15min_rmse=2.830404 15min_mape=2.681501 | 30min_mae=1.639744 30min_rmse=3.922280 30min_mape=3.692863 | 60min_mae=2.025270 60min_rmse=4.903036 60min_mape=4.733231
[2026-09-10 07:46:44] INFO Epoch 038 | stage=standard | train_total=1.167947 | train_forecast=1.167947 | train_confidence=0.000000 | train_risk=0.000000 | train_blend=0.000000 | val_total=1.580887 | val_mae=1.577406 | val_rmse=3.823060 | val_mape=3.492586 | val_confidence=0.000000 | val_risk=0.000000 | val_blend=0.000000 | batches=382/47 | seconds=22.09 | lr=[0.000857375] | cuda_peak_mb=423.0
[2026-09-10 07:46:44] INFO Val horizons | 15min_mae=1.271844 15min_rmse=2.805826 15min_mape=2.645233 | 30min_mae=1.623618 30min_rmse=3.866154 30min_mape=3.611790 | 60min_mae=1.995572 60min_rmse=4.795952 60min_mape=4.592918
[2026-09-10 07:47:06] INFO Epoch 039 | stage=standard | train_total=1.166945 | train_forecast=1.166945 | train_confidence=0.000000 | train_risk=0.000000 | train_blend=0.000000 | val_total=1.605483 | val_mae=1.601504 | val_rmse=3.922143 | val_mape=3.606366 | val_confidence=0.000000 | val_risk=0.000000 | val_blend=0.000000 | batches=382/47 | seconds=21.96 | lr=[0.000857375] | cuda_peak_mb=423.0
[2026-09-10 07:47:06] INFO Val horizons | 15min_mae=1.289204 15min_rmse=2.863626 15min_mape=2.730958 | 30min_mae=1.650883 30min_rmse=3.961195 30min_mape=3.737251 | 60min_mae=2.024862 60min_rmse=4.919907 60min_mape=4.720476
[2026-09-10 07:47:28] INFO Epoch 040 | stage=standard | train_total=1.164741 | train_forecast=1.164741 | train_confidence=0.000000 | train_risk=0.000000 | train_blend=0.000000 | val_total=1.603005 | val_mae=1.599380 | val_rmse=3.921109 | val_mape=3.583875 | val_confidence=0.000000 | val_risk=0.000000 | val_blend=0.000000 | batches=382/47 | seconds=21.83 | lr=[0.000857375] | cuda_peak_mb=423.0
[2026-09-10 07:47:28] INFO Val horizons | 15min_mae=1.288717 15min_rmse=2.858203 15min_mape=2.714874 | 30min_mae=1.645701 30min_rmse=3.955557 30min_mape=3.702154 | 60min_mae=2.022099 60min_rmse=4.925843 60min_mape=4.707377
[2026-09-10 07:47:50] INFO Epoch 041 | stage=standard | train_total=1.160015 | train_forecast=1.160015 | train_confidence=0.000000 | train_risk=0.000000 | train_blend=0.000000 | val_total=1.599370 | val_mae=1.595824 | val_rmse=3.871501 | val_mape=3.532698 | val_confidence=0.000000 | val_risk=0.000000 | val_blend=0.000000 | batches=382/47 | seconds=21.79 | lr=[0.0008145062499999999] | cuda_peak_mb=423.0
[2026-09-10 07:47:50] INFO Val horizons | 15min_mae=1.278195 15min_rmse=2.819022 15min_mape=2.659776 | 30min_mae=1.644048 30min_rmse=3.915211 30min_mape=3.655195 | 60min_mae=2.025461 60min_rmse=4.860018 60min_mape=4.648176
[2026-09-10 07:48:12] INFO Epoch 042 | stage=standard | train_total=1.160036 | train_forecast=1.160036 | train_confidence=0.000000 | train_risk=0.000000 | train_blend=0.000000 | val_total=1.597151 | val_mae=1.593116 | val_rmse=3.906254 | val_mape=3.605914 | val_confidence=0.000000 | val_risk=0.000000 | val_blend=0.000000 | batches=382/47 | seconds=22.10 | lr=[0.0008145062499999999] | cuda_peak_mb=423.0
[2026-09-10 07:48:12] INFO Val horizons | 15min_mae=1.281981 15min_rmse=2.854079 15min_mape=2.721424 | 30min_mae=1.642445 30min_rmse=3.957540 30min_mape=3.740093 | 60min_mae=2.011396 60min_rmse=4.888588 60min_mape=4.727763
[2026-09-10 07:48:34] INFO Epoch 043 | stage=standard | train_total=1.157565 | train_forecast=1.157565 | train_confidence=0.000000 | train_risk=0.000000 | train_blend=0.000000 | val_total=1.596212 | val_mae=1.592186 | val_rmse=3.888059 | val_mape=3.570148 | val_confidence=0.000000 | val_risk=0.000000 | val_blend=0.000000 | batches=382/47 | seconds=22.02 | lr=[0.0008145062499999999] | cuda_peak_mb=423.0
[2026-09-10 07:48:34] INFO Val horizons | 15min_mae=1.280093 15min_rmse=2.843672 15min_mape=2.699069 | 30min_mae=1.641674 30min_rmse=3.934394 30min_mape=3.697342 | 60min_mae=2.012103 60min_rmse=4.871660 60min_mape=4.678669
[2026-09-10 07:48:56] INFO Epoch 044 | stage=standard | train_total=1.155572 | train_forecast=1.155572 | train_confidence=0.000000 | train_risk=0.000000 | train_blend=0.000000 | val_total=1.604187 | val_mae=1.600576 | val_rmse=3.895940 | val_mape=3.570627 | val_confidence=0.000000 | val_risk=0.000000 | val_blend=0.000000 | batches=382/47 | seconds=22.02 | lr=[0.0008145062499999999] | cuda_peak_mb=423.0
[2026-09-10 07:48:56] INFO Val horizons | 15min_mae=1.283214 15min_rmse=2.841796 15min_mape=2.690145 | 30min_mae=1.649989 30min_rmse=3.938417 30min_mape=3.696920 | 60min_mae=2.025011 60min_rmse=4.890451 60min_mape=4.692215
[2026-09-10 07:49:18] INFO Epoch 045 | stage=standard | train_total=1.153332 | train_forecast=1.153332 | train_confidence=0.000000 | train_risk=0.000000 | train_blend=0.000000 | val_total=1.600816 | val_mae=1.596907 | val_rmse=3.895284 | val_mape=3.576088 | val_confidence=0.000000 | val_risk=0.000000 | val_blend=0.000000 | batches=382/47 | seconds=21.94 | lr=[0.0008145062499999999] | cuda_peak_mb=423.0
[2026-09-10 07:49:18] INFO Val horizons | 15min_mae=1.281969 15min_rmse=2.833239 15min_mape=2.688878 | 30min_mae=1.647303 30min_rmse=3.939214 30min_mape=3.707995 | 60min_mae=2.019560 60min_rmse=4.887505 60min_mape=4.700413
[2026-09-10 07:49:40] INFO Epoch 046 | stage=standard | train_total=1.151074 | train_forecast=1.151074 | train_confidence=0.000000 | train_risk=0.000000 | train_blend=0.000000 | val_total=1.599767 | val_mae=1.595800 | val_rmse=3.904696 | val_mape=3.582675 | val_confidence=0.000000 | val_risk=0.000000 | val_blend=0.000000 | batches=382/47 | seconds=22.27 | lr=[0.0008145062499999999] | cuda_peak_mb=423.0
[2026-09-10 07:49:40] INFO Val horizons | 15min_mae=1.284047 15min_rmse=2.849682 15min_mape=2.706258 | 30min_mae=1.645023 30min_rmse=3.948013 30min_mape=3.712302 | 60min_mae=2.013206 60min_rmse=4.887383 60min_mape=4.689425
[2026-09-10 07:50:02] INFO Epoch 047 | stage=standard | train_total=1.152856 | train_forecast=1.152856 | train_confidence=0.000000 | train_risk=0.000000 | train_blend=0.000000 | val_total=1.596930 | val_mae=1.593225 | val_rmse=3.864550 | val_mape=3.540172 | val_confidence=0.000000 | val_risk=0.000000 | val_blend=0.000000 | batches=382/47 | seconds=22.01 | lr=[0.0008145062499999999] | cuda_peak_mb=423.0
[2026-09-10 07:50:02] INFO Val horizons | 15min_mae=1.278748 15min_rmse=2.836249 15min_mape=2.674617 | 30min_mae=1.642150 30min_rmse=3.911018 30min_mape=3.662354 | 60min_mae=2.016171 60min_rmse=4.836904 60min_mape=4.649955
[2026-09-10 07:50:24] INFO Epoch 048 | stage=standard | train_total=1.149688 | train_forecast=1.149688 | train_confidence=0.000000 | train_risk=0.000000 | train_blend=0.000000 | val_total=1.595439 | val_mae=1.591488 | val_rmse=3.874476 | val_mape=3.551501 | val_confidence=0.000000 | val_risk=0.000000 | val_blend=0.000000 | batches=382/47 | seconds=21.80 | lr=[0.0008145062499999999] | cuda_peak_mb=423.0
[2026-09-10 07:50:24] INFO Val horizons | 15min_mae=1.280609 15min_rmse=2.835432 15min_mape=2.683172 | 30min_mae=1.641466 30min_rmse=3.923238 30min_mape=3.682540 | 60min_mae=2.009592 60min_rmse=4.845654 60min_mape=4.648152
[2026-09-10 07:50:46] INFO Epoch 049 | stage=standard | train_total=1.148603 | train_forecast=1.148603 | train_confidence=0.000000 | train_risk=0.000000 | train_blend=0.000000 | val_total=1.598569 | val_mae=1.594439 | val_rmse=3.876785 | val_mape=3.541882 | val_confidence=0.000000 | val_risk=0.000000 | val_blend=0.000000 | batches=382/47 | seconds=21.93 | lr=[0.0008145062499999999] | cuda_peak_mb=423.0
[2026-09-10 07:50:46] INFO Val horizons | 15min_mae=1.282201 15min_rmse=2.838699 15min_mape=2.683260 | 30min_mae=1.642853 30min_rmse=3.916007 30min_mape=3.659299 | 60min_mae=2.015976 60min_rmse=4.860369 60min_mape=4.649593
[2026-09-10 07:51:08] INFO Epoch 050 | stage=standard | train_total=1.147903 | train_forecast=1.147903 | train_confidence=0.000000 | train_risk=0.000000 | train_blend=0.000000 | val_total=1.589198 | val_mae=1.585279 | val_rmse=3.857208 | val_mape=3.532025 | val_confidence=0.000000 | val_risk=0.000000 | val_blend=0.000000 | batches=382/47 | seconds=21.87 | lr=[0.0008145062499999999] | cuda_peak_mb=423.0
[2026-09-10 07:51:08] INFO Val horizons | 15min_mae=1.275442 15min_rmse=2.822267 15min_mape=2.664312 | 30min_mae=1.634942 30min_rmse=3.904377 30min_mape=3.657836 | 60min_mae=2.000655 60min_rmse=4.827756 60min_mape=4.634067
[2026-09-10 07:51:08] INFO Downstream training finished | best_val_mae=1.565590 | checkpoint=C:\Users\clw\projects\researchRep\STAnchor-BlockMemory\artifacts\cross_dataset_final\pems08_baseonly_argcn_seed42\downstream_best.pt
