[2026-09-11 08:07:08] INFO Downstream start | run=convergence/formal_20260910_trained_router_dlinear_seed42 | device=cuda:0 (requested=cuda:0) | seed=42 | output=C:\Users\clw\projects\researchRep\STAnchor-BlockMemory\artifacts\convergence\formal_20260910_trained_router_dlinear_seed42
[2026-09-11 08:07:08] INFO Mode | downstream_mode=learned_topk_error_aware | training_protocol=posthoc_frozen_base | candidate_protocol=weekday_radius1_overlap | candidate_ranking=learned_key
[2026-09-11 08:07:08] INFO Downstream initialization | seed=42 | state_hash=2872560507dea354
[2026-09-11 08:07:08] INFO Frozen base | checkpoint=C:\Users\clw\projects\researchRep\STAnchor-BlockMemory\artifacts\convergence\formal_20260910_baseonly_dlinear_seed42\downstream_best.pt | fingerprint=38e666d999bd460c
[2026-09-11 08:07:08] INFO Data | steps=34272 | nodes=207 | channels=1 | training_scope=full_train | memory/post_memory/train_selected/val/test=15876/6805/22681/2993/6025
[2026-09-11 08:07:08] INFO Bank/retrieval | dataset=metrla_trained_queue | events=15876 | nodes=207 | retrieval_dim=64 | event_top_r=32 | node_top_k=12 | key_dtype=float16
[2026-09-11 08:07:08] INFO Frozen path cache | enabled=yes | candidate_ranking=learned_key | fill=first_epoch
[2026-09-11 08:07:08] INFO Parameters | downstream_total=880,274 | downstream_trainable=879,693 | backbone=0 | confidence_head=0 | fusion=0 | frozen_pretrained=958,704
[2026-09-11 08:07:08] INFO Optimization | epochs=50 | batch_size=32 | optimizer=adam | lr=0.0005 | weight_decay=0.0001 | scheduler=step_lr | step_size=10 | gamma=0.500 | confidence_weight=0.000 | patience=20 | early_stopping=disabled
[2026-09-11 08:07:09] INFO Stage start | stage=posthoc_calibrator | epochs=50 | optimizer_lrs=[0.0005]
[2026-09-11 08:12:40] INFO Epoch 001 | stage=posthoc_calibrator | train_total=3.067261 | train_forecast=3.067261 | train_confidence=0.000000 | train_risk=0.000000 | train_blend=0.000000 | val_total=2.977228 | val_mae=2.974168 | val_rmse=6.025419 | val_mape=8.176606 | val_confidence=0.000000 | val_risk=0.000000 | val_blend=0.000000 | batches=709/94 | seconds=331.08 | lr=[0.0005] | cuda_peak_mb=3483.5
[2026-09-11 08:12:40] INFO Val horizons | 15min_mae=2.677372 15min_rmse=5.099113 15min_mape=6.997124 | 30min_mae=3.000481 30min_rmse=6.009690 30min_mape=8.251961 | 60min_mae=3.424524 60min_rmse=7.190088 60min_mape=9.926563
[2026-09-11 08:12:40] INFO Checkpoint updated | epoch=1 | stage=posthoc_calibrator | best_val_mae=2.974168 | path=C:\Users\clw\projects\researchRep\STAnchor-BlockMemory\artifacts\convergence\formal_20260910_trained_router_dlinear_seed42\downstream_best.pt
[2026-09-11 08:13:43] INFO Epoch 002 | stage=posthoc_calibrator | train_total=3.020006 | train_forecast=3.020006 | train_confidence=0.000000 | train_risk=0.000000 | train_blend=0.000000 | val_total=2.968198 | val_mae=2.965221 | val_rmse=6.054577 | val_mape=8.030317 | val_confidence=0.000000 | val_risk=0.000000 | val_blend=0.000000 | batches=709/94 | seconds=63.52 | lr=[0.0005] | cuda_peak_mb=1419.9
[2026-09-11 08:13:43] INFO Val horizons | 15min_mae=2.666419 15min_rmse=5.128289 15min_mape=6.835585 | 30min_mae=2.995073 30min_rmse=6.072915 30min_mape=8.097338 | 60min_mae=3.419481 60min_rmse=7.196074 60min_mape=9.797629
[2026-09-11 08:13:43] INFO Checkpoint updated | epoch=2 | stage=posthoc_calibrator | best_val_mae=2.965221 | path=C:\Users\clw\projects\researchRep\STAnchor-BlockMemory\artifacts\convergence\formal_20260910_trained_router_dlinear_seed42\downstream_best.pt
[2026-09-11 08:14:47] INFO Epoch 003 | stage=posthoc_calibrator | train_total=3.005055 | train_forecast=3.005055 | train_confidence=0.000000 | train_risk=0.000000 | train_blend=0.000000 | val_total=2.956920 | val_mae=2.953824 | val_rmse=6.011121 | val_mape=8.082360 | val_confidence=0.000000 | val_risk=0.000000 | val_blend=0.000000 | batches=709/94 | seconds=63.58 | lr=[0.0005] | cuda_peak_mb=1419.9
[2026-09-11 08:14:47] INFO Val horizons | 15min_mae=2.640349 15min_rmse=5.075488 15min_mape=6.845603 | 30min_mae=2.981845 30min_rmse=6.000002 30min_mape=8.144265 | 60min_mae=3.416521 60min_rmse=7.187784 60min_mape=9.874447
[2026-09-11 08:14:47] INFO Checkpoint updated | epoch=3 | stage=posthoc_calibrator | best_val_mae=2.953824 | path=C:\Users\clw\projects\researchRep\STAnchor-BlockMemory\artifacts\convergence\formal_20260910_trained_router_dlinear_seed42\downstream_best.pt
[2026-09-11 08:15:51] INFO Epoch 004 | stage=posthoc_calibrator | train_total=2.997215 | train_forecast=2.997215 | train_confidence=0.000000 | train_risk=0.000000 | train_blend=0.000000 | val_total=2.937050 | val_mae=2.933612 | val_rmse=6.016142 | val_mape=8.305151 | val_confidence=0.000000 | val_risk=0.000000 | val_blend=0.000000 | batches=709/94 | seconds=63.58 | lr=[0.0005] | cuda_peak_mb=1419.5
[2026-09-11 08:15:51] INFO Val horizons | 15min_mae=2.631876 15min_rmse=5.086751 15min_mape=6.956815 | 30min_mae=2.964445 30min_rmse=6.015503 30min_mape=8.405749 | 60min_mae=3.382503 60min_rmse=7.184099 60min_mape=10.230639
[2026-09-11 08:15:51] INFO Checkpoint updated | epoch=4 | stage=posthoc_calibrator | best_val_mae=2.933612 | path=C:\Users\clw\projects\researchRep\STAnchor-BlockMemory\artifacts\convergence\formal_20260910_trained_router_dlinear_seed42\downstream_best.pt
[2026-09-11 08:16:54] INFO Epoch 005 | stage=posthoc_calibrator | train_total=2.992684 | train_forecast=2.992684 | train_confidence=0.000000 | train_risk=0.000000 | train_blend=0.000000 | val_total=2.958281 | val_mae=2.955166 | val_rmse=6.052607 | val_mape=8.444129 | val_confidence=0.000000 | val_risk=0.000000 | val_blend=0.000000 | batches=709/94 | seconds=63.54 | lr=[0.0005] | cuda_peak_mb=1419.2
[2026-09-11 08:16:54] INFO Val horizons | 15min_mae=2.642239 15min_rmse=5.091994 15min_mape=7.083228 | 30min_mae=2.987300 30min_rmse=6.059639 30min_mape=8.556121 | 60min_mae=3.411995 60min_rmse=7.213362 60min_mape=10.321224
[2026-09-11 08:17:58] INFO Epoch 006 | stage=posthoc_calibrator | train_total=2.988443 | train_forecast=2.988443 | train_confidence=0.000000 | train_risk=0.000000 | train_blend=0.000000 | val_total=2.938946 | val_mae=2.935632 | val_rmse=5.988120 | val_mape=8.205440 | val_confidence=0.000000 | val_risk=0.000000 | val_blend=0.000000 | batches=709/94 | seconds=63.53 | lr=[0.0005] | cuda_peak_mb=1419.8
[2026-09-11 08:17:58] INFO Val horizons | 15min_mae=2.623956 15min_rmse=5.053649 15min_mape=6.905523 | 30min_mae=2.962778 30min_rmse=5.994955 30min_mape=8.332657 | 60min_mae=3.397937 60min_rmse=7.143820 60min_mape=10.013354
[2026-09-11 08:19:01] INFO Epoch 007 | stage=posthoc_calibrator | train_total=2.986215 | train_forecast=2.986215 | train_confidence=0.000000 | train_risk=0.000000 | train_blend=0.000000 | val_total=2.937306 | val_mae=2.934054 | val_rmse=6.044580 | val_mape=8.248185 | val_confidence=0.000000 | val_risk=0.000000 | val_blend=0.000000 | batches=709/94 | seconds=63.48 | lr=[0.0005] | cuda_peak_mb=1419.5
[2026-09-11 08:19:01] INFO Val horizons | 15min_mae=2.628974 15min_rmse=5.102918 15min_mape=6.929606 | 30min_mae=2.968531 30min_rmse=6.075627 30min_mape=8.403920 | 60min_mae=3.380903 60min_rmse=7.184966 60min_mape=10.033588
[2026-09-11 08:20:05] INFO Epoch 008 | stage=posthoc_calibrator | train_total=2.981242 | train_forecast=2.981242 | train_confidence=0.000000 | train_risk=0.000000 | train_blend=0.000000 | val_total=2.931132 | val_mae=2.927718 | val_rmse=5.999704 | val_mape=8.189473 | val_confidence=0.000000 | val_risk=0.000000 | val_blend=0.000000 | batches=709/94 | seconds=63.56 | lr=[0.0005] | cuda_peak_mb=1419.9
[2026-09-11 08:20:05] INFO Val horizons | 15min_mae=2.615138 15min_rmse=5.054594 15min_mape=6.830070 | 30min_mae=2.956100 30min_rmse=5.991820 30min_mape=8.251534 | 60min_mae=3.382254 60min_rmse=7.175204 60min_mape=10.086540
[2026-09-11 08:20:05] INFO Checkpoint updated | epoch=8 | stage=posthoc_calibrator | best_val_mae=2.927718 | path=C:\Users\clw\projects\researchRep\STAnchor-BlockMemory\artifacts\convergence\formal_20260910_trained_router_dlinear_seed42\downstream_best.pt
[2026-09-11 08:21:08] INFO Epoch 009 | stage=posthoc_calibrator | train_total=2.977794 | train_forecast=2.977794 | train_confidence=0.000000 | train_risk=0.000000 | train_blend=0.000000 | val_total=2.951760 | val_mae=2.948652 | val_rmse=6.055467 | val_mape=8.258056 | val_confidence=0.000000 | val_risk=0.000000 | val_blend=0.000000 | batches=709/94 | seconds=63.53 | lr=[0.0005] | cuda_peak_mb=1419.5
[2026-09-11 08:21:08] INFO Val horizons | 15min_mae=2.621962 15min_rmse=5.050127 15min_mape=6.924142 | 30min_mae=2.980568 30min_rmse=6.054131 30min_mape=8.405576 | 60min_mae=3.417230 60min_rmse=7.254432 60min_mape=10.015040
[2026-09-11 08:22:12] INFO Epoch 010 | stage=posthoc_calibrator | train_total=2.975242 | train_forecast=2.975242 | train_confidence=0.000000 | train_risk=0.000000 | train_blend=0.000000 | val_total=2.933021 | val_mae=2.929708 | val_rmse=6.007882 | val_mape=8.181710 | val_confidence=0.000000 | val_risk=0.000000 | val_blend=0.000000 | batches=709/94 | seconds=63.57 | lr=[0.0005] | cuda_peak_mb=1419.2
[2026-09-11 08:22:12] INFO Val horizons | 15min_mae=2.616292 15min_rmse=5.047891 15min_mape=6.917326 | 30min_mae=2.963838 30min_rmse=6.034208 30min_mape=8.328685 | 60min_mae=3.381792 60min_rmse=7.151374 60min_mape=9.926048
[2026-09-11 08:23:15] INFO Epoch 011 | stage=posthoc_calibrator | train_total=2.968095 | train_forecast=2.968095 | train_confidence=0.000000 | train_risk=0.000000 | train_blend=0.000000 | val_total=2.929979 | val_mae=2.926593 | val_rmse=6.011828 | val_mape=8.143664 | val_confidence=0.000000 | val_risk=0.000000 | val_blend=0.000000 | batches=709/94 | seconds=63.53 | lr=[0.00025] | cuda_peak_mb=1419.8
[2026-09-11 08:23:15] INFO Val horizons | 15min_mae=2.606389 15min_rmse=5.044593 15min_mape=6.777408 | 30min_mae=2.956040 30min_rmse=6.023724 30min_mape=8.253305 | 60min_mae=3.385698 60min_rmse=7.177281 60min_mape=9.993325
[2026-09-11 08:23:16] INFO Checkpoint updated | epoch=11 | stage=posthoc_calibrator | best_val_mae=2.926593 | path=C:\Users\clw\projects\researchRep\STAnchor-BlockMemory\artifacts\convergence\formal_20260910_trained_router_dlinear_seed42\downstream_best.pt
[2026-09-11 08:24:19] INFO Epoch 012 | stage=posthoc_calibrator | train_total=2.966335 | train_forecast=2.966335 | train_confidence=0.000000 | train_risk=0.000000 | train_blend=0.000000 | val_total=2.923207 | val_mae=2.919808 | val_rmse=5.967173 | val_mape=8.189840 | val_confidence=0.000000 | val_risk=0.000000 | val_blend=0.000000 | batches=709/94 | seconds=63.52 | lr=[0.00025] | cuda_peak_mb=1419.5
[2026-09-11 08:24:19] INFO Val horizons | 15min_mae=2.605213 15min_rmse=5.021219 15min_mape=6.854385 | 30min_mae=2.949614 30min_rmse=5.971636 30min_mape=8.278148 | 60min_mae=3.373104 60min_rmse=7.131417 60min_mape=10.073392
[2026-09-11 08:24:19] INFO Checkpoint updated | epoch=12 | stage=posthoc_calibrator | best_val_mae=2.919808 | path=C:\Users\clw\projects\researchRep\STAnchor-BlockMemory\artifacts\convergence\formal_20260910_trained_router_dlinear_seed42\downstream_best.pt
[2026-09-11 08:25:23] INFO Epoch 013 | stage=posthoc_calibrator | train_total=2.965266 | train_forecast=2.965266 | train_confidence=0.000000 | train_risk=0.000000 | train_blend=0.000000 | val_total=2.935390 | val_mae=2.932094 | val_rmse=6.008946 | val_mape=8.289651 | val_confidence=0.000000 | val_risk=0.000000 | val_blend=0.000000 | batches=709/94 | seconds=63.63 | lr=[0.00025] | cuda_peak_mb=1420.7
[2026-09-11 08:25:23] INFO Val horizons | 15min_mae=2.615764 15min_rmse=5.043528 15min_mape=6.963801 | 30min_mae=2.964755 30min_rmse=6.010359 30min_mape=8.411843 | 60min_mae=3.382896 60min_rmse=7.172374 60min_mape=10.090858
[2026-09-11 08:26:26] INFO Epoch 014 | stage=posthoc_calibrator | train_total=2.963700 | train_forecast=2.963700 | train_confidence=0.000000 | train_risk=0.000000 | train_blend=0.000000 | val_total=2.919550 | val_mae=2.916099 | val_rmse=5.974228 | val_mape=8.171567 | val_confidence=0.000000 | val_risk=0.000000 | val_blend=0.000000 | batches=709/94 | seconds=63.58 | lr=[0.00025] | cuda_peak_mb=1420.1
[2026-09-11 08:26:26] INFO Val horizons | 15min_mae=2.601383 15min_rmse=5.031126 15min_mape=6.824081 | 30min_mae=2.947817 30min_rmse=5.989429 30min_mape=8.268161 | 60min_mae=3.367998 60min_rmse=7.115849 60min_mape=10.035477
[2026-09-11 08:26:26] INFO Checkpoint updated | epoch=14 | stage=posthoc_calibrator | best_val_mae=2.916099 | path=C:\Users\clw\projects\researchRep\STAnchor-BlockMemory\artifacts\convergence\formal_20260910_trained_router_dlinear_seed42\downstream_best.pt
[2026-09-11 08:27:30] INFO Epoch 015 | stage=posthoc_calibrator | train_total=2.962418 | train_forecast=2.962418 | train_confidence=0.000000 | train_risk=0.000000 | train_blend=0.000000 | val_total=2.928935 | val_mae=2.925605 | val_rmse=6.010166 | val_mape=8.146182 | val_confidence=0.000000 | val_risk=0.000000 | val_blend=0.000000 | batches=709/94 | seconds=63.59 | lr=[0.00025] | cuda_peak_mb=1418.9
[2026-09-11 08:27:30] INFO Val horizons | 15min_mae=2.602128 15min_rmse=5.033694 15min_mape=6.797163 | 30min_mae=2.953771 30min_rmse=6.014603 30min_mape=8.275410 | 60min_mae=3.394163 60min_rmse=7.194914 60min_mape=9.943132
[2026-09-11 08:28:34] INFO Epoch 016 | stage=posthoc_calibrator | train_total=2.960863 | train_forecast=2.960863 | train_confidence=0.000000 | train_risk=0.000000 | train_blend=0.000000 | val_total=2.927360 | val_mae=2.923962 | val_rmse=6.016340 | val_mape=8.184534 | val_confidence=0.000000 | val_risk=0.000000 | val_blend=0.000000 | batches=709/94 | seconds=63.63 | lr=[0.00025] | cuda_peak_mb=1421.3
[2026-09-11 08:28:34] INFO Val horizons | 15min_mae=2.601465 15min_rmse=5.037362 15min_mape=6.821896 | 30min_mae=2.953779 30min_rmse=6.030002 30min_mape=8.302052 | 60min_mae=3.387183 60min_rmse=7.202041 60min_mape=10.014984
[2026-09-11 08:29:37] INFO Epoch 017 | stage=posthoc_calibrator | train_total=2.960900 | train_forecast=2.960900 | train_confidence=0.000000 | train_risk=0.000000 | train_blend=0.000000 | val_total=2.930462 | val_mae=2.927071 | val_rmse=6.044718 | val_mape=8.328274 | val_confidence=0.000000 | val_risk=0.000000 | val_blend=0.000000 | batches=709/94 | seconds=63.59 | lr=[0.00025] | cuda_peak_mb=1419.8
[2026-09-11 08:29:37] INFO Val horizons | 15min_mae=2.604744 15min_rmse=5.051579 15min_mape=6.869739 | 30min_mae=2.957279 30min_rmse=6.048298 30min_mape=8.417753 | 60min_mae=3.383287 60min_rmse=7.221723 60min_mape=10.294325
[2026-09-11 08:30:41] INFO Epoch 018 | stage=posthoc_calibrator | train_total=2.959455 | train_forecast=2.959455 | train_confidence=0.000000 | train_risk=0.000000 | train_blend=0.000000 | val_total=2.931968 | val_mae=2.928609 | val_rmse=6.026710 | val_mape=8.279684 | val_confidence=0.000000 | val_risk=0.000000 | val_blend=0.000000 | batches=709/94 | seconds=63.51 | lr=[0.00025] | cuda_peak_mb=1420.9
[2026-09-11 08:30:41] INFO Val horizons | 15min_mae=2.601196 15min_rmse=5.034382 15min_mape=6.814494 | 30min_mae=2.955076 30min_rmse=6.017756 30min_mape=8.325430 | 60min_mae=3.394877 60min_rmse=7.222668 60min_mape=10.289668
[2026-09-11 08:31:44] INFO Epoch 019 | stage=posthoc_calibrator | train_total=2.958386 | train_forecast=2.958386 | train_confidence=0.000000 | train_risk=0.000000 | train_blend=0.000000 | val_total=2.924689 | val_mae=2.921322 | val_rmse=6.016380 | val_mape=8.207911 | val_confidence=0.000000 | val_risk=0.000000 | val_blend=0.000000 | batches=709/94 | seconds=63.66 | lr=[0.00025] | cuda_peak_mb=1419.5
[2026-09-11 08:31:44] INFO Val horizons | 15min_mae=2.599519 15min_rmse=5.037553 15min_mape=6.803872 | 30min_mae=2.952522 30min_rmse=6.038315 30min_mape=8.291136 | 60min_mae=3.379371 60min_rmse=7.173375 60min_mape=10.152152
[2026-09-11 08:32:48] INFO Epoch 020 | stage=posthoc_calibrator | train_total=2.957482 | train_forecast=2.957482 | train_confidence=0.000000 | train_risk=0.000000 | train_blend=0.000000 | val_total=2.925109 | val_mae=2.921697 | val_rmse=5.998868 | val_mape=8.264904 | val_confidence=0.000000 | val_risk=0.000000 | val_blend=0.000000 | batches=709/94 | seconds=63.58 | lr=[0.00025] | cuda_peak_mb=1419.9
[2026-09-11 08:32:48] INFO Val horizons | 15min_mae=2.598928 15min_rmse=5.025198 15min_mape=6.803088 | 30min_mae=2.950993 30min_rmse=6.002553 30min_mape=8.348576 | 60min_mae=3.380474 60min_rmse=7.164919 60min_mape=10.231275
[2026-09-11 08:33:51] INFO Epoch 021 | stage=posthoc_calibrator | train_total=2.954110 | train_forecast=2.954110 | train_confidence=0.000000 | train_risk=0.000000 | train_blend=0.000000 | val_total=2.927009 | val_mae=2.923657 | val_rmse=6.021309 | val_mape=8.276190 | val_confidence=0.000000 | val_risk=0.000000 | val_blend=0.000000 | batches=709/94 | seconds=63.55 | lr=[0.000125] | cuda_peak_mb=1419.0
[2026-09-11 08:33:51] INFO Val horizons | 15min_mae=2.600411 15min_rmse=5.025565 15min_mape=6.830265 | 30min_mae=2.954914 30min_rmse=6.023675 30min_mape=8.352455 | 60min_mae=3.381652 60min_rmse=7.211717 60min_mape=10.264134
[2026-09-11 08:34:55] INFO Epoch 022 | stage=posthoc_calibrator | train_total=2.953715 | train_forecast=2.953715 | train_confidence=0.000000 | train_risk=0.000000 | train_blend=0.000000 | val_total=2.920997 | val_mae=2.917643 | val_rmse=6.007254 | val_mape=8.132220 | val_confidence=0.000000 | val_risk=0.000000 | val_blend=0.000000 | batches=709/94 | seconds=63.66 | lr=[0.000125] | cuda_peak_mb=1420.1
[2026-09-11 08:34:55] INFO Val horizons | 15min_mae=2.595911 15min_rmse=5.032005 15min_mape=6.748192 | 30min_mae=2.947295 30min_rmse=6.013941 30min_mape=8.222101 | 60min_mae=3.376459 60min_rmse=7.178386 60min_mape=10.025912
[2026-09-11 08:35:59] INFO Epoch 023 | stage=posthoc_calibrator | train_total=2.953304 | train_forecast=2.953304 | train_confidence=0.000000 | train_risk=0.000000 | train_blend=0.000000 | val_total=2.922959 | val_mae=2.919624 | val_rmse=6.001418 | val_mape=8.165518 | val_confidence=0.000000 | val_risk=0.000000 | val_blend=0.000000 | batches=709/94 | seconds=63.55 | lr=[0.000125] | cuda_peak_mb=1420.9
[2026-09-11 08:35:59] INFO Val horizons | 15min_mae=2.596352 15min_rmse=5.018436 15min_mape=6.780954 | 30min_mae=2.950253 30min_rmse=6.001991 30min_mape=8.254465 | 60min_mae=3.380194 60min_rmse=7.185207 60min_mape=10.054223
[2026-09-11 08:37:02] INFO Epoch 024 | stage=posthoc_calibrator | train_total=2.953023 | train_forecast=2.953023 | train_confidence=0.000000 | train_risk=0.000000 | train_blend=0.000000 | val_total=2.923601 | val_mae=2.920213 | val_rmse=6.021780 | val_mape=8.225614 | val_confidence=0.000000 | val_risk=0.000000 | val_blend=0.000000 | batches=709/94 | seconds=63.61 | lr=[0.000125] | cuda_peak_mb=1419.5
[2026-09-11 08:37:02] INFO Val horizons | 15min_mae=2.598402 15min_rmse=5.037127 15min_mape=6.814549 | 30min_mae=2.952247 30min_rmse=6.036790 30min_mape=8.320169 | 60min_mae=3.373067 60min_rmse=7.179957 60min_mape=10.143738
[2026-09-11 08:38:06] INFO Epoch 025 | stage=posthoc_calibrator | train_total=2.952156 | train_forecast=2.952156 | train_confidence=0.000000 | train_risk=0.000000 | train_blend=0.000000 | val_total=2.925514 | val_mae=2.922177 | val_rmse=5.997145 | val_mape=8.135345 | val_confidence=0.000000 | val_risk=0.000000 | val_blend=0.000000 | batches=709/94 | seconds=63.64 | lr=[0.000125] | cuda_peak_mb=1419.7
[2026-09-11 08:38:06] INFO Val horizons | 15min_mae=2.596379 15min_rmse=5.025385 15min_mape=6.779083 | 30min_mae=2.952591 30min_rmse=6.006921 30min_mape=8.236412 | 60min_mae=3.386712 60min_rmse=7.169668 60min_mape=9.991114
[2026-09-11 08:39:10] INFO Epoch 026 | stage=posthoc_calibrator | train_total=2.951896 | train_forecast=2.951896 | train_confidence=0.000000 | train_risk=0.000000 | train_blend=0.000000 | val_total=2.923571 | val_mae=2.920231 | val_rmse=6.008357 | val_mape=8.111054 | val_confidence=0.000000 | val_risk=0.000000 | val_blend=0.000000 | batches=709/94 | seconds=63.60 | lr=[0.000125] | cuda_peak_mb=1420.1
[2026-09-11 08:39:10] INFO Val horizons | 15min_mae=2.595864 15min_rmse=5.035772 15min_mape=6.766378 | 30min_mae=2.950267 30min_rmse=6.028646 30min_mape=8.222960 | 60min_mae=3.383706 60min_rmse=7.163796 60min_mape=9.940043
[2026-09-11 08:40:13] INFO Epoch 027 | stage=posthoc_calibrator | train_total=2.951596 | train_forecast=2.951596 | train_confidence=0.000000 | train_risk=0.000000 | train_blend=0.000000 | val_total=2.923572 | val_mae=2.920214 | val_rmse=6.029450 | val_mape=8.206068 | val_confidence=0.000000 | val_risk=0.000000 | val_blend=0.000000 | batches=709/94 | seconds=63.51 | lr=[0.000125] | cuda_peak_mb=1420.4
[2026-09-11 08:40:13] INFO Val horizons | 15min_mae=2.596497 15min_rmse=5.039358 15min_mape=6.773168 | 30min_mae=2.950927 30min_rmse=6.042604 30min_mape=8.291719 | 60min_mae=3.379794 60min_rmse=7.201499 60min_mape=10.149199
[2026-09-11 08:41:17] INFO Epoch 028 | stage=posthoc_calibrator | train_total=2.950972 | train_forecast=2.950972 | train_confidence=0.000000 | train_risk=0.000000 | train_blend=0.000000 | val_total=2.927271 | val_mae=2.923988 | val_rmse=6.003227 | val_mape=8.163900 | val_confidence=0.000000 | val_risk=0.000000 | val_blend=0.000000 | batches=709/94 | seconds=63.62 | lr=[0.000125] | cuda_peak_mb=1419.8
[2026-09-11 08:41:17] INFO Val horizons | 15min_mae=2.598637 15min_rmse=5.027429 15min_mape=6.797820 | 30min_mae=2.955046 30min_rmse=6.014907 30min_mape=8.282412 | 60min_mae=3.387970 60min_rmse=7.178158 60min_mape=10.020582
[2026-09-11 08:42:20] INFO Epoch 029 | stage=posthoc_calibrator | train_total=2.950841 | train_forecast=2.950841 | train_confidence=0.000000 | train_risk=0.000000 | train_blend=0.000000 | val_total=2.921563 | val_mae=2.918257 | val_rmse=6.004711 | val_mape=8.117701 | val_confidence=0.000000 | val_risk=0.000000 | val_blend=0.000000 | batches=709/94 | seconds=63.53 | lr=[0.000125] | cuda_peak_mb=1419.5
[2026-09-11 08:42:20] INFO Val horizons | 15min_mae=2.596248 15min_rmse=5.030642 15min_mape=6.754865 | 30min_mae=2.948689 30min_rmse=6.014604 30min_mape=8.197004 | 60min_mae=3.377446 60min_rmse=7.172253 60min_mape=10.016451
[2026-09-11 08:43:24] INFO Epoch 030 | stage=posthoc_calibrator | train_total=2.950197 | train_forecast=2.950197 | train_confidence=0.000000 | train_risk=0.000000 | train_blend=0.000000 | val_total=2.925838 | val_mae=2.922474 | val_rmse=6.004096 | val_mape=8.256728 | val_confidence=0.000000 | val_risk=0.000000 | val_blend=0.000000 | batches=709/94 | seconds=63.55 | lr=[0.000125] | cuda_peak_mb=1420.3
[2026-09-11 08:43:24] INFO Val horizons | 15min_mae=2.596259 15min_rmse=5.023280 15min_mape=6.827225 | 30min_mae=2.951088 30min_rmse=6.012669 30min_mape=8.365116 | 60min_mae=3.389264 60min_rmse=7.178648 60min_mape=10.183404
[2026-09-11 08:44:27] INFO Epoch 031 | stage=posthoc_calibrator | train_total=2.948672 | train_forecast=2.948672 | train_confidence=0.000000 | train_risk=0.000000 | train_blend=0.000000 | val_total=2.925156 | val_mae=2.921856 | val_rmse=6.018550 | val_mape=8.182914 | val_confidence=0.000000 | val_risk=0.000000 | val_blend=0.000000 | batches=709/94 | seconds=63.59 | lr=[6.25e-05] | cuda_peak_mb=1419.5
[2026-09-11 08:44:27] INFO Val horizons | 15min_mae=2.595681 15min_rmse=5.029460 15min_mape=6.815034 | 30min_mae=2.951384 30min_rmse=6.031706 30min_mape=8.282871 | 60min_mae=3.386397 60min_rmse=7.193779 60min_mape=10.063826
[2026-09-11 08:45:31] INFO Epoch 032 | stage=posthoc_calibrator | train_total=2.948296 | train_forecast=2.948296 | train_confidence=0.000000 | train_risk=0.000000 | train_blend=0.000000 | val_total=2.918515 | val_mae=2.915134 | val_rmse=6.000072 | val_mape=8.098710 | val_confidence=0.000000 | val_risk=0.000000 | val_blend=0.000000 | batches=709/94 | seconds=63.59 | lr=[6.25e-05] | cuda_peak_mb=1418.8
[2026-09-11 08:45:31] INFO Val horizons | 15min_mae=2.591816 15min_rmse=5.022708 15min_mape=6.705302 | 30min_mae=2.943427 30min_rmse=6.004786 30min_mape=8.156778 | 60min_mae=3.376365 60min_rmse=7.176356 60min_mape=10.017201
[2026-09-11 08:45:31] INFO Checkpoint updated | epoch=32 | stage=posthoc_calibrator | best_val_mae=2.915134 | path=C:\Users\clw\projects\researchRep\STAnchor-BlockMemory\artifacts\convergence\formal_20260910_trained_router_dlinear_seed42\downstream_best.pt
[2026-09-11 08:46:34] INFO Epoch 033 | stage=posthoc_calibrator | train_total=2.948023 | train_forecast=2.948023 | train_confidence=0.000000 | train_risk=0.000000 | train_blend=0.000000 | val_total=2.920505 | val_mae=2.917174 | val_rmse=6.004897 | val_mape=8.131665 | val_confidence=0.000000 | val_risk=0.000000 | val_blend=0.000000 | batches=709/94 | seconds=63.54 | lr=[6.25e-05] | cuda_peak_mb=1419.5
[2026-09-11 08:46:34] INFO Val horizons | 15min_mae=2.593097 15min_rmse=5.029169 15min_mape=6.763959 | 30min_mae=2.946185 30min_rmse=6.019466 30min_mape=8.240180 | 60min_mae=3.379670 60min_rmse=7.171745 60min_mape=9.987210
[2026-09-11 08:47:38] INFO Epoch 034 | stage=posthoc_calibrator | train_total=2.947705 | train_forecast=2.947705 | train_confidence=0.000000 | train_risk=0.000000 | train_blend=0.000000 | val_total=2.922399 | val_mae=2.919087 | val_rmse=6.013902 | val_mape=8.158576 | val_confidence=0.000000 | val_risk=0.000000 | val_blend=0.000000 | batches=709/94 | seconds=63.47 | lr=[6.25e-05] | cuda_peak_mb=1418.9
[2026-09-11 08:47:38] INFO Val horizons | 15min_mae=2.595712 15min_rmse=5.036154 15min_mape=6.796663 | 30min_mae=2.950708 30min_rmse=6.034535 30min_mape=8.256512 | 60min_mae=3.377818 60min_rmse=7.173267 60min_mape=10.038669
[2026-09-11 08:48:41] INFO Epoch 035 | stage=posthoc_calibrator | train_total=2.947641 | train_forecast=2.947641 | train_confidence=0.000000 | train_risk=0.000000 | train_blend=0.000000 | val_total=2.926258 | val_mae=2.922991 | val_rmse=6.003880 | val_mape=8.157808 | val_confidence=0.000000 | val_risk=0.000000 | val_blend=0.000000 | batches=709/94 | seconds=63.53 | lr=[6.25e-05] | cuda_peak_mb=1421.3
[2026-09-11 08:48:41] INFO Val horizons | 15min_mae=2.596212 15min_rmse=5.021615 15min_mape=6.771298 | 30min_mae=2.953735 30min_rmse=6.017639 30min_mape=8.267403 | 60min_mae=3.386342 60min_rmse=7.172492 60min_mape=10.029575
[2026-09-11 08:49:45] INFO Epoch 036 | stage=posthoc_calibrator | train_total=2.947168 | train_forecast=2.947168 | train_confidence=0.000000 | train_risk=0.000000 | train_blend=0.000000 | val_total=2.920534 | val_mae=2.917144 | val_rmse=6.009781 | val_mape=8.221038 | val_confidence=0.000000 | val_risk=0.000000 | val_blend=0.000000 | batches=709/94 | seconds=63.71 | lr=[6.25e-05] | cuda_peak_mb=1418.9
[2026-09-11 08:49:45] INFO Val horizons | 15min_mae=2.592613 15min_rmse=5.025263 15min_mape=6.803603 | 30min_mae=2.946647 30min_rmse=6.015309 30min_mape=8.302954 | 60min_mae=3.376322 60min_rmse=7.188117 60min_mape=10.153518
[2026-09-11 08:50:49] INFO Epoch 037 | stage=posthoc_calibrator | train_total=2.947049 | train_forecast=2.947049 | train_confidence=0.000000 | train_risk=0.000000 | train_blend=0.000000 | val_total=2.919212 | val_mae=2.915863 | val_rmse=6.006367 | val_mape=8.095515 | val_confidence=0.000000 | val_risk=0.000000 | val_blend=0.000000 | batches=709/94 | seconds=63.57 | lr=[6.25e-05] | cuda_peak_mb=1421.3
[2026-09-11 08:50:49] INFO Val horizons | 15min_mae=2.591888 15min_rmse=5.034350 15min_mape=6.704945 | 30min_mae=2.943220 30min_rmse=6.020679 30min_mape=8.179373 | 60min_mae=3.379144 60min_rmse=7.168856 60min_mape=9.988264
[2026-09-11 08:51:52] INFO Epoch 038 | stage=posthoc_calibrator | train_total=2.947023 | train_forecast=2.947023 | train_confidence=0.000000 | train_risk=0.000000 | train_blend=0.000000 | val_total=2.917446 | val_mae=2.914075 | val_rmse=5.997289 | val_mape=8.181782 | val_confidence=0.000000 | val_risk=0.000000 | val_blend=0.000000 | batches=709/94 | seconds=63.65 | lr=[6.25e-05] | cuda_peak_mb=1419.9
[2026-09-11 08:51:52] INFO Val horizons | 15min_mae=2.593591 15min_rmse=5.022525 15min_mape=6.791214 | 30min_mae=2.946442 30min_rmse=6.016636 30min_mape=8.282350 | 60min_mae=3.366538 60min_rmse=7.153072 60min_mape=10.075326
[2026-09-11 08:51:52] INFO Checkpoint updated | epoch=38 | stage=posthoc_calibrator | best_val_mae=2.914075 | path=C:\Users\clw\projects\researchRep\STAnchor-BlockMemory\artifacts\convergence\formal_20260910_trained_router_dlinear_seed42\downstream_best.pt
[2026-09-11 08:52:56] INFO Epoch 039 | stage=posthoc_calibrator | train_total=2.946731 | train_forecast=2.946731 | train_confidence=0.000000 | train_risk=0.000000 | train_blend=0.000000 | val_total=2.924531 | val_mae=2.921234 | val_rmse=6.017252 | val_mape=8.123854 | val_confidence=0.000000 | val_risk=0.000000 | val_blend=0.000000 | batches=709/94 | seconds=63.55 | lr=[6.25e-05] | cuda_peak_mb=1419.5
[2026-09-11 08:52:56] INFO Val horizons | 15min_mae=2.595644 15min_rmse=5.039249 15min_mape=6.748139 | 30min_mae=2.948772 30min_rmse=6.028795 30min_mape=8.223942 | 60min_mae=3.387575 60min_rmse=7.191412 60min_mape=10.005714
[2026-09-11 08:54:00] INFO Epoch 040 | stage=posthoc_calibrator | train_total=2.946702 | train_forecast=2.946702 | train_confidence=0.000000 | train_risk=0.000000 | train_blend=0.000000 | val_total=2.923989 | val_mae=2.920676 | val_rmse=6.018936 | val_mape=8.143819 | val_confidence=0.000000 | val_risk=0.000000 | val_blend=0.000000 | batches=709/94 | seconds=63.65 | lr=[6.25e-05] | cuda_peak_mb=1419.2
[2026-09-11 08:54:00] INFO Val horizons | 15min_mae=2.593710 15min_rmse=5.033206 15min_mape=6.755816 | 30min_mae=2.947358 30min_rmse=6.025243 30min_mape=8.236508 | 60min_mae=3.387334 60min_rmse=7.201765 60min_mape=10.028457
[2026-09-11 08:55:03] INFO Epoch 041 | stage=posthoc_calibrator | train_total=2.945283 | train_forecast=2.945283 | train_confidence=0.000000 | train_risk=0.000000 | train_blend=0.000000 | val_total=2.921047 | val_mae=2.917701 | val_rmse=5.993053 | val_mape=8.151281 | val_confidence=0.000000 | val_risk=0.000000 | val_blend=0.000000 | batches=709/94 | seconds=63.58 | lr=[3.125e-05] | cuda_peak_mb=1420.3
[2026-09-11 08:55:03] INFO Val horizons | 15min_mae=2.592601 15min_rmse=5.021996 15min_mape=6.763343 | 30min_mae=2.946602 30min_rmse=6.004745 30min_mape=8.234292 | 60min_mae=3.379721 60min_rmse=7.158609 60min_mape=10.058051
[2026-09-11 08:56:07] INFO Epoch 042 | stage=posthoc_calibrator | train_total=2.945410 | train_forecast=2.945410 | train_confidence=0.000000 | train_risk=0.000000 | train_blend=0.000000 | val_total=2.924701 | val_mae=2.921389 | val_rmse=6.013920 | val_mape=8.198612 | val_confidence=0.000000 | val_risk=0.000000 | val_blend=0.000000 | batches=709/94 | seconds=63.54 | lr=[3.125e-05] | cuda_peak_mb=1420.1
[2026-09-11 08:56:07] INFO Val horizons | 15min_mae=2.596109 15min_rmse=5.033701 15min_mape=6.804944 | 30min_mae=2.952076 30min_rmse=6.032913 30min_mape=8.318252 | 60min_mae=3.383429 60min_rmse=7.177458 60min_mape=10.073011
[2026-09-11 08:57:10] INFO Epoch 043 | stage=posthoc_calibrator | train_total=2.945321 | train_forecast=2.945321 | train_confidence=0.000000 | train_risk=0.000000 | train_blend=0.000000 | val_total=2.919285 | val_mae=2.915930 | val_rmse=6.001178 | val_mape=8.141936 | val_confidence=0.000000 | val_risk=0.000000 | val_blend=0.000000 | batches=709/94 | seconds=63.60 | lr=[3.125e-05] | cuda_peak_mb=1420.9
[2026-09-11 08:57:10] INFO Val horizons | 15min_mae=2.591926 15min_rmse=5.025667 15min_mape=6.763040 | 30min_mae=2.945452 30min_rmse=6.009825 30min_mape=8.235522 | 60min_mae=3.376154 60min_rmse=7.175853 60min_mape=10.025116
[2026-09-11 08:58:14] INFO Epoch 044 | stage=posthoc_calibrator | train_total=2.944920 | train_forecast=2.944920 | train_confidence=0.000000 | train_risk=0.000000 | train_blend=0.000000 | val_total=2.917136 | val_mae=2.913745 | val_rmse=6.002684 | val_mape=8.148823 | val_confidence=0.000000 | val_risk=0.000000 | val_blend=0.000000 | batches=709/94 | seconds=63.63 | lr=[3.125e-05] | cuda_peak_mb=1419.9
[2026-09-11 08:58:14] INFO Val horizons | 15min_mae=2.592408 15min_rmse=5.029725 15min_mape=6.787783 | 30min_mae=2.945485 30min_rmse=6.021806 30min_mape=8.263789 | 60min_mae=3.368561 60min_rmse=7.158452 60min_mape=10.003538
[2026-09-11 08:58:14] INFO Checkpoint updated | epoch=44 | stage=posthoc_calibrator | best_val_mae=2.913745 | path=C:\Users\clw\projects\researchRep\STAnchor-BlockMemory\artifacts\convergence\formal_20260910_trained_router_dlinear_seed42\downstream_best.pt
[2026-09-11 08:59:18] INFO Epoch 045 | stage=posthoc_calibrator | train_total=2.945371 | train_forecast=2.945371 | train_confidence=0.000000 | train_risk=0.000000 | train_blend=0.000000 | val_total=2.917529 | val_mae=2.914141 | val_rmse=5.991332 | val_mape=8.170629 | val_confidence=0.000000 | val_risk=0.000000 | val_blend=0.000000 | batches=709/94 | seconds=63.53 | lr=[3.125e-05] | cuda_peak_mb=1419.8
[2026-09-11 08:59:18] INFO Val horizons | 15min_mae=2.592735 15min_rmse=5.023372 15min_mape=6.768832 | 30min_mae=2.945139 30min_rmse=6.010901 30min_mape=8.266553 | 60min_mae=3.370916 60min_rmse=7.144521 60min_mape=10.094827
[2026-09-11 09:00:21] INFO Epoch 046 | stage=posthoc_calibrator | train_total=2.945175 | train_forecast=2.945175 | train_confidence=0.000000 | train_risk=0.000000 | train_blend=0.000000 | val_total=2.915378 | val_mae=2.911984 | val_rmse=5.996222 | val_mape=8.114823 | val_confidence=0.000000 | val_risk=0.000000 | val_blend=0.000000 | batches=709/94 | seconds=63.50 | lr=[3.125e-05] | cuda_peak_mb=1418.9
[2026-09-11 09:00:21] INFO Val horizons | 15min_mae=2.590266 15min_rmse=5.029224 15min_mape=6.740695 | 30min_mae=2.941442 30min_rmse=6.013413 30min_mape=8.206804 | 60min_mae=3.370667 60min_rmse=7.158395 60min_mape=10.008488
[2026-09-11 09:00:21] INFO Checkpoint updated | epoch=46 | stage=posthoc_calibrator | best_val_mae=2.911984 | path=C:\Users\clw\projects\researchRep\STAnchor-BlockMemory\artifacts\convergence\formal_20260910_trained_router_dlinear_seed42\downstream_best.pt
[2026-09-11 09:01:25] INFO Epoch 047 | stage=posthoc_calibrator | train_total=2.945032 | train_forecast=2.945032 | train_confidence=0.000000 | train_risk=0.000000 | train_blend=0.000000 | val_total=2.918669 | val_mae=2.915297 | val_rmse=6.004455 | val_mape=8.154355 | val_confidence=0.000000 | val_risk=0.000000 | val_blend=0.000000 | batches=709/94 | seconds=63.52 | lr=[3.125e-05] | cuda_peak_mb=1421.3
[2026-09-11 09:01:25] INFO Val horizons | 15min_mae=2.592635 15min_rmse=5.026212 15min_mape=6.745219 | 30min_mae=2.945936 30min_rmse=6.017488 30min_mape=8.239305 | 60min_mae=3.373140 60min_rmse=7.174657 60min_mape=10.084884
[2026-09-11 09:02:28] INFO Epoch 048 | stage=posthoc_calibrator | train_total=2.944647 | train_forecast=2.944647 | train_confidence=0.000000 | train_risk=0.000000 | train_blend=0.000000 | val_total=2.919806 | val_mae=2.916434 | val_rmse=6.015089 | val_mape=8.197626 | val_confidence=0.000000 | val_risk=0.000000 | val_blend=0.000000 | batches=709/94 | seconds=63.50 | lr=[3.125e-05] | cuda_peak_mb=1418.9
[2026-09-11 09:02:28] INFO Val horizons | 15min_mae=2.593678 15min_rmse=5.034033 15min_mape=6.793030 | 30min_mae=2.948138 30min_rmse=6.034611 30min_mape=8.303129 | 60min_mae=3.372918 60min_rmse=7.177851 60min_mape=10.096837
[2026-09-11 09:03:32] INFO Epoch 049 | stage=posthoc_calibrator | train_total=2.944674 | train_forecast=2.944674 | train_confidence=0.000000 | train_risk=0.000000 | train_blend=0.000000 | val_total=2.913757 | val_mae=2.910324 | val_rmse=5.998256 | val_mape=8.131068 | val_confidence=0.000000 | val_risk=0.000000 | val_blend=0.000000 | batches=709/94 | seconds=63.61 | lr=[3.125e-05] | cuda_peak_mb=1421.3
[2026-09-11 09:03:32] INFO Val horizons | 15min_mae=2.590500 15min_rmse=5.027981 15min_mape=6.751865 | 30min_mae=2.941658 30min_rmse=6.016909 30min_mape=8.223347 | 60min_mae=3.363602 60min_rmse=7.154872 60min_mape=10.024720
[2026-09-11 09:03:32] INFO Checkpoint updated | epoch=49 | stage=posthoc_calibrator | best_val_mae=2.910324 | path=C:\Users\clw\projects\researchRep\STAnchor-BlockMemory\artifacts\convergence\formal_20260910_trained_router_dlinear_seed42\downstream_best.pt
[2026-09-11 09:04:35] INFO Epoch 050 | stage=posthoc_calibrator | train_total=2.944723 | train_forecast=2.944723 | train_confidence=0.000000 | train_risk=0.000000 | train_blend=0.000000 | val_total=2.918617 | val_mae=2.915253 | val_rmse=5.995495 | val_mape=8.133385 | val_confidence=0.000000 | val_risk=0.000000 | val_blend=0.000000 | batches=709/94 | seconds=63.48 | lr=[3.125e-05] | cuda_peak_mb=1420.8
[2026-09-11 09:04:35] INFO Val horizons | 15min_mae=2.592283 15min_rmse=5.027655 15min_mape=6.756214 | 30min_mae=2.945806 30min_rmse=6.012904 30min_mape=8.228912 | 60min_mae=3.374471 60min_rmse=7.156625 60min_mape=10.025020
[2026-09-11 09:04:35] INFO Downstream training finished | best_val_mae=2.910324 | checkpoint=C:\Users\clw\projects\researchRep\STAnchor-BlockMemory\artifacts\convergence\formal_20260910_trained_router_dlinear_seed42\downstream_best.pt
