[2026-09-17 20:44:33] INFO Downstream start | run=paper_final_joint_context_offset_only_seed42/thesis_only/simple_fusion_retrieval_comparison/metrla/argcn/raw_l1 | device=cuda:0 (requested=cuda:0) | seed=42 | output=D:\projects\researchProjects\TrafficRobustST\STAnchor-BlockMemory\artifacts\paper_final_joint_context_offset_only_seed42\thesis_only\simple_fusion_retrieval_comparison\metrla\argcn\raw_l1
[2026-09-17 20:44:33] INFO Mode | downstream_mode=learned_topk_offset_only_horizon | training_protocol=posthoc_frozen_base | candidate_protocol=weekday_radius1_overlap | candidate_ranking=raw_l1 | candidate_payload=offset_only
[2026-09-17 20:44:33] INFO Downstream initialization | seed=42 | state_hash=71e5d3af33da405a
[2026-09-17 20:44:33] INFO Frozen base | checkpoint=D:\projects\researchProjects\TrafficRobustST\STAnchor-BlockMemory\artifacts\convergence\formal_20260826_argcn_base_only_v1\downstream_best.pt | fingerprint=aec0d7409fcfde5a
[2026-09-17 20:44:33] INFO Data | steps=34272 | nodes=207 | channels=1 | training_scope=full_train | memory/post_memory/train_selected/val/test=15876/6805/22681/2993/6025
[2026-09-17 20:44:33] INFO Frozen path cache | enabled=True | storage=disk_mmap | train_samples=22681 | val_samples=2993 | allocated_mib=1520.5
[2026-09-17 20:44:33] INFO Bank/retrieval | dataset=metrla_joint_context_offset_only_seed42_epoch34 | events=15876 | nodes=207 | retrieval_dim=64 | event_top_r=32 | node_top_k=12 | key_dtype=float16
[2026-09-17 20:44:33] INFO Frozen path cache | enabled=yes | candidate_ranking=raw_l1 | fill=first_epoch
[2026-09-17 20:44:33] INFO Parameters | downstream_total=150,809 | downstream_trainable=12 | backbone=0 | confidence_head=0 | fusion=12 | frozen_pretrained=958,704
[2026-09-17 20:44:33] INFO Optimization | epochs=10 | batch_size=32 | optimizer=adam | lr=0.0005 | weight_decay=0.0001 | scheduler=step_lr | step_size=10 | gamma=0.500 | confidence_weight=0.000 | patience=20 | early_stopping=disabled
[2026-09-17 20:44:34] INFO Stage start | stage=posthoc_calibrator | epochs=10 | optimizer_lrs=[0.0005]
[2026-09-17 20:48:22] INFO Released raw-L1 context window cache | windows=2048 | frozen_train=22681 | frozen_val=2993
[2026-09-17 20:48:22] INFO Epoch 001 | stage=posthoc_calibrator | train_total=3.102075 | train_forecast=3.102075 | train_confidence=0.000000 | train_risk=0.000000 | train_blend=0.000000 | val_total=2.998172 | val_mae=2.995039 | val_rmse=6.133352 | val_mape=8.452602 | val_confidence=0.000000 | val_risk=0.000000 | val_blend=0.000000 | batches=709/94 | seconds=228.40 | lr=[0.0005] | cuda_peak_mb=305.1
[2026-09-17 20:48:22] INFO Val horizons | 15min_mae=2.627977 15min_rmse=5.185627 15min_mape=6.934444 | 30min_mae=3.017959 30min_rmse=6.175675 30min_mape=8.533313 | 60min_mae=3.538975 60min_rmse=7.295494 60min_mape=10.610658
[2026-09-17 20:48:22] INFO Checkpoint updated | epoch=1 | stage=posthoc_calibrator | best_val_mae=2.995039 | path=D:\projects\researchProjects\TrafficRobustST\STAnchor-BlockMemory\artifacts\paper_final_joint_context_offset_only_seed42\thesis_only\simple_fusion_retrieval_comparison\metrla\argcn\raw_l1\downstream_best.pt
[2026-09-17 20:49:27] INFO Epoch 002 | stage=posthoc_calibrator | train_total=3.099863 | train_forecast=3.099863 | train_confidence=0.000000 | train_risk=0.000000 | train_blend=0.000000 | val_total=2.998434 | val_mae=2.995281 | val_rmse=6.140348 | val_mape=8.461516 | val_confidence=0.000000 | val_risk=0.000000 | val_blend=0.000000 | batches=709/94 | seconds=64.27 | lr=[0.0005] | cuda_peak_mb=96.3
[2026-09-17 20:49:27] INFO Val horizons | 15min_mae=2.627769 15min_rmse=5.188260 15min_mape=6.939967 | 30min_mae=3.018104 30min_rmse=6.182297 30min_mape=8.542987 | 60min_mae=3.539807 60min_rmse=7.304957 60min_mape=10.621789
[2026-09-17 20:50:33] INFO Epoch 003 | stage=posthoc_calibrator | train_total=3.098556 | train_forecast=3.098556 | train_confidence=0.000000 | train_risk=0.000000 | train_blend=0.000000 | val_total=2.998738 | val_mae=2.995577 | val_rmse=6.144174 | val_mape=8.466511 | val_confidence=0.000000 | val_risk=0.000000 | val_blend=0.000000 | batches=709/94 | seconds=66.14 | lr=[0.0005] | cuda_peak_mb=96.3
[2026-09-17 20:50:33] INFO Val horizons | 15min_mae=2.627780 15min_rmse=5.189730 15min_mape=6.943075 | 30min_mae=3.018365 30min_rmse=6.185984 30min_mape=8.548451 | 60min_mae=3.540307 60min_rmse=7.309375 60min_mape=10.627099
[2026-09-17 20:51:39] INFO Epoch 004 | stage=posthoc_calibrator | train_total=3.098257 | train_forecast=3.098257 | train_confidence=0.000000 | train_risk=0.000000 | train_blend=0.000000 | val_total=2.998950 | val_mae=2.995785 | val_rmse=6.146266 | val_mape=8.469261 | val_confidence=0.000000 | val_risk=0.000000 | val_blend=0.000000 | batches=709/94 | seconds=66.08 | lr=[0.0005] | cuda_peak_mb=96.3
[2026-09-17 20:51:39] INFO Val horizons | 15min_mae=2.627814 15min_rmse=5.190467 15min_mape=6.944631 | 30min_mae=3.018571 30min_rmse=6.188106 30min_mape=8.551628 | 60min_mae=3.540581 60min_rmse=7.311568 60min_mape=10.629760
[2026-09-17 20:52:43] INFO Epoch 005 | stage=posthoc_calibrator | train_total=3.097933 | train_forecast=3.097933 | train_confidence=0.000000 | train_risk=0.000000 | train_blend=0.000000 | val_total=2.999067 | val_mae=2.995900 | val_rmse=6.147304 | val_mape=8.470629 | val_confidence=0.000000 | val_risk=0.000000 | val_blend=0.000000 | batches=709/94 | seconds=64.14 | lr=[0.0005] | cuda_peak_mb=96.3
[2026-09-17 20:52:43] INFO Val horizons | 15min_mae=2.627836 15min_rmse=5.190814 15min_mape=6.945366 | 30min_mae=3.018682 30min_rmse=6.189114 30min_mape=8.553144 | 60min_mae=3.540720 60min_rmse=7.312633 60min_mape=10.631058
[2026-09-17 20:53:48] INFO Epoch 006 | stage=posthoc_calibrator | train_total=3.098044 | train_forecast=3.098044 | train_confidence=0.000000 | train_risk=0.000000 | train_blend=0.000000 | val_total=2.999125 | val_mae=2.995956 | val_rmse=6.147787 | val_mape=8.471269 | val_confidence=0.000000 | val_risk=0.000000 | val_blend=0.000000 | batches=709/94 | seconds=65.01 | lr=[0.0005] | cuda_peak_mb=96.3
[2026-09-17 20:53:48] INFO Val horizons | 15min_mae=2.627849 15min_rmse=5.190988 15min_mape=6.945734 | 30min_mae=3.018741 30min_rmse=6.189627 30min_mape=8.553919 | 60min_mae=3.540772 60min_rmse=7.313028 60min_mape=10.631538
[2026-09-17 20:54:52] INFO Epoch 007 | stage=posthoc_calibrator | train_total=3.098034 | train_forecast=3.098034 | train_confidence=0.000000 | train_risk=0.000000 | train_blend=0.000000 | val_total=2.999151 | val_mae=2.995982 | val_rmse=6.148007 | val_mape=8.471564 | val_confidence=0.000000 | val_risk=0.000000 | val_blend=0.000000 | batches=709/94 | seconds=63.93 | lr=[0.0005] | cuda_peak_mb=96.3
[2026-09-17 20:54:52] INFO Val horizons | 15min_mae=2.627854 15min_rmse=5.191062 15min_mape=6.945891 | 30min_mae=3.018771 30min_rmse=6.189873 30min_mape=8.554290 | 60min_mae=3.540802 60min_rmse=7.313254 60min_mape=10.631814
[2026-09-17 20:55:55] INFO Epoch 008 | stage=posthoc_calibrator | train_total=3.098152 | train_forecast=3.098152 | train_confidence=0.000000 | train_risk=0.000000 | train_blend=0.000000 | val_total=2.999166 | val_mae=2.995997 | val_rmse=6.148137 | val_mape=8.471735 | val_confidence=0.000000 | val_risk=0.000000 | val_blend=0.000000 | batches=709/94 | seconds=63.41 | lr=[0.0005] | cuda_peak_mb=96.3
[2026-09-17 20:55:55] INFO Val horizons | 15min_mae=2.627859 15min_rmse=5.191116 15min_mape=6.946004 | 30min_mae=3.018792 30min_rmse=6.190050 30min_mape=8.554557 | 60min_mae=3.540828 60min_rmse=7.313447 60min_mape=10.632051
[2026-09-17 20:56:59] INFO Epoch 009 | stage=posthoc_calibrator | train_total=3.098092 | train_forecast=3.098092 | train_confidence=0.000000 | train_risk=0.000000 | train_blend=0.000000 | val_total=2.999177 | val_mae=2.996008 | val_rmse=6.148226 | val_mape=8.471847 | val_confidence=0.000000 | val_risk=0.000000 | val_blend=0.000000 | batches=709/94 | seconds=63.90 | lr=[0.0005] | cuda_peak_mb=96.3
[2026-09-17 20:56:59] INFO Val horizons | 15min_mae=2.627859 15min_rmse=5.191115 15min_mape=6.946004 | 30min_mae=3.018799 30min_rmse=6.190105 30min_mape=8.554640 | 60min_mae=3.540835 60min_rmse=7.313494 60min_mape=10.632108
[2026-09-17 20:58:06] INFO Epoch 010 | stage=posthoc_calibrator | train_total=3.098301 | train_forecast=3.098301 | train_confidence=0.000000 | train_risk=0.000000 | train_blend=0.000000 | val_total=2.999198 | val_mae=2.996028 | val_rmse=6.148397 | val_mape=8.472057 | val_confidence=0.000000 | val_risk=0.000000 | val_blend=0.000000 | batches=709/94 | seconds=67.06 | lr=[0.0005] | cuda_peak_mb=96.3
[2026-09-17 20:58:06] INFO Val horizons | 15min_mae=2.627865 15min_rmse=5.191194 15min_mape=6.946170 | 30min_mae=3.018810 30min_rmse=6.190198 30min_mape=8.554781 | 60min_mae=3.540904 60min_rmse=7.314006 60min_mape=10.632734
[2026-09-17 20:58:06] INFO Downstream training finished | best_val_mae=2.995039 | checkpoint=D:\projects\researchProjects\TrafficRobustST\STAnchor-BlockMemory\artifacts\paper_final_joint_context_offset_only_seed42\thesis_only\simple_fusion_retrieval_comparison\metrla\argcn\raw_l1\downstream_best.pt
