[2026-09-10 03:05:57] INFO Downstream start | run=cross_dataset_final/pems04_finetuned_router_gwn_seed42 | device=cuda:0 (requested=cuda:0) | seed=42 | output=C:\Users\clw\projects\researchRep\STAnchor-BlockMemory\artifacts\cross_dataset_final\pems04_finetuned_router_gwn_seed42
[2026-09-10 03:05:57] INFO Mode | downstream_mode=learned_topk_error_aware | training_protocol=posthoc_frozen_base | candidate_protocol=weekday_radius1_overlap
[2026-09-10 03:05:57] INFO Downstream initialization | seed=42 | state_hash=b0faec289cb51be0
[2026-09-10 03:05:57] INFO Frozen base | checkpoint=C:\Users\clw\projects\researchRep\STAnchor-BlockMemory\artifacts\cross_dataset_final\pems04_baseonly_gwn_seed42\downstream_best.pt | fingerprint=81ee9600b73a0917
[2026-09-10 03:05:57] INFO Data | steps=16992 | nodes=307 | channels=1 | training_scope=full_train | memory/post_memory/train_selected/val/test=8116/3479/11595/1400/3100
[2026-09-10 03:05:57] INFO Bank/retrieval | dataset=pems04_finetuned_queue | events=8116 | nodes=307 | retrieval_dim=64 | event_top_r=96 | node_top_k=12 | key_dtype=float16
[2026-09-10 03:05:57] INFO Parameters | downstream_total=1,191,330 | downstream_trainable=879,693 | backbone=0 | confidence_head=0 | fusion=0 | frozen_pretrained=958,704
[2026-09-10 03:05:57] INFO Optimization | epochs=50 | batch_size=32 | optimizer=adam | lr=0.001 | weight_decay=0.0001 | scheduler=step_lr | step_size=10 | gamma=0.950 | confidence_weight=0.000 | patience=10 | early_stopping=disabled
[2026-09-10 03:05:58] INFO Stage start | stage=posthoc_calibrator | epochs=50 | optimizer_lrs=[0.001]
[2026-09-10 03:10:32] INFO Epoch 001 | stage=posthoc_calibrator | train_total=1.374972 | train_forecast=1.374972 | train_confidence=0.000000 | train_risk=0.000000 | train_blend=0.000000 | val_total=1.686043 | val_mae=1.691212 | val_rmse=3.900916 | val_mape=3.895536 | val_confidence=0.000000 | val_risk=0.000000 | val_blend=0.000000 | batches=363/44 | seconds=274.08 | lr=[0.001] | cuda_peak_mb=2196.0
[2026-09-10 03:10:32] INFO Val horizons | 15min_mae=1.435475 15min_rmse=3.006379 15min_mape=2.999442 | 30min_mae=1.759529 30min_rmse=3.981675 30min_mape=4.047275 | 60min_mae=2.042314 60min_rmse=4.789468 60min_mape=5.048732
[2026-09-10 03:10:32] INFO Checkpoint updated | epoch=1 | stage=posthoc_calibrator | best_val_mae=1.691212 | path=C:\Users\clw\projects\researchRep\STAnchor-BlockMemory\artifacts\cross_dataset_final\pems04_finetuned_router_gwn_seed42\downstream_best.pt
[2026-09-10 03:11:16] INFO Epoch 002 | stage=posthoc_calibrator | train_total=1.363888 | train_forecast=1.363888 | train_confidence=0.000000 | train_risk=0.000000 | train_blend=0.000000 | val_total=1.682943 | val_mae=1.688090 | val_rmse=3.905865 | val_mape=3.876956 | val_confidence=0.000000 | val_risk=0.000000 | val_blend=0.000000 | batches=363/44 | seconds=43.38 | lr=[0.001] | cuda_peak_mb=2080.3
[2026-09-10 03:11:16] INFO Val horizons | 15min_mae=1.433567 15min_rmse=3.002308 15min_mape=2.998848 | 30min_mae=1.757465 30min_rmse=3.981234 30min_mape=4.040853 | 60min_mae=2.035957 60min_rmse=4.809506 60min_mape=4.989163
[2026-09-10 03:11:16] INFO Checkpoint updated | epoch=2 | stage=posthoc_calibrator | best_val_mae=1.688090 | path=C:\Users\clw\projects\researchRep\STAnchor-BlockMemory\artifacts\cross_dataset_final\pems04_finetuned_router_gwn_seed42\downstream_best.pt
[2026-09-10 03:11:59] INFO Epoch 003 | stage=posthoc_calibrator | train_total=1.360232 | train_forecast=1.360232 | train_confidence=0.000000 | train_risk=0.000000 | train_blend=0.000000 | val_total=1.683396 | val_mae=1.688535 | val_rmse=3.911313 | val_mape=3.871585 | val_confidence=0.000000 | val_risk=0.000000 | val_blend=0.000000 | batches=363/44 | seconds=43.37 | lr=[0.001] | cuda_peak_mb=2080.1
[2026-09-10 03:11:59] INFO Val horizons | 15min_mae=1.434135 15min_rmse=3.013138 15min_mape=3.000648 | 30min_mae=1.757869 30min_rmse=3.995646 30min_mape=4.031260 | 60min_mae=2.035982 60min_rmse=4.799869 60min_mape=4.982231
[2026-09-10 03:12:43] INFO Epoch 004 | stage=posthoc_calibrator | train_total=1.357262 | train_forecast=1.357262 | train_confidence=0.000000 | train_risk=0.000000 | train_blend=0.000000 | val_total=1.679165 | val_mae=1.684315 | val_rmse=3.924251 | val_mape=3.864634 | val_confidence=0.000000 | val_risk=0.000000 | val_blend=0.000000 | batches=363/44 | seconds=43.34 | lr=[0.001] | cuda_peak_mb=2080.7
[2026-09-10 03:12:43] INFO Val horizons | 15min_mae=1.430344 15min_rmse=3.007668 15min_mape=2.999469 | 30min_mae=1.753921 30min_rmse=4.002224 30min_mape=4.030441 | 60min_mae=2.031041 60min_rmse=4.834313 60min_mape=4.960751
[2026-09-10 03:12:43] INFO Checkpoint updated | epoch=4 | stage=posthoc_calibrator | best_val_mae=1.684315 | path=C:\Users\clw\projects\researchRep\STAnchor-BlockMemory\artifacts\cross_dataset_final\pems04_finetuned_router_gwn_seed42\downstream_best.pt
[2026-09-10 03:13:26] INFO Epoch 005 | stage=posthoc_calibrator | train_total=1.357297 | train_forecast=1.357297 | train_confidence=0.000000 | train_risk=0.000000 | train_blend=0.000000 | val_total=1.677957 | val_mae=1.683105 | val_rmse=3.920247 | val_mape=3.870231 | val_confidence=0.000000 | val_risk=0.000000 | val_blend=0.000000 | batches=363/44 | seconds=43.40 | lr=[0.001] | cuda_peak_mb=2080.6
[2026-09-10 03:13:26] INFO Val horizons | 15min_mae=1.429677 15min_rmse=3.009009 15min_mape=3.002681 | 30min_mae=1.751723 30min_rmse=3.996904 30min_mape=4.029473 | 60min_mae=2.029541 60min_rmse=4.825264 60min_mape=4.974083
[2026-09-10 03:13:26] INFO Checkpoint updated | epoch=5 | stage=posthoc_calibrator | best_val_mae=1.683105 | path=C:\Users\clw\projects\researchRep\STAnchor-BlockMemory\artifacts\cross_dataset_final\pems04_finetuned_router_gwn_seed42\downstream_best.pt
[2026-09-10 03:14:09] INFO Epoch 006 | stage=posthoc_calibrator | train_total=1.355597 | train_forecast=1.355597 | train_confidence=0.000000 | train_risk=0.000000 | train_blend=0.000000 | val_total=1.682730 | val_mae=1.687918 | val_rmse=3.922724 | val_mape=3.877870 | val_confidence=0.000000 | val_risk=0.000000 | val_blend=0.000000 | batches=363/44 | seconds=43.32 | lr=[0.001] | cuda_peak_mb=2080.7
[2026-09-10 03:14:09] INFO Val horizons | 15min_mae=1.431701 15min_rmse=3.009128 15min_mape=2.990243 | 30min_mae=1.755776 30min_rmse=3.994067 30min_mape=4.026799 | 60min_mae=2.039305 60min_rmse=4.843418 60min_mape=5.017636
[2026-09-10 03:14:53] INFO Epoch 007 | stage=posthoc_calibrator | train_total=1.355633 | train_forecast=1.355633 | train_confidence=0.000000 | train_risk=0.000000 | train_blend=0.000000 | val_total=1.681475 | val_mae=1.686650 | val_rmse=3.919237 | val_mape=3.899174 | val_confidence=0.000000 | val_risk=0.000000 | val_blend=0.000000 | batches=363/44 | seconds=43.20 | lr=[0.001] | cuda_peak_mb=2080.6
[2026-09-10 03:14:53] INFO Val horizons | 15min_mae=1.431564 15min_rmse=3.004462 15min_mape=3.016036 | 30min_mae=1.756114 30min_rmse=3.992856 30min_mape=4.069355 | 60min_mae=2.034251 60min_rmse=4.834709 60min_mape=5.003735
[2026-09-10 03:15:36] INFO Epoch 008 | stage=posthoc_calibrator | train_total=1.355462 | train_forecast=1.355462 | train_confidence=0.000000 | train_risk=0.000000 | train_blend=0.000000 | val_total=1.675861 | val_mae=1.681011 | val_rmse=3.911569 | val_mape=3.852907 | val_confidence=0.000000 | val_risk=0.000000 | val_blend=0.000000 | batches=363/44 | seconds=43.17 | lr=[0.001] | cuda_peak_mb=2080.7
[2026-09-10 03:15:36] INFO Val horizons | 15min_mae=1.428178 15min_rmse=3.006729 15min_mape=2.991124 | 30min_mae=1.749646 30min_rmse=3.990157 30min_mape=4.008176 | 60min_mae=2.026910 60min_rmse=4.815423 60min_mape=4.957480
[2026-09-10 03:15:36] INFO Checkpoint updated | epoch=8 | stage=posthoc_calibrator | best_val_mae=1.681011 | path=C:\Users\clw\projects\researchRep\STAnchor-BlockMemory\artifacts\cross_dataset_final\pems04_finetuned_router_gwn_seed42\downstream_best.pt
[2026-09-10 03:16:19] INFO Epoch 009 | stage=posthoc_calibrator | train_total=1.354658 | train_forecast=1.354658 | train_confidence=0.000000 | train_risk=0.000000 | train_blend=0.000000 | val_total=1.676246 | val_mae=1.681394 | val_rmse=3.916028 | val_mape=3.864702 | val_confidence=0.000000 | val_risk=0.000000 | val_blend=0.000000 | batches=363/44 | seconds=43.16 | lr=[0.001] | cuda_peak_mb=2080.6
[2026-09-10 03:16:19] INFO Val horizons | 15min_mae=1.427735 15min_rmse=3.005862 15min_mape=2.987721 | 30min_mae=1.749353 30min_rmse=3.989028 30min_mape=4.016838 | 60min_mae=2.028139 60min_rmse=4.825233 60min_mape=4.983565
[2026-09-10 03:17:02] INFO Epoch 010 | stage=posthoc_calibrator | train_total=1.354261 | train_forecast=1.354261 | train_confidence=0.000000 | train_risk=0.000000 | train_blend=0.000000 | val_total=1.679062 | val_mae=1.684216 | val_rmse=3.910851 | val_mape=3.866238 | val_confidence=0.000000 | val_risk=0.000000 | val_blend=0.000000 | batches=363/44 | seconds=43.09 | lr=[0.001] | cuda_peak_mb=2080.7
[2026-09-10 03:17:02] INFO Val horizons | 15min_mae=1.429748 15min_rmse=3.004948 15min_mape=3.006489 | 30min_mae=1.752342 30min_rmse=3.988728 30min_mape=4.024642 | 60min_mae=2.032641 60min_rmse=4.813098 60min_mape=4.962714
[2026-09-10 03:17:45] INFO Epoch 011 | stage=posthoc_calibrator | train_total=1.354397 | train_forecast=1.354397 | train_confidence=0.000000 | train_risk=0.000000 | train_blend=0.000000 | val_total=1.677395 | val_mae=1.682562 | val_rmse=3.912225 | val_mape=3.847192 | val_confidence=0.000000 | val_risk=0.000000 | val_blend=0.000000 | batches=363/44 | seconds=42.99 | lr=[0.00095] | cuda_peak_mb=2080.6
[2026-09-10 03:17:45] INFO Val horizons | 15min_mae=1.428173 15min_rmse=3.005872 15min_mape=2.981597 | 30min_mae=1.751359 30min_rmse=3.990118 30min_mape=4.005828 | 60min_mae=2.029063 60min_rmse=4.813520 60min_mape=4.940098
[2026-09-10 03:18:28] INFO Epoch 012 | stage=posthoc_calibrator | train_total=1.353950 | train_forecast=1.353950 | train_confidence=0.000000 | train_risk=0.000000 | train_blend=0.000000 | val_total=1.676792 | val_mae=1.681946 | val_rmse=3.916851 | val_mape=3.855593 | val_confidence=0.000000 | val_risk=0.000000 | val_blend=0.000000 | batches=363/44 | seconds=43.04 | lr=[0.00095] | cuda_peak_mb=2080.7
[2026-09-10 03:18:28] INFO Val horizons | 15min_mae=1.426824 15min_rmse=3.004550 15min_mape=2.988872 | 30min_mae=1.750362 30min_rmse=3.993749 30min_mape=4.012594 | 60min_mae=2.029241 60min_rmse=4.822167 60min_mape=4.955103
[2026-09-10 03:19:11] INFO Epoch 013 | stage=posthoc_calibrator | train_total=1.352900 | train_forecast=1.352900 | train_confidence=0.000000 | train_risk=0.000000 | train_blend=0.000000 | val_total=1.679402 | val_mae=1.684578 | val_rmse=3.923432 | val_mape=3.846759 | val_confidence=0.000000 | val_risk=0.000000 | val_blend=0.000000 | batches=363/44 | seconds=43.06 | lr=[0.00095] | cuda_peak_mb=2080.6
[2026-09-10 03:19:11] INFO Val horizons | 15min_mae=1.429372 15min_rmse=3.011800 15min_mape=2.988231 | 30min_mae=1.753012 30min_rmse=4.001327 30min_mape=4.003772 | 60min_mae=2.032569 60min_rmse=4.831860 60min_mape=4.937740
[2026-09-10 03:19:54] INFO Epoch 014 | stage=posthoc_calibrator | train_total=1.352611 | train_forecast=1.352611 | train_confidence=0.000000 | train_risk=0.000000 | train_blend=0.000000 | val_total=1.677993 | val_mae=1.683157 | val_rmse=3.909412 | val_mape=3.897220 | val_confidence=0.000000 | val_risk=0.000000 | val_blend=0.000000 | batches=363/44 | seconds=43.01 | lr=[0.00095] | cuda_peak_mb=2080.7
[2026-09-10 03:19:54] INFO Val horizons | 15min_mae=1.428818 15min_rmse=2.997197 15min_mape=3.020609 | 30min_mae=1.751369 30min_rmse=3.979636 30min_mape=4.062648 | 60min_mae=2.031532 60min_rmse=4.827311 60min_mape=5.010070
[2026-09-10 03:20:37] INFO Epoch 015 | stage=posthoc_calibrator | train_total=1.352275 | train_forecast=1.352275 | train_confidence=0.000000 | train_risk=0.000000 | train_blend=0.000000 | val_total=1.675822 | val_mae=1.680975 | val_rmse=3.921537 | val_mape=3.849177 | val_confidence=0.000000 | val_risk=0.000000 | val_blend=0.000000 | batches=363/44 | seconds=43.03 | lr=[0.00095] | cuda_peak_mb=2080.6
[2026-09-10 03:20:37] INFO Val horizons | 15min_mae=1.426284 15min_rmse=3.007889 15min_mape=2.984316 | 30min_mae=1.749865 30min_rmse=3.999087 30min_mape=4.004980 | 60min_mae=2.027316 60min_rmse=4.825621 60min_mape=4.946245
[2026-09-10 03:20:37] INFO Checkpoint updated | epoch=15 | stage=posthoc_calibrator | best_val_mae=1.680975 | path=C:\Users\clw\projects\researchRep\STAnchor-BlockMemory\artifacts\cross_dataset_final\pems04_finetuned_router_gwn_seed42\downstream_best.pt
[2026-09-10 03:21:20] INFO Epoch 016 | stage=posthoc_calibrator | train_total=1.351772 | train_forecast=1.351772 | train_confidence=0.000000 | train_risk=0.000000 | train_blend=0.000000 | val_total=1.676787 | val_mae=1.681922 | val_rmse=3.914540 | val_mape=3.846799 | val_confidence=0.000000 | val_risk=0.000000 | val_blend=0.000000 | batches=363/44 | seconds=43.04 | lr=[0.00095] | cuda_peak_mb=2080.7
[2026-09-10 03:21:20] INFO Val horizons | 15min_mae=1.428329 15min_rmse=3.006120 15min_mape=2.984534 | 30min_mae=1.750069 30min_rmse=3.992680 30min_mape=4.000295 | 60min_mae=2.028594 60min_rmse=4.816689 60min_mape=4.943572
[2026-09-10 03:22:03] INFO Epoch 017 | stage=posthoc_calibrator | train_total=1.352553 | train_forecast=1.352553 | train_confidence=0.000000 | train_risk=0.000000 | train_blend=0.000000 | val_total=1.674699 | val_mae=1.679837 | val_rmse=3.922745 | val_mape=3.859720 | val_confidence=0.000000 | val_risk=0.000000 | val_blend=0.000000 | batches=363/44 | seconds=43.06 | lr=[0.00095] | cuda_peak_mb=2080.6
[2026-09-10 03:22:03] INFO Val horizons | 15min_mae=1.425874 15min_rmse=3.007272 15min_mape=2.984135 | 30min_mae=1.748771 30min_rmse=3.999708 30min_mape=4.018071 | 60min_mae=2.025949 60min_rmse=4.830825 60min_mape=4.966730
[2026-09-10 03:22:03] INFO Checkpoint updated | epoch=17 | stage=posthoc_calibrator | best_val_mae=1.679837 | path=C:\Users\clw\projects\researchRep\STAnchor-BlockMemory\artifacts\cross_dataset_final\pems04_finetuned_router_gwn_seed42\downstream_best.pt
[2026-09-10 03:22:46] INFO Epoch 018 | stage=posthoc_calibrator | train_total=1.353001 | train_forecast=1.353001 | train_confidence=0.000000 | train_risk=0.000000 | train_blend=0.000000 | val_total=1.677589 | val_mae=1.682749 | val_rmse=3.909186 | val_mape=3.891564 | val_confidence=0.000000 | val_risk=0.000000 | val_blend=0.000000 | batches=363/44 | seconds=42.99 | lr=[0.00095] | cuda_peak_mb=2080.7
[2026-09-10 03:22:46] INFO Val horizons | 15min_mae=1.427394 15min_rmse=2.998581 15min_mape=3.008584 | 30min_mae=1.751059 30min_rmse=3.981422 30min_mape=4.051080 | 60min_mae=2.031668 60min_rmse=4.819708 60min_mape=5.012200
[2026-09-10 03:23:29] INFO Epoch 019 | stage=posthoc_calibrator | train_total=1.352221 | train_forecast=1.352221 | train_confidence=0.000000 | train_risk=0.000000 | train_blend=0.000000 | val_total=1.674047 | val_mae=1.679196 | val_rmse=3.903882 | val_mape=3.836019 | val_confidence=0.000000 | val_risk=0.000000 | val_blend=0.000000 | batches=363/44 | seconds=43.02 | lr=[0.00095] | cuda_peak_mb=2080.6
[2026-09-10 03:23:29] INFO Val horizons | 15min_mae=1.426263 15min_rmse=3.002513 15min_mape=2.979509 | 30min_mae=1.747257 30min_rmse=3.981857 30min_mape=3.993094 | 60min_mae=2.025024 60min_rmse=4.799811 60min_mape=4.917220
[2026-09-10 03:23:29] INFO Checkpoint updated | epoch=19 | stage=posthoc_calibrator | best_val_mae=1.679196 | path=C:\Users\clw\projects\researchRep\STAnchor-BlockMemory\artifacts\cross_dataset_final\pems04_finetuned_router_gwn_seed42\downstream_best.pt
[2026-09-10 03:24:12] INFO Epoch 020 | stage=posthoc_calibrator | train_total=1.351239 | train_forecast=1.351239 | train_confidence=0.000000 | train_risk=0.000000 | train_blend=0.000000 | val_total=1.673784 | val_mae=1.678916 | val_rmse=3.903236 | val_mape=3.873945 | val_confidence=0.000000 | val_risk=0.000000 | val_blend=0.000000 | batches=363/44 | seconds=43.04 | lr=[0.00095] | cuda_peak_mb=2080.7
[2026-09-10 03:24:12] INFO Val horizons | 15min_mae=1.426252 15min_rmse=3.000635 15min_mape=3.007067 | 30min_mae=1.746768 30min_rmse=3.980710 30min_mape=4.037917 | 60min_mae=2.026318 60min_rmse=4.802282 60min_mape=4.973282
[2026-09-10 03:24:13] INFO Checkpoint updated | epoch=20 | stage=posthoc_calibrator | best_val_mae=1.678916 | path=C:\Users\clw\projects\researchRep\STAnchor-BlockMemory\artifacts\cross_dataset_final\pems04_finetuned_router_gwn_seed42\downstream_best.pt
[2026-09-10 03:24:56] INFO Epoch 021 | stage=posthoc_calibrator | train_total=1.351549 | train_forecast=1.351549 | train_confidence=0.000000 | train_risk=0.000000 | train_blend=0.000000 | val_total=1.673253 | val_mae=1.678389 | val_rmse=3.915456 | val_mape=3.842424 | val_confidence=0.000000 | val_risk=0.000000 | val_blend=0.000000 | batches=363/44 | seconds=43.08 | lr=[0.0009025] | cuda_peak_mb=2080.6
[2026-09-10 03:24:56] INFO Val horizons | 15min_mae=1.426009 15min_rmse=3.007668 15min_mape=2.982536 | 30min_mae=1.747065 30min_rmse=3.993655 30min_mape=4.000734 | 60min_mae=2.023146 60min_rmse=4.816994 60min_mape=4.933584
[2026-09-10 03:24:56] INFO Checkpoint updated | epoch=21 | stage=posthoc_calibrator | best_val_mae=1.678389 | path=C:\Users\clw\projects\researchRep\STAnchor-BlockMemory\artifacts\cross_dataset_final\pems04_finetuned_router_gwn_seed42\downstream_best.pt
[2026-09-10 03:25:39] INFO Epoch 022 | stage=posthoc_calibrator | train_total=1.351507 | train_forecast=1.351507 | train_confidence=0.000000 | train_risk=0.000000 | train_blend=0.000000 | val_total=1.674092 | val_mae=1.679230 | val_rmse=3.910430 | val_mape=3.844678 | val_confidence=0.000000 | val_risk=0.000000 | val_blend=0.000000 | batches=363/44 | seconds=43.12 | lr=[0.0009025] | cuda_peak_mb=2080.7
[2026-09-10 03:25:39] INFO Val horizons | 15min_mae=1.425778 15min_rmse=3.006825 15min_mape=2.983945 | 30min_mae=1.747234 30min_rmse=3.987760 30min_mape=4.005957 | 60min_mae=2.026303 60min_rmse=4.812248 60min_mape=4.932046
[2026-09-10 03:26:22] INFO Epoch 023 | stage=posthoc_calibrator | train_total=1.350838 | train_forecast=1.350838 | train_confidence=0.000000 | train_risk=0.000000 | train_blend=0.000000 | val_total=1.673818 | val_mae=1.678955 | val_rmse=3.920567 | val_mape=3.860071 | val_confidence=0.000000 | val_risk=0.000000 | val_blend=0.000000 | batches=363/44 | seconds=43.01 | lr=[0.0009025] | cuda_peak_mb=2080.6
[2026-09-10 03:26:22] INFO Val horizons | 15min_mae=1.426149 15min_rmse=3.006488 15min_mape=2.991387 | 30min_mae=1.747692 30min_rmse=3.999021 30min_mape=4.017385 | 60min_mae=2.024423 60min_rmse=4.828166 60min_mape=4.967109
[2026-09-10 03:27:05] INFO Epoch 024 | stage=posthoc_calibrator | train_total=1.351078 | train_forecast=1.351078 | train_confidence=0.000000 | train_risk=0.000000 | train_blend=0.000000 | val_total=1.674496 | val_mae=1.679639 | val_rmse=3.915705 | val_mape=3.861913 | val_confidence=0.000000 | val_risk=0.000000 | val_blend=0.000000 | batches=363/44 | seconds=43.04 | lr=[0.0009025] | cuda_peak_mb=2080.7
[2026-09-10 03:27:05] INFO Val horizons | 15min_mae=1.426334 15min_rmse=3.003117 15min_mape=2.999633 | 30min_mae=1.748343 30min_rmse=3.992060 30min_mape=4.019100 | 60min_mae=2.025025 60min_rmse=4.821000 60min_mape=4.960407
[2026-09-10 03:27:48] INFO Epoch 025 | stage=posthoc_calibrator | train_total=1.350525 | train_forecast=1.350525 | train_confidence=0.000000 | train_risk=0.000000 | train_blend=0.000000 | val_total=1.673796 | val_mae=1.678932 | val_rmse=3.917254 | val_mape=3.875442 | val_confidence=0.000000 | val_risk=0.000000 | val_blend=0.000000 | batches=363/44 | seconds=43.13 | lr=[0.0009025] | cuda_peak_mb=2080.6
[2026-09-10 03:27:48] INFO Val horizons | 15min_mae=1.426501 15min_rmse=3.003252 15min_mape=3.007412 | 30min_mae=1.747970 30min_rmse=3.993433 30min_mape=4.036001 | 60min_mae=2.023646 60min_rmse=4.826270 60min_mape=4.978516
[2026-09-10 03:28:31] INFO Epoch 026 | stage=posthoc_calibrator | train_total=1.351329 | train_forecast=1.351329 | train_confidence=0.000000 | train_risk=0.000000 | train_blend=0.000000 | val_total=1.673420 | val_mae=1.678565 | val_rmse=3.917192 | val_mape=3.847991 | val_confidence=0.000000 | val_risk=0.000000 | val_blend=0.000000 | batches=363/44 | seconds=43.06 | lr=[0.0009025] | cuda_peak_mb=2080.7
[2026-09-10 03:28:31] INFO Val horizons | 15min_mae=1.425976 15min_rmse=3.007096 15min_mape=2.987650 | 30min_mae=1.747299 30min_rmse=3.994833 30min_mape=4.006070 | 60min_mae=2.023939 60min_rmse=4.824597 60min_mape=4.941635
[2026-09-10 03:29:14] INFO Epoch 027 | stage=posthoc_calibrator | train_total=1.350689 | train_forecast=1.350689 | train_confidence=0.000000 | train_risk=0.000000 | train_blend=0.000000 | val_total=1.675698 | val_mae=1.680860 | val_rmse=3.920194 | val_mape=3.844662 | val_confidence=0.000000 | val_risk=0.000000 | val_blend=0.000000 | batches=363/44 | seconds=43.02 | lr=[0.0009025] | cuda_peak_mb=2080.6
[2026-09-10 03:29:14] INFO Val horizons | 15min_mae=1.426874 15min_rmse=3.009800 15min_mape=2.982082 | 30min_mae=1.749664 30min_rmse=3.999526 30min_mape=4.000613 | 60min_mae=2.027350 60min_rmse=4.824519 60min_mape=4.940615
[2026-09-10 03:29:57] INFO Epoch 028 | stage=posthoc_calibrator | train_total=1.350660 | train_forecast=1.350660 | train_confidence=0.000000 | train_risk=0.000000 | train_blend=0.000000 | val_total=1.673060 | val_mae=1.678199 | val_rmse=3.914092 | val_mape=3.848820 | val_confidence=0.000000 | val_risk=0.000000 | val_blend=0.000000 | batches=363/44 | seconds=43.00 | lr=[0.0009025] | cuda_peak_mb=2080.7
[2026-09-10 03:29:57] INFO Val horizons | 15min_mae=1.425374 15min_rmse=3.004002 15min_mape=2.983677 | 30min_mae=1.747341 30min_rmse=3.992454 30min_mape=4.007589 | 60min_mae=2.023093 60min_rmse=4.817292 60min_mape=4.944343
[2026-09-10 03:29:57] INFO Checkpoint updated | epoch=28 | stage=posthoc_calibrator | best_val_mae=1.678199 | path=C:\Users\clw\projects\researchRep\STAnchor-BlockMemory\artifacts\cross_dataset_final\pems04_finetuned_router_gwn_seed42\downstream_best.pt
[2026-09-10 03:30:40] INFO Epoch 029 | stage=posthoc_calibrator | train_total=1.350152 | train_forecast=1.350152 | train_confidence=0.000000 | train_risk=0.000000 | train_blend=0.000000 | val_total=1.674562 | val_mae=1.679714 | val_rmse=3.921747 | val_mape=3.864659 | val_confidence=0.000000 | val_risk=0.000000 | val_blend=0.000000 | batches=363/44 | seconds=43.00 | lr=[0.0009025] | cuda_peak_mb=2080.6
[2026-09-10 03:30:40] INFO Val horizons | 15min_mae=1.426180 15min_rmse=3.007044 15min_mape=2.990838 | 30min_mae=1.748223 30min_rmse=3.997043 30min_mape=4.016981 | 60min_mae=2.026382 60min_rmse=4.834526 60min_mape=4.989617
[2026-09-10 03:31:23] INFO Epoch 030 | stage=posthoc_calibrator | train_total=1.351022 | train_forecast=1.351022 | train_confidence=0.000000 | train_risk=0.000000 | train_blend=0.000000 | val_total=1.672981 | val_mae=1.678120 | val_rmse=3.918198 | val_mape=3.849400 | val_confidence=0.000000 | val_risk=0.000000 | val_blend=0.000000 | batches=363/44 | seconds=43.25 | lr=[0.0009025] | cuda_peak_mb=2080.7
[2026-09-10 03:31:23] INFO Val horizons | 15min_mae=1.425885 15min_rmse=3.009039 15min_mape=2.993170 | 30min_mae=1.747157 30min_rmse=4.003129 30min_mape=4.010481 | 60min_mae=2.022886 60min_rmse=4.816742 60min_mape=4.934708
[2026-09-10 03:31:23] INFO Checkpoint updated | epoch=30 | stage=posthoc_calibrator | best_val_mae=1.678120 | path=C:\Users\clw\projects\researchRep\STAnchor-BlockMemory\artifacts\cross_dataset_final\pems04_finetuned_router_gwn_seed42\downstream_best.pt
[2026-09-10 03:32:07] INFO Epoch 031 | stage=posthoc_calibrator | train_total=1.349927 | train_forecast=1.349927 | train_confidence=0.000000 | train_risk=0.000000 | train_blend=0.000000 | val_total=1.672432 | val_mae=1.677571 | val_rmse=3.914082 | val_mape=3.850863 | val_confidence=0.000000 | val_risk=0.000000 | val_blend=0.000000 | batches=363/44 | seconds=43.41 | lr=[0.000857375] | cuda_peak_mb=2080.6
[2026-09-10 03:32:07] INFO Val horizons | 15min_mae=1.425204 15min_rmse=3.005844 15min_mape=2.985216 | 30min_mae=1.745243 30min_rmse=3.988807 30min_mape=4.005326 | 60min_mae=2.023576 60min_rmse=4.823731 60min_mape=4.955272
[2026-09-10 03:32:07] INFO Checkpoint updated | epoch=31 | stage=posthoc_calibrator | best_val_mae=1.677571 | path=C:\Users\clw\projects\researchRep\STAnchor-BlockMemory\artifacts\cross_dataset_final\pems04_finetuned_router_gwn_seed42\downstream_best.pt
[2026-09-10 03:32:50] INFO Epoch 032 | stage=posthoc_calibrator | train_total=1.350187 | train_forecast=1.350187 | train_confidence=0.000000 | train_risk=0.000000 | train_blend=0.000000 | val_total=1.674223 | val_mae=1.679368 | val_rmse=3.913896 | val_mape=3.831514 | val_confidence=0.000000 | val_risk=0.000000 | val_blend=0.000000 | batches=363/44 | seconds=43.08 | lr=[0.000857375] | cuda_peak_mb=2080.7
[2026-09-10 03:32:50] INFO Val horizons | 15min_mae=1.426714 15min_rmse=3.008924 15min_mape=2.980466 | 30min_mae=1.747405 30min_rmse=3.995289 30min_mape=3.988358 | 60min_mae=2.025306 60min_rmse=4.809987 60min_mape=4.913824
[2026-09-10 03:33:33] INFO Epoch 033 | stage=posthoc_calibrator | train_total=1.349955 | train_forecast=1.349955 | train_confidence=0.000000 | train_risk=0.000000 | train_blend=0.000000 | val_total=1.673378 | val_mae=1.678503 | val_rmse=3.920890 | val_mape=3.864792 | val_confidence=0.000000 | val_risk=0.000000 | val_blend=0.000000 | batches=363/44 | seconds=43.07 | lr=[0.000857375] | cuda_peak_mb=2080.6
[2026-09-10 03:33:33] INFO Val horizons | 15min_mae=1.425707 15min_rmse=3.006515 15min_mape=2.992305 | 30min_mae=1.746829 30min_rmse=3.997214 30min_mape=4.017431 | 60min_mae=2.025007 60min_rmse=4.833942 60min_mape=4.983663
[2026-09-10 03:34:16] INFO Epoch 034 | stage=posthoc_calibrator | train_total=1.349897 | train_forecast=1.349897 | train_confidence=0.000000 | train_risk=0.000000 | train_blend=0.000000 | val_total=1.673196 | val_mae=1.678339 | val_rmse=3.919331 | val_mape=3.843716 | val_confidence=0.000000 | val_risk=0.000000 | val_blend=0.000000 | batches=363/44 | seconds=43.14 | lr=[0.000857375] | cuda_peak_mb=2080.7
[2026-09-10 03:34:16] INFO Val horizons | 15min_mae=1.425985 15min_rmse=3.006574 15min_mape=2.984531 | 30min_mae=1.746733 30min_rmse=3.994747 30min_mape=3.999505 | 60min_mae=2.023010 60min_rmse=4.827336 60min_mape=4.935565
[2026-09-10 03:34:59] INFO Epoch 035 | stage=posthoc_calibrator | train_total=1.349682 | train_forecast=1.349682 | train_confidence=0.000000 | train_risk=0.000000 | train_blend=0.000000 | val_total=1.673433 | val_mae=1.678578 | val_rmse=3.916507 | val_mape=3.851739 | val_confidence=0.000000 | val_risk=0.000000 | val_blend=0.000000 | batches=363/44 | seconds=43.18 | lr=[0.000857375] | cuda_peak_mb=2080.6
[2026-09-10 03:34:59] INFO Val horizons | 15min_mae=1.425093 15min_rmse=3.002812 15min_mape=2.988799 | 30min_mae=1.746994 30min_rmse=3.994106 30min_mape=4.008507 | 60min_mae=2.024290 60min_rmse=4.822838 60min_mape=4.946698
[2026-09-10 03:35:42] INFO Epoch 036 | stage=posthoc_calibrator | train_total=1.349707 | train_forecast=1.349707 | train_confidence=0.000000 | train_risk=0.000000 | train_blend=0.000000 | val_total=1.674414 | val_mae=1.679532 | val_rmse=3.909500 | val_mape=3.854263 | val_confidence=0.000000 | val_risk=0.000000 | val_blend=0.000000 | batches=363/44 | seconds=43.03 | lr=[0.000857375] | cuda_peak_mb=2080.7
[2026-09-10 03:35:42] INFO Val horizons | 15min_mae=1.426608 15min_rmse=3.003226 15min_mape=2.992691 | 30min_mae=1.747633 30min_rmse=3.987396 30min_mape=4.010502 | 60min_mae=2.026507 60min_rmse=4.811653 60min_mape=4.956424
[2026-09-10 03:36:25] INFO Epoch 037 | stage=posthoc_calibrator | train_total=1.349320 | train_forecast=1.349320 | train_confidence=0.000000 | train_risk=0.000000 | train_blend=0.000000 | val_total=1.672473 | val_mae=1.677603 | val_rmse=3.905166 | val_mape=3.849374 | val_confidence=0.000000 | val_risk=0.000000 | val_blend=0.000000 | batches=363/44 | seconds=43.01 | lr=[0.000857375] | cuda_peak_mb=2080.6
[2026-09-10 03:36:25] INFO Val horizons | 15min_mae=1.424801 15min_rmse=2.997847 15min_mape=2.988201 | 30min_mae=1.745337 30min_rmse=3.980565 30min_mape=4.003635 | 60min_mae=2.023430 60min_rmse=4.812588 60min_mape=4.949514
[2026-09-10 03:37:08] INFO Epoch 038 | stage=posthoc_calibrator | train_total=1.350142 | train_forecast=1.350142 | train_confidence=0.000000 | train_risk=0.000000 | train_blend=0.000000 | val_total=1.673739 | val_mae=1.678880 | val_rmse=3.921707 | val_mape=3.843566 | val_confidence=0.000000 | val_risk=0.000000 | val_blend=0.000000 | batches=363/44 | seconds=42.98 | lr=[0.000857375] | cuda_peak_mb=2080.7
[2026-09-10 03:37:08] INFO Val horizons | 15min_mae=1.426286 15min_rmse=3.011632 15min_mape=2.987462 | 30min_mae=1.747588 30min_rmse=4.003647 30min_mape=4.005814 | 60min_mae=2.024628 60min_rmse=4.822031 60min_mape=4.923684
[2026-09-10 03:37:51] INFO Epoch 039 | stage=posthoc_calibrator | train_total=1.349286 | train_forecast=1.349286 | train_confidence=0.000000 | train_risk=0.000000 | train_blend=0.000000 | val_total=1.672025 | val_mae=1.677145 | val_rmse=3.920113 | val_mape=3.868702 | val_confidence=0.000000 | val_risk=0.000000 | val_blend=0.000000 | batches=363/44 | seconds=43.01 | lr=[0.000857375] | cuda_peak_mb=2080.6
[2026-09-10 03:37:51] INFO Val horizons | 15min_mae=1.426356 15min_rmse=3.006655 15min_mape=3.008449 | 30min_mae=1.745987 30min_rmse=3.995428 30min_mape=4.030593 | 60min_mae=2.020739 60min_rmse=4.831079 60min_mape=4.964728
[2026-09-10 03:37:51] INFO Checkpoint updated | epoch=39 | stage=posthoc_calibrator | best_val_mae=1.677145 | path=C:\Users\clw\projects\researchRep\STAnchor-BlockMemory\artifacts\cross_dataset_final\pems04_finetuned_router_gwn_seed42\downstream_best.pt
[2026-09-10 03:38:34] INFO Epoch 040 | stage=posthoc_calibrator | train_total=1.348628 | train_forecast=1.348628 | train_confidence=0.000000 | train_risk=0.000000 | train_blend=0.000000 | val_total=1.671353 | val_mae=1.676478 | val_rmse=3.903901 | val_mape=3.842851 | val_confidence=0.000000 | val_risk=0.000000 | val_blend=0.000000 | batches=363/44 | seconds=43.03 | lr=[0.000857375] | cuda_peak_mb=2080.7
[2026-09-10 03:38:34] INFO Val horizons | 15min_mae=1.424312 15min_rmse=2.998645 15min_mape=2.985006 | 30min_mae=1.744479 30min_rmse=3.981759 30min_mape=3.999480 | 60min_mae=2.021871 60min_rmse=4.804075 60min_mape=4.935768
[2026-09-10 03:38:34] INFO Checkpoint updated | epoch=40 | stage=posthoc_calibrator | best_val_mae=1.676478 | path=C:\Users\clw\projects\researchRep\STAnchor-BlockMemory\artifacts\cross_dataset_final\pems04_finetuned_router_gwn_seed42\downstream_best.pt
[2026-09-10 03:39:18] INFO Epoch 041 | stage=posthoc_calibrator | train_total=1.349191 | train_forecast=1.349191 | train_confidence=0.000000 | train_risk=0.000000 | train_blend=0.000000 | val_total=1.673133 | val_mae=1.678267 | val_rmse=3.923979 | val_mape=3.867669 | val_confidence=0.000000 | val_risk=0.000000 | val_blend=0.000000 | batches=363/44 | seconds=43.03 | lr=[0.0008145062499999999] | cuda_peak_mb=2080.6
[2026-09-10 03:39:18] INFO Val horizons | 15min_mae=1.425175 15min_rmse=3.004958 15min_mape=2.991676 | 30min_mae=1.746614 30min_rmse=3.998075 30min_mape=4.027527 | 60min_mae=2.024341 60min_rmse=4.838610 60min_mape=4.978572
[2026-09-10 03:40:01] INFO Epoch 042 | stage=posthoc_calibrator | train_total=1.349480 | train_forecast=1.349480 | train_confidence=0.000000 | train_risk=0.000000 | train_blend=0.000000 | val_total=1.671426 | val_mae=1.676547 | val_rmse=3.918907 | val_mape=3.843650 | val_confidence=0.000000 | val_risk=0.000000 | val_blend=0.000000 | batches=363/44 | seconds=43.08 | lr=[0.0008145062499999999] | cuda_peak_mb=2080.7
[2026-09-10 03:40:01] INFO Val horizons | 15min_mae=1.424874 15min_rmse=3.006210 15min_mape=2.985049 | 30min_mae=1.744931 30min_rmse=3.997285 30min_mape=4.002922 | 60min_mae=2.021095 60min_rmse=4.826756 60min_mape=4.935711
[2026-09-10 03:40:44] INFO Epoch 043 | stage=posthoc_calibrator | train_total=1.349933 | train_forecast=1.349933 | train_confidence=0.000000 | train_risk=0.000000 | train_blend=0.000000 | val_total=1.671356 | val_mae=1.676485 | val_rmse=3.914694 | val_mape=3.842197 | val_confidence=0.000000 | val_risk=0.000000 | val_blend=0.000000 | batches=363/44 | seconds=43.01 | lr=[0.0008145062499999999] | cuda_peak_mb=2080.6
[2026-09-10 03:40:44] INFO Val horizons | 15min_mae=1.424161 15min_rmse=3.004748 15min_mape=2.977230 | 30min_mae=1.744957 30min_rmse=3.990010 30min_mape=4.002150 | 60min_mae=2.021375 60min_rmse=4.823598 60min_mape=4.935394
[2026-09-10 03:41:27] INFO Epoch 044 | stage=posthoc_calibrator | train_total=1.348740 | train_forecast=1.348740 | train_confidence=0.000000 | train_risk=0.000000 | train_blend=0.000000 | val_total=1.672303 | val_mae=1.677439 | val_rmse=3.916966 | val_mape=3.840207 | val_confidence=0.000000 | val_risk=0.000000 | val_blend=0.000000 | batches=363/44 | seconds=43.03 | lr=[0.0008145062499999999] | cuda_peak_mb=2080.7
[2026-09-10 03:41:27] INFO Val horizons | 15min_mae=1.425522 15min_rmse=3.005624 15min_mape=2.988568 | 30min_mae=1.746288 30min_rmse=3.995887 30min_mape=4.000002 | 60min_mae=2.021795 60min_rmse=4.821614 60min_mape=4.923908
[2026-09-10 03:42:10] INFO Epoch 045 | stage=posthoc_calibrator | train_total=1.348585 | train_forecast=1.348585 | train_confidence=0.000000 | train_risk=0.000000 | train_blend=0.000000 | val_total=1.673044 | val_mae=1.678182 | val_rmse=3.917333 | val_mape=3.844076 | val_confidence=0.000000 | val_risk=0.000000 | val_blend=0.000000 | batches=363/44 | seconds=43.02 | lr=[0.0008145062499999999] | cuda_peak_mb=2080.6
[2026-09-10 03:42:10] INFO Val horizons | 15min_mae=1.425085 15min_rmse=3.004262 15min_mape=2.983527 | 30min_mae=1.746404 30min_rmse=3.991825 30min_mape=3.999844 | 60min_mae=2.024325 60min_rmse=4.829507 60min_mape=4.943540
[2026-09-10 03:42:53] INFO Epoch 046 | stage=posthoc_calibrator | train_total=1.348501 | train_forecast=1.348501 | train_confidence=0.000000 | train_risk=0.000000 | train_blend=0.000000 | val_total=1.672971 | val_mae=1.678104 | val_rmse=3.917889 | val_mape=3.851891 | val_confidence=0.000000 | val_risk=0.000000 | val_blend=0.000000 | batches=363/44 | seconds=43.01 | lr=[0.0008145062499999999] | cuda_peak_mb=2080.7
[2026-09-10 03:42:53] INFO Val horizons | 15min_mae=1.425737 15min_rmse=3.006314 15min_mape=2.997747 | 30min_mae=1.746016 30min_rmse=3.996024 30min_mape=4.008472 | 60min_mae=2.023749 60min_rmse=4.822286 60min_mape=4.944764
[2026-09-10 03:43:36] INFO Epoch 047 | stage=posthoc_calibrator | train_total=1.348745 | train_forecast=1.348745 | train_confidence=0.000000 | train_risk=0.000000 | train_blend=0.000000 | val_total=1.673018 | val_mae=1.678148 | val_rmse=3.923297 | val_mape=3.859106 | val_confidence=0.000000 | val_risk=0.000000 | val_blend=0.000000 | batches=363/44 | seconds=43.04 | lr=[0.0008145062499999999] | cuda_peak_mb=2080.6
[2026-09-10 03:43:36] INFO Val horizons | 15min_mae=1.426730 15min_rmse=3.009480 15min_mape=3.008375 | 30min_mae=1.746725 30min_rmse=4.000574 30min_mape=4.017561 | 60min_mae=2.022728 60min_rmse=4.835449 60min_mape=4.952907
[2026-09-10 03:44:19] INFO Epoch 048 | stage=posthoc_calibrator | train_total=1.348629 | train_forecast=1.348629 | train_confidence=0.000000 | train_risk=0.000000 | train_blend=0.000000 | val_total=1.670870 | val_mae=1.675991 | val_rmse=3.913169 | val_mape=3.849890 | val_confidence=0.000000 | val_risk=0.000000 | val_blend=0.000000 | batches=363/44 | seconds=43.01 | lr=[0.0008145062499999999] | cuda_peak_mb=2080.7
[2026-09-10 03:44:19] INFO Val horizons | 15min_mae=1.424589 15min_rmse=3.004254 15min_mape=2.992459 | 30min_mae=1.744337 30min_rmse=3.989917 30min_mape=4.010216 | 60min_mae=2.020145 60min_rmse=4.820918 60min_mape=4.942458
[2026-09-10 03:44:19] INFO Checkpoint updated | epoch=48 | stage=posthoc_calibrator | best_val_mae=1.675991 | path=C:\Users\clw\projects\researchRep\STAnchor-BlockMemory\artifacts\cross_dataset_final\pems04_finetuned_router_gwn_seed42\downstream_best.pt
[2026-09-10 03:45:02] INFO Epoch 049 | stage=posthoc_calibrator | train_total=1.348761 | train_forecast=1.348761 | train_confidence=0.000000 | train_risk=0.000000 | train_blend=0.000000 | val_total=1.671529 | val_mae=1.676656 | val_rmse=3.916524 | val_mape=3.837031 | val_confidence=0.000000 | val_risk=0.000000 | val_blend=0.000000 | batches=363/44 | seconds=43.03 | lr=[0.0008145062499999999] | cuda_peak_mb=2080.6
[2026-09-10 03:45:02] INFO Val horizons | 15min_mae=1.424817 15min_rmse=3.005296 15min_mape=2.984267 | 30min_mae=1.745256 30min_rmse=3.994399 30min_mape=3.998887 | 60min_mae=2.021231 60min_rmse=4.821940 60min_mape=4.918374
[2026-09-10 03:45:45] INFO Epoch 050 | stage=posthoc_calibrator | train_total=1.348341 | train_forecast=1.348341 | train_confidence=0.000000 | train_risk=0.000000 | train_blend=0.000000 | val_total=1.670201 | val_mae=1.675314 | val_rmse=3.907644 | val_mape=3.857322 | val_confidence=0.000000 | val_risk=0.000000 | val_blend=0.000000 | batches=363/44 | seconds=43.01 | lr=[0.0008145062499999999] | cuda_peak_mb=2080.7
[2026-09-10 03:45:45] INFO Val horizons | 15min_mae=1.424610 15min_rmse=3.001385 15min_mape=2.994258 | 30min_mae=1.743376 30min_rmse=3.983842 30min_mape=4.015464 | 60min_mae=2.019522 60min_rmse=4.811481 60min_mape=4.961470
[2026-09-10 03:45:45] INFO Checkpoint updated | epoch=50 | stage=posthoc_calibrator | best_val_mae=1.675314 | path=C:\Users\clw\projects\researchRep\STAnchor-BlockMemory\artifacts\cross_dataset_final\pems04_finetuned_router_gwn_seed42\downstream_best.pt
[2026-09-10 03:45:45] INFO Downstream training finished | best_val_mae=1.675314 | checkpoint=C:\Users\clw\projects\researchRep\STAnchor-BlockMemory\artifacts\cross_dataset_final\pems04_finetuned_router_gwn_seed42\downstream_best.pt
