[2026-09-09 23:59:59] INFO Downstream start | run=cross_dataset_final/pems04_baseonly_argcn_seed42 | device=cuda:0 (requested=cuda:0) | seed=42 | output=C:\Users\clw\projects\researchRep\STAnchor-BlockMemory\artifacts\cross_dataset_final\pems04_baseonly_argcn_seed42
[2026-09-09 23:59:59] INFO Mode | downstream_mode=base_only | training_protocol=staged_joint | candidate_protocol=weekday_radius1_overlap
[2026-09-09 23:59:59] INFO Downstream initialization | seed=42 | state_hash=369bc57c7c432683
[2026-09-09 23:59:59] INFO Data | steps=16992 | nodes=307 | channels=1 | training_scope=full_train | memory/post_memory/train_selected/val/test=8116/3479/11595/1400/3100
[2026-09-09 23:59:59] INFO Bank/retrieval | disabled (base_only)
[2026-09-09 23:59:59] INFO Parameters | downstream_total=150,809 | downstream_trainable=150,540 | backbone=150,540 | confidence_head=0 | fusion=0 | frozen_pretrained=0
[2026-09-09 23:59:59] INFO Optimization | epochs=50 | batch_size=32 | optimizer=adam | lr=0.001 | weight_decay=0.0001 | scheduler=step_lr | step_size=10 | gamma=0.950 | confidence_weight=0.000 | patience=10 | early_stopping=disabled
[2026-09-10 00:00:00] INFO Stage start | stage=standard | epochs=50 | optimizer_lrs=[0.001]
[2026-09-10 00:00:28] INFO Epoch 001 | stage=standard | train_total=2.040397 | train_forecast=2.040397 | train_confidence=0.000000 | train_risk=0.000000 | train_blend=0.000000 | val_total=2.263477 | val_mae=2.271476 | val_rmse=5.020354 | val_mape=5.350147 | val_confidence=0.000000 | val_risk=0.000000 | val_blend=0.000000 | batches=363/44 | seconds=28.01 | lr=[0.001] | cuda_peak_mb=764.8
[2026-09-10 00:00:28] INFO Val horizons | 15min_mae=1.726425 15min_rmse=3.552830 15min_mape=3.705802 | 30min_mae=2.288131 30min_rmse=4.953689 30min_mape=5.257489 | 60min_mae=3.069079 60min_rmse=6.557824 60min_mape=7.819633
[2026-09-10 00:00:28] INFO Checkpoint updated | epoch=1 | stage=standard | best_val_mae=2.271476 | path=C:\Users\clw\projects\researchRep\STAnchor-BlockMemory\artifacts\cross_dataset_final\pems04_baseonly_argcn_seed42\downstream_best.pt
[2026-09-10 00:00:56] INFO Epoch 002 | stage=standard | train_total=1.859211 | train_forecast=1.859211 | train_confidence=0.000000 | train_risk=0.000000 | train_blend=0.000000 | val_total=2.238112 | val_mae=2.245935 | val_rmse=4.925492 | val_mape=5.429885 | val_confidence=0.000000 | val_risk=0.000000 | val_blend=0.000000 | batches=363/44 | seconds=27.69 | lr=[0.001] | cuda_peak_mb=764.2
[2026-09-10 00:00:56] INFO Val horizons | 15min_mae=1.712884 15min_rmse=3.494733 15min_mape=3.723028 | 30min_mae=2.270992 30min_rmse=4.861277 30min_mape=5.387813 | 60min_mae=3.012957 60min_rmse=6.427720 60min_mape=7.901088
[2026-09-10 00:00:56] INFO Checkpoint updated | epoch=2 | stage=standard | best_val_mae=2.245935 | path=C:\Users\clw\projects\researchRep\STAnchor-BlockMemory\artifacts\cross_dataset_final\pems04_baseonly_argcn_seed42\downstream_best.pt
[2026-09-10 00:01:24] INFO Epoch 003 | stage=standard | train_total=1.837016 | train_forecast=1.837016 | train_confidence=0.000000 | train_risk=0.000000 | train_blend=0.000000 | val_total=2.197388 | val_mae=2.204989 | val_rmse=4.853268 | val_mape=5.315225 | val_confidence=0.000000 | val_risk=0.000000 | val_blend=0.000000 | batches=363/44 | seconds=27.72 | lr=[0.001] | cuda_peak_mb=764.2
[2026-09-10 00:01:24] INFO Val horizons | 15min_mae=1.690253 15min_rmse=3.446786 15min_mape=3.677956 | 30min_mae=2.234260 30min_rmse=4.798187 30min_mape=5.261920 | 60min_mae=2.943749 60min_rmse=6.332995 60min_mape=7.703188
[2026-09-10 00:01:24] INFO Checkpoint updated | epoch=3 | stage=standard | best_val_mae=2.204989 | path=C:\Users\clw\projects\researchRep\STAnchor-BlockMemory\artifacts\cross_dataset_final\pems04_baseonly_argcn_seed42\downstream_best.pt
[2026-09-10 00:01:51] INFO Epoch 004 | stage=standard | train_total=1.818470 | train_forecast=1.818470 | train_confidence=0.000000 | train_risk=0.000000 | train_blend=0.000000 | val_total=2.173990 | val_mae=2.181472 | val_rmse=4.829380 | val_mape=5.138354 | val_confidence=0.000000 | val_risk=0.000000 | val_blend=0.000000 | batches=363/44 | seconds=27.67 | lr=[0.001] | cuda_peak_mb=764.2
[2026-09-10 00:01:51] INFO Val horizons | 15min_mae=1.680750 15min_rmse=3.427143 15min_mape=3.557859 | 30min_mae=2.211757 30min_rmse=4.781186 30min_mape=5.091147 | 60min_mae=2.907568 60min_rmse=6.296128 60min_mape=7.472441
[2026-09-10 00:01:51] INFO Checkpoint updated | epoch=4 | stage=standard | best_val_mae=2.181472 | path=C:\Users\clw\projects\researchRep\STAnchor-BlockMemory\artifacts\cross_dataset_final\pems04_baseonly_argcn_seed42\downstream_best.pt
[2026-09-10 00:02:19] INFO Epoch 005 | stage=standard | train_total=1.801121 | train_forecast=1.801121 | train_confidence=0.000000 | train_risk=0.000000 | train_blend=0.000000 | val_total=2.155208 | val_mae=2.162486 | val_rmse=4.769217 | val_mape=5.048607 | val_confidence=0.000000 | val_risk=0.000000 | val_blend=0.000000 | batches=363/44 | seconds=27.68 | lr=[0.001] | cuda_peak_mb=764.2
[2026-09-10 00:02:19] INFO Val horizons | 15min_mae=1.675295 15min_rmse=3.396179 15min_mape=3.558619 | 30min_mae=2.197288 30min_rmse=4.718806 30min_mape=5.044549 | 60min_mae=2.867283 60min_rmse=6.209728 60min_mape=7.211453
[2026-09-10 00:02:19] INFO Checkpoint updated | epoch=5 | stage=standard | best_val_mae=2.162486 | path=C:\Users\clw\projects\researchRep\STAnchor-BlockMemory\artifacts\cross_dataset_final\pems04_baseonly_argcn_seed42\downstream_best.pt
[2026-09-10 00:02:47] INFO Epoch 006 | stage=standard | train_total=1.781407 | train_forecast=1.781407 | train_confidence=0.000000 | train_risk=0.000000 | train_blend=0.000000 | val_total=2.155248 | val_mae=2.162472 | val_rmse=4.772971 | val_mape=5.115356 | val_confidence=0.000000 | val_risk=0.000000 | val_blend=0.000000 | batches=363/44 | seconds=27.70 | lr=[0.001] | cuda_peak_mb=764.2
[2026-09-10 00:02:47] INFO Val horizons | 15min_mae=1.674562 15min_rmse=3.401748 15min_mape=3.563669 | 30min_mae=2.201065 30min_rmse=4.723781 30min_mape=5.111609 | 60min_mae=2.858713 60min_rmse=6.213613 60min_mape=7.324905
[2026-09-10 00:02:47] INFO Checkpoint updated | epoch=6 | stage=standard | best_val_mae=2.162472 | path=C:\Users\clw\projects\researchRep\STAnchor-BlockMemory\artifacts\cross_dataset_final\pems04_baseonly_argcn_seed42\downstream_best.pt
[2026-09-10 00:03:14] INFO Epoch 007 | stage=standard | train_total=1.762517 | train_forecast=1.762517 | train_confidence=0.000000 | train_risk=0.000000 | train_blend=0.000000 | val_total=2.123640 | val_mae=2.130892 | val_rmse=4.748451 | val_mape=4.991023 | val_confidence=0.000000 | val_risk=0.000000 | val_blend=0.000000 | batches=363/44 | seconds=27.72 | lr=[0.001] | cuda_peak_mb=764.2
[2026-09-10 00:03:14] INFO Val horizons | 15min_mae=1.655393 15min_rmse=3.384284 15min_mape=3.509349 | 30min_mae=2.166141 30min_rmse=4.702108 30min_mape=4.990541 | 60min_mae=2.817141 60min_rmse=6.180070 60min_mape=7.107671
[2026-09-10 00:03:14] INFO Checkpoint updated | epoch=7 | stage=standard | best_val_mae=2.130892 | path=C:\Users\clw\projects\researchRep\STAnchor-BlockMemory\artifacts\cross_dataset_final\pems04_baseonly_argcn_seed42\downstream_best.pt
[2026-09-10 00:03:42] INFO Epoch 008 | stage=standard | train_total=1.743102 | train_forecast=1.743102 | train_confidence=0.000000 | train_risk=0.000000 | train_blend=0.000000 | val_total=2.113994 | val_mae=2.121135 | val_rmse=4.714331 | val_mape=4.982807 | val_confidence=0.000000 | val_risk=0.000000 | val_blend=0.000000 | batches=363/44 | seconds=27.68 | lr=[0.001] | cuda_peak_mb=764.2
[2026-09-10 00:03:42] INFO Val horizons | 15min_mae=1.652419 15min_rmse=3.367828 15min_mape=3.540467 | 30min_mae=2.156756 30min_rmse=4.670191 30min_mape=5.001509 | 60min_mae=2.799249 60min_rmse=6.135254 60min_mape=7.038267
[2026-09-10 00:03:42] INFO Checkpoint updated | epoch=8 | stage=standard | best_val_mae=2.121135 | path=C:\Users\clw\projects\researchRep\STAnchor-BlockMemory\artifacts\cross_dataset_final\pems04_baseonly_argcn_seed42\downstream_best.pt
[2026-09-10 00:04:10] INFO Epoch 009 | stage=standard | train_total=1.728206 | train_forecast=1.728206 | train_confidence=0.000000 | train_risk=0.000000 | train_blend=0.000000 | val_total=2.101681 | val_mae=2.108746 | val_rmse=4.662527 | val_mape=4.963537 | val_confidence=0.000000 | val_risk=0.000000 | val_blend=0.000000 | batches=363/44 | seconds=27.72 | lr=[0.001] | cuda_peak_mb=764.2
[2026-09-10 00:04:10] INFO Val horizons | 15min_mae=1.647580 15min_rmse=3.351702 15min_mape=3.522410 | 30min_mae=2.147578 30min_rmse=4.629777 30min_mape=4.986642 | 60min_mae=2.771302 60min_rmse=6.042918 60min_mape=7.018005
[2026-09-10 00:04:10] INFO Checkpoint updated | epoch=9 | stage=standard | best_val_mae=2.108746 | path=C:\Users\clw\projects\researchRep\STAnchor-BlockMemory\artifacts\cross_dataset_final\pems04_baseonly_argcn_seed42\downstream_best.pt
[2026-09-10 00:04:37] INFO Epoch 010 | stage=standard | train_total=1.716847 | train_forecast=1.716847 | train_confidence=0.000000 | train_risk=0.000000 | train_blend=0.000000 | val_total=2.110015 | val_mae=2.117165 | val_rmse=4.709540 | val_mape=5.052403 | val_confidence=0.000000 | val_risk=0.000000 | val_blend=0.000000 | batches=363/44 | seconds=27.65 | lr=[0.001] | cuda_peak_mb=764.2
[2026-09-10 00:04:37] INFO Val horizons | 15min_mae=1.652688 15min_rmse=3.366728 15min_mape=3.575138 | 30min_mae=2.159273 30min_rmse=4.677188 30min_mape=5.106371 | 60min_mae=2.780068 60min_rmse=6.105598 60min_mape=7.102766
[2026-09-10 00:05:05] INFO Epoch 011 | stage=standard | train_total=1.698599 | train_forecast=1.698599 | train_confidence=0.000000 | train_risk=0.000000 | train_blend=0.000000 | val_total=2.099193 | val_mae=2.106361 | val_rmse=4.690633 | val_mape=5.042443 | val_confidence=0.000000 | val_risk=0.000000 | val_blend=0.000000 | batches=363/44 | seconds=27.69 | lr=[0.00095] | cuda_peak_mb=764.2
[2026-09-10 00:05:05] INFO Val horizons | 15min_mae=1.649213 15min_rmse=3.360454 15min_mape=3.565978 | 30min_mae=2.150031 30min_rmse=4.655422 30min_mape=5.096567 | 60min_mae=2.759000 60min_rmse=6.083426 60min_mape=7.084703
[2026-09-10 00:05:05] INFO Checkpoint updated | epoch=11 | stage=standard | best_val_mae=2.106361 | path=C:\Users\clw\projects\researchRep\STAnchor-BlockMemory\artifacts\cross_dataset_final\pems04_baseonly_argcn_seed42\downstream_best.pt
[2026-09-10 00:05:33] INFO Epoch 012 | stage=standard | train_total=1.686190 | train_forecast=1.686190 | train_confidence=0.000000 | train_risk=0.000000 | train_blend=0.000000 | val_total=2.094130 | val_mae=2.101238 | val_rmse=4.667864 | val_mape=5.034061 | val_confidence=0.000000 | val_risk=0.000000 | val_blend=0.000000 | batches=363/44 | seconds=27.66 | lr=[0.00095] | cuda_peak_mb=764.2
[2026-09-10 00:05:33] INFO Val horizons | 15min_mae=1.647489 15min_rmse=3.352230 15min_mape=3.566790 | 30min_mae=2.145542 30min_rmse=4.640659 30min_mape=5.105490 | 60min_mae=2.748049 60min_rmse=6.037934 60min_mape=7.039704
[2026-09-10 00:05:33] INFO Checkpoint updated | epoch=12 | stage=standard | best_val_mae=2.101238 | path=C:\Users\clw\projects\researchRep\STAnchor-BlockMemory\artifacts\cross_dataset_final\pems04_baseonly_argcn_seed42\downstream_best.pt
[2026-09-10 00:06:00] INFO Epoch 013 | stage=standard | train_total=1.675625 | train_forecast=1.675625 | train_confidence=0.000000 | train_risk=0.000000 | train_blend=0.000000 | val_total=2.097238 | val_mae=2.104319 | val_rmse=4.644066 | val_mape=5.010019 | val_confidence=0.000000 | val_risk=0.000000 | val_blend=0.000000 | batches=363/44 | seconds=27.65 | lr=[0.00095] | cuda_peak_mb=764.2
[2026-09-10 00:06:00] INFO Val horizons | 15min_mae=1.648853 15min_rmse=3.346372 15min_mape=3.586425 | 30min_mae=2.149599 30min_rmse=4.627930 30min_mape=5.090570 | 60min_mae=2.752725 60min_rmse=5.992924 60min_mape=6.967935
[2026-09-10 00:06:28] INFO Epoch 014 | stage=standard | train_total=1.666491 | train_forecast=1.666491 | train_confidence=0.000000 | train_risk=0.000000 | train_blend=0.000000 | val_total=2.092143 | val_mae=2.099192 | val_rmse=4.627847 | val_mape=4.971098 | val_confidence=0.000000 | val_risk=0.000000 | val_blend=0.000000 | batches=363/44 | seconds=27.71 | lr=[0.00095] | cuda_peak_mb=764.2
[2026-09-10 00:06:28] INFO Val horizons | 15min_mae=1.647311 15min_rmse=3.342912 15min_mape=3.553784 | 30min_mae=2.142832 30min_rmse=4.608707 30min_mape=5.046527 | 60min_mae=2.742814 60min_rmse=5.969211 60min_mape=6.923404
[2026-09-10 00:06:28] INFO Checkpoint updated | epoch=14 | stage=standard | best_val_mae=2.099192 | path=C:\Users\clw\projects\researchRep\STAnchor-BlockMemory\artifacts\cross_dataset_final\pems04_baseonly_argcn_seed42\downstream_best.pt
[2026-09-10 00:06:56] INFO Epoch 015 | stage=standard | train_total=1.656613 | train_forecast=1.656613 | train_confidence=0.000000 | train_risk=0.000000 | train_blend=0.000000 | val_total=2.094239 | val_mae=2.101402 | val_rmse=4.646433 | val_mape=5.085252 | val_confidence=0.000000 | val_risk=0.000000 | val_blend=0.000000 | batches=363/44 | seconds=27.66 | lr=[0.00095] | cuda_peak_mb=764.2
[2026-09-10 00:06:56] INFO Val horizons | 15min_mae=1.649306 15min_rmse=3.346346 15min_mape=3.609790 | 30min_mae=2.148973 30min_rmse=4.630137 30min_mape=5.173270 | 60min_mae=2.739048 60min_rmse=5.991743 60min_mape=7.081962
[2026-09-10 00:07:24] INFO Epoch 016 | stage=standard | train_total=1.648224 | train_forecast=1.648224 | train_confidence=0.000000 | train_risk=0.000000 | train_blend=0.000000 | val_total=2.102209 | val_mae=2.109384 | val_rmse=4.669368 | val_mape=5.130258 | val_confidence=0.000000 | val_risk=0.000000 | val_blend=0.000000 | batches=363/44 | seconds=27.72 | lr=[0.00095] | cuda_peak_mb=764.2
[2026-09-10 00:07:24] INFO Val horizons | 15min_mae=1.657228 15min_rmse=3.356889 15min_mape=3.651437 | 30min_mae=2.157321 30min_rmse=4.656202 30min_mape=5.222687 | 60min_mae=2.747050 60min_rmse=6.015106 60min_mape=7.133142
[2026-09-10 00:07:51] INFO Epoch 017 | stage=standard | train_total=1.641532 | train_forecast=1.641532 | train_confidence=0.000000 | train_risk=0.000000 | train_blend=0.000000 | val_total=2.087033 | val_mae=2.094203 | val_rmse=4.639390 | val_mape=5.009680 | val_confidence=0.000000 | val_risk=0.000000 | val_blend=0.000000 | batches=363/44 | seconds=27.70 | lr=[0.00095] | cuda_peak_mb=764.2
[2026-09-10 00:07:51] INFO Val horizons | 15min_mae=1.647620 15min_rmse=3.348170 15min_mape=3.586327 | 30min_mae=2.140145 30min_rmse=4.621115 30min_mape=5.080973 | 60min_mae=2.729422 60min_rmse=5.986175 60min_mape=6.969261
[2026-09-10 00:07:51] INFO Checkpoint updated | epoch=17 | stage=standard | best_val_mae=2.094203 | path=C:\Users\clw\projects\researchRep\STAnchor-BlockMemory\artifacts\cross_dataset_final\pems04_baseonly_argcn_seed42\downstream_best.pt
[2026-09-10 00:08:19] INFO Epoch 018 | stage=standard | train_total=1.631962 | train_forecast=1.631962 | train_confidence=0.000000 | train_risk=0.000000 | train_blend=0.000000 | val_total=2.084694 | val_mae=2.091795 | val_rmse=4.637535 | val_mape=4.992405 | val_confidence=0.000000 | val_risk=0.000000 | val_blend=0.000000 | batches=363/44 | seconds=27.70 | lr=[0.00095] | cuda_peak_mb=764.2
[2026-09-10 00:08:19] INFO Val horizons | 15min_mae=1.645908 15min_rmse=3.353707 15min_mape=3.585794 | 30min_mae=2.139156 30min_rmse=4.621989 30min_mape=5.077340 | 60min_mae=2.725249 60min_rmse=5.977421 60min_mape=6.936602
[2026-09-10 00:08:19] INFO Checkpoint updated | epoch=18 | stage=standard | best_val_mae=2.091795 | path=C:\Users\clw\projects\researchRep\STAnchor-BlockMemory\artifacts\cross_dataset_final\pems04_baseonly_argcn_seed42\downstream_best.pt
[2026-09-10 00:08:47] INFO Epoch 019 | stage=standard | train_total=1.626589 | train_forecast=1.626589 | train_confidence=0.000000 | train_risk=0.000000 | train_blend=0.000000 | val_total=2.087660 | val_mae=2.094806 | val_rmse=4.608516 | val_mape=5.013043 | val_confidence=0.000000 | val_risk=0.000000 | val_blend=0.000000 | batches=363/44 | seconds=27.65 | lr=[0.00095] | cuda_peak_mb=764.2
[2026-09-10 00:08:47] INFO Val horizons | 15min_mae=1.649191 15min_rmse=3.343849 15min_mape=3.601541 | 30min_mae=2.144506 30min_rmse=4.603641 30min_mape=5.113416 | 60min_mae=2.721582 60min_rmse=5.917867 60min_mape=6.924769
[2026-09-10 00:09:14] INFO Epoch 020 | stage=standard | train_total=1.619743 | train_forecast=1.619743 | train_confidence=0.000000 | train_risk=0.000000 | train_blend=0.000000 | val_total=2.082295 | val_mae=2.089411 | val_rmse=4.594158 | val_mape=4.972478 | val_confidence=0.000000 | val_risk=0.000000 | val_blend=0.000000 | batches=363/44 | seconds=27.70 | lr=[0.00095] | cuda_peak_mb=764.2
[2026-09-10 00:09:14] INFO Val horizons | 15min_mae=1.645892 15min_rmse=3.337867 15min_mape=3.584670 | 30min_mae=2.136948 30min_rmse=4.587124 30min_mape=5.065299 | 60min_mae=2.717059 60min_rmse=5.900746 60min_mape=6.857493
[2026-09-10 00:09:14] INFO Checkpoint updated | epoch=20 | stage=standard | best_val_mae=2.089411 | path=C:\Users\clw\projects\researchRep\STAnchor-BlockMemory\artifacts\cross_dataset_final\pems04_baseonly_argcn_seed42\downstream_best.pt
[2026-09-10 00:09:42] INFO Epoch 021 | stage=standard | train_total=1.612380 | train_forecast=1.612380 | train_confidence=0.000000 | train_risk=0.000000 | train_blend=0.000000 | val_total=2.087580 | val_mae=2.094740 | val_rmse=4.647311 | val_mape=5.084086 | val_confidence=0.000000 | val_risk=0.000000 | val_blend=0.000000 | batches=363/44 | seconds=27.69 | lr=[0.0009025] | cuda_peak_mb=764.2
[2026-09-10 00:09:42] INFO Val horizons | 15min_mae=1.651082 15min_rmse=3.358170 15min_mape=3.642392 | 30min_mae=2.145277 30min_rmse=4.640203 30min_mape=5.186764 | 60min_mae=2.718525 60min_rmse=5.972835 60min_mape=7.024689
[2026-09-10 00:10:10] INFO Epoch 022 | stage=standard | train_total=1.605491 | train_forecast=1.605491 | train_confidence=0.000000 | train_risk=0.000000 | train_blend=0.000000 | val_total=2.085581 | val_mae=2.092735 | val_rmse=4.611050 | val_mape=5.063504 | val_confidence=0.000000 | val_risk=0.000000 | val_blend=0.000000 | batches=363/44 | seconds=27.72 | lr=[0.0009025] | cuda_peak_mb=764.2
[2026-09-10 00:10:10] INFO Val horizons | 15min_mae=1.652305 15min_rmse=3.350495 15min_mape=3.649785 | 30min_mae=2.144379 30min_rmse=4.612226 30min_mape=5.172821 | 60min_mae=2.711488 60min_rmse=5.907026 60min_mape=6.969043
[2026-09-10 00:10:38] INFO Epoch 023 | stage=standard | train_total=1.602817 | train_forecast=1.602817 | train_confidence=0.000000 | train_risk=0.000000 | train_blend=0.000000 | val_total=2.089752 | val_mae=2.096923 | val_rmse=4.635202 | val_mape=5.053430 | val_confidence=0.000000 | val_risk=0.000000 | val_blend=0.000000 | batches=363/44 | seconds=27.75 | lr=[0.0009025] | cuda_peak_mb=764.2
[2026-09-10 00:10:38] INFO Val horizons | 15min_mae=1.656987 15min_rmse=3.362529 15min_mape=3.656318 | 30min_mae=2.147216 30min_rmse=4.638924 30min_mape=5.166323 | 60min_mae=2.717803 60min_rmse=5.940216 60min_mape=6.934801
[2026-09-10 00:11:05] INFO Epoch 024 | stage=standard | train_total=1.596712 | train_forecast=1.596712 | train_confidence=0.000000 | train_risk=0.000000 | train_blend=0.000000 | val_total=2.080662 | val_mae=2.087760 | val_rmse=4.585452 | val_mape=4.974177 | val_confidence=0.000000 | val_risk=0.000000 | val_blend=0.000000 | batches=363/44 | seconds=27.72 | lr=[0.0009025] | cuda_peak_mb=764.2
[2026-09-10 00:11:05] INFO Val horizons | 15min_mae=1.653497 15min_rmse=3.348495 15min_mape=3.621226 | 30min_mae=2.135014 30min_rmse=4.587510 30min_mape=5.077059 | 60min_mae=2.704195 60min_rmse=5.869280 60min_mape=6.812425
[2026-09-10 00:11:05] INFO Checkpoint updated | epoch=24 | stage=standard | best_val_mae=2.087760 | path=C:\Users\clw\projects\researchRep\STAnchor-BlockMemory\artifacts\cross_dataset_final\pems04_baseonly_argcn_seed42\downstream_best.pt
[2026-09-10 00:11:33] INFO Epoch 025 | stage=standard | train_total=1.592180 | train_forecast=1.592180 | train_confidence=0.000000 | train_risk=0.000000 | train_blend=0.000000 | val_total=2.078024 | val_mae=2.085147 | val_rmse=4.606876 | val_mape=4.975265 | val_confidence=0.000000 | val_risk=0.000000 | val_blend=0.000000 | batches=363/44 | seconds=27.70 | lr=[0.0009025] | cuda_peak_mb=764.2
[2026-09-10 00:11:33] INFO Val horizons | 15min_mae=1.650621 15min_rmse=3.356108 15min_mape=3.621234 | 30min_mae=2.134873 30min_rmse=4.610993 30min_mape=5.077807 | 60min_mae=2.700524 60min_rmse=5.898644 60min_mape=6.823958
[2026-09-10 00:11:33] INFO Checkpoint updated | epoch=25 | stage=standard | best_val_mae=2.085147 | path=C:\Users\clw\projects\researchRep\STAnchor-BlockMemory\artifacts\cross_dataset_final\pems04_baseonly_argcn_seed42\downstream_best.pt
[2026-09-10 00:12:01] INFO Epoch 026 | stage=standard | train_total=1.585119 | train_forecast=1.585119 | train_confidence=0.000000 | train_risk=0.000000 | train_blend=0.000000 | val_total=2.080714 | val_mae=2.087829 | val_rmse=4.604193 | val_mape=4.959198 | val_confidence=0.000000 | val_risk=0.000000 | val_blend=0.000000 | batches=363/44 | seconds=27.69 | lr=[0.0009025] | cuda_peak_mb=764.2
[2026-09-10 00:12:01] INFO Val horizons | 15min_mae=1.651231 15min_rmse=3.353937 15min_mape=3.602193 | 30min_mae=2.137925 30min_rmse=4.606072 30min_mape=5.067253 | 60min_mae=2.702815 60min_rmse=5.894458 60min_mape=6.790634
[2026-09-10 00:12:28] INFO Epoch 027 | stage=standard | train_total=1.582248 | train_forecast=1.582248 | train_confidence=0.000000 | train_risk=0.000000 | train_blend=0.000000 | val_total=2.090559 | val_mae=2.097648 | val_rmse=4.591524 | val_mape=5.017749 | val_confidence=0.000000 | val_risk=0.000000 | val_blend=0.000000 | batches=363/44 | seconds=27.67 | lr=[0.0009025] | cuda_peak_mb=764.2
[2026-09-10 00:12:28] INFO Val horizons | 15min_mae=1.657528 15min_rmse=3.348570 15min_mape=3.642609 | 30min_mae=2.148543 30min_rmse=4.594575 30min_mape=5.126547 | 60min_mae=2.714369 60min_rmse=5.875082 60min_mape=6.868979
[2026-09-10 00:12:56] INFO Epoch 028 | stage=standard | train_total=1.580617 | train_forecast=1.580617 | train_confidence=0.000000 | train_risk=0.000000 | train_blend=0.000000 | val_total=2.090628 | val_mae=2.097812 | val_rmse=4.621277 | val_mape=5.017362 | val_confidence=0.000000 | val_risk=0.000000 | val_blend=0.000000 | batches=363/44 | seconds=27.71 | lr=[0.0009025] | cuda_peak_mb=764.2
[2026-09-10 00:12:56] INFO Val horizons | 15min_mae=1.656937 15min_rmse=3.358285 15min_mape=3.646153 | 30min_mae=2.151052 30min_rmse=4.625786 30min_mape=5.145423 | 60min_mae=2.713893 60min_rmse=5.918243 60min_mape=6.847245
[2026-09-10 00:13:24] INFO Epoch 029 | stage=standard | train_total=1.575084 | train_forecast=1.575084 | train_confidence=0.000000 | train_risk=0.000000 | train_blend=0.000000 | val_total=2.094081 | val_mae=2.101268 | val_rmse=4.641384 | val_mape=5.062584 | val_confidence=0.000000 | val_risk=0.000000 | val_blend=0.000000 | batches=363/44 | seconds=27.73 | lr=[0.0009025] | cuda_peak_mb=764.2
[2026-09-10 00:13:24] INFO Val horizons | 15min_mae=1.660321 15min_rmse=3.372272 15min_mape=3.667454 | 30min_mae=2.157231 30min_rmse=4.654452 30min_mape=5.189356 | 60min_mae=2.715930 60min_rmse=5.930810 60min_mape=6.928644
[2026-09-10 00:13:51] INFO Epoch 030 | stage=standard | train_total=1.571504 | train_forecast=1.571504 | train_confidence=0.000000 | train_risk=0.000000 | train_blend=0.000000 | val_total=2.082357 | val_mae=2.089485 | val_rmse=4.642819 | val_mape=5.056394 | val_confidence=0.000000 | val_risk=0.000000 | val_blend=0.000000 | batches=363/44 | seconds=27.68 | lr=[0.0009025] | cuda_peak_mb=764.2
[2026-09-10 00:13:51] INFO Val horizons | 15min_mae=1.657298 15min_rmse=3.381158 15min_mape=3.688730 | 30min_mae=2.142522 30min_rmse=4.655296 30min_mape=5.181840 | 60min_mae=2.701242 60min_rmse=5.930909 60min_mape=6.905868
[2026-09-10 00:14:19] INFO Epoch 031 | stage=standard | train_total=1.565006 | train_forecast=1.565006 | train_confidence=0.000000 | train_risk=0.000000 | train_blend=0.000000 | val_total=2.084578 | val_mae=2.091777 | val_rmse=4.634690 | val_mape=5.057429 | val_confidence=0.000000 | val_risk=0.000000 | val_blend=0.000000 | batches=363/44 | seconds=27.66 | lr=[0.000857375] | cuda_peak_mb=764.2
[2026-09-10 00:14:19] INFO Val horizons | 15min_mae=1.657226 15min_rmse=3.371163 15min_mape=3.662402 | 30min_mae=2.146662 30min_rmse=4.645191 30min_mape=5.182126 | 60min_mae=2.700237 60min_rmse=5.925098 60min_mape=6.911824
[2026-09-10 00:14:47] INFO Epoch 032 | stage=standard | train_total=1.561681 | train_forecast=1.561681 | train_confidence=0.000000 | train_risk=0.000000 | train_blend=0.000000 | val_total=2.087665 | val_mae=2.094848 | val_rmse=4.627865 | val_mape=5.077847 | val_confidence=0.000000 | val_risk=0.000000 | val_blend=0.000000 | batches=363/44 | seconds=27.77 | lr=[0.000857375] | cuda_peak_mb=764.2
[2026-09-10 00:14:47] INFO Val horizons | 15min_mae=1.659170 15min_rmse=3.369787 15min_mape=3.681436 | 30min_mae=2.148380 30min_rmse=4.640108 30min_mape=5.192131 | 60min_mae=2.706857 60min_rmse=5.914214 60min_mape=6.965333
[2026-09-10 00:15:15] INFO Epoch 033 | stage=standard | train_total=1.559122 | train_forecast=1.559122 | train_confidence=0.000000 | train_risk=0.000000 | train_blend=0.000000 | val_total=2.087551 | val_mae=2.094673 | val_rmse=4.628454 | val_mape=5.063921 | val_confidence=0.000000 | val_risk=0.000000 | val_blend=0.000000 | batches=363/44 | seconds=27.70 | lr=[0.000857375] | cuda_peak_mb=764.2
[2026-09-10 00:15:15] INFO Val horizons | 15min_mae=1.659029 15min_rmse=3.371077 15min_mape=3.679232 | 30min_mae=2.152056 30min_rmse=4.650080 30min_mape=5.202171 | 60min_mae=2.699541 60min_rmse=5.898629 60min_mape=6.891342
[2026-09-10 00:15:42] INFO Epoch 034 | stage=standard | train_total=1.556454 | train_forecast=1.556454 | train_confidence=0.000000 | train_risk=0.000000 | train_blend=0.000000 | val_total=2.086682 | val_mae=2.093909 | val_rmse=4.627786 | val_mape=5.056329 | val_confidence=0.000000 | val_risk=0.000000 | val_blend=0.000000 | batches=363/44 | seconds=27.78 | lr=[0.000857375] | cuda_peak_mb=764.2
[2026-09-10 00:15:42] INFO Val horizons | 15min_mae=1.657969 15min_rmse=3.377648 15min_mape=3.664966 | 30min_mae=2.148220 30min_rmse=4.643140 30min_mape=5.169051 | 60min_mae=2.704254 60min_rmse=5.905920 60min_mape=6.932144
[2026-09-10 00:16:10] INFO Epoch 035 | stage=standard | train_total=1.554895 | train_forecast=1.554895 | train_confidence=0.000000 | train_risk=0.000000 | train_blend=0.000000 | val_total=2.085714 | val_mae=2.092854 | val_rmse=4.627201 | val_mape=5.040861 | val_confidence=0.000000 | val_risk=0.000000 | val_blend=0.000000 | batches=363/44 | seconds=27.69 | lr=[0.000857375] | cuda_peak_mb=764.2
[2026-09-10 00:16:10] INFO Val horizons | 15min_mae=1.656396 15min_rmse=3.368754 15min_mape=3.657787 | 30min_mae=2.148283 30min_rmse=4.639543 30min_mape=5.159257 | 60min_mae=2.699724 60min_rmse=5.905165 60min_mape=6.891115
[2026-09-10 00:16:38] INFO Epoch 036 | stage=standard | train_total=1.551076 | train_forecast=1.551076 | train_confidence=0.000000 | train_risk=0.000000 | train_blend=0.000000 | val_total=2.075081 | val_mae=2.082184 | val_rmse=4.603020 | val_mape=4.982738 | val_confidence=0.000000 | val_risk=0.000000 | val_blend=0.000000 | batches=363/44 | seconds=27.70 | lr=[0.000857375] | cuda_peak_mb=764.2
[2026-09-10 00:16:38] INFO Val horizons | 15min_mae=1.653360 15min_rmse=3.363453 15min_mape=3.639347 | 30min_mae=2.134326 30min_rmse=4.615299 30min_mape=5.095177 | 60min_mae=2.686229 60min_rmse=5.875589 60min_mape=6.793225
[2026-09-10 00:16:38] INFO Checkpoint updated | epoch=36 | stage=standard | best_val_mae=2.082184 | path=C:\Users\clw\projects\researchRep\STAnchor-BlockMemory\artifacts\cross_dataset_final\pems04_baseonly_argcn_seed42\downstream_best.pt
[2026-09-10 00:17:05] INFO Epoch 037 | stage=standard | train_total=1.548502 | train_forecast=1.548502 | train_confidence=0.000000 | train_risk=0.000000 | train_blend=0.000000 | val_total=2.081659 | val_mae=2.088836 | val_rmse=4.631938 | val_mape=5.044863 | val_confidence=0.000000 | val_risk=0.000000 | val_blend=0.000000 | batches=363/44 | seconds=27.76 | lr=[0.000857375] | cuda_peak_mb=764.2
[2026-09-10 00:17:05] INFO Val horizons | 15min_mae=1.653670 15min_rmse=3.375162 15min_mape=3.661597 | 30min_mae=2.142639 30min_rmse=4.643323 30min_mape=5.165643 | 60min_mae=2.697910 60min_rmse=5.916796 60min_mape=6.891787
[2026-09-10 00:17:33] INFO Epoch 038 | stage=standard | train_total=1.545930 | train_forecast=1.545930 | train_confidence=0.000000 | train_risk=0.000000 | train_blend=0.000000 | val_total=2.085283 | val_mae=2.092472 | val_rmse=4.659480 | val_mape=5.097368 | val_confidence=0.000000 | val_risk=0.000000 | val_blend=0.000000 | batches=363/44 | seconds=27.67 | lr=[0.000857375] | cuda_peak_mb=764.2
[2026-09-10 00:17:33] INFO Val horizons | 15min_mae=1.657885 15min_rmse=3.389503 15min_mape=3.694765 | 30min_mae=2.148803 30min_rmse=4.678733 30min_mape=5.234952 | 60min_mae=2.699119 60min_rmse=5.947256 60min_mape=6.955754
[2026-09-10 00:18:01] INFO Epoch 039 | stage=standard | train_total=1.542845 | train_forecast=1.542845 | train_confidence=0.000000 | train_risk=0.000000 | train_blend=0.000000 | val_total=2.082855 | val_mae=2.090040 | val_rmse=4.627357 | val_mape=4.984121 | val_confidence=0.000000 | val_risk=0.000000 | val_blend=0.000000 | batches=363/44 | seconds=27.69 | lr=[0.000857375] | cuda_peak_mb=764.2
[2026-09-10 00:18:01] INFO Val horizons | 15min_mae=1.654712 15min_rmse=3.372118 15min_mape=3.647480 | 30min_mae=2.143905 30min_rmse=4.641463 30min_mape=5.102439 | 60min_mae=2.698044 60min_rmse=5.913343 60min_mape=6.783678
[2026-09-10 00:18:29] INFO Epoch 040 | stage=standard | train_total=1.541226 | train_forecast=1.541226 | train_confidence=0.000000 | train_risk=0.000000 | train_blend=0.000000 | val_total=2.079471 | val_mae=2.086598 | val_rmse=4.613234 | val_mape=4.990637 | val_confidence=0.000000 | val_risk=0.000000 | val_blend=0.000000 | batches=363/44 | seconds=27.65 | lr=[0.000857375] | cuda_peak_mb=764.2
[2026-09-10 00:18:29] INFO Val horizons | 15min_mae=1.655572 15min_rmse=3.375225 15min_mape=3.660655 | 30min_mae=2.140782 30min_rmse=4.631990 30min_mape=5.111282 | 60min_mae=2.689425 60min_rmse=5.879550 60min_mape=6.781923
[2026-09-10 00:18:56] INFO Epoch 041 | stage=standard | train_total=1.536811 | train_forecast=1.536811 | train_confidence=0.000000 | train_risk=0.000000 | train_blend=0.000000 | val_total=2.076785 | val_mae=2.083905 | val_rmse=4.587693 | val_mape=4.944437 | val_confidence=0.000000 | val_risk=0.000000 | val_blend=0.000000 | batches=363/44 | seconds=27.62 | lr=[0.0008145062499999999] | cuda_peak_mb=764.2
[2026-09-10 00:18:56] INFO Val horizons | 15min_mae=1.651774 15min_rmse=3.360962 15min_mape=3.618114 | 30min_mae=2.137601 30min_rmse=4.605339 30min_mape=5.059618 | 60min_mae=2.688365 60min_rmse=5.846112 60min_mape=6.733306
[2026-09-10 00:19:24] INFO Epoch 042 | stage=standard | train_total=1.534021 | train_forecast=1.534021 | train_confidence=0.000000 | train_risk=0.000000 | train_blend=0.000000 | val_total=2.078053 | val_mae=2.085211 | val_rmse=4.628256 | val_mape=4.978163 | val_confidence=0.000000 | val_risk=0.000000 | val_blend=0.000000 | batches=363/44 | seconds=27.70 | lr=[0.0008145062499999999] | cuda_peak_mb=764.2
[2026-09-10 00:19:24] INFO Val horizons | 15min_mae=1.653090 15min_rmse=3.382623 15min_mape=3.640620 | 30min_mae=2.138020 30min_rmse=4.644062 30min_mape=5.092158 | 60min_mae=2.691809 60min_rmse=5.908050 60min_mape=6.781804
[2026-09-10 00:19:52] INFO Epoch 043 | stage=standard | train_total=1.532478 | train_forecast=1.532478 | train_confidence=0.000000 | train_risk=0.000000 | train_blend=0.000000 | val_total=2.080138 | val_mae=2.087290 | val_rmse=4.605952 | val_mape=4.981423 | val_confidence=0.000000 | val_risk=0.000000 | val_blend=0.000000 | batches=363/44 | seconds=27.68 | lr=[0.0008145062499999999] | cuda_peak_mb=764.2
[2026-09-10 00:19:52] INFO Val horizons | 15min_mae=1.657536 15min_rmse=3.374642 15min_mape=3.667766 | 30min_mae=2.141976 30min_rmse=4.632298 30min_mape=5.103291 | 60min_mae=2.688239 60min_rmse=5.858153 60min_mape=6.756923
[2026-09-10 00:20:19] INFO Epoch 044 | stage=standard | train_total=1.530479 | train_forecast=1.530479 | train_confidence=0.000000 | train_risk=0.000000 | train_blend=0.000000 | val_total=2.084428 | val_mae=2.091576 | val_rmse=4.637707 | val_mape=5.035050 | val_confidence=0.000000 | val_risk=0.000000 | val_blend=0.000000 | batches=363/44 | seconds=27.67 | lr=[0.0008145062499999999] | cuda_peak_mb=764.2
[2026-09-10 00:20:19] INFO Val horizons | 15min_mae=1.662350 15min_rmse=3.383575 15min_mape=3.693873 | 30min_mae=2.150510 30min_rmse=4.659855 30min_mape=5.169475 | 60min_mae=2.688487 60min_rmse=5.911845 60min_mape=6.827709
[2026-09-10 00:20:47] INFO Epoch 045 | stage=standard | train_total=1.528131 | train_forecast=1.528131 | train_confidence=0.000000 | train_risk=0.000000 | train_blend=0.000000 | val_total=2.079147 | val_mae=2.086292 | val_rmse=4.610189 | val_mape=4.985807 | val_confidence=0.000000 | val_risk=0.000000 | val_blend=0.000000 | batches=363/44 | seconds=27.67 | lr=[0.0008145062499999999] | cuda_peak_mb=764.2
[2026-09-10 00:20:47] INFO Val horizons | 15min_mae=1.654243 15min_rmse=3.371756 15min_mape=3.648441 | 30min_mae=2.140859 30min_rmse=4.630721 30min_mape=5.108580 | 60min_mae=2.689318 60min_rmse=5.871739 60min_mape=6.775257
[2026-09-10 00:21:15] INFO Epoch 046 | stage=standard | train_total=1.526895 | train_forecast=1.526895 | train_confidence=0.000000 | train_risk=0.000000 | train_blend=0.000000 | val_total=2.079058 | val_mae=2.086218 | val_rmse=4.612624 | val_mape=5.036581 | val_confidence=0.000000 | val_risk=0.000000 | val_blend=0.000000 | batches=363/44 | seconds=27.69 | lr=[0.0008145062499999999] | cuda_peak_mb=764.2
[2026-09-10 00:21:15] INFO Val horizons | 15min_mae=1.658030 15min_rmse=3.380196 15min_mape=3.692092 | 30min_mae=2.142925 30min_rmse=4.641729 30min_mape=5.179054 | 60min_mae=2.685237 60min_rmse=5.868417 60min_mape=6.825095
[2026-09-10 00:21:42] INFO Epoch 047 | stage=standard | train_total=1.524522 | train_forecast=1.524522 | train_confidence=0.000000 | train_risk=0.000000 | train_blend=0.000000 | val_total=2.083039 | val_mae=2.090165 | val_rmse=4.630748 | val_mape=5.023705 | val_confidence=0.000000 | val_risk=0.000000 | val_blend=0.000000 | batches=363/44 | seconds=27.69 | lr=[0.0008145062499999999] | cuda_peak_mb=764.2
[2026-09-10 00:21:42] INFO Val horizons | 15min_mae=1.657560 15min_rmse=3.387160 15min_mape=3.670219 | 30min_mae=2.144036 30min_rmse=4.651892 30min_mape=5.132912 | 60min_mae=2.693263 60min_rmse=5.897088 60min_mape=6.842724
[2026-09-10 00:22:10] INFO Epoch 048 | stage=standard | train_total=1.523818 | train_forecast=1.523818 | train_confidence=0.000000 | train_risk=0.000000 | train_blend=0.000000 | val_total=2.076584 | val_mae=2.083746 | val_rmse=4.614613 | val_mape=5.001991 | val_confidence=0.000000 | val_risk=0.000000 | val_blend=0.000000 | batches=363/44 | seconds=27.74 | lr=[0.0008145062499999999] | cuda_peak_mb=764.2
[2026-09-10 00:22:10] INFO Val horizons | 15min_mae=1.654692 15min_rmse=3.377994 15min_mape=3.658826 | 30min_mae=2.137722 30min_rmse=4.631051 30min_mape=5.119879 | 60min_mae=2.684833 60min_rmse=5.882534 60min_mape=6.807441
[2026-09-10 00:22:38] INFO Epoch 049 | stage=standard | train_total=1.522693 | train_forecast=1.522693 | train_confidence=0.000000 | train_risk=0.000000 | train_blend=0.000000 | val_total=2.087062 | val_mae=2.094203 | val_rmse=4.598042 | val_mape=4.998274 | val_confidence=0.000000 | val_risk=0.000000 | val_blend=0.000000 | batches=363/44 | seconds=27.68 | lr=[0.0008145062499999999] | cuda_peak_mb=764.2
[2026-09-10 00:22:38] INFO Val horizons | 15min_mae=1.659743 15min_rmse=3.365357 15min_mape=3.655757 | 30min_mae=2.151766 30min_rmse=4.624043 30min_mape=5.125893 | 60min_mae=2.695071 60min_rmse=5.845860 60min_mape=6.789220
[2026-09-10 00:23:05] INFO Epoch 050 | stage=standard | train_total=1.520580 | train_forecast=1.520580 | train_confidence=0.000000 | train_risk=0.000000 | train_blend=0.000000 | val_total=2.080397 | val_mae=2.087516 | val_rmse=4.602418 | val_mape=4.980919 | val_confidence=0.000000 | val_risk=0.000000 | val_blend=0.000000 | batches=363/44 | seconds=27.74 | lr=[0.0008145062499999999] | cuda_peak_mb=764.2
[2026-09-10 00:23:05] INFO Val horizons | 15min_mae=1.655502 15min_rmse=3.372981 15min_mape=3.646533 | 30min_mae=2.144085 30min_rmse=4.628901 30min_mape=5.107462 | 60min_mae=2.687860 60min_rmse=5.853585 60min_mape=6.748739
[2026-09-10 00:23:05] INFO Downstream training finished | best_val_mae=2.082184 | checkpoint=C:\Users\clw\projects\researchRep\STAnchor-BlockMemory\artifacts\cross_dataset_final\pems04_baseonly_argcn_seed42\downstream_best.pt
