[2026-09-02 02:13:24] INFO Downstream start | run=convergence\formal_20260901_final_router_argcn_seed42 | device=cuda:0 (requested=cuda:0) | seed=42 | output=C:\Users\clw\projects\researchRep\STAnchor-BlockMemory\artifacts\convergence\formal_20260901_final_router_argcn_seed42
[2026-09-02 02:13:24] INFO Mode | downstream_mode=learned_topk_error_aware | training_protocol=posthoc_frozen_base | candidate_protocol=weekday_radius1_overlap
[2026-09-02 02:13:24] INFO Downstream initialization | seed=42 | state_hash=f08cd0621c405da0
[2026-09-02 02:13:24] INFO Frozen base | checkpoint=C:\Users\clw\projects\researchRep\STAnchor-BlockMemory\artifacts\convergence\formal_20260826_argcn_base_only_v1\downstream_best.pt | fingerprint=aec0d7409fcfde5a
[2026-09-02 02:13:24] INFO Data | steps=34272 | nodes=207 | channels=1 | training_scope=full_train | memory/post_memory/train_selected/val/test=15876/6805/22681/2993/6025
[2026-09-02 02:13:24] INFO Bank/retrieval | dataset=METR-LA | events=15876 | nodes=207 | retrieval_dim=64 | event_top_r=32 | node_top_k=12 | key_dtype=float16
[2026-09-02 02:13:24] INFO Parameters | downstream_total=1,030,502 | downstream_trainable=879,693 | backbone=0 | confidence_head=0 | fusion=0 | frozen_pretrained=958,704
[2026-09-02 02:13:24] INFO Optimization | epochs=50 | batch_size=32 | optimizer=adam | lr=0.0005 | weight_decay=0.0001 | scheduler=step_lr | step_size=10 | gamma=0.500 | confidence_weight=0.000 | patience=20 | early_stopping=disabled
[2026-09-02 02:13:25] INFO Stage start | stage=posthoc_calibrator | epochs=50 | optimizer_lrs=[0.0005]
[2026-09-02 02:19:09] INFO Epoch 001 | stage=posthoc_calibrator | train_total=0.322253 | train_forecast=0.322253 | train_confidence=0.000000 | train_risk=0.000000 | train_blend=0.000000 | val_total=0.320073 | val_mae=2.884064 | val_rmse=5.891769 | val_mape=8.053563 | val_confidence=0.000000 | val_risk=0.000000 | val_blend=0.000000 | batches=709/94 | seconds=344.10 | lr=[0.0005] | cuda_peak_mb=3483.8
[2026-09-02 02:19:09] INFO Val horizons | 15min_mae=2.582307 15min_rmse=5.024931 15min_mape=6.831664 | 30min_mae=2.914224 30min_rmse=5.913305 30min_mape=8.214688 | 60min_mae=3.332251 60min_rmse=6.988429 60min_mape=9.747798
[2026-09-02 02:19:09] INFO Checkpoint updated | epoch=1 | stage=posthoc_calibrator | best_val_mae=2.884064 | path=C:\Users\clw\projects\researchRep\STAnchor-BlockMemory\artifacts\convergence\formal_20260901_final_router_argcn_seed42\downstream_best.pt
[2026-09-02 02:20:12] INFO Epoch 002 | stage=posthoc_calibrator | train_total=0.319601 | train_forecast=0.319601 | train_confidence=0.000000 | train_risk=0.000000 | train_blend=0.000000 | val_total=0.319419 | val_mae=2.877578 | val_rmse=5.902441 | val_mape=8.187585 | val_confidence=0.000000 | val_risk=0.000000 | val_blend=0.000000 | batches=709/94 | seconds=63.18 | lr=[0.0005] | cuda_peak_mb=1418.9
[2026-09-02 02:20:12] INFO Val horizons | 15min_mae=2.579938 15min_rmse=5.034247 15min_mape=6.887039 | 30min_mae=2.909807 30min_rmse=5.918706 30min_mape=8.358588 | 60min_mae=3.320031 60min_rmse=7.010333 60min_mape=9.910655
[2026-09-02 02:20:12] INFO Checkpoint updated | epoch=2 | stage=posthoc_calibrator | best_val_mae=2.877578 | path=C:\Users\clw\projects\researchRep\STAnchor-BlockMemory\artifacts\convergence\formal_20260901_final_router_argcn_seed42\downstream_best.pt
[2026-09-02 02:21:15] INFO Epoch 003 | stage=posthoc_calibrator | train_total=0.319279 | train_forecast=0.319279 | train_confidence=0.000000 | train_risk=0.000000 | train_blend=0.000000 | val_total=0.319122 | val_mae=2.876959 | val_rmse=5.878120 | val_mape=7.916630 | val_confidence=0.000000 | val_risk=0.000000 | val_blend=0.000000 | batches=709/94 | seconds=63.21 | lr=[0.0005] | cuda_peak_mb=1420.8
[2026-09-02 02:21:15] INFO Val horizons | 15min_mae=2.577758 15min_rmse=5.011081 15min_mape=6.715761 | 30min_mae=2.905169 30min_rmse=5.889433 30min_mape=8.043901 | 60min_mae=3.327833 60min_rmse=6.993898 60min_mape=9.629454
[2026-09-02 02:21:15] INFO Checkpoint updated | epoch=3 | stage=posthoc_calibrator | best_val_mae=2.876959 | path=C:\Users\clw\projects\researchRep\STAnchor-BlockMemory\artifacts\convergence\formal_20260901_final_router_argcn_seed42\downstream_best.pt
[2026-09-02 02:22:18] INFO Epoch 004 | stage=posthoc_calibrator | train_total=0.318838 | train_forecast=0.318838 | train_confidence=0.000000 | train_risk=0.000000 | train_blend=0.000000 | val_total=0.319668 | val_mae=2.883861 | val_rmse=5.896526 | val_mape=8.017161 | val_confidence=0.000000 | val_risk=0.000000 | val_blend=0.000000 | batches=709/94 | seconds=62.93 | lr=[0.0005] | cuda_peak_mb=1420.3
[2026-09-02 02:22:18] INFO Val horizons | 15min_mae=2.581417 15min_rmse=5.004747 15min_mape=6.792237 | 30min_mae=2.912597 30min_rmse=5.899598 30min_mape=8.150007 | 60min_mae=3.336401 60min_rmse=7.036280 60min_mape=9.751545
[2026-09-02 02:23:21] INFO Epoch 005 | stage=posthoc_calibrator | train_total=0.318617 | train_forecast=0.318617 | train_confidence=0.000000 | train_risk=0.000000 | train_blend=0.000000 | val_total=0.319181 | val_mae=2.874941 | val_rmse=5.898554 | val_mape=8.263647 | val_confidence=0.000000 | val_risk=0.000000 | val_blend=0.000000 | batches=709/94 | seconds=62.89 | lr=[0.0005] | cuda_peak_mb=1419.6
[2026-09-02 02:23:21] INFO Val horizons | 15min_mae=2.575242 15min_rmse=5.028321 15min_mape=6.914773 | 30min_mae=2.904018 30min_rmse=5.916570 30min_mape=8.389235 | 60min_mae=3.322609 60min_rmse=6.998809 60min_mape=10.123840
[2026-09-02 02:23:21] INFO Checkpoint updated | epoch=5 | stage=posthoc_calibrator | best_val_mae=2.874941 | path=C:\Users\clw\projects\researchRep\STAnchor-BlockMemory\artifacts\convergence\formal_20260901_final_router_argcn_seed42\downstream_best.pt
[2026-09-02 02:24:24] INFO Epoch 006 | stage=posthoc_calibrator | train_total=0.318355 | train_forecast=0.318355 | train_confidence=0.000000 | train_risk=0.000000 | train_blend=0.000000 | val_total=0.319181 | val_mae=2.877671 | val_rmse=5.866526 | val_mape=7.995386 | val_confidence=0.000000 | val_risk=0.000000 | val_blend=0.000000 | batches=709/94 | seconds=62.90 | lr=[0.0005] | cuda_peak_mb=1420.4
[2026-09-02 02:24:24] INFO Val horizons | 15min_mae=2.571490 15min_rmse=4.994531 15min_mape=6.750437 | 30min_mae=2.905451 30min_rmse=5.867433 30min_mape=8.115351 | 60min_mae=3.340287 60min_rmse=6.999542 60min_mape=9.767964
[2026-09-02 02:25:27] INFO Epoch 007 | stage=posthoc_calibrator | train_total=0.318217 | train_forecast=0.318217 | train_confidence=0.000000 | train_risk=0.000000 | train_blend=0.000000 | val_total=0.317599 | val_mae=2.857307 | val_rmse=5.863396 | val_mape=8.095699 | val_confidence=0.000000 | val_risk=0.000000 | val_blend=0.000000 | batches=709/94 | seconds=62.76 | lr=[0.0005] | cuda_peak_mb=1419.6
[2026-09-02 02:25:27] INFO Val horizons | 15min_mae=2.565283 15min_rmse=5.012530 15min_mape=6.790350 | 30min_mae=2.885042 30min_rmse=5.887852 30min_mape=8.215370 | 60min_mae=3.299713 60min_rmse=6.943965 60min_mape=9.919931
[2026-09-02 02:25:27] INFO Checkpoint updated | epoch=7 | stage=posthoc_calibrator | best_val_mae=2.857307 | path=C:\Users\clw\projects\researchRep\STAnchor-BlockMemory\artifacts\convergence\formal_20260901_final_router_argcn_seed42\downstream_best.pt
[2026-09-02 02:26:30] INFO Epoch 008 | stage=posthoc_calibrator | train_total=0.318077 | train_forecast=0.318077 | train_confidence=0.000000 | train_risk=0.000000 | train_blend=0.000000 | val_total=0.318845 | val_mae=2.872876 | val_rmse=5.858740 | val_mape=8.081289 | val_confidence=0.000000 | val_risk=0.000000 | val_blend=0.000000 | batches=709/94 | seconds=62.77 | lr=[0.0005] | cuda_peak_mb=1420.8
[2026-09-02 02:26:30] INFO Val horizons | 15min_mae=2.571010 15min_rmse=4.993246 15min_mape=6.785999 | 30min_mae=2.898318 30min_rmse=5.871319 30min_mape=8.198596 | 60min_mae=3.331594 60min_rmse=6.967867 60min_mape=9.908525
[2026-09-02 02:27:33] INFO Epoch 009 | stage=posthoc_calibrator | train_total=0.318066 | train_forecast=0.318066 | train_confidence=0.000000 | train_risk=0.000000 | train_blend=0.000000 | val_total=0.317434 | val_mae=2.855789 | val_rmse=5.841511 | val_mape=8.042413 | val_confidence=0.000000 | val_risk=0.000000 | val_blend=0.000000 | batches=709/94 | seconds=62.75 | lr=[0.0005] | cuda_peak_mb=1420.3
[2026-09-02 02:27:33] INFO Val horizons | 15min_mae=2.565931 15min_rmse=4.998501 15min_mape=6.767336 | 30min_mae=2.883235 30min_rmse=5.868890 30min_mape=8.181517 | 60min_mae=3.295810 60min_rmse=6.917458 60min_mape=9.830569
[2026-09-02 02:27:33] INFO Checkpoint updated | epoch=9 | stage=posthoc_calibrator | best_val_mae=2.855789 | path=C:\Users\clw\projects\researchRep\STAnchor-BlockMemory\artifacts\convergence\formal_20260901_final_router_argcn_seed42\downstream_best.pt
[2026-09-02 02:28:35] INFO Epoch 010 | stage=posthoc_calibrator | train_total=0.317976 | train_forecast=0.317976 | train_confidence=0.000000 | train_risk=0.000000 | train_blend=0.000000 | val_total=0.318498 | val_mae=2.867423 | val_rmse=5.874843 | val_mape=8.159564 | val_confidence=0.000000 | val_risk=0.000000 | val_blend=0.000000 | batches=709/94 | seconds=62.72 | lr=[0.0005] | cuda_peak_mb=1419.6
[2026-09-02 02:28:35] INFO Val horizons | 15min_mae=2.570622 15min_rmse=5.013077 15min_mape=6.860558 | 30min_mae=2.896169 30min_rmse=5.893348 30min_mape=8.308822 | 60min_mae=3.314642 60min_rmse=6.972072 60min_mape=9.951866
[2026-09-02 02:29:38] INFO Epoch 011 | stage=posthoc_calibrator | train_total=0.317729 | train_forecast=0.317729 | train_confidence=0.000000 | train_risk=0.000000 | train_blend=0.000000 | val_total=0.318390 | val_mae=2.867484 | val_rmse=5.865405 | val_mape=8.065952 | val_confidence=0.000000 | val_risk=0.000000 | val_blend=0.000000 | batches=709/94 | seconds=62.78 | lr=[0.00025] | cuda_peak_mb=1418.9
[2026-09-02 02:29:38] INFO Val horizons | 15min_mae=2.568493 15min_rmse=5.001980 15min_mape=6.796777 | 30min_mae=2.893427 30min_rmse=5.884365 30min_mape=8.211213 | 60min_mae=3.317119 60min_rmse=6.965291 60min_mape=9.855543
[2026-09-02 02:30:41] INFO Epoch 012 | stage=posthoc_calibrator | train_total=0.317686 | train_forecast=0.317686 | train_confidence=0.000000 | train_risk=0.000000 | train_blend=0.000000 | val_total=0.318994 | val_mae=2.874287 | val_rmse=5.871828 | val_mape=8.039185 | val_confidence=0.000000 | val_risk=0.000000 | val_blend=0.000000 | batches=709/94 | seconds=62.71 | lr=[0.00025] | cuda_peak_mb=1419.9
[2026-09-02 02:30:41] INFO Val horizons | 15min_mae=2.574683 15min_rmse=5.000239 15min_mape=6.791440 | 30min_mae=2.899828 30min_rmse=5.886199 30min_mape=8.178367 | 60min_mae=3.331300 60min_rmse=6.986321 60min_mape=9.788409
[2026-09-02 02:31:44] INFO Epoch 013 | stage=posthoc_calibrator | train_total=0.317663 | train_forecast=0.317663 | train_confidence=0.000000 | train_risk=0.000000 | train_blend=0.000000 | val_total=0.317371 | val_mae=2.855158 | val_rmse=5.851533 | val_mape=8.075148 | val_confidence=0.000000 | val_risk=0.000000 | val_blend=0.000000 | batches=709/94 | seconds=62.73 | lr=[0.00025] | cuda_peak_mb=1419.4
[2026-09-02 02:31:44] INFO Val horizons | 15min_mae=2.563399 15min_rmse=5.007873 15min_mape=6.810569 | 30min_mae=2.882297 30min_rmse=5.876019 30min_mape=8.216607 | 60min_mae=3.298911 60min_rmse=6.931887 60min_mape=9.846179
[2026-09-02 02:31:44] INFO Checkpoint updated | epoch=13 | stage=posthoc_calibrator | best_val_mae=2.855158 | path=C:\Users\clw\projects\researchRep\STAnchor-BlockMemory\artifacts\convergence\formal_20260901_final_router_argcn_seed42\downstream_best.pt
[2026-09-02 02:32:46] INFO Epoch 014 | stage=posthoc_calibrator | train_total=0.317644 | train_forecast=0.317644 | train_confidence=0.000000 | train_risk=0.000000 | train_blend=0.000000 | val_total=0.317558 | val_mae=2.857031 | val_rmse=5.845688 | val_mape=8.045604 | val_confidence=0.000000 | val_risk=0.000000 | val_blend=0.000000 | batches=709/94 | seconds=62.70 | lr=[0.00025] | cuda_peak_mb=1420.6
[2026-09-02 02:32:46] INFO Val horizons | 15min_mae=2.566293 15min_rmse=5.003231 15min_mape=6.789551 | 30min_mae=2.886490 30min_rmse=5.872979 30min_mape=8.172727 | 60min_mae=3.298007 60min_rmse=6.918121 60min_mape=9.812274
[2026-09-02 02:33:49] INFO Epoch 015 | stage=posthoc_calibrator | train_total=0.317640 | train_forecast=0.317640 | train_confidence=0.000000 | train_risk=0.000000 | train_blend=0.000000 | val_total=0.318449 | val_mae=2.868243 | val_rmse=5.868754 | val_mape=8.107695 | val_confidence=0.000000 | val_risk=0.000000 | val_blend=0.000000 | batches=709/94 | seconds=62.63 | lr=[0.00025] | cuda_peak_mb=1419.3
[2026-09-02 02:33:49] INFO Val horizons | 15min_mae=2.568110 15min_rmse=5.007744 15min_mape=6.827292 | 30min_mae=2.894723 30min_rmse=5.880235 30min_mape=8.229224 | 60min_mae=3.320567 60min_rmse=6.972714 60min_mape=9.893127
[2026-09-02 02:34:52] INFO Epoch 016 | stage=posthoc_calibrator | train_total=0.317610 | train_forecast=0.317610 | train_confidence=0.000000 | train_risk=0.000000 | train_blend=0.000000 | val_total=0.318407 | val_mae=2.868604 | val_rmse=5.876475 | val_mape=8.046511 | val_confidence=0.000000 | val_risk=0.000000 | val_blend=0.000000 | batches=709/94 | seconds=62.73 | lr=[0.00025] | cuda_peak_mb=1420.8
[2026-09-02 02:34:52] INFO Val horizons | 15min_mae=2.571122 15min_rmse=5.003130 15min_mape=6.795844 | 30min_mae=2.896564 30min_rmse=5.893245 30min_mape=8.178797 | 60min_mae=3.314970 60min_rmse=6.984120 60min_mape=9.821803
[2026-09-02 02:35:54] INFO Epoch 017 | stage=posthoc_calibrator | train_total=0.317596 | train_forecast=0.317596 | train_confidence=0.000000 | train_risk=0.000000 | train_blend=0.000000 | val_total=0.317784 | val_mae=2.859994 | val_rmse=5.860105 | val_mape=8.042967 | val_confidence=0.000000 | val_risk=0.000000 | val_blend=0.000000 | batches=709/94 | seconds=62.72 | lr=[0.00025] | cuda_peak_mb=1420.3
[2026-09-02 02:35:54] INFO Val horizons | 15min_mae=2.565897 15min_rmse=5.005474 15min_mape=6.798504 | 30min_mae=2.886454 30min_rmse=5.879839 30min_mape=8.176860 | 60min_mae=3.309535 60min_rmse=6.955677 60min_mape=9.785243
[2026-09-02 02:36:57] INFO Epoch 018 | stage=posthoc_calibrator | train_total=0.317572 | train_forecast=0.317572 | train_confidence=0.000000 | train_risk=0.000000 | train_blend=0.000000 | val_total=0.319038 | val_mae=2.875651 | val_rmse=5.889824 | val_mape=8.240132 | val_confidence=0.000000 | val_risk=0.000000 | val_blend=0.000000 | batches=709/94 | seconds=62.55 | lr=[0.00025] | cuda_peak_mb=1419.9
[2026-09-02 02:36:57] INFO Val horizons | 15min_mae=2.572473 15min_rmse=5.011419 15min_mape=6.883509 | 30min_mae=2.902725 30min_rmse=5.901973 30min_mape=8.356950 | 60min_mae=3.331493 60min_rmse=7.005121 60min_mape=10.120182
[2026-09-02 02:38:00] INFO Epoch 019 | stage=posthoc_calibrator | train_total=0.317552 | train_forecast=0.317552 | train_confidence=0.000000 | train_risk=0.000000 | train_blend=0.000000 | val_total=0.318469 | val_mae=2.868275 | val_rmse=5.848236 | val_mape=8.025827 | val_confidence=0.000000 | val_risk=0.000000 | val_blend=0.000000 | batches=709/94 | seconds=62.68 | lr=[0.00025] | cuda_peak_mb=1419.5
[2026-09-02 02:38:00] INFO Val horizons | 15min_mae=2.566710 15min_rmse=4.996531 15min_mape=6.783642 | 30min_mae=2.891839 30min_rmse=5.863094 30min_mape=8.155910 | 60min_mae=3.327808 60min_rmse=6.945982 60min_mape=9.772413
[2026-09-02 02:39:02] INFO Epoch 020 | stage=posthoc_calibrator | train_total=0.317597 | train_forecast=0.317597 | train_confidence=0.000000 | train_risk=0.000000 | train_blend=0.000000 | val_total=0.318788 | val_mae=2.872324 | val_rmse=5.872238 | val_mape=8.058507 | val_confidence=0.000000 | val_risk=0.000000 | val_blend=0.000000 | batches=709/94 | seconds=62.59 | lr=[0.00025] | cuda_peak_mb=1419.6
[2026-09-02 02:39:02] INFO Val horizons | 15min_mae=2.568780 15min_rmse=5.002705 15min_mape=6.797560 | 30min_mae=2.897076 30min_rmse=5.882525 30min_mape=8.189643 | 60min_mae=3.334460 60min_rmse=6.994531 60min_mape=9.836375
[2026-09-02 02:40:05] INFO Epoch 021 | stage=posthoc_calibrator | train_total=0.317419 | train_forecast=0.317419 | train_confidence=0.000000 | train_risk=0.000000 | train_blend=0.000000 | val_total=0.317926 | val_mae=2.861475 | val_rmse=5.864538 | val_mape=8.071871 | val_confidence=0.000000 | val_risk=0.000000 | val_blend=0.000000 | batches=709/94 | seconds=62.69 | lr=[0.000125] | cuda_peak_mb=1420.2
[2026-09-02 02:40:05] INFO Val horizons | 15min_mae=2.566174 15min_rmse=5.004952 15min_mape=6.798671 | 30min_mae=2.887382 30min_rmse=5.884956 30min_mape=8.211276 | 60min_mae=3.309253 60min_rmse=6.959938 60min_mape=9.851217
[2026-09-02 02:41:07] INFO Epoch 022 | stage=posthoc_calibrator | train_total=0.317396 | train_forecast=0.317396 | train_confidence=0.000000 | train_risk=0.000000 | train_blend=0.000000 | val_total=0.318454 | val_mae=2.868729 | val_rmse=5.865438 | val_mape=8.049796 | val_confidence=0.000000 | val_risk=0.000000 | val_blend=0.000000 | batches=709/94 | seconds=62.63 | lr=[0.000125] | cuda_peak_mb=1419.0
[2026-09-02 02:41:07] INFO Val horizons | 15min_mae=2.567492 15min_rmse=5.001587 15min_mape=6.796767 | 30min_mae=2.892919 30min_rmse=5.877002 30min_mape=8.186283 | 60min_mae=3.323497 60min_rmse=6.972789 60min_mape=9.816457
[2026-09-02 02:42:10] INFO Epoch 023 | stage=posthoc_calibrator | train_total=0.317403 | train_forecast=0.317403 | train_confidence=0.000000 | train_risk=0.000000 | train_blend=0.000000 | val_total=0.318457 | val_mae=2.868954 | val_rmse=5.874601 | val_mape=8.140025 | val_confidence=0.000000 | val_risk=0.000000 | val_blend=0.000000 | batches=709/94 | seconds=62.59 | lr=[0.000125] | cuda_peak_mb=1421.4
[2026-09-02 02:42:10] INFO Val horizons | 15min_mae=2.571480 15min_rmse=5.004763 15min_mape=6.843632 | 30min_mae=2.896828 30min_rmse=5.890245 30min_mape=8.276341 | 60min_mae=3.318736 60min_rmse=6.980090 60min_mape=9.946939
[2026-09-02 02:43:13] INFO Epoch 024 | stage=posthoc_calibrator | train_total=0.317401 | train_forecast=0.317401 | train_confidence=0.000000 | train_risk=0.000000 | train_blend=0.000000 | val_total=0.318520 | val_mae=2.868889 | val_rmse=5.865974 | val_mape=8.089823 | val_confidence=0.000000 | val_risk=0.000000 | val_blend=0.000000 | batches=709/94 | seconds=62.60 | lr=[0.000125] | cuda_peak_mb=1419.6
[2026-09-02 02:43:13] INFO Val horizons | 15min_mae=2.569250 15min_rmse=5.001954 15min_mape=6.813553 | 30min_mae=2.896754 30min_rmse=5.881459 30min_mape=8.216934 | 60min_mae=3.322163 60min_rmse=6.969323 60min_mape=9.891937
[2026-09-02 02:44:15] INFO Epoch 025 | stage=posthoc_calibrator | train_total=0.317372 | train_forecast=0.317372 | train_confidence=0.000000 | train_risk=0.000000 | train_blend=0.000000 | val_total=0.317796 | val_mae=2.860954 | val_rmse=5.869684 | val_mape=8.104302 | val_confidence=0.000000 | val_risk=0.000000 | val_blend=0.000000 | batches=709/94 | seconds=62.73 | lr=[0.000125] | cuda_peak_mb=1419.4
[2026-09-02 02:44:15] INFO Val horizons | 15min_mae=2.564555 15min_rmse=5.003758 15min_mape=6.806428 | 30min_mae=2.887841 30min_rmse=5.888258 30min_mape=8.255576 | 60min_mae=3.310176 60min_rmse=6.974991 60min_mape=9.907274
[2026-09-02 02:45:18] INFO Epoch 026 | stage=posthoc_calibrator | train_total=0.317370 | train_forecast=0.317370 | train_confidence=0.000000 | train_risk=0.000000 | train_blend=0.000000 | val_total=0.318729 | val_mae=2.871106 | val_rmse=5.872971 | val_mape=8.120269 | val_confidence=0.000000 | val_risk=0.000000 | val_blend=0.000000 | batches=709/94 | seconds=62.48 | lr=[0.000125] | cuda_peak_mb=1420.4
[2026-09-02 02:45:18] INFO Val horizons | 15min_mae=2.570463 15min_rmse=5.000963 15min_mape=6.818030 | 30min_mae=2.898947 30min_rmse=5.886105 30min_mape=8.243396 | 60min_mae=3.326725 60min_rmse=6.983240 60min_mape=9.936983
[2026-09-02 02:46:20] INFO Epoch 027 | stage=posthoc_calibrator | train_total=0.317341 | train_forecast=0.317341 | train_confidence=0.000000 | train_risk=0.000000 | train_blend=0.000000 | val_total=0.318494 | val_mae=2.869073 | val_rmse=5.861552 | val_mape=7.998678 | val_confidence=0.000000 | val_risk=0.000000 | val_blend=0.000000 | batches=709/94 | seconds=62.58 | lr=[0.000125] | cuda_peak_mb=1419.6
[2026-09-02 02:46:20] INFO Val horizons | 15min_mae=2.569178 15min_rmse=4.995735 15min_mape=6.764062 | 30min_mae=2.894913 30min_rmse=5.873595 30min_mape=8.120441 | 60min_mae=3.326635 60min_rmse=6.975326 60min_mape=9.765876
[2026-09-02 02:47:23] INFO Epoch 028 | stage=posthoc_calibrator | train_total=0.317359 | train_forecast=0.317359 | train_confidence=0.000000 | train_risk=0.000000 | train_blend=0.000000 | val_total=0.318439 | val_mae=2.867281 | val_rmse=5.866141 | val_mape=8.099632 | val_confidence=0.000000 | val_risk=0.000000 | val_blend=0.000000 | batches=709/94 | seconds=62.52 | lr=[0.000125] | cuda_peak_mb=1420.4
[2026-09-02 02:47:23] INFO Val horizons | 15min_mae=2.569461 15min_rmse=5.001418 15min_mape=6.815875 | 30min_mae=2.893044 30min_rmse=5.884152 30min_mape=8.232716 | 60min_mae=3.321000 60min_rmse=6.966111 60min_mape=9.890647
[2026-09-02 02:48:26] INFO Epoch 029 | stage=posthoc_calibrator | train_total=0.317324 | train_forecast=0.317324 | train_confidence=0.000000 | train_risk=0.000000 | train_blend=0.000000 | val_total=0.318377 | val_mae=2.867349 | val_rmse=5.861638 | val_mape=8.048087 | val_confidence=0.000000 | val_risk=0.000000 | val_blend=0.000000 | batches=709/94 | seconds=62.57 | lr=[0.000125] | cuda_peak_mb=1420.8
[2026-09-02 02:48:26] INFO Val horizons | 15min_mae=2.568015 15min_rmse=4.997053 15min_mape=6.783916 | 30min_mae=2.894875 30min_rmse=5.875368 30min_mape=8.167902 | 60min_mae=3.318010 60min_rmse=6.964301 60min_mape=9.832596
[2026-09-02 02:49:28] INFO Epoch 030 | stage=posthoc_calibrator | train_total=0.317354 | train_forecast=0.317354 | train_confidence=0.000000 | train_risk=0.000000 | train_blend=0.000000 | val_total=0.317995 | val_mae=2.863381 | val_rmse=5.851966 | val_mape=8.002665 | val_confidence=0.000000 | val_risk=0.000000 | val_blend=0.000000 | batches=709/94 | seconds=62.64 | lr=[0.000125] | cuda_peak_mb=1420.3
[2026-09-02 02:49:28] INFO Val horizons | 15min_mae=2.566991 15min_rmse=4.995893 15min_mape=6.765883 | 30min_mae=2.890206 30min_rmse=5.868000 30min_mape=8.129388 | 60min_mae=3.314800 60min_rmse=6.952253 60min_mape=9.761074
[2026-09-02 02:50:31] INFO Epoch 031 | stage=posthoc_calibrator | train_total=0.317270 | train_forecast=0.317270 | train_confidence=0.000000 | train_risk=0.000000 | train_blend=0.000000 | val_total=0.318599 | val_mae=2.869886 | val_rmse=5.858999 | val_mape=8.025187 | val_confidence=0.000000 | val_risk=0.000000 | val_blend=0.000000 | batches=709/94 | seconds=62.57 | lr=[6.25e-05] | cuda_peak_mb=1419.3
[2026-09-02 02:50:31] INFO Val horizons | 15min_mae=2.568884 15min_rmse=4.999067 15min_mape=6.780733 | 30min_mae=2.896548 30min_rmse=5.872472 30min_mape=8.146477 | 60min_mae=3.328696 60min_rmse=6.964082 60min_mape=9.780874
[2026-09-02 02:51:33] INFO Epoch 032 | stage=posthoc_calibrator | train_total=0.317262 | train_forecast=0.317262 | train_confidence=0.000000 | train_risk=0.000000 | train_blend=0.000000 | val_total=0.318149 | val_mae=2.864681 | val_rmse=5.872046 | val_mape=8.094940 | val_confidence=0.000000 | val_risk=0.000000 | val_blend=0.000000 | batches=709/94 | seconds=62.62 | lr=[6.25e-05] | cuda_peak_mb=1419.6
[2026-09-02 02:51:33] INFO Val horizons | 15min_mae=2.567226 15min_rmse=5.003844 15min_mape=6.813938 | 30min_mae=2.890690 30min_rmse=5.887272 30min_mape=8.227170 | 60min_mae=3.315336 60min_rmse=6.979231 60min_mape=9.893687
[2026-09-02 02:52:36] INFO Epoch 033 | stage=posthoc_calibrator | train_total=0.317216 | train_forecast=0.317216 | train_confidence=0.000000 | train_risk=0.000000 | train_blend=0.000000 | val_total=0.317900 | val_mae=2.861786 | val_rmse=5.864655 | val_mape=8.056421 | val_confidence=0.000000 | val_risk=0.000000 | val_blend=0.000000 | batches=709/94 | seconds=62.60 | lr=[6.25e-05] | cuda_peak_mb=1419.0
[2026-09-02 02:52:36] INFO Val horizons | 15min_mae=2.565828 15min_rmse=5.001429 15min_mape=6.795618 | 30min_mae=2.888082 30min_rmse=5.881527 30min_mape=8.189033 | 60min_mae=3.311223 60min_rmse=6.966380 60min_mape=9.829902
[2026-09-02 02:53:39] INFO Epoch 034 | stage=posthoc_calibrator | train_total=0.317243 | train_forecast=0.317243 | train_confidence=0.000000 | train_risk=0.000000 | train_blend=0.000000 | val_total=0.318259 | val_mae=2.866211 | val_rmse=5.863428 | val_mape=8.054480 | val_confidence=0.000000 | val_risk=0.000000 | val_blend=0.000000 | batches=709/94 | seconds=62.54 | lr=[6.25e-05] | cuda_peak_mb=1419.3
[2026-09-02 02:53:39] INFO Val horizons | 15min_mae=2.568098 15min_rmse=4.997777 15min_mape=6.793629 | 30min_mae=2.892862 30min_rmse=5.878304 30min_mape=8.187415 | 60min_mae=3.318170 60min_rmse=6.968159 60min_mape=9.821015
[2026-09-02 02:54:41] INFO Epoch 035 | stage=posthoc_calibrator | train_total=0.317274 | train_forecast=0.317274 | train_confidence=0.000000 | train_risk=0.000000 | train_blend=0.000000 | val_total=0.318366 | val_mae=2.867338 | val_rmse=5.856617 | val_mape=8.049181 | val_confidence=0.000000 | val_risk=0.000000 | val_blend=0.000000 | batches=709/94 | seconds=62.53 | lr=[6.25e-05] | cuda_peak_mb=1420.8
[2026-09-02 02:54:41] INFO Val horizons | 15min_mae=2.569635 15min_rmse=4.995029 15min_mape=6.785245 | 30min_mae=2.895342 30min_rmse=5.872097 30min_mape=8.174591 | 60min_mae=3.318709 60min_rmse=6.959416 60min_mape=9.837965
[2026-09-02 02:55:44] INFO Epoch 036 | stage=posthoc_calibrator | train_total=0.317255 | train_forecast=0.317255 | train_confidence=0.000000 | train_risk=0.000000 | train_blend=0.000000 | val_total=0.318376 | val_mae=2.866594 | val_rmse=5.888837 | val_mape=8.189779 | val_confidence=0.000000 | val_risk=0.000000 | val_blend=0.000000 | batches=709/94 | seconds=62.54 | lr=[6.25e-05] | cuda_peak_mb=1419.6
[2026-09-02 02:55:44] INFO Val horizons | 15min_mae=2.569289 15min_rmse=5.009924 15min_mape=6.852106 | 30min_mae=2.896353 30min_rmse=5.909686 30min_mape=8.331121 | 60min_mae=3.314038 60min_rmse=6.994068 60min_mape=10.032429
[2026-09-02 02:56:46] INFO Epoch 037 | stage=posthoc_calibrator | train_total=0.317213 | train_forecast=0.317213 | train_confidence=0.000000 | train_risk=0.000000 | train_blend=0.000000 | val_total=0.318092 | val_mae=2.864028 | val_rmse=5.863058 | val_mape=8.075249 | val_confidence=0.000000 | val_risk=0.000000 | val_blend=0.000000 | batches=709/94 | seconds=62.55 | lr=[6.25e-05] | cuda_peak_mb=1419.6
[2026-09-02 02:56:46] INFO Val horizons | 15min_mae=2.567040 15min_rmse=4.999455 15min_mape=6.796961 | 30min_mae=2.890331 30min_rmse=5.878692 30min_mape=8.205454 | 60min_mae=3.316464 60min_rmse=6.966514 60min_mape=9.868077
[2026-09-02 02:57:49] INFO Epoch 038 | stage=posthoc_calibrator | train_total=0.317234 | train_forecast=0.317234 | train_confidence=0.000000 | train_risk=0.000000 | train_blend=0.000000 | val_total=0.318800 | val_mae=2.872587 | val_rmse=5.888269 | val_mape=8.153721 | val_confidence=0.000000 | val_risk=0.000000 | val_blend=0.000000 | batches=709/94 | seconds=62.57 | lr=[6.25e-05] | cuda_peak_mb=1419.9
[2026-09-02 02:57:49] INFO Val horizons | 15min_mae=2.571083 15min_rmse=5.006008 15min_mape=6.843814 | 30min_mae=2.900253 30min_rmse=5.902604 30min_mape=8.297562 | 60min_mae=3.327420 60min_rmse=7.008374 60min_mape=9.976982
[2026-09-02 02:58:51] INFO Epoch 039 | stage=posthoc_calibrator | train_total=0.317246 | train_forecast=0.317246 | train_confidence=0.000000 | train_risk=0.000000 | train_blend=0.000000 | val_total=0.318562 | val_mae=2.869841 | val_rmse=5.871131 | val_mape=8.090875 | val_confidence=0.000000 | val_risk=0.000000 | val_blend=0.000000 | batches=709/94 | seconds=62.59 | lr=[6.25e-05] | cuda_peak_mb=1419.2
[2026-09-02 02:58:51] INFO Val horizons | 15min_mae=2.569223 15min_rmse=4.999135 15min_mape=6.807483 | 30min_mae=2.896893 30min_rmse=5.882397 30min_mape=8.214854 | 60min_mae=3.324353 60min_rmse=6.985236 60min_mape=9.900194
[2026-09-02 02:59:54] INFO Epoch 040 | stage=posthoc_calibrator | train_total=0.317204 | train_forecast=0.317204 | train_confidence=0.000000 | train_risk=0.000000 | train_blend=0.000000 | val_total=0.318660 | val_mae=2.870882 | val_rmse=5.869793 | val_mape=8.057865 | val_confidence=0.000000 | val_risk=0.000000 | val_blend=0.000000 | batches=709/94 | seconds=62.50 | lr=[6.25e-05] | cuda_peak_mb=1419.6
[2026-09-02 02:59:54] INFO Val horizons | 15min_mae=2.569241 15min_rmse=4.995573 15min_mape=6.784207 | 30min_mae=2.897188 30min_rmse=5.880224 30min_mape=8.184836 | 60min_mae=3.330262 60min_rmse=6.988721 60min_mape=9.839941
[2026-09-02 03:00:56] INFO Epoch 041 | stage=posthoc_calibrator | train_total=0.317181 | train_forecast=0.317181 | train_confidence=0.000000 | train_risk=0.000000 | train_blend=0.000000 | val_total=0.317938 | val_mae=2.861876 | val_rmse=5.863365 | val_mape=8.055125 | val_confidence=0.000000 | val_risk=0.000000 | val_blend=0.000000 | batches=709/94 | seconds=62.46 | lr=[3.125e-05] | cuda_peak_mb=1419.3
[2026-09-02 03:00:56] INFO Val horizons | 15min_mae=2.566020 15min_rmse=5.003079 15min_mape=6.795768 | 30min_mae=2.888479 30min_rmse=5.881071 30min_mape=8.182751 | 60min_mae=3.310924 60min_rmse=6.961319 60min_mape=9.832590
[2026-09-02 03:01:59] INFO Epoch 042 | stage=posthoc_calibrator | train_total=0.317185 | train_forecast=0.317185 | train_confidence=0.000000 | train_risk=0.000000 | train_blend=0.000000 | val_total=0.318422 | val_mae=2.868413 | val_rmse=5.871579 | val_mape=8.069983 | val_confidence=0.000000 | val_risk=0.000000 | val_blend=0.000000 | batches=709/94 | seconds=62.47 | lr=[3.125e-05] | cuda_peak_mb=1419.3
[2026-09-02 03:01:59] INFO Val horizons | 15min_mae=2.568931 15min_rmse=4.997864 15min_mape=6.797026 | 30min_mae=2.893726 30min_rmse=5.882781 30min_mape=8.199708 | 60min_mae=3.322015 60min_rmse=6.985612 60min_mape=9.857836
[2026-09-02 03:03:01] INFO Epoch 043 | stage=posthoc_calibrator | train_total=0.317190 | train_forecast=0.317190 | train_confidence=0.000000 | train_risk=0.000000 | train_blend=0.000000 | val_total=0.318156 | val_mae=2.864890 | val_rmse=5.872065 | val_mape=8.098171 | val_confidence=0.000000 | val_risk=0.000000 | val_blend=0.000000 | batches=709/94 | seconds=62.55 | lr=[3.125e-05] | cuda_peak_mb=1419.6
[2026-09-02 03:03:01] INFO Val horizons | 15min_mae=2.567702 15min_rmse=5.001070 15min_mape=6.808833 | 30min_mae=2.892488 30min_rmse=5.887519 30min_mape=8.226948 | 60min_mae=3.314036 60min_rmse=6.979194 60min_mape=9.906539
[2026-09-02 03:04:04] INFO Epoch 044 | stage=posthoc_calibrator | train_total=0.317200 | train_forecast=0.317200 | train_confidence=0.000000 | train_risk=0.000000 | train_blend=0.000000 | val_total=0.318736 | val_mae=2.871880 | val_rmse=5.881873 | val_mape=8.136989 | val_confidence=0.000000 | val_risk=0.000000 | val_blend=0.000000 | batches=709/94 | seconds=62.61 | lr=[3.125e-05] | cuda_peak_mb=1419.6
[2026-09-02 03:04:04] INFO Val horizons | 15min_mae=2.569148 15min_rmse=5.002179 15min_mape=6.828057 | 30min_mae=2.897983 30min_rmse=5.892425 30min_mape=8.270653 | 60min_mae=3.330453 60min_rmse=7.003350 60min_mape=9.955130
[2026-09-02 03:05:07] INFO Epoch 045 | stage=posthoc_calibrator | train_total=0.317165 | train_forecast=0.317165 | train_confidence=0.000000 | train_risk=0.000000 | train_blend=0.000000 | val_total=0.318058 | val_mae=2.863824 | val_rmse=5.865929 | val_mape=8.092433 | val_confidence=0.000000 | val_risk=0.000000 | val_blend=0.000000 | batches=709/94 | seconds=62.65 | lr=[3.125e-05] | cuda_peak_mb=1419.3
[2026-09-02 03:05:07] INFO Val horizons | 15min_mae=2.567198 15min_rmse=5.000005 15min_mape=6.804379 | 30min_mae=2.891935 30min_rmse=5.882012 30min_mape=8.221985 | 60min_mae=3.312742 60min_rmse=6.969498 60min_mape=9.902398
[2026-09-02 03:06:09] INFO Epoch 046 | stage=posthoc_calibrator | train_total=0.317129 | train_forecast=0.317129 | train_confidence=0.000000 | train_risk=0.000000 | train_blend=0.000000 | val_total=0.318049 | val_mae=2.863615 | val_rmse=5.870711 | val_mape=8.075456 | val_confidence=0.000000 | val_risk=0.000000 | val_blend=0.000000 | batches=709/94 | seconds=62.56 | lr=[3.125e-05] | cuda_peak_mb=1419.9
[2026-09-02 03:06:09] INFO Val horizons | 15min_mae=2.566900 15min_rmse=5.001965 15min_mape=6.804947 | 30min_mae=2.889835 30min_rmse=5.885700 30min_mape=8.206884 | 60min_mae=3.314081 60min_rmse=6.977698 60min_mape=9.858879
[2026-09-02 03:07:12] INFO Epoch 047 | stage=posthoc_calibrator | train_total=0.317177 | train_forecast=0.317177 | train_confidence=0.000000 | train_risk=0.000000 | train_blend=0.000000 | val_total=0.318588 | val_mae=2.870075 | val_rmse=5.871653 | val_mape=8.097780 | val_confidence=0.000000 | val_risk=0.000000 | val_blend=0.000000 | batches=709/94 | seconds=62.61 | lr=[3.125e-05] | cuda_peak_mb=1419.2
[2026-09-02 03:07:12] INFO Val horizons | 15min_mae=2.568862 15min_rmse=4.999945 15min_mape=6.814404 | 30min_mae=2.896551 30min_rmse=5.882534 30min_mape=8.224017 | 60min_mae=3.324590 60min_rmse=6.984656 60min_mape=9.902100
[2026-09-02 03:08:14] INFO Epoch 048 | stage=posthoc_calibrator | train_total=0.317177 | train_forecast=0.317177 | train_confidence=0.000000 | train_risk=0.000000 | train_blend=0.000000 | val_total=0.318055 | val_mae=2.863727 | val_rmse=5.867780 | val_mape=8.066879 | val_confidence=0.000000 | val_risk=0.000000 | val_blend=0.000000 | batches=709/94 | seconds=62.49 | lr=[3.125e-05] | cuda_peak_mb=1420.4
[2026-09-02 03:08:14] INFO Val horizons | 15min_mae=2.566842 15min_rmse=4.999960 15min_mape=6.792956 | 30min_mae=2.889849 30min_rmse=5.881920 30min_mape=8.194816 | 60min_mae=3.313934 60min_rmse=6.975379 60min_mape=9.860449
[2026-09-02 03:09:17] INFO Epoch 049 | stage=posthoc_calibrator | train_total=0.317141 | train_forecast=0.317141 | train_confidence=0.000000 | train_risk=0.000000 | train_blend=0.000000 | val_total=0.318368 | val_mae=2.867639 | val_rmse=5.866342 | val_mape=8.061393 | val_confidence=0.000000 | val_risk=0.000000 | val_blend=0.000000 | batches=709/94 | seconds=62.56 | lr=[3.125e-05] | cuda_peak_mb=1419.6
[2026-09-02 03:09:17] INFO Val horizons | 15min_mae=2.567869 15min_rmse=4.998149 15min_mape=6.798689 | 30min_mae=2.894693 30min_rmse=5.879417 30min_mape=8.192627 | 60min_mae=3.321975 60min_rmse=6.976256 60min_mape=9.834192
[2026-09-02 03:10:19] INFO Epoch 050 | stage=posthoc_calibrator | train_total=0.317160 | train_forecast=0.317160 | train_confidence=0.000000 | train_risk=0.000000 | train_blend=0.000000 | val_total=0.318611 | val_mae=2.870523 | val_rmse=5.876088 | val_mape=8.108491 | val_confidence=0.000000 | val_risk=0.000000 | val_blend=0.000000 | batches=709/94 | seconds=62.56 | lr=[3.125e-05] | cuda_peak_mb=1419.6
[2026-09-02 03:10:19] INFO Val horizons | 15min_mae=2.569016 15min_rmse=5.000607 15min_mape=6.817604 | 30min_mae=2.896315 30min_rmse=5.887565 30min_mape=8.240780 | 60min_mae=3.327080 60min_rmse=6.992845 60min_mape=9.913915
[2026-09-02 03:10:19] INFO Downstream training finished | best_val_mae=2.855158 | checkpoint=C:\Users\clw\projects\researchRep\STAnchor-BlockMemory\artifacts\convergence\formal_20260901_final_router_argcn_seed42\downstream_best.pt
