[2026-09-12 18:29:00] INFO Downstream start | run=cross_dataset_pemsbay/pemsbay_source_router_dlinear_seed42 | device=cuda:0 (requested=cuda:0) | seed=42 | output=C:\Users\clw\projects\researchRep\STAnchor-BlockMemory\artifacts\cross_dataset_pemsbay\pemsbay_source_router_dlinear_seed42
[2026-09-12 18:29:00] INFO Mode | downstream_mode=learned_topk_error_aware | training_protocol=posthoc_frozen_base | candidate_protocol=weekday_radius1_overlap | candidate_ranking=learned_key | candidate_payload=offset_decay
[2026-09-12 18:29:00] INFO Downstream initialization | seed=42 | state_hash=2d074dc1511322be
[2026-09-12 18:29:00] INFO Frozen base | checkpoint=C:\Users\clw\projects\researchRep\STAnchor-BlockMemory\artifacts\cross_dataset_pemsbay\pemsbay_baseonly_dlinear_seed42\downstream_best.pt | fingerprint=2e0f1893612870d8
[2026-09-12 18:29:00] INFO Data | steps=52116 | nodes=325 | channels=1 | training_scope=full_train | memory/post_memory/train_selected/val/test=25327/10855/36182/4912/10125
[2026-09-12 18:29:00] INFO Bank/retrieval | dataset=pemsbay_source_queue | events=25327 | nodes=325 | retrieval_dim=64 | event_top_r=96 | node_top_k=12 | key_dtype=float16
[2026-09-12 18:29:00] INFO Frozen path cache | enabled=yes | candidate_ranking=learned_key | fill=first_epoch
[2026-09-12 18:29:00] INFO Parameters | downstream_total=880,274 | downstream_trainable=879,693 | backbone=0 | confidence_head=0 | fusion=0 | frozen_pretrained=958,704
[2026-09-12 18:29:00] INFO Optimization | epochs=50 | batch_size=32 | optimizer=adam | lr=0.0005 | weight_decay=0.0001 | scheduler=step_lr | step_size=10 | gamma=0.500 | confidence_weight=0.000 | patience=20 | early_stopping=disabled
[2026-09-12 18:29:02] INFO Stage start | stage=posthoc_calibrator | epochs=50 | optimizer_lrs=[0.0005]
[2026-09-12 18:46:05] INFO Epoch 001 | stage=posthoc_calibrator | train_total=1.635163 | train_forecast=1.635163 | train_confidence=0.000000 | train_risk=0.000000 | train_blend=0.000000 | val_total=1.696369 | val_mae=1.691719 | val_rmse=3.794364 | val_mape=3.892548 | val_confidence=0.000000 | val_risk=0.000000 | val_blend=0.000000 | batches=1131/154 | seconds=1023.15 | lr=[0.0005] | cuda_peak_mb=5431.1
[2026-09-12 18:46:05] INFO Val horizons | 15min_mae=1.414801 15min_rmse=2.939347 15min_mape=3.024513 | 30min_mae=1.747573 30min_rmse=3.859764 30min_mape=4.009801 | 60min_mae=2.097425 60min_rmse=4.703008 60min_mape=5.104470
[2026-09-12 18:46:05] INFO Checkpoint updated | epoch=1 | stage=posthoc_calibrator | best_val_mae=1.691719 | path=C:\Users\clw\projects\researchRep\STAnchor-BlockMemory\artifacts\cross_dataset_pemsbay\pemsbay_source_router_dlinear_seed42\downstream_best.pt
[2026-09-12 18:48:36] INFO Epoch 002 | stage=posthoc_calibrator | train_total=1.604530 | train_forecast=1.604530 | train_confidence=0.000000 | train_risk=0.000000 | train_blend=0.000000 | val_total=1.679464 | val_mae=1.674787 | val_rmse=3.770291 | val_mape=3.826489 | val_confidence=0.000000 | val_risk=0.000000 | val_blend=0.000000 | batches=1131/154 | seconds=150.64 | lr=[0.0005] | cuda_peak_mb=2201.3
[2026-09-12 18:48:36] INFO Val horizons | 15min_mae=1.405631 15min_rmse=2.926586 15min_mape=3.011869 | 30min_mae=1.734303 30min_rmse=3.858152 30min_mape=3.965501 | 60min_mae=2.064211 60min_rmse=4.640546 60min_mape=4.956990
[2026-09-12 18:48:36] INFO Checkpoint updated | epoch=2 | stage=posthoc_calibrator | best_val_mae=1.674787 | path=C:\Users\clw\projects\researchRep\STAnchor-BlockMemory\artifacts\cross_dataset_pemsbay\pemsbay_source_router_dlinear_seed42\downstream_best.pt
[2026-09-12 18:51:06] INFO Epoch 003 | stage=posthoc_calibrator | train_total=1.595444 | train_forecast=1.595444 | train_confidence=0.000000 | train_risk=0.000000 | train_blend=0.000000 | val_total=1.667911 | val_mae=1.663311 | val_rmse=3.760765 | val_mape=3.806388 | val_confidence=0.000000 | val_risk=0.000000 | val_blend=0.000000 | batches=1131/154 | seconds=150.21 | lr=[0.0005] | cuda_peak_mb=2201.9
[2026-09-12 18:51:06] INFO Val horizons | 15min_mae=1.400958 15min_rmse=2.929624 15min_mape=3.009384 | 30min_mae=1.724624 30min_rmse=3.848885 30min_mape=3.954492 | 60min_mae=2.039971 60min_rmse=4.619028 60min_mape=4.896591
[2026-09-12 18:51:06] INFO Checkpoint updated | epoch=3 | stage=posthoc_calibrator | best_val_mae=1.663311 | path=C:\Users\clw\projects\researchRep\STAnchor-BlockMemory\artifacts\cross_dataset_pemsbay\pemsbay_source_router_dlinear_seed42\downstream_best.pt
[2026-09-12 18:53:36] INFO Epoch 004 | stage=posthoc_calibrator | train_total=1.590302 | train_forecast=1.590302 | train_confidence=0.000000 | train_risk=0.000000 | train_blend=0.000000 | val_total=1.674581 | val_mae=1.669924 | val_rmse=3.781212 | val_mape=3.904887 | val_confidence=0.000000 | val_risk=0.000000 | val_blend=0.000000 | batches=1131/154 | seconds=150.26 | lr=[0.0005] | cuda_peak_mb=2201.4
[2026-09-12 18:53:36] INFO Val horizons | 15min_mae=1.396054 15min_rmse=2.911441 15min_mape=3.011897 | 30min_mae=1.727145 30min_rmse=3.849240 30min_mape=4.020834 | 60min_mae=2.064052 60min_rmse=4.683757 60min_mape=5.132340
[2026-09-12 18:56:06] INFO Epoch 005 | stage=posthoc_calibrator | train_total=1.586173 | train_forecast=1.586173 | train_confidence=0.000000 | train_risk=0.000000 | train_blend=0.000000 | val_total=1.672100 | val_mae=1.667384 | val_rmse=3.775250 | val_mape=3.898798 | val_confidence=0.000000 | val_risk=0.000000 | val_blend=0.000000 | batches=1131/154 | seconds=149.98 | lr=[0.0005] | cuda_peak_mb=2201.8
[2026-09-12 18:56:06] INFO Val horizons | 15min_mae=1.396580 15min_rmse=2.911357 15min_mape=3.014964 | 30min_mae=1.727539 30min_rmse=3.851463 30min_mape=4.025969 | 60min_mae=2.053734 60min_rmse=4.662432 60min_mape=5.098597
[2026-09-12 18:58:36] INFO Epoch 006 | stage=posthoc_calibrator | train_total=1.583775 | train_forecast=1.583775 | train_confidence=0.000000 | train_risk=0.000000 | train_blend=0.000000 | val_total=1.664036 | val_mae=1.659397 | val_rmse=3.783490 | val_mape=3.776925 | val_confidence=0.000000 | val_risk=0.000000 | val_blend=0.000000 | batches=1131/154 | seconds=150.10 | lr=[0.0005] | cuda_peak_mb=2201.7
[2026-09-12 18:58:36] INFO Val horizons | 15min_mae=1.390813 15min_rmse=2.929303 15min_mape=2.969525 | 30min_mae=1.720443 30min_rmse=3.878799 30min_mape=3.922426 | 60min_mae=2.042468 60min_rmse=4.643708 60min_mape=4.873531
[2026-09-12 18:58:36] INFO Checkpoint updated | epoch=6 | stage=posthoc_calibrator | best_val_mae=1.659397 | path=C:\Users\clw\projects\researchRep\STAnchor-BlockMemory\artifacts\cross_dataset_pemsbay\pemsbay_source_router_dlinear_seed42\downstream_best.pt
[2026-09-12 19:01:06] INFO Epoch 007 | stage=posthoc_calibrator | train_total=1.580863 | train_forecast=1.580863 | train_confidence=0.000000 | train_risk=0.000000 | train_blend=0.000000 | val_total=1.665343 | val_mae=1.660686 | val_rmse=3.772832 | val_mape=3.834407 | val_confidence=0.000000 | val_risk=0.000000 | val_blend=0.000000 | batches=1131/154 | seconds=149.86 | lr=[0.0005] | cuda_peak_mb=2201.2
[2026-09-12 19:01:06] INFO Val horizons | 15min_mae=1.395940 15min_rmse=2.924684 15min_mape=3.027941 | 30min_mae=1.724971 30min_rmse=3.868637 30min_mape=4.008193 | 60min_mae=2.035352 60min_rmse=4.628868 60min_mape=4.893341
[2026-09-12 19:03:37] INFO Epoch 008 | stage=posthoc_calibrator | train_total=1.578347 | train_forecast=1.578347 | train_confidence=0.000000 | train_risk=0.000000 | train_blend=0.000000 | val_total=1.666774 | val_mae=1.662038 | val_rmse=3.774476 | val_mape=3.880502 | val_confidence=0.000000 | val_risk=0.000000 | val_blend=0.000000 | batches=1131/154 | seconds=150.47 | lr=[0.0005] | cuda_peak_mb=2201.3
[2026-09-12 19:03:37] INFO Val horizons | 15min_mae=1.389427 15min_rmse=2.913119 15min_mape=2.975347 | 30min_mae=1.721826 30min_rmse=3.848584 30min_mape=3.986782 | 60min_mae=2.050884 60min_rmse=4.668628 60min_mape=5.127993
[2026-09-12 19:06:07] INFO Epoch 009 | stage=posthoc_calibrator | train_total=1.576664 | train_forecast=1.576664 | train_confidence=0.000000 | train_risk=0.000000 | train_blend=0.000000 | val_total=1.660262 | val_mae=1.655707 | val_rmse=3.778819 | val_mape=3.818075 | val_confidence=0.000000 | val_risk=0.000000 | val_blend=0.000000 | batches=1131/154 | seconds=150.26 | lr=[0.0005] | cuda_peak_mb=2201.7
[2026-09-12 19:06:07] INFO Val horizons | 15min_mae=1.387962 15min_rmse=2.917464 15min_mape=2.989373 | 30min_mae=1.716403 30min_rmse=3.865449 30min_mape=3.956446 | 60min_mae=2.037716 60min_rmse=4.650822 60min_mape=4.950336
[2026-09-12 19:06:07] INFO Checkpoint updated | epoch=9 | stage=posthoc_calibrator | best_val_mae=1.655707 | path=C:\Users\clw\projects\researchRep\STAnchor-BlockMemory\artifacts\cross_dataset_pemsbay\pemsbay_source_router_dlinear_seed42\downstream_best.pt
[2026-09-12 19:08:37] INFO Epoch 010 | stage=posthoc_calibrator | train_total=1.574902 | train_forecast=1.574902 | train_confidence=0.000000 | train_risk=0.000000 | train_blend=0.000000 | val_total=1.668691 | val_mae=1.663972 | val_rmse=3.791696 | val_mape=3.809732 | val_confidence=0.000000 | val_risk=0.000000 | val_blend=0.000000 | batches=1131/154 | seconds=150.15 | lr=[0.0005] | cuda_peak_mb=2201.2
[2026-09-12 19:08:37] INFO Val horizons | 15min_mae=1.393334 15min_rmse=2.943772 15min_mape=2.964574 | 30min_mae=1.728422 30min_rmse=3.891775 30min_mape=3.945017 | 60min_mae=2.043755 60min_rmse=4.638972 60min_mape=4.947735
[2026-09-12 19:11:07] INFO Epoch 011 | stage=posthoc_calibrator | train_total=1.570187 | train_forecast=1.570187 | train_confidence=0.000000 | train_risk=0.000000 | train_blend=0.000000 | val_total=1.654577 | val_mae=1.649996 | val_rmse=3.767516 | val_mape=3.792504 | val_confidence=0.000000 | val_risk=0.000000 | val_blend=0.000000 | batches=1131/154 | seconds=150.05 | lr=[0.00025] | cuda_peak_mb=2201.3
[2026-09-12 19:11:07] INFO Val horizons | 15min_mae=1.384768 15min_rmse=2.913426 15min_mape=2.970721 | 30min_mae=1.712558 30min_rmse=3.859397 30min_mape=3.936281 | 60min_mae=2.026129 60min_rmse=4.627101 60min_mape=4.902343
[2026-09-12 19:11:07] INFO Checkpoint updated | epoch=11 | stage=posthoc_calibrator | best_val_mae=1.649996 | path=C:\Users\clw\projects\researchRep\STAnchor-BlockMemory\artifacts\cross_dataset_pemsbay\pemsbay_source_router_dlinear_seed42\downstream_best.pt
[2026-09-12 19:13:37] INFO Epoch 012 | stage=posthoc_calibrator | train_total=1.569466 | train_forecast=1.569466 | train_confidence=0.000000 | train_risk=0.000000 | train_blend=0.000000 | val_total=1.659763 | val_mae=1.655173 | val_rmse=3.779505 | val_mape=3.857415 | val_confidence=0.000000 | val_risk=0.000000 | val_blend=0.000000 | batches=1131/154 | seconds=150.39 | lr=[0.00025] | cuda_peak_mb=2201.7
[2026-09-12 19:13:37] INFO Val horizons | 15min_mae=1.386197 15min_rmse=2.917517 15min_mape=2.993221 | 30min_mae=1.717707 30min_rmse=3.869476 30min_mape=4.000258 | 60min_mae=2.034941 60min_rmse=4.645624 60min_mape=5.015931
[2026-09-12 19:16:10] INFO Epoch 013 | stage=posthoc_calibrator | train_total=1.568627 | train_forecast=1.568627 | train_confidence=0.000000 | train_risk=0.000000 | train_blend=0.000000 | val_total=1.649202 | val_mae=1.644619 | val_rmse=3.742975 | val_mape=3.784553 | val_confidence=0.000000 | val_risk=0.000000 | val_blend=0.000000 | batches=1131/154 | seconds=152.14 | lr=[0.00025] | cuda_peak_mb=2201.2
[2026-09-12 19:16:10] INFO Val horizons | 15min_mae=1.382244 15min_rmse=2.895916 15min_mape=2.965893 | 30min_mae=1.706145 30min_rmse=3.832096 30min_mape=3.925149 | 60min_mae=2.018460 60min_rmse=4.600693 60min_mape=4.898096
[2026-09-12 19:16:10] INFO Checkpoint updated | epoch=13 | stage=posthoc_calibrator | best_val_mae=1.644619 | path=C:\Users\clw\projects\researchRep\STAnchor-BlockMemory\artifacts\cross_dataset_pemsbay\pemsbay_source_router_dlinear_seed42\downstream_best.pt
[2026-09-12 19:18:43] INFO Epoch 014 | stage=posthoc_calibrator | train_total=1.567798 | train_forecast=1.567798 | train_confidence=0.000000 | train_risk=0.000000 | train_blend=0.000000 | val_total=1.651769 | val_mae=1.647131 | val_rmse=3.755687 | val_mape=3.760291 | val_confidence=0.000000 | val_risk=0.000000 | val_blend=0.000000 | batches=1131/154 | seconds=153.73 | lr=[0.00025] | cuda_peak_mb=2201.3
[2026-09-12 19:18:43] INFO Val horizons | 15min_mae=1.383710 15min_rmse=2.906436 15min_mape=2.959315 | 30min_mae=1.709904 30min_rmse=3.845488 30min_mape=3.908653 | 60min_mae=2.020388 60min_rmse=4.613984 60min_mape=4.833902
[2026-09-12 19:21:15] INFO Epoch 015 | stage=posthoc_calibrator | train_total=1.567149 | train_forecast=1.567149 | train_confidence=0.000000 | train_risk=0.000000 | train_blend=0.000000 | val_total=1.655191 | val_mae=1.650603 | val_rmse=3.766814 | val_mape=3.825314 | val_confidence=0.000000 | val_risk=0.000000 | val_blend=0.000000 | batches=1131/154 | seconds=151.95 | lr=[0.00025] | cuda_peak_mb=2201.7
[2026-09-12 19:21:15] INFO Val horizons | 15min_mae=1.382557 15min_rmse=2.907040 15min_mape=2.973021 | 30min_mae=1.711152 30min_rmse=3.853048 30min_mape=3.959595 | 60min_mae=2.033020 60min_rmse=4.636005 60min_mape=4.989597
[2026-09-12 19:23:47] INFO Epoch 016 | stage=posthoc_calibrator | train_total=1.566639 | train_forecast=1.566639 | train_confidence=0.000000 | train_risk=0.000000 | train_blend=0.000000 | val_total=1.661398 | val_mae=1.656773 | val_rmse=3.776516 | val_mape=3.884125 | val_confidence=0.000000 | val_risk=0.000000 | val_blend=0.000000 | batches=1131/154 | seconds=151.86 | lr=[0.00025] | cuda_peak_mb=2201.2
[2026-09-12 19:23:47] INFO Val horizons | 15min_mae=1.387221 15min_rmse=2.909256 15min_mape=3.006259 | 30min_mae=1.718606 30min_rmse=3.857411 30min_mape=4.023260 | 60min_mae=2.038090 60min_rmse=4.655468 60min_mape=5.064558
[2026-09-12 19:26:19] INFO Epoch 017 | stage=posthoc_calibrator | train_total=1.565707 | train_forecast=1.565707 | train_confidence=0.000000 | train_risk=0.000000 | train_blend=0.000000 | val_total=1.656103 | val_mae=1.651541 | val_rmse=3.766929 | val_mape=3.822740 | val_confidence=0.000000 | val_risk=0.000000 | val_blend=0.000000 | batches=1131/154 | seconds=152.06 | lr=[0.00025] | cuda_peak_mb=2201.3
[2026-09-12 19:26:19] INFO Val horizons | 15min_mae=1.383039 15min_rmse=2.905715 15min_mape=2.956275 | 30min_mae=1.712298 30min_rmse=3.846922 30min_mape=3.940537 | 60min_mae=2.034370 60min_rmse=4.655222 60min_mape=5.017218
[2026-09-12 19:28:51] INFO Epoch 018 | stage=posthoc_calibrator | train_total=1.565237 | train_forecast=1.565237 | train_confidence=0.000000 | train_risk=0.000000 | train_blend=0.000000 | val_total=1.654845 | val_mae=1.650266 | val_rmse=3.762125 | val_mape=3.833888 | val_confidence=0.000000 | val_risk=0.000000 | val_blend=0.000000 | batches=1131/154 | seconds=152.06 | lr=[0.00025] | cuda_peak_mb=2201.7
[2026-09-12 19:28:51] INFO Val horizons | 15min_mae=1.383708 15min_rmse=2.901308 15min_mape=2.981977 | 30min_mae=1.711600 30min_rmse=3.847480 30min_mape=3.968993 | 60min_mae=2.029260 60min_rmse=4.633101 60min_mape=4.990168
[2026-09-12 19:31:23] INFO Epoch 019 | stage=posthoc_calibrator | train_total=1.564743 | train_forecast=1.564743 | train_confidence=0.000000 | train_risk=0.000000 | train_blend=0.000000 | val_total=1.651932 | val_mae=1.647365 | val_rmse=3.748514 | val_mape=3.821285 | val_confidence=0.000000 | val_risk=0.000000 | val_blend=0.000000 | batches=1131/154 | seconds=151.65 | lr=[0.00025] | cuda_peak_mb=2201.2
[2026-09-12 19:31:23] INFO Val horizons | 15min_mae=1.382735 15min_rmse=2.900606 15min_mape=2.976447 | 30min_mae=1.710103 30min_rmse=3.832155 30min_mape=3.964382 | 60min_mae=2.022483 60min_rmse=4.614672 60min_mape=4.955414
[2026-09-12 19:33:53] INFO Epoch 020 | stage=posthoc_calibrator | train_total=1.564056 | train_forecast=1.564056 | train_confidence=0.000000 | train_risk=0.000000 | train_blend=0.000000 | val_total=1.646908 | val_mae=1.642326 | val_rmse=3.739851 | val_mape=3.771626 | val_confidence=0.000000 | val_risk=0.000000 | val_blend=0.000000 | batches=1131/154 | seconds=150.51 | lr=[0.00025] | cuda_peak_mb=2201.3
[2026-09-12 19:33:53] INFO Val horizons | 15min_mae=1.379479 15min_rmse=2.897996 15min_mape=2.937975 | 30min_mae=1.703763 30min_rmse=3.824569 30min_mape=3.899079 | 60min_mae=2.016744 60min_rmse=4.599727 60min_mape=4.911460
[2026-09-12 19:33:54] INFO Checkpoint updated | epoch=20 | stage=posthoc_calibrator | best_val_mae=1.642326 | path=C:\Users\clw\projects\researchRep\STAnchor-BlockMemory\artifacts\cross_dataset_pemsbay\pemsbay_source_router_dlinear_seed42\downstream_best.pt
[2026-09-12 19:36:24] INFO Epoch 021 | stage=posthoc_calibrator | train_total=1.560958 | train_forecast=1.560958 | train_confidence=0.000000 | train_risk=0.000000 | train_blend=0.000000 | val_total=1.652632 | val_mae=1.648065 | val_rmse=3.760393 | val_mape=3.816604 | val_confidence=0.000000 | val_risk=0.000000 | val_blend=0.000000 | batches=1131/154 | seconds=150.24 | lr=[0.000125] | cuda_peak_mb=2201.7
[2026-09-12 19:36:24] INFO Val horizons | 15min_mae=1.381511 15min_rmse=2.905194 15min_mape=2.969250 | 30min_mae=1.709562 30min_rmse=3.849133 30min_mape=3.953840 | 60min_mae=2.025742 60min_rmse=4.620348 60min_mape=4.965284
[2026-09-12 19:38:54] INFO Epoch 022 | stage=posthoc_calibrator | train_total=1.560678 | train_forecast=1.560678 | train_confidence=0.000000 | train_risk=0.000000 | train_blend=0.000000 | val_total=1.647841 | val_mae=1.643269 | val_rmse=3.743933 | val_mape=3.760217 | val_confidence=0.000000 | val_risk=0.000000 | val_blend=0.000000 | batches=1131/154 | seconds=150.33 | lr=[0.000125] | cuda_peak_mb=2201.2
[2026-09-12 19:38:54] INFO Val horizons | 15min_mae=1.378589 15min_rmse=2.901149 15min_mape=2.942404 | 30min_mae=1.705801 30min_rmse=3.837680 30min_mape=3.897998 | 60min_mae=2.015859 60min_rmse=4.591431 60min_mape=4.865725
[2026-09-12 19:41:24] INFO Epoch 023 | stage=posthoc_calibrator | train_total=1.560375 | train_forecast=1.560375 | train_confidence=0.000000 | train_risk=0.000000 | train_blend=0.000000 | val_total=1.651274 | val_mae=1.646758 | val_rmse=3.753813 | val_mape=3.815247 | val_confidence=0.000000 | val_risk=0.000000 | val_blend=0.000000 | batches=1131/154 | seconds=150.13 | lr=[0.000125] | cuda_peak_mb=2201.3
[2026-09-12 19:41:24] INFO Val horizons | 15min_mae=1.381091 15min_rmse=2.903484 15min_mape=2.969782 | 30min_mae=1.709632 30min_rmse=3.843799 30min_mape=3.958677 | 60min_mae=2.020508 60min_rmse=4.610142 60min_mape=4.944647
[2026-09-12 19:43:54] INFO Epoch 024 | stage=posthoc_calibrator | train_total=1.559796 | train_forecast=1.559796 | train_confidence=0.000000 | train_risk=0.000000 | train_blend=0.000000 | val_total=1.649620 | val_mae=1.645121 | val_rmse=3.749881 | val_mape=3.784688 | val_confidence=0.000000 | val_risk=0.000000 | val_blend=0.000000 | batches=1131/154 | seconds=150.09 | lr=[0.000125] | cuda_peak_mb=2201.7
[2026-09-12 19:43:54] INFO Val horizons | 15min_mae=1.379223 15min_rmse=2.901144 15min_mape=2.948171 | 30min_mae=1.708327 30min_rmse=3.844397 30min_mape=3.927625 | 60min_mae=2.018138 60min_rmse=4.598880 60min_mape=4.896868
[2026-09-12 19:46:24] INFO Epoch 025 | stage=posthoc_calibrator | train_total=1.559286 | train_forecast=1.559286 | train_confidence=0.000000 | train_risk=0.000000 | train_blend=0.000000 | val_total=1.645555 | val_mae=1.640947 | val_rmse=3.746090 | val_mape=3.770171 | val_confidence=0.000000 | val_risk=0.000000 | val_blend=0.000000 | batches=1131/154 | seconds=150.04 | lr=[0.000125] | cuda_peak_mb=2201.2
[2026-09-12 19:46:24] INFO Val horizons | 15min_mae=1.377942 15min_rmse=2.899947 15min_mape=2.952606 | 30min_mae=1.703597 30min_rmse=3.839178 30min_mape=3.907756 | 60min_mae=2.012015 60min_rmse=4.595708 60min_mape=4.882224
[2026-09-12 19:46:24] INFO Checkpoint updated | epoch=25 | stage=posthoc_calibrator | best_val_mae=1.640947 | path=C:\Users\clw\projects\researchRep\STAnchor-BlockMemory\artifacts\cross_dataset_pemsbay\pemsbay_source_router_dlinear_seed42\downstream_best.pt
[2026-09-12 19:48:54] INFO Epoch 026 | stage=posthoc_calibrator | train_total=1.559131 | train_forecast=1.559131 | train_confidence=0.000000 | train_risk=0.000000 | train_blend=0.000000 | val_total=1.648360 | val_mae=1.643797 | val_rmse=3.749764 | val_mape=3.798232 | val_confidence=0.000000 | val_risk=0.000000 | val_blend=0.000000 | batches=1131/154 | seconds=150.10 | lr=[0.000125] | cuda_peak_mb=2201.3
[2026-09-12 19:48:54] INFO Val horizons | 15min_mae=1.378495 15min_rmse=2.897579 15min_mape=2.958374 | 30min_mae=1.706000 30min_rmse=3.836044 30min_mape=3.938678 | 60min_mae=2.017149 60min_rmse=4.606208 60min_mape=4.920488
[2026-09-12 19:51:24] INFO Epoch 027 | stage=posthoc_calibrator | train_total=1.558809 | train_forecast=1.558809 | train_confidence=0.000000 | train_risk=0.000000 | train_blend=0.000000 | val_total=1.645852 | val_mae=1.641230 | val_rmse=3.742291 | val_mape=3.740101 | val_confidence=0.000000 | val_risk=0.000000 | val_blend=0.000000 | batches=1131/154 | seconds=150.00 | lr=[0.000125] | cuda_peak_mb=2201.7
[2026-09-12 19:51:24] INFO Val horizons | 15min_mae=1.378908 15min_rmse=2.910705 15min_mape=2.932519 | 30min_mae=1.705319 30min_rmse=3.845123 30min_mape=3.876800 | 60min_mae=2.008429 60min_rmse=4.572019 60min_mape=4.828466
[2026-09-12 19:53:55] INFO Epoch 028 | stage=posthoc_calibrator | train_total=1.558335 | train_forecast=1.558335 | train_confidence=0.000000 | train_risk=0.000000 | train_blend=0.000000 | val_total=1.652661 | val_mae=1.648043 | val_rmse=3.762190 | val_mape=3.838457 | val_confidence=0.000000 | val_risk=0.000000 | val_blend=0.000000 | batches=1131/154 | seconds=150.10 | lr=[0.000125] | cuda_peak_mb=2201.2
[2026-09-12 19:53:55] INFO Val horizons | 15min_mae=1.379215 15min_rmse=2.902667 15min_mape=2.969218 | 30min_mae=1.709899 30min_rmse=3.850571 30min_mape=3.968806 | 60min_mae=2.025810 60min_rmse=4.623110 60min_mape=5.014097
[2026-09-12 19:56:25] INFO Epoch 029 | stage=posthoc_calibrator | train_total=1.558199 | train_forecast=1.558199 | train_confidence=0.000000 | train_risk=0.000000 | train_blend=0.000000 | val_total=1.647646 | val_mae=1.643093 | val_rmse=3.740351 | val_mape=3.786498 | val_confidence=0.000000 | val_risk=0.000000 | val_blend=0.000000 | batches=1131/154 | seconds=150.18 | lr=[0.000125] | cuda_peak_mb=2201.3
[2026-09-12 19:56:25] INFO Val horizons | 15min_mae=1.379045 15min_rmse=2.898638 15min_mape=2.957084 | 30min_mae=1.706616 30min_rmse=3.832622 30min_mape=3.930998 | 60min_mae=2.014261 60min_rmse=4.589448 60min_mape=4.899668
[2026-09-12 19:58:55] INFO Epoch 030 | stage=posthoc_calibrator | train_total=1.557653 | train_forecast=1.557653 | train_confidence=0.000000 | train_risk=0.000000 | train_blend=0.000000 | val_total=1.646023 | val_mae=1.641430 | val_rmse=3.755524 | val_mape=3.799711 | val_confidence=0.000000 | val_risk=0.000000 | val_blend=0.000000 | batches=1131/154 | seconds=149.95 | lr=[0.000125] | cuda_peak_mb=2201.7
[2026-09-12 19:58:55] INFO Val horizons | 15min_mae=1.375692 15min_rmse=2.892178 15min_mape=2.936520 | 30min_mae=1.703222 30min_rmse=3.834272 30min_mape=3.924708 | 60min_mae=2.015803 60min_rmse=4.632294 60min_mape=4.964448
[2026-09-12 20:01:25] INFO Epoch 031 | stage=posthoc_calibrator | train_total=1.555916 | train_forecast=1.555916 | train_confidence=0.000000 | train_risk=0.000000 | train_blend=0.000000 | val_total=1.649955 | val_mae=1.645361 | val_rmse=3.765552 | val_mape=3.828599 | val_confidence=0.000000 | val_risk=0.000000 | val_blend=0.000000 | batches=1131/154 | seconds=150.09 | lr=[6.25e-05] | cuda_peak_mb=2201.2
[2026-09-12 20:01:25] INFO Val horizons | 15min_mae=1.377553 15min_rmse=2.901103 15min_mape=2.966402 | 30min_mae=1.707108 30min_rmse=3.851458 30min_mape=3.965841 | 60min_mae=2.022831 60min_rmse=4.634736 60min_mape=4.992853
[2026-09-12 20:03:56] INFO Epoch 032 | stage=posthoc_calibrator | train_total=1.555867 | train_forecast=1.555867 | train_confidence=0.000000 | train_risk=0.000000 | train_blend=0.000000 | val_total=1.641941 | val_mae=1.637363 | val_rmse=3.738903 | val_mape=3.765614 | val_confidence=0.000000 | val_risk=0.000000 | val_blend=0.000000 | batches=1131/154 | seconds=150.90 | lr=[6.25e-05] | cuda_peak_mb=2201.3
[2026-09-12 20:03:56] INFO Val horizons | 15min_mae=1.374790 15min_rmse=2.892749 15min_mape=2.938289 | 30min_mae=1.700868 30min_rmse=3.828922 30min_mape=3.909060 | 60min_mae=2.005565 60min_rmse=4.589541 60min_mape=4.868221
[2026-09-12 20:03:56] INFO Checkpoint updated | epoch=32 | stage=posthoc_calibrator | best_val_mae=1.637363 | path=C:\Users\clw\projects\researchRep\STAnchor-BlockMemory\artifacts\cross_dataset_pemsbay\pemsbay_source_router_dlinear_seed42\downstream_best.pt
[2026-09-12 20:06:26] INFO Epoch 033 | stage=posthoc_calibrator | train_total=1.555602 | train_forecast=1.555602 | train_confidence=0.000000 | train_risk=0.000000 | train_blend=0.000000 | val_total=1.643631 | val_mae=1.639061 | val_rmse=3.744103 | val_mape=3.753839 | val_confidence=0.000000 | val_risk=0.000000 | val_blend=0.000000 | batches=1131/154 | seconds=150.25 | lr=[6.25e-05] | cuda_peak_mb=2201.7
[2026-09-12 20:06:26] INFO Val horizons | 15min_mae=1.375262 15min_rmse=2.898972 15min_mape=2.933965 | 30min_mae=1.702453 30min_rmse=3.839161 30min_mape=3.892753 | 60min_mae=2.008494 60min_rmse=4.590166 60min_mape=4.856071
[2026-09-12 20:08:56] INFO Epoch 034 | stage=posthoc_calibrator | train_total=1.555494 | train_forecast=1.555494 | train_confidence=0.000000 | train_risk=0.000000 | train_blend=0.000000 | val_total=1.641414 | val_mae=1.636818 | val_rmse=3.737306 | val_mape=3.748050 | val_confidence=0.000000 | val_risk=0.000000 | val_blend=0.000000 | batches=1131/154 | seconds=150.41 | lr=[6.25e-05] | cuda_peak_mb=2201.2
[2026-09-12 20:08:56] INFO Val horizons | 15min_mae=1.374756 15min_rmse=2.894759 15min_mape=2.926718 | 30min_mae=1.700145 30min_rmse=3.829438 30min_mape=3.885010 | 60min_mae=2.004789 60min_rmse=4.585448 60min_mape=4.852334
[2026-09-12 20:08:56] INFO Checkpoint updated | epoch=34 | stage=posthoc_calibrator | best_val_mae=1.636818 | path=C:\Users\clw\projects\researchRep\STAnchor-BlockMemory\artifacts\cross_dataset_pemsbay\pemsbay_source_router_dlinear_seed42\downstream_best.pt
[2026-09-12 20:11:27] INFO Epoch 035 | stage=posthoc_calibrator | train_total=1.555162 | train_forecast=1.555162 | train_confidence=0.000000 | train_risk=0.000000 | train_blend=0.000000 | val_total=1.648213 | val_mae=1.643627 | val_rmse=3.769391 | val_mape=3.822421 | val_confidence=0.000000 | val_risk=0.000000 | val_blend=0.000000 | batches=1131/154 | seconds=150.39 | lr=[6.25e-05] | cuda_peak_mb=2201.3
[2026-09-12 20:11:27] INFO Val horizons | 15min_mae=1.376564 15min_rmse=2.901036 15min_mape=2.959449 | 30min_mae=1.706280 30min_rmse=3.856282 30min_mape=3.961069 | 60min_mae=2.017019 60min_rmse=4.633502 60min_mape=4.970932
[2026-09-12 20:13:57] INFO Epoch 036 | stage=posthoc_calibrator | train_total=1.554820 | train_forecast=1.554820 | train_confidence=0.000000 | train_risk=0.000000 | train_blend=0.000000 | val_total=1.643567 | val_mae=1.638954 | val_rmse=3.754548 | val_mape=3.812030 | val_confidence=0.000000 | val_risk=0.000000 | val_blend=0.000000 | batches=1131/154 | seconds=150.21 | lr=[6.25e-05] | cuda_peak_mb=2201.7
[2026-09-12 20:13:57] INFO Val horizons | 15min_mae=1.375544 15min_rmse=2.890122 15min_mape=2.958971 | 30min_mae=1.702245 30min_rmse=3.839267 30min_mape=3.958914 | 60min_mae=2.007897 60min_rmse=4.619539 60min_mape=4.940942
[2026-09-12 20:16:28] INFO Epoch 037 | stage=posthoc_calibrator | train_total=1.554770 | train_forecast=1.554770 | train_confidence=0.000000 | train_risk=0.000000 | train_blend=0.000000 | val_total=1.648219 | val_mae=1.643629 | val_rmse=3.766540 | val_mape=3.807492 | val_confidence=0.000000 | val_risk=0.000000 | val_blend=0.000000 | batches=1131/154 | seconds=150.70 | lr=[6.25e-05] | cuda_peak_mb=2201.2
[2026-09-12 20:16:28] INFO Val horizons | 15min_mae=1.375116 15min_rmse=2.898452 15min_mape=2.948524 | 30min_mae=1.705019 30min_rmse=3.854002 30min_mape=3.939683 | 60min_mae=2.021009 60min_rmse=4.631632 60min_mape=4.966554
[2026-09-12 20:18:58] INFO Epoch 038 | stage=posthoc_calibrator | train_total=1.554691 | train_forecast=1.554691 | train_confidence=0.000000 | train_risk=0.000000 | train_blend=0.000000 | val_total=1.645343 | val_mae=1.640720 | val_rmse=3.756474 | val_mape=3.790380 | val_confidence=0.000000 | val_risk=0.000000 | val_blend=0.000000 | batches=1131/154 | seconds=149.95 | lr=[6.25e-05] | cuda_peak_mb=2201.3
[2026-09-12 20:18:58] INFO Val horizons | 15min_mae=1.375368 15min_rmse=2.899367 15min_mape=2.943543 | 30min_mae=1.704635 30min_rmse=3.852678 30min_mape=3.931759 | 60min_mae=2.010038 60min_rmse=4.601542 60min_mape=4.914069
[2026-09-12 20:21:28] INFO Epoch 039 | stage=posthoc_calibrator | train_total=1.554409 | train_forecast=1.554409 | train_confidence=0.000000 | train_risk=0.000000 | train_blend=0.000000 | val_total=1.641566 | val_mae=1.636990 | val_rmse=3.743309 | val_mape=3.747314 | val_confidence=0.000000 | val_risk=0.000000 | val_blend=0.000000 | batches=1131/154 | seconds=149.95 | lr=[6.25e-05] | cuda_peak_mb=2201.7
[2026-09-12 20:21:28] INFO Val horizons | 15min_mae=1.374283 15min_rmse=2.899102 15min_mape=2.922011 | 30min_mae=1.700972 30min_rmse=3.837502 30min_mape=3.885536 | 60min_mae=2.003577 60min_rmse=4.588731 60min_mape=4.846497
[2026-09-12 20:23:58] INFO Epoch 040 | stage=posthoc_calibrator | train_total=1.554067 | train_forecast=1.554067 | train_confidence=0.000000 | train_risk=0.000000 | train_blend=0.000000 | val_total=1.646421 | val_mae=1.641857 | val_rmse=3.757534 | val_mape=3.769920 | val_confidence=0.000000 | val_risk=0.000000 | val_blend=0.000000 | batches=1131/154 | seconds=150.02 | lr=[6.25e-05] | cuda_peak_mb=2201.2
[2026-09-12 20:23:58] INFO Val horizons | 15min_mae=1.375940 15min_rmse=2.909360 15min_mape=2.930676 | 30min_mae=1.705835 30min_rmse=3.856302 30min_mape=3.902452 | 60min_mae=2.012675 60min_rmse=4.603142 60min_mape=4.899698
[2026-09-12 20:26:28] INFO Epoch 041 | stage=posthoc_calibrator | train_total=1.553165 | train_forecast=1.553165 | train_confidence=0.000000 | train_risk=0.000000 | train_blend=0.000000 | val_total=1.641780 | val_mae=1.637187 | val_rmse=3.749614 | val_mape=3.775944 | val_confidence=0.000000 | val_risk=0.000000 | val_blend=0.000000 | batches=1131/154 | seconds=150.04 | lr=[3.125e-05] | cuda_peak_mb=2201.3
[2026-09-12 20:26:28] INFO Val horizons | 15min_mae=1.373745 15min_rmse=2.894744 15min_mape=2.934708 | 30min_mae=1.700287 30min_rmse=3.837147 30min_mape=3.911172 | 60min_mae=2.006147 60min_rmse=4.608839 60min_mape=4.903379
[2026-09-12 20:28:58] INFO Epoch 042 | stage=posthoc_calibrator | train_total=1.553017 | train_forecast=1.553017 | train_confidence=0.000000 | train_risk=0.000000 | train_blend=0.000000 | val_total=1.642267 | val_mae=1.637669 | val_rmse=3.745120 | val_mape=3.786779 | val_confidence=0.000000 | val_risk=0.000000 | val_blend=0.000000 | batches=1131/154 | seconds=149.85 | lr=[3.125e-05] | cuda_peak_mb=2201.7
[2026-09-12 20:28:58] INFO Val horizons | 15min_mae=1.374249 15min_rmse=2.896723 15min_mape=2.943248 | 30min_mae=1.701223 30min_rmse=3.837342 30min_mape=3.925911 | 60min_mae=2.006110 60min_rmse=4.595012 60min_mape=4.912902
[2026-09-12 20:31:27] INFO Epoch 043 | stage=posthoc_calibrator | train_total=1.552852 | train_forecast=1.552852 | train_confidence=0.000000 | train_risk=0.000000 | train_blend=0.000000 | val_total=1.643877 | val_mae=1.639293 | val_rmse=3.750945 | val_mape=3.784680 | val_confidence=0.000000 | val_risk=0.000000 | val_blend=0.000000 | batches=1131/154 | seconds=149.79 | lr=[3.125e-05] | cuda_peak_mb=2201.2
[2026-09-12 20:31:27] INFO Val horizons | 15min_mae=1.374371 15min_rmse=2.895752 15min_mape=2.941515 | 30min_mae=1.702675 30min_rmse=3.841448 30min_mape=3.925284 | 60min_mae=2.010031 60min_rmse=4.607518 60min_mape=4.910467
[2026-09-12 20:33:57] INFO Epoch 044 | stage=posthoc_calibrator | train_total=1.553002 | train_forecast=1.553002 | train_confidence=0.000000 | train_risk=0.000000 | train_blend=0.000000 | val_total=1.643475 | val_mae=1.638875 | val_rmse=3.751977 | val_mape=3.794303 | val_confidence=0.000000 | val_risk=0.000000 | val_blend=0.000000 | batches=1131/154 | seconds=150.00 | lr=[3.125e-05] | cuda_peak_mb=2201.3
[2026-09-12 20:33:57] INFO Val horizons | 15min_mae=1.374328 15min_rmse=2.895657 15min_mape=2.948138 | 30min_mae=1.702238 30min_rmse=3.842626 30min_mape=3.935223 | 60min_mae=2.009569 60min_rmse=4.610034 60min_mape=4.927002
[2026-09-12 20:36:27] INFO Epoch 045 | stage=posthoc_calibrator | train_total=1.552762 | train_forecast=1.552762 | train_confidence=0.000000 | train_risk=0.000000 | train_blend=0.000000 | val_total=1.640024 | val_mae=1.635417 | val_rmse=3.734911 | val_mape=3.756052 | val_confidence=0.000000 | val_risk=0.000000 | val_blend=0.000000 | batches=1131/154 | seconds=149.78 | lr=[3.125e-05] | cuda_peak_mb=2201.7
[2026-09-12 20:36:27] INFO Val horizons | 15min_mae=1.373641 15min_rmse=2.894720 15min_mape=2.928854 | 30min_mae=1.700106 30min_rmse=3.832015 30min_mape=3.896462 | 60min_mae=2.000201 60min_rmse=4.574332 60min_mape=4.858535
[2026-09-12 20:36:27] INFO Checkpoint updated | epoch=45 | stage=posthoc_calibrator | best_val_mae=1.635417 | path=C:\Users\clw\projects\researchRep\STAnchor-BlockMemory\artifacts\cross_dataset_pemsbay\pemsbay_source_router_dlinear_seed42\downstream_best.pt
[2026-09-12 20:38:57] INFO Epoch 046 | stage=posthoc_calibrator | train_total=1.552694 | train_forecast=1.552694 | train_confidence=0.000000 | train_risk=0.000000 | train_blend=0.000000 | val_total=1.643967 | val_mae=1.639373 | val_rmse=3.755258 | val_mape=3.796722 | val_confidence=0.000000 | val_risk=0.000000 | val_blend=0.000000 | batches=1131/154 | seconds=149.94 | lr=[3.125e-05] | cuda_peak_mb=2201.2
[2026-09-12 20:38:57] INFO Val horizons | 15min_mae=1.374426 15min_rmse=2.897640 15min_mape=2.947712 | 30min_mae=1.702732 30min_rmse=3.846246 30min_mape=3.936859 | 60min_mae=2.010059 60min_rmse=4.612084 60min_mape=4.931298
[2026-09-12 20:41:27] INFO Epoch 047 | stage=posthoc_calibrator | train_total=1.552524 | train_forecast=1.552524 | train_confidence=0.000000 | train_risk=0.000000 | train_blend=0.000000 | val_total=1.638562 | val_mae=1.633988 | val_rmse=3.734639 | val_mape=3.750811 | val_confidence=0.000000 | val_risk=0.000000 | val_blend=0.000000 | batches=1131/154 | seconds=149.98 | lr=[3.125e-05] | cuda_peak_mb=2201.3
[2026-09-12 20:41:27] INFO Val horizons | 15min_mae=1.373144 15min_rmse=2.893375 15min_mape=2.931903 | 30min_mae=1.698859 30min_rmse=3.830291 30min_mape=3.898410 | 60min_mae=1.997803 60min_rmse=4.577010 60min_mape=4.836284
[2026-09-12 20:41:27] INFO Checkpoint updated | epoch=47 | stage=posthoc_calibrator | best_val_mae=1.633988 | path=C:\Users\clw\projects\researchRep\STAnchor-BlockMemory\artifacts\cross_dataset_pemsbay\pemsbay_source_router_dlinear_seed42\downstream_best.pt
[2026-09-12 20:43:57] INFO Epoch 048 | stage=posthoc_calibrator | train_total=1.552491 | train_forecast=1.552491 | train_confidence=0.000000 | train_risk=0.000000 | train_blend=0.000000 | val_total=1.639030 | val_mae=1.634420 | val_rmse=3.736442 | val_mape=3.753054 | val_confidence=0.000000 | val_risk=0.000000 | val_blend=0.000000 | batches=1131/154 | seconds=149.62 | lr=[3.125e-05] | cuda_peak_mb=2201.7
[2026-09-12 20:43:57] INFO Val horizons | 15min_mae=1.372569 15min_rmse=2.891341 15min_mape=2.927412 | 30min_mae=1.698241 30min_rmse=3.831403 30min_mape=3.891804 | 60min_mae=2.000502 60min_rmse=4.581245 60min_mape=4.858534
[2026-09-12 20:46:27] INFO Epoch 049 | stage=posthoc_calibrator | train_total=1.552504 | train_forecast=1.552504 | train_confidence=0.000000 | train_risk=0.000000 | train_blend=0.000000 | val_total=1.641120 | val_mae=1.636530 | val_rmse=3.741406 | val_mape=3.770818 | val_confidence=0.000000 | val_risk=0.000000 | val_blend=0.000000 | batches=1131/154 | seconds=149.91 | lr=[3.125e-05] | cuda_peak_mb=2201.2
[2026-09-12 20:46:27] INFO Val horizons | 15min_mae=1.373540 15min_rmse=2.892352 15min_mape=2.937531 | 30min_mae=1.700681 30min_rmse=3.833761 30min_mape=3.916423 | 60min_mae=2.003820 60min_rmse=4.592119 60min_mape=4.877045
[2026-09-12 20:48:57] INFO Epoch 050 | stage=posthoc_calibrator | train_total=1.552334 | train_forecast=1.552334 | train_confidence=0.000000 | train_risk=0.000000 | train_blend=0.000000 | val_total=1.637806 | val_mae=1.633203 | val_rmse=3.730721 | val_mape=3.758999 | val_confidence=0.000000 | val_risk=0.000000 | val_blend=0.000000 | batches=1131/154 | seconds=149.85 | lr=[3.125e-05] | cuda_peak_mb=2201.3
[2026-09-12 20:48:57] INFO Val horizons | 15min_mae=1.372551 15min_rmse=2.887989 15min_mape=2.935986 | 30min_mae=1.697545 30min_rmse=3.823868 30min_mape=3.905419 | 60min_mae=1.997582 60min_rmse=4.576111 60min_mape=4.853049
[2026-09-12 20:48:57] INFO Checkpoint updated | epoch=50 | stage=posthoc_calibrator | best_val_mae=1.633203 | path=C:\Users\clw\projects\researchRep\STAnchor-BlockMemory\artifacts\cross_dataset_pemsbay\pemsbay_source_router_dlinear_seed42\downstream_best.pt
[2026-09-12 20:48:57] INFO Downstream training finished | best_val_mae=1.633203 | checkpoint=C:\Users\clw\projects\researchRep\STAnchor-BlockMemory\artifacts\cross_dataset_pemsbay\pemsbay_source_router_dlinear_seed42\downstream_best.pt
