[2026-09-16 02:36:38] INFO Downstream start | run=paper_final_joint_context_offset_only_seed42/main_table/pemsbay/ours/gwn | device=cuda:0 (requested=cuda:0) | seed=42 | output=C:\Users\clw\projects\researchRep\STAnchor-BlockMemory\artifacts\paper_final_joint_context_offset_only_seed42\main_table\pemsbay\ours\gwn
[2026-09-16 02:36:38] INFO Mode | downstream_mode=learned_topk_error_aware | training_protocol=posthoc_frozen_base | candidate_protocol=weekday_radius1_overlap | candidate_ranking=learned_key | candidate_payload=offset_only
[2026-09-16 02:36:38] INFO Downstream initialization | seed=42 | state_hash=98d625bc4561e4c8
[2026-09-16 02:36:38] INFO Frozen base | checkpoint=C:\Users\clw\projects\researchRep\STAnchor-BlockMemory\artifacts\cross_dataset_stage1\pemsbay_baseonly_gwn_seed42\downstream_best.pt | fingerprint=a00a53284d334d67
[2026-09-16 02:36:38] INFO Data | steps=52116 | nodes=325 | channels=1 | training_scope=full_train | memory/post_memory/train_selected/val/test=25327/10855/36182/4912/10125
[2026-09-16 02:36:38] INFO Frozen path cache | enabled=True | storage=disk_mmap | train_samples=36182 | val_samples=4912 | allocated_mib=7081.7
[2026-09-16 02:36:38] INFO Bank/retrieval | dataset=pemsbay_joint_context_offset_only_t1 | events=25327 | nodes=325 | retrieval_dim=64 | event_top_r=32 | node_top_k=12 | key_dtype=float16
[2026-09-16 02:36:38] INFO Frozen path cache | enabled=yes | candidate_ranking=learned_key | fill=first_epoch
[2026-09-16 02:36:38] INFO Parameters | downstream_total=1,197,082 | downstream_trainable=885,085 | backbone=0 | confidence_head=0 | fusion=0 | frozen_pretrained=958,704
[2026-09-16 02:36:38] INFO Optimization | epochs=50 | batch_size=32 | optimizer=adam | lr=0.001 | weight_decay=0.0001 | scheduler=step_lr | step_size=10 | gamma=0.950 | confidence_weight=0.000 | patience=10 | early_stopping=disabled
[2026-09-16 02:36:39] INFO Stage start | stage=posthoc_calibrator | epochs=50 | optimizer_lrs=[0.001]
[2026-09-16 07:10:30] INFO Downstream start | run=paper_final_joint_context_offset_only_seed42/main_table/pemsbay/ours/gwn | device=cuda:0 (requested=cuda:0) | seed=42 | output=C:\Users\clw\projects\researchRep\STAnchor-BlockMemory\artifacts\paper_final_joint_context_offset_only_seed42\main_table\pemsbay\ours\gwn
[2026-09-16 07:10:30] INFO Mode | downstream_mode=learned_topk_error_aware | training_protocol=posthoc_frozen_base | candidate_protocol=weekday_radius1_overlap | candidate_ranking=learned_key | candidate_payload=offset_only
[2026-09-16 07:10:30] INFO Downstream initialization | seed=42 | state_hash=98d625bc4561e4c8
[2026-09-16 07:10:30] INFO Frozen base | checkpoint=C:\Users\clw\projects\researchRep\STAnchor-BlockMemory\artifacts\cross_dataset_stage1\pemsbay_baseonly_gwn_seed42\downstream_best.pt | fingerprint=a00a53284d334d67
[2026-09-16 07:10:30] INFO Data | steps=52116 | nodes=325 | channels=1 | training_scope=full_train | memory/post_memory/train_selected/val/test=25327/10855/36182/4912/10125
[2026-09-16 07:10:30] INFO Frozen path cache | enabled=True | storage=disk_mmap | train_samples=36182 | val_samples=4912 | allocated_mib=7081.7
[2026-09-16 07:10:30] INFO Bank/retrieval | dataset=pemsbay_joint_context_offset_only_t1 | events=25327 | nodes=325 | retrieval_dim=64 | event_top_r=96 | node_top_k=12 | key_dtype=float16
[2026-09-16 07:10:30] INFO Frozen path cache | enabled=yes | candidate_ranking=learned_key | fill=first_epoch
[2026-09-16 07:10:30] INFO Parameters | downstream_total=1,197,082 | downstream_trainable=885,085 | backbone=0 | confidence_head=0 | fusion=0 | frozen_pretrained=958,704
[2026-09-16 07:10:30] INFO Optimization | epochs=50 | batch_size=32 | optimizer=adam | lr=0.001 | weight_decay=0.0001 | scheduler=step_lr | step_size=10 | gamma=0.950 | confidence_weight=0.000 | patience=10 | early_stopping=disabled
[2026-09-16 07:10:31] INFO Stage start | stage=posthoc_calibrator | epochs=50 | optimizer_lrs=[0.001]
[2026-09-16 07:26:36] INFO Epoch 001 | stage=posthoc_calibrator | train_total=1.396825 | train_forecast=1.396825 | train_confidence=0.000000 | train_risk=0.000000 | train_blend=0.000000 | val_total=1.559207 | val_mae=1.554208 | val_rmse=3.595131 | val_mape=3.565975 | val_confidence=0.000000 | val_risk=0.000000 | val_blend=0.000000 | batches=1131/154 | seconds=965.00 | lr=[0.001] | cuda_peak_mb=5463.2
[2026-09-16 07:26:36] INFO Val horizons | 15min_mae=1.314693 15min_rmse=2.753698 15min_mape=2.810772 | 30min_mae=1.621570 30min_rmse=3.697355 30min_mape=3.728629 | 60min_mae=1.878368 60min_rmse=4.396709 60min_mape=4.522185
[2026-09-16 07:26:36] INFO Checkpoint updated | epoch=1 | stage=posthoc_calibrator | best_val_mae=1.554208 | path=C:\Users\clw\projects\researchRep\STAnchor-BlockMemory\artifacts\paper_final_joint_context_offset_only_seed42\main_table\pemsbay\ours\gwn\downstream_best.pt
[2026-09-16 07:31:52] INFO Epoch 002 | stage=posthoc_calibrator | train_total=1.392120 | train_forecast=1.392120 | train_confidence=0.000000 | train_risk=0.000000 | train_blend=0.000000 | val_total=1.561321 | val_mae=1.556230 | val_rmse=3.611934 | val_mape=3.604791 | val_confidence=0.000000 | val_risk=0.000000 | val_blend=0.000000 | batches=1131/154 | seconds=315.21 | lr=[0.001] | cuda_peak_mb=2280.3
[2026-09-16 07:31:52] INFO Val horizons | 15min_mae=1.313729 15min_rmse=2.755006 15min_mape=2.824859 | 30min_mae=1.622188 30min_rmse=3.710736 30min_mape=3.763021 | 60min_mae=1.883635 60min_rmse=4.427717 60min_mape=4.585314
[2026-09-16 07:37:09] INFO Epoch 003 | stage=posthoc_calibrator | train_total=1.389905 | train_forecast=1.389905 | train_confidence=0.000000 | train_risk=0.000000 | train_blend=0.000000 | val_total=1.556205 | val_mae=1.551227 | val_rmse=3.600751 | val_mape=3.568968 | val_confidence=0.000000 | val_risk=0.000000 | val_blend=0.000000 | batches=1131/154 | seconds=317.25 | lr=[0.001] | cuda_peak_mb=2280.4
[2026-09-16 07:37:09] INFO Val horizons | 15min_mae=1.312056 15min_rmse=2.753224 15min_mape=2.810394 | 30min_mae=1.617295 30min_rmse=3.700605 30min_mape=3.723717 | 60min_mae=1.875126 60min_rmse=4.408752 60min_mape=4.535663
[2026-09-16 07:37:09] INFO Checkpoint updated | epoch=3 | stage=posthoc_calibrator | best_val_mae=1.551227 | path=C:\Users\clw\projects\researchRep\STAnchor-BlockMemory\artifacts\paper_final_joint_context_offset_only_seed42\main_table\pemsbay\ours\gwn\downstream_best.pt
[2026-09-16 07:42:32] INFO Epoch 004 | stage=posthoc_calibrator | train_total=1.388091 | train_forecast=1.388091 | train_confidence=0.000000 | train_risk=0.000000 | train_blend=0.000000 | val_total=1.553502 | val_mae=1.548520 | val_rmse=3.598048 | val_mape=3.572573 | val_confidence=0.000000 | val_risk=0.000000 | val_blend=0.000000 | batches=1131/154 | seconds=322.64 | lr=[0.001] | cuda_peak_mb=2280.2
[2026-09-16 07:42:32] INFO Val horizons | 15min_mae=1.309394 15min_rmse=2.752331 15min_mape=2.808402 | 30min_mae=1.614461 30min_rmse=3.696281 30min_mape=3.733124 | 60min_mae=1.873002 60min_rmse=4.409808 60min_mape=4.530053
[2026-09-16 07:42:32] INFO Checkpoint updated | epoch=4 | stage=posthoc_calibrator | best_val_mae=1.548520 | path=C:\Users\clw\projects\researchRep\STAnchor-BlockMemory\artifacts\paper_final_joint_context_offset_only_seed42\main_table\pemsbay\ours\gwn\downstream_best.pt
[2026-09-16 07:47:49] INFO Epoch 005 | stage=posthoc_calibrator | train_total=1.384815 | train_forecast=1.384815 | train_confidence=0.000000 | train_risk=0.000000 | train_blend=0.000000 | val_total=1.550411 | val_mae=1.545413 | val_rmse=3.588209 | val_mape=3.551721 | val_confidence=0.000000 | val_risk=0.000000 | val_blend=0.000000 | batches=1131/154 | seconds=316.86 | lr=[0.001] | cuda_peak_mb=2280.9
[2026-09-16 07:47:49] INFO Val horizons | 15min_mae=1.308680 15min_rmse=2.746707 15min_mape=2.799805 | 30min_mae=1.611726 30min_rmse=3.686631 30min_mape=3.712648 | 60min_mae=1.865016 60min_rmse=4.389762 60min_mape=4.491477
[2026-09-16 07:47:49] INFO Checkpoint updated | epoch=5 | stage=posthoc_calibrator | best_val_mae=1.545413 | path=C:\Users\clw\projects\researchRep\STAnchor-BlockMemory\artifacts\paper_final_joint_context_offset_only_seed42\main_table\pemsbay\ours\gwn\downstream_best.pt
[2026-09-16 07:53:06] INFO Epoch 006 | stage=posthoc_calibrator | train_total=1.383311 | train_forecast=1.383311 | train_confidence=0.000000 | train_risk=0.000000 | train_blend=0.000000 | val_total=1.550303 | val_mae=1.545322 | val_rmse=3.592194 | val_mape=3.561253 | val_confidence=0.000000 | val_risk=0.000000 | val_blend=0.000000 | batches=1131/154 | seconds=317.33 | lr=[0.001] | cuda_peak_mb=2280.6
[2026-09-16 07:53:06] INFO Val horizons | 15min_mae=1.307630 15min_rmse=2.746665 15min_mape=2.805598 | 30min_mae=1.610875 30min_rmse=3.689732 30min_mape=3.720785 | 60min_mae=1.868214 60min_rmse=4.400331 60min_mape=4.510120
[2026-09-16 07:53:06] INFO Checkpoint updated | epoch=6 | stage=posthoc_calibrator | best_val_mae=1.545322 | path=C:\Users\clw\projects\researchRep\STAnchor-BlockMemory\artifacts\paper_final_joint_context_offset_only_seed42\main_table\pemsbay\ours\gwn\downstream_best.pt
[2026-09-16 07:58:22] INFO Epoch 007 | stage=posthoc_calibrator | train_total=1.382485 | train_forecast=1.382485 | train_confidence=0.000000 | train_risk=0.000000 | train_blend=0.000000 | val_total=1.553843 | val_mae=1.548803 | val_rmse=3.609163 | val_mape=3.577347 | val_confidence=0.000000 | val_risk=0.000000 | val_blend=0.000000 | batches=1131/154 | seconds=315.95 | lr=[0.001] | cuda_peak_mb=2279.8
[2026-09-16 07:58:22] INFO Val horizons | 15min_mae=1.309064 15min_rmse=2.756853 15min_mape=2.809527 | 30min_mae=1.615687 30min_rmse=3.710122 30min_mape=3.742791 | 60min_mae=1.872715 60min_rmse=4.419951 60min_mape=4.534418
[2026-09-16 08:03:37] INFO Epoch 008 | stage=posthoc_calibrator | train_total=1.381983 | train_forecast=1.381983 | train_confidence=0.000000 | train_risk=0.000000 | train_blend=0.000000 | val_total=1.552057 | val_mae=1.547168 | val_rmse=3.601572 | val_mape=3.576932 | val_confidence=0.000000 | val_risk=0.000000 | val_blend=0.000000 | batches=1131/154 | seconds=315.48 | lr=[0.001] | cuda_peak_mb=2280.7
[2026-09-16 08:03:37] INFO Val horizons | 15min_mae=1.309282 15min_rmse=2.755377 15min_mape=2.814010 | 30min_mae=1.613840 30min_rmse=3.704642 30min_mape=3.740971 | 60min_mae=1.870412 60min_rmse=4.407900 60min_mape=4.538324
[2026-09-16 08:08:53] INFO Epoch 009 | stage=posthoc_calibrator | train_total=1.381636 | train_forecast=1.381636 | train_confidence=0.000000 | train_risk=0.000000 | train_blend=0.000000 | val_total=1.547283 | val_mae=1.542385 | val_rmse=3.585364 | val_mape=3.552620 | val_confidence=0.000000 | val_risk=0.000000 | val_blend=0.000000 | batches=1131/154 | seconds=315.45 | lr=[0.001] | cuda_peak_mb=2281.4
[2026-09-16 08:08:53] INFO Val horizons | 15min_mae=1.306293 15min_rmse=2.744264 15min_mape=2.799369 | 30min_mae=1.607790 30min_rmse=3.681349 30min_mape=3.711327 | 60min_mae=1.864272 60min_rmse=4.395372 60min_mape=4.505497
[2026-09-16 08:08:53] INFO Checkpoint updated | epoch=9 | stage=posthoc_calibrator | best_val_mae=1.542385 | path=C:\Users\clw\projects\researchRep\STAnchor-BlockMemory\artifacts\paper_final_joint_context_offset_only_seed42\main_table\pemsbay\ours\gwn\downstream_best.pt
[2026-09-16 08:14:08] INFO Epoch 010 | stage=posthoc_calibrator | train_total=1.381039 | train_forecast=1.381039 | train_confidence=0.000000 | train_risk=0.000000 | train_blend=0.000000 | val_total=1.546905 | val_mae=1.542140 | val_rmse=3.583674 | val_mape=3.553527 | val_confidence=0.000000 | val_risk=0.000000 | val_blend=0.000000 | batches=1131/154 | seconds=315.21 | lr=[0.001] | cuda_peak_mb=2280.9
[2026-09-16 08:14:08] INFO Val horizons | 15min_mae=1.306744 15min_rmse=2.748564 15min_mape=2.805751 | 30min_mae=1.608217 30min_rmse=3.688192 30min_mape=3.717918 | 60min_mae=1.862058 60min_rmse=4.376430 60min_mape=4.492392
[2026-09-16 08:14:08] INFO Checkpoint updated | epoch=10 | stage=posthoc_calibrator | best_val_mae=1.542140 | path=C:\Users\clw\projects\researchRep\STAnchor-BlockMemory\artifacts\paper_final_joint_context_offset_only_seed42\main_table\pemsbay\ours\gwn\downstream_best.pt
[2026-09-16 08:19:25] INFO Epoch 011 | stage=posthoc_calibrator | train_total=1.380823 | train_forecast=1.380823 | train_confidence=0.000000 | train_risk=0.000000 | train_blend=0.000000 | val_total=1.543605 | val_mae=1.538898 | val_rmse=3.568694 | val_mape=3.532216 | val_confidence=0.000000 | val_risk=0.000000 | val_blend=0.000000 | batches=1131/154 | seconds=316.96 | lr=[0.00095] | cuda_peak_mb=2279.8
[2026-09-16 08:19:25] INFO Val horizons | 15min_mae=1.305719 15min_rmse=2.741244 15min_mape=2.801868 | 30min_mae=1.603767 30min_rmse=3.671115 30min_mape=3.691862 | 60min_mae=1.860157 60min_rmse=4.362907 60min_mape=4.471014
[2026-09-16 08:19:25] INFO Checkpoint updated | epoch=11 | stage=posthoc_calibrator | best_val_mae=1.538898 | path=C:\Users\clw\projects\researchRep\STAnchor-BlockMemory\artifacts\paper_final_joint_context_offset_only_seed42\main_table\pemsbay\ours\gwn\downstream_best.pt
[2026-09-16 08:24:42] INFO Epoch 012 | stage=posthoc_calibrator | train_total=1.380734 | train_forecast=1.380734 | train_confidence=0.000000 | train_risk=0.000000 | train_blend=0.000000 | val_total=1.550576 | val_mae=1.545612 | val_rmse=3.600589 | val_mape=3.573875 | val_confidence=0.000000 | val_risk=0.000000 | val_blend=0.000000 | batches=1131/154 | seconds=316.36 | lr=[0.00095] | cuda_peak_mb=2280.4
[2026-09-16 08:24:42] INFO Val horizons | 15min_mae=1.308287 15min_rmse=2.752016 15min_mape=2.811784 | 30min_mae=1.611478 30min_rmse=3.699801 30min_mape=3.737199 | 60min_mae=1.866465 60min_rmse=4.407470 60min_mape=4.523850
[2026-09-16 08:29:58] INFO Epoch 013 | stage=posthoc_calibrator | train_total=1.380513 | train_forecast=1.380513 | train_confidence=0.000000 | train_risk=0.000000 | train_blend=0.000000 | val_total=1.547715 | val_mae=1.542963 | val_rmse=3.577096 | val_mape=3.515192 | val_confidence=0.000000 | val_risk=0.000000 | val_blend=0.000000 | batches=1131/154 | seconds=316.27 | lr=[0.00095] | cuda_peak_mb=2280.6
[2026-09-16 08:29:58] INFO Val horizons | 15min_mae=1.308185 15min_rmse=2.743663 15min_mape=2.786458 | 30min_mae=1.608332 30min_rmse=3.680643 30min_mape=3.667711 | 60min_mae=1.864101 60min_rmse=4.373369 60min_mape=4.458141
[2026-09-16 08:35:13] INFO Epoch 014 | stage=posthoc_calibrator | train_total=1.380693 | train_forecast=1.380693 | train_confidence=0.000000 | train_risk=0.000000 | train_blend=0.000000 | val_total=1.551469 | val_mae=1.546454 | val_rmse=3.594992 | val_mape=3.569862 | val_confidence=0.000000 | val_risk=0.000000 | val_blend=0.000000 | batches=1131/154 | seconds=315.43 | lr=[0.00095] | cuda_peak_mb=2280.2
[2026-09-16 08:35:13] INFO Val horizons | 15min_mae=1.308390 15min_rmse=2.749931 15min_mape=2.806555 | 30min_mae=1.612998 30min_rmse=3.695568 30min_mape=3.733534 | 60min_mae=1.869235 60min_rmse=4.402040 60min_mape=4.526250
[2026-09-16 08:40:29] INFO Epoch 015 | stage=posthoc_calibrator | train_total=1.380318 | train_forecast=1.380318 | train_confidence=0.000000 | train_risk=0.000000 | train_blend=0.000000 | val_total=1.547373 | val_mae=1.542497 | val_rmse=3.583489 | val_mape=3.538486 | val_confidence=0.000000 | val_risk=0.000000 | val_blend=0.000000 | batches=1131/154 | seconds=315.25 | lr=[0.00095] | cuda_peak_mb=2280.9
[2026-09-16 08:40:29] INFO Val horizons | 15min_mae=1.306635 15min_rmse=2.744221 15min_mape=2.794577 | 30min_mae=1.608008 30min_rmse=3.682155 30min_mape=3.699059 | 60min_mae=1.863916 60min_rmse=4.385794 60min_mape=4.475134
[2026-09-16 08:45:44] INFO Epoch 016 | stage=posthoc_calibrator | train_total=1.380149 | train_forecast=1.380149 | train_confidence=0.000000 | train_risk=0.000000 | train_blend=0.000000 | val_total=1.545684 | val_mae=1.540810 | val_rmse=3.581931 | val_mape=3.553144 | val_confidence=0.000000 | val_risk=0.000000 | val_blend=0.000000 | batches=1131/154 | seconds=315.13 | lr=[0.00095] | cuda_peak_mb=2280.6
[2026-09-16 08:45:44] INFO Val horizons | 15min_mae=1.306053 15min_rmse=2.747009 15min_mape=2.804349 | 30min_mae=1.606896 30min_rmse=3.683002 30min_mape=3.717214 | 60min_mae=1.859168 60min_rmse=4.376391 60min_mape=4.490663
[2026-09-16 08:50:59] INFO Epoch 017 | stage=posthoc_calibrator | train_total=1.379892 | train_forecast=1.379892 | train_confidence=0.000000 | train_risk=0.000000 | train_blend=0.000000 | val_total=1.546159 | val_mae=1.541348 | val_rmse=3.578582 | val_mape=3.527152 | val_confidence=0.000000 | val_risk=0.000000 | val_blend=0.000000 | batches=1131/154 | seconds=315.44 | lr=[0.00095] | cuda_peak_mb=2279.8
[2026-09-16 08:50:59] INFO Val horizons | 15min_mae=1.306365 15min_rmse=2.744728 15min_mape=2.792367 | 30min_mae=1.607677 30min_rmse=3.683363 30min_mape=3.689157 | 60min_mae=1.861121 60min_rmse=4.370693 60min_mape=4.458420
[2026-09-16 08:56:12] INFO Epoch 018 | stage=posthoc_calibrator | train_total=1.380041 | train_forecast=1.380041 | train_confidence=0.000000 | train_risk=0.000000 | train_blend=0.000000 | val_total=1.554391 | val_mae=1.549333 | val_rmse=3.610672 | val_mape=3.590168 | val_confidence=0.000000 | val_risk=0.000000 | val_blend=0.000000 | batches=1131/154 | seconds=312.93 | lr=[0.00095] | cuda_peak_mb=2280.7
[2026-09-16 08:56:12] INFO Val horizons | 15min_mae=1.308932 15min_rmse=2.754392 15min_mape=2.811032 | 30min_mae=1.614865 30min_rmse=3.706489 30min_mape=3.747541 | 60min_mae=1.875252 60min_rmse=4.430835 60min_mape=4.567213
[2026-09-16 09:01:25] INFO Epoch 019 | stage=posthoc_calibrator | train_total=1.379753 | train_forecast=1.379753 | train_confidence=0.000000 | train_risk=0.000000 | train_blend=0.000000 | val_total=1.546691 | val_mae=1.541855 | val_rmse=3.591217 | val_mape=3.540605 | val_confidence=0.000000 | val_risk=0.000000 | val_blend=0.000000 | batches=1131/154 | seconds=313.35 | lr=[0.00095] | cuda_peak_mb=2281.4
[2026-09-16 09:01:25] INFO Val horizons | 15min_mae=1.306199 15min_rmse=2.748513 15min_mape=2.796616 | 30min_mae=1.607076 30min_rmse=3.690115 30min_mape=3.698062 | 60min_mae=1.863791 60min_rmse=4.398655 60min_mape=4.487286
[2026-09-16 09:06:39] INFO Epoch 020 | stage=posthoc_calibrator | train_total=1.379495 | train_forecast=1.379495 | train_confidence=0.000000 | train_risk=0.000000 | train_blend=0.000000 | val_total=1.547012 | val_mae=1.542135 | val_rmse=3.589653 | val_mape=3.553121 | val_confidence=0.000000 | val_risk=0.000000 | val_blend=0.000000 | batches=1131/154 | seconds=313.72 | lr=[0.00095] | cuda_peak_mb=2280.9
[2026-09-16 09:06:39] INFO Val horizons | 15min_mae=1.305889 15min_rmse=2.747150 15min_mape=2.799908 | 30min_mae=1.608046 30min_rmse=3.690760 30min_mape=3.713136 | 60min_mae=1.863513 60min_rmse=4.394162 60min_mape=4.505495
[2026-09-16 09:11:52] INFO Epoch 021 | stage=posthoc_calibrator | train_total=1.379553 | train_forecast=1.379553 | train_confidence=0.000000 | train_risk=0.000000 | train_blend=0.000000 | val_total=1.547955 | val_mae=1.543087 | val_rmse=3.591888 | val_mape=3.566523 | val_confidence=0.000000 | val_risk=0.000000 | val_blend=0.000000 | batches=1131/154 | seconds=313.31 | lr=[0.0009025] | cuda_peak_mb=2279.8
[2026-09-16 09:11:52] INFO Val horizons | 15min_mae=1.306874 15min_rmse=2.750779 15min_mape=2.810964 | 30min_mae=1.609187 30min_rmse=3.695185 30min_mape=3.730953 | 60min_mae=1.863802 60min_rmse=4.392109 60min_mape=4.516797
[2026-09-16 09:17:07] INFO Epoch 022 | stage=posthoc_calibrator | train_total=1.379451 | train_forecast=1.379451 | train_confidence=0.000000 | train_risk=0.000000 | train_blend=0.000000 | val_total=1.546730 | val_mae=1.541816 | val_rmse=3.586307 | val_mape=3.546012 | val_confidence=0.000000 | val_risk=0.000000 | val_blend=0.000000 | batches=1131/154 | seconds=314.44 | lr=[0.0009025] | cuda_peak_mb=2280.4
[2026-09-16 09:17:07] INFO Val horizons | 15min_mae=1.305981 15min_rmse=2.745645 15min_mape=2.798758 | 30min_mae=1.606867 30min_rmse=3.684745 30min_mape=3.704364 | 60min_mae=1.864366 60min_rmse=4.393682 60min_mape=4.494924
[2026-09-16 09:22:20] INFO Epoch 023 | stage=posthoc_calibrator | train_total=1.379086 | train_forecast=1.379086 | train_confidence=0.000000 | train_risk=0.000000 | train_blend=0.000000 | val_total=1.548822 | val_mae=1.543937 | val_rmse=3.595743 | val_mape=3.578259 | val_confidence=0.000000 | val_risk=0.000000 | val_blend=0.000000 | batches=1131/154 | seconds=313.58 | lr=[0.0009025] | cuda_peak_mb=2280.6
[2026-09-16 09:22:20] INFO Val horizons | 15min_mae=1.307391 15min_rmse=2.751176 15min_mape=2.817880 | 30min_mae=1.609909 30min_rmse=3.698358 30min_mape=3.743543 | 60min_mae=1.864854 60min_rmse=4.396820 60min_mape=4.530185
[2026-09-16 09:27:35] INFO Epoch 024 | stage=posthoc_calibrator | train_total=1.379209 | train_forecast=1.379209 | train_confidence=0.000000 | train_risk=0.000000 | train_blend=0.000000 | val_total=1.551217 | val_mae=1.546251 | val_rmse=3.601910 | val_mape=3.573754 | val_confidence=0.000000 | val_risk=0.000000 | val_blend=0.000000 | batches=1131/154 | seconds=314.76 | lr=[0.0009025] | cuda_peak_mb=2280.2
[2026-09-16 09:27:35] INFO Val horizons | 15min_mae=1.308207 15min_rmse=2.752887 15min_mape=2.809942 | 30min_mae=1.612042 30min_rmse=3.700706 30min_mape=3.735384 | 60min_mae=1.871123 60min_rmse=4.415516 60min_mape=4.537195
[2026-09-16 09:32:50] INFO Epoch 025 | stage=posthoc_calibrator | train_total=1.379108 | train_forecast=1.379108 | train_confidence=0.000000 | train_risk=0.000000 | train_blend=0.000000 | val_total=1.544909 | val_mae=1.540066 | val_rmse=3.583094 | val_mape=3.541602 | val_confidence=0.000000 | val_risk=0.000000 | val_blend=0.000000 | batches=1131/154 | seconds=314.57 | lr=[0.0009025] | cuda_peak_mb=2280.9
[2026-09-16 09:32:50] INFO Val horizons | 15min_mae=1.305555 15min_rmse=2.743839 15min_mape=2.798241 | 30min_mae=1.605799 30min_rmse=3.682813 30min_mape=3.704370 | 60min_mae=1.859290 60min_rmse=4.382814 60min_mape=4.474282
[2026-09-16 09:38:04] INFO Epoch 026 | stage=posthoc_calibrator | train_total=1.378996 | train_forecast=1.378996 | train_confidence=0.000000 | train_risk=0.000000 | train_blend=0.000000 | val_total=1.551748 | val_mae=1.546761 | val_rmse=3.598481 | val_mape=3.597705 | val_confidence=0.000000 | val_risk=0.000000 | val_blend=0.000000 | batches=1131/154 | seconds=314.15 | lr=[0.0009025] | cuda_peak_mb=2280.6
[2026-09-16 09:38:04] INFO Val horizons | 15min_mae=1.308165 15min_rmse=2.751672 15min_mape=2.823843 | 30min_mae=1.613029 30min_rmse=3.698429 30min_mape=3.767071 | 60min_mae=1.867893 60min_rmse=4.402397 60min_mape=4.548419
[2026-09-16 09:43:18] INFO Epoch 027 | stage=posthoc_calibrator | train_total=1.378789 | train_forecast=1.378789 | train_confidence=0.000000 | train_risk=0.000000 | train_blend=0.000000 | val_total=1.544762 | val_mae=1.539929 | val_rmse=3.575861 | val_mape=3.546410 | val_confidence=0.000000 | val_risk=0.000000 | val_blend=0.000000 | batches=1131/154 | seconds=314.33 | lr=[0.0009025] | cuda_peak_mb=2279.8
[2026-09-16 09:43:18] INFO Val horizons | 15min_mae=1.306177 15min_rmse=2.744122 15min_mape=2.801874 | 30min_mae=1.606271 30min_rmse=3.680251 30min_mape=3.712584 | 60min_mae=1.857726 60min_rmse=4.366957 60min_mape=4.478700
[2026-09-16 09:48:33] INFO Epoch 028 | stage=posthoc_calibrator | train_total=1.378765 | train_forecast=1.378765 | train_confidence=0.000000 | train_risk=0.000000 | train_blend=0.000000 | val_total=1.543412 | val_mae=1.538612 | val_rmse=3.560614 | val_mape=3.519908 | val_confidence=0.000000 | val_risk=0.000000 | val_blend=0.000000 | batches=1131/154 | seconds=314.70 | lr=[0.0009025] | cuda_peak_mb=2280.7
[2026-09-16 09:48:33] INFO Val horizons | 15min_mae=1.306430 15min_rmse=2.737066 15min_mape=2.791811 | 30min_mae=1.604337 30min_rmse=3.659135 30min_mape=3.678214 | 60min_mae=1.856681 60min_rmse=4.353283 60min_mape=4.450657
[2026-09-16 09:48:33] INFO Checkpoint updated | epoch=28 | stage=posthoc_calibrator | best_val_mae=1.538612 | path=C:\Users\clw\projects\researchRep\STAnchor-BlockMemory\artifacts\paper_final_joint_context_offset_only_seed42\main_table\pemsbay\ours\gwn\downstream_best.pt
[2026-09-16 09:53:50] INFO Epoch 029 | stage=posthoc_calibrator | train_total=1.378917 | train_forecast=1.378917 | train_confidence=0.000000 | train_risk=0.000000 | train_blend=0.000000 | val_total=1.546343 | val_mae=1.541430 | val_rmse=3.588635 | val_mape=3.545469 | val_confidence=0.000000 | val_risk=0.000000 | val_blend=0.000000 | batches=1131/154 | seconds=316.87 | lr=[0.0009025] | cuda_peak_mb=2281.4
[2026-09-16 09:53:50] INFO Val horizons | 15min_mae=1.305579 15min_rmse=2.746302 15min_mape=2.794869 | 30min_mae=1.606509 30min_rmse=3.684952 30min_mape=3.701140 | 60min_mae=1.863800 60min_rmse=4.399976 60min_mape=4.499600
[2026-09-16 09:59:07] INFO Epoch 030 | stage=posthoc_calibrator | train_total=1.378770 | train_forecast=1.378770 | train_confidence=0.000000 | train_risk=0.000000 | train_blend=0.000000 | val_total=1.545841 | val_mae=1.541031 | val_rmse=3.587638 | val_mape=3.552901 | val_confidence=0.000000 | val_risk=0.000000 | val_blend=0.000000 | batches=1131/154 | seconds=316.72 | lr=[0.0009025] | cuda_peak_mb=2280.9
[2026-09-16 09:59:07] INFO Val horizons | 15min_mae=1.305941 15min_rmse=2.748852 15min_mape=2.803706 | 30min_mae=1.607202 30min_rmse=3.692135 30min_mape=3.716671 | 60min_mae=1.861343 60min_rmse=4.385462 60min_mape=4.499722
[2026-09-16 10:04:22] INFO Epoch 031 | stage=posthoc_calibrator | train_total=1.378252 | train_forecast=1.378252 | train_confidence=0.000000 | train_risk=0.000000 | train_blend=0.000000 | val_total=1.544221 | val_mae=1.539357 | val_rmse=3.578248 | val_mape=3.544003 | val_confidence=0.000000 | val_risk=0.000000 | val_blend=0.000000 | batches=1131/154 | seconds=315.79 | lr=[0.000857375] | cuda_peak_mb=2279.8
[2026-09-16 10:04:22] INFO Val horizons | 15min_mae=1.304995 15min_rmse=2.741855 15min_mape=2.797357 | 30min_mae=1.604046 30min_rmse=3.673777 30min_mape=3.698777 | 60min_mae=1.859988 60min_rmse=4.384787 60min_mape=4.491981
[2026-09-16 10:09:45] INFO Epoch 032 | stage=posthoc_calibrator | train_total=1.378602 | train_forecast=1.378602 | train_confidence=0.000000 | train_risk=0.000000 | train_blend=0.000000 | val_total=1.545388 | val_mae=1.540631 | val_rmse=3.583552 | val_mape=3.549891 | val_confidence=0.000000 | val_risk=0.000000 | val_blend=0.000000 | batches=1131/154 | seconds=322.82 | lr=[0.000857375] | cuda_peak_mb=2280.4
[2026-09-16 10:09:45] INFO Val horizons | 15min_mae=1.305710 15min_rmse=2.747571 15min_mape=2.803705 | 30min_mae=1.605750 30min_rmse=3.686141 30min_mape=3.711868 | 60min_mae=1.862074 60min_rmse=4.384286 60min_mape=4.494434
[2026-09-16 10:15:01] INFO Epoch 033 | stage=posthoc_calibrator | train_total=1.378856 | train_forecast=1.378856 | train_confidence=0.000000 | train_risk=0.000000 | train_blend=0.000000 | val_total=1.549762 | val_mae=1.544738 | val_rmse=3.599100 | val_mape=3.574843 | val_confidence=0.000000 | val_risk=0.000000 | val_blend=0.000000 | batches=1131/154 | seconds=316.08 | lr=[0.000857375] | cuda_peak_mb=2280.6
[2026-09-16 10:15:01] INFO Val horizons | 15min_mae=1.306304 15min_rmse=2.747493 15min_mape=2.806789 | 30min_mae=1.610317 30min_rmse=3.696798 30min_mape=3.737717 | 60min_mae=1.867407 60min_rmse=4.409573 60min_mape=4.532475
[2026-09-16 10:20:17] INFO Epoch 034 | stage=posthoc_calibrator | train_total=1.378240 | train_forecast=1.378240 | train_confidence=0.000000 | train_risk=0.000000 | train_blend=0.000000 | val_total=1.545432 | val_mae=1.540529 | val_rmse=3.588426 | val_mape=3.540660 | val_confidence=0.000000 | val_risk=0.000000 | val_blend=0.000000 | batches=1131/154 | seconds=315.69 | lr=[0.000857375] | cuda_peak_mb=2280.2
[2026-09-16 10:20:17] INFO Val horizons | 15min_mae=1.305733 15min_rmse=2.748436 15min_mape=2.797695 | 30min_mae=1.606945 30min_rmse=3.692087 30min_mape=3.707452 | 60min_mae=1.860848 60min_rmse=4.389011 60min_mape=4.474949
[2026-09-16 10:25:32] INFO Epoch 035 | stage=posthoc_calibrator | train_total=1.378088 | train_forecast=1.378088 | train_confidence=0.000000 | train_risk=0.000000 | train_blend=0.000000 | val_total=1.543968 | val_mae=1.539162 | val_rmse=3.582336 | val_mape=3.535594 | val_confidence=0.000000 | val_risk=0.000000 | val_blend=0.000000 | batches=1131/154 | seconds=315.34 | lr=[0.000857375] | cuda_peak_mb=2280.9
[2026-09-16 10:25:32] INFO Val horizons | 15min_mae=1.304753 15min_rmse=2.745468 15min_mape=2.794522 | 30min_mae=1.605214 30min_rmse=3.684751 30min_mape=3.700614 | 60min_mae=1.859287 60min_rmse=4.382838 60min_mape=4.471047
[2026-09-16 10:30:46] INFO Epoch 036 | stage=posthoc_calibrator | train_total=1.378336 | train_forecast=1.378336 | train_confidence=0.000000 | train_risk=0.000000 | train_blend=0.000000 | val_total=1.545187 | val_mae=1.540415 | val_rmse=3.588796 | val_mape=3.541158 | val_confidence=0.000000 | val_risk=0.000000 | val_blend=0.000000 | batches=1131/154 | seconds=314.01 | lr=[0.000857375] | cuda_peak_mb=2280.6
[2026-09-16 10:30:46] INFO Val horizons | 15min_mae=1.305413 15min_rmse=2.748160 15min_mape=2.798701 | 30min_mae=1.605598 30min_rmse=3.689684 30min_mape=3.699993 | 60min_mae=1.863014 60min_rmse=4.394621 60min_mape=4.491513
[2026-09-16 10:36:00] INFO Epoch 037 | stage=posthoc_calibrator | train_total=1.378083 | train_forecast=1.378083 | train_confidence=0.000000 | train_risk=0.000000 | train_blend=0.000000 | val_total=1.544448 | val_mae=1.539712 | val_rmse=3.575103 | val_mape=3.524228 | val_confidence=0.000000 | val_risk=0.000000 | val_blend=0.000000 | batches=1131/154 | seconds=313.64 | lr=[0.000857375] | cuda_peak_mb=2279.8
[2026-09-16 10:36:00] INFO Val horizons | 15min_mae=1.305568 15min_rmse=2.746080 15min_mape=2.793967 | 30min_mae=1.604771 30min_rmse=3.677314 30min_mape=3.685751 | 60min_mae=1.861364 60min_rmse=4.372777 60min_mape=4.456051
[2026-09-16 10:41:14] INFO Epoch 038 | stage=posthoc_calibrator | train_total=1.378077 | train_forecast=1.378077 | train_confidence=0.000000 | train_risk=0.000000 | train_blend=0.000000 | val_total=1.545052 | val_mae=1.540161 | val_rmse=3.579133 | val_mape=3.537803 | val_confidence=0.000000 | val_risk=0.000000 | val_blend=0.000000 | batches=1131/154 | seconds=314.03 | lr=[0.000857375] | cuda_peak_mb=2280.7
[2026-09-16 10:41:14] INFO Val horizons | 15min_mae=1.305285 15min_rmse=2.742513 15min_mape=2.795561 | 30min_mae=1.605723 30min_rmse=3.678650 30min_mape=3.696936 | 60min_mae=1.861094 60min_rmse=4.382063 60min_mape=4.476949
[2026-09-16 10:46:28] INFO Epoch 039 | stage=posthoc_calibrator | train_total=1.378024 | train_forecast=1.378024 | train_confidence=0.000000 | train_risk=0.000000 | train_blend=0.000000 | val_total=1.544741 | val_mae=1.539903 | val_rmse=3.565146 | val_mape=3.533482 | val_confidence=0.000000 | val_risk=0.000000 | val_blend=0.000000 | batches=1131/154 | seconds=313.45 | lr=[0.000857375] | cuda_peak_mb=2281.4
[2026-09-16 10:46:28] INFO Val horizons | 15min_mae=1.305968 15min_rmse=2.737159 15min_mape=2.794177 | 30min_mae=1.605345 30min_rmse=3.663785 30min_mape=3.692680 | 60min_mae=1.858450 60min_rmse=4.361651 60min_mape=4.469712
[2026-09-16 10:51:42] INFO Epoch 040 | stage=posthoc_calibrator | train_total=1.377817 | train_forecast=1.377817 | train_confidence=0.000000 | train_risk=0.000000 | train_blend=0.000000 | val_total=1.545872 | val_mae=1.541044 | val_rmse=3.589548 | val_mape=3.542741 | val_confidence=0.000000 | val_risk=0.000000 | val_blend=0.000000 | batches=1131/154 | seconds=314.40 | lr=[0.000857375] | cuda_peak_mb=2280.9
[2026-09-16 10:51:42] INFO Val horizons | 15min_mae=1.306792 15min_rmse=2.747026 15min_mape=2.802414 | 30min_mae=1.607093 30min_rmse=3.692137 30min_mape=3.707086 | 60min_mae=1.859788 60min_rmse=4.387854 60min_mape=4.474513
[2026-09-16 10:56:57] INFO Epoch 041 | stage=posthoc_calibrator | train_total=1.377880 | train_forecast=1.377880 | train_confidence=0.000000 | train_risk=0.000000 | train_blend=0.000000 | val_total=1.545686 | val_mae=1.540843 | val_rmse=3.585855 | val_mape=3.559588 | val_confidence=0.000000 | val_risk=0.000000 | val_blend=0.000000 | batches=1131/154 | seconds=314.71 | lr=[0.0008145062499999999] | cuda_peak_mb=2279.8
[2026-09-16 10:56:57] INFO Val horizons | 15min_mae=1.306133 15min_rmse=2.744618 15min_mape=2.810081 | 30min_mae=1.605907 30min_rmse=3.684119 30min_mape=3.720664 | 60min_mae=1.861226 60min_rmse=4.390899 60min_mape=4.507480
[2026-09-16 11:02:11] INFO Epoch 042 | stage=posthoc_calibrator | train_total=1.377811 | train_forecast=1.377811 | train_confidence=0.000000 | train_risk=0.000000 | train_blend=0.000000 | val_total=1.542912 | val_mae=1.538117 | val_rmse=3.577605 | val_mape=3.538304 | val_confidence=0.000000 | val_risk=0.000000 | val_blend=0.000000 | batches=1131/154 | seconds=314.48 | lr=[0.0008145062499999999] | cuda_peak_mb=2280.4
[2026-09-16 11:02:11] INFO Val horizons | 15min_mae=1.304714 15min_rmse=2.745247 15min_mape=2.801877 | 30min_mae=1.604292 30min_rmse=3.683416 30min_mape=3.704950 | 60min_mae=1.856257 60min_rmse=4.369830 60min_mape=4.468424
[2026-09-16 11:02:11] INFO Checkpoint updated | epoch=42 | stage=posthoc_calibrator | best_val_mae=1.538117 | path=C:\Users\clw\projects\researchRep\STAnchor-BlockMemory\artifacts\paper_final_joint_context_offset_only_seed42\main_table\pemsbay\ours\gwn\downstream_best.pt
[2026-09-16 11:07:27] INFO Epoch 043 | stage=posthoc_calibrator | train_total=1.377776 | train_forecast=1.377776 | train_confidence=0.000000 | train_risk=0.000000 | train_blend=0.000000 | val_total=1.546618 | val_mae=1.541721 | val_rmse=3.588062 | val_mape=3.542537 | val_confidence=0.000000 | val_risk=0.000000 | val_blend=0.000000 | batches=1131/154 | seconds=316.00 | lr=[0.0008145062499999999] | cuda_peak_mb=2280.6
[2026-09-16 11:07:27] INFO Val horizons | 15min_mae=1.305996 15min_rmse=2.746743 15min_mape=2.794405 | 30min_mae=1.607542 30min_rmse=3.686777 30min_mape=3.702473 | 60min_mae=1.863466 60min_rmse=4.396506 60min_mape=4.489360
[2026-09-16 11:12:44] INFO Epoch 044 | stage=posthoc_calibrator | train_total=1.377841 | train_forecast=1.377841 | train_confidence=0.000000 | train_risk=0.000000 | train_blend=0.000000 | val_total=1.544468 | val_mae=1.539566 | val_rmse=3.575785 | val_mape=3.534127 | val_confidence=0.000000 | val_risk=0.000000 | val_blend=0.000000 | batches=1131/154 | seconds=317.00 | lr=[0.0008145062499999999] | cuda_peak_mb=2280.2
[2026-09-16 11:12:44] INFO Val horizons | 15min_mae=1.305155 15min_rmse=2.740521 15min_mape=2.792857 | 30min_mae=1.605121 30min_rmse=3.674569 30min_mape=3.693070 | 60min_mae=1.860324 60min_rmse=4.379560 60min_mape=4.478191
[2026-09-16 11:18:01] INFO Epoch 045 | stage=posthoc_calibrator | train_total=1.377554 | train_forecast=1.377554 | train_confidence=0.000000 | train_risk=0.000000 | train_blend=0.000000 | val_total=1.544163 | val_mae=1.539403 | val_rmse=3.571662 | val_mape=3.512259 | val_confidence=0.000000 | val_risk=0.000000 | val_blend=0.000000 | batches=1131/154 | seconds=316.98 | lr=[0.0008145062499999999] | cuda_peak_mb=2280.9
[2026-09-16 11:18:01] INFO Val horizons | 15min_mae=1.306102 15min_rmse=2.743292 15min_mape=2.789541 | 30min_mae=1.604723 30min_rmse=3.674309 30min_mape=3.671962 | 60min_mae=1.858454 60min_rmse=4.364782 60min_mape=4.433797
[2026-09-16 11:23:17] INFO Epoch 046 | stage=posthoc_calibrator | train_total=1.377627 | train_forecast=1.377627 | train_confidence=0.000000 | train_risk=0.000000 | train_blend=0.000000 | val_total=1.545520 | val_mae=1.540658 | val_rmse=3.590404 | val_mape=3.550473 | val_confidence=0.000000 | val_risk=0.000000 | val_blend=0.000000 | batches=1131/154 | seconds=316.06 | lr=[0.0008145062499999999] | cuda_peak_mb=2280.6
[2026-09-16 11:23:17] INFO Val horizons | 15min_mae=1.305164 15min_rmse=2.747656 15min_mape=2.798543 | 30min_mae=1.606730 30min_rmse=3.690260 30min_mape=3.713551 | 60min_mae=1.861832 60min_rmse=4.399171 60min_mape=4.497899
[2026-09-16 11:28:32] INFO Epoch 047 | stage=posthoc_calibrator | train_total=1.377593 | train_forecast=1.377593 | train_confidence=0.000000 | train_risk=0.000000 | train_blend=0.000000 | val_total=1.544515 | val_mae=1.539681 | val_rmse=3.583543 | val_mape=3.537705 | val_confidence=0.000000 | val_risk=0.000000 | val_blend=0.000000 | batches=1131/154 | seconds=315.26 | lr=[0.0008145062499999999] | cuda_peak_mb=2279.8
[2026-09-16 11:28:32] INFO Val horizons | 15min_mae=1.304944 15min_rmse=2.745084 15min_mape=2.793805 | 30min_mae=1.605339 30min_rmse=3.684782 30min_mape=3.698319 | 60min_mae=1.860440 60min_rmse=4.385632 60min_mape=4.479315
[2026-09-16 11:33:48] INFO Epoch 048 | stage=posthoc_calibrator | train_total=1.377589 | train_forecast=1.377589 | train_confidence=0.000000 | train_risk=0.000000 | train_blend=0.000000 | val_total=1.542811 | val_mae=1.538097 | val_rmse=3.564206 | val_mape=3.495047 | val_confidence=0.000000 | val_risk=0.000000 | val_blend=0.000000 | batches=1131/154 | seconds=315.05 | lr=[0.0008145062499999999] | cuda_peak_mb=2280.7
[2026-09-16 11:33:48] INFO Val horizons | 15min_mae=1.304861 15min_rmse=2.738087 15min_mape=2.781272 | 30min_mae=1.602846 30min_rmse=3.667232 30min_mape=3.654206 | 60min_mae=1.858942 60min_rmse=4.359092 60min_mape=4.418820
[2026-09-16 11:33:48] INFO Checkpoint updated | epoch=48 | stage=posthoc_calibrator | best_val_mae=1.538097 | path=C:\Users\clw\projects\researchRep\STAnchor-BlockMemory\artifacts\paper_final_joint_context_offset_only_seed42\main_table\pemsbay\ours\gwn\downstream_best.pt
[2026-09-16 11:39:03] INFO Epoch 049 | stage=posthoc_calibrator | train_total=1.377459 | train_forecast=1.377459 | train_confidence=0.000000 | train_risk=0.000000 | train_blend=0.000000 | val_total=1.549759 | val_mae=1.544820 | val_rmse=3.596990 | val_mape=3.573842 | val_confidence=0.000000 | val_risk=0.000000 | val_blend=0.000000 | batches=1131/154 | seconds=315.23 | lr=[0.0008145062499999999] | cuda_peak_mb=2281.4
[2026-09-16 11:39:03] INFO Val horizons | 15min_mae=1.307134 15min_rmse=2.751425 15min_mape=2.809983 | 30min_mae=1.610937 30min_rmse=3.696739 30min_mape=3.738560 | 60min_mae=1.868172 60min_rmse=4.407623 60min_mape=4.528824
[2026-09-16 11:44:19] INFO Epoch 050 | stage=posthoc_calibrator | train_total=1.377278 | train_forecast=1.377278 | train_confidence=0.000000 | train_risk=0.000000 | train_blend=0.000000 | val_total=1.547685 | val_mae=1.542760 | val_rmse=3.591470 | val_mape=3.568761 | val_confidence=0.000000 | val_risk=0.000000 | val_blend=0.000000 | batches=1131/154 | seconds=315.95 | lr=[0.0008145062499999999] | cuda_peak_mb=2280.9
[2026-09-16 11:44:19] INFO Val horizons | 15min_mae=1.306992 15min_rmse=2.749890 15min_mape=2.812187 | 30min_mae=1.609111 30min_rmse=3.692009 30min_mape=3.734958 | 60min_mae=1.862184 60min_rmse=4.395179 60min_mape=4.513358
[2026-09-16 11:44:19] INFO Downstream training finished | best_val_mae=1.538097 | checkpoint=C:\Users\clw\projects\researchRep\STAnchor-BlockMemory\artifacts\paper_final_joint_context_offset_only_seed42\main_table\pemsbay\ours\gwn\downstream_best.pt
