[2026-09-11 14:58:40] INFO Downstream start | run=cross_dataset_pemsbay/pemsbay_baseonly_st_norm_seed42 | device=cuda:0 (requested=cuda:0) | seed=42 | output=C:\Users\clw\projects\researchRep\STAnchor-BlockMemory\artifacts\cross_dataset_pemsbay\pemsbay_baseonly_st_norm_seed42
[2026-09-11 14:58:40] INFO Mode | downstream_mode=base_only | training_protocol=staged_joint | candidate_protocol=weekday_radius1_overlap | candidate_ranking=learned_key
[2026-09-11 14:58:40] INFO Downstream initialization | seed=42 | state_hash=c7d90f48414d6354
[2026-09-11 14:58:40] INFO Data | steps=52116 | nodes=325 | channels=1 | training_scope=full_train | memory/post_memory/train_selected/val/test=25327/10855/36182/4912/10125
[2026-09-11 14:58:40] INFO Bank/retrieval | disabled (base_only)
[2026-09-11 14:58:40] INFO Frozen path cache | enabled=no | candidate_ranking=learned_key | fill=first_epoch
[2026-09-11 14:58:40] INFO Parameters | downstream_total=57,097 | downstream_trainable=56,828 | backbone=56,828 | confidence_head=0 | fusion=0 | frozen_pretrained=0
[2026-09-11 14:58:40] INFO Optimization | epochs=100 | batch_size=8 | optimizer=adam | lr=0.0001 | weight_decay=0 | scheduler=none | step_size=10 | gamma=0.950 | confidence_weight=0.000 | patience=50 | early_stopping=enabled
[2026-09-11 14:58:41] INFO Stage start | stage=standard | epochs=100 | optimizer_lrs=[0.0001]
[2026-09-11 15:00:33] INFO Epoch 001 | stage=standard | train_total=0.329269 | train_forecast=0.329269 | train_confidence=0.000000 | train_risk=0.000000 | train_blend=0.000000 | val_total=0.346050 | val_mae=2.232150 | val_rmse=4.621489 | val_mape=5.484725 | val_confidence=0.000000 | val_risk=0.000000 | val_blend=0.000000 | batches=4523/614 | seconds=111.71 | lr=[0.0001] | cuda_peak_mb=108.2
[2026-09-11 15:00:33] INFO Val horizons | 15min_mae=1.655207 15min_rmse=3.242602 15min_mape=3.749519 | 30min_mae=2.263265 30min_rmse=4.564224 30min_mape=5.566663 | 60min_mae=3.020911 60min_rmse=6.021946 60min_mape=7.819643
[2026-09-11 15:00:33] INFO Checkpoint updated | epoch=1 | stage=standard | best_val_mae=2.232150 | path=C:\Users\clw\projects\researchRep\STAnchor-BlockMemory\artifacts\cross_dataset_pemsbay\pemsbay_baseonly_st_norm_seed42\downstream_best.pt
[2026-09-11 15:02:24] INFO Epoch 002 | stage=standard | train_total=0.241114 | train_forecast=0.241114 | train_confidence=0.000000 | train_risk=0.000000 | train_blend=0.000000 | val_total=0.319666 | val_mae=2.142452 | val_rmse=4.435174 | val_mape=5.143075 | val_confidence=0.000000 | val_risk=0.000000 | val_blend=0.000000 | batches=4523/614 | seconds=110.92 | lr=[0.0001] | cuda_peak_mb=108.2
[2026-09-11 15:02:24] INFO Val horizons | 15min_mae=1.625017 15min_rmse=3.182229 15min_mape=3.620904 | 30min_mae=2.150717 30min_rmse=4.400946 30min_mape=5.150821 | 60min_mae=2.894521 60min_rmse=5.758356 60min_mape=7.316341
[2026-09-11 15:02:24] INFO Checkpoint updated | epoch=2 | stage=standard | best_val_mae=2.142452 | path=C:\Users\clw\projects\researchRep\STAnchor-BlockMemory\artifacts\cross_dataset_pemsbay\pemsbay_baseonly_st_norm_seed42\downstream_best.pt
[2026-09-11 15:04:15] INFO Epoch 003 | stage=standard | train_total=0.230032 | train_forecast=0.230032 | train_confidence=0.000000 | train_risk=0.000000 | train_blend=0.000000 | val_total=0.310057 | val_mae=2.101957 | val_rmse=4.349660 | val_mape=4.878513 | val_confidence=0.000000 | val_risk=0.000000 | val_blend=0.000000 | batches=4523/614 | seconds=110.75 | lr=[0.0001] | cuda_peak_mb=108.2
[2026-09-11 15:04:15] INFO Val horizons | 15min_mae=1.615786 15min_rmse=3.193146 15min_mape=3.507378 | 30min_mae=2.114181 30min_rmse=4.343175 30min_mape=4.860299 | 60min_mae=2.805036 60min_rmse=5.574147 60min_mape=6.842359
[2026-09-11 15:04:15] INFO Checkpoint updated | epoch=3 | stage=standard | best_val_mae=2.101957 | path=C:\Users\clw\projects\researchRep\STAnchor-BlockMemory\artifacts\cross_dataset_pemsbay\pemsbay_baseonly_st_norm_seed42\downstream_best.pt
[2026-09-11 15:06:05] INFO Epoch 004 | stage=standard | train_total=0.223182 | train_forecast=0.223182 | train_confidence=0.000000 | train_risk=0.000000 | train_blend=0.000000 | val_total=0.298777 | val_mae=2.097841 | val_rmse=4.259481 | val_mape=4.915510 | val_confidence=0.000000 | val_risk=0.000000 | val_blend=0.000000 | batches=4523/614 | seconds=110.64 | lr=[0.0001] | cuda_peak_mb=108.2
[2026-09-11 15:06:05] INFO Val horizons | 15min_mae=1.604760 15min_rmse=3.126564 15min_mape=3.469425 | 30min_mae=2.115832 30min_rmse=4.261860 30min_mape=4.930145 | 60min_mae=2.805226 60min_rmse=5.458987 60min_mape=6.941601
[2026-09-11 15:06:05] INFO Checkpoint updated | epoch=4 | stage=standard | best_val_mae=2.097841 | path=C:\Users\clw\projects\researchRep\STAnchor-BlockMemory\artifacts\cross_dataset_pemsbay\pemsbay_baseonly_st_norm_seed42\downstream_best.pt
[2026-09-11 15:07:56] INFO Epoch 005 | stage=standard | train_total=0.217988 | train_forecast=0.217988 | train_confidence=0.000000 | train_risk=0.000000 | train_blend=0.000000 | val_total=0.293278 | val_mae=2.015703 | val_rmse=4.210622 | val_mape=4.698189 | val_confidence=0.000000 | val_risk=0.000000 | val_blend=0.000000 | batches=4523/614 | seconds=110.53 | lr=[0.0001] | cuda_peak_mb=108.2
[2026-09-11 15:07:56] INFO Val horizons | 15min_mae=1.549239 15min_rmse=3.096996 15min_mape=3.378475 | 30min_mae=2.034395 30min_rmse=4.222492 30min_mape=4.714945 | 60min_mae=2.686271 60min_rmse=5.384125 60min_mape=6.573311
[2026-09-11 15:07:56] INFO Checkpoint updated | epoch=5 | stage=standard | best_val_mae=2.015703 | path=C:\Users\clw\projects\researchRep\STAnchor-BlockMemory\artifacts\cross_dataset_pemsbay\pemsbay_baseonly_st_norm_seed42\downstream_best.pt
[2026-09-11 15:09:46] INFO Epoch 006 | stage=standard | train_total=0.213702 | train_forecast=0.213702 | train_confidence=0.000000 | train_risk=0.000000 | train_blend=0.000000 | val_total=0.301776 | val_mae=2.069992 | val_rmse=4.282778 | val_mape=4.666190 | val_confidence=0.000000 | val_risk=0.000000 | val_blend=0.000000 | batches=4523/614 | seconds=110.45 | lr=[0.0001] | cuda_peak_mb=108.2
[2026-09-11 15:09:46] INFO Val horizons | 15min_mae=1.579744 15min_rmse=3.139493 15min_mape=3.389920 | 30min_mae=2.087234 30min_rmse=4.295032 30min_mape=4.696016 | 60min_mae=2.762811 60min_rmse=5.470435 60min_mape=6.448001
[2026-09-11 15:11:37] INFO Epoch 007 | stage=standard | train_total=0.210423 | train_forecast=0.210423 | train_confidence=0.000000 | train_risk=0.000000 | train_blend=0.000000 | val_total=0.286456 | val_mae=1.994679 | val_rmse=4.145358 | val_mape=4.676295 | val_confidence=0.000000 | val_risk=0.000000 | val_blend=0.000000 | batches=4523/614 | seconds=110.84 | lr=[0.0001] | cuda_peak_mb=108.2
[2026-09-11 15:11:37] INFO Val horizons | 15min_mae=1.545450 15min_rmse=3.076261 15min_mape=3.371715 | 30min_mae=2.019616 30min_rmse=4.171318 30min_mape=4.707524 | 60min_mae=2.634922 60min_rmse=5.267734 60min_mape=6.497595
[2026-09-11 15:11:37] INFO Checkpoint updated | epoch=7 | stage=standard | best_val_mae=1.994679 | path=C:\Users\clw\projects\researchRep\STAnchor-BlockMemory\artifacts\cross_dataset_pemsbay\pemsbay_baseonly_st_norm_seed42\downstream_best.pt
[2026-09-11 15:13:28] INFO Epoch 008 | stage=standard | train_total=0.207335 | train_forecast=0.207335 | train_confidence=0.000000 | train_risk=0.000000 | train_blend=0.000000 | val_total=0.276864 | val_mae=1.962112 | val_rmse=4.063941 | val_mape=4.546377 | val_confidence=0.000000 | val_risk=0.000000 | val_blend=0.000000 | batches=4523/614 | seconds=110.63 | lr=[0.0001] | cuda_peak_mb=108.2
[2026-09-11 15:13:28] INFO Val horizons | 15min_mae=1.539827 15min_rmse=3.042835 15min_mape=3.322001 | 30min_mae=1.996282 30min_rmse=4.105780 30min_mape=4.603359 | 60min_mae=2.567581 60min_rmse=5.135631 60min_mape=6.262464
[2026-09-11 15:13:28] INFO Checkpoint updated | epoch=8 | stage=standard | best_val_mae=1.962112 | path=C:\Users\clw\projects\researchRep\STAnchor-BlockMemory\artifacts\cross_dataset_pemsbay\pemsbay_baseonly_st_norm_seed42\downstream_best.pt
[2026-09-11 15:15:19] INFO Epoch 009 | stage=standard | train_total=0.204861 | train_forecast=0.204861 | train_confidence=0.000000 | train_risk=0.000000 | train_blend=0.000000 | val_total=0.278604 | val_mae=1.957449 | val_rmse=4.072995 | val_mape=4.526588 | val_confidence=0.000000 | val_risk=0.000000 | val_blend=0.000000 | batches=4523/614 | seconds=111.30 | lr=[0.0001] | cuda_peak_mb=108.2
[2026-09-11 15:15:19] INFO Val horizons | 15min_mae=1.533010 15min_rmse=3.049916 15min_mape=3.348095 | 30min_mae=1.996138 30min_rmse=4.123060 30min_mape=4.603793 | 60min_mae=2.559140 60min_rmse=5.134693 60min_mape=6.157040
[2026-09-11 15:15:19] INFO Checkpoint updated | epoch=9 | stage=standard | best_val_mae=1.957449 | path=C:\Users\clw\projects\researchRep\STAnchor-BlockMemory\artifacts\cross_dataset_pemsbay\pemsbay_baseonly_st_norm_seed42\downstream_best.pt
[2026-09-11 15:17:12] INFO Epoch 010 | stage=standard | train_total=0.202463 | train_forecast=0.202463 | train_confidence=0.000000 | train_risk=0.000000 | train_blend=0.000000 | val_total=0.270880 | val_mae=1.967747 | val_rmse=4.011828 | val_mape=4.578490 | val_confidence=0.000000 | val_risk=0.000000 | val_blend=0.000000 | batches=4523/614 | seconds=112.87 | lr=[0.0001] | cuda_peak_mb=108.2
[2026-09-11 15:17:12] INFO Val horizons | 15min_mae=1.553909 15min_rmse=3.024740 15min_mape=3.358720 | 30min_mae=2.014866 30min_rmse=4.062943 30min_mape=4.656269 | 60min_mae=2.558951 60min_rmse=5.055166 60min_mape=6.276192
[2026-09-11 15:19:03] INFO Epoch 011 | stage=standard | train_total=0.200527 | train_forecast=0.200527 | train_confidence=0.000000 | train_risk=0.000000 | train_blend=0.000000 | val_total=0.270788 | val_mae=1.937609 | val_rmse=4.007335 | val_mape=4.576224 | val_confidence=0.000000 | val_risk=0.000000 | val_blend=0.000000 | batches=4523/614 | seconds=110.89 | lr=[0.0001] | cuda_peak_mb=108.2
[2026-09-11 15:19:03] INFO Val horizons | 15min_mae=1.536435 15min_rmse=3.027754 15min_mape=3.427602 | 30min_mae=1.980829 30min_rmse=4.060201 30min_mape=4.669229 | 60min_mae=2.504607 60min_rmse=5.038241 60min_mape=6.167953
[2026-09-11 15:19:03] INFO Checkpoint updated | epoch=11 | stage=standard | best_val_mae=1.937609 | path=C:\Users\clw\projects\researchRep\STAnchor-BlockMemory\artifacts\cross_dataset_pemsbay\pemsbay_baseonly_st_norm_seed42\downstream_best.pt
[2026-09-11 15:20:54] INFO Epoch 012 | stage=standard | train_total=0.199004 | train_forecast=0.199004 | train_confidence=0.000000 | train_risk=0.000000 | train_blend=0.000000 | val_total=0.268690 | val_mae=1.961733 | val_rmse=3.973473 | val_mape=4.548125 | val_confidence=0.000000 | val_risk=0.000000 | val_blend=0.000000 | batches=4523/614 | seconds=110.78 | lr=[0.0001] | cuda_peak_mb=108.2
[2026-09-11 15:20:54] INFO Val horizons | 15min_mae=1.543446 15min_rmse=3.007664 15min_mape=3.379534 | 30min_mae=2.011067 30min_rmse=4.036122 30min_mape=4.658600 | 60min_mae=2.541885 60min_rmse=4.980001 60min_mape=6.162081
[2026-09-11 15:22:45] INFO Epoch 013 | stage=standard | train_total=0.197412 | train_forecast=0.197412 | train_confidence=0.000000 | train_risk=0.000000 | train_blend=0.000000 | val_total=0.266281 | val_mae=1.895097 | val_rmse=3.960457 | val_mape=4.379853 | val_confidence=0.000000 | val_risk=0.000000 | val_blend=0.000000 | batches=4523/614 | seconds=110.83 | lr=[0.0001] | cuda_peak_mb=108.2
[2026-09-11 15:22:45] INFO Val horizons | 15min_mae=1.511039 15min_rmse=2.995975 15min_mape=3.264090 | 30min_mae=1.943752 30min_rmse=4.015747 30min_mape=4.466915 | 60min_mae=2.443938 60min_rmse=4.983592 60min_mape=5.954793
[2026-09-11 15:22:45] INFO Checkpoint updated | epoch=13 | stage=standard | best_val_mae=1.895097 | path=C:\Users\clw\projects\researchRep\STAnchor-BlockMemory\artifacts\cross_dataset_pemsbay\pemsbay_baseonly_st_norm_seed42\downstream_best.pt
[2026-09-11 15:24:35] INFO Epoch 014 | stage=standard | train_total=0.195917 | train_forecast=0.195917 | train_confidence=0.000000 | train_risk=0.000000 | train_blend=0.000000 | val_total=0.275116 | val_mae=1.914688 | val_rmse=4.030904 | val_mape=4.379365 | val_confidence=0.000000 | val_risk=0.000000 | val_blend=0.000000 | batches=4523/614 | seconds=110.36 | lr=[0.0001] | cuda_peak_mb=108.2
[2026-09-11 15:24:35] INFO Val horizons | 15min_mae=1.509588 15min_rmse=3.031779 15min_mape=3.274020 | 30min_mae=1.958232 30min_rmse=4.086128 30min_mape=4.469333 | 60min_mae=2.483120 60min_rmse=5.070560 60min_mape=5.921579
[2026-09-11 15:26:25] INFO Epoch 015 | stage=standard | train_total=0.194625 | train_forecast=0.194625 | train_confidence=0.000000 | train_risk=0.000000 | train_blend=0.000000 | val_total=0.267941 | val_mae=1.895649 | val_rmse=3.963549 | val_mape=4.521016 | val_confidence=0.000000 | val_risk=0.000000 | val_blend=0.000000 | batches=4523/614 | seconds=110.42 | lr=[0.0001] | cuda_peak_mb=108.2
[2026-09-11 15:26:25] INFO Val horizons | 15min_mae=1.515857 15min_rmse=3.015250 15min_mape=3.401446 | 30min_mae=1.947919 30min_rmse=4.034542 30min_mape=4.641641 | 60min_mae=2.428703 60min_rmse=4.952035 60min_mape=6.066996
[2026-09-11 15:28:18] INFO Epoch 016 | stage=standard | train_total=0.193562 | train_forecast=0.193562 | train_confidence=0.000000 | train_risk=0.000000 | train_blend=0.000000 | val_total=0.264716 | val_mae=1.886655 | val_rmse=3.926861 | val_mape=4.332669 | val_confidence=0.000000 | val_risk=0.000000 | val_blend=0.000000 | batches=4523/614 | seconds=112.69 | lr=[0.0001] | cuda_peak_mb=108.2
[2026-09-11 15:28:18] INFO Val horizons | 15min_mae=1.500132 15min_rmse=2.994851 15min_mape=3.231470 | 30min_mae=1.939895 30min_rmse=4.002816 30min_mape=4.434759 | 60min_mae=2.423005 60min_rmse=4.894530 60min_mape=5.860719
[2026-09-11 15:28:18] INFO Checkpoint updated | epoch=16 | stage=standard | best_val_mae=1.886655 | path=C:\Users\clw\projects\researchRep\STAnchor-BlockMemory\artifacts\cross_dataset_pemsbay\pemsbay_baseonly_st_norm_seed42\downstream_best.pt
[2026-09-11 15:30:11] INFO Epoch 017 | stage=standard | train_total=0.192608 | train_forecast=0.192608 | train_confidence=0.000000 | train_risk=0.000000 | train_blend=0.000000 | val_total=0.262623 | val_mae=1.881659 | val_rmse=3.893110 | val_mape=4.327512 | val_confidence=0.000000 | val_risk=0.000000 | val_blend=0.000000 | batches=4523/614 | seconds=112.60 | lr=[0.0001] | cuda_peak_mb=108.2
[2026-09-11 15:30:11] INFO Val horizons | 15min_mae=1.506240 15min_rmse=2.979352 15min_mape=3.298825 | 30min_mae=1.937574 30min_rmse=3.961326 30min_mape=4.452739 | 60min_mae=2.407854 60min_rmse=4.860739 60min_mape=5.763905
[2026-09-11 15:30:11] INFO Checkpoint updated | epoch=17 | stage=standard | best_val_mae=1.881659 | path=C:\Users\clw\projects\researchRep\STAnchor-BlockMemory\artifacts\cross_dataset_pemsbay\pemsbay_baseonly_st_norm_seed42\downstream_best.pt
[2026-09-11 15:32:04] INFO Epoch 018 | stage=standard | train_total=0.191666 | train_forecast=0.191666 | train_confidence=0.000000 | train_risk=0.000000 | train_blend=0.000000 | val_total=0.265644 | val_mae=1.892617 | val_rmse=3.927868 | val_mape=4.472259 | val_confidence=0.000000 | val_risk=0.000000 | val_blend=0.000000 | batches=4523/614 | seconds=112.91 | lr=[0.0001] | cuda_peak_mb=108.2
[2026-09-11 15:32:04] INFO Val horizons | 15min_mae=1.508090 15min_rmse=2.995862 15min_mape=3.335754 | 30min_mae=1.947332 30min_rmse=4.004973 30min_mape=4.591977 | 60min_mae=2.423923 60min_rmse=4.887996 60min_mape=6.006229
[2026-09-11 15:33:56] INFO Epoch 019 | stage=standard | train_total=0.190682 | train_forecast=0.190682 | train_confidence=0.000000 | train_risk=0.000000 | train_blend=0.000000 | val_total=0.261579 | val_mae=1.891241 | val_rmse=3.886096 | val_mape=4.326506 | val_confidence=0.000000 | val_risk=0.000000 | val_blend=0.000000 | batches=4523/614 | seconds=112.66 | lr=[0.0001] | cuda_peak_mb=108.2
[2026-09-11 15:33:56] INFO Val horizons | 15min_mae=1.511269 15min_rmse=2.969549 15min_mape=3.260240 | 30min_mae=1.950560 30min_rmse=3.961760 30min_mape=4.448154 | 60min_mae=2.417226 60min_rmse=4.838431 60min_mape=5.782634
[2026-09-11 15:35:49] INFO Epoch 020 | stage=standard | train_total=0.189916 | train_forecast=0.189916 | train_confidence=0.000000 | train_risk=0.000000 | train_blend=0.000000 | val_total=0.257175 | val_mae=1.857383 | val_rmse=3.859899 | val_mape=4.383674 | val_confidence=0.000000 | val_risk=0.000000 | val_blend=0.000000 | batches=4523/614 | seconds=112.90 | lr=[0.0001] | cuda_peak_mb=108.2
[2026-09-11 15:35:49] INFO Val horizons | 15min_mae=1.493150 15min_rmse=2.962496 15min_mape=3.264269 | 30min_mae=1.915320 30min_rmse=3.936238 30min_mape=4.488158 | 60min_mae=2.368134 60min_rmse=4.807992 60min_mape=5.948860
[2026-09-11 15:35:49] INFO Checkpoint updated | epoch=20 | stage=standard | best_val_mae=1.857383 | path=C:\Users\clw\projects\researchRep\STAnchor-BlockMemory\artifacts\cross_dataset_pemsbay\pemsbay_baseonly_st_norm_seed42\downstream_best.pt
[2026-09-11 15:37:42] INFO Epoch 021 | stage=standard | train_total=0.188933 | train_forecast=0.188933 | train_confidence=0.000000 | train_risk=0.000000 | train_blend=0.000000 | val_total=0.258066 | val_mae=1.872888 | val_rmse=3.845931 | val_mape=4.300049 | val_confidence=0.000000 | val_risk=0.000000 | val_blend=0.000000 | batches=4523/614 | seconds=112.77 | lr=[0.0001] | cuda_peak_mb=108.2
[2026-09-11 15:37:42] INFO Val horizons | 15min_mae=1.500409 15min_rmse=2.964131 15min_mape=3.261360 | 30min_mae=1.934581 30min_rmse=3.935107 30min_mape=4.448575 | 60min_mae=2.384492 60min_rmse=4.757941 60min_mape=5.692387
[2026-09-11 15:39:35] INFO Epoch 022 | stage=standard | train_total=0.188107 | train_forecast=0.188107 | train_confidence=0.000000 | train_risk=0.000000 | train_blend=0.000000 | val_total=0.264777 | val_mae=1.879705 | val_rmse=3.919709 | val_mape=4.276644 | val_confidence=0.000000 | val_risk=0.000000 | val_blend=0.000000 | batches=4523/614 | seconds=112.85 | lr=[0.0001] | cuda_peak_mb=108.2
[2026-09-11 15:39:35] INFO Val horizons | 15min_mae=1.507464 15min_rmse=2.992621 15min_mape=3.254284 | 30min_mae=1.940499 30min_rmse=3.994685 30min_mape=4.398867 | 60min_mae=2.395427 60min_rmse=4.889522 60min_mape=5.672686
[2026-09-11 15:41:28] INFO Epoch 023 | stage=standard | train_total=0.187451 | train_forecast=0.187451 | train_confidence=0.000000 | train_risk=0.000000 | train_blend=0.000000 | val_total=0.263392 | val_mae=1.876598 | val_rmse=3.892522 | val_mape=4.227259 | val_confidence=0.000000 | val_risk=0.000000 | val_blend=0.000000 | batches=4523/614 | seconds=112.99 | lr=[0.0001] | cuda_peak_mb=108.2
[2026-09-11 15:41:28] INFO Val horizons | 15min_mae=1.508893 15min_rmse=2.977672 15min_mape=3.224544 | 30min_mae=1.932351 30min_rmse=3.967858 30min_mape=4.353564 | 60min_mae=2.392570 60min_rmse=4.848269 60min_mape=5.601186
[2026-09-11 15:43:19] INFO Epoch 024 | stage=standard | train_total=0.186791 | train_forecast=0.186791 | train_confidence=0.000000 | train_risk=0.000000 | train_blend=0.000000 | val_total=0.254797 | val_mae=1.845055 | val_rmse=3.832787 | val_mape=4.244383 | val_confidence=0.000000 | val_risk=0.000000 | val_blend=0.000000 | batches=4523/614 | seconds=111.02 | lr=[0.0001] | cuda_peak_mb=108.2
[2026-09-11 15:43:19] INFO Val horizons | 15min_mae=1.493416 15min_rmse=2.948841 15min_mape=3.258199 | 30min_mae=1.906390 30min_rmse=3.912206 30min_mape=4.365481 | 60min_mae=2.335755 60min_rmse=4.758505 60min_mape=5.613493
[2026-09-11 15:43:19] INFO Checkpoint updated | epoch=24 | stage=standard | best_val_mae=1.845055 | path=C:\Users\clw\projects\researchRep\STAnchor-BlockMemory\artifacts\cross_dataset_pemsbay\pemsbay_baseonly_st_norm_seed42\downstream_best.pt
[2026-09-11 15:45:10] INFO Epoch 025 | stage=standard | train_total=0.186211 | train_forecast=0.186211 | train_confidence=0.000000 | train_risk=0.000000 | train_blend=0.000000 | val_total=0.255344 | val_mae=1.859221 | val_rmse=3.839285 | val_mape=4.205941 | val_confidence=0.000000 | val_risk=0.000000 | val_blend=0.000000 | batches=4523/614 | seconds=110.80 | lr=[0.0001] | cuda_peak_mb=108.2
[2026-09-11 15:45:10] INFO Val horizons | 15min_mae=1.494906 15min_rmse=2.957999 15min_mape=3.192876 | 30min_mae=1.924681 30min_rmse=3.932749 30min_mape=4.338230 | 60min_mae=2.357302 60min_rmse=4.740372 60min_mape=5.580665
[2026-09-11 15:47:00] INFO Epoch 026 | stage=standard | train_total=0.185413 | train_forecast=0.185413 | train_confidence=0.000000 | train_risk=0.000000 | train_blend=0.000000 | val_total=0.258459 | val_mae=1.876878 | val_rmse=3.843877 | val_mape=4.319442 | val_confidence=0.000000 | val_risk=0.000000 | val_blend=0.000000 | batches=4523/614 | seconds=110.80 | lr=[0.0001] | cuda_peak_mb=108.2
[2026-09-11 15:47:00] INFO Val horizons | 15min_mae=1.504587 15min_rmse=2.961293 15min_mape=3.305400 | 30min_mae=1.934347 30min_rmse=3.926726 30min_mape=4.443511 | 60min_mae=2.387797 60min_rmse=4.751646 60min_mape=5.693684
[2026-09-11 15:48:51] INFO Epoch 027 | stage=standard | train_total=0.184878 | train_forecast=0.184878 | train_confidence=0.000000 | train_risk=0.000000 | train_blend=0.000000 | val_total=0.254144 | val_mae=1.892180 | val_rmse=3.828148 | val_mape=4.391682 | val_confidence=0.000000 | val_risk=0.000000 | val_blend=0.000000 | batches=4523/614 | seconds=110.72 | lr=[0.0001] | cuda_peak_mb=108.2
[2026-09-11 15:48:51] INFO Val horizons | 15min_mae=1.533197 15min_rmse=2.959222 15min_mape=3.370615 | 30min_mae=1.957969 30min_rmse=3.919162 30min_mape=4.555359 | 60min_mae=2.387949 60min_rmse=4.724960 60min_mape=5.765740
[2026-09-11 15:50:41] INFO Epoch 028 | stage=standard | train_total=0.184429 | train_forecast=0.184429 | train_confidence=0.000000 | train_risk=0.000000 | train_blend=0.000000 | val_total=0.252534 | val_mae=1.827847 | val_rmse=3.810751 | val_mape=4.239496 | val_confidence=0.000000 | val_risk=0.000000 | val_blend=0.000000 | batches=4523/614 | seconds=110.25 | lr=[0.0001] | cuda_peak_mb=108.2
[2026-09-11 15:50:41] INFO Val horizons | 15min_mae=1.487135 15min_rmse=2.942337 15min_mape=3.226138 | 30min_mae=1.892484 30min_rmse=3.897042 30min_mape=4.371604 | 60min_mae=2.302687 60min_rmse=4.713170 60min_mape=5.612818
[2026-09-11 15:50:41] INFO Checkpoint updated | epoch=28 | stage=standard | best_val_mae=1.827847 | path=C:\Users\clw\projects\researchRep\STAnchor-BlockMemory\artifacts\cross_dataset_pemsbay\pemsbay_baseonly_st_norm_seed42\downstream_best.pt
[2026-09-11 15:52:33] INFO Epoch 029 | stage=standard | train_total=0.183867 | train_forecast=0.183867 | train_confidence=0.000000 | train_risk=0.000000 | train_blend=0.000000 | val_total=0.252547 | val_mae=1.849179 | val_rmse=3.800004 | val_mape=4.314157 | val_confidence=0.000000 | val_risk=0.000000 | val_blend=0.000000 | batches=4523/614 | seconds=111.14 | lr=[0.0001] | cuda_peak_mb=108.2
[2026-09-11 15:52:33] INFO Val horizons | 15min_mae=1.506460 15min_rmse=2.950033 15min_mape=3.341358 | 30min_mae=1.919477 30min_rmse=3.893070 30min_mape=4.471540 | 60min_mae=2.316458 60min_rmse=4.674850 60min_mape=5.608297
[2026-09-11 15:54:24] INFO Epoch 030 | stage=standard | train_total=0.183175 | train_forecast=0.183175 | train_confidence=0.000000 | train_risk=0.000000 | train_blend=0.000000 | val_total=0.254251 | val_mae=1.850057 | val_rmse=3.810972 | val_mape=4.296300 | val_confidence=0.000000 | val_risk=0.000000 | val_blend=0.000000 | batches=4523/614 | seconds=110.96 | lr=[0.0001] | cuda_peak_mb=108.2
[2026-09-11 15:54:24] INFO Val horizons | 15min_mae=1.499558 15min_rmse=2.945732 15min_mape=3.293641 | 30min_mae=1.918005 30min_rmse=3.899612 30min_mape=4.449121 | 60min_mae=2.328915 60min_rmse=4.704077 60min_mape=5.646596
[2026-09-11 15:56:14] INFO Epoch 031 | stage=standard | train_total=0.182776 | train_forecast=0.182776 | train_confidence=0.000000 | train_risk=0.000000 | train_blend=0.000000 | val_total=0.258366 | val_mae=1.861147 | val_rmse=3.847931 | val_mape=4.412942 | val_confidence=0.000000 | val_risk=0.000000 | val_blend=0.000000 | batches=4523/614 | seconds=110.87 | lr=[0.0001] | cuda_peak_mb=108.2
[2026-09-11 15:56:14] INFO Val horizons | 15min_mae=1.502789 15min_rmse=2.965042 15min_mape=3.342150 | 30min_mae=1.924577 30min_rmse=3.933584 30min_mape=4.551911 | 60min_mae=2.354706 60min_rmse=4.756393 60min_mape=5.858513
[2026-09-11 15:58:06] INFO Epoch 032 | stage=standard | train_total=0.182273 | train_forecast=0.182273 | train_confidence=0.000000 | train_risk=0.000000 | train_blend=0.000000 | val_total=0.250335 | val_mae=1.841389 | val_rmse=3.783355 | val_mape=4.233123 | val_confidence=0.000000 | val_risk=0.000000 | val_blend=0.000000 | batches=4523/614 | seconds=111.27 | lr=[0.0001] | cuda_peak_mb=108.2
[2026-09-11 15:58:06] INFO Val horizons | 15min_mae=1.503852 15min_rmse=2.932525 15min_mape=3.264225 | 30min_mae=1.909828 30min_rmse=3.869632 30min_mape=4.380127 | 60min_mae=2.310830 60min_rmse=4.670929 60min_mape=5.557002
[2026-09-11 15:59:56] INFO Epoch 033 | stage=standard | train_total=0.181909 | train_forecast=0.181909 | train_confidence=0.000000 | train_risk=0.000000 | train_blend=0.000000 | val_total=0.251954 | val_mae=1.841651 | val_rmse=3.788218 | val_mape=4.251062 | val_confidence=0.000000 | val_risk=0.000000 | val_blend=0.000000 | batches=4523/614 | seconds=110.50 | lr=[0.0001] | cuda_peak_mb=108.2
[2026-09-11 15:59:56] INFO Val horizons | 15min_mae=1.502662 15min_rmse=2.943138 15min_mape=3.340155 | 30min_mae=1.905380 30min_rmse=3.874575 30min_mape=4.409374 | 60min_mae=2.317089 60min_rmse=4.673736 60min_mape=5.472066
[2026-09-11 16:01:49] INFO Epoch 034 | stage=standard | train_total=0.181442 | train_forecast=0.181442 | train_confidence=0.000000 | train_risk=0.000000 | train_blend=0.000000 | val_total=0.253537 | val_mae=1.851002 | val_rmse=3.813852 | val_mape=4.264435 | val_confidence=0.000000 | val_risk=0.000000 | val_blend=0.000000 | batches=4523/614 | seconds=112.97 | lr=[0.0001] | cuda_peak_mb=108.2
[2026-09-11 16:01:49] INFO Val horizons | 15min_mae=1.494860 15min_rmse=2.939960 15min_mape=3.212959 | 30min_mae=1.915984 30min_rmse=3.899484 30min_mape=4.376358 | 60min_mae=2.342428 60min_rmse=4.717689 60min_mape=5.699698
[2026-09-11 16:03:40] INFO Epoch 035 | stage=standard | train_total=0.180790 | train_forecast=0.180790 | train_confidence=0.000000 | train_risk=0.000000 | train_blend=0.000000 | val_total=0.254932 | val_mae=1.838021 | val_rmse=3.815123 | val_mape=4.289923 | val_confidence=0.000000 | val_risk=0.000000 | val_blend=0.000000 | batches=4523/614 | seconds=110.63 | lr=[0.0001] | cuda_peak_mb=108.2
[2026-09-11 16:03:40] INFO Val horizons | 15min_mae=1.498291 15min_rmse=2.959411 15min_mape=3.330217 | 30min_mae=1.901996 30min_rmse=3.902689 30min_mape=4.437956 | 60min_mae=2.307367 60min_rmse=4.698947 60min_mape=5.579692
[2026-09-11 16:05:31] INFO Epoch 036 | stage=standard | train_total=0.180419 | train_forecast=0.180419 | train_confidence=0.000000 | train_risk=0.000000 | train_blend=0.000000 | val_total=0.247870 | val_mae=1.832772 | val_rmse=3.762766 | val_mape=4.213912 | val_confidence=0.000000 | val_risk=0.000000 | val_blend=0.000000 | batches=4523/614 | seconds=111.06 | lr=[0.0001] | cuda_peak_mb=108.2
[2026-09-11 16:05:31] INFO Val horizons | 15min_mae=1.492917 15min_rmse=2.922293 15min_mape=3.260837 | 30min_mae=1.900169 30min_rmse=3.856621 30min_mape=4.369059 | 60min_mae=2.301668 60min_rmse=4.627606 60min_mape=5.491792
[2026-09-11 16:07:22] INFO Epoch 037 | stage=standard | train_total=0.179998 | train_forecast=0.179998 | train_confidence=0.000000 | train_risk=0.000000 | train_blend=0.000000 | val_total=0.252185 | val_mae=1.824149 | val_rmse=3.789813 | val_mape=4.284594 | val_confidence=0.000000 | val_risk=0.000000 | val_blend=0.000000 | batches=4523/614 | seconds=110.65 | lr=[0.0001] | cuda_peak_mb=108.2
[2026-09-11 16:07:22] INFO Val horizons | 15min_mae=1.489459 15min_rmse=2.936916 15min_mape=3.263104 | 30min_mae=1.893822 30min_rmse=3.883473 30min_mape=4.430005 | 60min_mae=2.283658 60min_rmse=4.663167 60min_mape=5.641732
[2026-09-11 16:07:22] INFO Checkpoint updated | epoch=37 | stage=standard | best_val_mae=1.824149 | path=C:\Users\clw\projects\researchRep\STAnchor-BlockMemory\artifacts\cross_dataset_pemsbay\pemsbay_baseonly_st_norm_seed42\downstream_best.pt
[2026-09-11 16:09:12] INFO Epoch 038 | stage=standard | train_total=0.179918 | train_forecast=0.179918 | train_confidence=0.000000 | train_risk=0.000000 | train_blend=0.000000 | val_total=0.246809 | val_mae=1.835989 | val_rmse=3.753302 | val_mape=4.211643 | val_confidence=0.000000 | val_risk=0.000000 | val_blend=0.000000 | batches=4523/614 | seconds=110.92 | lr=[0.0001] | cuda_peak_mb=108.2
[2026-09-11 16:09:12] INFO Val horizons | 15min_mae=1.494272 15min_rmse=2.919763 15min_mape=3.257068 | 30min_mae=1.908989 30min_rmse=3.851476 30min_mape=4.371210 | 60min_mae=2.302423 60min_rmse=4.606942 60min_mape=5.491862
[2026-09-11 16:11:03] INFO Epoch 039 | stage=standard | train_total=0.179348 | train_forecast=0.179348 | train_confidence=0.000000 | train_risk=0.000000 | train_blend=0.000000 | val_total=0.255260 | val_mae=1.841650 | val_rmse=3.817801 | val_mape=4.141091 | val_confidence=0.000000 | val_risk=0.000000 | val_blend=0.000000 | batches=4523/614 | seconds=110.65 | lr=[0.0001] | cuda_peak_mb=108.2
[2026-09-11 16:11:03] INFO Val horizons | 15min_mae=1.492764 15min_rmse=2.951240 15min_mape=3.196673 | 30min_mae=1.910569 30min_rmse=3.908331 30min_mape=4.289419 | 60min_mae=2.318863 60min_rmse=4.706013 60min_mape=5.406208
[2026-09-11 16:12:53] INFO Epoch 040 | stage=standard | train_total=0.178807 | train_forecast=0.178807 | train_confidence=0.000000 | train_risk=0.000000 | train_blend=0.000000 | val_total=0.251801 | val_mae=1.862116 | val_rmse=3.805403 | val_mape=4.405471 | val_confidence=0.000000 | val_risk=0.000000 | val_blend=0.000000 | batches=4523/614 | seconds=110.39 | lr=[0.0001] | cuda_peak_mb=108.2
[2026-09-11 16:12:53] INFO Val horizons | 15min_mae=1.518751 15min_rmse=2.943318 15min_mape=3.344431 | 30min_mae=1.927254 30min_rmse=3.892233 30min_mape=4.545355 | 60min_mae=2.343422 60min_rmse=4.695281 60min_mape=5.843891
[2026-09-11 16:14:44] INFO Epoch 041 | stage=standard | train_total=0.178583 | train_forecast=0.178583 | train_confidence=0.000000 | train_risk=0.000000 | train_blend=0.000000 | val_total=0.255037 | val_mae=1.834039 | val_rmse=3.823643 | val_mape=4.271020 | val_confidence=0.000000 | val_risk=0.000000 | val_blend=0.000000 | batches=4523/614 | seconds=110.42 | lr=[0.0001] | cuda_peak_mb=108.2
[2026-09-11 16:14:44] INFO Val horizons | 15min_mae=1.490166 15min_rmse=2.944594 15min_mape=3.272779 | 30min_mae=1.903020 30min_rmse=3.910850 30min_mape=4.421522 | 60min_mae=2.300311 60min_rmse=4.721795 60min_mape=5.607449
[2026-09-11 16:16:34] INFO Epoch 042 | stage=standard | train_total=0.178275 | train_forecast=0.178275 | train_confidence=0.000000 | train_risk=0.000000 | train_blend=0.000000 | val_total=0.259857 | val_mae=1.845817 | val_rmse=3.859296 | val_mape=4.281480 | val_confidence=0.000000 | val_risk=0.000000 | val_blend=0.000000 | batches=4523/614 | seconds=110.58 | lr=[0.0001] | cuda_peak_mb=108.2
[2026-09-11 16:16:34] INFO Val horizons | 15min_mae=1.491845 15min_rmse=2.960283 15min_mape=3.270407 | 30min_mae=1.912119 30min_rmse=3.945499 30min_mape=4.428765 | 60min_mae=2.329389 60min_rmse=4.772582 60min_mape=5.626423
[2026-09-11 16:18:27] INFO Epoch 043 | stage=standard | train_total=0.177900 | train_forecast=0.177900 | train_confidence=0.000000 | train_risk=0.000000 | train_blend=0.000000 | val_total=0.248148 | val_mae=1.821051 | val_rmse=3.768717 | val_mape=4.181289 | val_confidence=0.000000 | val_risk=0.000000 | val_blend=0.000000 | batches=4523/614 | seconds=112.19 | lr=[0.0001] | cuda_peak_mb=108.2
[2026-09-11 16:18:27] INFO Val horizons | 15min_mae=1.482769 15min_rmse=2.920845 15min_mape=3.188077 | 30min_mae=1.887680 30min_rmse=3.858968 30min_mape=4.318486 | 60min_mae=2.291245 60min_rmse=4.645872 60min_mape=5.515865
[2026-09-11 16:18:27] INFO Checkpoint updated | epoch=43 | stage=standard | best_val_mae=1.821051 | path=C:\Users\clw\projects\researchRep\STAnchor-BlockMemory\artifacts\cross_dataset_pemsbay\pemsbay_baseonly_st_norm_seed42\downstream_best.pt
[2026-09-11 16:20:17] INFO Epoch 044 | stage=standard | train_total=0.177551 | train_forecast=0.177551 | train_confidence=0.000000 | train_risk=0.000000 | train_blend=0.000000 | val_total=0.247560 | val_mae=1.827124 | val_rmse=3.747294 | val_mape=4.224285 | val_confidence=0.000000 | val_risk=0.000000 | val_blend=0.000000 | batches=4523/614 | seconds=110.43 | lr=[0.0001] | cuda_peak_mb=108.2
[2026-09-11 16:20:17] INFO Val horizons | 15min_mae=1.493464 15min_rmse=2.925004 15min_mape=3.291564 | 30min_mae=1.892595 30min_rmse=3.843241 30min_mape=4.383545 | 60min_mae=2.291472 60min_rmse=4.594623 60min_mape=5.484062
[2026-09-11 16:22:08] INFO Epoch 045 | stage=standard | train_total=0.177294 | train_forecast=0.177294 | train_confidence=0.000000 | train_risk=0.000000 | train_blend=0.000000 | val_total=0.254295 | val_mae=1.823928 | val_rmse=3.809327 | val_mape=4.353608 | val_confidence=0.000000 | val_risk=0.000000 | val_blend=0.000000 | batches=4523/614 | seconds=110.48 | lr=[0.0001] | cuda_peak_mb=108.2
[2026-09-11 16:22:08] INFO Val horizons | 15min_mae=1.495012 15min_rmse=2.958347 15min_mape=3.354280 | 30min_mae=1.896317 30min_rmse=3.909995 30min_mape=4.529453 | 60min_mae=2.271945 60min_rmse=4.669415 60min_mape=5.660707
[2026-09-11 16:23:58] INFO Epoch 046 | stage=standard | train_total=0.176947 | train_forecast=0.176947 | train_confidence=0.000000 | train_risk=0.000000 | train_blend=0.000000 | val_total=0.249484 | val_mae=1.808507 | val_rmse=3.766838 | val_mape=4.245262 | val_confidence=0.000000 | val_risk=0.000000 | val_blend=0.000000 | batches=4523/614 | seconds=110.51 | lr=[0.0001] | cuda_peak_mb=108.2
[2026-09-11 16:23:58] INFO Val horizons | 15min_mae=1.477639 15min_rmse=2.926247 15min_mape=3.256306 | 30min_mae=1.877897 30min_rmse=3.860653 30min_mape=4.398144 | 60min_mae=2.261733 60min_rmse=4.631810 60min_mape=5.573560
[2026-09-11 16:23:58] INFO Checkpoint updated | epoch=46 | stage=standard | best_val_mae=1.808507 | path=C:\Users\clw\projects\researchRep\STAnchor-BlockMemory\artifacts\cross_dataset_pemsbay\pemsbay_baseonly_st_norm_seed42\downstream_best.pt
[2026-09-11 16:25:48] INFO Epoch 047 | stage=standard | train_total=0.176673 | train_forecast=0.176673 | train_confidence=0.000000 | train_risk=0.000000 | train_blend=0.000000 | val_total=0.252011 | val_mae=1.818919 | val_rmse=3.792436 | val_mape=4.287799 | val_confidence=0.000000 | val_risk=0.000000 | val_blend=0.000000 | batches=4523/614 | seconds=110.18 | lr=[0.0001] | cuda_peak_mb=108.2
[2026-09-11 16:25:48] INFO Val horizons | 15min_mae=1.487404 15min_rmse=2.931783 15min_mape=3.276647 | 30min_mae=1.887178 30min_rmse=3.880494 30min_mape=4.440587 | 60min_mae=2.278243 60min_rmse=4.675459 60min_mape=5.645467
[2026-09-11 16:27:39] INFO Epoch 048 | stage=standard | train_total=0.176350 | train_forecast=0.176350 | train_confidence=0.000000 | train_risk=0.000000 | train_blend=0.000000 | val_total=0.246587 | val_mae=1.816671 | val_rmse=3.741967 | val_mape=4.195459 | val_confidence=0.000000 | val_risk=0.000000 | val_blend=0.000000 | batches=4523/614 | seconds=110.60 | lr=[0.0001] | cuda_peak_mb=108.2
[2026-09-11 16:27:39] INFO Val horizons | 15min_mae=1.490789 15min_rmse=2.918153 15min_mape=3.248984 | 30min_mae=1.889673 30min_rmse=3.837629 30min_mape=4.358559 | 60min_mae=2.263760 60min_rmse=4.590058 60min_mape=5.480768
[2026-09-11 16:29:29] INFO Epoch 049 | stage=standard | train_total=0.176154 | train_forecast=0.176154 | train_confidence=0.000000 | train_risk=0.000000 | train_blend=0.000000 | val_total=0.251845 | val_mae=1.822640 | val_rmse=3.790452 | val_mape=4.234544 | val_confidence=0.000000 | val_risk=0.000000 | val_blend=0.000000 | batches=4523/614 | seconds=110.44 | lr=[0.0001] | cuda_peak_mb=108.2
[2026-09-11 16:29:29] INFO Val horizons | 15min_mae=1.484237 15min_rmse=2.928788 15min_mape=3.247717 | 30min_mae=1.893677 30min_rmse=3.882023 30min_mape=4.384156 | 60min_mae=2.281344 60min_rmse=4.662712 60min_mape=5.550904
[2026-09-11 16:31:19] INFO Epoch 050 | stage=standard | train_total=0.175960 | train_forecast=0.175960 | train_confidence=0.000000 | train_risk=0.000000 | train_blend=0.000000 | val_total=0.254797 | val_mae=1.857174 | val_rmse=3.817309 | val_mape=4.278150 | val_confidence=0.000000 | val_risk=0.000000 | val_blend=0.000000 | batches=4523/614 | seconds=109.97 | lr=[0.0001] | cuda_peak_mb=108.2
[2026-09-11 16:31:19] INFO Val horizons | 15min_mae=1.502924 15min_rmse=2.943234 15min_mape=3.270185 | 30min_mae=1.925027 30min_rmse=3.899370 30min_mape=4.426663 | 60min_mae=2.344082 60min_rmse=4.714239 60min_mape=5.626362
[2026-09-11 16:33:09] INFO Epoch 051 | stage=standard | train_total=0.175558 | train_forecast=0.175558 | train_confidence=0.000000 | train_risk=0.000000 | train_blend=0.000000 | val_total=0.247077 | val_mae=1.820074 | val_rmse=3.754347 | val_mape=4.217796 | val_confidence=0.000000 | val_risk=0.000000 | val_blend=0.000000 | batches=4523/614 | seconds=110.08 | lr=[0.0001] | cuda_peak_mb=108.2
[2026-09-11 16:33:09] INFO Val horizons | 15min_mae=1.499060 15min_rmse=2.932595 15min_mape=3.325135 | 30min_mae=1.885827 30min_rmse=3.849169 30min_mape=4.382909 | 60min_mae=2.266054 60min_rmse=4.601484 60min_mape=5.405183
[2026-09-11 16:34:59] INFO Epoch 052 | stage=standard | train_total=0.175276 | train_forecast=0.175276 | train_confidence=0.000000 | train_risk=0.000000 | train_blend=0.000000 | val_total=0.252833 | val_mae=1.818446 | val_rmse=3.798544 | val_mape=4.312436 | val_confidence=0.000000 | val_risk=0.000000 | val_blend=0.000000 | batches=4523/614 | seconds=110.05 | lr=[0.0001] | cuda_peak_mb=108.2
[2026-09-11 16:34:59] INFO Val horizons | 15min_mae=1.488962 15min_rmse=2.937351 15min_mape=3.316404 | 30min_mae=1.891262 30min_rmse=3.889734 30min_mape=4.488151 | 60min_mae=2.265309 60min_rmse=4.669039 60min_mape=5.602524
[2026-09-11 16:36:50] INFO Epoch 053 | stage=standard | train_total=0.174985 | train_forecast=0.174985 | train_confidence=0.000000 | train_risk=0.000000 | train_blend=0.000000 | val_total=0.252024 | val_mae=1.841907 | val_rmse=3.792618 | val_mape=4.283043 | val_confidence=0.000000 | val_risk=0.000000 | val_blend=0.000000 | batches=4523/614 | seconds=110.31 | lr=[0.0001] | cuda_peak_mb=108.2
[2026-09-11 16:36:50] INFO Val horizons | 15min_mae=1.495758 15min_rmse=2.936615 15min_mape=3.290134 | 30min_mae=1.908473 30min_rmse=3.878213 30min_mape=4.432114 | 60min_mae=2.323045 60min_rmse=4.673571 60min_mape=5.621006
[2026-09-11 16:38:40] INFO Epoch 054 | stage=standard | train_total=0.174768 | train_forecast=0.174768 | train_confidence=0.000000 | train_risk=0.000000 | train_blend=0.000000 | val_total=0.250114 | val_mae=1.806517 | val_rmse=3.781858 | val_mape=4.245538 | val_confidence=0.000000 | val_risk=0.000000 | val_blend=0.000000 | batches=4523/614 | seconds=110.24 | lr=[0.0001] | cuda_peak_mb=108.2
[2026-09-11 16:38:40] INFO Val horizons | 15min_mae=1.481356 15min_rmse=2.926440 15min_mape=3.251394 | 30min_mae=1.878129 30min_rmse=3.877171 30min_mape=4.407503 | 60min_mae=2.251740 60min_rmse=4.652534 60min_mape=5.566462
[2026-09-11 16:38:40] INFO Checkpoint updated | epoch=54 | stage=standard | best_val_mae=1.806517 | path=C:\Users\clw\projects\researchRep\STAnchor-BlockMemory\artifacts\cross_dataset_pemsbay\pemsbay_baseonly_st_norm_seed42\downstream_best.pt
[2026-09-11 16:40:30] INFO Epoch 055 | stage=standard | train_total=0.174565 | train_forecast=0.174565 | train_confidence=0.000000 | train_risk=0.000000 | train_blend=0.000000 | val_total=0.245801 | val_mae=1.811467 | val_rmse=3.744284 | val_mape=4.088824 | val_confidence=0.000000 | val_risk=0.000000 | val_blend=0.000000 | batches=4523/614 | seconds=110.10 | lr=[0.0001] | cuda_peak_mb=108.2
[2026-09-11 16:40:30] INFO Val horizons | 15min_mae=1.482863 15min_rmse=2.911141 15min_mape=3.210009 | 30min_mae=1.879428 30min_rmse=3.835383 30min_mape=4.243178 | 60min_mae=2.263763 60min_rmse=4.602785 60min_mape=5.282999
[2026-09-11 16:42:20] INFO Epoch 056 | stage=standard | train_total=0.174562 | train_forecast=0.174562 | train_confidence=0.000000 | train_risk=0.000000 | train_blend=0.000000 | val_total=0.252838 | val_mae=1.833643 | val_rmse=3.797349 | val_mape=4.317210 | val_confidence=0.000000 | val_risk=0.000000 | val_blend=0.000000 | batches=4523/614 | seconds=110.16 | lr=[0.0001] | cuda_peak_mb=108.2
[2026-09-11 16:42:20] INFO Val horizons | 15min_mae=1.500784 15min_rmse=2.949913 15min_mape=3.357525 | 30min_mae=1.904514 30min_rmse=3.893323 30min_mape=4.502173 | 60min_mae=2.292726 60min_rmse=4.661298 60min_mape=5.573426
[2026-09-11 16:44:11] INFO Epoch 057 | stage=standard | train_total=0.173830 | train_forecast=0.173830 | train_confidence=0.000000 | train_risk=0.000000 | train_blend=0.000000 | val_total=0.246984 | val_mae=1.809637 | val_rmse=3.745461 | val_mape=4.129240 | val_confidence=0.000000 | val_risk=0.000000 | val_blend=0.000000 | batches=4523/614 | seconds=110.33 | lr=[0.0001] | cuda_peak_mb=108.2
[2026-09-11 16:44:11] INFO Val horizons | 15min_mae=1.484123 15min_rmse=2.916924 15min_mape=3.198089 | 30min_mae=1.878621 30min_rmse=3.839912 30min_mape=4.270657 | 60min_mae=2.261702 60min_rmse=4.597552 60min_mape=5.398991
[2026-09-11 16:46:01] INFO Epoch 058 | stage=standard | train_total=0.173894 | train_forecast=0.173894 | train_confidence=0.000000 | train_risk=0.000000 | train_blend=0.000000 | val_total=0.248132 | val_mae=1.788808 | val_rmse=3.757410 | val_mape=4.089234 | val_confidence=0.000000 | val_risk=0.000000 | val_blend=0.000000 | batches=4523/614 | seconds=110.49 | lr=[0.0001] | cuda_peak_mb=108.2
[2026-09-11 16:46:01] INFO Val horizons | 15min_mae=1.472723 15min_rmse=2.922836 15min_mape=3.189339 | 30min_mae=1.860932 30min_rmse=3.856871 30min_mape=4.234000 | 60min_mae=2.219778 60min_rmse=4.606363 60min_mape=5.313023
[2026-09-11 16:46:01] INFO Checkpoint updated | epoch=58 | stage=standard | best_val_mae=1.788808 | path=C:\Users\clw\projects\researchRep\STAnchor-BlockMemory\artifacts\cross_dataset_pemsbay\pemsbay_baseonly_st_norm_seed42\downstream_best.pt
[2026-09-11 16:47:52] INFO Epoch 059 | stage=standard | train_total=0.173540 | train_forecast=0.173540 | train_confidence=0.000000 | train_risk=0.000000 | train_blend=0.000000 | val_total=0.245507 | val_mae=1.794574 | val_rmse=3.740312 | val_mape=4.168101 | val_confidence=0.000000 | val_risk=0.000000 | val_blend=0.000000 | batches=4523/614 | seconds=111.35 | lr=[0.0001] | cuda_peak_mb=108.2
[2026-09-11 16:47:52] INFO Val horizons | 15min_mae=1.479786 15min_rmse=2.920290 15min_mape=3.265020 | 30min_mae=1.861611 30min_rmse=3.836753 30min_mape=4.324524 | 60min_mae=2.232902 60min_rmse=4.582851 60min_mape=5.375023
[2026-09-11 16:49:44] INFO Epoch 060 | stage=standard | train_total=0.173411 | train_forecast=0.173411 | train_confidence=0.000000 | train_risk=0.000000 | train_blend=0.000000 | val_total=0.251955 | val_mae=1.802080 | val_rmse=3.777088 | val_mape=4.110924 | val_confidence=0.000000 | val_risk=0.000000 | val_blend=0.000000 | batches=4523/614 | seconds=111.33 | lr=[0.0001] | cuda_peak_mb=108.2
[2026-09-11 16:49:44] INFO Val horizons | 15min_mae=1.479478 15min_rmse=2.930872 15min_mape=3.207040 | 30min_mae=1.871386 30min_rmse=3.872157 30min_mape=4.261154 | 60min_mae=2.243050 60min_rmse=4.635096 60min_mape=5.328861
[2026-09-11 16:51:34] INFO Epoch 061 | stage=standard | train_total=0.173164 | train_forecast=0.173164 | train_confidence=0.000000 | train_risk=0.000000 | train_blend=0.000000 | val_total=0.245406 | val_mae=1.793590 | val_rmse=3.731514 | val_mape=4.076515 | val_confidence=0.000000 | val_risk=0.000000 | val_blend=0.000000 | batches=4523/614 | seconds=110.36 | lr=[0.0001] | cuda_peak_mb=108.2
[2026-09-11 16:51:34] INFO Val horizons | 15min_mae=1.476360 15min_rmse=2.906440 15min_mape=3.191936 | 30min_mae=1.863507 30min_rmse=3.828367 30min_mape=4.239635 | 60min_mae=2.230673 60min_rmse=4.571220 60min_mape=5.251484
[2026-09-11 16:53:24] INFO Epoch 062 | stage=standard | train_total=0.172749 | train_forecast=0.172749 | train_confidence=0.000000 | train_risk=0.000000 | train_blend=0.000000 | val_total=0.246259 | val_mae=1.782606 | val_rmse=3.744994 | val_mape=4.151269 | val_confidence=0.000000 | val_risk=0.000000 | val_blend=0.000000 | batches=4523/614 | seconds=110.28 | lr=[0.0001] | cuda_peak_mb=108.2
[2026-09-11 16:53:24] INFO Val horizons | 15min_mae=1.474289 15min_rmse=2.923578 15min_mape=3.263268 | 30min_mae=1.847442 30min_rmse=3.835827 30min_mape=4.296226 | 60min_mae=2.210395 60min_rmse=4.593398 60min_mape=5.348052
[2026-09-11 16:53:24] INFO Checkpoint updated | epoch=62 | stage=standard | best_val_mae=1.782606 | path=C:\Users\clw\projects\researchRep\STAnchor-BlockMemory\artifacts\cross_dataset_pemsbay\pemsbay_baseonly_st_norm_seed42\downstream_best.pt
[2026-09-11 16:55:15] INFO Epoch 063 | stage=standard | train_total=0.172751 | train_forecast=0.172751 | train_confidence=0.000000 | train_risk=0.000000 | train_blend=0.000000 | val_total=0.251928 | val_mae=1.818454 | val_rmse=3.787720 | val_mape=4.286600 | val_confidence=0.000000 | val_risk=0.000000 | val_blend=0.000000 | batches=4523/614 | seconds=110.45 | lr=[0.0001] | cuda_peak_mb=108.2
[2026-09-11 16:55:15] INFO Val horizons | 15min_mae=1.490203 15min_rmse=2.939438 15min_mape=3.321036 | 30min_mae=1.884097 30min_rmse=3.873870 30min_mape=4.447689 | 60min_mae=2.276409 60min_rmse=4.662675 60min_mape=5.579585
[2026-09-11 16:57:05] INFO Epoch 064 | stage=standard | train_total=0.172370 | train_forecast=0.172370 | train_confidence=0.000000 | train_risk=0.000000 | train_blend=0.000000 | val_total=0.247550 | val_mae=1.807056 | val_rmse=3.751360 | val_mape=4.246014 | val_confidence=0.000000 | val_risk=0.000000 | val_blend=0.000000 | batches=4523/614 | seconds=110.32 | lr=[0.0001] | cuda_peak_mb=108.2
[2026-09-11 16:57:05] INFO Val horizons | 15min_mae=1.489362 15min_rmse=2.924749 15min_mape=3.314115 | 30min_mae=1.878903 30min_rmse=3.847207 30min_mape=4.410578 | 60min_mae=2.243273 60min_rmse=4.597694 60min_mape=5.491200
[2026-09-11 16:58:56] INFO Epoch 065 | stage=standard | train_total=0.172279 | train_forecast=0.172279 | train_confidence=0.000000 | train_risk=0.000000 | train_blend=0.000000 | val_total=0.255359 | val_mae=1.829106 | val_rmse=3.823772 | val_mape=4.373017 | val_confidence=0.000000 | val_risk=0.000000 | val_blend=0.000000 | batches=4523/614 | seconds=110.63 | lr=[0.0001] | cuda_peak_mb=108.2
[2026-09-11 16:58:56] INFO Val horizons | 15min_mae=1.503587 15min_rmse=2.952514 15min_mape=3.362915 | 30min_mae=1.904036 30min_rmse=3.921242 30min_mape=4.569112 | 60min_mae=2.268769 60min_rmse=4.694493 60min_mape=5.670463
[2026-09-11 17:00:46] INFO Epoch 066 | stage=standard | train_total=0.172077 | train_forecast=0.172077 | train_confidence=0.000000 | train_risk=0.000000 | train_blend=0.000000 | val_total=0.252484 | val_mae=1.821620 | val_rmse=3.788195 | val_mape=4.195847 | val_confidence=0.000000 | val_risk=0.000000 | val_blend=0.000000 | batches=4523/614 | seconds=110.47 | lr=[0.0001] | cuda_peak_mb=108.2
[2026-09-11 17:00:46] INFO Val horizons | 15min_mae=1.506247 15min_rmse=2.948565 15min_mape=3.264699 | 30min_mae=1.897460 30min_rmse=3.887336 30min_mape=4.339331 | 60min_mae=2.256341 60min_rmse=4.643261 60min_mape=5.475918
[2026-09-11 17:02:37] INFO Epoch 067 | stage=standard | train_total=0.171916 | train_forecast=0.171916 | train_confidence=0.000000 | train_risk=0.000000 | train_blend=0.000000 | val_total=0.246326 | val_mae=1.797235 | val_rmse=3.745649 | val_mape=4.193450 | val_confidence=0.000000 | val_risk=0.000000 | val_blend=0.000000 | batches=4523/614 | seconds=110.73 | lr=[0.0001] | cuda_peak_mb=108.2
[2026-09-11 17:02:37] INFO Val horizons | 15min_mae=1.486028 15min_rmse=2.923813 15min_mape=3.304584 | 30min_mae=1.868298 30min_rmse=3.843558 30min_mape=4.369577 | 60min_mae=2.222586 60min_rmse=4.584363 60min_mape=5.364952
[2026-09-11 17:04:28] INFO Epoch 068 | stage=standard | train_total=0.171655 | train_forecast=0.171655 | train_confidence=0.000000 | train_risk=0.000000 | train_blend=0.000000 | val_total=0.240660 | val_mae=1.791064 | val_rmse=3.701886 | val_mape=4.082506 | val_confidence=0.000000 | val_risk=0.000000 | val_blend=0.000000 | batches=4523/614 | seconds=110.70 | lr=[0.0001] | cuda_peak_mb=108.2
[2026-09-11 17:04:28] INFO Val horizons | 15min_mae=1.476113 15min_rmse=2.897857 15min_mape=3.189793 | 30min_mae=1.860961 30min_rmse=3.802553 30min_mape=4.239353 | 60min_mae=2.220848 60min_rmse=4.523856 60min_mape=5.282491
[2026-09-11 17:06:18] INFO Epoch 069 | stage=standard | train_total=0.171518 | train_forecast=0.171518 | train_confidence=0.000000 | train_risk=0.000000 | train_blend=0.000000 | val_total=0.246073 | val_mae=1.805362 | val_rmse=3.729284 | val_mape=4.156129 | val_confidence=0.000000 | val_risk=0.000000 | val_blend=0.000000 | batches=4523/614 | seconds=110.47 | lr=[0.0001] | cuda_peak_mb=108.2
[2026-09-11 17:06:18] INFO Val horizons | 15min_mae=1.491543 15min_rmse=2.921797 15min_mape=3.277532 | 30min_mae=1.872429 30min_rmse=3.827909 30min_mape=4.312737 | 60min_mae=2.246375 60min_rmse=4.561875 60min_mape=5.356446
[2026-09-11 17:08:09] INFO Epoch 070 | stage=standard | train_total=0.171297 | train_forecast=0.171297 | train_confidence=0.000000 | train_risk=0.000000 | train_blend=0.000000 | val_total=0.246051 | val_mae=1.813628 | val_rmse=3.744845 | val_mape=4.180989 | val_confidence=0.000000 | val_risk=0.000000 | val_blend=0.000000 | batches=4523/614 | seconds=110.39 | lr=[0.0001] | cuda_peak_mb=108.2
[2026-09-11 17:08:09] INFO Val horizons | 15min_mae=1.487322 15min_rmse=2.915454 15min_mape=3.232748 | 30min_mae=1.885453 30min_rmse=3.842061 30min_mape=4.328586 | 60min_mae=2.260717 60min_rmse=4.589945 60min_mape=5.474221
[2026-09-11 17:09:59] INFO Epoch 071 | stage=standard | train_total=0.171033 | train_forecast=0.171033 | train_confidence=0.000000 | train_risk=0.000000 | train_blend=0.000000 | val_total=0.243734 | val_mae=1.828995 | val_rmse=3.728617 | val_mape=4.155891 | val_confidence=0.000000 | val_risk=0.000000 | val_blend=0.000000 | batches=4523/614 | seconds=110.48 | lr=[0.0001] | cuda_peak_mb=108.2
[2026-09-11 17:09:59] INFO Val horizons | 15min_mae=1.500045 15min_rmse=2.913463 15min_mape=3.257162 | 30min_mae=1.892558 30min_rmse=3.824194 30min_mape=4.314497 | 60min_mae=2.296977 60min_rmse=4.567633 60min_mape=5.381055
[2026-09-11 17:11:49] INFO Epoch 072 | stage=standard | train_total=0.170953 | train_forecast=0.170953 | train_confidence=0.000000 | train_risk=0.000000 | train_blend=0.000000 | val_total=0.249776 | val_mae=1.834940 | val_rmse=3.767826 | val_mape=4.209246 | val_confidence=0.000000 | val_risk=0.000000 | val_blend=0.000000 | batches=4523/614 | seconds=110.35 | lr=[0.0001] | cuda_peak_mb=108.2
[2026-09-11 17:11:49] INFO Val horizons | 15min_mae=1.504836 15min_rmse=2.929443 15min_mape=3.276906 | 30min_mae=1.905858 30min_rmse=3.866398 30min_mape=4.365101 | 60min_mae=2.287837 60min_rmse=4.614974 60min_mape=5.460106
[2026-09-11 17:13:40] INFO Epoch 073 | stage=standard | train_total=0.170577 | train_forecast=0.170577 | train_confidence=0.000000 | train_risk=0.000000 | train_blend=0.000000 | val_total=0.247342 | val_mae=1.795912 | val_rmse=3.743387 | val_mape=4.081851 | val_confidence=0.000000 | val_risk=0.000000 | val_blend=0.000000 | batches=4523/614 | seconds=110.40 | lr=[0.0001] | cuda_peak_mb=108.2
[2026-09-11 17:13:40] INFO Val horizons | 15min_mae=1.483559 15min_rmse=2.919181 15min_mape=3.203044 | 30min_mae=1.860594 30min_rmse=3.837681 30min_mape=4.237433 | 60min_mae=2.234036 60min_rmse=4.589838 60min_mape=5.273701
[2026-09-11 17:15:30] INFO Epoch 074 | stage=standard | train_total=0.170542 | train_forecast=0.170542 | train_confidence=0.000000 | train_risk=0.000000 | train_blend=0.000000 | val_total=0.248908 | val_mae=1.805653 | val_rmse=3.769233 | val_mape=4.158361 | val_confidence=0.000000 | val_risk=0.000000 | val_blend=0.000000 | batches=4523/614 | seconds=110.36 | lr=[0.0001] | cuda_peak_mb=108.2
[2026-09-11 17:15:30] INFO Val horizons | 15min_mae=1.487000 15min_rmse=2.932961 15min_mape=3.250891 | 30min_mae=1.874702 30min_rmse=3.868568 30min_mape=4.307659 | 60min_mae=2.245843 60min_rmse=4.618584 60min_mape=5.400244
[2026-09-11 17:17:21] INFO Epoch 075 | stage=standard | train_total=0.170408 | train_forecast=0.170408 | train_confidence=0.000000 | train_risk=0.000000 | train_blend=0.000000 | val_total=0.242189 | val_mae=1.793114 | val_rmse=3.711200 | val_mape=4.059172 | val_confidence=0.000000 | val_risk=0.000000 | val_blend=0.000000 | batches=4523/614 | seconds=110.55 | lr=[0.0001] | cuda_peak_mb=108.2
[2026-09-11 17:17:21] INFO Val horizons | 15min_mae=1.477139 15min_rmse=2.902466 15min_mape=3.193124 | 30min_mae=1.863574 30min_rmse=3.810718 30min_mape=4.209421 | 60min_mae=2.229178 60min_rmse=4.537910 60min_mape=5.245570
[2026-09-11 17:19:11] INFO Epoch 076 | stage=standard | train_total=0.170179 | train_forecast=0.170179 | train_confidence=0.000000 | train_risk=0.000000 | train_blend=0.000000 | val_total=0.245134 | val_mae=1.797811 | val_rmse=3.743374 | val_mape=4.203236 | val_confidence=0.000000 | val_risk=0.000000 | val_blend=0.000000 | batches=4523/614 | seconds=110.56 | lr=[0.0001] | cuda_peak_mb=108.2
[2026-09-11 17:19:11] INFO Val horizons | 15min_mae=1.485654 15min_rmse=2.919635 15min_mape=3.284439 | 30min_mae=1.870518 30min_rmse=3.841185 30min_mape=4.380817 | 60min_mae=2.225901 60min_rmse=4.582818 60min_mape=5.405396
[2026-09-11 17:21:02] INFO Epoch 077 | stage=standard | train_total=0.169932 | train_forecast=0.169932 | train_confidence=0.000000 | train_risk=0.000000 | train_blend=0.000000 | val_total=0.249655 | val_mae=1.812210 | val_rmse=3.773197 | val_mape=4.158404 | val_confidence=0.000000 | val_risk=0.000000 | val_blend=0.000000 | batches=4523/614 | seconds=110.57 | lr=[0.0001] | cuda_peak_mb=108.2
[2026-09-11 17:21:02] INFO Val horizons | 15min_mae=1.494779 15min_rmse=2.939408 15min_mape=3.253379 | 30min_mae=1.881289 30min_rmse=3.869286 30min_mape=4.321871 | 60min_mae=2.250975 60min_rmse=4.623992 60min_mape=5.366696
[2026-09-11 17:22:52] INFO Epoch 078 | stage=standard | train_total=0.169687 | train_forecast=0.169687 | train_confidence=0.000000 | train_risk=0.000000 | train_blend=0.000000 | val_total=0.244545 | val_mae=1.812547 | val_rmse=3.737101 | val_mape=4.126677 | val_confidence=0.000000 | val_risk=0.000000 | val_blend=0.000000 | batches=4523/614 | seconds=110.38 | lr=[0.0001] | cuda_peak_mb=108.2
[2026-09-11 17:22:52] INFO Val horizons | 15min_mae=1.495224 15min_rmse=2.919441 15min_mape=3.223647 | 30min_mae=1.887400 30min_rmse=3.839289 30min_mape=4.281304 | 60min_mae=2.247932 60min_rmse=4.570531 60min_mape=5.353811
[2026-09-11 17:24:43] INFO Epoch 079 | stage=standard | train_total=0.169622 | train_forecast=0.169622 | train_confidence=0.000000 | train_risk=0.000000 | train_blend=0.000000 | val_total=0.243201 | val_mae=1.781527 | val_rmse=3.716744 | val_mape=4.100651 | val_confidence=0.000000 | val_risk=0.000000 | val_blend=0.000000 | batches=4523/614 | seconds=110.48 | lr=[0.0001] | cuda_peak_mb=108.2
[2026-09-11 17:24:43] INFO Val horizons | 15min_mae=1.476693 15min_rmse=2.908047 15min_mape=3.210248 | 30min_mae=1.855753 30min_rmse=3.821189 30min_mape=4.270405 | 60min_mae=2.201200 60min_rmse=4.541535 60min_mape=5.288121
[2026-09-11 17:24:43] INFO Checkpoint updated | epoch=79 | stage=standard | best_val_mae=1.781527 | path=C:\Users\clw\projects\researchRep\STAnchor-BlockMemory\artifacts\cross_dataset_pemsbay\pemsbay_baseonly_st_norm_seed42\downstream_best.pt
[2026-09-11 17:26:34] INFO Epoch 080 | stage=standard | train_total=0.169494 | train_forecast=0.169494 | train_confidence=0.000000 | train_risk=0.000000 | train_blend=0.000000 | val_total=0.251551 | val_mae=1.811303 | val_rmse=3.784467 | val_mape=4.247652 | val_confidence=0.000000 | val_risk=0.000000 | val_blend=0.000000 | batches=4523/614 | seconds=110.83 | lr=[0.0001] | cuda_peak_mb=108.2
[2026-09-11 17:26:34] INFO Val horizons | 15min_mae=1.494602 15min_rmse=2.942545 15min_mape=3.321529 | 30min_mae=1.884777 30min_rmse=3.883983 30min_mape=4.441485 | 60min_mae=2.245818 60min_rmse=4.638350 60min_mape=5.448729
[2026-09-11 17:28:24] INFO Epoch 081 | stage=standard | train_total=0.169353 | train_forecast=0.169353 | train_confidence=0.000000 | train_risk=0.000000 | train_blend=0.000000 | val_total=0.246624 | val_mae=1.803107 | val_rmse=3.753555 | val_mape=4.204725 | val_confidence=0.000000 | val_risk=0.000000 | val_blend=0.000000 | batches=4523/614 | seconds=110.88 | lr=[0.0001] | cuda_peak_mb=108.2
[2026-09-11 17:28:24] INFO Val horizons | 15min_mae=1.491117 15min_rmse=2.930615 15min_mape=3.300409 | 30min_mae=1.877454 30min_rmse=3.859466 30min_mape=4.393431 | 60min_mae=2.227628 60min_rmse=4.580939 60min_mape=5.374956
[2026-09-11 17:30:15] INFO Epoch 082 | stage=standard | train_total=0.169224 | train_forecast=0.169224 | train_confidence=0.000000 | train_risk=0.000000 | train_blend=0.000000 | val_total=0.246390 | val_mae=1.808023 | val_rmse=3.745385 | val_mape=4.139936 | val_confidence=0.000000 | val_risk=0.000000 | val_blend=0.000000 | batches=4523/614 | seconds=110.27 | lr=[0.0001] | cuda_peak_mb=108.2
[2026-09-11 17:30:15] INFO Val horizons | 15min_mae=1.497480 15min_rmse=2.931015 15min_mape=3.324181 | 30min_mae=1.872801 30min_rmse=3.835168 30min_mape=4.306402 | 60min_mae=2.247774 60min_rmse=4.596153 60min_mape=5.237591
[2026-09-11 17:32:06] INFO Epoch 083 | stage=standard | train_total=0.168987 | train_forecast=0.168987 | train_confidence=0.000000 | train_risk=0.000000 | train_blend=0.000000 | val_total=0.243038 | val_mae=1.770311 | val_rmse=3.724422 | val_mape=4.108099 | val_confidence=0.000000 | val_risk=0.000000 | val_blend=0.000000 | batches=4523/614 | seconds=110.84 | lr=[0.0001] | cuda_peak_mb=108.2
[2026-09-11 17:32:06] INFO Val horizons | 15min_mae=1.469292 15min_rmse=2.911495 15min_mape=3.212802 | 30min_mae=1.839304 30min_rmse=3.824673 30min_mape=4.266943 | 60min_mae=2.187693 60min_rmse=4.556419 60min_mape=5.316862
[2026-09-11 17:32:06] INFO Checkpoint updated | epoch=83 | stage=standard | best_val_mae=1.770311 | path=C:\Users\clw\projects\researchRep\STAnchor-BlockMemory\artifacts\cross_dataset_pemsbay\pemsbay_baseonly_st_norm_seed42\downstream_best.pt
[2026-09-11 17:33:56] INFO Epoch 084 | stage=standard | train_total=0.168891 | train_forecast=0.168891 | train_confidence=0.000000 | train_risk=0.000000 | train_blend=0.000000 | val_total=0.243902 | val_mae=1.775542 | val_rmse=3.724154 | val_mape=4.169885 | val_confidence=0.000000 | val_risk=0.000000 | val_blend=0.000000 | batches=4523/614 | seconds=110.73 | lr=[0.0001] | cuda_peak_mb=108.2
[2026-09-11 17:33:56] INFO Val horizons | 15min_mae=1.475270 15min_rmse=2.923713 15min_mape=3.298129 | 30min_mae=1.845397 30min_rmse=3.828863 30min_mape=4.349429 | 60min_mae=2.189818 60min_rmse=4.540448 60min_mape=5.316139
[2026-09-11 17:35:49] INFO Epoch 085 | stage=standard | train_total=0.168769 | train_forecast=0.168769 | train_confidence=0.000000 | train_risk=0.000000 | train_blend=0.000000 | val_total=0.242665 | val_mae=1.773434 | val_rmse=3.724220 | val_mape=4.173213 | val_confidence=0.000000 | val_risk=0.000000 | val_blend=0.000000 | batches=4523/614 | seconds=112.84 | lr=[0.0001] | cuda_peak_mb=108.2
[2026-09-11 17:35:49] INFO Val horizons | 15min_mae=1.476114 15min_rmse=2.915520 15min_mape=3.282829 | 30min_mae=1.845819 30min_rmse=3.826784 30min_mape=4.343798 | 60min_mae=2.186668 60min_rmse=4.554820 60min_mape=5.390344
[2026-09-11 17:37:43] INFO Epoch 086 | stage=standard | train_total=0.168478 | train_forecast=0.168478 | train_confidence=0.000000 | train_risk=0.000000 | train_blend=0.000000 | val_total=0.242351 | val_mae=1.787696 | val_rmse=3.714608 | val_mape=4.077253 | val_confidence=0.000000 | val_risk=0.000000 | val_blend=0.000000 | batches=4523/614 | seconds=113.31 | lr=[0.0001] | cuda_peak_mb=108.2
[2026-09-11 17:37:43] INFO Val horizons | 15min_mae=1.479122 15min_rmse=2.910329 15min_mape=3.237358 | 30min_mae=1.857234 30min_rmse=3.814902 30min_mape=4.242330 | 60min_mae=2.215347 60min_rmse=4.538390 60min_mape=5.217261
[2026-09-11 17:39:36] INFO Epoch 087 | stage=standard | train_total=0.168319 | train_forecast=0.168319 | train_confidence=0.000000 | train_risk=0.000000 | train_blend=0.000000 | val_total=0.244110 | val_mae=1.810578 | val_rmse=3.731947 | val_mape=4.127400 | val_confidence=0.000000 | val_risk=0.000000 | val_blend=0.000000 | batches=4523/614 | seconds=113.21 | lr=[0.0001] | cuda_peak_mb=108.2
[2026-09-11 17:39:36] INFO Val horizons | 15min_mae=1.498791 15min_rmse=2.917326 15min_mape=3.267509 | 30min_mae=1.880143 30min_rmse=3.831498 30min_mape=4.296905 | 60min_mae=2.243769 60min_rmse=4.564999 60min_mape=5.266203
[2026-09-11 17:41:28] INFO Epoch 088 | stage=standard | train_total=0.168338 | train_forecast=0.168338 | train_confidence=0.000000 | train_risk=0.000000 | train_blend=0.000000 | val_total=0.249131 | val_mae=1.800015 | val_rmse=3.760489 | val_mape=4.157702 | val_confidence=0.000000 | val_risk=0.000000 | val_blend=0.000000 | batches=4523/614 | seconds=112.74 | lr=[0.0001] | cuda_peak_mb=108.2
[2026-09-11 17:41:28] INFO Val horizons | 15min_mae=1.484396 15min_rmse=2.925872 15min_mape=3.249057 | 30min_mae=1.866769 30min_rmse=3.855617 30min_mape=4.307603 | 60min_mae=2.236993 60min_rmse=4.611666 60min_mape=5.390052
[2026-09-11 17:43:21] INFO Epoch 089 | stage=standard | train_total=0.168060 | train_forecast=0.168060 | train_confidence=0.000000 | train_risk=0.000000 | train_blend=0.000000 | val_total=0.256297 | val_mae=1.812030 | val_rmse=3.828200 | val_mape=4.328378 | val_confidence=0.000000 | val_risk=0.000000 | val_blend=0.000000 | batches=4523/614 | seconds=113.01 | lr=[0.0001] | cuda_peak_mb=108.2
[2026-09-11 17:43:21] INFO Val horizons | 15min_mae=1.495598 15min_rmse=2.964542 15min_mape=3.371642 | 30min_mae=1.884414 30min_rmse=3.922577 30min_mape=4.499955 | 60min_mae=2.240439 60min_rmse=4.698933 60min_mape=5.579333
[2026-09-11 17:45:15] INFO Epoch 090 | stage=standard | train_total=0.167941 | train_forecast=0.167941 | train_confidence=0.000000 | train_risk=0.000000 | train_blend=0.000000 | val_total=0.242840 | val_mae=1.793257 | val_rmse=3.719478 | val_mape=4.046939 | val_confidence=0.000000 | val_risk=0.000000 | val_blend=0.000000 | batches=4523/614 | seconds=113.44 | lr=[0.0001] | cuda_peak_mb=108.2
[2026-09-11 17:45:15] INFO Val horizons | 15min_mae=1.479059 15min_rmse=2.912335 15min_mape=3.185034 | 30min_mae=1.862095 30min_rmse=3.819109 30min_mape=4.200823 | 60min_mae=2.230374 60min_rmse=4.549316 60min_mape=5.227884
[2026-09-11 17:47:08] INFO Epoch 091 | stage=standard | train_total=0.167893 | train_forecast=0.167893 | train_confidence=0.000000 | train_risk=0.000000 | train_blend=0.000000 | val_total=0.247515 | val_mae=1.829475 | val_rmse=3.765498 | val_mape=4.211626 | val_confidence=0.000000 | val_risk=0.000000 | val_blend=0.000000 | batches=4523/614 | seconds=113.56 | lr=[0.0001] | cuda_peak_mb=108.2
[2026-09-11 17:47:08] INFO Val horizons | 15min_mae=1.513513 15min_rmse=2.938070 15min_mape=3.324362 | 30min_mae=1.904774 30min_rmse=3.865600 30min_mape=4.384667 | 60min_mae=2.260367 60min_rmse=4.607619 60min_mape=5.393931
[2026-09-11 17:49:01] INFO Epoch 092 | stage=standard | train_total=0.167734 | train_forecast=0.167734 | train_confidence=0.000000 | train_risk=0.000000 | train_blend=0.000000 | val_total=0.241461 | val_mae=1.793568 | val_rmse=3.715228 | val_mape=4.152470 | val_confidence=0.000000 | val_risk=0.000000 | val_blend=0.000000 | batches=4523/614 | seconds=112.67 | lr=[0.0001] | cuda_peak_mb=108.2
[2026-09-11 17:49:01] INFO Val horizons | 15min_mae=1.480963 15min_rmse=2.907053 15min_mape=3.254805 | 30min_mae=1.863074 30min_rmse=3.818178 30min_mape=4.336021 | 60min_mae=2.225075 60min_rmse=4.535515 60min_mape=5.329327
[2026-09-11 17:50:52] INFO Epoch 093 | stage=standard | train_total=0.167487 | train_forecast=0.167487 | train_confidence=0.000000 | train_risk=0.000000 | train_blend=0.000000 | val_total=0.246363 | val_mae=1.781962 | val_rmse=3.732190 | val_mape=4.093472 | val_confidence=0.000000 | val_risk=0.000000 | val_blend=0.000000 | batches=4523/614 | seconds=110.95 | lr=[0.0001] | cuda_peak_mb=108.2
[2026-09-11 17:50:52] INFO Val horizons | 15min_mae=1.483953 15min_rmse=2.916999 15min_mape=3.252842 | 30min_mae=1.854319 30min_rmse=3.827941 30min_mape=4.276090 | 60min_mae=2.201262 60min_rmse=4.579406 60min_mape=5.234594
[2026-09-11 17:52:43] INFO Epoch 094 | stage=standard | train_total=0.167336 | train_forecast=0.167336 | train_confidence=0.000000 | train_risk=0.000000 | train_blend=0.000000 | val_total=0.243882 | val_mae=1.795388 | val_rmse=3.723378 | val_mape=4.125002 | val_confidence=0.000000 | val_risk=0.000000 | val_blend=0.000000 | batches=4523/614 | seconds=110.87 | lr=[0.0001] | cuda_peak_mb=108.2
[2026-09-11 17:52:43] INFO Val horizons | 15min_mae=1.483806 15min_rmse=2.913455 15min_mape=3.258442 | 30min_mae=1.866277 30min_rmse=3.825896 30min_mape=4.286949 | 60min_mae=2.221555 60min_rmse=4.547172 60min_mape=5.286082
[2026-09-11 17:54:34] INFO Epoch 095 | stage=standard | train_total=0.167222 | train_forecast=0.167222 | train_confidence=0.000000 | train_risk=0.000000 | train_blend=0.000000 | val_total=0.246288 | val_mae=1.799045 | val_rmse=3.734448 | val_mape=4.140049 | val_confidence=0.000000 | val_risk=0.000000 | val_blend=0.000000 | batches=4523/614 | seconds=110.81 | lr=[0.0001] | cuda_peak_mb=108.2
[2026-09-11 17:54:34] INFO Val horizons | 15min_mae=1.487549 15min_rmse=2.922935 15min_mape=3.284665 | 30min_mae=1.868079 30min_rmse=3.832008 30min_mape=4.302413 | 60min_mae=2.229040 60min_rmse=4.566039 60min_mape=5.286643
[2026-09-11 17:56:25] INFO Epoch 096 | stage=standard | train_total=0.167139 | train_forecast=0.167139 | train_confidence=0.000000 | train_risk=0.000000 | train_blend=0.000000 | val_total=0.246377 | val_mae=1.816135 | val_rmse=3.763124 | val_mape=4.220684 | val_confidence=0.000000 | val_risk=0.000000 | val_blend=0.000000 | batches=4523/614 | seconds=110.73 | lr=[0.0001] | cuda_peak_mb=108.2
[2026-09-11 17:56:25] INFO Val horizons | 15min_mae=1.489667 15min_rmse=2.921120 15min_mape=3.264425 | 30min_mae=1.883230 30min_rmse=3.853490 30min_mape=4.375918 | 60min_mae=2.266304 60min_rmse=4.627641 60min_mape=5.500289
[2026-09-11 17:58:15] INFO Epoch 097 | stage=standard | train_total=0.166961 | train_forecast=0.166961 | train_confidence=0.000000 | train_risk=0.000000 | train_blend=0.000000 | val_total=0.245333 | val_mae=1.779589 | val_rmse=3.746672 | val_mape=4.113831 | val_confidence=0.000000 | val_risk=0.000000 | val_blend=0.000000 | batches=4523/614 | seconds=110.48 | lr=[0.0001] | cuda_peak_mb=108.2
[2026-09-11 17:58:15] INFO Val horizons | 15min_mae=1.475002 15min_rmse=2.930056 15min_mape=3.266116 | 30min_mae=1.852141 30min_rmse=3.854096 30min_mape=4.297594 | 60min_mae=2.196605 60min_rmse=4.571791 60min_mape=5.228284
[2026-09-11 18:00:06] INFO Epoch 098 | stage=standard | train_total=0.166842 | train_forecast=0.166842 | train_confidence=0.000000 | train_risk=0.000000 | train_blend=0.000000 | val_total=0.242633 | val_mae=1.783113 | val_rmse=3.729515 | val_mape=4.110446 | val_confidence=0.000000 | val_risk=0.000000 | val_blend=0.000000 | batches=4523/614 | seconds=110.75 | lr=[0.0001] | cuda_peak_mb=108.2
[2026-09-11 18:00:06] INFO Val horizons | 15min_mae=1.475690 15min_rmse=2.910024 15min_mape=3.206862 | 30min_mae=1.854202 30min_rmse=3.830070 30min_mape=4.263256 | 60min_mae=2.201733 60min_rmse=4.562863 60min_mape=5.324409
[2026-09-11 18:01:56] INFO Epoch 099 | stage=standard | train_total=0.166689 | train_forecast=0.166689 | train_confidence=0.000000 | train_risk=0.000000 | train_blend=0.000000 | val_total=0.247416 | val_mae=1.797458 | val_rmse=3.769132 | val_mape=4.153675 | val_confidence=0.000000 | val_risk=0.000000 | val_blend=0.000000 | batches=4523/614 | seconds=110.71 | lr=[0.0001] | cuda_peak_mb=108.2
[2026-09-11 18:01:56] INFO Val horizons | 15min_mae=1.483360 15min_rmse=2.930870 15min_mape=3.254602 | 30min_mae=1.866894 30min_rmse=3.869801 30min_mape=4.309166 | 60min_mae=2.228493 60min_rmse=4.617583 60min_mape=5.369434
[2026-09-11 18:03:48] INFO Epoch 100 | stage=standard | train_total=0.166548 | train_forecast=0.166548 | train_confidence=0.000000 | train_risk=0.000000 | train_blend=0.000000 | val_total=0.243783 | val_mae=1.784406 | val_rmse=3.734080 | val_mape=4.145718 | val_confidence=0.000000 | val_risk=0.000000 | val_blend=0.000000 | batches=4523/614 | seconds=111.17 | lr=[0.0001] | cuda_peak_mb=108.2
[2026-09-11 18:03:48] INFO Val horizons | 15min_mae=1.479370 15min_rmse=2.923745 15min_mape=3.283520 | 30min_mae=1.854388 30min_rmse=3.833620 30min_mape=4.314575 | 60min_mae=2.206288 60min_rmse=4.571582 60min_mape=5.307994
[2026-09-11 18:03:48] INFO Downstream training finished | best_val_mae=1.770311 | checkpoint=C:\Users\clw\projects\researchRep\STAnchor-BlockMemory\artifacts\cross_dataset_pemsbay\pemsbay_baseonly_st_norm_seed42\downstream_best.pt
