[2026-09-09 07:35:18] INFO Downstream start | run=cross_dataset_final/pemsbay_finetuned_router_gwn_seed42 | device=cuda:0 (requested=cuda:0) | seed=42 | output=C:\Users\clw\projects\researchRep\STAnchor-BlockMemory\artifacts\cross_dataset_final\pemsbay_finetuned_router_gwn_seed42
[2026-09-09 07:35:18] INFO Mode | downstream_mode=learned_topk_error_aware | training_protocol=posthoc_frozen_base | candidate_protocol=weekday_radius1_overlap
[2026-09-09 07:35:18] INFO Downstream initialization | seed=42 | state_hash=652eaf1b37a83a2f
[2026-09-09 07:35:18] INFO Frozen base | checkpoint=C:\Users\clw\projects\researchRep\STAnchor-BlockMemory\artifacts\cross_dataset_stage1\pemsbay_baseonly_gwn_seed42\downstream_best.pt | fingerprint=a00a53284d334d67
[2026-09-09 07:35:18] INFO Data | steps=52116 | nodes=325 | channels=1 | training_scope=full_train | memory/post_memory/train_selected/val/test=25327/10855/36182/4912/10125
[2026-09-09 07:35:18] INFO Bank/retrieval | dataset=PEMS-BAY-T1 | events=25327 | nodes=325 | retrieval_dim=64 | event_top_r=96 | node_top_k=12 | key_dtype=float16
[2026-09-09 07:35:18] INFO Parameters | downstream_total=1,191,690 | downstream_trainable=879,693 | backbone=0 | confidence_head=0 | fusion=0 | frozen_pretrained=958,704
[2026-09-09 07:35:18] INFO Optimization | epochs=50 | batch_size=32 | optimizer=adam | lr=0.001 | weight_decay=0.0001 | scheduler=step_lr | step_size=10 | gamma=0.950 | confidence_weight=0.000 | patience=10 | early_stopping=disabled
[2026-09-09 07:35:19] INFO Stage start | stage=posthoc_calibrator | epochs=50 | optimizer_lrs=[0.001]
[2026-09-09 07:53:33] INFO Epoch 001 | stage=posthoc_calibrator | train_total=1.391250 | train_forecast=1.391250 | train_confidence=0.000000 | train_risk=0.000000 | train_blend=0.000000 | val_total=1.560615 | val_mae=1.555670 | val_rmse=3.611792 | val_mape=3.595587 | val_confidence=0.000000 | val_risk=0.000000 | val_blend=0.000000 | batches=1131/154 | seconds=1093.46 | lr=[0.001] | cuda_peak_mb=5432.5
[2026-09-09 07:53:33] INFO Val horizons | 15min_mae=1.314674 15min_rmse=2.758642 15min_mape=2.820198 | 30min_mae=1.619533 30min_rmse=3.701394 30min_mape=3.746011 | 60min_mae=1.888045 60min_rmse=4.444747 60min_mape=4.591891
[2026-09-09 07:53:33] INFO Checkpoint updated | epoch=1 | stage=posthoc_calibrator | best_val_mae=1.555670 | path=C:\Users\clw\projects\researchRep\STAnchor-BlockMemory\artifacts\cross_dataset_final\pemsbay_finetuned_router_gwn_seed42\downstream_best.pt
[2026-09-09 07:56:04] INFO Epoch 002 | stage=posthoc_calibrator | train_total=1.386029 | train_forecast=1.386029 | train_confidence=0.000000 | train_risk=0.000000 | train_blend=0.000000 | val_total=1.553715 | val_mae=1.548998 | val_rmse=3.584387 | val_mape=3.543694 | val_confidence=0.000000 | val_risk=0.000000 | val_blend=0.000000 | batches=1131/154 | seconds=151.04 | lr=[0.001] | cuda_peak_mb=2203.5
[2026-09-09 07:56:04] INFO Val horizons | 15min_mae=1.313610 15min_rmse=2.749377 15min_mape=2.806903 | 30min_mae=1.613607 30min_rmse=3.675066 30min_mape=3.696996 | 60min_mae=1.874859 60min_rmse=4.402029 60min_mape=4.497681
[2026-09-09 07:56:04] INFO Checkpoint updated | epoch=2 | stage=posthoc_calibrator | best_val_mae=1.548998 | path=C:\Users\clw\projects\researchRep\STAnchor-BlockMemory\artifacts\cross_dataset_final\pemsbay_finetuned_router_gwn_seed42\downstream_best.pt
[2026-09-09 07:58:34] INFO Epoch 003 | stage=posthoc_calibrator | train_total=1.384490 | train_forecast=1.384490 | train_confidence=0.000000 | train_risk=0.000000 | train_blend=0.000000 | val_total=1.554708 | val_mae=1.549773 | val_rmse=3.602668 | val_mape=3.568993 | val_confidence=0.000000 | val_risk=0.000000 | val_blend=0.000000 | batches=1131/154 | seconds=149.73 | lr=[0.001] | cuda_peak_mb=2203.3
[2026-09-09 07:58:34] INFO Val horizons | 15min_mae=1.312238 15min_rmse=2.752008 15min_mape=2.809285 | 30min_mae=1.615145 30min_rmse=3.696305 30min_mape=3.729374 | 60min_mae=1.874607 60min_rmse=4.418200 60min_mape=4.527025
[2026-09-09 08:01:03] INFO Epoch 004 | stage=posthoc_calibrator | train_total=1.383420 | train_forecast=1.383420 | train_confidence=0.000000 | train_risk=0.000000 | train_blend=0.000000 | val_total=1.553074 | val_mae=1.548133 | val_rmse=3.594718 | val_mape=3.558924 | val_confidence=0.000000 | val_risk=0.000000 | val_blend=0.000000 | batches=1131/154 | seconds=149.60 | lr=[0.001] | cuda_peak_mb=2203.5
[2026-09-09 08:01:03] INFO Val horizons | 15min_mae=1.311992 15min_rmse=2.752731 15min_mape=2.811109 | 30min_mae=1.614205 30min_rmse=3.690397 30min_mape=3.721720 | 60min_mae=1.870216 60min_rmse=4.403837 60min_mape=4.497107
[2026-09-09 08:01:03] INFO Checkpoint updated | epoch=4 | stage=posthoc_calibrator | best_val_mae=1.548133 | path=C:\Users\clw\projects\researchRep\STAnchor-BlockMemory\artifacts\cross_dataset_final\pemsbay_finetuned_router_gwn_seed42\downstream_best.pt
[2026-09-09 08:03:34] INFO Epoch 005 | stage=posthoc_calibrator | train_total=1.382939 | train_forecast=1.382939 | train_confidence=0.000000 | train_risk=0.000000 | train_blend=0.000000 | val_total=1.555442 | val_mae=1.550554 | val_rmse=3.602592 | val_mape=3.584869 | val_confidence=0.000000 | val_risk=0.000000 | val_blend=0.000000 | batches=1131/154 | seconds=150.33 | lr=[0.001] | cuda_peak_mb=2203.3
[2026-09-09 08:03:34] INFO Val horizons | 15min_mae=1.312656 15min_rmse=2.752906 15min_mape=2.817209 | 30min_mae=1.615603 30min_rmse=3.697906 30min_mape=3.740213 | 60min_mae=1.876604 60min_rmse=4.421450 60min_mape=4.565090
[2026-09-09 08:06:03] INFO Epoch 006 | stage=posthoc_calibrator | train_total=1.381976 | train_forecast=1.381976 | train_confidence=0.000000 | train_risk=0.000000 | train_blend=0.000000 | val_total=1.551796 | val_mae=1.547138 | val_rmse=3.590965 | val_mape=3.561580 | val_confidence=0.000000 | val_risk=0.000000 | val_blend=0.000000 | batches=1131/154 | seconds=149.69 | lr=[0.001] | cuda_peak_mb=2203.6
[2026-09-09 08:06:03] INFO Val horizons | 15min_mae=1.310928 15min_rmse=2.753596 15min_mape=2.812693 | 30min_mae=1.611325 30min_rmse=3.688063 30min_mape=3.719153 | 60min_mae=1.872048 60min_rmse=4.399935 60min_mape=4.516085
[2026-09-09 08:06:04] INFO Checkpoint updated | epoch=6 | stage=posthoc_calibrator | best_val_mae=1.547138 | path=C:\Users\clw\projects\researchRep\STAnchor-BlockMemory\artifacts\cross_dataset_final\pemsbay_finetuned_router_gwn_seed42\downstream_best.pt
[2026-09-09 08:08:33] INFO Epoch 007 | stage=posthoc_calibrator | train_total=1.380828 | train_forecast=1.380828 | train_confidence=0.000000 | train_risk=0.000000 | train_blend=0.000000 | val_total=1.555594 | val_mae=1.550687 | val_rmse=3.615225 | val_mape=3.582420 | val_confidence=0.000000 | val_risk=0.000000 | val_blend=0.000000 | batches=1131/154 | seconds=149.71 | lr=[0.001] | cuda_peak_mb=2203.9
[2026-09-09 08:08:33] INFO Val horizons | 15min_mae=1.312224 15min_rmse=2.759217 15min_mape=2.817582 | 30min_mae=1.614946 30min_rmse=3.706470 30min_mape=3.736495 | 60min_mae=1.879704 60min_rmse=4.447499 60min_mape=4.566243
[2026-09-09 08:11:03] INFO Epoch 008 | stage=posthoc_calibrator | train_total=1.380394 | train_forecast=1.380394 | train_confidence=0.000000 | train_risk=0.000000 | train_blend=0.000000 | val_total=1.554420 | val_mae=1.549634 | val_rmse=3.606701 | val_mape=3.582591 | val_confidence=0.000000 | val_risk=0.000000 | val_blend=0.000000 | batches=1131/154 | seconds=149.64 | lr=[0.001] | cuda_peak_mb=2203.3
[2026-09-09 08:11:03] INFO Val horizons | 15min_mae=1.311598 15min_rmse=2.759377 15min_mape=2.818220 | 30min_mae=1.613470 30min_rmse=3.700879 30min_mape=3.733604 | 60min_mae=1.876859 60min_rmse=4.429766 60min_mape=4.559668
[2026-09-09 08:13:32] INFO Epoch 009 | stage=posthoc_calibrator | train_total=1.379996 | train_forecast=1.379996 | train_confidence=0.000000 | train_risk=0.000000 | train_blend=0.000000 | val_total=1.551055 | val_mae=1.546183 | val_rmse=3.596168 | val_mape=3.564324 | val_confidence=0.000000 | val_risk=0.000000 | val_blend=0.000000 | batches=1131/154 | seconds=149.47 | lr=[0.001] | cuda_peak_mb=2203.1
[2026-09-09 08:13:32] INFO Val horizons | 15min_mae=1.310000 15min_rmse=2.749930 15min_mape=2.810337 | 30min_mae=1.610671 30min_rmse=3.689803 30min_mape=3.719929 | 60min_mae=1.870112 60min_rmse=4.413938 60min_mape=4.521077
[2026-09-09 08:13:32] INFO Checkpoint updated | epoch=9 | stage=posthoc_calibrator | best_val_mae=1.546183 | path=C:\Users\clw\projects\researchRep\STAnchor-BlockMemory\artifacts\cross_dataset_final\pemsbay_finetuned_router_gwn_seed42\downstream_best.pt
[2026-09-09 08:16:03] INFO Epoch 010 | stage=posthoc_calibrator | train_total=1.379091 | train_forecast=1.379091 | train_confidence=0.000000 | train_risk=0.000000 | train_blend=0.000000 | val_total=1.550381 | val_mae=1.545534 | val_rmse=3.589962 | val_mape=3.543879 | val_confidence=0.000000 | val_risk=0.000000 | val_blend=0.000000 | batches=1131/154 | seconds=150.33 | lr=[0.001] | cuda_peak_mb=2203.3
[2026-09-09 08:16:03] INFO Val horizons | 15min_mae=1.310495 15min_rmse=2.748992 15min_mape=2.804362 | 30min_mae=1.610108 30min_rmse=3.684243 30min_mape=3.701602 | 60min_mae=1.868878 60min_rmse=4.403265 60min_mape=4.486290
[2026-09-09 08:16:03] INFO Checkpoint updated | epoch=10 | stage=posthoc_calibrator | best_val_mae=1.545534 | path=C:\Users\clw\projects\researchRep\STAnchor-BlockMemory\artifacts\cross_dataset_final\pemsbay_finetuned_router_gwn_seed42\downstream_best.pt
[2026-09-09 08:18:32] INFO Epoch 011 | stage=posthoc_calibrator | train_total=1.378477 | train_forecast=1.378477 | train_confidence=0.000000 | train_risk=0.000000 | train_blend=0.000000 | val_total=1.550621 | val_mae=1.545833 | val_rmse=3.600726 | val_mape=3.566326 | val_confidence=0.000000 | val_risk=0.000000 | val_blend=0.000000 | batches=1131/154 | seconds=149.57 | lr=[0.00095] | cuda_peak_mb=2203.5
[2026-09-09 08:18:32] INFO Val horizons | 15min_mae=1.310155 15min_rmse=2.754717 15min_mape=2.815291 | 30min_mae=1.609922 30min_rmse=3.696988 30min_mape=3.721508 | 60min_mae=1.871183 60min_rmse=4.419660 60min_mape=4.529111
[2026-09-09 08:21:02] INFO Epoch 012 | stage=posthoc_calibrator | train_total=1.378075 | train_forecast=1.378075 | train_confidence=0.000000 | train_risk=0.000000 | train_blend=0.000000 | val_total=1.548069 | val_mae=1.543340 | val_rmse=3.587918 | val_mape=3.543783 | val_confidence=0.000000 | val_risk=0.000000 | val_blend=0.000000 | batches=1131/154 | seconds=149.34 | lr=[0.00095] | cuda_peak_mb=2203.3
[2026-09-09 08:21:02] INFO Val horizons | 15min_mae=1.309710 15min_rmse=2.752651 15min_mape=2.809437 | 30min_mae=1.607869 30min_rmse=3.687954 30min_mape=3.698567 | 60min_mae=1.865913 60min_rmse=4.394719 60min_mape=4.490350
[2026-09-09 08:21:02] INFO Checkpoint updated | epoch=12 | stage=posthoc_calibrator | best_val_mae=1.543340 | path=C:\Users\clw\projects\researchRep\STAnchor-BlockMemory\artifacts\cross_dataset_final\pemsbay_finetuned_router_gwn_seed42\downstream_best.pt
[2026-09-09 08:23:31] INFO Epoch 013 | stage=posthoc_calibrator | train_total=1.377490 | train_forecast=1.377490 | train_confidence=0.000000 | train_risk=0.000000 | train_blend=0.000000 | val_total=1.551851 | val_mae=1.547131 | val_rmse=3.594266 | val_mape=3.586761 | val_confidence=0.000000 | val_risk=0.000000 | val_blend=0.000000 | batches=1131/154 | seconds=149.39 | lr=[0.00095] | cuda_peak_mb=2203.6
[2026-09-09 08:23:31] INFO Val horizons | 15min_mae=1.311469 15min_rmse=2.750979 15min_mape=2.828088 | 30min_mae=1.609988 30min_rmse=3.686939 30min_mape=3.737320 | 60min_mae=1.873927 60min_rmse=4.411424 60min_mape=4.569116
[2026-09-09 08:26:01] INFO Epoch 014 | stage=posthoc_calibrator | train_total=1.377321 | train_forecast=1.377321 | train_confidence=0.000000 | train_risk=0.000000 | train_blend=0.000000 | val_total=1.554833 | val_mae=1.549970 | val_rmse=3.604648 | val_mape=3.590673 | val_confidence=0.000000 | val_risk=0.000000 | val_blend=0.000000 | batches=1131/154 | seconds=149.38 | lr=[0.00095] | cuda_peak_mb=2203.9
[2026-09-09 08:26:01] INFO Val horizons | 15min_mae=1.313142 15min_rmse=2.762348 15min_mape=2.835390 | 30min_mae=1.616417 30min_rmse=3.708887 30min_mape=3.761628 | 60min_mae=1.872141 60min_rmse=4.407289 60min_mape=4.529933
[2026-09-09 08:28:30] INFO Epoch 015 | stage=posthoc_calibrator | train_total=1.376855 | train_forecast=1.376855 | train_confidence=0.000000 | train_risk=0.000000 | train_blend=0.000000 | val_total=1.553427 | val_mae=1.548624 | val_rmse=3.603378 | val_mape=3.580091 | val_confidence=0.000000 | val_risk=0.000000 | val_blend=0.000000 | batches=1131/154 | seconds=149.52 | lr=[0.00095] | cuda_peak_mb=2203.3
[2026-09-09 08:28:30] INFO Val horizons | 15min_mae=1.311514 15min_rmse=2.758493 15min_mape=2.822590 | 30min_mae=1.614494 30min_rmse=3.705357 30min_mape=3.745156 | 60min_mae=1.871729 60min_rmse=4.409296 60min_mape=4.527499
[2026-09-09 08:31:00] INFO Epoch 016 | stage=posthoc_calibrator | train_total=1.376631 | train_forecast=1.376631 | train_confidence=0.000000 | train_risk=0.000000 | train_blend=0.000000 | val_total=1.550581 | val_mae=1.545862 | val_rmse=3.593992 | val_mape=3.561073 | val_confidence=0.000000 | val_risk=0.000000 | val_blend=0.000000 | batches=1131/154 | seconds=149.48 | lr=[0.00095] | cuda_peak_mb=2203.1
[2026-09-09 08:31:00] INFO Val horizons | 15min_mae=1.311582 15min_rmse=2.755029 15min_mape=2.820173 | 30min_mae=1.609752 30min_rmse=3.687560 30min_mape=3.711335 | 60min_mae=1.868748 60min_rmse=4.408625 60min_mape=4.516090
[2026-09-09 08:33:29] INFO Epoch 017 | stage=posthoc_calibrator | train_total=1.376244 | train_forecast=1.376244 | train_confidence=0.000000 | train_risk=0.000000 | train_blend=0.000000 | val_total=1.551739 | val_mae=1.546914 | val_rmse=3.608342 | val_mape=3.569716 | val_confidence=0.000000 | val_risk=0.000000 | val_blend=0.000000 | batches=1131/154 | seconds=149.57 | lr=[0.00095] | cuda_peak_mb=2203.3
[2026-09-09 08:33:29] INFO Val horizons | 15min_mae=1.310032 15min_rmse=2.758929 15min_mape=2.813289 | 30min_mae=1.611373 30min_rmse=3.709276 30min_mape=3.727971 | 60min_mae=1.872145 60min_rmse=4.423936 60min_mape=4.528127
[2026-09-09 08:36:00] INFO Epoch 018 | stage=posthoc_calibrator | train_total=1.376002 | train_forecast=1.376002 | train_confidence=0.000000 | train_risk=0.000000 | train_blend=0.000000 | val_total=1.551695 | val_mae=1.546890 | val_rmse=3.599037 | val_mape=3.569742 | val_confidence=0.000000 | val_risk=0.000000 | val_blend=0.000000 | batches=1131/154 | seconds=150.46 | lr=[0.00095] | cuda_peak_mb=2203.5
[2026-09-09 08:36:00] INFO Val horizons | 15min_mae=1.310379 15min_rmse=2.753732 15min_mape=2.813623 | 30min_mae=1.610483 30min_rmse=3.694280 30min_mape=3.721770 | 60min_mae=1.873112 60min_rmse=4.417533 60min_mape=4.540225
[2026-09-09 08:38:29] INFO Epoch 019 | stage=posthoc_calibrator | train_total=1.375965 | train_forecast=1.375965 | train_confidence=0.000000 | train_risk=0.000000 | train_blend=0.000000 | val_total=1.549765 | val_mae=1.544863 | val_rmse=3.598470 | val_mape=3.558826 | val_confidence=0.000000 | val_risk=0.000000 | val_blend=0.000000 | batches=1131/154 | seconds=149.44 | lr=[0.00095] | cuda_peak_mb=2203.3
[2026-09-09 08:38:29] INFO Val horizons | 15min_mae=1.309376 15min_rmse=2.753369 15min_mape=2.807842 | 30min_mae=1.609586 30min_rmse=3.696741 30min_mape=3.713306 | 60min_mae=1.867920 60min_rmse=4.413103 60min_mape=4.514332
[2026-09-09 08:40:59] INFO Epoch 020 | stage=posthoc_calibrator | train_total=1.375632 | train_forecast=1.375632 | train_confidence=0.000000 | train_risk=0.000000 | train_blend=0.000000 | val_total=1.549582 | val_mae=1.544956 | val_rmse=3.586449 | val_mape=3.551381 | val_confidence=0.000000 | val_risk=0.000000 | val_blend=0.000000 | batches=1131/154 | seconds=149.50 | lr=[0.00095] | cuda_peak_mb=2203.6
[2026-09-09 08:40:59] INFO Val horizons | 15min_mae=1.310372 15min_rmse=2.751095 15min_mape=2.816763 | 30min_mae=1.608063 30min_rmse=3.683720 30min_mape=3.705017 | 60min_mae=1.870326 60min_rmse=4.396285 60min_mape=4.503082
[2026-09-09 08:43:28] INFO Epoch 021 | stage=posthoc_calibrator | train_total=1.375479 | train_forecast=1.375479 | train_confidence=0.000000 | train_risk=0.000000 | train_blend=0.000000 | val_total=1.551413 | val_mae=1.546485 | val_rmse=3.606528 | val_mape=3.578724 | val_confidence=0.000000 | val_risk=0.000000 | val_blend=0.000000 | batches=1131/154 | seconds=149.71 | lr=[0.0009025] | cuda_peak_mb=2203.9
[2026-09-09 08:43:28] INFO Val horizons | 15min_mae=1.310161 15min_rmse=2.755250 15min_mape=2.815172 | 30min_mae=1.610818 30min_rmse=3.701125 30min_mape=3.733716 | 60min_mae=1.872191 60min_rmse=4.431540 60min_mape=4.554524
[2026-09-09 08:45:58] INFO Epoch 022 | stage=posthoc_calibrator | train_total=1.375203 | train_forecast=1.375203 | train_confidence=0.000000 | train_risk=0.000000 | train_blend=0.000000 | val_total=1.549122 | val_mae=1.544436 | val_rmse=3.591931 | val_mape=3.552000 | val_confidence=0.000000 | val_risk=0.000000 | val_blend=0.000000 | batches=1131/154 | seconds=149.59 | lr=[0.0009025] | cuda_peak_mb=2203.3
[2026-09-09 08:45:58] INFO Val horizons | 15min_mae=1.309410 15min_rmse=2.755416 15min_mape=2.807929 | 30min_mae=1.608041 30min_rmse=3.692071 30min_mape=3.700656 | 60min_mae=1.869354 60min_rmse=4.405315 60min_mape=4.514759
[2026-09-09 08:48:28] INFO Epoch 023 | stage=posthoc_calibrator | train_total=1.375233 | train_forecast=1.375233 | train_confidence=0.000000 | train_risk=0.000000 | train_blend=0.000000 | val_total=1.547205 | val_mae=1.542315 | val_rmse=3.583308 | val_mape=3.550384 | val_confidence=0.000000 | val_risk=0.000000 | val_blend=0.000000 | batches=1131/154 | seconds=150.32 | lr=[0.0009025] | cuda_peak_mb=2203.1
[2026-09-09 08:48:28] INFO Val horizons | 15min_mae=1.308441 15min_rmse=2.745257 15min_mape=2.804259 | 30min_mae=1.606639 30min_rmse=3.677168 30min_mape=3.703388 | 60min_mae=1.864126 60min_rmse=4.397503 60min_mape=4.504718
[2026-09-09 08:48:28] INFO Checkpoint updated | epoch=23 | stage=posthoc_calibrator | best_val_mae=1.542315 | path=C:\Users\clw\projects\researchRep\STAnchor-BlockMemory\artifacts\cross_dataset_final\pemsbay_finetuned_router_gwn_seed42\downstream_best.pt
[2026-09-09 08:50:58] INFO Epoch 024 | stage=posthoc_calibrator | train_total=1.375183 | train_forecast=1.375183 | train_confidence=0.000000 | train_risk=0.000000 | train_blend=0.000000 | val_total=1.550636 | val_mae=1.545737 | val_rmse=3.600009 | val_mape=3.569495 | val_confidence=0.000000 | val_risk=0.000000 | val_blend=0.000000 | batches=1131/154 | seconds=149.51 | lr=[0.0009025] | cuda_peak_mb=2203.3
[2026-09-09 08:50:58] INFO Val horizons | 15min_mae=1.309557 15min_rmse=2.754827 15min_mape=2.811147 | 30min_mae=1.610742 30min_rmse=3.697241 30min_mape=3.727374 | 60min_mae=1.869608 60min_rmse=4.416915 60min_mape=4.530136
[2026-09-09 08:53:27] INFO Epoch 025 | stage=posthoc_calibrator | train_total=1.374858 | train_forecast=1.374858 | train_confidence=0.000000 | train_risk=0.000000 | train_blend=0.000000 | val_total=1.545300 | val_mae=1.540611 | val_rmse=3.578421 | val_mape=3.542711 | val_confidence=0.000000 | val_risk=0.000000 | val_blend=0.000000 | batches=1131/154 | seconds=149.62 | lr=[0.0009025] | cuda_peak_mb=2203.5
[2026-09-09 08:53:27] INFO Val horizons | 15min_mae=1.307444 15min_rmse=2.746764 15min_mape=2.803054 | 30min_mae=1.604412 30min_rmse=3.676502 30min_mape=3.696822 | 60min_mae=1.862052 60min_rmse=4.384383 60min_mape=4.486923
[2026-09-09 08:53:27] INFO Checkpoint updated | epoch=25 | stage=posthoc_calibrator | best_val_mae=1.540611 | path=C:\Users\clw\projects\researchRep\STAnchor-BlockMemory\artifacts\cross_dataset_final\pemsbay_finetuned_router_gwn_seed42\downstream_best.pt
[2026-09-09 08:55:57] INFO Epoch 026 | stage=posthoc_calibrator | train_total=1.374751 | train_forecast=1.374751 | train_confidence=0.000000 | train_risk=0.000000 | train_blend=0.000000 | val_total=1.554426 | val_mae=1.549639 | val_rmse=3.612507 | val_mape=3.596293 | val_confidence=0.000000 | val_risk=0.000000 | val_blend=0.000000 | batches=1131/154 | seconds=149.88 | lr=[0.0009025] | cuda_peak_mb=2203.3
[2026-09-09 08:55:57] INFO Val horizons | 15min_mae=1.311792 15min_rmse=2.764355 15min_mape=2.827746 | 30min_mae=1.612987 30min_rmse=3.707172 30min_mape=3.747346 | 60min_mae=1.876683 60min_rmse=4.434488 60min_mape=4.576570
[2026-09-09 08:58:27] INFO Epoch 027 | stage=posthoc_calibrator | train_total=1.374900 | train_forecast=1.374900 | train_confidence=0.000000 | train_risk=0.000000 | train_blend=0.000000 | val_total=1.550389 | val_mae=1.545565 | val_rmse=3.600924 | val_mape=3.564380 | val_confidence=0.000000 | val_risk=0.000000 | val_blend=0.000000 | batches=1131/154 | seconds=149.79 | lr=[0.0009025] | cuda_peak_mb=2203.6
[2026-09-09 08:58:27] INFO Val horizons | 15min_mae=1.309863 15min_rmse=2.757680 15min_mape=2.811463 | 30min_mae=1.610435 30min_rmse=3.700001 30min_mape=3.719317 | 60min_mae=1.868509 60min_rmse=4.413913 60min_mape=4.519578
[2026-09-09 09:00:57] INFO Epoch 028 | stage=posthoc_calibrator | train_total=1.374923 | train_forecast=1.374923 | train_confidence=0.000000 | train_risk=0.000000 | train_blend=0.000000 | val_total=1.547881 | val_mae=1.543071 | val_rmse=3.594928 | val_mape=3.550998 | val_confidence=0.000000 | val_risk=0.000000 | val_blend=0.000000 | batches=1131/154 | seconds=149.59 | lr=[0.0009025] | cuda_peak_mb=2203.9
[2026-09-09 09:00:57] INFO Val horizons | 15min_mae=1.308830 15min_rmse=2.753914 15min_mape=2.804004 | 30min_mae=1.608211 30min_rmse=3.694284 30min_mape=3.708164 | 60min_mae=1.864627 60min_rmse=4.404976 60min_mape=4.497201
[2026-09-09 09:03:26] INFO Epoch 029 | stage=posthoc_calibrator | train_total=1.374495 | train_forecast=1.374495 | train_confidence=0.000000 | train_risk=0.000000 | train_blend=0.000000 | val_total=1.546874 | val_mae=1.542076 | val_rmse=3.589479 | val_mape=3.548750 | val_confidence=0.000000 | val_risk=0.000000 | val_blend=0.000000 | batches=1131/154 | seconds=149.64 | lr=[0.0009025] | cuda_peak_mb=2203.3
[2026-09-09 09:03:26] INFO Val horizons | 15min_mae=1.309092 15min_rmse=2.753780 15min_mape=2.808910 | 30min_mae=1.607350 30min_rmse=3.692909 30min_mape=3.707708 | 60min_mae=1.862140 60min_rmse=4.390918 60min_mape=4.494227
[2026-09-09 09:05:56] INFO Epoch 030 | stage=posthoc_calibrator | train_total=1.374510 | train_forecast=1.374510 | train_confidence=0.000000 | train_risk=0.000000 | train_blend=0.000000 | val_total=1.549391 | val_mae=1.544652 | val_rmse=3.597008 | val_mape=3.566698 | val_confidence=0.000000 | val_risk=0.000000 | val_blend=0.000000 | batches=1131/154 | seconds=149.83 | lr=[0.0009025] | cuda_peak_mb=2203.1
[2026-09-09 09:05:56] INFO Val horizons | 15min_mae=1.310355 15min_rmse=2.759477 15min_mape=2.819917 | 30min_mae=1.609589 30min_rmse=3.699660 30min_mape=3.725435 | 60min_mae=1.866122 60min_rmse=4.402706 60min_mape=4.513486
[2026-09-09 09:08:26] INFO Epoch 031 | stage=posthoc_calibrator | train_total=1.374262 | train_forecast=1.374262 | train_confidence=0.000000 | train_risk=0.000000 | train_blend=0.000000 | val_total=1.546201 | val_mae=1.541392 | val_rmse=3.592582 | val_mape=3.535155 | val_confidence=0.000000 | val_risk=0.000000 | val_blend=0.000000 | batches=1131/154 | seconds=149.81 | lr=[0.000857375] | cuda_peak_mb=2203.3
[2026-09-09 09:08:26] INFO Val horizons | 15min_mae=1.309317 15min_rmse=2.751201 15min_mape=2.801471 | 30min_mae=1.605720 30min_rmse=3.686355 30min_mape=3.688488 | 60min_mae=1.863014 60min_rmse=4.411283 60min_mape=4.487315
[2026-09-09 09:10:56] INFO Epoch 032 | stage=posthoc_calibrator | train_total=1.374122 | train_forecast=1.374122 | train_confidence=0.000000 | train_risk=0.000000 | train_blend=0.000000 | val_total=1.551116 | val_mae=1.546099 | val_rmse=3.605301 | val_mape=3.580127 | val_confidence=0.000000 | val_risk=0.000000 | val_blend=0.000000 | batches=1131/154 | seconds=149.72 | lr=[0.000857375] | cuda_peak_mb=2203.5
[2026-09-09 09:10:56] INFO Val horizons | 15min_mae=1.310151 15min_rmse=2.756663 15min_mape=2.823828 | 30min_mae=1.611302 30min_rmse=3.703064 30min_mape=3.745562 | 60min_mae=1.867788 60min_rmse=4.417801 60min_mape=4.525731
[2026-09-09 09:13:25] INFO Epoch 033 | stage=posthoc_calibrator | train_total=1.374248 | train_forecast=1.374248 | train_confidence=0.000000 | train_risk=0.000000 | train_blend=0.000000 | val_total=1.549038 | val_mae=1.544232 | val_rmse=3.602194 | val_mape=3.563462 | val_confidence=0.000000 | val_risk=0.000000 | val_blend=0.000000 | batches=1131/154 | seconds=149.58 | lr=[0.000857375] | cuda_peak_mb=2203.3
[2026-09-09 09:13:25] INFO Val horizons | 15min_mae=1.308877 15min_rmse=2.754912 15min_mape=2.808971 | 30min_mae=1.608322 30min_rmse=3.697638 30min_mape=3.715449 | 60min_mae=1.868017 60min_rmse=4.420138 60min_mape=4.529601
[2026-09-09 09:15:55] INFO Epoch 034 | stage=posthoc_calibrator | train_total=1.373976 | train_forecast=1.373976 | train_confidence=0.000000 | train_risk=0.000000 | train_blend=0.000000 | val_total=1.547263 | val_mae=1.542526 | val_rmse=3.590671 | val_mape=3.541788 | val_confidence=0.000000 | val_risk=0.000000 | val_blend=0.000000 | batches=1131/154 | seconds=149.53 | lr=[0.000857375] | cuda_peak_mb=2203.6
[2026-09-09 09:15:55] INFO Val horizons | 15min_mae=1.308961 15min_rmse=2.752192 15min_mape=2.803495 | 30min_mae=1.607050 30min_rmse=3.687940 30min_mape=3.697397 | 60min_mae=1.864048 60min_rmse=4.400055 60min_mape=4.485674
[2026-09-09 09:18:24] INFO Epoch 035 | stage=posthoc_calibrator | train_total=1.374011 | train_forecast=1.374011 | train_confidence=0.000000 | train_risk=0.000000 | train_blend=0.000000 | val_total=1.546064 | val_mae=1.541321 | val_rmse=3.583036 | val_mape=3.551131 | val_confidence=0.000000 | val_risk=0.000000 | val_blend=0.000000 | batches=1131/154 | seconds=149.66 | lr=[0.000857375] | cuda_peak_mb=2203.9
[2026-09-09 09:18:24] INFO Val horizons | 15min_mae=1.308544 15min_rmse=2.751489 15min_mape=2.814127 | 30min_mae=1.606268 30min_rmse=3.684499 30min_mape=3.715526 | 60min_mae=1.861260 60min_rmse=4.383179 60min_mape=4.482229
[2026-09-09 09:20:54] INFO Epoch 036 | stage=posthoc_calibrator | train_total=1.373860 | train_forecast=1.373860 | train_confidence=0.000000 | train_risk=0.000000 | train_blend=0.000000 | val_total=1.550108 | val_mae=1.545294 | val_rmse=3.597831 | val_mape=3.570509 | val_confidence=0.000000 | val_risk=0.000000 | val_blend=0.000000 | batches=1131/154 | seconds=149.61 | lr=[0.000857375] | cuda_peak_mb=2203.3
[2026-09-09 09:20:54] INFO Val horizons | 15min_mae=1.310164 15min_rmse=2.755392 15min_mape=2.818602 | 30min_mae=1.610159 30min_rmse=3.694948 30min_mape=3.731576 | 60min_mae=1.867423 60min_rmse=4.409419 60min_mape=4.517408
[2026-09-09 09:23:24] INFO Epoch 037 | stage=posthoc_calibrator | train_total=1.373986 | train_forecast=1.373986 | train_confidence=0.000000 | train_risk=0.000000 | train_blend=0.000000 | val_total=1.554335 | val_mae=1.549619 | val_rmse=3.608686 | val_mape=3.588511 | val_confidence=0.000000 | val_risk=0.000000 | val_blend=0.000000 | batches=1131/154 | seconds=149.61 | lr=[0.000857375] | cuda_peak_mb=2203.1
[2026-09-09 09:23:24] INFO Val horizons | 15min_mae=1.313252 15min_rmse=2.765265 15min_mape=2.827794 | 30min_mae=1.614598 30min_rmse=3.709867 30min_mape=3.746332 | 60min_mae=1.872903 60min_rmse=4.417684 60min_mape=4.547178
[2026-09-09 09:25:53] INFO Epoch 038 | stage=posthoc_calibrator | train_total=1.373769 | train_forecast=1.373769 | train_confidence=0.000000 | train_risk=0.000000 | train_blend=0.000000 | val_total=1.547022 | val_mae=1.542251 | val_rmse=3.589900 | val_mape=3.545246 | val_confidence=0.000000 | val_risk=0.000000 | val_blend=0.000000 | batches=1131/154 | seconds=149.63 | lr=[0.000857375] | cuda_peak_mb=2203.3
[2026-09-09 09:25:53] INFO Val horizons | 15min_mae=1.309094 15min_rmse=2.754203 15min_mape=2.805979 | 30min_mae=1.607221 30min_rmse=3.690522 30min_mape=3.704410 | 60min_mae=1.864308 60min_rmse=4.399474 60min_mape=4.490581
[2026-09-09 09:28:24] INFO Epoch 039 | stage=posthoc_calibrator | train_total=1.373683 | train_forecast=1.373683 | train_confidence=0.000000 | train_risk=0.000000 | train_blend=0.000000 | val_total=1.548037 | val_mae=1.543293 | val_rmse=3.595741 | val_mape=3.566215 | val_confidence=0.000000 | val_risk=0.000000 | val_blend=0.000000 | batches=1131/154 | seconds=150.55 | lr=[0.000857375] | cuda_peak_mb=2203.5
[2026-09-09 09:28:24] INFO Val horizons | 15min_mae=1.308991 15min_rmse=2.755167 15min_mape=2.816402 | 30min_mae=1.607961 30min_rmse=3.696257 30min_mape=3.725617 | 60min_mae=1.865838 60min_rmse=4.404887 60min_mape=4.525701
[2026-09-09 09:30:54] INFO Epoch 040 | stage=posthoc_calibrator | train_total=1.373683 | train_forecast=1.373683 | train_confidence=0.000000 | train_risk=0.000000 | train_blend=0.000000 | val_total=1.552626 | val_mae=1.547761 | val_rmse=3.615051 | val_mape=3.585745 | val_confidence=0.000000 | val_risk=0.000000 | val_blend=0.000000 | batches=1131/154 | seconds=149.72 | lr=[0.000857375] | cuda_peak_mb=2203.3
[2026-09-09 09:30:54] INFO Val horizons | 15min_mae=1.309778 15min_rmse=2.758529 15min_mape=2.819091 | 30min_mae=1.611622 30min_rmse=3.709835 30min_mape=3.742020 | 60min_mae=1.874229 60min_rmse=4.438826 60min_mape=4.558321
[2026-09-09 09:33:23] INFO Epoch 041 | stage=posthoc_calibrator | train_total=1.373528 | train_forecast=1.373528 | train_confidence=0.000000 | train_risk=0.000000 | train_blend=0.000000 | val_total=1.548084 | val_mae=1.543217 | val_rmse=3.597627 | val_mape=3.557543 | val_confidence=0.000000 | val_risk=0.000000 | val_blend=0.000000 | batches=1131/154 | seconds=149.76 | lr=[0.0008145062499999999] | cuda_peak_mb=2203.6
[2026-09-09 09:33:23] INFO Val horizons | 15min_mae=1.308997 15min_rmse=2.753222 15min_mape=2.810805 | 30min_mae=1.607994 30min_rmse=3.693839 30min_mape=3.715410 | 60min_mae=1.864368 60min_rmse=4.409891 60min_mape=4.505300
[2026-09-09 09:35:53] INFO Epoch 042 | stage=posthoc_calibrator | train_total=1.373547 | train_forecast=1.373547 | train_confidence=0.000000 | train_risk=0.000000 | train_blend=0.000000 | val_total=1.544430 | val_mae=1.539688 | val_rmse=3.576290 | val_mape=3.533556 | val_confidence=0.000000 | val_risk=0.000000 | val_blend=0.000000 | batches=1131/154 | seconds=149.69 | lr=[0.0008145062499999999] | cuda_peak_mb=2203.9
[2026-09-09 09:35:53] INFO Val horizons | 15min_mae=1.308466 15min_rmse=2.749137 15min_mape=2.806629 | 30min_mae=1.604717 30min_rmse=3.678934 30min_mape=3.690819 | 60min_mae=1.858208 60min_rmse=4.372638 60min_mape=4.465127
[2026-09-09 09:35:53] INFO Checkpoint updated | epoch=42 | stage=posthoc_calibrator | best_val_mae=1.539688 | path=C:\Users\clw\projects\researchRep\STAnchor-BlockMemory\artifacts\cross_dataset_final\pemsbay_finetuned_router_gwn_seed42\downstream_best.pt
[2026-09-09 09:38:23] INFO Epoch 043 | stage=posthoc_calibrator | train_total=1.373453 | train_forecast=1.373453 | train_confidence=0.000000 | train_risk=0.000000 | train_blend=0.000000 | val_total=1.548369 | val_mae=1.543559 | val_rmse=3.596624 | val_mape=3.555295 | val_confidence=0.000000 | val_risk=0.000000 | val_blend=0.000000 | batches=1131/154 | seconds=149.70 | lr=[0.0008145062499999999] | cuda_peak_mb=2203.3
[2026-09-09 09:38:23] INFO Val horizons | 15min_mae=1.309458 15min_rmse=2.757528 15min_mape=2.813510 | 30min_mae=1.608777 30min_rmse=3.697640 30min_mape=3.716438 | 60min_mae=1.864522 60min_rmse=4.402512 60min_mape=4.493685
[2026-09-09 09:40:53] INFO Epoch 044 | stage=posthoc_calibrator | train_total=1.373449 | train_forecast=1.373449 | train_confidence=0.000000 | train_risk=0.000000 | train_blend=0.000000 | val_total=1.548261 | val_mae=1.543556 | val_rmse=3.593785 | val_mape=3.553845 | val_confidence=0.000000 | val_risk=0.000000 | val_blend=0.000000 | batches=1131/154 | seconds=150.40 | lr=[0.0008145062499999999] | cuda_peak_mb=2203.1
[2026-09-09 09:40:53] INFO Val horizons | 15min_mae=1.309124 15min_rmse=2.754620 15min_mape=2.809452 | 30min_mae=1.607064 30min_rmse=3.686912 30min_mape=3.703216 | 60min_mae=1.867839 60min_rmse=4.410773 60min_mape=4.514890
[2026-09-09 09:43:24] INFO Epoch 045 | stage=posthoc_calibrator | train_total=1.373359 | train_forecast=1.373359 | train_confidence=0.000000 | train_risk=0.000000 | train_blend=0.000000 | val_total=1.550828 | val_mae=1.545885 | val_rmse=3.601916 | val_mape=3.578908 | val_confidence=0.000000 | val_risk=0.000000 | val_blend=0.000000 | batches=1131/154 | seconds=150.83 | lr=[0.0008145062499999999] | cuda_peak_mb=2203.3
[2026-09-09 09:43:24] INFO Val horizons | 15min_mae=1.310129 15min_rmse=2.757002 15min_mape=2.817690 | 30min_mae=1.611641 30min_rmse=3.701370 30min_mape=3.743009 | 60min_mae=1.866705 60min_rmse=4.410616 60min_mape=4.527316
[2026-09-09 09:45:54] INFO Epoch 046 | stage=posthoc_calibrator | train_total=1.373264 | train_forecast=1.373264 | train_confidence=0.000000 | train_risk=0.000000 | train_blend=0.000000 | val_total=1.545939 | val_mae=1.541163 | val_rmse=3.582777 | val_mape=3.537204 | val_confidence=0.000000 | val_risk=0.000000 | val_blend=0.000000 | batches=1131/154 | seconds=149.65 | lr=[0.0008145062499999999] | cuda_peak_mb=2203.5
[2026-09-09 09:45:54] INFO Val horizons | 15min_mae=1.307918 15min_rmse=2.747300 15min_mape=2.798720 | 30min_mae=1.605132 30min_rmse=3.678983 30min_mape=3.689768 | 60min_mae=1.863223 60min_rmse=4.391702 60min_mape=4.488352
[2026-09-09 09:48:24] INFO Epoch 047 | stage=posthoc_calibrator | train_total=1.373196 | train_forecast=1.373196 | train_confidence=0.000000 | train_risk=0.000000 | train_blend=0.000000 | val_total=1.549087 | val_mae=1.544288 | val_rmse=3.596241 | val_mape=3.568267 | val_confidence=0.000000 | val_risk=0.000000 | val_blend=0.000000 | batches=1131/154 | seconds=149.84 | lr=[0.0008145062499999999] | cuda_peak_mb=2203.3
[2026-09-09 09:48:24] INFO Val horizons | 15min_mae=1.309193 15min_rmse=2.756103 15min_mape=2.811148 | 30min_mae=1.608719 30min_rmse=3.693559 30min_mape=3.725576 | 60min_mae=1.867969 60min_rmse=4.410661 60min_mape=4.531023
[2026-09-09 09:50:53] INFO Epoch 048 | stage=posthoc_calibrator | train_total=1.373144 | train_forecast=1.373144 | train_confidence=0.000000 | train_risk=0.000000 | train_blend=0.000000 | val_total=1.547424 | val_mae=1.542701 | val_rmse=3.592509 | val_mape=3.565350 | val_confidence=0.000000 | val_risk=0.000000 | val_blend=0.000000 | batches=1131/154 | seconds=149.67 | lr=[0.0008145062499999999] | cuda_peak_mb=2203.6
[2026-09-09 09:50:53] INFO Val horizons | 15min_mae=1.309148 15min_rmse=2.755954 15min_mape=2.817105 | 30min_mae=1.607055 30min_rmse=3.690414 30min_mape=3.718776 | 60min_mae=1.864524 60min_rmse=4.402208 60min_mape=4.528264
[2026-09-09 09:53:23] INFO Epoch 049 | stage=posthoc_calibrator | train_total=1.373291 | train_forecast=1.373291 | train_confidence=0.000000 | train_risk=0.000000 | train_blend=0.000000 | val_total=1.548979 | val_mae=1.544089 | val_rmse=3.597964 | val_mape=3.568730 | val_confidence=0.000000 | val_risk=0.000000 | val_blend=0.000000 | batches=1131/154 | seconds=149.40 | lr=[0.0008145062499999999] | cuda_peak_mb=2203.9
[2026-09-09 09:53:23] INFO Val horizons | 15min_mae=1.309134 15min_rmse=2.754045 15min_mape=2.814117 | 30min_mae=1.608746 30min_rmse=3.695227 30min_mape=3.727027 | 60min_mae=1.864821 60min_rmse=4.406957 60min_mape=4.516770
[2026-09-09 09:55:52] INFO Epoch 050 | stage=posthoc_calibrator | train_total=1.373188 | train_forecast=1.373188 | train_confidence=0.000000 | train_risk=0.000000 | train_blend=0.000000 | val_total=1.547928 | val_mae=1.543116 | val_rmse=3.593892 | val_mape=3.557807 | val_confidence=0.000000 | val_risk=0.000000 | val_blend=0.000000 | batches=1131/154 | seconds=149.58 | lr=[0.0008145062499999999] | cuda_peak_mb=2203.3
[2026-09-09 09:55:52] INFO Val horizons | 15min_mae=1.309177 15min_rmse=2.754525 15min_mape=2.812604 | 30min_mae=1.607888 30min_rmse=3.692178 30min_mape=3.717112 | 60min_mae=1.865077 60min_rmse=4.404734 60min_mape=4.506503
[2026-09-09 09:55:52] INFO Downstream training finished | best_val_mae=1.539688 | checkpoint=C:\Users\clw\projects\researchRep\STAnchor-BlockMemory\artifacts\cross_dataset_final\pemsbay_finetuned_router_gwn_seed42\downstream_best.pt
