[2026-09-10 10:27:00] INFO Downstream start | run=cross_dataset_final/pems08_finetuned_router_staeformer_seed42 | device=cuda:0 (requested=cuda:0) | seed=42 | output=C:\Users\clw\projects\researchRep\STAnchor-BlockMemory\artifacts\cross_dataset_final\pems08_finetuned_router_staeformer_seed42
[2026-09-10 10:27:00] INFO Mode | downstream_mode=learned_topk_error_aware | training_protocol=posthoc_frozen_base | candidate_protocol=weekday_radius1_overlap
[2026-09-10 10:27:00] INFO STAEformer temporal covariates | mode=calendar | source=dataset slot/weekday
[2026-09-10 10:27:00] INFO Downstream initialization | seed=42 | state_hash=7aa35c43c40049cd
[2026-09-10 10:27:00] INFO Frozen base | checkpoint=C:\Users\clw\projects\researchRep\STAnchor-BlockMemory\artifacts\cross_dataset_final\pems08_baseonly_staeformer_seed42\downstream_best.pt | fingerprint=7498f96260503b9d
[2026-09-10 10:27:00] INFO Data | steps=17856 | nodes=170 | channels=1 | training_scope=full_train | memory/post_memory/train_selected/val/test=8540/3660/12200/1486/3273
[2026-09-10 10:27:00] INFO Bank/retrieval | dataset=pems08_finetuned_queue | events=8540 | nodes=170 | retrieval_dim=64 | event_top_r=96 | node_top_k=12 | key_dtype=float16
[2026-09-10 10:27:00] INFO Parameters | downstream_total=2,103,374 | downstream_trainable=879,693 | backbone=0 | confidence_head=0 | fusion=0 | frozen_pretrained=958,704
[2026-09-10 10:27:00] INFO Optimization | epochs=50 | batch_size=32 | optimizer=adam | lr=0.001 | weight_decay=0.0001 | scheduler=step_lr | step_size=10 | gamma=0.950 | confidence_weight=0.000 | patience=10 | early_stopping=disabled
[2026-09-10 10:27:01] INFO Stage start | stage=posthoc_calibrator | epochs=50 | optimizer_lrs=[0.001]
[2026-09-10 10:30:16] INFO Epoch 001 | stage=posthoc_calibrator | train_total=1.050289 | train_forecast=1.050289 | train_confidence=0.000000 | train_risk=0.000000 | train_blend=0.000000 | val_total=1.292002 | val_mae=1.290070 | val_rmse=3.425574 | val_mape=2.834026 | val_confidence=0.000000 | val_risk=0.000000 | val_blend=0.000000 | batches=382/47 | seconds=195.16 | lr=[0.001] | cuda_peak_mb=1376.3
[2026-09-10 10:30:16] INFO Val horizons | 15min_mae=1.083709 15min_rmse=2.585704 15min_mape=2.191738 | 30min_mae=1.333381 30min_rmse=3.476455 30min_mape=2.918003 | 60min_mae=1.581603 60min_rmse=4.267361 60min_mape=3.707257
[2026-09-10 10:30:16] INFO Checkpoint updated | epoch=1 | stage=posthoc_calibrator | best_val_mae=1.290070 | path=C:\Users\clw\projects\researchRep\STAnchor-BlockMemory\artifacts\cross_dataset_final\pems08_finetuned_router_staeformer_seed42\downstream_best.pt
[2026-09-10 10:30:44] INFO Epoch 002 | stage=posthoc_calibrator | train_total=1.039820 | train_forecast=1.039820 | train_confidence=0.000000 | train_risk=0.000000 | train_blend=0.000000 | val_total=1.290600 | val_mae=1.288660 | val_rmse=3.424340 | val_mape=2.830970 | val_confidence=0.000000 | val_risk=0.000000 | val_blend=0.000000 | batches=382/47 | seconds=27.76 | lr=[0.001] | cuda_peak_mb=1176.5
[2026-09-10 10:30:44] INFO Val horizons | 15min_mae=1.082574 15min_rmse=2.584356 15min_mape=2.189633 | 30min_mae=1.332051 30min_rmse=3.475393 30min_mape=2.915189 | 60min_mae=1.579227 60min_rmse=4.264683 60min_mape=3.701396
[2026-09-10 10:30:44] INFO Checkpoint updated | epoch=2 | stage=posthoc_calibrator | best_val_mae=1.288660 | path=C:\Users\clw\projects\researchRep\STAnchor-BlockMemory\artifacts\cross_dataset_final\pems08_finetuned_router_staeformer_seed42\downstream_best.pt
[2026-09-10 10:31:12] INFO Epoch 003 | stage=posthoc_calibrator | train_total=1.038024 | train_forecast=1.038024 | train_confidence=0.000000 | train_risk=0.000000 | train_blend=0.000000 | val_total=1.289750 | val_mae=1.287779 | val_rmse=3.423796 | val_mape=2.830887 | val_confidence=0.000000 | val_risk=0.000000 | val_blend=0.000000 | batches=382/47 | seconds=27.92 | lr=[0.001] | cuda_peak_mb=1176.9
[2026-09-10 10:31:12] INFO Val horizons | 15min_mae=1.081243 15min_rmse=2.581638 15min_mape=2.187046 | 30min_mae=1.330642 30min_rmse=3.473698 30min_mape=2.913757 | 60min_mae=1.580401 60min_rmse=4.266425 60min_mape=3.706306
[2026-09-10 10:31:12] INFO Checkpoint updated | epoch=3 | stage=posthoc_calibrator | best_val_mae=1.287779 | path=C:\Users\clw\projects\researchRep\STAnchor-BlockMemory\artifacts\cross_dataset_final\pems08_finetuned_router_staeformer_seed42\downstream_best.pt
[2026-09-10 10:31:40] INFO Epoch 004 | stage=posthoc_calibrator | train_total=1.037444 | train_forecast=1.037444 | train_confidence=0.000000 | train_risk=0.000000 | train_blend=0.000000 | val_total=1.288190 | val_mae=1.286218 | val_rmse=3.423349 | val_mape=2.827982 | val_confidence=0.000000 | val_risk=0.000000 | val_blend=0.000000 | batches=382/47 | seconds=27.93 | lr=[0.001] | cuda_peak_mb=1177.5
[2026-09-10 10:31:40] INFO Val horizons | 15min_mae=1.080123 15min_rmse=2.580382 15min_mape=2.184849 | 30min_mae=1.329508 30min_rmse=3.473680 30min_mape=2.911329 | 60min_mae=1.576793 60min_rmse=4.265246 60min_mape=3.700806
[2026-09-10 10:31:40] INFO Checkpoint updated | epoch=4 | stage=posthoc_calibrator | best_val_mae=1.286218 | path=C:\Users\clw\projects\researchRep\STAnchor-BlockMemory\artifacts\cross_dataset_final\pems08_finetuned_router_staeformer_seed42\downstream_best.pt
[2026-09-10 10:32:08] INFO Epoch 005 | stage=posthoc_calibrator | train_total=1.036532 | train_forecast=1.036532 | train_confidence=0.000000 | train_risk=0.000000 | train_blend=0.000000 | val_total=1.288369 | val_mae=1.286356 | val_rmse=3.423007 | val_mape=2.828012 | val_confidence=0.000000 | val_risk=0.000000 | val_blend=0.000000 | batches=382/47 | seconds=27.89 | lr=[0.001] | cuda_peak_mb=1176.9
[2026-09-10 10:32:08] INFO Val horizons | 15min_mae=1.080017 15min_rmse=2.580603 15min_mape=2.184569 | 30min_mae=1.329215 30min_rmse=3.472957 30min_mape=2.910840 | 60min_mae=1.578329 60min_rmse=4.263407 60min_mape=3.701913
[2026-09-10 10:32:36] INFO Epoch 006 | stage=posthoc_calibrator | train_total=1.036098 | train_forecast=1.036098 | train_confidence=0.000000 | train_risk=0.000000 | train_blend=0.000000 | val_total=1.287614 | val_mae=1.285618 | val_rmse=3.423347 | val_mape=2.827062 | val_confidence=0.000000 | val_risk=0.000000 | val_blend=0.000000 | batches=382/47 | seconds=27.85 | lr=[0.001] | cuda_peak_mb=1176.9
[2026-09-10 10:32:36] INFO Val horizons | 15min_mae=1.080412 15min_rmse=2.582243 15min_mape=2.186097 | 30min_mae=1.328979 30min_rmse=3.474428 30min_mape=2.911002 | 60min_mae=1.575135 60min_rmse=4.262776 60min_mape=3.696985
[2026-09-10 10:32:36] INFO Checkpoint updated | epoch=6 | stage=posthoc_calibrator | best_val_mae=1.285618 | path=C:\Users\clw\projects\researchRep\STAnchor-BlockMemory\artifacts\cross_dataset_final\pems08_finetuned_router_staeformer_seed42\downstream_best.pt
[2026-09-10 10:33:03] INFO Epoch 007 | stage=posthoc_calibrator | train_total=1.035938 | train_forecast=1.035938 | train_confidence=0.000000 | train_risk=0.000000 | train_blend=0.000000 | val_total=1.287636 | val_mae=1.285615 | val_rmse=3.422681 | val_mape=2.827446 | val_confidence=0.000000 | val_risk=0.000000 | val_blend=0.000000 | batches=382/47 | seconds=27.83 | lr=[0.001] | cuda_peak_mb=1176.5
[2026-09-10 10:33:03] INFO Val horizons | 15min_mae=1.078961 15min_rmse=2.576953 15min_mape=2.183144 | 30min_mae=1.328218 30min_rmse=3.470050 30min_mape=2.908923 | 60min_mae=1.578479 60min_rmse=4.272196 60min_mape=3.708064
[2026-09-10 10:33:04] INFO Checkpoint updated | epoch=7 | stage=posthoc_calibrator | best_val_mae=1.285615 | path=C:\Users\clw\projects\researchRep\STAnchor-BlockMemory\artifacts\cross_dataset_final\pems08_finetuned_router_staeformer_seed42\downstream_best.pt
[2026-09-10 10:33:31] INFO Epoch 008 | stage=posthoc_calibrator | train_total=1.035096 | train_forecast=1.035096 | train_confidence=0.000000 | train_risk=0.000000 | train_blend=0.000000 | val_total=1.286150 | val_mae=1.284118 | val_rmse=3.426887 | val_mape=2.829433 | val_confidence=0.000000 | val_risk=0.000000 | val_blend=0.000000 | batches=382/47 | seconds=27.79 | lr=[0.001] | cuda_peak_mb=1176.9
[2026-09-10 10:33:31] INFO Val horizons | 15min_mae=1.078299 15min_rmse=2.578837 15min_mape=2.183785 | 30min_mae=1.327659 30min_rmse=3.473824 30min_mape=2.911740 | 60min_mae=1.575511 60min_rmse=4.281492 60min_mape=3.712355
[2026-09-10 10:33:31] INFO Checkpoint updated | epoch=8 | stage=posthoc_calibrator | best_val_mae=1.284118 | path=C:\Users\clw\projects\researchRep\STAnchor-BlockMemory\artifacts\cross_dataset_final\pems08_finetuned_router_staeformer_seed42\downstream_best.pt
[2026-09-10 10:33:59] INFO Epoch 009 | stage=posthoc_calibrator | train_total=1.034709 | train_forecast=1.034709 | train_confidence=0.000000 | train_risk=0.000000 | train_blend=0.000000 | val_total=1.285644 | val_mae=1.283579 | val_rmse=3.427052 | val_mape=2.833433 | val_confidence=0.000000 | val_risk=0.000000 | val_blend=0.000000 | batches=382/47 | seconds=27.83 | lr=[0.001] | cuda_peak_mb=1176.9
[2026-09-10 10:33:59] INFO Val horizons | 15min_mae=1.078019 15min_rmse=2.579322 15min_mape=2.187865 | 30min_mae=1.326079 30min_rmse=3.473894 30min_mape=2.916538 | 60min_mae=1.576924 60min_rmse=4.279956 60min_mape=3.717919
[2026-09-10 10:33:59] INFO Checkpoint updated | epoch=9 | stage=posthoc_calibrator | best_val_mae=1.283579 | path=C:\Users\clw\projects\researchRep\STAnchor-BlockMemory\artifacts\cross_dataset_final\pems08_finetuned_router_staeformer_seed42\downstream_best.pt
[2026-09-10 10:34:27] INFO Epoch 010 | stage=posthoc_calibrator | train_total=1.034506 | train_forecast=1.034506 | train_confidence=0.000000 | train_risk=0.000000 | train_blend=0.000000 | val_total=1.285029 | val_mae=1.282985 | val_rmse=3.422735 | val_mape=2.825972 | val_confidence=0.000000 | val_risk=0.000000 | val_blend=0.000000 | batches=382/47 | seconds=27.83 | lr=[0.001] | cuda_peak_mb=1176.5
[2026-09-10 10:34:27] INFO Val horizons | 15min_mae=1.077947 15min_rmse=2.578903 15min_mape=2.182923 | 30min_mae=1.325953 30min_rmse=3.470371 30min_mape=2.908986 | 60min_mae=1.574254 60min_rmse=4.271104 60min_mape=3.704621
[2026-09-10 10:34:27] INFO Checkpoint updated | epoch=10 | stage=posthoc_calibrator | best_val_mae=1.282985 | path=C:\Users\clw\projects\researchRep\STAnchor-BlockMemory\artifacts\cross_dataset_final\pems08_finetuned_router_staeformer_seed42\downstream_best.pt
[2026-09-10 10:34:55] INFO Epoch 011 | stage=posthoc_calibrator | train_total=1.034003 | train_forecast=1.034003 | train_confidence=0.000000 | train_risk=0.000000 | train_blend=0.000000 | val_total=1.285671 | val_mae=1.283640 | val_rmse=3.422360 | val_mape=2.824802 | val_confidence=0.000000 | val_risk=0.000000 | val_blend=0.000000 | batches=382/47 | seconds=27.84 | lr=[0.00095] | cuda_peak_mb=1176.9
[2026-09-10 10:34:55] INFO Val horizons | 15min_mae=1.078442 15min_rmse=2.579942 15min_mape=2.182727 | 30min_mae=1.326815 30min_rmse=3.472136 30min_mape=2.908570 | 60min_mae=1.574066 60min_rmse=4.264457 60min_mape=3.697709
[2026-09-10 10:35:23] INFO Epoch 012 | stage=posthoc_calibrator | train_total=1.033992 | train_forecast=1.033992 | train_confidence=0.000000 | train_risk=0.000000 | train_blend=0.000000 | val_total=1.285656 | val_mae=1.283592 | val_rmse=3.425608 | val_mape=2.827285 | val_confidence=0.000000 | val_risk=0.000000 | val_blend=0.000000 | batches=382/47 | seconds=27.82 | lr=[0.00095] | cuda_peak_mb=1176.9
[2026-09-10 10:35:23] INFO Val horizons | 15min_mae=1.077788 15min_rmse=2.579468 15min_mape=2.182924 | 30min_mae=1.326178 30min_rmse=3.473438 30min_mape=2.909935 | 60min_mae=1.575624 60min_rmse=4.272611 60min_mape=3.704623
[2026-09-10 10:35:51] INFO Epoch 013 | stage=posthoc_calibrator | train_total=1.033520 | train_forecast=1.033520 | train_confidence=0.000000 | train_risk=0.000000 | train_blend=0.000000 | val_total=1.285299 | val_mae=1.283236 | val_rmse=3.430078 | val_mape=2.833499 | val_confidence=0.000000 | val_risk=0.000000 | val_blend=0.000000 | batches=382/47 | seconds=27.81 | lr=[0.00095] | cuda_peak_mb=1176.5
[2026-09-10 10:35:51] INFO Val horizons | 15min_mae=1.077450 15min_rmse=2.578883 15min_mape=2.185031 | 30min_mae=1.325420 30min_rmse=3.473339 30min_mape=2.914123 | 60min_mae=1.575847 60min_rmse=4.288178 60min_mape=3.719838
[2026-09-10 10:36:18] INFO Epoch 014 | stage=posthoc_calibrator | train_total=1.033571 | train_forecast=1.033571 | train_confidence=0.000000 | train_risk=0.000000 | train_blend=0.000000 | val_total=1.285550 | val_mae=1.283499 | val_rmse=3.423028 | val_mape=2.823979 | val_confidence=0.000000 | val_risk=0.000000 | val_blend=0.000000 | batches=382/47 | seconds=27.82 | lr=[0.00095] | cuda_peak_mb=1176.9
[2026-09-10 10:36:18] INFO Val horizons | 15min_mae=1.078375 15min_rmse=2.580109 15min_mape=2.182282 | 30min_mae=1.326961 30min_rmse=3.472713 30min_mape=2.907706 | 60min_mae=1.573319 60min_rmse=4.266547 60min_mape=3.697953
[2026-09-10 10:36:46] INFO Epoch 015 | stage=posthoc_calibrator | train_total=1.033622 | train_forecast=1.033622 | train_confidence=0.000000 | train_risk=0.000000 | train_blend=0.000000 | val_total=1.285168 | val_mae=1.283110 | val_rmse=3.423968 | val_mape=2.824689 | val_confidence=0.000000 | val_risk=0.000000 | val_blend=0.000000 | batches=382/47 | seconds=27.81 | lr=[0.00095] | cuda_peak_mb=1176.9
[2026-09-10 10:36:46] INFO Val horizons | 15min_mae=1.078032 15min_rmse=2.580687 15min_mape=2.182557 | 30min_mae=1.326201 30min_rmse=3.473475 30min_mape=2.908704 | 60min_mae=1.573354 60min_rmse=4.267284 60min_mape=3.696620
[2026-09-10 10:37:14] INFO Epoch 016 | stage=posthoc_calibrator | train_total=1.033267 | train_forecast=1.033267 | train_confidence=0.000000 | train_risk=0.000000 | train_blend=0.000000 | val_total=1.284932 | val_mae=1.282852 | val_rmse=3.422264 | val_mape=2.824332 | val_confidence=0.000000 | val_risk=0.000000 | val_blend=0.000000 | batches=382/47 | seconds=27.84 | lr=[0.00095] | cuda_peak_mb=1176.5
[2026-09-10 10:37:14] INFO Val horizons | 15min_mae=1.077001 15min_rmse=2.578702 15min_mape=2.181195 | 30min_mae=1.325465 30min_rmse=3.471729 30min_mape=2.907490 | 60min_mae=1.574826 60min_rmse=4.265467 60min_mape=3.699498
[2026-09-10 10:37:14] INFO Checkpoint updated | epoch=16 | stage=posthoc_calibrator | best_val_mae=1.282852 | path=C:\Users\clw\projects\researchRep\STAnchor-BlockMemory\artifacts\cross_dataset_final\pems08_finetuned_router_staeformer_seed42\downstream_best.pt
[2026-09-10 10:37:42] INFO Epoch 017 | stage=posthoc_calibrator | train_total=1.032745 | train_forecast=1.032745 | train_confidence=0.000000 | train_risk=0.000000 | train_blend=0.000000 | val_total=1.283157 | val_mae=1.281071 | val_rmse=3.421564 | val_mape=2.824311 | val_confidence=0.000000 | val_risk=0.000000 | val_blend=0.000000 | batches=382/47 | seconds=27.81 | lr=[0.00095] | cuda_peak_mb=1176.9
[2026-09-10 10:37:42] INFO Val horizons | 15min_mae=1.077033 15min_rmse=2.579318 15min_mape=2.181610 | 30min_mae=1.324061 30min_rmse=3.470849 30min_mape=2.907553 | 60min_mae=1.571125 60min_rmse=4.265441 60min_mape=3.699428
[2026-09-10 10:37:42] INFO Checkpoint updated | epoch=17 | stage=posthoc_calibrator | best_val_mae=1.281071 | path=C:\Users\clw\projects\researchRep\STAnchor-BlockMemory\artifacts\cross_dataset_final\pems08_finetuned_router_staeformer_seed42\downstream_best.pt
[2026-09-10 10:38:10] INFO Epoch 018 | stage=posthoc_calibrator | train_total=1.031889 | train_forecast=1.031889 | train_confidence=0.000000 | train_risk=0.000000 | train_blend=0.000000 | val_total=1.283486 | val_mae=1.281391 | val_rmse=3.424946 | val_mape=2.826438 | val_confidence=0.000000 | val_risk=0.000000 | val_blend=0.000000 | batches=382/47 | seconds=27.81 | lr=[0.00095] | cuda_peak_mb=1176.9
[2026-09-10 10:38:10] INFO Val horizons | 15min_mae=1.076845 15min_rmse=2.579421 15min_mape=2.181861 | 30min_mae=1.324279 30min_rmse=3.472944 30min_mape=2.908359 | 60min_mae=1.572561 60min_rmse=4.274367 60min_mape=3.708208
[2026-09-10 10:38:38] INFO Epoch 019 | stage=posthoc_calibrator | train_total=1.031852 | train_forecast=1.031852 | train_confidence=0.000000 | train_risk=0.000000 | train_blend=0.000000 | val_total=1.282918 | val_mae=1.280837 | val_rmse=3.420080 | val_mape=2.820733 | val_confidence=0.000000 | val_risk=0.000000 | val_blend=0.000000 | batches=382/47 | seconds=27.82 | lr=[0.00095] | cuda_peak_mb=1176.5
[2026-09-10 10:38:38] INFO Val horizons | 15min_mae=1.076451 15min_rmse=2.577531 15min_mape=2.179263 | 30min_mae=1.323715 30min_rmse=3.469586 30min_mape=2.903321 | 60min_mae=1.571835 60min_rmse=4.265675 60min_mape=3.698193
[2026-09-10 10:38:38] INFO Checkpoint updated | epoch=19 | stage=posthoc_calibrator | best_val_mae=1.280837 | path=C:\Users\clw\projects\researchRep\STAnchor-BlockMemory\artifacts\cross_dataset_final\pems08_finetuned_router_staeformer_seed42\downstream_best.pt
[2026-09-10 10:39:05] INFO Epoch 020 | stage=posthoc_calibrator | train_total=1.031538 | train_forecast=1.031538 | train_confidence=0.000000 | train_risk=0.000000 | train_blend=0.000000 | val_total=1.283388 | val_mae=1.281302 | val_rmse=3.422092 | val_mape=2.823092 | val_confidence=0.000000 | val_risk=0.000000 | val_blend=0.000000 | batches=382/47 | seconds=27.78 | lr=[0.00095] | cuda_peak_mb=1176.9
[2026-09-10 10:39:05] INFO Val horizons | 15min_mae=1.076141 15min_rmse=2.578087 15min_mape=2.179901 | 30min_mae=1.323843 30min_rmse=3.471233 30min_mape=2.905413 | 60min_mae=1.573677 60min_rmse=4.267650 60min_mape=3.702113
[2026-09-10 10:39:33] INFO Epoch 021 | stage=posthoc_calibrator | train_total=1.031745 | train_forecast=1.031745 | train_confidence=0.000000 | train_risk=0.000000 | train_blend=0.000000 | val_total=1.282809 | val_mae=1.280715 | val_rmse=3.421468 | val_mape=2.825135 | val_confidence=0.000000 | val_risk=0.000000 | val_blend=0.000000 | batches=382/47 | seconds=27.79 | lr=[0.0009025] | cuda_peak_mb=1176.9
[2026-09-10 10:39:33] INFO Val horizons | 15min_mae=1.075743 15min_rmse=2.576519 15min_mape=2.180584 | 30min_mae=1.323417 30min_rmse=3.469341 30min_mape=2.906727 | 60min_mae=1.571968 60min_rmse=4.270092 60min_mape=3.705556
[2026-09-10 10:39:33] INFO Checkpoint updated | epoch=21 | stage=posthoc_calibrator | best_val_mae=1.280715 | path=C:\Users\clw\projects\researchRep\STAnchor-BlockMemory\artifacts\cross_dataset_final\pems08_finetuned_router_staeformer_seed42\downstream_best.pt
[2026-09-10 10:40:01] INFO Epoch 022 | stage=posthoc_calibrator | train_total=1.031471 | train_forecast=1.031471 | train_confidence=0.000000 | train_risk=0.000000 | train_blend=0.000000 | val_total=1.283642 | val_mae=1.281563 | val_rmse=3.423552 | val_mape=2.822839 | val_confidence=0.000000 | val_risk=0.000000 | val_blend=0.000000 | batches=382/47 | seconds=27.80 | lr=[0.0009025] | cuda_peak_mb=1176.5
[2026-09-10 10:40:01] INFO Val horizons | 15min_mae=1.076668 15min_rmse=2.579619 15min_mape=2.180418 | 30min_mae=1.324336 30min_rmse=3.472798 30min_mape=2.904998 | 60min_mae=1.572756 60min_rmse=4.269734 60min_mape=3.699310
[2026-09-10 10:40:29] INFO Epoch 023 | stage=posthoc_calibrator | train_total=1.031247 | train_forecast=1.031247 | train_confidence=0.000000 | train_risk=0.000000 | train_blend=0.000000 | val_total=1.283252 | val_mae=1.281149 | val_rmse=3.422136 | val_mape=2.819939 | val_confidence=0.000000 | val_risk=0.000000 | val_blend=0.000000 | batches=382/47 | seconds=27.78 | lr=[0.0009025] | cuda_peak_mb=1176.9
[2026-09-10 10:40:29] INFO Val horizons | 15min_mae=1.076892 15min_rmse=2.580321 15min_mape=2.180593 | 30min_mae=1.324060 30min_rmse=3.472406 30min_mape=2.903290 | 60min_mae=1.571519 60min_rmse=4.265826 60min_mape=3.691495
[2026-09-10 10:40:57] INFO Epoch 024 | stage=posthoc_calibrator | train_total=1.031151 | train_forecast=1.031151 | train_confidence=0.000000 | train_risk=0.000000 | train_blend=0.000000 | val_total=1.284095 | val_mae=1.281999 | val_rmse=3.419314 | val_mape=2.817320 | val_confidence=0.000000 | val_risk=0.000000 | val_blend=0.000000 | batches=382/47 | seconds=27.76 | lr=[0.0009025] | cuda_peak_mb=1176.9
[2026-09-10 10:40:57] INFO Val horizons | 15min_mae=1.077033 15min_rmse=2.578838 15min_mape=2.178835 | 30min_mae=1.325066 30min_rmse=3.469829 30min_mape=2.900776 | 60min_mae=1.572181 60min_rmse=4.262027 60min_mape=3.687473
[2026-09-10 10:41:24] INFO Epoch 025 | stage=posthoc_calibrator | train_total=1.032568 | train_forecast=1.032568 | train_confidence=0.000000 | train_risk=0.000000 | train_blend=0.000000 | val_total=1.282525 | val_mae=1.280417 | val_rmse=3.420174 | val_mape=2.819061 | val_confidence=0.000000 | val_risk=0.000000 | val_blend=0.000000 | batches=382/47 | seconds=27.78 | lr=[0.0009025] | cuda_peak_mb=1176.5
[2026-09-10 10:41:24] INFO Val horizons | 15min_mae=1.076140 15min_rmse=2.576919 15min_mape=2.178393 | 30min_mae=1.323725 30min_rmse=3.469284 30min_mape=2.901934 | 60min_mae=1.570664 60min_rmse=4.268407 60min_mape=3.695354
[2026-09-10 10:41:24] INFO Checkpoint updated | epoch=25 | stage=posthoc_calibrator | best_val_mae=1.280417 | path=C:\Users\clw\projects\researchRep\STAnchor-BlockMemory\artifacts\cross_dataset_final\pems08_finetuned_router_staeformer_seed42\downstream_best.pt
[2026-09-10 10:41:52] INFO Epoch 026 | stage=posthoc_calibrator | train_total=1.031106 | train_forecast=1.031106 | train_confidence=0.000000 | train_risk=0.000000 | train_blend=0.000000 | val_total=1.282790 | val_mae=1.280711 | val_rmse=3.421341 | val_mape=2.821877 | val_confidence=0.000000 | val_risk=0.000000 | val_blend=0.000000 | batches=382/47 | seconds=27.76 | lr=[0.0009025] | cuda_peak_mb=1176.9
[2026-09-10 10:41:52] INFO Val horizons | 15min_mae=1.076096 15min_rmse=2.578308 15min_mape=2.178833 | 30min_mae=1.323433 30min_rmse=3.470642 30min_mape=2.903722 | 60min_mae=1.571817 60min_rmse=4.267317 60min_mape=3.699734
[2026-09-10 10:42:20] INFO Epoch 027 | stage=posthoc_calibrator | train_total=1.031011 | train_forecast=1.031011 | train_confidence=0.000000 | train_risk=0.000000 | train_blend=0.000000 | val_total=1.282136 | val_mae=1.280050 | val_rmse=3.422680 | val_mape=2.822943 | val_confidence=0.000000 | val_risk=0.000000 | val_blend=0.000000 | batches=382/47 | seconds=27.75 | lr=[0.0009025] | cuda_peak_mb=1176.9
[2026-09-10 10:42:20] INFO Val horizons | 15min_mae=1.075708 15min_rmse=2.577939 15min_mape=2.180008 | 30min_mae=1.322692 30min_rmse=3.470762 30min_mape=2.904967 | 60min_mae=1.571013 60min_rmse=4.272264 60min_mape=3.701833
[2026-09-10 10:42:20] INFO Checkpoint updated | epoch=27 | stage=posthoc_calibrator | best_val_mae=1.280050 | path=C:\Users\clw\projects\researchRep\STAnchor-BlockMemory\artifacts\cross_dataset_final\pems08_finetuned_router_staeformer_seed42\downstream_best.pt
[2026-09-10 10:42:48] INFO Epoch 028 | stage=posthoc_calibrator | train_total=1.031304 | train_forecast=1.031304 | train_confidence=0.000000 | train_risk=0.000000 | train_blend=0.000000 | val_total=1.282697 | val_mae=1.280591 | val_rmse=3.420307 | val_mape=2.821098 | val_confidence=0.000000 | val_risk=0.000000 | val_blend=0.000000 | batches=382/47 | seconds=27.68 | lr=[0.0009025] | cuda_peak_mb=1176.5
[2026-09-10 10:42:48] INFO Val horizons | 15min_mae=1.076176 15min_rmse=2.575540 15min_mape=2.176223 | 30min_mae=1.323001 30min_rmse=3.465968 30min_mape=2.900818 | 60min_mae=1.572035 60min_rmse=4.276642 60min_mape=3.707027
[2026-09-10 10:43:15] INFO Epoch 029 | stage=posthoc_calibrator | train_total=1.030710 | train_forecast=1.030710 | train_confidence=0.000000 | train_risk=0.000000 | train_blend=0.000000 | val_total=1.283228 | val_mae=1.281110 | val_rmse=3.421293 | val_mape=2.821833 | val_confidence=0.000000 | val_risk=0.000000 | val_blend=0.000000 | batches=382/47 | seconds=27.71 | lr=[0.0009025] | cuda_peak_mb=1176.9
[2026-09-10 10:43:15] INFO Val horizons | 15min_mae=1.075799 15min_rmse=2.577715 15min_mape=2.177539 | 30min_mae=1.323674 30min_rmse=3.471392 30min_mape=2.903734 | 60min_mae=1.573701 60min_rmse=4.269089 60min_mape=3.705053
[2026-09-10 10:43:43] INFO Epoch 030 | stage=posthoc_calibrator | train_total=1.030858 | train_forecast=1.030858 | train_confidence=0.000000 | train_risk=0.000000 | train_blend=0.000000 | val_total=1.282728 | val_mae=1.280662 | val_rmse=3.422123 | val_mape=2.825418 | val_confidence=0.000000 | val_risk=0.000000 | val_blend=0.000000 | batches=382/47 | seconds=27.76 | lr=[0.0009025] | cuda_peak_mb=1176.9
[2026-09-10 10:43:43] INFO Val horizons | 15min_mae=1.076518 15min_rmse=2.578097 15min_mape=2.181038 | 30min_mae=1.323515 30min_rmse=3.469477 30min_mape=2.906954 | 60min_mae=1.572034 60min_rmse=4.277017 60min_mape=3.712506
[2026-09-10 10:44:11] INFO Epoch 031 | stage=posthoc_calibrator | train_total=1.030499 | train_forecast=1.030499 | train_confidence=0.000000 | train_risk=0.000000 | train_blend=0.000000 | val_total=1.281875 | val_mae=1.279800 | val_rmse=3.417734 | val_mape=2.816719 | val_confidence=0.000000 | val_risk=0.000000 | val_blend=0.000000 | batches=382/47 | seconds=27.78 | lr=[0.000857375] | cuda_peak_mb=1176.5
[2026-09-10 10:44:11] INFO Val horizons | 15min_mae=1.074372 15min_rmse=2.566907 15min_mape=2.166893 | 30min_mae=1.322827 30min_rmse=3.464507 30min_mape=2.899021 | 60min_mae=1.572008 60min_rmse=4.276373 60min_mape=3.707695
[2026-09-10 10:44:11] INFO Checkpoint updated | epoch=31 | stage=posthoc_calibrator | best_val_mae=1.279800 | path=C:\Users\clw\projects\researchRep\STAnchor-BlockMemory\artifacts\cross_dataset_final\pems08_finetuned_router_staeformer_seed42\downstream_best.pt
[2026-09-10 10:44:39] INFO Epoch 032 | stage=posthoc_calibrator | train_total=1.030606 | train_forecast=1.030606 | train_confidence=0.000000 | train_risk=0.000000 | train_blend=0.000000 | val_total=1.282671 | val_mae=1.280584 | val_rmse=3.422314 | val_mape=2.825532 | val_confidence=0.000000 | val_risk=0.000000 | val_blend=0.000000 | batches=382/47 | seconds=27.76 | lr=[0.000857375] | cuda_peak_mb=1176.9
[2026-09-10 10:44:39] INFO Val horizons | 15min_mae=1.075691 15min_rmse=2.577379 15min_mape=2.178347 | 30min_mae=1.323345 30min_rmse=3.470879 30min_mape=2.906361 | 60min_mae=1.571718 60min_rmse=4.273624 60min_mape=3.709322
[2026-09-10 10:45:07] INFO Epoch 033 | stage=posthoc_calibrator | train_total=1.030621 | train_forecast=1.030621 | train_confidence=0.000000 | train_risk=0.000000 | train_blend=0.000000 | val_total=1.282923 | val_mae=1.280821 | val_rmse=3.422172 | val_mape=2.821082 | val_confidence=0.000000 | val_risk=0.000000 | val_blend=0.000000 | batches=382/47 | seconds=27.75 | lr=[0.000857375] | cuda_peak_mb=1176.9
[2026-09-10 10:45:07] INFO Val horizons | 15min_mae=1.076065 15min_rmse=2.576096 15min_mape=2.176360 | 30min_mae=1.324033 30min_rmse=3.471135 30min_mape=2.904264 | 60min_mae=1.572035 60min_rmse=4.274862 60min_mape=3.703431
[2026-09-10 10:45:34] INFO Epoch 034 | stage=posthoc_calibrator | train_total=1.030612 | train_forecast=1.030612 | train_confidence=0.000000 | train_risk=0.000000 | train_blend=0.000000 | val_total=1.284277 | val_mae=1.282225 | val_rmse=3.425746 | val_mape=2.834779 | val_confidence=0.000000 | val_risk=0.000000 | val_blend=0.000000 | batches=382/47 | seconds=27.77 | lr=[0.000857375] | cuda_peak_mb=1176.5
[2026-09-10 10:45:34] INFO Val horizons | 15min_mae=1.075840 15min_rmse=2.577629 15min_mape=2.182369 | 30min_mae=1.324408 30min_rmse=3.471632 30min_mape=2.914571 | 60min_mae=1.576201 60min_rmse=4.283254 60min_mape=3.729329
[2026-09-10 10:46:02] INFO Epoch 035 | stage=posthoc_calibrator | train_total=1.030571 | train_forecast=1.030571 | train_confidence=0.000000 | train_risk=0.000000 | train_blend=0.000000 | val_total=1.283059 | val_mae=1.280966 | val_rmse=3.423436 | val_mape=2.823997 | val_confidence=0.000000 | val_risk=0.000000 | val_blend=0.000000 | batches=382/47 | seconds=27.74 | lr=[0.000857375] | cuda_peak_mb=1176.9
[2026-09-10 10:46:02] INFO Val horizons | 15min_mae=1.076233 15min_rmse=2.578530 15min_mape=2.179896 | 30min_mae=1.323953 30min_rmse=3.472426 30min_mape=2.906788 | 60min_mae=1.571920 60min_rmse=4.272930 60min_mape=3.702702
[2026-09-10 10:46:30] INFO Epoch 036 | stage=posthoc_calibrator | train_total=1.030619 | train_forecast=1.030619 | train_confidence=0.000000 | train_risk=0.000000 | train_blend=0.000000 | val_total=1.282116 | val_mae=1.280023 | val_rmse=3.415155 | val_mape=2.815527 | val_confidence=0.000000 | val_risk=0.000000 | val_blend=0.000000 | batches=382/47 | seconds=27.78 | lr=[0.000857375] | cuda_peak_mb=1176.9
[2026-09-10 10:46:30] INFO Val horizons | 15min_mae=1.074531 15min_rmse=2.567679 15min_mape=2.167793 | 30min_mae=1.322809 30min_rmse=3.462285 30min_mape=2.897548 | 60min_mae=1.572198 60min_rmse=4.269266 60min_mape=3.702096
[2026-09-10 10:46:58] INFO Epoch 037 | stage=posthoc_calibrator | train_total=1.030164 | train_forecast=1.030164 | train_confidence=0.000000 | train_risk=0.000000 | train_blend=0.000000 | val_total=1.282838 | val_mae=1.280788 | val_rmse=3.421280 | val_mape=2.833739 | val_confidence=0.000000 | val_risk=0.000000 | val_blend=0.000000 | batches=382/47 | seconds=27.74 | lr=[0.000857375] | cuda_peak_mb=1176.5
[2026-09-10 10:46:58] INFO Val horizons | 15min_mae=1.075732 15min_rmse=2.575041 15min_mape=2.179248 | 30min_mae=1.323747 30min_rmse=3.465904 30min_mape=2.912462 | 60min_mae=1.572506 60min_rmse=4.281735 60min_mape=3.731851
[2026-09-10 10:47:25] INFO Epoch 038 | stage=posthoc_calibrator | train_total=1.030550 | train_forecast=1.030550 | train_confidence=0.000000 | train_risk=0.000000 | train_blend=0.000000 | val_total=1.283198 | val_mae=1.281078 | val_rmse=3.421970 | val_mape=2.821625 | val_confidence=0.000000 | val_risk=0.000000 | val_blend=0.000000 | batches=382/47 | seconds=27.73 | lr=[0.000857375] | cuda_peak_mb=1176.9
[2026-09-10 10:47:25] INFO Val horizons | 15min_mae=1.076478 15min_rmse=2.577730 15min_mape=2.177816 | 30min_mae=1.324361 30min_rmse=3.470144 30min_mape=2.902810 | 60min_mae=1.572152 60min_rmse=4.275992 60min_mape=3.706435
[2026-09-10 10:47:53] INFO Epoch 039 | stage=posthoc_calibrator | train_total=1.030583 | train_forecast=1.030583 | train_confidence=0.000000 | train_risk=0.000000 | train_blend=0.000000 | val_total=1.282832 | val_mae=1.280736 | val_rmse=3.422980 | val_mape=2.822156 | val_confidence=0.000000 | val_risk=0.000000 | val_blend=0.000000 | batches=382/47 | seconds=27.80 | lr=[0.000857375] | cuda_peak_mb=1176.9
[2026-09-10 10:47:53] INFO Val horizons | 15min_mae=1.075926 15min_rmse=2.576642 15min_mape=2.176152 | 30min_mae=1.323744 30min_rmse=3.471292 30min_mape=2.905510 | 60min_mae=1.571602 60min_rmse=4.275703 60min_mape=3.703186
[2026-09-10 10:48:21] INFO Epoch 040 | stage=posthoc_calibrator | train_total=1.030390 | train_forecast=1.030390 | train_confidence=0.000000 | train_risk=0.000000 | train_blend=0.000000 | val_total=1.283275 | val_mae=1.281201 | val_rmse=3.425432 | val_mape=2.831079 | val_confidence=0.000000 | val_risk=0.000000 | val_blend=0.000000 | batches=382/47 | seconds=27.75 | lr=[0.000857375] | cuda_peak_mb=1176.5
[2026-09-10 10:48:21] INFO Val horizons | 15min_mae=1.075750 15min_rmse=2.577416 15min_mape=2.178894 | 30min_mae=1.323799 30min_rmse=3.471972 30min_mape=2.911846 | 60min_mae=1.573483 60min_rmse=4.283169 60min_mape=3.722212
[2026-09-10 10:48:49] INFO Epoch 041 | stage=posthoc_calibrator | train_total=1.030737 | train_forecast=1.030737 | train_confidence=0.000000 | train_risk=0.000000 | train_blend=0.000000 | val_total=1.283642 | val_mae=1.281600 | val_rmse=3.424627 | val_mape=2.833774 | val_confidence=0.000000 | val_risk=0.000000 | val_blend=0.000000 | batches=382/47 | seconds=27.77 | lr=[0.0008145062499999999] | cuda_peak_mb=1176.9
[2026-09-10 10:48:49] INFO Val horizons | 15min_mae=1.074442 15min_rmse=2.568477 15min_mape=2.171177 | 30min_mae=1.324027 30min_rmse=3.468586 30min_mape=2.914139 | 60min_mae=1.576037 60min_rmse=4.289699 60min_mape=3.738720
[2026-09-10 10:49:16] INFO Epoch 042 | stage=posthoc_calibrator | train_total=1.030283 | train_forecast=1.030283 | train_confidence=0.000000 | train_risk=0.000000 | train_blend=0.000000 | val_total=1.283092 | val_mae=1.281002 | val_rmse=3.420971 | val_mape=2.824270 | val_confidence=0.000000 | val_risk=0.000000 | val_blend=0.000000 | batches=382/47 | seconds=27.75 | lr=[0.0008145062499999999] | cuda_peak_mb=1176.9
[2026-09-10 10:49:16] INFO Val horizons | 15min_mae=1.075064 15min_rmse=2.568988 15min_mape=2.169736 | 30min_mae=1.324042 30min_rmse=3.466826 30min_mape=2.905894 | 60min_mae=1.573476 60min_rmse=4.282072 60min_mape=3.719298
[2026-09-10 10:49:44] INFO Epoch 043 | stage=posthoc_calibrator | train_total=1.030626 | train_forecast=1.030626 | train_confidence=0.000000 | train_risk=0.000000 | train_blend=0.000000 | val_total=1.283066 | val_mae=1.280936 | val_rmse=3.422884 | val_mape=2.822986 | val_confidence=0.000000 | val_risk=0.000000 | val_blend=0.000000 | batches=382/47 | seconds=27.78 | lr=[0.0008145062499999999] | cuda_peak_mb=1176.5
[2026-09-10 10:49:44] INFO Val horizons | 15min_mae=1.075597 15min_rmse=2.575052 15min_mape=2.175442 | 30min_mae=1.323622 30min_rmse=3.471144 30min_mape=2.905175 | 60min_mae=1.573479 60min_rmse=4.277272 60min_mape=3.708543
[2026-09-10 10:50:12] INFO Epoch 044 | stage=posthoc_calibrator | train_total=1.029861 | train_forecast=1.029861 | train_confidence=0.000000 | train_risk=0.000000 | train_blend=0.000000 | val_total=1.282409 | val_mae=1.280292 | val_rmse=3.418227 | val_mape=2.817139 | val_confidence=0.000000 | val_risk=0.000000 | val_blend=0.000000 | batches=382/47 | seconds=27.75 | lr=[0.0008145062499999999] | cuda_peak_mb=1176.9
[2026-09-10 10:50:12] INFO Val horizons | 15min_mae=1.075231 15min_rmse=2.571472 15min_mape=2.171834 | 30min_mae=1.323364 30min_rmse=3.464262 30min_mape=2.897222 | 60min_mae=1.571912 60min_rmse=4.277530 60min_mape=3.705362
[2026-09-10 10:50:40] INFO Epoch 045 | stage=posthoc_calibrator | train_total=1.029797 | train_forecast=1.029797 | train_confidence=0.000000 | train_risk=0.000000 | train_blend=0.000000 | val_total=1.283551 | val_mae=1.281475 | val_rmse=3.420636 | val_mape=2.827452 | val_confidence=0.000000 | val_risk=0.000000 | val_blend=0.000000 | batches=382/47 | seconds=27.74 | lr=[0.0008145062499999999] | cuda_peak_mb=1176.9
[2026-09-10 10:50:40] INFO Val horizons | 15min_mae=1.075927 15min_rmse=2.572275 15min_mape=2.172737 | 30min_mae=1.324796 30min_rmse=3.469166 30min_mape=2.909611 | 60min_mae=1.572752 60min_rmse=4.275821 60min_mape=3.719321
[2026-09-10 10:51:07] INFO Epoch 046 | stage=posthoc_calibrator | train_total=1.029867 | train_forecast=1.029867 | train_confidence=0.000000 | train_risk=0.000000 | train_blend=0.000000 | val_total=1.282631 | val_mae=1.280495 | val_rmse=3.417700 | val_mape=2.813676 | val_confidence=0.000000 | val_risk=0.000000 | val_blend=0.000000 | batches=382/47 | seconds=27.78 | lr=[0.0008145062499999999] | cuda_peak_mb=1176.5
[2026-09-10 10:51:07] INFO Val horizons | 15min_mae=1.074438 15min_rmse=2.567271 15min_mape=2.164908 | 30min_mae=1.323273 30min_rmse=3.464779 30min_mape=2.895639 | 60min_mae=1.573251 60min_rmse=4.272965 60min_mape=3.699862
[2026-09-10 10:51:35] INFO Epoch 047 | stage=posthoc_calibrator | train_total=1.029993 | train_forecast=1.029993 | train_confidence=0.000000 | train_risk=0.000000 | train_blend=0.000000 | val_total=1.282746 | val_mae=1.280648 | val_rmse=3.421288 | val_mape=2.818743 | val_confidence=0.000000 | val_risk=0.000000 | val_blend=0.000000 | batches=382/47 | seconds=27.82 | lr=[0.0008145062499999999] | cuda_peak_mb=1176.9
[2026-09-10 10:51:35] INFO Val horizons | 15min_mae=1.075783 15min_rmse=2.576184 15min_mape=2.175270 | 30min_mae=1.323761 30min_rmse=3.469778 30min_mape=2.901087 | 60min_mae=1.571539 60min_rmse=4.272834 60min_mape=3.700128
[2026-09-10 10:52:03] INFO Epoch 048 | stage=posthoc_calibrator | train_total=1.030239 | train_forecast=1.030239 | train_confidence=0.000000 | train_risk=0.000000 | train_blend=0.000000 | val_total=1.282424 | val_mae=1.280300 | val_rmse=3.417584 | val_mape=2.814093 | val_confidence=0.000000 | val_risk=0.000000 | val_blend=0.000000 | batches=382/47 | seconds=27.80 | lr=[0.0008145062499999999] | cuda_peak_mb=1176.9
[2026-09-10 10:52:03] INFO Val horizons | 15min_mae=1.074054 15min_rmse=2.567003 15min_mape=2.166621 | 30min_mae=1.322586 30min_rmse=3.462763 30min_mape=2.895653 | 60min_mae=1.573840 60min_rmse=4.276913 60min_mape=3.701226
[2026-09-10 10:52:31] INFO Epoch 049 | stage=posthoc_calibrator | train_total=1.029737 | train_forecast=1.029737 | train_confidence=0.000000 | train_risk=0.000000 | train_blend=0.000000 | val_total=1.281018 | val_mae=1.278935 | val_rmse=3.410943 | val_mape=2.806296 | val_confidence=0.000000 | val_risk=0.000000 | val_blend=0.000000 | batches=382/47 | seconds=27.77 | lr=[0.0008145062499999999] | cuda_peak_mb=1176.5
[2026-09-10 10:52:31] INFO Val horizons | 15min_mae=1.073801 15min_rmse=2.563599 15min_mape=2.159668 | 30min_mae=1.321584 30min_rmse=3.455415 30min_mape=2.885994 | 60min_mae=1.571535 60min_rmse=4.271190 60min_mape=3.698332
[2026-09-10 10:52:31] INFO Checkpoint updated | epoch=49 | stage=posthoc_calibrator | best_val_mae=1.278935 | path=C:\Users\clw\projects\researchRep\STAnchor-BlockMemory\artifacts\cross_dataset_final\pems08_finetuned_router_staeformer_seed42\downstream_best.pt
[2026-09-10 10:52:59] INFO Epoch 050 | stage=posthoc_calibrator | train_total=1.030095 | train_forecast=1.030095 | train_confidence=0.000000 | train_risk=0.000000 | train_blend=0.000000 | val_total=1.282914 | val_mae=1.280848 | val_rmse=3.422346 | val_mape=2.831131 | val_confidence=0.000000 | val_risk=0.000000 | val_blend=0.000000 | batches=382/47 | seconds=27.71 | lr=[0.0008145062499999999] | cuda_peak_mb=1176.9
[2026-09-10 10:52:59] INFO Val horizons | 15min_mae=1.075971 15min_rmse=2.577359 15min_mape=2.178455 | 30min_mae=1.323540 30min_rmse=3.468150 30min_mape=2.908514 | 60min_mae=1.572349 60min_rmse=4.280392 60min_mape=3.727220
[2026-09-10 10:52:59] INFO Downstream training finished | best_val_mae=1.278935 | checkpoint=C:\Users\clw\projects\researchRep\STAnchor-BlockMemory\artifacts\cross_dataset_final\pems08_finetuned_router_staeformer_seed42\downstream_best.pt
