[2026-09-17 15:16:07] INFO Downstream start | run=paper_final_joint_context_offset_only_seed42/main_table/pemsbay/ours/st_ssdl | device=cuda:0 (requested=cuda:0) | seed=42 | output=C:\Users\clw\projects\researchRep\STAnchor-BlockMemory\artifacts\paper_final_joint_context_offset_only_seed42\main_table\pemsbay\ours\st_ssdl
[2026-09-17 15:16:07] INFO Mode | downstream_mode=learned_topk_error_aware | training_protocol=posthoc_frozen_base | candidate_protocol=weekday_radius1_overlap | candidate_ranking=learned_key | candidate_payload=offset_only
[2026-09-17 15:16:07] INFO Downstream initialization | seed=42 | state_hash=e38b925f11bac200
[2026-09-17 15:16:07] INFO Frozen base | checkpoint=C:\Users\clw\projects\researchRep\STAnchor-BlockMemory\artifacts\cross_dataset_pemsbay\pemsbay_baseonly_st_ssdl_seed42\downstream_best.pt | fingerprint=e7f7e1e95d3b57c9
[2026-09-17 15:16:07] INFO Data | steps=52116 | nodes=325 | channels=1 | training_scope=full_train | memory/post_memory/train_selected/val/test=25327/10855/36182/4912/10125
[2026-09-17 15:16:07] INFO Frozen path cache | enabled=True | storage=disk_mmap | train_samples=36182 | val_samples=4912 | allocated_mib=7081.7
[2026-09-17 15:16:07] INFO Bank/retrieval | dataset=pemsbay_joint_context_offset_only_t1 | events=25327 | nodes=325 | retrieval_dim=64 | event_top_r=96 | node_top_k=12 | key_dtype=float16
[2026-09-17 15:16:07] INFO Frozen path cache | enabled=yes | candidate_ranking=learned_key | fill=first_epoch
[2026-09-17 15:16:07] INFO Parameters | downstream_total=1,539,191 | downstream_trainable=885,085 | backbone=0 | confidence_head=0 | fusion=0 | frozen_pretrained=958,704
[2026-09-17 15:16:07] INFO Optimization | epochs=50 | batch_size=32 | optimizer=adam | lr=0.0005 | weight_decay=0.0001 | scheduler=step_lr | step_size=10 | gamma=0.500 | confidence_weight=0.000 | patience=20 | early_stopping=disabled
[2026-09-17 15:16:09] INFO Stage start | stage=posthoc_calibrator | epochs=50 | optimizer_lrs=[0.0005]
[2026-09-17 15:34:23] INFO Epoch 001 | stage=posthoc_calibrator | train_total=1.379337 | train_forecast=1.379337 | train_confidence=0.000000 | train_risk=0.000000 | train_blend=0.000000 | val_total=1.551621 | val_mae=1.546984 | val_rmse=3.702376 | val_mape=3.504199 | val_confidence=0.000000 | val_risk=0.000000 | val_blend=0.000000 | batches=1131/154 | seconds=1094.28 | lr=[0.0005] | cuda_peak_mb=5466.7
[2026-09-17 15:34:23] INFO Val horizons | 15min_mae=1.289260 15min_rmse=2.776388 15min_mape=2.723306 | 30min_mae=1.606950 30min_rmse=3.785171 30min_mape=3.637252 | 60min_mae=1.898498 60min_rmse=4.598746 60min_mape=4.534056
[2026-09-17 15:34:23] INFO Checkpoint updated | epoch=1 | stage=posthoc_calibrator | best_val_mae=1.546984 | path=C:\Users\clw\projects\researchRep\STAnchor-BlockMemory\artifacts\paper_final_joint_context_offset_only_seed42\main_table\pemsbay\ours\st_ssdl\downstream_best.pt
[2026-09-17 15:39:54] INFO Epoch 002 | stage=posthoc_calibrator | train_total=1.372322 | train_forecast=1.372322 | train_confidence=0.000000 | train_risk=0.000000 | train_blend=0.000000 | val_total=1.536180 | val_mae=1.531606 | val_rmse=3.617048 | val_mape=3.482323 | val_confidence=0.000000 | val_risk=0.000000 | val_blend=0.000000 | batches=1131/154 | seconds=330.72 | lr=[0.0005] | cuda_peak_mb=2283.8
[2026-09-17 15:39:54] INFO Val horizons | 15min_mae=1.286846 15min_rmse=2.761354 15min_mape=2.728791 | 30min_mae=1.594853 30min_rmse=3.718243 30min_mape=3.629811 | 60min_mae=1.864304 60min_rmse=4.440630 60min_mape=4.457731
[2026-09-17 15:39:54] INFO Checkpoint updated | epoch=2 | stage=posthoc_calibrator | best_val_mae=1.531606 | path=C:\Users\clw\projects\researchRep\STAnchor-BlockMemory\artifacts\paper_final_joint_context_offset_only_seed42\main_table\pemsbay\ours\st_ssdl\downstream_best.pt
[2026-09-17 15:45:17] INFO Epoch 003 | stage=posthoc_calibrator | train_total=1.371045 | train_forecast=1.371045 | train_confidence=0.000000 | train_risk=0.000000 | train_blend=0.000000 | val_total=1.538610 | val_mae=1.534091 | val_rmse=3.636245 | val_mape=3.478239 | val_confidence=0.000000 | val_risk=0.000000 | val_blend=0.000000 | batches=1131/154 | seconds=323.36 | lr=[0.0005] | cuda_peak_mb=2283.9
[2026-09-17 15:45:17] INFO Val horizons | 15min_mae=1.286975 15min_rmse=2.764752 15min_mape=2.722739 | 30min_mae=1.596952 30min_rmse=3.730442 30min_mape=3.624167 | 60min_mae=1.871353 60min_rmse=4.486545 60min_mape=4.465393
[2026-09-17 15:50:37] INFO Epoch 004 | stage=posthoc_calibrator | train_total=1.370085 | train_forecast=1.370085 | train_confidence=0.000000 | train_risk=0.000000 | train_blend=0.000000 | val_total=1.536351 | val_mae=1.531835 | val_rmse=3.624049 | val_mape=3.483479 | val_confidence=0.000000 | val_risk=0.000000 | val_blend=0.000000 | batches=1131/154 | seconds=319.57 | lr=[0.0005] | cuda_peak_mb=2283.4
[2026-09-17 15:50:37] INFO Val horizons | 15min_mae=1.286351 15min_rmse=2.759715 15min_mape=2.726757 | 30min_mae=1.594425 30min_rmse=3.713677 30min_mape=3.630464 | 60min_mae=1.867686 60min_rmse=4.474408 60min_mape=4.468366
[2026-09-17 15:55:56] INFO Epoch 005 | stage=posthoc_calibrator | train_total=1.369381 | train_forecast=1.369381 | train_confidence=0.000000 | train_risk=0.000000 | train_blend=0.000000 | val_total=1.534169 | val_mae=1.529604 | val_rmse=3.617124 | val_mape=3.462553 | val_confidence=0.000000 | val_risk=0.000000 | val_blend=0.000000 | batches=1131/154 | seconds=319.60 | lr=[0.0005] | cuda_peak_mb=2284.5
[2026-09-17 15:55:56] INFO Val horizons | 15min_mae=1.286455 15min_rmse=2.764817 15min_mape=2.720498 | 30min_mae=1.593857 30min_rmse=3.717014 30min_mape=3.618119 | 60min_mae=1.861268 60min_rmse=4.449671 60min_mape=4.413577
[2026-09-17 15:55:56] INFO Checkpoint updated | epoch=5 | stage=posthoc_calibrator | best_val_mae=1.529604 | path=C:\Users\clw\projects\researchRep\STAnchor-BlockMemory\artifacts\paper_final_joint_context_offset_only_seed42\main_table\pemsbay\ours\st_ssdl\downstream_best.pt
[2026-09-17 16:01:17] INFO Epoch 006 | stage=posthoc_calibrator | train_total=1.368566 | train_forecast=1.368566 | train_confidence=0.000000 | train_risk=0.000000 | train_blend=0.000000 | val_total=1.536659 | val_mae=1.532077 | val_rmse=3.635250 | val_mape=3.457974 | val_confidence=0.000000 | val_risk=0.000000 | val_blend=0.000000 | batches=1131/154 | seconds=320.92 | lr=[0.0005] | cuda_peak_mb=2283.5
[2026-09-17 16:01:17] INFO Val horizons | 15min_mae=1.286217 15min_rmse=2.764766 15min_mape=2.718404 | 30min_mae=1.595139 30min_rmse=3.735215 30min_mape=3.607868 | 60min_mae=1.867278 60min_rmse=4.476234 60min_mape=4.417904
[2026-09-17 16:06:38] INFO Epoch 007 | stage=posthoc_calibrator | train_total=1.367947 | train_forecast=1.367947 | train_confidence=0.000000 | train_risk=0.000000 | train_blend=0.000000 | val_total=1.537297 | val_mae=1.532772 | val_rmse=3.625937 | val_mape=3.506311 | val_confidence=0.000000 | val_risk=0.000000 | val_blend=0.000000 | batches=1131/154 | seconds=320.85 | lr=[0.0005] | cuda_peak_mb=2283.5
[2026-09-17 16:06:38] INFO Val horizons | 15min_mae=1.286484 15min_rmse=2.758959 15min_mape=2.733268 | 30min_mae=1.595850 30min_rmse=3.719270 30min_mape=3.653977 | 60min_mae=1.867820 60min_rmse=4.468817 60min_mape=4.502106
[2026-09-17 16:12:00] INFO Epoch 008 | stage=posthoc_calibrator | train_total=1.367134 | train_forecast=1.367134 | train_confidence=0.000000 | train_risk=0.000000 | train_blend=0.000000 | val_total=1.540563 | val_mae=1.536072 | val_rmse=3.654937 | val_mape=3.483981 | val_confidence=0.000000 | val_risk=0.000000 | val_blend=0.000000 | batches=1131/154 | seconds=322.32 | lr=[0.0005] | cuda_peak_mb=2285.2
[2026-09-17 16:12:00] INFO Val horizons | 15min_mae=1.287465 15min_rmse=2.773241 15min_mape=2.723021 | 30min_mae=1.598993 30min_rmse=3.752420 30min_mape=3.627679 | 60min_mae=1.874253 60min_rmse=4.510073 60min_mape=4.478708
[2026-09-17 16:17:23] INFO Epoch 009 | stage=posthoc_calibrator | train_total=1.366359 | train_forecast=1.366359 | train_confidence=0.000000 | train_risk=0.000000 | train_blend=0.000000 | val_total=1.534225 | val_mae=1.529718 | val_rmse=3.625696 | val_mape=3.465487 | val_confidence=0.000000 | val_risk=0.000000 | val_blend=0.000000 | batches=1131/154 | seconds=322.48 | lr=[0.0005] | cuda_peak_mb=2283.7
[2026-09-17 16:17:23] INFO Val horizons | 15min_mae=1.285396 15min_rmse=2.762784 15min_mape=2.718233 | 30min_mae=1.593868 30min_rmse=3.729172 30min_mape=3.615769 | 60min_mae=1.861875 60min_rmse=4.462289 60min_mape=4.428273
[2026-09-17 16:22:48] INFO Epoch 010 | stage=posthoc_calibrator | train_total=1.365673 | train_forecast=1.365673 | train_confidence=0.000000 | train_risk=0.000000 | train_blend=0.000000 | val_total=1.537922 | val_mae=1.533419 | val_rmse=3.650189 | val_mape=3.490983 | val_confidence=0.000000 | val_risk=0.000000 | val_blend=0.000000 | batches=1131/154 | seconds=324.70 | lr=[0.0005] | cuda_peak_mb=2283.9
[2026-09-17 16:22:48] INFO Val horizons | 15min_mae=1.285323 15min_rmse=2.763787 15min_mape=2.722266 | 30min_mae=1.594870 30min_rmse=3.737237 30min_mape=3.631517 | 60min_mae=1.874380 60min_rmse=4.522648 60min_mape=4.500105
[2026-09-17 16:28:12] INFO Epoch 011 | stage=posthoc_calibrator | train_total=1.364219 | train_forecast=1.364219 | train_confidence=0.000000 | train_risk=0.000000 | train_blend=0.000000 | val_total=1.532957 | val_mae=1.528429 | val_rmse=3.630131 | val_mape=3.457370 | val_confidence=0.000000 | val_risk=0.000000 | val_blend=0.000000 | batches=1131/154 | seconds=324.25 | lr=[0.00025] | cuda_peak_mb=2283.8
[2026-09-17 16:28:12] INFO Val horizons | 15min_mae=1.284459 15min_rmse=2.761383 15min_mape=2.715788 | 30min_mae=1.591484 30min_rmse=3.728624 30min_mape=3.601286 | 60min_mae=1.861306 60min_rmse=4.473615 60min_mape=4.427695
[2026-09-17 16:28:12] INFO Checkpoint updated | epoch=11 | stage=posthoc_calibrator | best_val_mae=1.528429 | path=C:\Users\clw\projects\researchRep\STAnchor-BlockMemory\artifacts\paper_final_joint_context_offset_only_seed42\main_table\pemsbay\ours\st_ssdl\downstream_best.pt
[2026-09-17 16:33:36] INFO Epoch 012 | stage=posthoc_calibrator | train_total=1.364038 | train_forecast=1.364038 | train_confidence=0.000000 | train_risk=0.000000 | train_blend=0.000000 | val_total=1.532050 | val_mae=1.527514 | val_rmse=3.621007 | val_mape=3.446522 | val_confidence=0.000000 | val_risk=0.000000 | val_blend=0.000000 | batches=1131/154 | seconds=324.16 | lr=[0.00025] | cuda_peak_mb=2284.0
[2026-09-17 16:33:36] INFO Val horizons | 15min_mae=1.284810 15min_rmse=2.762195 15min_mape=2.715224 | 30min_mae=1.591659 30min_rmse=3.725328 30min_mape=3.596806 | 60min_mae=1.855517 60min_rmse=4.443710 60min_mape=4.389954
[2026-09-17 16:33:36] INFO Checkpoint updated | epoch=12 | stage=posthoc_calibrator | best_val_mae=1.527514 | path=C:\Users\clw\projects\researchRep\STAnchor-BlockMemory\artifacts\paper_final_joint_context_offset_only_seed42\main_table\pemsbay\ours\st_ssdl\downstream_best.pt
[2026-09-17 16:39:00] INFO Epoch 013 | stage=posthoc_calibrator | train_total=1.363612 | train_forecast=1.363612 | train_confidence=0.000000 | train_risk=0.000000 | train_blend=0.000000 | val_total=1.532336 | val_mae=1.527832 | val_rmse=3.624634 | val_mape=3.456530 | val_confidence=0.000000 | val_risk=0.000000 | val_blend=0.000000 | batches=1131/154 | seconds=323.99 | lr=[0.00025] | cuda_peak_mb=2284.1
[2026-09-17 16:39:00] INFO Val horizons | 15min_mae=1.285057 15min_rmse=2.766324 15min_mape=2.720144 | 30min_mae=1.592400 30min_rmse=3.730171 30min_mape=3.612870 | 60min_mae=1.857503 60min_rmse=4.453974 60min_mape=4.405769
[2026-09-17 16:44:24] INFO Epoch 014 | stage=posthoc_calibrator | train_total=1.363196 | train_forecast=1.363196 | train_confidence=0.000000 | train_risk=0.000000 | train_blend=0.000000 | val_total=1.530872 | val_mae=1.526353 | val_rmse=3.610771 | val_mape=3.485104 | val_confidence=0.000000 | val_risk=0.000000 | val_blend=0.000000 | batches=1131/154 | seconds=323.81 | lr=[0.00025] | cuda_peak_mb=2283.6
[2026-09-17 16:44:24] INFO Val horizons | 15min_mae=1.284105 15min_rmse=2.755107 15min_mape=2.726174 | 30min_mae=1.589662 30min_rmse=3.707709 30min_mape=3.635260 | 60min_mae=1.857085 60min_rmse=4.441512 60min_mape=4.461307
[2026-09-17 16:44:24] INFO Checkpoint updated | epoch=14 | stage=posthoc_calibrator | best_val_mae=1.526353 | path=C:\Users\clw\projects\researchRep\STAnchor-BlockMemory\artifacts\paper_final_joint_context_offset_only_seed42\main_table\pemsbay\ours\st_ssdl\downstream_best.pt
[2026-09-17 16:49:50] INFO Epoch 015 | stage=posthoc_calibrator | train_total=1.362909 | train_forecast=1.362909 | train_confidence=0.000000 | train_risk=0.000000 | train_blend=0.000000 | val_total=1.530818 | val_mae=1.526314 | val_rmse=3.621005 | val_mape=3.461835 | val_confidence=0.000000 | val_risk=0.000000 | val_blend=0.000000 | batches=1131/154 | seconds=325.61 | lr=[0.00025] | cuda_peak_mb=2283.5
[2026-09-17 16:49:50] INFO Val horizons | 15min_mae=1.284409 15min_rmse=2.765050 15min_mape=2.718479 | 30min_mae=1.591635 30min_rmse=3.731253 30min_mape=3.614896 | 60min_mae=1.852998 60min_rmse=4.439630 60min_mape=4.417465
[2026-09-17 16:49:50] INFO Checkpoint updated | epoch=15 | stage=posthoc_calibrator | best_val_mae=1.526314 | path=C:\Users\clw\projects\researchRep\STAnchor-BlockMemory\artifacts\paper_final_joint_context_offset_only_seed42\main_table\pemsbay\ours\st_ssdl\downstream_best.pt
[2026-09-17 16:55:14] INFO Epoch 016 | stage=posthoc_calibrator | train_total=1.362581 | train_forecast=1.362581 | train_confidence=0.000000 | train_risk=0.000000 | train_blend=0.000000 | val_total=1.532471 | val_mae=1.527909 | val_rmse=3.626496 | val_mape=3.450622 | val_confidence=0.000000 | val_risk=0.000000 | val_blend=0.000000 | batches=1131/154 | seconds=324.89 | lr=[0.00025] | cuda_peak_mb=2283.9
[2026-09-17 16:55:14] INFO Val horizons | 15min_mae=1.284104 15min_rmse=2.761294 15min_mape=2.714113 | 30min_mae=1.591203 30min_rmse=3.728374 30min_mape=3.598212 | 60min_mae=1.858400 60min_rmse=4.455162 60min_mape=4.404770
[2026-09-17 17:00:39] INFO Epoch 017 | stage=posthoc_calibrator | train_total=1.362526 | train_forecast=1.362526 | train_confidence=0.000000 | train_risk=0.000000 | train_blend=0.000000 | val_total=1.530303 | val_mae=1.525770 | val_rmse=3.618173 | val_mape=3.460651 | val_confidence=0.000000 | val_risk=0.000000 | val_blend=0.000000 | batches=1131/154 | seconds=324.74 | lr=[0.00025] | cuda_peak_mb=2284.3
[2026-09-17 17:00:39] INFO Val horizons | 15min_mae=1.284064 15min_rmse=2.760627 15min_mape=2.718006 | 30min_mae=1.590509 30min_rmse=3.723251 30min_mape=3.614266 | 60min_mae=1.852648 60min_rmse=4.437840 60min_mape=4.407895
[2026-09-17 17:00:39] INFO Checkpoint updated | epoch=17 | stage=posthoc_calibrator | best_val_mae=1.525770 | path=C:\Users\clw\projects\researchRep\STAnchor-BlockMemory\artifacts\paper_final_joint_context_offset_only_seed42\main_table\pemsbay\ours\st_ssdl\downstream_best.pt
[2026-09-17 17:06:04] INFO Epoch 018 | stage=posthoc_calibrator | train_total=1.362158 | train_forecast=1.362158 | train_confidence=0.000000 | train_risk=0.000000 | train_blend=0.000000 | val_total=1.529913 | val_mae=1.525371 | val_rmse=3.619619 | val_mape=3.452045 | val_confidence=0.000000 | val_risk=0.000000 | val_blend=0.000000 | batches=1131/154 | seconds=324.87 | lr=[0.00025] | cuda_peak_mb=2285.1
[2026-09-17 17:06:04] INFO Val horizons | 15min_mae=1.283516 15min_rmse=2.760585 15min_mape=2.715667 | 30min_mae=1.589922 30min_rmse=3.725808 30min_mape=3.602615 | 60min_mae=1.851808 60min_rmse=4.438768 60min_mape=4.399969
[2026-09-17 17:06:04] INFO Checkpoint updated | epoch=18 | stage=posthoc_calibrator | best_val_mae=1.525371 | path=C:\Users\clw\projects\researchRep\STAnchor-BlockMemory\artifacts\paper_final_joint_context_offset_only_seed42\main_table\pemsbay\ours\st_ssdl\downstream_best.pt
[2026-09-17 17:11:29] INFO Epoch 019 | stage=posthoc_calibrator | train_total=1.361964 | train_forecast=1.361964 | train_confidence=0.000000 | train_risk=0.000000 | train_blend=0.000000 | val_total=1.529193 | val_mae=1.524712 | val_rmse=3.613062 | val_mape=3.465923 | val_confidence=0.000000 | val_risk=0.000000 | val_blend=0.000000 | batches=1131/154 | seconds=324.81 | lr=[0.00025] | cuda_peak_mb=2283.3
[2026-09-17 17:11:29] INFO Val horizons | 15min_mae=1.283447 15min_rmse=2.759624 15min_mape=2.717206 | 30min_mae=1.590191 30min_rmse=3.724021 30min_mape=3.615749 | 60min_mae=1.850433 60min_rmse=4.427812 60min_mape=4.428446
[2026-09-17 17:11:29] INFO Checkpoint updated | epoch=19 | stage=posthoc_calibrator | best_val_mae=1.524712 | path=C:\Users\clw\projects\researchRep\STAnchor-BlockMemory\artifacts\paper_final_joint_context_offset_only_seed42\main_table\pemsbay\ours\st_ssdl\downstream_best.pt
[2026-09-17 17:16:55] INFO Epoch 020 | stage=posthoc_calibrator | train_total=1.361678 | train_forecast=1.361678 | train_confidence=0.000000 | train_risk=0.000000 | train_blend=0.000000 | val_total=1.528156 | val_mae=1.523647 | val_rmse=3.609893 | val_mape=3.443287 | val_confidence=0.000000 | val_risk=0.000000 | val_blend=0.000000 | batches=1131/154 | seconds=325.59 | lr=[0.00025] | cuda_peak_mb=2283.6
[2026-09-17 17:16:55] INFO Val horizons | 15min_mae=1.283584 15min_rmse=2.759973 15min_mape=2.714485 | 30min_mae=1.588416 30min_rmse=3.713599 30min_mape=3.596036 | 60min_mae=1.849387 60min_rmse=4.429968 60min_mape=4.377964
[2026-09-17 17:16:55] INFO Checkpoint updated | epoch=20 | stage=posthoc_calibrator | best_val_mae=1.523647 | path=C:\Users\clw\projects\researchRep\STAnchor-BlockMemory\artifacts\paper_final_joint_context_offset_only_seed42\main_table\pemsbay\ours\st_ssdl\downstream_best.pt
[2026-09-17 17:22:20] INFO Epoch 021 | stage=posthoc_calibrator | train_total=1.360975 | train_forecast=1.360975 | train_confidence=0.000000 | train_risk=0.000000 | train_blend=0.000000 | val_total=1.526676 | val_mae=1.522140 | val_rmse=3.598992 | val_mape=3.456795 | val_confidence=0.000000 | val_risk=0.000000 | val_blend=0.000000 | batches=1131/154 | seconds=324.95 | lr=[0.000125] | cuda_peak_mb=2283.5
[2026-09-17 17:22:20] INFO Val horizons | 15min_mae=1.282843 15min_rmse=2.755480 15min_mape=2.717798 | 30min_mae=1.587052 30min_rmse=3.705428 30min_mape=3.611682 | 60min_mae=1.846120 60min_rmse=4.408747 60min_mape=4.402293
[2026-09-17 17:22:20] INFO Checkpoint updated | epoch=21 | stage=posthoc_calibrator | best_val_mae=1.522140 | path=C:\Users\clw\projects\researchRep\STAnchor-BlockMemory\artifacts\paper_final_joint_context_offset_only_seed42\main_table\pemsbay\ours\st_ssdl\downstream_best.pt
[2026-09-17 17:27:45] INFO Epoch 022 | stage=posthoc_calibrator | train_total=1.360712 | train_forecast=1.360712 | train_confidence=0.000000 | train_risk=0.000000 | train_blend=0.000000 | val_total=1.526448 | val_mae=1.521942 | val_rmse=3.598724 | val_mape=3.461372 | val_confidence=0.000000 | val_risk=0.000000 | val_blend=0.000000 | batches=1131/154 | seconds=324.98 | lr=[0.000125] | cuda_peak_mb=2283.9
[2026-09-17 17:27:45] INFO Val horizons | 15min_mae=1.283003 15min_rmse=2.756693 15min_mape=2.719303 | 30min_mae=1.588051 30min_rmse=3.710313 30min_mape=3.617773 | 60min_mae=1.844119 60min_rmse=4.402526 60min_mape=4.403752
[2026-09-17 17:27:45] INFO Checkpoint updated | epoch=22 | stage=posthoc_calibrator | best_val_mae=1.521942 | path=C:\Users\clw\projects\researchRep\STAnchor-BlockMemory\artifacts\paper_final_joint_context_offset_only_seed42\main_table\pemsbay\ours\st_ssdl\downstream_best.pt
[2026-09-17 17:33:09] INFO Epoch 023 | stage=posthoc_calibrator | train_total=1.360635 | train_forecast=1.360635 | train_confidence=0.000000 | train_risk=0.000000 | train_blend=0.000000 | val_total=1.530663 | val_mae=1.526119 | val_rmse=3.627779 | val_mape=3.452365 | val_confidence=0.000000 | val_risk=0.000000 | val_blend=0.000000 | batches=1131/154 | seconds=324.56 | lr=[0.000125] | cuda_peak_mb=2283.8
[2026-09-17 17:33:09] INFO Val horizons | 15min_mae=1.283779 15min_rmse=2.763707 15min_mape=2.715467 | 30min_mae=1.590304 30min_rmse=3.730717 30min_mape=3.603071 | 60min_mae=1.854054 60min_rmse=4.455793 60min_mape=4.403230
[2026-09-17 17:38:35] INFO Epoch 024 | stage=posthoc_calibrator | train_total=1.360610 | train_forecast=1.360610 | train_confidence=0.000000 | train_risk=0.000000 | train_blend=0.000000 | val_total=1.526341 | val_mae=1.521832 | val_rmse=3.601018 | val_mape=3.462275 | val_confidence=0.000000 | val_risk=0.000000 | val_blend=0.000000 | batches=1131/154 | seconds=325.83 | lr=[0.000125] | cuda_peak_mb=2284.0
[2026-09-17 17:38:35] INFO Val horizons | 15min_mae=1.282754 15min_rmse=2.756558 15min_mape=2.719541 | 30min_mae=1.587419 30min_rmse=3.709484 30min_mape=3.618415 | 60min_mae=1.845214 60min_rmse=4.412884 60min_mape=4.413529
[2026-09-17 17:38:35] INFO Checkpoint updated | epoch=24 | stage=posthoc_calibrator | best_val_mae=1.521832 | path=C:\Users\clw\projects\researchRep\STAnchor-BlockMemory\artifacts\paper_final_joint_context_offset_only_seed42\main_table\pemsbay\ours\st_ssdl\downstream_best.pt
[2026-09-17 17:44:01] INFO Epoch 025 | stage=posthoc_calibrator | train_total=1.360419 | train_forecast=1.360419 | train_confidence=0.000000 | train_risk=0.000000 | train_blend=0.000000 | val_total=1.526467 | val_mae=1.521938 | val_rmse=3.601269 | val_mape=3.461410 | val_confidence=0.000000 | val_risk=0.000000 | val_blend=0.000000 | batches=1131/154 | seconds=325.87 | lr=[0.000125] | cuda_peak_mb=2284.1
[2026-09-17 17:44:01] INFO Val horizons | 15min_mae=1.282854 15min_rmse=2.755156 15min_mape=2.721538 | 30min_mae=1.587416 30min_rmse=3.708791 30min_mape=3.619473 | 60min_mae=1.845424 60min_rmse=4.412538 60min_mape=4.402431
[2026-09-17 17:49:23] INFO Epoch 026 | stage=posthoc_calibrator | train_total=1.360403 | train_forecast=1.360403 | train_confidence=0.000000 | train_risk=0.000000 | train_blend=0.000000 | val_total=1.526550 | val_mae=1.522020 | val_rmse=3.605121 | val_mape=3.452024 | val_confidence=0.000000 | val_risk=0.000000 | val_blend=0.000000 | batches=1131/154 | seconds=322.27 | lr=[0.000125] | cuda_peak_mb=2283.6
[2026-09-17 17:49:23] INFO Val horizons | 15min_mae=1.282784 15min_rmse=2.757720 15min_mape=2.718159 | 30min_mae=1.587723 30min_rmse=3.715201 30min_mape=3.610414 | 60min_mae=1.844487 60min_rmse=4.412652 60min_mape=4.386115
[2026-09-17 17:54:46] INFO Epoch 027 | stage=posthoc_calibrator | train_total=1.360318 | train_forecast=1.360318 | train_confidence=0.000000 | train_risk=0.000000 | train_blend=0.000000 | val_total=1.529503 | val_mae=1.525001 | val_rmse=3.620780 | val_mape=3.473319 | val_confidence=0.000000 | val_risk=0.000000 | val_blend=0.000000 | batches=1131/154 | seconds=322.89 | lr=[0.000125] | cuda_peak_mb=2283.5
[2026-09-17 17:54:46] INFO Val horizons | 15min_mae=1.282987 15min_rmse=2.758661 15min_mape=2.719427 | 30min_mae=1.588581 30min_rmse=3.718235 30min_mape=3.620303 | 60min_mae=1.854706 60min_rmse=4.458422 60min_mape=4.450447
[2026-09-17 18:00:09] INFO Epoch 028 | stage=posthoc_calibrator | train_total=1.360285 | train_forecast=1.360285 | train_confidence=0.000000 | train_risk=0.000000 | train_blend=0.000000 | val_total=1.528381 | val_mae=1.523902 | val_rmse=3.613902 | val_mape=3.457196 | val_confidence=0.000000 | val_risk=0.000000 | val_blend=0.000000 | batches=1131/154 | seconds=322.74 | lr=[0.000125] | cuda_peak_mb=2283.9
[2026-09-17 18:00:09] INFO Val horizons | 15min_mae=1.283401 15min_rmse=2.760164 15min_mape=2.717433 | 30min_mae=1.588558 30min_rmse=3.716584 30min_mape=3.608608 | 60min_mae=1.850247 60min_rmse=4.439279 60min_mape=4.410702
[2026-09-17 18:05:33] INFO Epoch 029 | stage=posthoc_calibrator | train_total=1.360129 | train_forecast=1.360129 | train_confidence=0.000000 | train_risk=0.000000 | train_blend=0.000000 | val_total=1.524800 | val_mae=1.520266 | val_rmse=3.594553 | val_mape=3.443165 | val_confidence=0.000000 | val_risk=0.000000 | val_blend=0.000000 | batches=1131/154 | seconds=323.69 | lr=[0.000125] | cuda_peak_mb=2284.3
[2026-09-17 18:05:33] INFO Val horizons | 15min_mae=1.282632 15min_rmse=2.755386 15min_mape=2.716416 | 30min_mae=1.586071 30min_rmse=3.704845 30min_mape=3.601736 | 60min_mae=1.840819 60min_rmse=4.395965 60min_mape=4.368239
[2026-09-17 18:05:33] INFO Checkpoint updated | epoch=29 | stage=posthoc_calibrator | best_val_mae=1.520266 | path=C:\Users\clw\projects\researchRep\STAnchor-BlockMemory\artifacts\paper_final_joint_context_offset_only_seed42\main_table\pemsbay\ours\st_ssdl\downstream_best.pt
[2026-09-17 18:10:56] INFO Epoch 030 | stage=posthoc_calibrator | train_total=1.360102 | train_forecast=1.360102 | train_confidence=0.000000 | train_risk=0.000000 | train_blend=0.000000 | val_total=1.529376 | val_mae=1.524820 | val_rmse=3.623305 | val_mape=3.454967 | val_confidence=0.000000 | val_risk=0.000000 | val_blend=0.000000 | batches=1131/154 | seconds=323.48 | lr=[0.000125] | cuda_peak_mb=2285.1
[2026-09-17 18:10:56] INFO Val horizons | 15min_mae=1.282992 15min_rmse=2.759958 15min_mape=2.715515 | 30min_mae=1.589241 30min_rmse=3.726524 30min_mape=3.605462 | 60min_mae=1.851616 60min_rmse=4.449628 60min_mape=4.407297
[2026-09-17 18:16:19] INFO Epoch 031 | stage=posthoc_calibrator | train_total=1.359680 | train_forecast=1.359680 | train_confidence=0.000000 | train_risk=0.000000 | train_blend=0.000000 | val_total=1.526374 | val_mae=1.521831 | val_rmse=3.607602 | val_mape=3.442210 | val_confidence=0.000000 | val_risk=0.000000 | val_blend=0.000000 | batches=1131/154 | seconds=322.70 | lr=[6.25e-05] | cuda_peak_mb=2283.3
[2026-09-17 18:16:19] INFO Val horizons | 15min_mae=1.282570 15min_rmse=2.756564 15min_mape=2.715222 | 30min_mae=1.587045 30min_rmse=3.715303 30min_mape=3.598135 | 60min_mae=1.845160 60min_rmse=4.421214 60min_mape=4.373211
[2026-09-17 18:21:42] INFO Epoch 032 | stage=posthoc_calibrator | train_total=1.359780 | train_forecast=1.359780 | train_confidence=0.000000 | train_risk=0.000000 | train_blend=0.000000 | val_total=1.526803 | val_mae=1.522309 | val_rmse=3.609819 | val_mape=3.457987 | val_confidence=0.000000 | val_risk=0.000000 | val_blend=0.000000 | batches=1131/154 | seconds=323.38 | lr=[6.25e-05] | cuda_peak_mb=2283.6
[2026-09-17 18:21:42] INFO Val horizons | 15min_mae=1.282758 15min_rmse=2.758420 15min_mape=2.719042 | 30min_mae=1.587593 30min_rmse=3.716772 30min_mape=3.614368 | 60min_mae=1.846515 60min_rmse=4.427672 60min_mape=4.403795
[2026-09-17 18:27:05] INFO Epoch 033 | stage=posthoc_calibrator | train_total=1.359591 | train_forecast=1.359591 | train_confidence=0.000000 | train_risk=0.000000 | train_blend=0.000000 | val_total=1.527215 | val_mae=1.522695 | val_rmse=3.611357 | val_mape=3.455942 | val_confidence=0.000000 | val_risk=0.000000 | val_blend=0.000000 | batches=1131/154 | seconds=322.77 | lr=[6.25e-05] | cuda_peak_mb=2283.5
[2026-09-17 18:27:05] INFO Val horizons | 15min_mae=1.282790 15min_rmse=2.759418 15min_mape=2.717324 | 30min_mae=1.588293 30min_rmse=3.720825 30min_mape=3.610843 | 60min_mae=1.845927 60min_rmse=4.425030 60min_mape=4.403053
[2026-09-17 18:32:29] INFO Epoch 034 | stage=posthoc_calibrator | train_total=1.359521 | train_forecast=1.359521 | train_confidence=0.000000 | train_risk=0.000000 | train_blend=0.000000 | val_total=1.526104 | val_mae=1.521577 | val_rmse=3.602158 | val_mape=3.446862 | val_confidence=0.000000 | val_risk=0.000000 | val_blend=0.000000 | batches=1131/154 | seconds=323.68 | lr=[6.25e-05] | cuda_peak_mb=2283.9
[2026-09-17 18:32:29] INFO Val horizons | 15min_mae=1.282786 15min_rmse=2.757823 15min_mape=2.715980 | 30min_mae=1.586904 30min_rmse=3.710479 30min_mape=3.602634 | 60min_mae=1.844304 60min_rmse=4.410854 60min_mape=4.381946
[2026-09-17 18:37:51] INFO Epoch 035 | stage=posthoc_calibrator | train_total=1.359531 | train_forecast=1.359531 | train_confidence=0.000000 | train_risk=0.000000 | train_blend=0.000000 | val_total=1.528194 | val_mae=1.523686 | val_rmse=3.618368 | val_mape=3.464659 | val_confidence=0.000000 | val_risk=0.000000 | val_blend=0.000000 | batches=1131/154 | seconds=322.58 | lr=[6.25e-05] | cuda_peak_mb=2283.8
[2026-09-17 18:37:51] INFO Val horizons | 15min_mae=1.282888 15min_rmse=2.761435 15min_mape=2.718185 | 30min_mae=1.588087 30min_rmse=3.721728 30min_mape=3.614530 | 60min_mae=1.850270 60min_rmse=4.444350 60min_mape=4.428363
[2026-09-17 18:43:15] INFO Epoch 036 | stage=posthoc_calibrator | train_total=1.359466 | train_forecast=1.359466 | train_confidence=0.000000 | train_risk=0.000000 | train_blend=0.000000 | val_total=1.527139 | val_mae=1.522628 | val_rmse=3.610496 | val_mape=3.446312 | val_confidence=0.000000 | val_risk=0.000000 | val_blend=0.000000 | batches=1131/154 | seconds=323.31 | lr=[6.25e-05] | cuda_peak_mb=2284.0
[2026-09-17 18:43:15] INFO Val horizons | 15min_mae=1.283150 15min_rmse=2.760900 15min_mape=2.716422 | 30min_mae=1.588376 30min_rmse=3.721799 30min_mape=3.602387 | 60min_mae=1.845392 60min_rmse=4.420042 60min_mape=4.380256
[2026-09-17 18:48:38] INFO Epoch 037 | stage=posthoc_calibrator | train_total=1.359486 | train_forecast=1.359486 | train_confidence=0.000000 | train_risk=0.000000 | train_blend=0.000000 | val_total=1.526212 | val_mae=1.521692 | val_rmse=3.606114 | val_mape=3.458135 | val_confidence=0.000000 | val_risk=0.000000 | val_blend=0.000000 | batches=1131/154 | seconds=323.79 | lr=[6.25e-05] | cuda_peak_mb=2284.1
[2026-09-17 18:48:38] INFO Val horizons | 15min_mae=1.282277 15min_rmse=2.754528 15min_mape=2.717349 | 30min_mae=1.586220 30min_rmse=3.709993 30min_mape=3.609569 | 60min_mae=1.846034 60min_rmse=4.423834 60min_mape=4.412055
[2026-09-17 18:54:02] INFO Epoch 038 | stage=posthoc_calibrator | train_total=1.359402 | train_forecast=1.359402 | train_confidence=0.000000 | train_risk=0.000000 | train_blend=0.000000 | val_total=1.526538 | val_mae=1.522024 | val_rmse=3.608132 | val_mape=3.449575 | val_confidence=0.000000 | val_risk=0.000000 | val_blend=0.000000 | batches=1131/154 | seconds=323.32 | lr=[6.25e-05] | cuda_peak_mb=2283.6
[2026-09-17 18:54:02] INFO Val horizons | 15min_mae=1.282783 15min_rmse=2.756613 15min_mape=2.717833 | 30min_mae=1.587003 30min_rmse=3.711812 30min_mape=3.606203 | 60min_mae=1.845778 60min_rmse=4.425921 60min_mape=4.383953
[2026-09-17 18:59:25] INFO Epoch 039 | stage=posthoc_calibrator | train_total=1.359410 | train_forecast=1.359410 | train_confidence=0.000000 | train_risk=0.000000 | train_blend=0.000000 | val_total=1.527897 | val_mae=1.523385 | val_rmse=3.616195 | val_mape=3.453748 | val_confidence=0.000000 | val_risk=0.000000 | val_blend=0.000000 | batches=1131/154 | seconds=323.27 | lr=[6.25e-05] | cuda_peak_mb=2283.5
[2026-09-17 18:59:25] INFO Val horizons | 15min_mae=1.282980 15min_rmse=2.761164 15min_mape=2.715476 | 30min_mae=1.588681 30min_rmse=3.724812 30min_mape=3.606106 | 60min_mae=1.847410 60min_rmse=4.431556 60min_mape=4.399915
[2026-09-17 19:04:48] INFO Epoch 040 | stage=posthoc_calibrator | train_total=1.359275 | train_forecast=1.359275 | train_confidence=0.000000 | train_risk=0.000000 | train_blend=0.000000 | val_total=1.524805 | val_mae=1.520301 | val_rmse=3.596439 | val_mape=3.450927 | val_confidence=0.000000 | val_risk=0.000000 | val_blend=0.000000 | batches=1131/154 | seconds=323.11 | lr=[6.25e-05] | cuda_peak_mb=2283.9
[2026-09-17 19:04:48] INFO Val horizons | 15min_mae=1.282649 15min_rmse=2.757022 15min_mape=2.718086 | 30min_mae=1.586043 30min_rmse=3.705211 30min_mape=3.609606 | 60min_mae=1.841417 60min_rmse=4.402334 60min_mape=4.385785
[2026-09-17 19:10:11] INFO Epoch 041 | stage=posthoc_calibrator | train_total=1.359081 | train_forecast=1.359081 | train_confidence=0.000000 | train_risk=0.000000 | train_blend=0.000000 | val_total=1.525656 | val_mae=1.521144 | val_rmse=3.604236 | val_mape=3.448483 | val_confidence=0.000000 | val_risk=0.000000 | val_blend=0.000000 | batches=1131/154 | seconds=323.30 | lr=[3.125e-05] | cuda_peak_mb=2284.3
[2026-09-17 19:10:11] INFO Val horizons | 15min_mae=1.282477 15min_rmse=2.757791 15min_mape=2.716659 | 30min_mae=1.586528 30min_rmse=3.713325 30min_mape=3.603817 | 60min_mae=1.843332 60min_rmse=4.413500 60min_mape=4.386680
[2026-09-17 19:15:35] INFO Epoch 042 | stage=posthoc_calibrator | train_total=1.359071 | train_forecast=1.359071 | train_confidence=0.000000 | train_risk=0.000000 | train_blend=0.000000 | val_total=1.528000 | val_mae=1.523478 | val_rmse=3.618361 | val_mape=3.460532 | val_confidence=0.000000 | val_risk=0.000000 | val_blend=0.000000 | batches=1131/154 | seconds=323.50 | lr=[3.125e-05] | cuda_peak_mb=2285.1
[2026-09-17 19:15:35] INFO Val horizons | 15min_mae=1.282822 15min_rmse=2.760026 15min_mape=2.717286 | 30min_mae=1.588314 30min_rmse=3.723106 30min_mape=3.612305 | 60min_mae=1.849173 60min_rmse=4.442366 60min_mape=4.416555
[2026-09-17 19:20:58] INFO Epoch 043 | stage=posthoc_calibrator | train_total=1.359124 | train_forecast=1.359124 | train_confidence=0.000000 | train_risk=0.000000 | train_blend=0.000000 | val_total=1.526740 | val_mae=1.522224 | val_rmse=3.610369 | val_mape=3.445907 | val_confidence=0.000000 | val_risk=0.000000 | val_blend=0.000000 | batches=1131/154 | seconds=323.20 | lr=[3.125e-05] | cuda_peak_mb=2283.3
[2026-09-17 19:20:58] INFO Val horizons | 15min_mae=1.282415 15min_rmse=2.756965 15min_mape=2.714059 | 30min_mae=1.587078 30min_rmse=3.715960 30min_mape=3.598078 | 60min_mae=1.846447 60min_rmse=4.428699 60min_mape=4.388704
[2026-09-17 19:26:21] INFO Epoch 044 | stage=posthoc_calibrator | train_total=1.359061 | train_forecast=1.359061 | train_confidence=0.000000 | train_risk=0.000000 | train_blend=0.000000 | val_total=1.525097 | val_mae=1.520586 | val_rmse=3.600012 | val_mape=3.455545 | val_confidence=0.000000 | val_risk=0.000000 | val_blend=0.000000 | batches=1131/154 | seconds=323.32 | lr=[3.125e-05] | cuda_peak_mb=2283.6
[2026-09-17 19:26:21] INFO Val horizons | 15min_mae=1.282284 15min_rmse=2.755706 15min_mape=2.718173 | 30min_mae=1.585938 30min_rmse=3.708031 30min_mape=3.610810 | 60min_mae=1.842544 60min_rmse=4.408695 60min_mape=4.399461
[2026-09-17 19:31:46] INFO Epoch 045 | stage=posthoc_calibrator | train_total=1.359112 | train_forecast=1.359112 | train_confidence=0.000000 | train_risk=0.000000 | train_blend=0.000000 | val_total=1.525663 | val_mae=1.521137 | val_rmse=3.602700 | val_mape=3.460527 | val_confidence=0.000000 | val_risk=0.000000 | val_blend=0.000000 | batches=1131/154 | seconds=324.72 | lr=[3.125e-05] | cuda_peak_mb=2283.5
[2026-09-17 19:31:46] INFO Val horizons | 15min_mae=1.282325 15min_rmse=2.756459 15min_mape=2.718186 | 30min_mae=1.586475 30min_rmse=3.710335 30min_mape=3.613731 | 60min_mae=1.844046 60min_rmse=4.414640 60min_mape=4.412887
[2026-09-17 19:37:11] INFO Epoch 046 | stage=posthoc_calibrator | train_total=1.359043 | train_forecast=1.359043 | train_confidence=0.000000 | train_risk=0.000000 | train_blend=0.000000 | val_total=1.527342 | val_mae=1.522834 | val_rmse=3.614188 | val_mape=3.459499 | val_confidence=0.000000 | val_risk=0.000000 | val_blend=0.000000 | batches=1131/154 | seconds=324.72 | lr=[3.125e-05] | cuda_peak_mb=2283.9
[2026-09-17 19:37:11] INFO Val horizons | 15min_mae=1.282605 15min_rmse=2.759126 15min_mape=2.717757 | 30min_mae=1.587879 30min_rmse=3.721041 30min_mape=3.611875 | 60min_mae=1.847646 60min_rmse=4.433718 60min_mape=4.414419
[2026-09-17 19:42:36] INFO Epoch 047 | stage=posthoc_calibrator | train_total=1.358978 | train_forecast=1.358978 | train_confidence=0.000000 | train_risk=0.000000 | train_blend=0.000000 | val_total=1.528726 | val_mae=1.524195 | val_rmse=3.622930 | val_mape=3.454373 | val_confidence=0.000000 | val_risk=0.000000 | val_blend=0.000000 | batches=1131/154 | seconds=324.99 | lr=[3.125e-05] | cuda_peak_mb=2283.8
[2026-09-17 19:42:36] INFO Val horizons | 15min_mae=1.282966 15min_rmse=2.761372 15min_mape=2.716123 | 30min_mae=1.589003 30min_rmse=3.727650 30min_mape=3.606763 | 60min_mae=1.850705 60min_rmse=4.450928 60min_mape=4.405342
[2026-09-17 19:48:01] INFO Epoch 048 | stage=posthoc_calibrator | train_total=1.359002 | train_forecast=1.359002 | train_confidence=0.000000 | train_risk=0.000000 | train_blend=0.000000 | val_total=1.526943 | val_mae=1.522419 | val_rmse=3.614894 | val_mape=3.456085 | val_confidence=0.000000 | val_risk=0.000000 | val_blend=0.000000 | batches=1131/154 | seconds=325.01 | lr=[3.125e-05] | cuda_peak_mb=2284.0
[2026-09-17 19:48:01] INFO Val horizons | 15min_mae=1.282292 15min_rmse=2.757850 15min_mape=2.717086 | 30min_mae=1.587077 30min_rmse=3.719363 30min_mape=3.608726 | 60min_mae=1.847210 60min_rmse=4.435334 60min_mape=4.406431
[2026-09-17 19:53:27] INFO Epoch 049 | stage=posthoc_calibrator | train_total=1.358964 | train_forecast=1.358964 | train_confidence=0.000000 | train_risk=0.000000 | train_blend=0.000000 | val_total=1.525673 | val_mae=1.521170 | val_rmse=3.604392 | val_mape=3.449435 | val_confidence=0.000000 | val_risk=0.000000 | val_blend=0.000000 | batches=1131/154 | seconds=325.71 | lr=[3.125e-05] | cuda_peak_mb=2284.1
[2026-09-17 19:53:27] INFO Val horizons | 15min_mae=1.282487 15min_rmse=2.757156 15min_mape=2.717213 | 30min_mae=1.586597 30min_rmse=3.712682 30min_mape=3.604545 | 60min_mae=1.843659 60min_rmse=4.415882 60min_mape=4.388303
[2026-09-17 19:58:53] INFO Epoch 050 | stage=posthoc_calibrator | train_total=1.359073 | train_forecast=1.359073 | train_confidence=0.000000 | train_risk=0.000000 | train_blend=0.000000 | val_total=1.525511 | val_mae=1.520988 | val_rmse=3.604593 | val_mape=3.449619 | val_confidence=0.000000 | val_risk=0.000000 | val_blend=0.000000 | batches=1131/154 | seconds=326.55 | lr=[3.125e-05] | cuda_peak_mb=2283.6
[2026-09-17 19:58:53] INFO Val horizons | 15min_mae=1.282460 15min_rmse=2.757404 15min_mape=2.716608 | 30min_mae=1.586492 30min_rmse=3.712099 30min_mape=3.605127 | 60min_mae=1.842851 60min_rmse=4.414626 60min_mape=4.385595
[2026-09-17 19:58:53] INFO Downstream training finished | best_val_mae=1.520266 | checkpoint=C:\Users\clw\projects\researchRep\STAnchor-BlockMemory\artifacts\paper_final_joint_context_offset_only_seed42\main_table\pemsbay\ours\st_ssdl\downstream_best.pt
