[2026-09-02 11:11:59] INFO Downstream start | run=convergence\formal_20260902_physical_mae_router_staeformer_seed42 | device=cuda:0 (requested=cuda:0) | seed=42 | output=C:\Users\clw\projects\researchRep\STAnchor-BlockMemory\artifacts\convergence\formal_20260902_physical_mae_router_staeformer_seed42
[2026-09-02 11:11:59] INFO Mode | downstream_mode=learned_topk_error_aware | training_protocol=posthoc_frozen_base | candidate_protocol=weekday_radius1_overlap
[2026-09-02 11:11:59] INFO STAEformer temporal covariates | mode=calendar | source=dataset slot/weekday
[2026-09-02 11:11:59] INFO Downstream initialization | seed=42 | state_hash=aa2cbdabe059cda7
[2026-09-02 11:13:19] INFO Downstream start | run=convergence\formal_20260902_physical_mae_router_staeformer_seed42 | device=cuda:0 (requested=cuda:0) | seed=42 | output=C:\Users\clw\projects\researchRep\STAnchor-BlockMemory\artifacts\convergence\formal_20260902_physical_mae_router_staeformer_seed42
[2026-09-02 11:13:19] INFO Mode | downstream_mode=learned_topk_error_aware | training_protocol=posthoc_frozen_base | candidate_protocol=weekday_radius1_overlap
[2026-09-02 11:13:19] INFO STAEformer temporal covariates | mode=calendar | source=dataset slot/weekday
[2026-09-02 11:13:19] INFO Downstream initialization | seed=42 | state_hash=aa2cbdabe059cda7
[2026-09-02 11:13:19] INFO Frozen base | checkpoint=C:\Users\clw\projects\researchRep\STAnchor-BlockMemory\artifacts\convergence\formal_20260828_staeformer_base_only_v2\downstream_best.pt | fingerprint=6f31dd86e64156cb
[2026-09-02 11:13:19] INFO Data | steps=34272 | nodes=207 | channels=1 | training_scope=full_train | memory/post_memory/train_selected/val/test=15876/6805/22681/2993/6025
[2026-09-02 11:17:47] INFO Downstream start | run=convergence\formal_20260902_physical_mae_router_staeformer_seed42 | device=cuda:0 (requested=cuda:0) | seed=42 | output=C:\Users\clw\projects\researchRep\STAnchor-BlockMemory\artifacts\convergence\formal_20260902_physical_mae_router_staeformer_seed42
[2026-09-02 11:17:47] INFO Mode | downstream_mode=learned_topk_error_aware | training_protocol=posthoc_frozen_base | candidate_protocol=weekday_radius1_overlap
[2026-09-02 11:17:47] INFO STAEformer temporal covariates | mode=calendar | source=dataset slot/weekday
[2026-09-02 11:17:47] INFO Downstream initialization | seed=42 | state_hash=aa2cbdabe059cda7
[2026-09-02 11:17:47] INFO Frozen base | checkpoint=C:\Users\clw\projects\researchRep\STAnchor-BlockMemory\artifacts\convergence\formal_20260828_staeformer_base_only_v2\downstream_best.pt | fingerprint=6f31dd86e64156cb
[2026-09-02 11:17:47] INFO Data | steps=34272 | nodes=207 | channels=1 | training_scope=full_train | memory/post_memory/train_selected/val/test=15876/6805/22681/2993/6025
[2026-09-02 11:17:47] INFO Bank/retrieval | dataset=METR-LA | events=15876 | nodes=207 | retrieval_dim=64 | event_top_r=32 | node_top_k=12 | key_dtype=float16
[2026-09-02 11:17:47] INFO Parameters | downstream_total=2,138,894 | downstream_trainable=879,693 | backbone=0 | confidence_head=0 | fusion=0 | frozen_pretrained=958,704
[2026-09-02 11:17:47] INFO Optimization | epochs=50 | batch_size=32 | optimizer=adam | lr=0.0005 | weight_decay=0.0001 | scheduler=step_lr | step_size=10 | gamma=0.500 | confidence_weight=0.000 | patience=20 | early_stopping=disabled
[2026-09-02 11:17:48] INFO Stage start | stage=posthoc_calibrator | epochs=50 | optimizer_lrs=[0.0005]
[2026-09-02 11:24:41] INFO Epoch 001 | stage=posthoc_calibrator | train_total=2.736866 | train_forecast=2.736866 | train_confidence=0.000000 | train_risk=0.000000 | train_blend=0.000000 | val_total=2.720902 | val_mae=2.721357 | val_rmse=5.614639 | val_mape=7.484984 | val_confidence=0.000000 | val_risk=0.000000 | val_blend=0.000000 | batches=709/94 | seconds=413.27 | lr=[0.0005] | cuda_peak_mb=3489.2
[2026-09-02 11:24:41] INFO Val horizons | 15min_mae=2.460778 15min_rmse=4.817159 15min_mape=6.417482 | 30min_mae=2.745250 30min_rmse=5.658542 30min_mape=7.605764 | 60min_mae=3.105707 60min_rmse=6.586043 60min_mape=9.011287
[2026-09-02 11:24:41] INFO Checkpoint updated | epoch=1 | stage=posthoc_calibrator | best_val_mae=2.721357 | path=C:\Users\clw\projects\researchRep\STAnchor-BlockMemory\artifacts\convergence\formal_20260902_physical_mae_router_staeformer_seed42\downstream_best.pt
[2026-09-02 11:25:46] INFO Epoch 002 | stage=posthoc_calibrator | train_total=2.726393 | train_forecast=2.726393 | train_confidence=0.000000 | train_risk=0.000000 | train_blend=0.000000 | val_total=2.727473 | val_mae=2.728068 | val_rmse=5.619221 | val_mape=7.492081 | val_confidence=0.000000 | val_risk=0.000000 | val_blend=0.000000 | batches=709/94 | seconds=64.94 | lr=[0.0005] | cuda_peak_mb=1424.9
[2026-09-02 11:25:46] INFO Val horizons | 15min_mae=2.461028 15min_rmse=4.816439 15min_mape=6.415543 | 30min_mae=2.747258 30min_rmse=5.655467 30min_mape=7.613504 | 60min_mae=3.128481 60min_rmse=6.603369 60min_mape=9.028418
[2026-09-02 11:26:51] INFO Epoch 003 | stage=posthoc_calibrator | train_total=2.723973 | train_forecast=2.723973 | train_confidence=0.000000 | train_risk=0.000000 | train_blend=0.000000 | val_total=2.724870 | val_mae=2.725490 | val_rmse=5.617667 | val_mape=7.572018 | val_confidence=0.000000 | val_risk=0.000000 | val_blend=0.000000 | batches=709/94 | seconds=64.86 | lr=[0.0005] | cuda_peak_mb=1424.6
[2026-09-02 11:26:51] INFO Val horizons | 15min_mae=2.461731 15min_rmse=4.813838 15min_mape=6.463104 | 30min_mae=2.747082 30min_rmse=5.654420 30min_mape=7.704342 | 60min_mae=3.119854 60min_rmse=6.601464 60min_mape=9.136944
[2026-09-02 11:27:57] INFO Epoch 004 | stage=posthoc_calibrator | train_total=2.721231 | train_forecast=2.721231 | train_confidence=0.000000 | train_risk=0.000000 | train_blend=0.000000 | val_total=2.724595 | val_mae=2.725184 | val_rmse=5.618694 | val_mape=7.478287 | val_confidence=0.000000 | val_risk=0.000000 | val_blend=0.000000 | batches=709/94 | seconds=65.25 | lr=[0.0005] | cuda_peak_mb=1424.3
[2026-09-02 11:27:57] INFO Val horizons | 15min_mae=2.460628 15min_rmse=4.814346 15min_mape=6.414173 | 30min_mae=2.746614 30min_rmse=5.651744 30min_mape=7.600779 | 60min_mae=3.119290 60min_rmse=6.609381 60min_mape=9.001947
[2026-09-02 11:29:02] INFO Epoch 005 | stage=posthoc_calibrator | train_total=2.720366 | train_forecast=2.720366 | train_confidence=0.000000 | train_risk=0.000000 | train_blend=0.000000 | val_total=2.722405 | val_mae=2.722971 | val_rmse=5.611309 | val_mape=7.533452 | val_confidence=0.000000 | val_risk=0.000000 | val_blend=0.000000 | batches=709/94 | seconds=65.23 | lr=[0.0005] | cuda_peak_mb=1424.0
[2026-09-02 11:29:02] INFO Val horizons | 15min_mae=2.459490 15min_rmse=4.811870 15min_mape=6.422787 | 30min_mae=2.744430 30min_rmse=5.644037 30min_mape=7.635837 | 60min_mae=3.115646 60min_rmse=6.592718 60min_mape=9.138258
[2026-09-02 11:30:07] INFO Epoch 006 | stage=posthoc_calibrator | train_total=2.719606 | train_forecast=2.719606 | train_confidence=0.000000 | train_risk=0.000000 | train_blend=0.000000 | val_total=2.732272 | val_mae=2.733032 | val_rmse=5.633848 | val_mape=7.510267 | val_confidence=0.000000 | val_risk=0.000000 | val_blend=0.000000 | batches=709/94 | seconds=65.09 | lr=[0.0005] | cuda_peak_mb=1424.3
[2026-09-02 11:30:07] INFO Val horizons | 15min_mae=2.461916 15min_rmse=4.807817 15min_mape=6.414094 | 30min_mae=2.753032 30min_rmse=5.650928 30min_mape=7.625815 | 60min_mae=3.138413 60min_rmse=6.653446 60min_mape=9.039923
[2026-09-02 11:31:12] INFO Epoch 007 | stage=posthoc_calibrator | train_total=2.718156 | train_forecast=2.718156 | train_confidence=0.000000 | train_risk=0.000000 | train_blend=0.000000 | val_total=2.729338 | val_mae=2.730118 | val_rmse=5.647534 | val_mape=7.656213 | val_confidence=0.000000 | val_risk=0.000000 | val_blend=0.000000 | batches=709/94 | seconds=64.88 | lr=[0.0005] | cuda_peak_mb=1424.6
[2026-09-02 11:31:12] INFO Val horizons | 15min_mae=2.458823 15min_rmse=4.818030 15min_mape=6.459103 | 30min_mae=2.746291 30min_rmse=5.658649 30min_mape=7.719308 | 60min_mae=3.136741 60min_rmse=6.680581 60min_mape=9.392185
[2026-09-02 11:32:16] INFO Epoch 008 | stage=posthoc_calibrator | train_total=2.717304 | train_forecast=2.717304 | train_confidence=0.000000 | train_risk=0.000000 | train_blend=0.000000 | val_total=2.721856 | val_mae=2.722529 | val_rmse=5.620367 | val_mape=7.554107 | val_confidence=0.000000 | val_risk=0.000000 | val_blend=0.000000 | batches=709/94 | seconds=64.68 | lr=[0.0005] | cuda_peak_mb=1423.7
[2026-09-02 11:32:16] INFO Val horizons | 15min_mae=2.461052 15min_rmse=4.806392 15min_mape=6.467492 | 30min_mae=2.746859 30min_rmse=5.646023 30min_mape=7.699923 | 60min_mae=3.110632 60min_rmse=6.625573 60min_mape=9.076152
[2026-09-02 11:33:21] INFO Epoch 009 | stage=posthoc_calibrator | train_total=2.716716 | train_forecast=2.716716 | train_confidence=0.000000 | train_risk=0.000000 | train_blend=0.000000 | val_total=2.718635 | val_mae=2.719200 | val_rmse=5.635172 | val_mape=7.566828 | val_confidence=0.000000 | val_risk=0.000000 | val_blend=0.000000 | batches=709/94 | seconds=64.67 | lr=[0.0005] | cuda_peak_mb=1426.1
[2026-09-02 11:33:21] INFO Val horizons | 15min_mae=2.456902 15min_rmse=4.815962 15min_mape=6.436257 | 30min_mae=2.738959 30min_rmse=5.654377 30min_mape=7.655357 | 60min_mae=3.112067 60min_rmse=6.653103 60min_mape=9.196233
[2026-09-02 11:33:21] INFO Checkpoint updated | epoch=9 | stage=posthoc_calibrator | best_val_mae=2.719200 | path=C:\Users\clw\projects\researchRep\STAnchor-BlockMemory\artifacts\convergence\formal_20260902_physical_mae_router_staeformer_seed42\downstream_best.pt
[2026-09-02 11:34:26] INFO Epoch 010 | stage=posthoc_calibrator | train_total=2.715473 | train_forecast=2.715473 | train_confidence=0.000000 | train_risk=0.000000 | train_blend=0.000000 | val_total=2.733496 | val_mae=2.734373 | val_rmse=5.645284 | val_mape=7.542522 | val_confidence=0.000000 | val_risk=0.000000 | val_blend=0.000000 | batches=709/94 | seconds=65.02 | lr=[0.0005] | cuda_peak_mb=1424.1
[2026-09-02 11:34:26] INFO Val horizons | 15min_mae=2.459335 15min_rmse=4.811102 15min_mape=6.441954 | 30min_mae=2.753931 30min_rmse=5.654779 30min_mape=7.667426 | 60min_mae=3.142084 60min_rmse=6.686722 60min_mape=9.095449
[2026-09-02 11:35:31] INFO Epoch 011 | stage=posthoc_calibrator | train_total=2.713516 | train_forecast=2.713516 | train_confidence=0.000000 | train_risk=0.000000 | train_blend=0.000000 | val_total=2.733625 | val_mae=2.734488 | val_rmse=5.638618 | val_mape=7.559307 | val_confidence=0.000000 | val_risk=0.000000 | val_blend=0.000000 | batches=709/94 | seconds=64.88 | lr=[0.00025] | cuda_peak_mb=1424.7
[2026-09-02 11:35:31] INFO Val horizons | 15min_mae=2.459412 15min_rmse=4.803462 15min_mape=6.446723 | 30min_mae=2.755190 30min_rmse=5.649499 30min_mape=7.685861 | 60min_mae=3.141356 60min_rmse=6.677694 60min_mape=9.124100
[2026-09-02 11:36:36] INFO Epoch 012 | stage=posthoc_calibrator | train_total=2.712719 | train_forecast=2.712719 | train_confidence=0.000000 | train_risk=0.000000 | train_blend=0.000000 | val_total=2.732672 | val_mae=2.733543 | val_rmse=5.633237 | val_mape=7.534220 | val_confidence=0.000000 | val_risk=0.000000 | val_blend=0.000000 | batches=709/94 | seconds=64.80 | lr=[0.00025] | cuda_peak_mb=1424.3
[2026-09-02 11:36:36] INFO Val horizons | 15min_mae=2.458878 15min_rmse=4.808049 15min_mape=6.438206 | 30min_mae=2.752323 30min_rmse=5.645443 30min_mape=7.660410 | 60min_mae=3.145300 60min_rmse=6.668268 60min_mape=9.084747
[2026-09-02 11:37:41] INFO Epoch 013 | stage=posthoc_calibrator | train_total=2.712131 | train_forecast=2.712131 | train_confidence=0.000000 | train_risk=0.000000 | train_blend=0.000000 | val_total=2.719747 | val_mae=2.720425 | val_rmse=5.627742 | val_mape=7.481557 | val_confidence=0.000000 | val_risk=0.000000 | val_blend=0.000000 | batches=709/94 | seconds=64.68 | lr=[0.00025] | cuda_peak_mb=1424.3
[2026-09-02 11:37:41] INFO Val horizons | 15min_mae=2.456500 15min_rmse=4.810094 15min_mape=6.411998 | 30min_mae=2.741295 30min_rmse=5.645761 30min_mape=7.596101 | 60min_mae=3.114075 60min_rmse=6.647584 60min_mape=9.021738
[2026-09-02 11:38:45] INFO Epoch 014 | stage=posthoc_calibrator | train_total=2.712086 | train_forecast=2.712086 | train_confidence=0.000000 | train_risk=0.000000 | train_blend=0.000000 | val_total=2.730562 | val_mae=2.731391 | val_rmse=5.643134 | val_mape=7.588135 | val_confidence=0.000000 | val_risk=0.000000 | val_blend=0.000000 | batches=709/94 | seconds=64.93 | lr=[0.00025] | cuda_peak_mb=1424.0
[2026-09-02 11:38:45] INFO Val horizons | 15min_mae=2.458657 15min_rmse=4.805767 15min_mape=6.450370 | 30min_mae=2.751068 30min_rmse=5.653948 30min_mape=7.703086 | 60min_mae=3.135464 60min_rmse=6.682812 60min_mape=9.190262
[2026-09-02 11:39:50] INFO Epoch 015 | stage=posthoc_calibrator | train_total=2.711830 | train_forecast=2.711830 | train_confidence=0.000000 | train_risk=0.000000 | train_blend=0.000000 | val_total=2.732837 | val_mae=2.733705 | val_rmse=5.629789 | val_mape=7.476019 | val_confidence=0.000000 | val_risk=0.000000 | val_blend=0.000000 | batches=709/94 | seconds=64.73 | lr=[0.00025] | cuda_peak_mb=1424.6
[2026-09-02 11:39:50] INFO Val horizons | 15min_mae=2.459927 15min_rmse=4.801084 15min_mape=6.397715 | 30min_mae=2.755109 30min_rmse=5.643664 30min_mape=7.593890 | 60min_mae=3.139683 60min_rmse=6.664955 60min_mape=9.016312
[2026-09-02 11:40:55] INFO Epoch 016 | stage=posthoc_calibrator | train_total=2.711479 | train_forecast=2.711479 | train_confidence=0.000000 | train_risk=0.000000 | train_blend=0.000000 | val_total=2.731085 | val_mae=2.731939 | val_rmse=5.630965 | val_mape=7.526759 | val_confidence=0.000000 | val_risk=0.000000 | val_blend=0.000000 | batches=709/94 | seconds=64.86 | lr=[0.00025] | cuda_peak_mb=1425.0
[2026-09-02 11:40:55] INFO Val horizons | 15min_mae=2.458382 15min_rmse=4.803515 15min_mape=6.431236 | 30min_mae=2.750986 30min_rmse=5.643400 30min_mape=7.647598 | 60min_mae=3.140172 60min_rmse=6.668579 60min_mape=9.085069
[2026-09-02 11:42:00] INFO Epoch 017 | stage=posthoc_calibrator | train_total=2.710879 | train_forecast=2.710879 | train_confidence=0.000000 | train_risk=0.000000 | train_blend=0.000000 | val_total=2.735330 | val_mae=2.736183 | val_rmse=5.634735 | val_mape=7.556388 | val_confidence=0.000000 | val_risk=0.000000 | val_blend=0.000000 | batches=709/94 | seconds=64.86 | lr=[0.00025] | cuda_peak_mb=1425.0
[2026-09-02 11:42:00] INFO Val horizons | 15min_mae=2.459247 15min_rmse=4.800476 15min_mape=6.434117 | 30min_mae=2.754853 30min_rmse=5.641003 30min_mape=7.658705 | 60min_mae=3.147848 60min_rmse=6.681876 60min_mape=9.167329
[2026-09-02 11:43:05] INFO Epoch 018 | stage=posthoc_calibrator | train_total=2.710702 | train_forecast=2.710702 | train_confidence=0.000000 | train_risk=0.000000 | train_blend=0.000000 | val_total=2.722103 | val_mae=2.722849 | val_rmse=5.632550 | val_mape=7.517425 | val_confidence=0.000000 | val_risk=0.000000 | val_blend=0.000000 | batches=709/94 | seconds=65.09 | lr=[0.00025] | cuda_peak_mb=1425.3
[2026-09-02 11:43:05] INFO Val horizons | 15min_mae=2.456073 15min_rmse=4.804291 15min_mape=6.417253 | 30min_mae=2.744241 30min_rmse=5.646769 30min_mape=7.630696 | 60min_mae=3.119788 60min_rmse=6.665652 60min_mape=9.096884
[2026-09-02 11:44:10] INFO Epoch 019 | stage=posthoc_calibrator | train_total=2.710567 | train_forecast=2.710567 | train_confidence=0.000000 | train_risk=0.000000 | train_blend=0.000000 | val_total=2.729944 | val_mae=2.730732 | val_rmse=5.629786 | val_mape=7.560375 | val_confidence=0.000000 | val_risk=0.000000 | val_blend=0.000000 | batches=709/94 | seconds=64.78 | lr=[0.00025] | cuda_peak_mb=1424.6
[2026-09-02 11:44:10] INFO Val horizons | 15min_mae=2.457740 15min_rmse=4.803115 15min_mape=6.450566 | 30min_mae=2.751134 30min_rmse=5.639919 30min_mape=7.686399 | 60min_mae=3.138873 60min_rmse=6.670312 60min_mape=9.134197
[2026-09-02 11:45:15] INFO Epoch 020 | stage=posthoc_calibrator | train_total=2.709984 | train_forecast=2.709984 | train_confidence=0.000000 | train_risk=0.000000 | train_blend=0.000000 | val_total=2.742375 | val_mae=2.743456 | val_rmse=5.644353 | val_mape=7.494058 | val_confidence=0.000000 | val_risk=0.000000 | val_blend=0.000000 | batches=709/94 | seconds=64.79 | lr=[0.00025] | cuda_peak_mb=1423.7
[2026-09-02 11:45:15] INFO Val horizons | 15min_mae=2.462413 15min_rmse=4.796187 15min_mape=6.410583 | 30min_mae=2.764544 30min_rmse=5.651327 30min_mape=7.601995 | 60min_mae=3.159083 60min_rmse=6.703429 60min_mape=9.060995
[2026-09-02 11:46:19] INFO Epoch 021 | stage=posthoc_calibrator | train_total=2.709005 | train_forecast=2.709005 | train_confidence=0.000000 | train_risk=0.000000 | train_blend=0.000000 | val_total=2.733152 | val_mae=2.734084 | val_rmse=5.638119 | val_mape=7.499649 | val_confidence=0.000000 | val_risk=0.000000 | val_blend=0.000000 | batches=709/94 | seconds=64.89 | lr=[0.000125] | cuda_peak_mb=1426.1
[2026-09-02 11:46:19] INFO Val horizons | 15min_mae=2.458776 15min_rmse=4.797680 15min_mape=6.420233 | 30min_mae=2.753749 30min_rmse=5.644271 30min_mape=7.621291 | 60min_mae=3.143995 60min_rmse=6.691683 60min_mape=9.052412
[2026-09-02 11:47:25] INFO Epoch 022 | stage=posthoc_calibrator | train_total=2.708473 | train_forecast=2.708473 | train_confidence=0.000000 | train_risk=0.000000 | train_blend=0.000000 | val_total=2.726091 | val_mae=2.726833 | val_rmse=5.631556 | val_mape=7.506599 | val_confidence=0.000000 | val_risk=0.000000 | val_blend=0.000000 | batches=709/94 | seconds=65.04 | lr=[0.000125] | cuda_peak_mb=1424.1
[2026-09-02 11:47:25] INFO Val horizons | 15min_mae=2.456970 15min_rmse=4.801752 15min_mape=6.412181 | 30min_mae=2.747620 30min_rmse=5.646632 30min_mape=7.618171 | 60min_mae=3.129803 60min_rmse=6.667106 60min_mape=9.080227
[2026-09-02 11:48:29] INFO Epoch 023 | stage=posthoc_calibrator | train_total=2.708352 | train_forecast=2.708352 | train_confidence=0.000000 | train_risk=0.000000 | train_blend=0.000000 | val_total=2.722922 | val_mae=2.723667 | val_rmse=5.627626 | val_mape=7.540784 | val_confidence=0.000000 | val_risk=0.000000 | val_blend=0.000000 | batches=709/94 | seconds=64.26 | lr=[0.000125] | cuda_peak_mb=1424.7
[2026-09-02 11:48:29] INFO Val horizons | 15min_mae=2.455997 15min_rmse=4.805233 15min_mape=6.427439 | 30min_mae=2.744413 30min_rmse=5.644793 30min_mape=7.652055 | 60min_mae=3.122895 60min_rmse=6.655632 60min_mape=9.139315
[2026-09-02 11:49:32] INFO Epoch 024 | stage=posthoc_calibrator | train_total=2.708399 | train_forecast=2.708399 | train_confidence=0.000000 | train_risk=0.000000 | train_blend=0.000000 | val_total=2.723485 | val_mae=2.724239 | val_rmse=5.633947 | val_mape=7.538743 | val_confidence=0.000000 | val_risk=0.000000 | val_blend=0.000000 | batches=709/94 | seconds=63.65 | lr=[0.000125] | cuda_peak_mb=1423.9
[2026-09-02 11:49:32] INFO Val horizons | 15min_mae=2.456307 15min_rmse=4.802766 15min_mape=6.434467 | 30min_mae=2.744454 30min_rmse=5.643019 30min_mape=7.648526 | 60min_mae=3.122916 60min_rmse=6.674937 60min_mape=9.125507
[2026-09-02 11:50:36] INFO Epoch 025 | stage=posthoc_calibrator | train_total=2.708213 | train_forecast=2.708213 | train_confidence=0.000000 | train_risk=0.000000 | train_blend=0.000000 | val_total=2.721862 | val_mae=2.722630 | val_rmse=5.628735 | val_mape=7.520092 | val_confidence=0.000000 | val_risk=0.000000 | val_blend=0.000000 | batches=709/94 | seconds=63.61 | lr=[0.000125] | cuda_peak_mb=1424.3
[2026-09-02 11:50:36] INFO Val horizons | 15min_mae=2.455998 15min_rmse=4.799553 15min_mape=6.417869 | 30min_mae=2.743765 30min_rmse=5.643409 30min_mape=7.632472 | 60min_mae=3.119157 60min_rmse=6.657853 60min_mape=9.087428
[2026-09-02 11:51:40] INFO Epoch 026 | stage=posthoc_calibrator | train_total=2.708056 | train_forecast=2.708056 | train_confidence=0.000000 | train_risk=0.000000 | train_blend=0.000000 | val_total=2.725739 | val_mae=2.726545 | val_rmse=5.630973 | val_mape=7.506133 | val_confidence=0.000000 | val_risk=0.000000 | val_blend=0.000000 | batches=709/94 | seconds=63.61 | lr=[0.000125] | cuda_peak_mb=1425.0
[2026-09-02 11:51:40] INFO Val horizons | 15min_mae=2.455652 15min_rmse=4.798435 15min_mape=6.405109 | 30min_mae=2.745775 30min_rmse=5.642022 30min_mape=7.613287 | 60min_mae=3.131896 60min_rmse=6.671561 60min_mape=9.089223
[2026-09-02 11:52:44] INFO Epoch 027 | stage=posthoc_calibrator | train_total=2.707881 | train_forecast=2.707881 | train_confidence=0.000000 | train_risk=0.000000 | train_blend=0.000000 | val_total=2.732978 | val_mae=2.733905 | val_rmse=5.644002 | val_mape=7.556989 | val_confidence=0.000000 | val_risk=0.000000 | val_blend=0.000000 | batches=709/94 | seconds=64.65 | lr=[0.000125] | cuda_peak_mb=1424.1
[2026-09-02 11:52:44] INFO Val horizons | 15min_mae=2.457121 15min_rmse=4.799773 15min_mape=6.432133 | 30min_mae=2.752848 30min_rmse=5.645867 30min_mape=7.678646 | 60min_mae=3.144639 60min_rmse=6.697177 60min_mape=9.134276
[2026-09-02 11:53:49] INFO Epoch 028 | stage=posthoc_calibrator | train_total=2.707983 | train_forecast=2.707983 | train_confidence=0.000000 | train_risk=0.000000 | train_blend=0.000000 | val_total=2.727870 | val_mae=2.728693 | val_rmse=5.633241 | val_mape=7.547279 | val_confidence=0.000000 | val_risk=0.000000 | val_blend=0.000000 | batches=709/94 | seconds=64.84 | lr=[0.000125] | cuda_peak_mb=1423.9
[2026-09-02 11:53:49] INFO Val horizons | 15min_mae=2.456482 15min_rmse=4.800107 15min_mape=6.419112 | 30min_mae=2.748347 30min_rmse=5.642651 30min_mape=7.655237 | 60min_mae=3.133476 60min_rmse=6.673588 60min_mape=9.142923
[2026-09-02 11:54:53] INFO Epoch 029 | stage=posthoc_calibrator | train_total=2.707576 | train_forecast=2.707576 | train_confidence=0.000000 | train_risk=0.000000 | train_blend=0.000000 | val_total=2.723275 | val_mae=2.724066 | val_rmse=5.624847 | val_mape=7.533198 | val_confidence=0.000000 | val_risk=0.000000 | val_blend=0.000000 | batches=709/94 | seconds=63.88 | lr=[0.000125] | cuda_peak_mb=1424.3
[2026-09-02 11:54:53] INFO Val horizons | 15min_mae=2.454841 15min_rmse=4.803399 15min_mape=6.424528 | 30min_mae=2.743520 30min_rmse=5.640704 30min_mape=7.641774 | 60min_mae=3.126785 60min_rmse=6.654122 60min_mape=9.138365
[2026-09-02 11:55:57] INFO Epoch 030 | stage=posthoc_calibrator | train_total=2.707572 | train_forecast=2.707572 | train_confidence=0.000000 | train_risk=0.000000 | train_blend=0.000000 | val_total=2.723211 | val_mae=2.724021 | val_rmse=5.634655 | val_mape=7.562881 | val_confidence=0.000000 | val_risk=0.000000 | val_blend=0.000000 | batches=709/94 | seconds=63.67 | lr=[0.000125] | cuda_peak_mb=1424.7
[2026-09-02 11:55:57] INFO Val horizons | 15min_mae=2.455450 15min_rmse=4.804482 15min_mape=6.427713 | 30min_mae=2.744545 30min_rmse=5.645192 30min_mape=7.684306 | 60min_mae=3.121400 60min_rmse=6.665974 60min_mape=9.152787
[2026-09-02 11:57:00] INFO Epoch 031 | stage=posthoc_calibrator | train_total=2.706939 | train_forecast=2.706939 | train_confidence=0.000000 | train_risk=0.000000 | train_blend=0.000000 | val_total=2.725448 | val_mae=2.726299 | val_rmse=5.636692 | val_mape=7.537569 | val_confidence=0.000000 | val_risk=0.000000 | val_blend=0.000000 | batches=709/94 | seconds=63.60 | lr=[6.25e-05] | cuda_peak_mb=1424.3
[2026-09-02 11:57:00] INFO Val horizons | 15min_mae=2.455862 15min_rmse=4.799567 15min_mape=6.425843 | 30min_mae=2.745926 30min_rmse=5.644704 30min_mape=7.663495 | 60min_mae=3.128666 60min_rmse=6.679890 60min_mape=9.111718
[2026-09-02 11:58:04] INFO Epoch 032 | stage=posthoc_calibrator | train_total=2.706883 | train_forecast=2.706883 | train_confidence=0.000000 | train_risk=0.000000 | train_blend=0.000000 | val_total=2.725699 | val_mae=2.726543 | val_rmse=5.630245 | val_mape=7.534264 | val_confidence=0.000000 | val_risk=0.000000 | val_blend=0.000000 | batches=709/94 | seconds=63.46 | lr=[6.25e-05] | cuda_peak_mb=1424.0
[2026-09-02 11:58:04] INFO Val horizons | 15min_mae=2.456322 15min_rmse=4.798014 15min_mape=6.420684 | 30min_mae=2.747539 30min_rmse=5.641770 30min_mape=7.649767 | 60min_mae=3.128462 60min_rmse=6.670001 60min_mape=9.127599
[2026-09-02 11:59:07] INFO Epoch 033 | stage=posthoc_calibrator | train_total=2.706748 | train_forecast=2.706748 | train_confidence=0.000000 | train_risk=0.000000 | train_blend=0.000000 | val_total=2.727973 | val_mae=2.728826 | val_rmse=5.633895 | val_mape=7.532607 | val_confidence=0.000000 | val_risk=0.000000 | val_blend=0.000000 | batches=709/94 | seconds=63.60 | lr=[6.25e-05] | cuda_peak_mb=1424.6
[2026-09-02 11:59:07] INFO Val horizons | 15min_mae=2.455617 15min_rmse=4.800161 15min_mape=6.418478 | 30min_mae=2.748005 30min_rmse=5.643080 30min_mape=7.648055 | 60min_mae=3.137217 60min_rmse=6.678902 60min_mape=9.120322
[2026-09-02 12:00:11] INFO Epoch 034 | stage=posthoc_calibrator | train_total=2.706505 | train_forecast=2.706505 | train_confidence=0.000000 | train_risk=0.000000 | train_blend=0.000000 | val_total=2.726354 | val_mae=2.727216 | val_rmse=5.629794 | val_mape=7.475258 | val_confidence=0.000000 | val_risk=0.000000 | val_blend=0.000000 | batches=709/94 | seconds=63.52 | lr=[6.25e-05] | cuda_peak_mb=1424.6
[2026-09-02 12:00:11] INFO Val horizons | 15min_mae=2.456042 15min_rmse=4.794669 15min_mape=6.398481 | 30min_mae=2.747252 30min_rmse=5.642143 30min_mape=7.595293 | 60min_mae=3.132265 60min_rmse=6.669521 60min_mape=9.026755
[2026-09-02 12:01:16] INFO Epoch 035 | stage=posthoc_calibrator | train_total=2.706889 | train_forecast=2.706889 | train_confidence=0.000000 | train_risk=0.000000 | train_blend=0.000000 | val_total=2.727794 | val_mae=2.728673 | val_rmse=5.628134 | val_mape=7.501582 | val_confidence=0.000000 | val_risk=0.000000 | val_blend=0.000000 | batches=709/94 | seconds=64.76 | lr=[6.25e-05] | cuda_peak_mb=1423.7
[2026-09-02 12:01:16] INFO Val horizons | 15min_mae=2.456114 15min_rmse=4.795737 15min_mape=6.405296 | 30min_mae=2.748738 30min_rmse=5.638641 30min_mape=7.619066 | 60min_mae=3.135622 60min_rmse=6.671244 60min_mape=9.068563
[2026-09-02 12:02:20] INFO Epoch 036 | stage=posthoc_calibrator | train_total=2.706600 | train_forecast=2.706600 | train_confidence=0.000000 | train_risk=0.000000 | train_blend=0.000000 | val_total=2.725459 | val_mae=2.726268 | val_rmse=5.628294 | val_mape=7.502177 | val_confidence=0.000000 | val_risk=0.000000 | val_blend=0.000000 | batches=709/94 | seconds=64.74 | lr=[6.25e-05] | cuda_peak_mb=1426.1
[2026-09-02 12:02:20] INFO Val horizons | 15min_mae=2.455692 15min_rmse=4.799408 15min_mape=6.416473 | 30min_mae=2.745985 30min_rmse=5.641247 30min_mape=7.624901 | 60min_mae=3.130089 60min_rmse=6.665022 60min_mape=9.057426
[2026-09-02 12:03:25] INFO Epoch 037 | stage=posthoc_calibrator | train_total=2.706639 | train_forecast=2.706639 | train_confidence=0.000000 | train_risk=0.000000 | train_blend=0.000000 | val_total=2.728997 | val_mae=2.729896 | val_rmse=5.635894 | val_mape=7.539518 | val_confidence=0.000000 | val_risk=0.000000 | val_blend=0.000000 | batches=709/94 | seconds=64.77 | lr=[6.25e-05] | cuda_peak_mb=1425.5
[2026-09-02 12:03:25] INFO Val horizons | 15min_mae=2.455985 15min_rmse=4.794577 15min_mape=6.407959 | 30min_mae=2.749242 30min_rmse=5.641275 30min_mape=7.650703 | 60min_mae=3.136654 60min_rmse=6.686439 60min_mape=9.137612
[2026-09-02 12:04:30] INFO Epoch 038 | stage=posthoc_calibrator | train_total=2.706357 | train_forecast=2.706357 | train_confidence=0.000000 | train_risk=0.000000 | train_blend=0.000000 | val_total=2.725267 | val_mae=2.726089 | val_rmse=5.625321 | val_mape=7.538590 | val_confidence=0.000000 | val_risk=0.000000 | val_blend=0.000000 | batches=709/94 | seconds=64.78 | lr=[6.25e-05] | cuda_peak_mb=1425.3
[2026-09-02 12:04:30] INFO Val horizons | 15min_mae=2.455878 15min_rmse=4.796261 15min_mape=6.421576 | 30min_mae=2.746785 30min_rmse=5.638027 30min_mape=7.660991 | 60min_mae=3.127999 60min_rmse=6.661179 60min_mape=9.125928
[2026-09-02 12:05:35] INFO Epoch 039 | stage=posthoc_calibrator | train_total=2.706036 | train_forecast=2.706036 | train_confidence=0.000000 | train_risk=0.000000 | train_blend=0.000000 | val_total=2.729861 | val_mae=2.730758 | val_rmse=5.639254 | val_mape=7.567149 | val_confidence=0.000000 | val_risk=0.000000 | val_blend=0.000000 | batches=709/94 | seconds=64.90 | lr=[6.25e-05] | cuda_peak_mb=1424.3
[2026-09-02 12:05:35] INFO Val horizons | 15min_mae=2.456808 15min_rmse=4.796936 15min_mape=6.412425 | 30min_mae=2.749343 30min_rmse=5.645886 30min_mape=7.672798 | 60min_mae=3.139727 60min_rmse=6.692338 60min_mape=9.206620
[2026-09-02 12:06:40] INFO Epoch 040 | stage=posthoc_calibrator | train_total=2.706391 | train_forecast=2.706391 | train_confidence=0.000000 | train_risk=0.000000 | train_blend=0.000000 | val_total=2.723656 | val_mae=2.724497 | val_rmse=5.632779 | val_mape=7.550944 | val_confidence=0.000000 | val_risk=0.000000 | val_blend=0.000000 | batches=709/94 | seconds=64.77 | lr=[6.25e-05] | cuda_peak_mb=1425.7
[2026-09-02 12:06:40] INFO Val horizons | 15min_mae=2.455748 15min_rmse=4.801187 15min_mape=6.431049 | 30min_mae=2.745390 30min_rmse=5.645588 30min_mape=7.676373 | 60min_mae=3.124158 60min_rmse=6.670750 60min_mape=9.133887
[2026-09-02 12:07:44] INFO Epoch 041 | stage=posthoc_calibrator | train_total=2.705876 | train_forecast=2.705876 | train_confidence=0.000000 | train_risk=0.000000 | train_blend=0.000000 | val_total=2.725052 | val_mae=2.725895 | val_rmse=5.632612 | val_mape=7.528866 | val_confidence=0.000000 | val_risk=0.000000 | val_blend=0.000000 | batches=709/94 | seconds=64.74 | lr=[3.125e-05] | cuda_peak_mb=1424.1
[2026-09-02 12:07:44] INFO Val horizons | 15min_mae=2.455687 15min_rmse=4.798354 15min_mape=6.420539 | 30min_mae=2.746560 30min_rmse=5.645800 30min_mape=7.651942 | 60min_mae=3.128303 60min_rmse=6.670932 60min_mape=9.105837
[2026-09-02 12:08:49] INFO Epoch 042 | stage=posthoc_calibrator | train_total=2.705804 | train_forecast=2.705804 | train_confidence=0.000000 | train_risk=0.000000 | train_blend=0.000000 | val_total=2.728435 | val_mae=2.729293 | val_rmse=5.636179 | val_mape=7.538839 | val_confidence=0.000000 | val_risk=0.000000 | val_blend=0.000000 | batches=709/94 | seconds=64.72 | lr=[3.125e-05] | cuda_peak_mb=1425.7
[2026-09-02 12:08:49] INFO Val horizons | 15min_mae=2.456189 15min_rmse=4.798553 15min_mape=6.421740 | 30min_mae=2.748806 30min_rmse=5.645406 30min_mape=7.658062 | 60min_mae=3.136163 60min_rmse=6.681588 60min_mape=9.128780
[2026-09-02 12:09:54] INFO Epoch 043 | stage=posthoc_calibrator | train_total=2.705770 | train_forecast=2.705770 | train_confidence=0.000000 | train_risk=0.000000 | train_blend=0.000000 | val_total=2.727860 | val_mae=2.728729 | val_rmse=5.632950 | val_mape=7.527425 | val_confidence=0.000000 | val_risk=0.000000 | val_blend=0.000000 | batches=709/94 | seconds=64.66 | lr=[3.125e-05] | cuda_peak_mb=1424.6
[2026-09-02 12:09:54] INFO Val horizons | 15min_mae=2.456100 15min_rmse=4.796789 15min_mape=6.415466 | 30min_mae=2.748348 30min_rmse=5.642880 30min_mape=7.649061 | 60min_mae=3.135523 60min_rmse=6.678069 60min_mape=9.107588
[2026-09-02 12:10:58] INFO Epoch 044 | stage=posthoc_calibrator | train_total=2.705888 | train_forecast=2.705888 | train_confidence=0.000000 | train_risk=0.000000 | train_blend=0.000000 | val_total=2.727989 | val_mae=2.728856 | val_rmse=5.635014 | val_mape=7.523268 | val_confidence=0.000000 | val_risk=0.000000 | val_blend=0.000000 | batches=709/94 | seconds=64.55 | lr=[3.125e-05] | cuda_peak_mb=1424.3
[2026-09-02 12:10:58] INFO Val horizons | 15min_mae=2.456289 15min_rmse=4.796307 15min_mape=6.415695 | 30min_mae=2.748939 30min_rmse=5.645202 30min_mape=7.643327 | 60min_mae=3.134430 60min_rmse=6.679193 60min_mape=9.099086
[2026-09-02 12:12:03] INFO Epoch 045 | stage=posthoc_calibrator | train_total=2.705919 | train_forecast=2.705919 | train_confidence=0.000000 | train_risk=0.000000 | train_blend=0.000000 | val_total=2.725067 | val_mae=2.725904 | val_rmse=5.632634 | val_mape=7.533333 | val_confidence=0.000000 | val_risk=0.000000 | val_blend=0.000000 | batches=709/94 | seconds=64.62 | lr=[3.125e-05] | cuda_peak_mb=1424.7
[2026-09-02 12:12:03] INFO Val horizons | 15min_mae=2.455093 15min_rmse=4.800330 15min_mape=6.416762 | 30min_mae=2.744887 30min_rmse=5.641688 30min_mape=7.646740 | 60min_mae=3.130845 60min_rmse=6.676031 60min_mape=9.127998
[2026-09-02 12:13:07] INFO Epoch 046 | stage=posthoc_calibrator | train_total=2.705779 | train_forecast=2.705779 | train_confidence=0.000000 | train_risk=0.000000 | train_blend=0.000000 | val_total=2.726454 | val_mae=2.727306 | val_rmse=5.632152 | val_mape=7.552667 | val_confidence=0.000000 | val_risk=0.000000 | val_blend=0.000000 | batches=709/94 | seconds=64.54 | lr=[3.125e-05] | cuda_peak_mb=1423.7
[2026-09-02 12:13:07] INFO Val horizons | 15min_mae=2.455479 15min_rmse=4.798715 15min_mape=6.422223 | 30min_mae=2.746592 30min_rmse=5.641169 30min_mape=7.663757 | 60min_mae=3.132505 60min_rmse=6.674790 60min_mape=9.161774
[2026-09-02 12:14:12] INFO Epoch 047 | stage=posthoc_calibrator | train_total=2.705769 | train_forecast=2.705769 | train_confidence=0.000000 | train_risk=0.000000 | train_blend=0.000000 | val_total=2.727028 | val_mae=2.727881 | val_rmse=5.630313 | val_mape=7.536255 | val_confidence=0.000000 | val_risk=0.000000 | val_blend=0.000000 | batches=709/94 | seconds=64.57 | lr=[3.125e-05] | cuda_peak_mb=1424.3
[2026-09-02 12:14:12] INFO Val horizons | 15min_mae=2.455865 15min_rmse=4.798528 15min_mape=6.421596 | 30min_mae=2.747974 30min_rmse=5.641986 30min_mape=7.651369 | 60min_mae=3.132898 60min_rmse=6.669173 60min_mape=9.125656
[2026-09-02 12:15:17] INFO Epoch 048 | stage=posthoc_calibrator | train_total=2.705465 | train_forecast=2.705465 | train_confidence=0.000000 | train_risk=0.000000 | train_blend=0.000000 | val_total=2.727994 | val_mae=2.728874 | val_rmse=5.633549 | val_mape=7.544964 | val_confidence=0.000000 | val_risk=0.000000 | val_blend=0.000000 | batches=709/94 | seconds=64.60 | lr=[3.125e-05] | cuda_peak_mb=1424.3
[2026-09-02 12:15:17] INFO Val horizons | 15min_mae=2.456123 15min_rmse=4.797605 15min_mape=6.423169 | 30min_mae=2.748359 30min_rmse=5.642216 30min_mape=7.661848 | 60min_mae=3.135525 60min_rmse=6.679510 60min_mape=9.140722
[2026-09-02 12:16:21] INFO Epoch 049 | stage=posthoc_calibrator | train_total=2.705672 | train_forecast=2.705672 | train_confidence=0.000000 | train_risk=0.000000 | train_blend=0.000000 | val_total=2.724709 | val_mae=2.725572 | val_rmse=5.632039 | val_mape=7.508836 | val_confidence=0.000000 | val_risk=0.000000 | val_blend=0.000000 | batches=709/94 | seconds=64.71 | lr=[3.125e-05] | cuda_peak_mb=1424.0
[2026-09-02 12:16:21] INFO Val horizons | 15min_mae=2.455467 15min_rmse=4.798669 15min_mape=6.415108 | 30min_mae=2.745866 30min_rmse=5.645246 30min_mape=7.634732 | 60min_mae=3.128306 60min_rmse=6.671746 60min_mape=9.068605
[2026-09-02 12:17:26] INFO Epoch 050 | stage=posthoc_calibrator | train_total=2.705502 | train_forecast=2.705502 | train_confidence=0.000000 | train_risk=0.000000 | train_blend=0.000000 | val_total=2.726534 | val_mae=2.727404 | val_rmse=5.635878 | val_mape=7.551385 | val_confidence=0.000000 | val_risk=0.000000 | val_blend=0.000000 | batches=709/94 | seconds=64.72 | lr=[3.125e-05] | cuda_peak_mb=1424.6
[2026-09-02 12:17:26] INFO Val horizons | 15min_mae=2.456056 15min_rmse=4.797878 15min_mape=6.425781 | 30min_mae=2.748102 30min_rmse=5.645345 30min_mape=7.674804 | 60min_mae=3.129477 60min_rmse=6.677787 60min_mape=9.139782
[2026-09-02 12:17:26] INFO Downstream training finished | best_val_mae=2.719200 | checkpoint=C:\Users\clw\projects\researchRep\STAnchor-BlockMemory\artifacts\convergence\formal_20260902_physical_mae_router_staeformer_seed42\downstream_best.pt
