[2026-09-02 01:15:49] INFO Downstream start | run=convergence\formal_20260901_final_router_staeformer_seed42 | device=cuda:0 (requested=cuda:0) | seed=42 | output=C:\Users\clw\projects\researchRep\STAnchor-BlockMemory\artifacts\convergence\formal_20260901_final_router_staeformer_seed42
[2026-09-02 01:15:49] INFO Mode | downstream_mode=learned_topk_error_aware | training_protocol=posthoc_frozen_base | candidate_protocol=weekday_radius1_overlap
[2026-09-02 01:15:49] INFO STAEformer temporal covariates | mode=calendar | source=dataset slot/weekday
[2026-09-02 01:15:49] INFO Downstream initialization | seed=42 | state_hash=aa2cbdabe059cda7
[2026-09-02 01:15:49] INFO Frozen base | checkpoint=C:\Users\clw\projects\researchRep\STAnchor-BlockMemory\artifacts\convergence\formal_20260828_staeformer_base_only_v2\downstream_best.pt | fingerprint=6f31dd86e64156cb
[2026-09-02 01:15:49] INFO Data | steps=34272 | nodes=207 | channels=1 | training_scope=full_train | memory/post_memory/train_selected/val/test=15876/6805/22681/2993/6025
[2026-09-02 01:15:49] INFO Bank/retrieval | dataset=METR-LA | events=15876 | nodes=207 | retrieval_dim=64 | event_top_r=32 | node_top_k=12 | key_dtype=float16
[2026-09-02 01:15:49] INFO Parameters | downstream_total=2,138,894 | downstream_trainable=879,693 | backbone=0 | confidence_head=0 | fusion=0 | frozen_pretrained=958,704
[2026-09-02 01:15:49] INFO Optimization | epochs=50 | batch_size=32 | optimizer=adam | lr=0.0005 | weight_decay=0.0001 | scheduler=step_lr | step_size=10 | gamma=0.500 | confidence_weight=0.000 | patience=20 | early_stopping=disabled
[2026-09-02 01:15:50] INFO Stage start | stage=posthoc_calibrator | epochs=50 | optimizer_lrs=[0.0005]
[2026-09-02 01:22:31] INFO Epoch 001 | stage=posthoc_calibrator | train_total=0.303955 | train_forecast=0.303955 | train_confidence=0.000000 | train_risk=0.000000 | train_blend=0.000000 | val_total=0.305563 | val_mae=2.726236 | val_rmse=5.610470 | val_mape=7.515707 | val_confidence=0.000000 | val_risk=0.000000 | val_blend=0.000000 | batches=709/94 | seconds=400.66 | lr=[0.0005] | cuda_peak_mb=3488.6
[2026-09-02 01:22:31] INFO Val horizons | 15min_mae=2.462728 15min_rmse=4.818477 15min_mape=6.427626 | 30min_mae=2.747807 30min_rmse=5.653767 30min_mape=7.628432 | 60min_mae=3.118376 60min_rmse=6.580275 60min_mape=9.086838
[2026-09-02 01:22:31] INFO Checkpoint updated | epoch=1 | stage=posthoc_calibrator | best_val_mae=2.726236 | path=C:\Users\clw\projects\researchRep\STAnchor-BlockMemory\artifacts\convergence\formal_20260901_final_router_staeformer_seed42\downstream_best.pt
[2026-09-02 01:23:33] INFO Epoch 002 | stage=posthoc_calibrator | train_total=0.303689 | train_forecast=0.303689 | train_confidence=0.000000 | train_risk=0.000000 | train_blend=0.000000 | val_total=0.305593 | val_mae=2.726646 | val_rmse=5.608181 | val_mape=7.516393 | val_confidence=0.000000 | val_risk=0.000000 | val_blend=0.000000 | batches=709/94 | seconds=62.59 | lr=[0.0005] | cuda_peak_mb=1424.3
[2026-09-02 01:23:33] INFO Val horizons | 15min_mae=2.462994 15min_rmse=4.817220 15min_mape=6.425662 | 30min_mae=2.748062 30min_rmse=5.652013 30min_mape=7.629186 | 60min_mae=3.118797 60min_rmse=6.577171 60min_mape=9.085972
[2026-09-02 01:24:36] INFO Epoch 003 | stage=posthoc_calibrator | train_total=0.303677 | train_forecast=0.303677 | train_confidence=0.000000 | train_risk=0.000000 | train_blend=0.000000 | val_total=0.305585 | val_mae=2.726531 | val_rmse=5.610440 | val_mape=7.501821 | val_confidence=0.000000 | val_risk=0.000000 | val_blend=0.000000 | batches=709/94 | seconds=62.45 | lr=[0.0005] | cuda_peak_mb=1424.0
[2026-09-02 01:24:36] INFO Val horizons | 15min_mae=2.462961 15min_rmse=4.818716 15min_mape=6.416483 | 30min_mae=2.748018 30min_rmse=5.654996 30min_mape=7.614676 | 60min_mae=3.118698 60min_rmse=6.578263 60min_mape=9.070982
[2026-09-02 01:25:38] INFO Epoch 004 | stage=posthoc_calibrator | train_total=0.303655 | train_forecast=0.303655 | train_confidence=0.000000 | train_risk=0.000000 | train_blend=0.000000 | val_total=0.305552 | val_mae=2.726105 | val_rmse=5.612700 | val_mape=7.496250 | val_confidence=0.000000 | val_risk=0.000000 | val_blend=0.000000 | batches=709/94 | seconds=62.20 | lr=[0.0005] | cuda_peak_mb=1423.7
[2026-09-02 01:25:38] INFO Val horizons | 15min_mae=2.462892 15min_rmse=4.819409 15min_mape=6.415787 | 30min_mae=2.747807 30min_rmse=5.657300 30min_mape=7.611055 | 60min_mae=3.117605 60min_rmse=6.581598 60min_mape=9.057522
[2026-09-02 01:25:38] INFO Checkpoint updated | epoch=4 | stage=posthoc_calibrator | best_val_mae=2.726105 | path=C:\Users\clw\projects\researchRep\STAnchor-BlockMemory\artifacts\convergence\formal_20260901_final_router_staeformer_seed42\downstream_best.pt
[2026-09-02 01:26:40] INFO Epoch 005 | stage=posthoc_calibrator | train_total=0.303639 | train_forecast=0.303639 | train_confidence=0.000000 | train_risk=0.000000 | train_blend=0.000000 | val_total=0.305552 | val_mae=2.726134 | val_rmse=5.611824 | val_mape=7.499215 | val_confidence=0.000000 | val_risk=0.000000 | val_blend=0.000000 | batches=709/94 | seconds=62.51 | lr=[0.0005] | cuda_peak_mb=1423.4
[2026-09-02 01:26:40] INFO Val horizons | 15min_mae=2.462846 15min_rmse=4.818896 15min_mape=6.416411 | 30min_mae=2.747838 30min_rmse=5.657012 30min_mape=7.611704 | 60min_mae=3.118054 60min_rmse=6.579502 60min_mape=9.068503
[2026-09-02 01:27:43] INFO Epoch 006 | stage=posthoc_calibrator | train_total=0.303641 | train_forecast=0.303641 | train_confidence=0.000000 | train_risk=0.000000 | train_blend=0.000000 | val_total=0.305555 | val_mae=2.726248 | val_rmse=5.608831 | val_mape=7.515477 | val_confidence=0.000000 | val_risk=0.000000 | val_blend=0.000000 | batches=709/94 | seconds=62.38 | lr=[0.0005] | cuda_peak_mb=1423.7
[2026-09-02 01:27:43] INFO Val horizons | 15min_mae=2.462824 15min_rmse=4.817336 15min_mape=6.423200 | 30min_mae=2.747568 30min_rmse=5.654089 30min_mape=7.624240 | 60min_mae=3.118486 60min_rmse=6.576665 60min_mape=9.089524
[2026-09-02 01:28:45] INFO Epoch 007 | stage=posthoc_calibrator | train_total=0.303634 | train_forecast=0.303634 | train_confidence=0.000000 | train_risk=0.000000 | train_blend=0.000000 | val_total=0.305548 | val_mae=2.726212 | val_rmse=5.608638 | val_mape=7.510436 | val_confidence=0.000000 | val_risk=0.000000 | val_blend=0.000000 | batches=709/94 | seconds=62.35 | lr=[0.0005] | cuda_peak_mb=1424.0
[2026-09-02 01:28:45] INFO Val horizons | 15min_mae=2.462757 15min_rmse=4.817057 15min_mape=6.419908 | 30min_mae=2.747809 30min_rmse=5.653613 30min_mape=7.621952 | 60min_mae=3.118315 60min_rmse=6.576452 60min_mape=9.084480
[2026-09-02 01:29:47] INFO Epoch 008 | stage=posthoc_calibrator | train_total=0.303607 | train_forecast=0.303607 | train_confidence=0.000000 | train_risk=0.000000 | train_blend=0.000000 | val_total=0.305525 | val_mae=2.725868 | val_rmse=5.612375 | val_mape=7.497840 | val_confidence=0.000000 | val_risk=0.000000 | val_blend=0.000000 | batches=709/94 | seconds=62.29 | lr=[0.0005] | cuda_peak_mb=1423.1
[2026-09-02 01:29:47] INFO Val horizons | 15min_mae=2.462769 15min_rmse=4.819507 15min_mape=6.412592 | 30min_mae=2.747523 30min_rmse=5.657741 30min_mape=7.608397 | 60min_mae=3.117409 60min_rmse=6.579947 60min_mape=9.068283
[2026-09-02 01:29:48] INFO Checkpoint updated | epoch=8 | stage=posthoc_calibrator | best_val_mae=2.725868 | path=C:\Users\clw\projects\researchRep\STAnchor-BlockMemory\artifacts\convergence\formal_20260901_final_router_staeformer_seed42\downstream_best.pt
[2026-09-02 01:30:50] INFO Epoch 009 | stage=posthoc_calibrator | train_total=0.303627 | train_forecast=0.303627 | train_confidence=0.000000 | train_risk=0.000000 | train_blend=0.000000 | val_total=0.305547 | val_mae=2.726113 | val_rmse=5.611931 | val_mape=7.496576 | val_confidence=0.000000 | val_risk=0.000000 | val_blend=0.000000 | batches=709/94 | seconds=62.37 | lr=[0.0005] | cuda_peak_mb=1425.5
[2026-09-02 01:30:50] INFO Val horizons | 15min_mae=2.462896 15min_rmse=4.818109 15min_mape=6.415119 | 30min_mae=2.747514 30min_rmse=5.656830 30min_mape=7.609043 | 60min_mae=3.118091 60min_rmse=6.580380 60min_mape=9.057370
[2026-09-02 01:31:52] INFO Epoch 010 | stage=posthoc_calibrator | train_total=0.303627 | train_forecast=0.303627 | train_confidence=0.000000 | train_risk=0.000000 | train_blend=0.000000 | val_total=0.305595 | val_mae=2.726783 | val_rmse=5.607910 | val_mape=7.509303 | val_confidence=0.000000 | val_risk=0.000000 | val_blend=0.000000 | batches=709/94 | seconds=62.18 | lr=[0.0005] | cuda_peak_mb=1423.5
[2026-09-02 01:31:52] INFO Val horizons | 15min_mae=2.463038 15min_rmse=4.815711 15min_mape=6.421201 | 30min_mae=2.747965 30min_rmse=5.652518 30min_mape=7.622574 | 60min_mae=3.120023 60min_rmse=6.575851 60min_mape=9.075204
[2026-09-02 01:32:54] INFO Epoch 011 | stage=posthoc_calibrator | train_total=0.303606 | train_forecast=0.303606 | train_confidence=0.000000 | train_risk=0.000000 | train_blend=0.000000 | val_total=0.305549 | val_mae=2.726184 | val_rmse=5.610464 | val_mape=7.502089 | val_confidence=0.000000 | val_risk=0.000000 | val_blend=0.000000 | batches=709/94 | seconds=62.25 | lr=[0.00025] | cuda_peak_mb=1424.1
[2026-09-02 01:32:54] INFO Val horizons | 15min_mae=2.462826 15min_rmse=4.817385 15min_mape=6.416471 | 30min_mae=2.747594 30min_rmse=5.655450 30min_mape=7.614225 | 60min_mae=3.118449 60min_rmse=6.578694 60min_mape=9.067739
[2026-09-02 01:33:57] INFO Epoch 012 | stage=posthoc_calibrator | train_total=0.303575 | train_forecast=0.303575 | train_confidence=0.000000 | train_risk=0.000000 | train_blend=0.000000 | val_total=0.305545 | val_mae=2.726150 | val_rmse=5.610788 | val_mape=7.499087 | val_confidence=0.000000 | val_risk=0.000000 | val_blend=0.000000 | batches=709/94 | seconds=62.31 | lr=[0.00025] | cuda_peak_mb=1423.7
[2026-09-02 01:33:57] INFO Val horizons | 15min_mae=2.462799 15min_rmse=4.817576 15min_mape=6.413942 | 30min_mae=2.747598 30min_rmse=5.655878 30min_mape=7.610332 | 60min_mae=3.118304 60min_rmse=6.578914 60min_mape=9.067209
[2026-09-02 01:34:59] INFO Epoch 013 | stage=posthoc_calibrator | train_total=0.303569 | train_forecast=0.303569 | train_confidence=0.000000 | train_risk=0.000000 | train_blend=0.000000 | val_total=0.305535 | val_mae=2.726034 | val_rmse=5.611213 | val_mape=7.498522 | val_confidence=0.000000 | val_risk=0.000000 | val_blend=0.000000 | batches=709/94 | seconds=62.42 | lr=[0.00025] | cuda_peak_mb=1423.7
[2026-09-02 01:34:59] INFO Val horizons | 15min_mae=2.462791 15min_rmse=4.817840 15min_mape=6.414489 | 30min_mae=2.747555 30min_rmse=5.656074 30min_mape=7.610950 | 60min_mae=3.117901 60min_rmse=6.579706 60min_mape=9.063505
[2026-09-02 01:36:01] INFO Epoch 014 | stage=posthoc_calibrator | train_total=0.303591 | train_forecast=0.303591 | train_confidence=0.000000 | train_risk=0.000000 | train_blend=0.000000 | val_total=0.305586 | val_mae=2.726640 | val_rmse=5.608648 | val_mape=7.509944 | val_confidence=0.000000 | val_risk=0.000000 | val_blend=0.000000 | batches=709/94 | seconds=62.31 | lr=[0.00025] | cuda_peak_mb=1423.4
[2026-09-02 01:36:01] INFO Val horizons | 15min_mae=2.462959 15min_rmse=4.816194 15min_mape=6.420242 | 30min_mae=2.747778 30min_rmse=5.653309 30min_mape=7.622312 | 60min_mae=3.120522 60min_rmse=6.575674 60min_mape=9.086114
[2026-09-02 01:37:04] INFO Epoch 015 | stage=posthoc_calibrator | train_total=0.303586 | train_forecast=0.303586 | train_confidence=0.000000 | train_risk=0.000000 | train_blend=0.000000 | val_total=0.305532 | val_mae=2.725994 | val_rmse=5.612745 | val_mape=7.492526 | val_confidence=0.000000 | val_risk=0.000000 | val_blend=0.000000 | batches=709/94 | seconds=62.23 | lr=[0.00025] | cuda_peak_mb=1424.0
[2026-09-02 01:37:04] INFO Val horizons | 15min_mae=2.462809 15min_rmse=4.819048 15min_mape=6.410882 | 30min_mae=2.747693 30min_rmse=5.657935 30min_mape=7.604630 | 60min_mae=3.117326 60min_rmse=6.581420 60min_mape=9.054712
[2026-09-02 01:38:06] INFO Epoch 016 | stage=posthoc_calibrator | train_total=0.303601 | train_forecast=0.303601 | train_confidence=0.000000 | train_risk=0.000000 | train_blend=0.000000 | val_total=0.305527 | val_mae=2.725930 | val_rmse=5.611841 | val_mape=7.497491 | val_confidence=0.000000 | val_risk=0.000000 | val_blend=0.000000 | batches=709/94 | seconds=62.20 | lr=[0.00025] | cuda_peak_mb=1424.4
[2026-09-02 01:38:06] INFO Val horizons | 15min_mae=2.462745 15min_rmse=4.818200 15min_mape=6.414374 | 30min_mae=2.747515 30min_rmse=5.656950 30min_mape=7.609592 | 60min_mae=3.117622 60min_rmse=6.580318 60min_mape=9.062014
[2026-09-02 01:39:08] INFO Epoch 017 | stage=posthoc_calibrator | train_total=0.303580 | train_forecast=0.303580 | train_confidence=0.000000 | train_risk=0.000000 | train_blend=0.000000 | val_total=0.305558 | val_mae=2.726267 | val_rmse=5.610170 | val_mape=7.508417 | val_confidence=0.000000 | val_risk=0.000000 | val_blend=0.000000 | batches=709/94 | seconds=62.27 | lr=[0.00025] | cuda_peak_mb=1424.4
[2026-09-02 01:39:08] INFO Val horizons | 15min_mae=2.462970 15min_rmse=4.816805 15min_mape=6.421064 | 30min_mae=2.747529 30min_rmse=5.654841 30min_mape=7.620764 | 60min_mae=3.119014 60min_rmse=6.578473 60min_mape=9.077827
[2026-09-02 01:40:10] INFO Epoch 018 | stage=posthoc_calibrator | train_total=0.303588 | train_forecast=0.303588 | train_confidence=0.000000 | train_risk=0.000000 | train_blend=0.000000 | val_total=0.305547 | val_mae=2.726159 | val_rmse=5.613063 | val_mape=7.488708 | val_confidence=0.000000 | val_risk=0.000000 | val_blend=0.000000 | batches=709/94 | seconds=62.13 | lr=[0.00025] | cuda_peak_mb=1424.7
[2026-09-02 01:40:10] INFO Val horizons | 15min_mae=2.462887 15min_rmse=4.818750 15min_mape=6.408812 | 30min_mae=2.747626 30min_rmse=5.658209 30min_mape=7.599841 | 60min_mae=3.117861 60min_rmse=6.581912 60min_mape=9.049321
[2026-09-02 01:41:12] INFO Epoch 019 | stage=posthoc_calibrator | train_total=0.303602 | train_forecast=0.303602 | train_confidence=0.000000 | train_risk=0.000000 | train_blend=0.000000 | val_total=0.305568 | val_mae=2.726428 | val_rmse=5.608738 | val_mape=7.513895 | val_confidence=0.000000 | val_risk=0.000000 | val_blend=0.000000 | batches=709/94 | seconds=62.14 | lr=[0.00025] | cuda_peak_mb=1424.0
[2026-09-02 01:41:12] INFO Val horizons | 15min_mae=2.462983 15min_rmse=4.815980 15min_mape=6.423931 | 30min_mae=2.747760 30min_rmse=5.653222 30min_mape=7.627050 | 60min_mae=3.119153 60min_rmse=6.577211 60min_mape=9.084111
[2026-09-02 01:42:15] INFO Epoch 020 | stage=posthoc_calibrator | train_total=0.303586 | train_forecast=0.303586 | train_confidence=0.000000 | train_risk=0.000000 | train_blend=0.000000 | val_total=0.305562 | val_mae=2.726331 | val_rmse=5.615292 | val_mape=7.481546 | val_confidence=0.000000 | val_risk=0.000000 | val_blend=0.000000 | batches=709/94 | seconds=62.20 | lr=[0.00025] | cuda_peak_mb=1423.1
[2026-09-02 01:42:15] INFO Val horizons | 15min_mae=2.463105 15min_rmse=4.820800 15min_mape=6.403996 | 30min_mae=2.748014 30min_rmse=5.660963 30min_mape=7.591491 | 60min_mae=3.117310 60min_rmse=6.584017 60min_mape=9.040568
[2026-09-02 01:43:17] INFO Epoch 021 | stage=posthoc_calibrator | train_total=0.303591 | train_forecast=0.303591 | train_confidence=0.000000 | train_risk=0.000000 | train_blend=0.000000 | val_total=0.305544 | val_mae=2.726170 | val_rmse=5.609646 | val_mape=7.506875 | val_confidence=0.000000 | val_risk=0.000000 | val_blend=0.000000 | batches=709/94 | seconds=62.22 | lr=[0.000125] | cuda_peak_mb=1425.5
[2026-09-02 01:43:17] INFO Val horizons | 15min_mae=2.462808 15min_rmse=4.816638 15min_mape=6.419475 | 30min_mae=2.747611 30min_rmse=5.654403 30min_mape=7.619277 | 60min_mae=3.118517 60min_rmse=6.578088 60min_mape=9.075810
[2026-09-02 01:44:19] INFO Epoch 022 | stage=posthoc_calibrator | train_total=0.303560 | train_forecast=0.303560 | train_confidence=0.000000 | train_risk=0.000000 | train_blend=0.000000 | val_total=0.305526 | val_mae=2.725962 | val_rmse=5.610923 | val_mape=7.501228 | val_confidence=0.000000 | val_risk=0.000000 | val_blend=0.000000 | batches=709/94 | seconds=62.29 | lr=[0.000125] | cuda_peak_mb=1423.5
[2026-09-02 01:44:19] INFO Val horizons | 15min_mae=2.462701 15min_rmse=4.817804 15min_mape=6.415314 | 30min_mae=2.747529 30min_rmse=5.655991 30min_mape=7.612809 | 60min_mae=3.117837 60min_rmse=6.579238 60min_mape=9.069456
[2026-09-02 01:45:21] INFO Epoch 023 | stage=posthoc_calibrator | train_total=0.303563 | train_forecast=0.303563 | train_confidence=0.000000 | train_risk=0.000000 | train_blend=0.000000 | val_total=0.305540 | val_mae=2.726136 | val_rmse=5.609547 | val_mape=7.507770 | val_confidence=0.000000 | val_risk=0.000000 | val_blend=0.000000 | batches=709/94 | seconds=62.22 | lr=[0.000125] | cuda_peak_mb=1424.1
[2026-09-02 01:45:21] INFO Val horizons | 15min_mae=2.462768 15min_rmse=4.816708 15min_mape=6.419290 | 30min_mae=2.747605 30min_rmse=5.654309 30min_mape=7.620058 | 60min_mae=3.118469 60min_rmse=6.577864 60min_mape=9.078491
[2026-09-02 01:46:23] INFO Epoch 024 | stage=posthoc_calibrator | train_total=0.303586 | train_forecast=0.303586 | train_confidence=0.000000 | train_risk=0.000000 | train_blend=0.000000 | val_total=0.305520 | val_mae=2.725913 | val_rmse=5.610630 | val_mape=7.503417 | val_confidence=0.000000 | val_risk=0.000000 | val_blend=0.000000 | batches=709/94 | seconds=62.13 | lr=[0.000125] | cuda_peak_mb=1423.3
[2026-09-02 01:46:23] INFO Val horizons | 15min_mae=2.462670 15min_rmse=4.817777 15min_mape=6.416594 | 30min_mae=2.747617 30min_rmse=5.655619 30min_mape=7.615628 | 60min_mae=3.117574 60min_rmse=6.579043 60min_mape=9.072506
[2026-09-02 01:47:26] INFO Epoch 025 | stage=posthoc_calibrator | train_total=0.303582 | train_forecast=0.303582 | train_confidence=0.000000 | train_risk=0.000000 | train_blend=0.000000 | val_total=0.305522 | val_mae=2.725908 | val_rmse=5.611861 | val_mape=7.497091 | val_confidence=0.000000 | val_risk=0.000000 | val_blend=0.000000 | batches=709/94 | seconds=62.19 | lr=[0.000125] | cuda_peak_mb=1423.7
[2026-09-02 01:47:26] INFO Val horizons | 15min_mae=2.462718 15min_rmse=4.818547 15min_mape=6.412562 | 30min_mae=2.747581 30min_rmse=5.656987 30min_mape=7.608600 | 60min_mae=3.117369 60min_rmse=6.580415 60min_mape=9.063567
[2026-09-02 01:48:28] INFO Epoch 026 | stage=posthoc_calibrator | train_total=0.303572 | train_forecast=0.303572 | train_confidence=0.000000 | train_risk=0.000000 | train_blend=0.000000 | val_total=0.305540 | val_mae=2.726140 | val_rmse=5.609594 | val_mape=7.507464 | val_confidence=0.000000 | val_risk=0.000000 | val_blend=0.000000 | batches=709/94 | seconds=62.11 | lr=[0.000125] | cuda_peak_mb=1424.4
[2026-09-02 01:48:28] INFO Val horizons | 15min_mae=2.462787 15min_rmse=4.816648 15min_mape=6.419665 | 30min_mae=2.747642 30min_rmse=5.654230 30min_mape=7.620558 | 60min_mae=3.118393 60min_rmse=6.578157 60min_mape=9.076013
[2026-09-02 01:49:30] INFO Epoch 027 | stage=posthoc_calibrator | train_total=0.303572 | train_forecast=0.303572 | train_confidence=0.000000 | train_risk=0.000000 | train_blend=0.000000 | val_total=0.305556 | val_mae=2.726317 | val_rmse=5.609488 | val_mape=7.504948 | val_confidence=0.000000 | val_risk=0.000000 | val_blend=0.000000 | batches=709/94 | seconds=62.15 | lr=[0.000125] | cuda_peak_mb=1423.5
[2026-09-02 01:49:30] INFO Val horizons | 15min_mae=2.462843 15min_rmse=4.816474 15min_mape=6.417594 | 30min_mae=2.747665 30min_rmse=5.654192 30min_mape=7.617095 | 60min_mae=3.118883 60min_rmse=6.577983 60min_mape=9.073324
[2026-09-02 01:50:32] INFO Epoch 028 | stage=posthoc_calibrator | train_total=0.303583 | train_forecast=0.303583 | train_confidence=0.000000 | train_risk=0.000000 | train_blend=0.000000 | val_total=0.305536 | val_mae=2.726063 | val_rmse=5.610858 | val_mape=7.501152 | val_confidence=0.000000 | val_risk=0.000000 | val_blend=0.000000 | batches=709/94 | seconds=62.10 | lr=[0.000125] | cuda_peak_mb=1423.3
[2026-09-02 01:50:32] INFO Val horizons | 15min_mae=2.462756 15min_rmse=4.817498 15min_mape=6.415566 | 30min_mae=2.747525 30min_rmse=5.655749 30min_mape=7.613193 | 60min_mae=3.118226 60min_rmse=6.579311 60min_mape=9.068273
[2026-09-02 01:51:34] INFO Epoch 029 | stage=posthoc_calibrator | train_total=0.303566 | train_forecast=0.303566 | train_confidence=0.000000 | train_risk=0.000000 | train_blend=0.000000 | val_total=0.305533 | val_mae=2.726027 | val_rmse=5.611673 | val_mape=7.496339 | val_confidence=0.000000 | val_risk=0.000000 | val_blend=0.000000 | batches=709/94 | seconds=62.15 | lr=[0.000125] | cuda_peak_mb=1423.7
[2026-09-02 01:51:34] INFO Val horizons | 15min_mae=2.462761 15min_rmse=4.818010 15min_mape=6.412617 | 30min_mae=2.747520 30min_rmse=5.656732 30min_mape=7.607688 | 60min_mae=3.117899 60min_rmse=6.580373 60min_mape=9.061277
[2026-09-02 01:52:36] INFO Epoch 030 | stage=posthoc_calibrator | train_total=0.303554 | train_forecast=0.303554 | train_confidence=0.000000 | train_risk=0.000000 | train_blend=0.000000 | val_total=0.305525 | val_mae=2.725930 | val_rmse=5.612432 | val_mape=7.494212 | val_confidence=0.000000 | val_risk=0.000000 | val_blend=0.000000 | batches=709/94 | seconds=62.13 | lr=[0.000125] | cuda_peak_mb=1424.1
[2026-09-02 01:52:36] INFO Val horizons | 15min_mae=2.462745 15min_rmse=4.818704 15min_mape=6.411742 | 30min_mae=2.747558 30min_rmse=5.657577 30min_mape=7.605903 | 60min_mae=3.117456 60min_rmse=6.581092 60min_mape=9.057957
[2026-09-02 01:53:38] INFO Epoch 031 | stage=posthoc_calibrator | train_total=0.303566 | train_forecast=0.303566 | train_confidence=0.000000 | train_risk=0.000000 | train_blend=0.000000 | val_total=0.305530 | val_mae=2.725999 | val_rmse=5.611071 | val_mape=7.500132 | val_confidence=0.000000 | val_risk=0.000000 | val_blend=0.000000 | batches=709/94 | seconds=62.11 | lr=[6.25e-05] | cuda_peak_mb=1423.7
[2026-09-02 01:53:38] INFO Val horizons | 15min_mae=2.462728 15min_rmse=4.817705 15min_mape=6.414958 | 30min_mae=2.747528 30min_rmse=5.656051 30min_mape=7.612015 | 60min_mae=3.117954 60min_rmse=6.579627 60min_mape=9.066671
[2026-09-02 01:54:41] INFO Epoch 032 | stage=posthoc_calibrator | train_total=0.303570 | train_forecast=0.303570 | train_confidence=0.000000 | train_risk=0.000000 | train_blend=0.000000 | val_total=0.305534 | val_mae=2.726060 | val_rmse=5.610297 | val_mape=7.504198 | val_confidence=0.000000 | val_risk=0.000000 | val_blend=0.000000 | batches=709/94 | seconds=62.18 | lr=[6.25e-05] | cuda_peak_mb=1423.4
[2026-09-02 01:54:41] INFO Val horizons | 15min_mae=2.462734 15min_rmse=4.817225 15min_mape=6.416932 | 30min_mae=2.747548 30min_rmse=5.655222 30min_mape=7.615946 | 60min_mae=3.118198 60min_rmse=6.578818 60min_mape=9.072812
[2026-09-02 01:55:43] INFO Epoch 033 | stage=posthoc_calibrator | train_total=0.303560 | train_forecast=0.303560 | train_confidence=0.000000 | train_risk=0.000000 | train_blend=0.000000 | val_total=0.305534 | val_mae=2.726058 | val_rmse=5.610194 | val_mape=7.504799 | val_confidence=0.000000 | val_risk=0.000000 | val_blend=0.000000 | batches=709/94 | seconds=62.17 | lr=[6.25e-05] | cuda_peak_mb=1424.0
[2026-09-02 01:55:43] INFO Val horizons | 15min_mae=2.462738 15min_rmse=4.817102 15min_mape=6.417578 | 30min_mae=2.747568 30min_rmse=5.655029 30min_mape=7.616996 | 60min_mae=3.118207 60min_rmse=6.578709 60min_mape=9.073714
[2026-09-02 01:56:45] INFO Epoch 034 | stage=posthoc_calibrator | train_total=0.303554 | train_forecast=0.303554 | train_confidence=0.000000 | train_risk=0.000000 | train_blend=0.000000 | val_total=0.305532 | val_mae=2.726029 | val_rmse=5.610729 | val_mape=7.502256 | val_confidence=0.000000 | val_risk=0.000000 | val_blend=0.000000 | batches=709/94 | seconds=62.13 | lr=[6.25e-05] | cuda_peak_mb=1424.0
[2026-09-02 01:56:45] INFO Val horizons | 15min_mae=2.462745 15min_rmse=4.817381 15min_mape=6.416185 | 30min_mae=2.747522 30min_rmse=5.655618 30min_mape=7.614244 | 60min_mae=3.118110 60min_rmse=6.579332 60min_mape=9.069832
[2026-09-02 01:57:47] INFO Epoch 035 | stage=posthoc_calibrator | train_total=0.303589 | train_forecast=0.303589 | train_confidence=0.000000 | train_risk=0.000000 | train_blend=0.000000 | val_total=0.305533 | val_mae=2.726032 | val_rmse=5.611094 | val_mape=7.499508 | val_confidence=0.000000 | val_risk=0.000000 | val_blend=0.000000 | batches=709/94 | seconds=62.15 | lr=[6.25e-05] | cuda_peak_mb=1423.1
[2026-09-02 01:57:47] INFO Val horizons | 15min_mae=2.462751 15min_rmse=4.817598 15min_mape=6.414552 | 30min_mae=2.747525 30min_rmse=5.656021 30min_mape=7.611336 | 60min_mae=3.118048 60min_rmse=6.579722 60min_mape=9.066020
[2026-09-02 01:58:49] INFO Epoch 036 | stage=posthoc_calibrator | train_total=0.303570 | train_forecast=0.303570 | train_confidence=0.000000 | train_risk=0.000000 | train_blend=0.000000 | val_total=0.305530 | val_mae=2.726004 | val_rmse=5.611377 | val_mape=7.498111 | val_confidence=0.000000 | val_risk=0.000000 | val_blend=0.000000 | batches=709/94 | seconds=62.18 | lr=[6.25e-05] | cuda_peak_mb=1425.5
[2026-09-02 01:58:49] INFO Val horizons | 15min_mae=2.462738 15min_rmse=4.817876 15min_mape=6.413555 | 30min_mae=2.747534 30min_rmse=5.656384 30min_mape=7.609735 | 60min_mae=3.117908 60min_rmse=6.579968 60min_mape=9.064436
[2026-09-02 01:59:51] INFO Epoch 037 | stage=posthoc_calibrator | train_total=0.303575 | train_forecast=0.303575 | train_confidence=0.000000 | train_risk=0.000000 | train_blend=0.000000 | val_total=0.305532 | val_mae=2.726033 | val_rmse=5.611014 | val_mape=7.499890 | val_confidence=0.000000 | val_risk=0.000000 | val_blend=0.000000 | batches=709/94 | seconds=62.12 | lr=[6.25e-05] | cuda_peak_mb=1424.9
[2026-09-02 01:59:51] INFO Val horizons | 15min_mae=2.462728 15min_rmse=4.817811 15min_mape=6.414053 | 30min_mae=2.747535 30min_rmse=5.656165 30min_mape=7.610837 | 60min_mae=3.118100 60min_rmse=6.579371 60min_mape=9.067961
[2026-09-02 02:00:53] INFO Epoch 038 | stage=posthoc_calibrator | train_total=0.303552 | train_forecast=0.303552 | train_confidence=0.000000 | train_risk=0.000000 | train_blend=0.000000 | val_total=0.305527 | val_mae=2.725991 | val_rmse=5.610971 | val_mape=7.500292 | val_confidence=0.000000 | val_risk=0.000000 | val_blend=0.000000 | batches=709/94 | seconds=62.16 | lr=[6.25e-05] | cuda_peak_mb=1424.7
[2026-09-02 02:00:53] INFO Val horizons | 15min_mae=2.462708 15min_rmse=4.817810 15min_mape=6.414375 | 30min_mae=2.747557 30min_rmse=5.656018 30min_mape=7.611709 | 60min_mae=3.117875 60min_rmse=6.579441 60min_mape=9.068286
[2026-09-02 02:01:56] INFO Epoch 039 | stage=posthoc_calibrator | train_total=0.303539 | train_forecast=0.303539 | train_confidence=0.000000 | train_risk=0.000000 | train_blend=0.000000 | val_total=0.305532 | val_mae=2.726048 | val_rmse=5.610166 | val_mape=7.504496 | val_confidence=0.000000 | val_risk=0.000000 | val_blend=0.000000 | batches=709/94 | seconds=62.15 | lr=[6.25e-05] | cuda_peak_mb=1423.7
[2026-09-02 02:01:56] INFO Val horizons | 15min_mae=2.462718 15min_rmse=4.817171 15min_mape=6.417030 | 30min_mae=2.747583 30min_rmse=5.655033 30min_mape=7.616503 | 60min_mae=3.118134 60min_rmse=6.578701 60min_mape=9.073531
[2026-09-02 02:02:58] INFO Epoch 040 | stage=posthoc_calibrator | train_total=0.303573 | train_forecast=0.303573 | train_confidence=0.000000 | train_risk=0.000000 | train_blend=0.000000 | val_total=0.305532 | val_mae=2.726046 | val_rmse=5.610076 | val_mape=7.505575 | val_confidence=0.000000 | val_risk=0.000000 | val_blend=0.000000 | batches=709/94 | seconds=62.20 | lr=[6.25e-05] | cuda_peak_mb=1425.1
[2026-09-02 02:02:58] INFO Val horizons | 15min_mae=2.462728 15min_rmse=4.817090 15min_mape=6.417826 | 30min_mae=2.747571 30min_rmse=5.654983 30min_mape=7.617426 | 60min_mae=3.118211 60min_rmse=6.578515 60min_mape=9.075355
[2026-09-02 02:04:00] INFO Epoch 041 | stage=posthoc_calibrator | train_total=0.303560 | train_forecast=0.303560 | train_confidence=0.000000 | train_risk=0.000000 | train_blend=0.000000 | val_total=0.305536 | val_mae=2.726093 | val_rmse=5.609999 | val_mape=7.505587 | val_confidence=0.000000 | val_risk=0.000000 | val_blend=0.000000 | batches=709/94 | seconds=62.16 | lr=[3.125e-05] | cuda_peak_mb=1423.5
[2026-09-02 02:04:00] INFO Val horizons | 15min_mae=2.462756 15min_rmse=4.816941 15min_mape=6.417936 | 30min_mae=2.747584 30min_rmse=5.654777 30min_mape=7.617846 | 60min_mae=3.118293 60min_rmse=6.578596 60min_mape=9.074405
[2026-09-02 02:05:02] INFO Epoch 042 | stage=posthoc_calibrator | train_total=0.303545 | train_forecast=0.303545 | train_confidence=0.000000 | train_risk=0.000000 | train_blend=0.000000 | val_total=0.305526 | val_mae=2.725956 | val_rmse=5.611597 | val_mape=7.497645 | val_confidence=0.000000 | val_risk=0.000000 | val_blend=0.000000 | batches=709/94 | seconds=62.23 | lr=[3.125e-05] | cuda_peak_mb=1425.1
[2026-09-02 02:05:02] INFO Val horizons | 15min_mae=2.462727 15min_rmse=4.818120 15min_mape=6.413143 | 30min_mae=2.747524 30min_rmse=5.656656 30min_mape=7.609137 | 60min_mae=3.117709 60min_rmse=6.580229 60min_mape=9.063639
[2026-09-02 02:06:04] INFO Epoch 043 | stage=posthoc_calibrator | train_total=0.303556 | train_forecast=0.303556 | train_confidence=0.000000 | train_risk=0.000000 | train_blend=0.000000 | val_total=0.305529 | val_mae=2.725999 | val_rmse=5.611074 | val_mape=7.499634 | val_confidence=0.000000 | val_risk=0.000000 | val_blend=0.000000 | batches=709/94 | seconds=62.15 | lr=[3.125e-05] | cuda_peak_mb=1424.0
[2026-09-02 02:06:04] INFO Val horizons | 15min_mae=2.462723 15min_rmse=4.817783 15min_mape=6.414166 | 30min_mae=2.747545 30min_rmse=5.656079 30min_mape=7.611201 | 60min_mae=3.117891 60min_rmse=6.579648 60min_mape=9.066729
[2026-09-02 02:07:07] INFO Epoch 044 | stage=posthoc_calibrator | train_total=0.303572 | train_forecast=0.303572 | train_confidence=0.000000 | train_risk=0.000000 | train_blend=0.000000 | val_total=0.305534 | val_mae=2.726059 | val_rmse=5.610574 | val_mape=7.501875 | val_confidence=0.000000 | val_risk=0.000000 | val_blend=0.000000 | batches=709/94 | seconds=62.18 | lr=[3.125e-05] | cuda_peak_mb=1423.7
[2026-09-02 02:07:07] INFO Val horizons | 15min_mae=2.462741 15min_rmse=4.817340 15min_mape=6.415646 | 30min_mae=2.747556 30min_rmse=5.655476 30min_mape=7.613710 | 60min_mae=3.118152 60min_rmse=6.579145 60min_mape=9.069633
[2026-09-02 02:08:09] INFO Epoch 045 | stage=posthoc_calibrator | train_total=0.303577 | train_forecast=0.303577 | train_confidence=0.000000 | train_risk=0.000000 | train_blend=0.000000 | val_total=0.305531 | val_mae=2.726034 | val_rmse=5.610675 | val_mape=7.501647 | val_confidence=0.000000 | val_risk=0.000000 | val_blend=0.000000 | batches=709/94 | seconds=62.20 | lr=[3.125e-05] | cuda_peak_mb=1424.1
[2026-09-02 02:08:09] INFO Val horizons | 15min_mae=2.462724 15min_rmse=4.817503 15min_mape=6.415306 | 30min_mae=2.747552 30min_rmse=5.655654 30min_mape=7.613226 | 60min_mae=3.118143 60min_rmse=6.579029 60min_mape=9.070650
[2026-09-02 02:09:11] INFO Epoch 046 | stage=posthoc_calibrator | train_total=0.303570 | train_forecast=0.303570 | train_confidence=0.000000 | train_risk=0.000000 | train_blend=0.000000 | val_total=0.305546 | val_mae=2.726208 | val_rmse=5.609555 | val_mape=7.507371 | val_confidence=0.000000 | val_risk=0.000000 | val_blend=0.000000 | batches=709/94 | seconds=62.17 | lr=[3.125e-05] | cuda_peak_mb=1423.0
[2026-09-02 02:09:11] INFO Val horizons | 15min_mae=2.462814 15min_rmse=4.816535 15min_mape=6.419179 | 30min_mae=2.747637 30min_rmse=5.654228 30min_mape=7.619861 | 60min_mae=3.118645 60min_rmse=6.578119 60min_mape=9.076843
[2026-09-02 02:10:13] INFO Epoch 047 | stage=posthoc_calibrator | train_total=0.303565 | train_forecast=0.303565 | train_confidence=0.000000 | train_risk=0.000000 | train_blend=0.000000 | val_total=0.305536 | val_mae=2.726099 | val_rmse=5.609969 | val_mape=7.505173 | val_confidence=0.000000 | val_risk=0.000000 | val_blend=0.000000 | batches=709/94 | seconds=62.14 | lr=[3.125e-05] | cuda_peak_mb=1423.7
[2026-09-02 02:10:13] INFO Val horizons | 15min_mae=2.462744 15min_rmse=4.816967 15min_mape=6.417518 | 30min_mae=2.747595 30min_rmse=5.654790 30min_mape=7.617260 | 60min_mae=3.118304 60min_rmse=6.578498 60min_mape=9.074306
[2026-09-02 02:11:15] INFO Epoch 048 | stage=posthoc_calibrator | train_total=0.303539 | train_forecast=0.303539 | train_confidence=0.000000 | train_risk=0.000000 | train_blend=0.000000 | val_total=0.305532 | val_mae=2.726055 | val_rmse=5.610162 | val_mape=7.504266 | val_confidence=0.000000 | val_risk=0.000000 | val_blend=0.000000 | batches=709/94 | seconds=62.04 | lr=[3.125e-05] | cuda_peak_mb=1423.7
[2026-09-02 02:11:15] INFO Val horizons | 15min_mae=2.462720 15min_rmse=4.817175 15min_mape=6.416837 | 30min_mae=2.747588 30min_rmse=5.655043 30min_mape=7.616195 | 60min_mae=3.118144 60min_rmse=6.578690 60min_mape=9.073267
[2026-09-02 02:12:17] INFO Epoch 049 | stage=posthoc_calibrator | train_total=0.303561 | train_forecast=0.303561 | train_confidence=0.000000 | train_risk=0.000000 | train_blend=0.000000 | val_total=0.305533 | val_mae=2.726056 | val_rmse=5.610618 | val_mape=7.501681 | val_confidence=0.000000 | val_risk=0.000000 | val_blend=0.000000 | batches=709/94 | seconds=62.19 | lr=[3.125e-05] | cuda_peak_mb=1423.4
[2026-09-02 02:12:17] INFO Val horizons | 15min_mae=2.462742 15min_rmse=4.817356 15min_mape=6.415501 | 30min_mae=2.747555 30min_rmse=5.655516 30min_mape=7.613503 | 60min_mae=3.118137 60min_rmse=6.579223 60min_mape=9.069347
[2026-09-02 02:13:19] INFO Epoch 050 | stage=posthoc_calibrator | train_total=0.303559 | train_forecast=0.303559 | train_confidence=0.000000 | train_risk=0.000000 | train_blend=0.000000 | val_total=0.305535 | val_mae=2.726085 | val_rmse=5.610061 | val_mape=7.504896 | val_confidence=0.000000 | val_risk=0.000000 | val_blend=0.000000 | batches=709/94 | seconds=62.25 | lr=[3.125e-05] | cuda_peak_mb=1424.0
[2026-09-02 02:13:19] INFO Val horizons | 15min_mae=2.462742 15min_rmse=4.817022 15min_mape=6.417353 | 30min_mae=2.747585 30min_rmse=5.654879 30min_mape=7.616977 | 60min_mae=3.118271 60min_rmse=6.578608 60min_mape=9.073967
[2026-09-02 02:13:19] INFO Downstream training finished | best_val_mae=2.725868 | checkpoint=C:\Users\clw\projects\researchRep\STAnchor-BlockMemory\artifacts\convergence\formal_20260901_final_router_staeformer_seed42\downstream_best.pt
