[2026-09-15 22:16:38] INFO Downstream start | run=paper_final_joint_context_offset_only_seed42/main_table/metrla/ours/st_ssdl | device=cuda:0 (requested=cuda:0) | seed=42 | output=C:\Users\clw\projects\researchRep\STAnchor-BlockMemory\artifacts\paper_final_joint_context_offset_only_seed42\main_table\metrla\ours\st_ssdl
[2026-09-15 22:16:38] INFO Mode | downstream_mode=learned_topk_error_aware | training_protocol=posthoc_frozen_base | candidate_protocol=weekday_radius1_overlap | candidate_ranking=learned_key | candidate_payload=offset_only
[2026-09-15 22:16:38] INFO Downstream initialization | seed=42 | state_hash=a0042bf6d0164187
[2026-09-15 22:16:38] INFO Frozen base | checkpoint=C:\Users\clw\projects\researchRep\STAnchor-BlockMemory\artifacts\convergence\formal_20260910_baseonly_st_ssdl_seed42\downstream_best.pt | fingerprint=290961abfa3a4d81
[2026-09-15 22:16:38] INFO Data | steps=34272 | nodes=207 | channels=1 | training_scope=full_train | memory/post_memory/train_selected/val/test=15876/6805/22681/2993/6025
[2026-09-15 22:16:38] INFO Frozen path cache | enabled=True | storage=disk_mmap | train_samples=22681 | val_samples=2993 | allocated_mib=2818.0
[2026-09-15 22:16:38] INFO Bank/retrieval | dataset=metrla_final_joint_context_offset_only | events=15876 | nodes=207 | retrieval_dim=64 | event_top_r=32 | node_top_k=12 | key_dtype=float16
[2026-09-15 22:16:38] INFO Frozen path cache | enabled=yes | candidate_ranking=learned_key | fill=first_epoch
[2026-09-15 22:16:38] INFO Parameters | downstream_total=1,532,092 | downstream_trainable=885,085 | backbone=0 | confidence_head=0 | fusion=0 | frozen_pretrained=958,704
[2026-09-15 22:16:38] INFO Optimization | epochs=50 | batch_size=32 | optimizer=adam | lr=0.0005 | weight_decay=0.0001 | scheduler=step_lr | step_size=10 | gamma=0.500 | confidence_weight=0.000 | patience=20 | early_stopping=disabled
[2026-09-15 22:16:39] INFO Stage start | stage=posthoc_calibrator | epochs=50 | optimizer_lrs=[0.0005]
[2026-09-15 22:22:48] INFO Epoch 001 | stage=posthoc_calibrator | train_total=2.774465 | train_forecast=2.774465 | train_confidence=0.000000 | train_risk=0.000000 | train_blend=0.000000 | val_total=2.732091 | val_mae=2.729718 | val_rmse=5.720778 | val_mape=7.486548 | val_confidence=0.000000 | val_risk=0.000000 | val_blend=0.000000 | batches=709/94 | seconds=369.16 | lr=[0.0005] | cuda_peak_mb=3506.5
[2026-09-15 22:22:48] INFO Val horizons | 15min_mae=2.422003 15min_rmse=4.814146 15min_mape=6.282502 | 30min_mae=2.754992 30min_rmse=5.773471 30min_mape=7.605595 | 60min_mae=3.174862 60min_rmse=6.794551 60min_mape=9.170973
[2026-09-15 22:22:48] INFO Checkpoint updated | epoch=1 | stage=posthoc_calibrator | best_val_mae=2.729718 | path=C:\Users\clw\projects\researchRep\STAnchor-BlockMemory\artifacts\paper_final_joint_context_offset_only_seed42\main_table\metrla\ours\st_ssdl\downstream_best.pt
[2026-09-15 22:24:54] INFO Epoch 002 | stage=posthoc_calibrator | train_total=2.749102 | train_forecast=2.749102 | train_confidence=0.000000 | train_risk=0.000000 | train_blend=0.000000 | val_total=2.729337 | val_mae=2.727000 | val_rmse=5.706675 | val_mape=7.453038 | val_confidence=0.000000 | val_risk=0.000000 | val_blend=0.000000 | batches=709/94 | seconds=126.05 | lr=[0.0005] | cuda_peak_mb=1473.1
[2026-09-15 22:24:54] INFO Val horizons | 15min_mae=2.418590 15min_rmse=4.807626 15min_mape=6.272712 | 30min_mae=2.748614 30min_rmse=5.759537 30min_mape=7.579788 | 60min_mae=3.176608 60min_rmse=6.769101 60min_mape=9.100620
[2026-09-15 22:24:54] INFO Checkpoint updated | epoch=2 | stage=posthoc_calibrator | best_val_mae=2.727000 | path=C:\Users\clw\projects\researchRep\STAnchor-BlockMemory\artifacts\paper_final_joint_context_offset_only_seed42\main_table\metrla\ours\st_ssdl\downstream_best.pt
[2026-09-15 22:27:00] INFO Epoch 003 | stage=posthoc_calibrator | train_total=2.744910 | train_forecast=2.744910 | train_confidence=0.000000 | train_risk=0.000000 | train_blend=0.000000 | val_total=2.721420 | val_mae=2.718898 | val_rmse=5.706604 | val_mape=7.475520 | val_confidence=0.000000 | val_risk=0.000000 | val_blend=0.000000 | batches=709/94 | seconds=126.12 | lr=[0.0005] | cuda_peak_mb=1471.2
[2026-09-15 22:27:00] INFO Val horizons | 15min_mae=2.419000 15min_rmse=4.806363 15min_mape=6.276715 | 30min_mae=2.744576 30min_rmse=5.754783 30min_mape=7.584427 | 60min_mae=3.154703 60min_rmse=6.776977 60min_mape=9.174125
[2026-09-15 22:27:00] INFO Checkpoint updated | epoch=3 | stage=posthoc_calibrator | best_val_mae=2.718898 | path=C:\Users\clw\projects\researchRep\STAnchor-BlockMemory\artifacts\paper_final_joint_context_offset_only_seed42\main_table\metrla\ours\st_ssdl\downstream_best.pt
[2026-09-15 22:29:07] INFO Epoch 004 | stage=posthoc_calibrator | train_total=2.743383 | train_forecast=2.743383 | train_confidence=0.000000 | train_risk=0.000000 | train_blend=0.000000 | val_total=2.726394 | val_mae=2.723939 | val_rmse=5.706921 | val_mape=7.450971 | val_confidence=0.000000 | val_risk=0.000000 | val_blend=0.000000 | batches=709/94 | seconds=126.51 | lr=[0.0005] | cuda_peak_mb=1472.1
[2026-09-15 22:29:07] INFO Val horizons | 15min_mae=2.418385 15min_rmse=4.804025 15min_mape=6.261943 | 30min_mae=2.747768 30min_rmse=5.759894 30min_mape=7.570113 | 60min_mae=3.167622 60min_rmse=6.772468 60min_mape=9.112325
[2026-09-15 22:31:13] INFO Epoch 005 | stage=posthoc_calibrator | train_total=2.742468 | train_forecast=2.742468 | train_confidence=0.000000 | train_risk=0.000000 | train_blend=0.000000 | val_total=2.724087 | val_mae=2.721623 | val_rmse=5.703203 | val_mape=7.451001 | val_confidence=0.000000 | val_risk=0.000000 | val_blend=0.000000 | batches=709/94 | seconds=125.98 | lr=[0.0005] | cuda_peak_mb=1472.2
[2026-09-15 22:31:13] INFO Val horizons | 15min_mae=2.417096 15min_rmse=4.806653 15min_mape=6.263905 | 30min_mae=2.744766 30min_rmse=5.750789 30min_mape=7.565674 | 60min_mae=3.166125 60min_rmse=6.772269 60min_mape=9.110504
[2026-09-15 22:33:19] INFO Epoch 006 | stage=posthoc_calibrator | train_total=2.740673 | train_forecast=2.740673 | train_confidence=0.000000 | train_risk=0.000000 | train_blend=0.000000 | val_total=2.726330 | val_mae=2.723845 | val_rmse=5.717905 | val_mape=7.474822 | val_confidence=0.000000 | val_risk=0.000000 | val_blend=0.000000 | batches=709/94 | seconds=126.09 | lr=[0.0005] | cuda_peak_mb=1472.5
[2026-09-15 22:33:19] INFO Val horizons | 15min_mae=2.418801 15min_rmse=4.811604 15min_mape=6.277651 | 30min_mae=2.748172 30min_rmse=5.765066 30min_mape=7.591374 | 60min_mae=3.168927 60min_rmse=6.795738 60min_mape=9.146605
[2026-09-15 22:35:25] INFO Epoch 007 | stage=posthoc_calibrator | train_total=2.739916 | train_forecast=2.739916 | train_confidence=0.000000 | train_risk=0.000000 | train_blend=0.000000 | val_total=2.727054 | val_mae=2.724703 | val_rmse=5.698975 | val_mape=7.418243 | val_confidence=0.000000 | val_risk=0.000000 | val_blend=0.000000 | batches=709/94 | seconds=125.93 | lr=[0.0005] | cuda_peak_mb=1471.8
[2026-09-15 22:35:25] INFO Val horizons | 15min_mae=2.419227 15min_rmse=4.798012 15min_mape=6.246571 | 30min_mae=2.748659 30min_rmse=5.744468 30min_mape=7.531165 | 60min_mae=3.169740 60min_rmse=6.770125 60min_mape=9.064815
[2026-09-15 22:37:31] INFO Epoch 008 | stage=posthoc_calibrator | train_total=2.739901 | train_forecast=2.739901 | train_confidence=0.000000 | train_risk=0.000000 | train_blend=0.000000 | val_total=2.717543 | val_mae=2.714898 | val_rmse=5.727502 | val_mape=7.530072 | val_confidence=0.000000 | val_risk=0.000000 | val_blend=0.000000 | batches=709/94 | seconds=125.74 | lr=[0.0005] | cuda_peak_mb=1472.6
[2026-09-15 22:37:31] INFO Val horizons | 15min_mae=2.421159 15min_rmse=4.827691 15min_mape=6.306760 | 30min_mae=2.741281 30min_rmse=5.778423 30min_mape=7.628468 | 60min_mae=3.145729 60min_rmse=6.799979 60min_mape=9.272454
[2026-09-15 22:37:31] INFO Checkpoint updated | epoch=8 | stage=posthoc_calibrator | best_val_mae=2.714898 | path=C:\Users\clw\projects\researchRep\STAnchor-BlockMemory\artifacts\paper_final_joint_context_offset_only_seed42\main_table\metrla\ours\st_ssdl\downstream_best.pt
[2026-09-15 22:39:37] INFO Epoch 009 | stage=posthoc_calibrator | train_total=2.740097 | train_forecast=2.740097 | train_confidence=0.000000 | train_risk=0.000000 | train_blend=0.000000 | val_total=2.730212 | val_mae=2.727908 | val_rmse=5.698813 | val_mape=7.416227 | val_confidence=0.000000 | val_risk=0.000000 | val_blend=0.000000 | batches=709/94 | seconds=125.88 | lr=[0.0005] | cuda_peak_mb=1472.5
[2026-09-15 22:39:37] INFO Val horizons | 15min_mae=2.416910 15min_rmse=4.802782 15min_mape=6.244715 | 30min_mae=2.748557 30min_rmse=5.743142 30min_mape=7.528362 | 60min_mae=3.184263 60min_rmse=6.766967 60min_mape=9.060258
[2026-09-15 22:41:46] INFO Epoch 010 | stage=posthoc_calibrator | train_total=2.738147 | train_forecast=2.738147 | train_confidence=0.000000 | train_risk=0.000000 | train_blend=0.000000 | val_total=2.721025 | val_mae=2.718441 | val_rmse=5.709406 | val_mape=7.466338 | val_confidence=0.000000 | val_risk=0.000000 | val_blend=0.000000 | batches=709/94 | seconds=129.51 | lr=[0.0005] | cuda_peak_mb=1472.2
[2026-09-15 22:41:46] INFO Val horizons | 15min_mae=2.417705 15min_rmse=4.809476 15min_mape=6.268204 | 30min_mae=2.744077 30min_rmse=5.757098 30min_mape=7.585296 | 60min_mae=3.158033 60min_rmse=6.784750 60min_mape=9.144469
[2026-09-15 22:43:54] INFO Epoch 011 | stage=posthoc_calibrator | train_total=2.736460 | train_forecast=2.736460 | train_confidence=0.000000 | train_risk=0.000000 | train_blend=0.000000 | val_total=2.720913 | val_mae=2.718411 | val_rmse=5.701663 | val_mape=7.433494 | val_confidence=0.000000 | val_risk=0.000000 | val_blend=0.000000 | batches=709/94 | seconds=127.46 | lr=[0.00025] | cuda_peak_mb=1472.7
[2026-09-15 22:43:54] INFO Val horizons | 15min_mae=2.416893 15min_rmse=4.808841 15min_mape=6.259475 | 30min_mae=2.742819 30min_rmse=5.748405 30min_mape=7.552620 | 60min_mae=3.161079 60min_rmse=6.769517 60min_mape=9.071991
[2026-09-15 22:46:01] INFO Epoch 012 | stage=posthoc_calibrator | train_total=2.736312 | train_forecast=2.736312 | train_confidence=0.000000 | train_risk=0.000000 | train_blend=0.000000 | val_total=2.724883 | val_mae=2.722522 | val_rmse=5.699419 | val_mape=7.408566 | val_confidence=0.000000 | val_risk=0.000000 | val_blend=0.000000 | batches=709/94 | seconds=127.47 | lr=[0.00025] | cuda_peak_mb=1471.7
[2026-09-15 22:46:01] INFO Val horizons | 15min_mae=2.416570 15min_rmse=4.801398 15min_mape=6.242117 | 30min_mae=2.745480 30min_rmse=5.743949 30min_mape=7.527737 | 60min_mae=3.171915 60min_rmse=6.771058 60min_mape=9.034845
[2026-09-15 22:48:09] INFO Epoch 013 | stage=posthoc_calibrator | train_total=2.735873 | train_forecast=2.735873 | train_confidence=0.000000 | train_risk=0.000000 | train_blend=0.000000 | val_total=2.723271 | val_mae=2.720852 | val_rmse=5.702675 | val_mape=7.419557 | val_confidence=0.000000 | val_risk=0.000000 | val_blend=0.000000 | batches=709/94 | seconds=127.76 | lr=[0.00025] | cuda_peak_mb=1473.4
[2026-09-15 22:48:09] INFO Val horizons | 15min_mae=2.416803 15min_rmse=4.805721 15min_mape=6.249531 | 30min_mae=2.743664 30min_rmse=5.748232 30min_mape=7.536770 | 60min_mae=3.167748 60min_rmse=6.774060 60min_mape=9.056610
[2026-09-15 22:50:16] INFO Epoch 014 | stage=posthoc_calibrator | train_total=2.735716 | train_forecast=2.735716 | train_confidence=0.000000 | train_risk=0.000000 | train_blend=0.000000 | val_total=2.732673 | val_mae=2.730389 | val_rmse=5.708070 | val_mape=7.414084 | val_confidence=0.000000 | val_risk=0.000000 | val_blend=0.000000 | batches=709/94 | seconds=127.69 | lr=[0.00025] | cuda_peak_mb=1473.4
[2026-09-15 22:50:16] INFO Val horizons | 15min_mae=2.418202 15min_rmse=4.799731 15min_mape=6.241188 | 30min_mae=2.751944 30min_rmse=5.749181 30min_mape=7.529291 | 60min_mae=3.190166 60min_rmse=6.792084 60min_mape=9.051034
[2026-09-15 22:52:24] INFO Epoch 015 | stage=posthoc_calibrator | train_total=2.735820 | train_forecast=2.735820 | train_confidence=0.000000 | train_risk=0.000000 | train_blend=0.000000 | val_total=2.718786 | val_mae=2.716269 | val_rmse=5.699590 | val_mape=7.444477 | val_confidence=0.000000 | val_risk=0.000000 | val_blend=0.000000 | batches=709/94 | seconds=127.67 | lr=[0.00025] | cuda_peak_mb=1473.4
[2026-09-15 22:52:24] INFO Val horizons | 15min_mae=2.416072 15min_rmse=4.806571 15min_mape=6.252267 | 30min_mae=2.740569 30min_rmse=5.749275 30min_mape=7.556599 | 60min_mae=3.156646 60min_rmse=6.764526 60min_mape=9.117235
[2026-09-15 22:54:32] INFO Epoch 016 | stage=posthoc_calibrator | train_total=2.735709 | train_forecast=2.735709 | train_confidence=0.000000 | train_risk=0.000000 | train_blend=0.000000 | val_total=2.720168 | val_mae=2.717660 | val_rmse=5.699851 | val_mape=7.430544 | val_confidence=0.000000 | val_risk=0.000000 | val_blend=0.000000 | batches=709/94 | seconds=127.71 | lr=[0.00025] | cuda_peak_mb=1473.4
[2026-09-15 22:54:32] INFO Val horizons | 15min_mae=2.415791 15min_rmse=4.805595 15min_mape=6.250885 | 30min_mae=2.741728 30min_rmse=5.747203 30min_mape=7.546454 | 60min_mae=3.159274 60min_rmse=6.766506 60min_mape=9.083676
[2026-09-15 22:56:39] INFO Epoch 017 | stage=posthoc_calibrator | train_total=2.735701 | train_forecast=2.735701 | train_confidence=0.000000 | train_risk=0.000000 | train_blend=0.000000 | val_total=2.723311 | val_mae=2.720813 | val_rmse=5.702639 | val_mape=7.439841 | val_confidence=0.000000 | val_risk=0.000000 | val_blend=0.000000 | batches=709/94 | seconds=126.95 | lr=[0.00025] | cuda_peak_mb=1473.4
[2026-09-15 22:56:39] INFO Val horizons | 15min_mae=2.416668 15min_rmse=4.804084 15min_mape=6.253708 | 30min_mae=2.744260 30min_rmse=5.748074 30min_mape=7.553453 | 60min_mae=3.166612 60min_rmse=6.775655 60min_mape=9.103993
[2026-09-15 22:58:45] INFO Epoch 018 | stage=posthoc_calibrator | train_total=2.735126 | train_forecast=2.735126 | train_confidence=0.000000 | train_risk=0.000000 | train_blend=0.000000 | val_total=2.722949 | val_mae=2.720456 | val_rmse=5.696742 | val_mape=7.447075 | val_confidence=0.000000 | val_risk=0.000000 | val_blend=0.000000 | batches=709/94 | seconds=126.12 | lr=[0.00025] | cuda_peak_mb=1473.4
[2026-09-15 22:58:45] INFO Val horizons | 15min_mae=2.417087 15min_rmse=4.802739 15min_mape=6.260710 | 30min_mae=2.744493 30min_rmse=5.744998 30min_mape=7.563891 | 60min_mae=3.164716 60min_rmse=6.763565 60min_mape=9.109316
[2026-09-15 23:00:51] INFO Epoch 019 | stage=posthoc_calibrator | train_total=2.735465 | train_forecast=2.735465 | train_confidence=0.000000 | train_risk=0.000000 | train_blend=0.000000 | val_total=2.727288 | val_mae=2.724986 | val_rmse=5.697674 | val_mape=7.405223 | val_confidence=0.000000 | val_risk=0.000000 | val_blend=0.000000 | batches=709/94 | seconds=126.32 | lr=[0.00025] | cuda_peak_mb=1473.4
[2026-09-15 23:00:51] INFO Val horizons | 15min_mae=2.417533 15min_rmse=4.800064 15min_mape=6.237630 | 30min_mae=2.748013 30min_rmse=5.742526 30min_mape=7.513622 | 60min_mae=3.175479 60min_rmse=6.767499 60min_mape=9.048104
[2026-09-15 23:02:58] INFO Epoch 020 | stage=posthoc_calibrator | train_total=2.735318 | train_forecast=2.735318 | train_confidence=0.000000 | train_risk=0.000000 | train_blend=0.000000 | val_total=2.722958 | val_mae=2.720488 | val_rmse=5.703600 | val_mape=7.429891 | val_confidence=0.000000 | val_risk=0.000000 | val_blend=0.000000 | batches=709/94 | seconds=126.30 | lr=[0.00025] | cuda_peak_mb=1473.4
[2026-09-15 23:02:58] INFO Val horizons | 15min_mae=2.416189 15min_rmse=4.805601 15min_mape=6.250792 | 30min_mae=2.742593 30min_rmse=5.749356 30min_mape=7.551899 | 60min_mae=3.168692 60min_rmse=6.779975 60min_mape=9.073981
[2026-09-15 23:05:04] INFO Epoch 021 | stage=posthoc_calibrator | train_total=2.734039 | train_forecast=2.734039 | train_confidence=0.000000 | train_risk=0.000000 | train_blend=0.000000 | val_total=2.722823 | val_mae=2.720390 | val_rmse=5.700110 | val_mape=7.418661 | val_confidence=0.000000 | val_risk=0.000000 | val_blend=0.000000 | batches=709/94 | seconds=126.43 | lr=[0.000125] | cuda_peak_mb=1473.4
[2026-09-15 23:05:04] INFO Val horizons | 15min_mae=2.415997 15min_rmse=4.805493 15min_mape=6.244110 | 30min_mae=2.743203 30min_rmse=5.746070 30min_mape=7.533826 | 60min_mae=3.167415 60min_rmse=6.770236 60min_mape=9.065634
[2026-09-15 23:07:10] INFO Epoch 022 | stage=posthoc_calibrator | train_total=2.734227 | train_forecast=2.734227 | train_confidence=0.000000 | train_risk=0.000000 | train_blend=0.000000 | val_total=2.726757 | val_mae=2.724407 | val_rmse=5.700112 | val_mape=7.404708 | val_confidence=0.000000 | val_risk=0.000000 | val_blend=0.000000 | batches=709/94 | seconds=126.35 | lr=[0.000125] | cuda_peak_mb=1473.4
[2026-09-15 23:07:10] INFO Val horizons | 15min_mae=2.416478 15min_rmse=4.801420 15min_mape=6.234854 | 30min_mae=2.746183 30min_rmse=5.743328 30min_mape=7.514314 | 60min_mae=3.176589 60min_rmse=6.772572 60min_mape=9.049958
[2026-09-15 23:09:17] INFO Epoch 023 | stage=posthoc_calibrator | train_total=2.734072 | train_forecast=2.734072 | train_confidence=0.000000 | train_risk=0.000000 | train_blend=0.000000 | val_total=2.726308 | val_mae=2.723893 | val_rmse=5.700865 | val_mape=7.431697 | val_confidence=0.000000 | val_risk=0.000000 | val_blend=0.000000 | batches=709/94 | seconds=126.30 | lr=[0.000125] | cuda_peak_mb=1473.4
[2026-09-15 23:09:17] INFO Val horizons | 15min_mae=2.417269 15min_rmse=4.801943 15min_mape=6.251327 | 30min_mae=2.746910 30min_rmse=5.744987 30min_mape=7.544402 | 60min_mae=3.174002 60min_rmse=6.774521 60min_mape=9.087487
[2026-09-15 23:11:23] INFO Epoch 024 | stage=posthoc_calibrator | train_total=2.733931 | train_forecast=2.733931 | train_confidence=0.000000 | train_risk=0.000000 | train_blend=0.000000 | val_total=2.730306 | val_mae=2.727976 | val_rmse=5.701089 | val_mape=7.417067 | val_confidence=0.000000 | val_risk=0.000000 | val_blend=0.000000 | batches=709/94 | seconds=126.47 | lr=[0.000125] | cuda_peak_mb=1473.4
[2026-09-15 23:11:23] INFO Val horizons | 15min_mae=2.417266 15min_rmse=4.799917 15min_mape=6.242084 | 30min_mae=2.748375 30min_rmse=5.743027 30min_mape=7.531879 | 60min_mae=3.186622 60min_rmse=6.778564 60min_mape=9.062751
[2026-09-15 23:13:29] INFO Epoch 025 | stage=posthoc_calibrator | train_total=2.734130 | train_forecast=2.734130 | train_confidence=0.000000 | train_risk=0.000000 | train_blend=0.000000 | val_total=2.726989 | val_mae=2.724646 | val_rmse=5.699670 | val_mape=7.401751 | val_confidence=0.000000 | val_risk=0.000000 | val_blend=0.000000 | batches=709/94 | seconds=126.28 | lr=[0.000125] | cuda_peak_mb=1473.4
[2026-09-15 23:13:29] INFO Val horizons | 15min_mae=2.416900 15min_rmse=4.798727 15min_mape=6.227752 | 30min_mae=2.747144 30min_rmse=5.744052 30min_mape=7.515224 | 60min_mae=3.176273 60min_rmse=6.774092 60min_mape=9.044735
[2026-09-15 23:15:36] INFO Epoch 026 | stage=posthoc_calibrator | train_total=2.733634 | train_forecast=2.733634 | train_confidence=0.000000 | train_risk=0.000000 | train_blend=0.000000 | val_total=2.724968 | val_mae=2.722521 | val_rmse=5.704767 | val_mape=7.434258 | val_confidence=0.000000 | val_risk=0.000000 | val_blend=0.000000 | batches=709/94 | seconds=126.12 | lr=[0.000125] | cuda_peak_mb=1473.4
[2026-09-15 23:15:36] INFO Val horizons | 15min_mae=2.416999 15min_rmse=4.802364 15min_mape=6.243189 | 30min_mae=2.746145 30min_rmse=5.749012 30min_mape=7.543506 | 60min_mae=3.169605 60min_rmse=6.780912 60min_mape=9.107037
[2026-09-15 23:17:42] INFO Epoch 027 | stage=posthoc_calibrator | train_total=2.733802 | train_forecast=2.733802 | train_confidence=0.000000 | train_risk=0.000000 | train_blend=0.000000 | val_total=2.722294 | val_mae=2.719874 | val_rmse=5.693474 | val_mape=7.413120 | val_confidence=0.000000 | val_risk=0.000000 | val_blend=0.000000 | batches=709/94 | seconds=126.32 | lr=[0.000125] | cuda_peak_mb=1473.4
[2026-09-15 23:17:42] INFO Val horizons | 15min_mae=2.415699 15min_rmse=4.800788 15min_mape=6.227967 | 30min_mae=2.742419 30min_rmse=5.740009 30min_mape=7.521672 | 60min_mae=3.166699 60min_rmse=6.758904 60min_mape=9.077020
[2026-09-15 23:19:48] INFO Epoch 028 | stage=posthoc_calibrator | train_total=2.733735 | train_forecast=2.733735 | train_confidence=0.000000 | train_risk=0.000000 | train_blend=0.000000 | val_total=2.725406 | val_mae=2.723026 | val_rmse=5.697571 | val_mape=7.410832 | val_confidence=0.000000 | val_risk=0.000000 | val_blend=0.000000 | batches=709/94 | seconds=126.13 | lr=[0.000125] | cuda_peak_mb=1473.4
[2026-09-15 23:19:48] INFO Val horizons | 15min_mae=2.416471 15min_rmse=4.799426 15min_mape=6.230107 | 30min_mae=2.744943 30min_rmse=5.740810 30min_mape=7.520996 | 60min_mae=3.174600 60min_rmse=6.771203 60min_mape=9.066056
[2026-09-15 23:21:54] INFO Epoch 029 | stage=posthoc_calibrator | train_total=2.733536 | train_forecast=2.733536 | train_confidence=0.000000 | train_risk=0.000000 | train_blend=0.000000 | val_total=2.725048 | val_mae=2.722704 | val_rmse=5.698011 | val_mape=7.395842 | val_confidence=0.000000 | val_risk=0.000000 | val_blend=0.000000 | batches=709/94 | seconds=126.19 | lr=[0.000125] | cuda_peak_mb=1473.4
[2026-09-15 23:21:54] INFO Val horizons | 15min_mae=2.415926 15min_rmse=4.800592 15min_mape=6.221362 | 30min_mae=2.744908 30min_rmse=5.742995 30min_mape=7.507844 | 60min_mae=3.173116 60min_rmse=6.769069 60min_mape=9.042254
[2026-09-15 23:24:01] INFO Epoch 030 | stage=posthoc_calibrator | train_total=2.733270 | train_forecast=2.733270 | train_confidence=0.000000 | train_risk=0.000000 | train_blend=0.000000 | val_total=2.724620 | val_mae=2.722227 | val_rmse=5.697820 | val_mape=7.411739 | val_confidence=0.000000 | val_risk=0.000000 | val_blend=0.000000 | batches=709/94 | seconds=126.38 | lr=[0.000125] | cuda_peak_mb=1473.4
[2026-09-15 23:24:01] INFO Val horizons | 15min_mae=2.416556 15min_rmse=4.799607 15min_mape=6.235074 | 30min_mae=2.744799 30min_rmse=5.741564 30min_mape=7.520440 | 60min_mae=3.170294 60min_rmse=6.769262 60min_mape=9.067278
[2026-09-15 23:26:07] INFO Epoch 031 | stage=posthoc_calibrator | train_total=2.733084 | train_forecast=2.733084 | train_confidence=0.000000 | train_risk=0.000000 | train_blend=0.000000 | val_total=2.722451 | val_mae=2.720005 | val_rmse=5.698990 | val_mape=7.421503 | val_confidence=0.000000 | val_risk=0.000000 | val_blend=0.000000 | batches=709/94 | seconds=126.21 | lr=[6.25e-05] | cuda_peak_mb=1473.4
[2026-09-15 23:26:07] INFO Val horizons | 15min_mae=2.415971 15min_rmse=4.803853 15min_mape=6.239134 | 30min_mae=2.743025 30min_rmse=5.744968 30min_mape=7.531624 | 60min_mae=3.165836 60min_rmse=6.767949 60min_mape=9.082494
[2026-09-15 23:28:13] INFO Epoch 032 | stage=posthoc_calibrator | train_total=2.732813 | train_forecast=2.732813 | train_confidence=0.000000 | train_risk=0.000000 | train_blend=0.000000 | val_total=2.725870 | val_mae=2.723504 | val_rmse=5.701150 | val_mape=7.404895 | val_confidence=0.000000 | val_risk=0.000000 | val_blend=0.000000 | batches=709/94 | seconds=126.44 | lr=[6.25e-05] | cuda_peak_mb=1473.4
[2026-09-15 23:28:13] INFO Val horizons | 15min_mae=2.416336 15min_rmse=4.802013 15min_mape=6.228928 | 30min_mae=2.745860 30min_rmse=5.744754 30min_mape=7.515707 | 60min_mae=3.173924 60min_rmse=6.775222 60min_mape=9.054894
[2026-09-15 23:30:19] INFO Epoch 033 | stage=posthoc_calibrator | train_total=2.733127 | train_forecast=2.733127 | train_confidence=0.000000 | train_risk=0.000000 | train_blend=0.000000 | val_total=2.729109 | val_mae=2.726797 | val_rmse=5.702213 | val_mape=7.399148 | val_confidence=0.000000 | val_risk=0.000000 | val_blend=0.000000 | batches=709/94 | seconds=126.08 | lr=[6.25e-05] | cuda_peak_mb=1473.4
[2026-09-15 23:30:19] INFO Val horizons | 15min_mae=2.416988 15min_rmse=4.799682 15min_mape=6.224910 | 30min_mae=2.748491 30min_rmse=5.744261 30min_mape=7.509590 | 60min_mae=3.181038 60min_rmse=6.779072 60min_mape=9.044512
[2026-09-15 23:32:25] INFO Epoch 034 | stage=posthoc_calibrator | train_total=2.732986 | train_forecast=2.732986 | train_confidence=0.000000 | train_risk=0.000000 | train_blend=0.000000 | val_total=2.726891 | val_mae=2.724530 | val_rmse=5.700607 | val_mape=7.405830 | val_confidence=0.000000 | val_risk=0.000000 | val_blend=0.000000 | batches=709/94 | seconds=125.85 | lr=[6.25e-05] | cuda_peak_mb=1473.4
[2026-09-15 23:32:25] INFO Val horizons | 15min_mae=2.416494 15min_rmse=4.800379 15min_mape=6.230623 | 30min_mae=2.746681 30min_rmse=5.742649 30min_mape=7.516116 | 60min_mae=3.175992 60min_rmse=6.776601 60min_mape=9.056569
[2026-09-15 23:34:31] INFO Epoch 035 | stage=posthoc_calibrator | train_total=2.733023 | train_forecast=2.733023 | train_confidence=0.000000 | train_risk=0.000000 | train_blend=0.000000 | val_total=2.721174 | val_mae=2.718738 | val_rmse=5.695455 | val_mape=7.411184 | val_confidence=0.000000 | val_risk=0.000000 | val_blend=0.000000 | batches=709/94 | seconds=126.36 | lr=[6.25e-05] | cuda_peak_mb=1473.4
[2026-09-15 23:34:31] INFO Val horizons | 15min_mae=2.415391 15min_rmse=4.803357 15min_mape=6.229063 | 30min_mae=2.741441 30min_rmse=5.742597 30min_mape=7.522378 | 60min_mae=3.164406 60min_rmse=6.761281 60min_mape=9.068423
[2026-09-15 23:36:38] INFO Epoch 036 | stage=posthoc_calibrator | train_total=2.732696 | train_forecast=2.732696 | train_confidence=0.000000 | train_risk=0.000000 | train_blend=0.000000 | val_total=2.729360 | val_mae=2.727070 | val_rmse=5.699419 | val_mape=7.397940 | val_confidence=0.000000 | val_risk=0.000000 | val_blend=0.000000 | batches=709/94 | seconds=126.00 | lr=[6.25e-05] | cuda_peak_mb=1473.4
[2026-09-15 23:36:38] INFO Val horizons | 15min_mae=2.416849 15min_rmse=4.799939 15min_mape=6.228455 | 30min_mae=2.748605 30min_rmse=5.742089 30min_mape=7.509320 | 60min_mae=3.181905 60min_rmse=6.773532 60min_mape=9.039446
[2026-09-15 23:38:44] INFO Epoch 037 | stage=posthoc_calibrator | train_total=2.732590 | train_forecast=2.732590 | train_confidence=0.000000 | train_risk=0.000000 | train_blend=0.000000 | val_total=2.723332 | val_mae=2.720908 | val_rmse=5.699403 | val_mape=7.417405 | val_confidence=0.000000 | val_risk=0.000000 | val_blend=0.000000 | batches=709/94 | seconds=126.15 | lr=[6.25e-05] | cuda_peak_mb=1473.4
[2026-09-15 23:38:44] INFO Val horizons | 15min_mae=2.415991 15min_rmse=4.802307 15min_mape=6.234318 | 30min_mae=2.744268 30min_rmse=5.744271 30min_mape=7.527713 | 60min_mae=3.167891 60min_rmse=6.771123 60min_mape=9.076352
[2026-09-15 23:40:50] INFO Epoch 038 | stage=posthoc_calibrator | train_total=2.732488 | train_forecast=2.732488 | train_confidence=0.000000 | train_risk=0.000000 | train_blend=0.000000 | val_total=2.724553 | val_mae=2.722120 | val_rmse=5.701251 | val_mape=7.424697 | val_confidence=0.000000 | val_risk=0.000000 | val_blend=0.000000 | batches=709/94 | seconds=126.10 | lr=[6.25e-05] | cuda_peak_mb=1473.4
[2026-09-15 23:40:50] INFO Val horizons | 15min_mae=2.416115 15min_rmse=4.802933 15min_mape=6.244408 | 30min_mae=2.744428 30min_rmse=5.745491 30min_mape=7.541615 | 60min_mae=3.171943 60min_rmse=6.775574 60min_mape=9.073638
[2026-09-15 23:42:56] INFO Epoch 039 | stage=posthoc_calibrator | train_total=2.732707 | train_forecast=2.732707 | train_confidence=0.000000 | train_risk=0.000000 | train_blend=0.000000 | val_total=2.723181 | val_mae=2.720785 | val_rmse=5.697031 | val_mape=7.399441 | val_confidence=0.000000 | val_risk=0.000000 | val_blend=0.000000 | batches=709/94 | seconds=126.18 | lr=[6.25e-05] | cuda_peak_mb=1473.4
[2026-09-15 23:42:56] INFO Val horizons | 15min_mae=2.415875 15min_rmse=4.800271 15min_mape=6.225336 | 30min_mae=2.743475 30min_rmse=5.740673 30min_mape=7.507015 | 60min_mae=3.167120 60min_rmse=6.768199 60min_mape=9.051376
[2026-09-15 23:45:02] INFO Epoch 040 | stage=posthoc_calibrator | train_total=2.732610 | train_forecast=2.732610 | train_confidence=0.000000 | train_risk=0.000000 | train_blend=0.000000 | val_total=2.721408 | val_mae=2.718943 | val_rmse=5.697182 | val_mape=7.418175 | val_confidence=0.000000 | val_risk=0.000000 | val_blend=0.000000 | batches=709/94 | seconds=126.49 | lr=[6.25e-05] | cuda_peak_mb=1473.4
[2026-09-15 23:45:02] INFO Val horizons | 15min_mae=2.415577 15min_rmse=4.802947 15min_mape=6.236954 | 30min_mae=2.741913 30min_rmse=5.743038 30min_mape=7.529396 | 60min_mae=3.163664 60min_rmse=6.763975 60min_mape=9.077553
[2026-09-15 23:47:09] INFO Epoch 041 | stage=posthoc_calibrator | train_total=2.732555 | train_forecast=2.732555 | train_confidence=0.000000 | train_risk=0.000000 | train_blend=0.000000 | val_total=2.727344 | val_mae=2.725003 | val_rmse=5.700856 | val_mape=7.403252 | val_confidence=0.000000 | val_risk=0.000000 | val_blend=0.000000 | batches=709/94 | seconds=126.13 | lr=[3.125e-05] | cuda_peak_mb=1473.4
[2026-09-15 23:47:09] INFO Val horizons | 15min_mae=2.416455 15min_rmse=4.801308 15min_mape=6.231761 | 30min_mae=2.746718 30min_rmse=5.743295 30min_mape=7.515462 | 60min_mae=3.177131 60min_rmse=6.775524 60min_mape=9.048298
[2026-09-15 23:49:15] INFO Epoch 042 | stage=posthoc_calibrator | train_total=2.732415 | train_forecast=2.732415 | train_confidence=0.000000 | train_risk=0.000000 | train_blend=0.000000 | val_total=2.723077 | val_mae=2.720673 | val_rmse=5.697149 | val_mape=7.401933 | val_confidence=0.000000 | val_risk=0.000000 | val_blend=0.000000 | batches=709/94 | seconds=126.12 | lr=[3.125e-05] | cuda_peak_mb=1473.4
[2026-09-15 23:49:15] INFO Val horizons | 15min_mae=2.415511 15min_rmse=4.801907 15min_mape=6.227586 | 30min_mae=2.742953 30min_rmse=5.742239 30min_mape=7.514294 | 60min_mae=3.168885 60min_rmse=6.766515 60min_mape=9.048012
[2026-09-15 23:51:21] INFO Epoch 043 | stage=posthoc_calibrator | train_total=2.732498 | train_forecast=2.732498 | train_confidence=0.000000 | train_risk=0.000000 | train_blend=0.000000 | val_total=2.723618 | val_mae=2.721207 | val_rmse=5.698475 | val_mape=7.409785 | val_confidence=0.000000 | val_risk=0.000000 | val_blend=0.000000 | batches=709/94 | seconds=126.11 | lr=[3.125e-05] | cuda_peak_mb=1473.4
[2026-09-15 23:51:21] INFO Val horizons | 15min_mae=2.415994 15min_rmse=4.802649 15min_mape=6.234463 | 30min_mae=2.743833 30min_rmse=5.743290 30min_mape=7.521697 | 60min_mae=3.168925 60min_rmse=6.768643 60min_mape=9.060498
[2026-09-15 23:53:27] INFO Epoch 044 | stage=posthoc_calibrator | train_total=2.732115 | train_forecast=2.732115 | train_confidence=0.000000 | train_risk=0.000000 | train_blend=0.000000 | val_total=2.726675 | val_mae=2.724310 | val_rmse=5.698682 | val_mape=7.406992 | val_confidence=0.000000 | val_risk=0.000000 | val_blend=0.000000 | batches=709/94 | seconds=126.40 | lr=[3.125e-05] | cuda_peak_mb=1473.4
[2026-09-15 23:53:27] INFO Val horizons | 15min_mae=2.416368 15min_rmse=4.799867 15min_mape=6.232779 | 30min_mae=2.746084 30min_rmse=5.741251 30min_mape=7.519647 | 60min_mae=3.176296 60min_rmse=6.772927 60min_mape=9.053217
[2026-09-15 23:55:33] INFO Epoch 045 | stage=posthoc_calibrator | train_total=2.732197 | train_forecast=2.732197 | train_confidence=0.000000 | train_risk=0.000000 | train_blend=0.000000 | val_total=2.721826 | val_mae=2.719378 | val_rmse=5.696311 | val_mape=7.416220 | val_confidence=0.000000 | val_risk=0.000000 | val_blend=0.000000 | batches=709/94 | seconds=125.99 | lr=[3.125e-05] | cuda_peak_mb=1473.4
[2026-09-15 23:55:33] INFO Val horizons | 15min_mae=2.415447 15min_rmse=4.803475 15min_mape=6.232689 | 30min_mae=2.742409 30min_rmse=5.742548 30min_mape=7.527068 | 60min_mae=3.165006 60min_rmse=6.762714 60min_mape=9.077022
[2026-09-15 23:57:40] INFO Epoch 046 | stage=posthoc_calibrator | train_total=2.732599 | train_forecast=2.732599 | train_confidence=0.000000 | train_risk=0.000000 | train_blend=0.000000 | val_total=2.722818 | val_mae=2.720392 | val_rmse=5.697524 | val_mape=7.409292 | val_confidence=0.000000 | val_risk=0.000000 | val_blend=0.000000 | batches=709/94 | seconds=126.44 | lr=[3.125e-05] | cuda_peak_mb=1473.4
[2026-09-15 23:57:40] INFO Val horizons | 15min_mae=2.415694 15min_rmse=4.801790 15min_mape=6.232137 | 30min_mae=2.743090 30min_rmse=5.742096 30min_mape=7.521356 | 60min_mae=3.167204 60min_rmse=6.767587 60min_mape=9.061447
[2026-09-15 23:59:46] INFO Epoch 047 | stage=posthoc_calibrator | train_total=2.732412 | train_forecast=2.732412 | train_confidence=0.000000 | train_risk=0.000000 | train_blend=0.000000 | val_total=2.725683 | val_mae=2.723307 | val_rmse=5.697233 | val_mape=7.410094 | val_confidence=0.000000 | val_risk=0.000000 | val_blend=0.000000 | batches=709/94 | seconds=126.01 | lr=[3.125e-05] | cuda_peak_mb=1473.4
[2026-09-15 23:59:46] INFO Val horizons | 15min_mae=2.416125 15min_rmse=4.801094 15min_mape=6.232198 | 30min_mae=2.745444 30min_rmse=5.741122 30min_mape=7.521048 | 60min_mae=3.173931 60min_rmse=6.768048 60min_mape=9.062586
[2026-09-16 00:01:52] INFO Epoch 048 | stage=posthoc_calibrator | train_total=2.732068 | train_forecast=2.732068 | train_confidence=0.000000 | train_risk=0.000000 | train_blend=0.000000 | val_total=2.725022 | val_mae=2.722609 | val_rmse=5.700048 | val_mape=7.420363 | val_confidence=0.000000 | val_risk=0.000000 | val_blend=0.000000 | batches=709/94 | seconds=125.90 | lr=[3.125e-05] | cuda_peak_mb=1473.4
[2026-09-16 00:01:52] INFO Val horizons | 15min_mae=2.416309 15min_rmse=4.801707 15min_mape=6.241013 | 30min_mae=2.745105 30min_rmse=5.743373 30min_mape=7.532562 | 60min_mae=3.171744 60min_rmse=6.772833 60min_mape=9.075146
[2026-09-16 00:03:58] INFO Epoch 049 | stage=posthoc_calibrator | train_total=2.732188 | train_forecast=2.732188 | train_confidence=0.000000 | train_risk=0.000000 | train_blend=0.000000 | val_total=2.726744 | val_mae=2.724376 | val_rmse=5.699547 | val_mape=7.407949 | val_confidence=0.000000 | val_risk=0.000000 | val_blend=0.000000 | batches=709/94 | seconds=126.31 | lr=[3.125e-05] | cuda_peak_mb=1473.4
[2026-09-16 00:03:58] INFO Val horizons | 15min_mae=2.416345 15min_rmse=4.800501 15min_mape=6.231985 | 30min_mae=2.746326 30min_rmse=5.742010 30min_mape=7.519796 | 60min_mae=3.175884 60min_rmse=6.773225 60min_mape=9.057184
[2026-09-16 00:06:04] INFO Epoch 050 | stage=posthoc_calibrator | train_total=2.731921 | train_forecast=2.731921 | train_confidence=0.000000 | train_risk=0.000000 | train_blend=0.000000 | val_total=2.723565 | val_mae=2.721166 | val_rmse=5.696541 | val_mape=7.405909 | val_confidence=0.000000 | val_risk=0.000000 | val_blend=0.000000 | batches=709/94 | seconds=126.26 | lr=[3.125e-05] | cuda_peak_mb=1473.4
[2026-09-16 00:06:04] INFO Val horizons | 15min_mae=2.415806 15min_rmse=4.801722 15min_mape=6.224220 | 30min_mae=2.743941 30min_rmse=5.741481 30min_mape=7.514031 | 60min_mae=3.168283 60min_rmse=6.764697 60min_mape=9.066679
[2026-09-16 00:06:04] INFO Downstream training finished | best_val_mae=2.714898 | checkpoint=C:\Users\clw\projects\researchRep\STAnchor-BlockMemory\artifacts\paper_final_joint_context_offset_only_seed42\main_table\metrla\ours\st_ssdl\downstream_best.pt
