[2026-08-20 18:06:02] INFO Downstream start | run=convergence/downstream_tgge_v3_matched_fulltrain_queue/downstream_tgge_v3_stgcn_base_only_fulltrain_seed42 | device=cuda:0 (requested=cuda:0) | seed=42 | output=D:\projects\researchProjects\TrafficRobustST\STAnchor-BlockMemory\artifacts\convergence\downstream_tgge_v3_matched_fulltrain_queue\downstream_tgge_v3_stgcn_base_only_fulltrain_seed42
[2026-08-20 18:06:02] INFO Mode | downstream_mode=base_only | training_protocol=staged_joint | candidate_protocol=exact_calendar
[2026-08-20 18:06:02] INFO Downstream initialization | seed=42 | state_hash=4ac27f9a1183b7ba
[2026-08-20 18:06:02] INFO Data | steps=34272 | nodes=207 | channels=1 | training_scope=full_train | memory/post_memory/train_selected/val/test=15876/6805/22681/2993/6025
[2026-08-20 18:06:02] INFO Bank/retrieval | disabled (base_only)
[2026-08-20 18:06:02] INFO Parameters | downstream_total=231,513 | downstream_trainable=231,244 | backbone=231,244 | confidence_head=0 | fusion=0 | frozen_pretrained=0
[2026-08-20 18:06:02] INFO Optimization | epochs=50 | batch_size=32 | optimizer=adam | lr=0.001 | weight_decay=0.0001 | scheduler=step_lr | step_size=10 | gamma=0.950 | confidence_weight=0.000 | patience=10 | early_stopping=disabled
[2026-08-20 18:06:03] INFO Stage start | stage=standard | epochs=50 | optimizer_lrs=[0.001]
[2026-08-20 18:06:23] INFO Epoch 001 | stage=standard | train_total=0.390721 | train_forecast=0.390721 | train_confidence=0.000000 | train_risk=0.000000 | train_blend=0.000000 | val_total=0.357962 | val_mae=3.317445 | val_rmse=6.814601 | val_mape=9.260563 | val_confidence=0.000000 | val_risk=0.000000 | val_blend=0.000000 | batches=709/94 | seconds=19.49 | lr=[0.001] | cuda_peak_mb=250.2
[2026-08-20 18:06:23] INFO Val horizons | 15min_mae=2.826173 15min_rmse=5.538422 15min_mape=7.426502 | 30min_mae=3.307017 30min_rmse=6.787001 30min_mape=9.176870 | 60min_mae=4.004091 60min_rmse=8.300321 60min_mape=11.897286
[2026-08-20 18:06:23] INFO Checkpoint updated | epoch=1 | stage=standard | best_val_mae=3.317445 | path=D:\projects\researchProjects\TrafficRobustST\STAnchor-BlockMemory\artifacts\convergence\downstream_tgge_v3_matched_fulltrain_queue\downstream_tgge_v3_stgcn_base_only_fulltrain_seed42\downstream_best.pt
[2026-08-20 18:06:43] INFO Epoch 002 | stage=standard | train_total=0.368947 | train_forecast=0.368947 | train_confidence=0.000000 | train_risk=0.000000 | train_blend=0.000000 | val_total=0.342585 | val_mae=3.128670 | val_rmse=6.518061 | val_mape=8.956314 | val_confidence=0.000000 | val_risk=0.000000 | val_blend=0.000000 | batches=709/94 | seconds=20.36 | lr=[0.001] | cuda_peak_mb=250.2
[2026-08-20 18:06:43] INFO Val horizons | 15min_mae=2.686979 15min_rmse=5.296656 15min_mape=7.239779 | 30min_mae=3.122756 30min_rmse=6.481282 30min_mape=8.887771 | 60min_mae=3.782227 60min_rmse=7.976430 60min_mape=11.497259
[2026-08-20 18:06:43] INFO Checkpoint updated | epoch=2 | stage=standard | best_val_mae=3.128670 | path=D:\projects\researchProjects\TrafficRobustST\STAnchor-BlockMemory\artifacts\convergence\downstream_tgge_v3_matched_fulltrain_queue\downstream_tgge_v3_stgcn_base_only_fulltrain_seed42\downstream_best.pt
[2026-08-20 18:07:03] INFO Epoch 003 | stage=standard | train_total=0.359419 | train_forecast=0.359419 | train_confidence=0.000000 | train_risk=0.000000 | train_blend=0.000000 | val_total=0.337699 | val_mae=3.078045 | val_rmse=6.376827 | val_mape=8.643058 | val_confidence=0.000000 | val_risk=0.000000 | val_blend=0.000000 | batches=709/94 | seconds=20.05 | lr=[0.001] | cuda_peak_mb=250.2
[2026-08-20 18:07:03] INFO Val horizons | 15min_mae=2.679684 15min_rmse=5.294127 15min_mape=7.026414 | 30min_mae=3.074538 30min_rmse=6.364696 30min_mape=8.568282 | 60min_mae=3.659774 60min_rmse=7.681367 60min_mape=10.985816
[2026-08-20 18:07:03] INFO Checkpoint updated | epoch=3 | stage=standard | best_val_mae=3.078045 | path=D:\projects\researchProjects\TrafficRobustST\STAnchor-BlockMemory\artifacts\convergence\downstream_tgge_v3_matched_fulltrain_queue\downstream_tgge_v3_stgcn_base_only_fulltrain_seed42\downstream_best.pt
[2026-08-20 18:07:23] INFO Epoch 004 | stage=standard | train_total=0.351979 | train_forecast=0.351979 | train_confidence=0.000000 | train_risk=0.000000 | train_blend=0.000000 | val_total=0.332123 | val_mae=3.002179 | val_rmse=6.185038 | val_mape=8.444499 | val_confidence=0.000000 | val_risk=0.000000 | val_blend=0.000000 | batches=709/94 | seconds=20.06 | lr=[0.001] | cuda_peak_mb=250.2
[2026-08-20 18:07:23] INFO Val horizons | 15min_mae=2.636276 15min_rmse=5.158205 15min_mape=6.904800 | 30min_mae=3.007366 30min_rmse=6.173693 30min_mape=8.398763 | 60min_mae=3.538093 60min_rmse=7.440895 60min_mape=10.691396
[2026-08-20 18:07:23] INFO Checkpoint updated | epoch=4 | stage=standard | best_val_mae=3.002179 | path=D:\projects\researchProjects\TrafficRobustST\STAnchor-BlockMemory\artifacts\convergence\downstream_tgge_v3_matched_fulltrain_queue\downstream_tgge_v3_stgcn_base_only_fulltrain_seed42\downstream_best.pt
[2026-08-20 18:07:44] INFO Epoch 005 | stage=standard | train_total=0.347573 | train_forecast=0.347573 | train_confidence=0.000000 | train_risk=0.000000 | train_blend=0.000000 | val_total=0.326943 | val_mae=2.952022 | val_rmse=6.108011 | val_mape=8.405626 | val_confidence=0.000000 | val_risk=0.000000 | val_blend=0.000000 | batches=709/94 | seconds=20.23 | lr=[0.001] | cuda_peak_mb=250.2
[2026-08-20 18:07:44] INFO Val horizons | 15min_mae=2.605591 15min_rmse=5.118113 15min_mape=6.953214 | 30min_mae=2.956627 30min_rmse=6.090978 30min_mape=8.396480 | 60min_mae=3.469247 60min_rmse=7.339367 60min_mape=10.481737
[2026-08-20 18:07:44] INFO Checkpoint updated | epoch=5 | stage=standard | best_val_mae=2.952022 | path=D:\projects\researchProjects\TrafficRobustST\STAnchor-BlockMemory\artifacts\convergence\downstream_tgge_v3_matched_fulltrain_queue\downstream_tgge_v3_stgcn_base_only_fulltrain_seed42\downstream_best.pt
[2026-08-20 18:08:03] INFO Epoch 006 | stage=standard | train_total=0.344723 | train_forecast=0.344723 | train_confidence=0.000000 | train_risk=0.000000 | train_blend=0.000000 | val_total=0.329318 | val_mae=2.991471 | val_rmse=6.164722 | val_mape=8.585883 | val_confidence=0.000000 | val_risk=0.000000 | val_blend=0.000000 | batches=709/94 | seconds=19.15 | lr=[0.001] | cuda_peak_mb=250.2
[2026-08-20 18:08:03] INFO Val horizons | 15min_mae=2.694013 15min_rmse=5.290074 15min_mape=7.200838 | 30min_mae=2.999753 30min_rmse=6.154361 30min_mape=8.543283 | 60min_mae=3.449778 60min_rmse=7.299053 60min_mape=10.612270
[2026-08-20 18:08:22] INFO Epoch 007 | stage=standard | train_total=0.341989 | train_forecast=0.341989 | train_confidence=0.000000 | train_risk=0.000000 | train_blend=0.000000 | val_total=0.326975 | val_mae=2.959504 | val_rmse=6.109945 | val_mape=8.544623 | val_confidence=0.000000 | val_risk=0.000000 | val_blend=0.000000 | batches=709/94 | seconds=18.93 | lr=[0.001] | cuda_peak_mb=250.2
[2026-08-20 18:08:22] INFO Val horizons | 15min_mae=2.637254 15min_rmse=5.173730 15min_mape=7.058031 | 30min_mae=2.973725 30min_rmse=6.103345 30min_mape=8.526500 | 60min_mae=3.422299 60min_rmse=7.264813 60min_mape=10.602662
[2026-08-20 18:08:41] INFO Epoch 008 | stage=standard | train_total=0.340502 | train_forecast=0.340502 | train_confidence=0.000000 | train_risk=0.000000 | train_blend=0.000000 | val_total=0.327664 | val_mae=2.964544 | val_rmse=6.095249 | val_mape=8.303640 | val_confidence=0.000000 | val_risk=0.000000 | val_blend=0.000000 | batches=709/94 | seconds=18.94 | lr=[0.001] | cuda_peak_mb=250.2
[2026-08-20 18:08:41] INFO Val horizons | 15min_mae=2.666535 15min_rmse=5.209748 15min_mape=6.964379 | 30min_mae=2.975950 30min_rmse=6.106303 30min_mape=8.309242 | 60min_mae=3.407158 60min_rmse=7.200329 60min_mape=10.206146
[2026-08-20 18:09:00] INFO Epoch 009 | stage=standard | train_total=0.339368 | train_forecast=0.339368 | train_confidence=0.000000 | train_risk=0.000000 | train_blend=0.000000 | val_total=0.325928 | val_mae=2.947116 | val_rmse=6.051059 | val_mape=8.168241 | val_confidence=0.000000 | val_risk=0.000000 | val_blend=0.000000 | batches=709/94 | seconds=19.05 | lr=[0.001] | cuda_peak_mb=250.2
[2026-08-20 18:09:00] INFO Val horizons | 15min_mae=2.627235 15min_rmse=5.140611 15min_mape=6.833737 | 30min_mae=2.958468 30min_rmse=6.061659 30min_mape=8.193353 | 60min_mae=3.418739 60min_rmse=7.184563 60min_mape=10.051473
[2026-08-20 18:09:00] INFO Checkpoint updated | epoch=9 | stage=standard | best_val_mae=2.947116 | path=D:\projects\researchProjects\TrafficRobustST\STAnchor-BlockMemory\artifacts\convergence\downstream_tgge_v3_matched_fulltrain_queue\downstream_tgge_v3_stgcn_base_only_fulltrain_seed42\downstream_best.pt
[2026-08-20 18:09:19] INFO Epoch 010 | stage=standard | train_total=0.338343 | train_forecast=0.338343 | train_confidence=0.000000 | train_risk=0.000000 | train_blend=0.000000 | val_total=0.322475 | val_mae=2.908382 | val_rmse=6.028706 | val_mape=8.310576 | val_confidence=0.000000 | val_risk=0.000000 | val_blend=0.000000 | batches=709/94 | seconds=18.97 | lr=[0.001] | cuda_peak_mb=250.2
[2026-08-20 18:09:19] INFO Val horizons | 15min_mae=2.600330 15min_rmse=5.121262 15min_mape=6.913572 | 30min_mae=2.925588 30min_rmse=6.047119 30min_mape=8.347693 | 60min_mae=3.367931 60min_rmse=7.158226 60min_mape=10.277946
[2026-08-20 18:09:19] INFO Checkpoint updated | epoch=10 | stage=standard | best_val_mae=2.908382 | path=D:\projects\researchProjects\TrafficRobustST\STAnchor-BlockMemory\artifacts\convergence\downstream_tgge_v3_matched_fulltrain_queue\downstream_tgge_v3_stgcn_base_only_fulltrain_seed42\downstream_best.pt
[2026-08-20 18:09:38] INFO Epoch 011 | stage=standard | train_total=0.337286 | train_forecast=0.337286 | train_confidence=0.000000 | train_risk=0.000000 | train_blend=0.000000 | val_total=0.330338 | val_mae=3.017982 | val_rmse=6.240884 | val_mape=8.249844 | val_confidence=0.000000 | val_risk=0.000000 | val_blend=0.000000 | batches=709/94 | seconds=18.93 | lr=[0.00095] | cuda_peak_mb=250.2
[2026-08-20 18:09:38] INFO Val horizons | 15min_mae=2.711888 15min_rmse=5.349714 15min_mape=7.065837 | 30min_mae=3.044278 30min_rmse=6.276836 30min_mape=8.309653 | 60min_mae=3.467874 60min_rmse=7.355166 60min_mape=9.915021
[2026-08-20 18:09:57] INFO Epoch 012 | stage=standard | train_total=0.336886 | train_forecast=0.336886 | train_confidence=0.000000 | train_risk=0.000000 | train_blend=0.000000 | val_total=0.324352 | val_mae=2.937377 | val_rmse=6.058041 | val_mape=8.174449 | val_confidence=0.000000 | val_risk=0.000000 | val_blend=0.000000 | batches=709/94 | seconds=18.98 | lr=[0.00095] | cuda_peak_mb=250.2
[2026-08-20 18:09:57] INFO Val horizons | 15min_mae=2.623324 15min_rmse=5.178062 15min_mape=6.882826 | 30min_mae=2.953543 30min_rmse=6.086523 30min_mape=8.218373 | 60min_mae=3.406206 60min_rmse=7.169724 60min_mape=9.992229
[2026-08-20 18:10:16] INFO Epoch 013 | stage=standard | train_total=0.336092 | train_forecast=0.336092 | train_confidence=0.000000 | train_risk=0.000000 | train_blend=0.000000 | val_total=0.325067 | val_mae=2.953466 | val_rmse=6.129053 | val_mape=8.230775 | val_confidence=0.000000 | val_risk=0.000000 | val_blend=0.000000 | batches=709/94 | seconds=18.96 | lr=[0.00095] | cuda_peak_mb=250.2
[2026-08-20 18:10:16] INFO Val horizons | 15min_mae=2.633261 15min_rmse=5.190742 15min_mape=6.963912 | 30min_mae=2.962119 30min_rmse=6.134472 30min_mape=8.270073 | 60min_mae=3.440197 60min_rmse=7.314694 60min_mape=10.049415
[2026-08-20 18:10:35] INFO Epoch 014 | stage=standard | train_total=0.335741 | train_forecast=0.335741 | train_confidence=0.000000 | train_risk=0.000000 | train_blend=0.000000 | val_total=0.330882 | val_mae=3.010952 | val_rmse=6.078134 | val_mape=8.380852 | val_confidence=0.000000 | val_risk=0.000000 | val_blend=0.000000 | batches=709/94 | seconds=19.01 | lr=[0.00095] | cuda_peak_mb=250.2
[2026-08-20 18:10:35] INFO Val horizons | 15min_mae=2.750082 15min_rmse=5.274345 15min_mape=7.212481 | 30min_mae=3.028705 30min_rmse=6.109936 30min_mape=8.410519 | 60min_mae=3.392327 60min_rmse=7.078044 60min_mape=9.971159
[2026-08-20 18:10:54] INFO Epoch 015 | stage=standard | train_total=0.335144 | train_forecast=0.335144 | train_confidence=0.000000 | train_risk=0.000000 | train_blend=0.000000 | val_total=0.325362 | val_mae=2.954201 | val_rmse=6.050724 | val_mape=8.445814 | val_confidence=0.000000 | val_risk=0.000000 | val_blend=0.000000 | batches=709/94 | seconds=18.95 | lr=[0.00095] | cuda_peak_mb=250.2
[2026-08-20 18:10:54] INFO Val horizons | 15min_mae=2.650896 15min_rmse=5.153657 15min_mape=7.064540 | 30min_mae=2.968619 30min_rmse=6.061670 30min_mape=8.484209 | 60min_mae=3.402648 60min_rmse=7.158384 60min_mape=10.346517
[2026-08-20 18:11:13] INFO Epoch 016 | stage=standard | train_total=0.335027 | train_forecast=0.335027 | train_confidence=0.000000 | train_risk=0.000000 | train_blend=0.000000 | val_total=0.325254 | val_mae=2.947790 | val_rmse=6.043501 | val_mape=8.138317 | val_confidence=0.000000 | val_risk=0.000000 | val_blend=0.000000 | batches=709/94 | seconds=19.00 | lr=[0.00095] | cuda_peak_mb=250.2
[2026-08-20 18:11:13] INFO Val horizons | 15min_mae=2.669578 15min_rmse=5.217298 15min_mape=6.969349 | 30min_mae=2.967845 30min_rmse=6.080306 30min_mape=8.195004 | 60min_mae=3.370251 60min_rmse=7.108926 60min_mape=9.798411
[2026-08-20 18:11:32] INFO Epoch 017 | stage=standard | train_total=0.334436 | train_forecast=0.334436 | train_confidence=0.000000 | train_risk=0.000000 | train_blend=0.000000 | val_total=0.329717 | val_mae=3.001644 | val_rmse=6.157024 | val_mape=8.318906 | val_confidence=0.000000 | val_risk=0.000000 | val_blend=0.000000 | batches=709/94 | seconds=18.91 | lr=[0.00095] | cuda_peak_mb=250.2
[2026-08-20 18:11:32] INFO Val horizons | 15min_mae=2.693050 15min_rmse=5.287137 15min_mape=7.059843 | 30min_mae=3.034307 30min_rmse=6.209293 30min_mape=8.429007 | 60min_mae=3.436011 60min_rmse=7.227539 60min_mape=9.991622
[2026-08-20 18:11:51] INFO Epoch 018 | stage=standard | train_total=0.334740 | train_forecast=0.334740 | train_confidence=0.000000 | train_risk=0.000000 | train_blend=0.000000 | val_total=0.332709 | val_mae=3.039642 | val_rmse=6.173114 | val_mape=8.314967 | val_confidence=0.000000 | val_risk=0.000000 | val_blend=0.000000 | batches=709/94 | seconds=18.99 | lr=[0.00095] | cuda_peak_mb=250.2
[2026-08-20 18:11:51] INFO Val horizons | 15min_mae=2.703626 15min_rmse=5.247046 15min_mape=6.995546 | 30min_mae=3.049651 30min_rmse=6.194229 30min_mape=8.359353 | 60min_mae=3.510807 60min_rmse=7.298934 60min_mape=10.049699
[2026-08-20 18:12:10] INFO Epoch 019 | stage=standard | train_total=0.334122 | train_forecast=0.334122 | train_confidence=0.000000 | train_risk=0.000000 | train_blend=0.000000 | val_total=0.328204 | val_mae=2.985354 | val_rmse=6.062185 | val_mape=8.330353 | val_confidence=0.000000 | val_risk=0.000000 | val_blend=0.000000 | batches=709/94 | seconds=19.00 | lr=[0.00095] | cuda_peak_mb=250.2
[2026-08-20 18:12:10] INFO Val horizons | 15min_mae=2.687493 15min_rmse=5.211727 15min_mape=7.116850 | 30min_mae=3.009927 30min_rmse=6.116530 30min_mape=8.412827 | 60min_mae=3.404434 60min_rmse=7.071499 60min_mape=9.951742
[2026-08-20 18:12:28] INFO Epoch 020 | stage=standard | train_total=0.333821 | train_forecast=0.333821 | train_confidence=0.000000 | train_risk=0.000000 | train_blend=0.000000 | val_total=0.323891 | val_mae=2.936475 | val_rmse=6.035090 | val_mape=8.237029 | val_confidence=0.000000 | val_risk=0.000000 | val_blend=0.000000 | batches=709/94 | seconds=18.97 | lr=[0.00095] | cuda_peak_mb=250.2
[2026-08-20 18:12:28] INFO Val horizons | 15min_mae=2.643051 15min_rmse=5.176502 15min_mape=7.041117 | 30min_mae=2.954561 30min_rmse=6.067875 30min_mape=8.283576 | 60min_mae=3.371413 60min_rmse=7.102464 60min_mape=9.910517
[2026-08-20 18:12:47] INFO Epoch 021 | stage=standard | train_total=0.333615 | train_forecast=0.333615 | train_confidence=0.000000 | train_risk=0.000000 | train_blend=0.000000 | val_total=0.323400 | val_mae=2.928029 | val_rmse=6.062425 | val_mape=8.435036 | val_confidence=0.000000 | val_risk=0.000000 | val_blend=0.000000 | batches=709/94 | seconds=18.95 | lr=[0.0009025] | cuda_peak_mb=250.2
[2026-08-20 18:12:47] INFO Val horizons | 15min_mae=2.615489 15min_rmse=5.133136 15min_mape=7.040646 | 30min_mae=2.954620 30min_rmse=6.103876 30min_mape=8.534732 | 60min_mae=3.370152 60min_rmse=7.165821 60min_mape=10.276587
[2026-08-20 18:13:06] INFO Epoch 022 | stage=standard | train_total=0.333293 | train_forecast=0.333293 | train_confidence=0.000000 | train_risk=0.000000 | train_blend=0.000000 | val_total=0.328441 | val_mae=2.999955 | val_rmse=6.152320 | val_mape=8.491788 | val_confidence=0.000000 | val_risk=0.000000 | val_blend=0.000000 | batches=709/94 | seconds=18.97 | lr=[0.0009025] | cuda_peak_mb=250.2
[2026-08-20 18:13:06] INFO Val horizons | 15min_mae=2.702005 15min_rmse=5.257705 15min_mape=7.199664 | 30min_mae=3.006034 30min_rmse=6.155432 30min_mape=8.497096 | 60min_mae=3.449696 60min_rmse=7.280167 60min_mape=10.292355
[2026-08-20 18:13:25] INFO Epoch 023 | stage=standard | train_total=0.332977 | train_forecast=0.332977 | train_confidence=0.000000 | train_risk=0.000000 | train_blend=0.000000 | val_total=0.320852 | val_mae=2.901381 | val_rmse=6.018566 | val_mape=8.209809 | val_confidence=0.000000 | val_risk=0.000000 | val_blend=0.000000 | batches=709/94 | seconds=18.90 | lr=[0.0009025] | cuda_peak_mb=250.2
[2026-08-20 18:13:25] INFO Val horizons | 15min_mae=2.598607 15min_rmse=5.118404 15min_mape=6.917101 | 30min_mae=2.916772 30min_rmse=6.042877 30min_mape=8.272958 | 60min_mae=3.341660 60min_rmse=7.112925 60min_mape=9.980386
[2026-08-20 18:13:25] INFO Checkpoint updated | epoch=23 | stage=standard | best_val_mae=2.901381 | path=D:\projects\researchProjects\TrafficRobustST\STAnchor-BlockMemory\artifacts\convergence\downstream_tgge_v3_matched_fulltrain_queue\downstream_tgge_v3_stgcn_base_only_fulltrain_seed42\downstream_best.pt
[2026-08-20 18:13:44] INFO Epoch 024 | stage=standard | train_total=0.333021 | train_forecast=0.333021 | train_confidence=0.000000 | train_risk=0.000000 | train_blend=0.000000 | val_total=0.324061 | val_mae=2.948771 | val_rmse=6.084609 | val_mape=8.176980 | val_confidence=0.000000 | val_risk=0.000000 | val_blend=0.000000 | batches=709/94 | seconds=18.89 | lr=[0.0009025] | cuda_peak_mb=250.2
[2026-08-20 18:13:44] INFO Val horizons | 15min_mae=2.622948 15min_rmse=5.135813 15min_mape=6.916911 | 30min_mae=2.962144 30min_rmse=6.097276 30min_mape=8.233212 | 60min_mae=3.419910 60min_rmse=7.238988 60min_mape=9.895098
[2026-08-20 18:14:03] INFO Epoch 025 | stage=standard | train_total=0.332801 | train_forecast=0.332801 | train_confidence=0.000000 | train_risk=0.000000 | train_blend=0.000000 | val_total=0.327016 | val_mae=2.972929 | val_rmse=6.072377 | val_mape=8.171009 | val_confidence=0.000000 | val_risk=0.000000 | val_blend=0.000000 | batches=709/94 | seconds=18.90 | lr=[0.0009025] | cuda_peak_mb=250.2
[2026-08-20 18:14:03] INFO Val horizons | 15min_mae=2.669995 15min_rmse=5.190786 15min_mape=6.930471 | 30min_mae=3.001301 30min_rmse=6.112777 30min_mape=8.265592 | 60min_mae=3.417093 60min_rmse=7.175580 60min_mape=9.874952
[2026-08-20 18:14:22] INFO Epoch 026 | stage=standard | train_total=0.332456 | train_forecast=0.332456 | train_confidence=0.000000 | train_risk=0.000000 | train_blend=0.000000 | val_total=0.327141 | val_mae=2.974867 | val_rmse=6.103720 | val_mape=8.468346 | val_confidence=0.000000 | val_risk=0.000000 | val_blend=0.000000 | batches=709/94 | seconds=18.84 | lr=[0.0009025] | cuda_peak_mb=250.2
[2026-08-20 18:14:22] INFO Val horizons | 15min_mae=2.665541 15min_rmse=5.197533 15min_mape=7.185284 | 30min_mae=2.988575 30min_rmse=6.130442 30min_mape=8.523673 | 60min_mae=3.404800 60min_rmse=7.180237 60min_mape=10.137817
[2026-08-20 18:14:41] INFO Epoch 027 | stage=standard | train_total=0.332568 | train_forecast=0.332568 | train_confidence=0.000000 | train_risk=0.000000 | train_blend=0.000000 | val_total=0.321210 | val_mae=2.902206 | val_rmse=6.070390 | val_mape=8.401905 | val_confidence=0.000000 | val_risk=0.000000 | val_blend=0.000000 | batches=709/94 | seconds=18.94 | lr=[0.0009025] | cuda_peak_mb=250.2
[2026-08-20 18:14:41] INFO Val horizons | 15min_mae=2.590440 15min_rmse=5.107939 15min_mape=6.967602 | 30min_mae=2.924380 30min_rmse=6.091830 30min_mape=8.456975 | 60min_mae=3.351759 60min_rmse=7.221189 60min_mape=10.358030
[2026-08-20 18:15:00] INFO Epoch 028 | stage=standard | train_total=0.332295 | train_forecast=0.332295 | train_confidence=0.000000 | train_risk=0.000000 | train_blend=0.000000 | val_total=0.322373 | val_mae=2.911444 | val_rmse=6.023892 | val_mape=8.338371 | val_confidence=0.000000 | val_risk=0.000000 | val_blend=0.000000 | batches=709/94 | seconds=18.98 | lr=[0.0009025] | cuda_peak_mb=250.2
[2026-08-20 18:15:00] INFO Val horizons | 15min_mae=2.603802 15min_rmse=5.099258 15min_mape=6.971305 | 30min_mae=2.932921 30min_rmse=6.062003 30min_mape=8.431749 | 60min_mae=3.344298 60min_rmse=7.111309 60min_mape=10.133616
[2026-08-20 18:15:19] INFO Epoch 029 | stage=standard | train_total=0.332117 | train_forecast=0.332117 | train_confidence=0.000000 | train_risk=0.000000 | train_blend=0.000000 | val_total=0.333687 | val_mae=3.074008 | val_rmse=6.242880 | val_mape=8.521406 | val_confidence=0.000000 | val_risk=0.000000 | val_blend=0.000000 | batches=709/94 | seconds=19.01 | lr=[0.0009025] | cuda_peak_mb=250.2
[2026-08-20 18:15:19] INFO Val horizons | 15min_mae=2.768888 15min_rmse=5.354629 15min_mape=7.316146 | 30min_mae=3.095217 30min_rmse=6.269996 30min_mape=8.589938 | 60min_mae=3.508151 60min_rmse=7.332296 60min_mape=10.130321
[2026-08-20 18:15:38] INFO Epoch 030 | stage=standard | train_total=0.332088 | train_forecast=0.332088 | train_confidence=0.000000 | train_risk=0.000000 | train_blend=0.000000 | val_total=0.327221 | val_mae=2.976611 | val_rmse=6.096945 | val_mape=8.301393 | val_confidence=0.000000 | val_risk=0.000000 | val_blend=0.000000 | batches=709/94 | seconds=18.98 | lr=[0.0009025] | cuda_peak_mb=250.2
[2026-08-20 18:15:38] INFO Val horizons | 15min_mae=2.683696 15min_rmse=5.198251 15min_mape=7.053171 | 30min_mae=3.006380 30min_rmse=6.142296 30min_mape=8.399180 | 60min_mae=3.395380 60min_rmse=7.178179 60min_mape=9.974309
[2026-08-20 18:15:57] INFO Epoch 031 | stage=standard | train_total=0.331619 | train_forecast=0.331619 | train_confidence=0.000000 | train_risk=0.000000 | train_blend=0.000000 | val_total=0.322519 | val_mae=2.924426 | val_rmse=6.040562 | val_mape=8.128432 | val_confidence=0.000000 | val_risk=0.000000 | val_blend=0.000000 | batches=709/94 | seconds=19.07 | lr=[0.000857375] | cuda_peak_mb=250.2
[2026-08-20 18:15:57] INFO Val horizons | 15min_mae=2.630115 15min_rmse=5.163332 15min_mape=6.899247 | 30min_mae=2.948504 30min_rmse=6.086294 30min_mape=8.213148 | 60min_mae=3.353856 60min_rmse=7.114520 60min_mape=9.807850
[2026-08-20 18:16:16] INFO Epoch 032 | stage=standard | train_total=0.331470 | train_forecast=0.331470 | train_confidence=0.000000 | train_risk=0.000000 | train_blend=0.000000 | val_total=0.325912 | val_mae=2.965774 | val_rmse=6.082569 | val_mape=8.326317 | val_confidence=0.000000 | val_risk=0.000000 | val_blend=0.000000 | batches=709/94 | seconds=18.99 | lr=[0.000857375] | cuda_peak_mb=250.2
[2026-08-20 18:16:16] INFO Val horizons | 15min_mae=2.670094 15min_rmse=5.190016 15min_mape=7.108167 | 30min_mae=2.980921 30min_rmse=6.107231 30min_mape=8.375658 | 60min_mae=3.410304 60min_rmse=7.196144 60min_mape=10.032297
[2026-08-20 18:16:35] INFO Epoch 033 | stage=standard | train_total=0.331646 | train_forecast=0.331646 | train_confidence=0.000000 | train_risk=0.000000 | train_blend=0.000000 | val_total=0.327203 | val_mae=2.980354 | val_rmse=6.137572 | val_mape=8.393514 | val_confidence=0.000000 | val_risk=0.000000 | val_blend=0.000000 | batches=709/94 | seconds=18.99 | lr=[0.000857375] | cuda_peak_mb=250.2
[2026-08-20 18:16:35] INFO Val horizons | 15min_mae=2.706444 15min_rmse=5.285723 15min_mape=7.233472 | 30min_mae=3.005389 30min_rmse=6.179535 30min_mape=8.463750 | 60min_mae=3.384038 60min_rmse=7.196185 60min_mape=10.005788
[2026-08-20 18:16:54] INFO Epoch 034 | stage=standard | train_total=0.331199 | train_forecast=0.331199 | train_confidence=0.000000 | train_risk=0.000000 | train_blend=0.000000 | val_total=0.324880 | val_mae=2.955521 | val_rmse=6.092836 | val_mape=8.313362 | val_confidence=0.000000 | val_risk=0.000000 | val_blend=0.000000 | batches=709/94 | seconds=19.01 | lr=[0.000857375] | cuda_peak_mb=250.2
[2026-08-20 18:16:54] INFO Val horizons | 15min_mae=2.662230 15min_rmse=5.199675 15min_mape=7.125470 | 30min_mae=2.977705 30min_rmse=6.128774 30min_mape=8.403567 | 60min_mae=3.391890 60min_rmse=7.198684 60min_mape=9.965113
[2026-08-20 18:17:13] INFO Epoch 035 | stage=standard | train_total=0.331438 | train_forecast=0.331438 | train_confidence=0.000000 | train_risk=0.000000 | train_blend=0.000000 | val_total=0.325909 | val_mae=2.967311 | val_rmse=6.086551 | val_mape=8.293756 | val_confidence=0.000000 | val_risk=0.000000 | val_blend=0.000000 | batches=709/94 | seconds=18.95 | lr=[0.000857375] | cuda_peak_mb=250.2
[2026-08-20 18:17:13] INFO Val horizons | 15min_mae=2.683938 15min_rmse=5.234943 15min_mape=7.191077 | 30min_mae=2.990763 30min_rmse=6.121724 30min_mape=8.355873 | 60min_mae=3.375756 60min_rmse=7.138399 60min_mape=9.812283
[2026-08-20 18:17:32] INFO Epoch 036 | stage=standard | train_total=0.330804 | train_forecast=0.330804 | train_confidence=0.000000 | train_risk=0.000000 | train_blend=0.000000 | val_total=0.329155 | val_mae=3.023924 | val_rmse=6.182741 | val_mape=8.692241 | val_confidence=0.000000 | val_risk=0.000000 | val_blend=0.000000 | batches=709/94 | seconds=18.96 | lr=[0.000857375] | cuda_peak_mb=250.2
[2026-08-20 18:17:32] INFO Val horizons | 15min_mae=2.788509 15min_rmse=5.414512 15min_mape=7.703583 | 30min_mae=3.044410 30min_rmse=6.218221 30min_mape=8.739908 | 60min_mae=3.370969 60min_rmse=7.140854 60min_mape=10.053218
[2026-08-20 18:17:51] INFO Epoch 037 | stage=standard | train_total=0.331156 | train_forecast=0.331156 | train_confidence=0.000000 | train_risk=0.000000 | train_blend=0.000000 | val_total=0.330555 | val_mae=3.025848 | val_rmse=6.206575 | val_mape=8.466918 | val_confidence=0.000000 | val_risk=0.000000 | val_blend=0.000000 | batches=709/94 | seconds=18.90 | lr=[0.000857375] | cuda_peak_mb=250.2
[2026-08-20 18:17:51] INFO Val horizons | 15min_mae=2.748113 15min_rmse=5.370787 15min_mape=7.316471 | 30min_mae=3.035206 30min_rmse=6.222699 30min_mape=8.467605 | 60min_mae=3.438251 60min_rmse=7.275508 60min_mape=10.060628
[2026-08-20 18:18:10] INFO Epoch 038 | stage=standard | train_total=0.330964 | train_forecast=0.330964 | train_confidence=0.000000 | train_risk=0.000000 | train_blend=0.000000 | val_total=0.328423 | val_mae=2.992240 | val_rmse=6.121552 | val_mape=8.582722 | val_confidence=0.000000 | val_risk=0.000000 | val_blend=0.000000 | batches=709/94 | seconds=18.91 | lr=[0.000857375] | cuda_peak_mb=250.2
[2026-08-20 18:18:10] INFO Val horizons | 15min_mae=2.703770 15min_rmse=5.224474 15min_mape=7.246191 | 30min_mae=3.023617 30min_rmse=6.170057 30min_mape=8.672135 | 60min_mae=3.392203 60min_rmse=7.178033 60min_mape=10.314392
[2026-08-20 18:18:29] INFO Epoch 039 | stage=standard | train_total=0.331121 | train_forecast=0.331121 | train_confidence=0.000000 | train_risk=0.000000 | train_blend=0.000000 | val_total=0.321853 | val_mae=2.914776 | val_rmse=6.037583 | val_mape=8.354472 | val_confidence=0.000000 | val_risk=0.000000 | val_blend=0.000000 | batches=709/94 | seconds=18.95 | lr=[0.000857375] | cuda_peak_mb=250.2
[2026-08-20 18:18:29] INFO Val horizons | 15min_mae=2.616266 15min_rmse=5.124113 15min_mape=6.952366 | 30min_mae=2.930079 30min_rmse=6.059607 30min_mape=8.390559 | 60min_mae=3.350228 60min_rmse=7.145830 60min_mape=10.243133
[2026-08-20 18:18:48] INFO Epoch 040 | stage=standard | train_total=0.330775 | train_forecast=0.330775 | train_confidence=0.000000 | train_risk=0.000000 | train_blend=0.000000 | val_total=0.324737 | val_mae=2.951768 | val_rmse=6.045667 | val_mape=8.390542 | val_confidence=0.000000 | val_risk=0.000000 | val_blend=0.000000 | batches=709/94 | seconds=18.91 | lr=[0.000857375] | cuda_peak_mb=250.2
[2026-08-20 18:18:48] INFO Val horizons | 15min_mae=2.683608 15min_rmse=5.182654 15min_mape=7.174643 | 30min_mae=2.966991 30min_rmse=6.067780 30min_mape=8.420031 | 60min_mae=3.337214 60min_rmse=7.088037 60min_mape=10.020068
[2026-08-20 18:19:06] INFO Epoch 041 | stage=standard | train_total=0.330485 | train_forecast=0.330485 | train_confidence=0.000000 | train_risk=0.000000 | train_blend=0.000000 | val_total=0.324348 | val_mae=2.947843 | val_rmse=6.104379 | val_mape=8.474032 | val_confidence=0.000000 | val_risk=0.000000 | val_blend=0.000000 | batches=709/94 | seconds=18.91 | lr=[0.0008145062499999999] | cuda_peak_mb=250.2
[2026-08-20 18:19:06] INFO Val horizons | 15min_mae=2.647688 15min_rmse=5.177512 15min_mape=7.129594 | 30min_mae=2.960759 30min_rmse=6.120615 30min_mape=8.523755 | 60min_mae=3.383751 60min_rmse=7.234454 60min_mape=10.297371
[2026-08-20 18:19:25] INFO Epoch 042 | stage=standard | train_total=0.330210 | train_forecast=0.330210 | train_confidence=0.000000 | train_risk=0.000000 | train_blend=0.000000 | val_total=0.328759 | val_mae=3.004015 | val_rmse=6.160798 | val_mape=8.308551 | val_confidence=0.000000 | val_risk=0.000000 | val_blend=0.000000 | batches=709/94 | seconds=18.87 | lr=[0.0008145062499999999] | cuda_peak_mb=250.2
[2026-08-20 18:19:25] INFO Val horizons | 15min_mae=2.701103 15min_rmse=5.266094 15min_mape=7.158990 | 30min_mae=3.022651 30min_rmse=6.196361 30min_mape=8.382731 | 60min_mae=3.461872 60min_rmse=7.280167 60min_mape=9.937531
[2026-08-20 18:19:44] INFO Epoch 043 | stage=standard | train_total=0.330467 | train_forecast=0.330467 | train_confidence=0.000000 | train_risk=0.000000 | train_blend=0.000000 | val_total=0.328944 | val_mae=3.006398 | val_rmse=6.115357 | val_mape=8.375550 | val_confidence=0.000000 | val_risk=0.000000 | val_blend=0.000000 | batches=709/94 | seconds=19.01 | lr=[0.0008145062499999999] | cuda_peak_mb=250.2
[2026-08-20 18:19:44] INFO Val horizons | 15min_mae=2.703786 15min_rmse=5.229978 15min_mape=7.193242 | 30min_mae=3.030822 30min_rmse=6.154727 30min_mape=8.463566 | 60min_mae=3.427139 60min_rmse=7.172517 60min_mape=9.926256
[2026-08-20 18:20:03] INFO Epoch 044 | stage=standard | train_total=0.330062 | train_forecast=0.330062 | train_confidence=0.000000 | train_risk=0.000000 | train_blend=0.000000 | val_total=0.329197 | val_mae=3.002381 | val_rmse=6.139963 | val_mape=8.399308 | val_confidence=0.000000 | val_risk=0.000000 | val_blend=0.000000 | batches=709/94 | seconds=19.03 | lr=[0.0008145062499999999] | cuda_peak_mb=250.2
[2026-08-20 18:20:03] INFO Val horizons | 15min_mae=2.734401 15min_rmse=5.296328 15min_mape=7.289649 | 30min_mae=3.026451 30min_rmse=6.180501 30min_mape=8.481332 | 60min_mae=3.385886 60min_rmse=7.172007 60min_mape=9.888601
[2026-08-20 18:20:22] INFO Epoch 045 | stage=standard | train_total=0.330296 | train_forecast=0.330296 | train_confidence=0.000000 | train_risk=0.000000 | train_blend=0.000000 | val_total=0.325795 | val_mae=2.949431 | val_rmse=6.076932 | val_mape=8.190034 | val_confidence=0.000000 | val_risk=0.000000 | val_blend=0.000000 | batches=709/94 | seconds=19.05 | lr=[0.0008145062499999999] | cuda_peak_mb=250.2
[2026-08-20 18:20:22] INFO Val horizons | 15min_mae=2.630886 15min_rmse=5.143761 15min_mape=6.971355 | 30min_mae=2.976423 30min_rmse=6.122015 30min_mape=8.287316 | 60min_mae=3.414796 60min_rmse=7.207609 60min_mape=9.891121
[2026-08-20 18:20:41] INFO Epoch 046 | stage=standard | train_total=0.330027 | train_forecast=0.330027 | train_confidence=0.000000 | train_risk=0.000000 | train_blend=0.000000 | val_total=0.326646 | val_mae=2.962967 | val_rmse=6.055686 | val_mape=8.281564 | val_confidence=0.000000 | val_risk=0.000000 | val_blend=0.000000 | batches=709/94 | seconds=19.00 | lr=[0.0008145062499999999] | cuda_peak_mb=250.2
[2026-08-20 18:20:41] INFO Val horizons | 15min_mae=2.650229 15min_rmse=5.118450 15min_mape=7.004725 | 30min_mae=2.989564 30min_rmse=6.094059 30min_mape=8.385097 | 60min_mae=3.411807 60min_rmse=7.179447 60min_mape=9.977537
[2026-08-20 18:21:00] INFO Epoch 047 | stage=standard | train_total=0.330093 | train_forecast=0.330093 | train_confidence=0.000000 | train_risk=0.000000 | train_blend=0.000000 | val_total=0.326884 | val_mae=2.972331 | val_rmse=6.085368 | val_mape=8.213076 | val_confidence=0.000000 | val_risk=0.000000 | val_blend=0.000000 | batches=709/94 | seconds=18.91 | lr=[0.0008145062499999999] | cuda_peak_mb=250.2
[2026-08-20 18:21:00] INFO Val horizons | 15min_mae=2.657565 15min_rmse=5.168450 15min_mape=6.982347 | 30min_mae=2.988043 30min_rmse=6.113638 30min_mape=8.290012 | 60min_mae=3.429027 60min_rmse=7.201654 60min_mape=9.864747
[2026-08-20 18:21:19] INFO Epoch 048 | stage=standard | train_total=0.330149 | train_forecast=0.330149 | train_confidence=0.000000 | train_risk=0.000000 | train_blend=0.000000 | val_total=0.333903 | val_mae=3.062418 | val_rmse=6.228454 | val_mape=8.433289 | val_confidence=0.000000 | val_risk=0.000000 | val_blend=0.000000 | batches=709/94 | seconds=18.92 | lr=[0.0008145062499999999] | cuda_peak_mb=250.2
[2026-08-20 18:21:19] INFO Val horizons | 15min_mae=2.741205 15min_rmse=5.291495 15min_mape=7.226691 | 30min_mae=3.079346 30min_rmse=6.250105 30min_mape=8.495926 | 60min_mae=3.513526 60min_rmse=7.346995 60min_mape=10.035830
[2026-08-20 18:21:38] INFO Epoch 049 | stage=standard | train_total=0.329979 | train_forecast=0.329979 | train_confidence=0.000000 | train_risk=0.000000 | train_blend=0.000000 | val_total=0.329046 | val_mae=3.014040 | val_rmse=6.170637 | val_mape=8.559255 | val_confidence=0.000000 | val_risk=0.000000 | val_blend=0.000000 | batches=709/94 | seconds=18.92 | lr=[0.0008145062499999999] | cuda_peak_mb=250.2
[2026-08-20 18:21:38] INFO Val horizons | 15min_mae=2.748321 15min_rmse=5.340052 15min_mape=7.481709 | 30min_mae=3.037096 30min_rmse=6.202876 30min_mape=8.624073 | 60min_mae=3.406531 60min_rmse=7.215210 60min_mape=10.061810
[2026-08-20 18:21:57] INFO Epoch 050 | stage=standard | train_total=0.329867 | train_forecast=0.329867 | train_confidence=0.000000 | train_risk=0.000000 | train_blend=0.000000 | val_total=0.329628 | val_mae=3.014767 | val_rmse=6.163971 | val_mape=8.368309 | val_confidence=0.000000 | val_risk=0.000000 | val_blend=0.000000 | batches=709/94 | seconds=18.98 | lr=[0.0008145062499999999] | cuda_peak_mb=250.2
[2026-08-20 18:21:57] INFO Val horizons | 15min_mae=2.738738 15min_rmse=5.334038 15min_mape=7.279309 | 30min_mae=3.039686 30min_rmse=6.205467 30min_mape=8.446020 | 60min_mae=3.424261 60min_rmse=7.211066 60min_mape=9.866462
[2026-08-20 18:21:57] INFO Downstream training finished | best_val_mae=2.901381 | checkpoint=D:\projects\researchProjects\TrafficRobustST\STAnchor-BlockMemory\artifacts\convergence\downstream_tgge_v3_matched_fulltrain_queue\downstream_tgge_v3_stgcn_base_only_fulltrain_seed42\downstream_best.pt
