[2026-09-07 02:30:36] INFO Downstream start | run=cross_dataset_stage1/pemsbay_baseonly_argcn_seed42 | device=cuda:0 (requested=cuda:0) | seed=42 | output=C:\Users\clw\projects\researchRep\STAnchor-BlockMemory\artifacts\cross_dataset_stage1\pemsbay_baseonly_argcn_seed42
[2026-09-07 02:30:36] INFO Mode | downstream_mode=base_only | training_protocol=staged_joint | candidate_protocol=weekday_radius1_overlap
[2026-09-07 02:30:36] INFO Downstream initialization | seed=42 | state_hash=552eefc7e171ebb7
[2026-09-07 02:30:36] INFO Data | steps=52116 | nodes=325 | channels=1 | training_scope=full_train | memory/post_memory/train_selected/val/test=25327/10855/36182/4912/10125
[2026-09-07 02:30:36] INFO Bank/retrieval | disabled (base_only)
[2026-09-07 02:30:36] INFO Parameters | downstream_total=150,809 | downstream_trainable=150,540 | backbone=150,540 | confidence_head=0 | fusion=0 | frozen_pretrained=0
[2026-09-07 02:30:36] INFO Optimization | epochs=50 | batch_size=32 | optimizer=adam | lr=0.001 | weight_decay=0.0001 | scheduler=step_lr | step_size=10 | gamma=0.950 | confidence_weight=0.000 | patience=10 | early_stopping=disabled
[2026-09-07 02:30:37] INFO Stage start | stage=standard | epochs=50 | optimizer_lrs=[0.001]
[2026-09-07 02:32:17] INFO Epoch 001 | stage=standard | train_total=2.061062 | train_forecast=2.061062 | train_confidence=0.000000 | train_risk=0.000000 | train_blend=0.000000 | val_total=2.164299 | val_mae=2.158881 | val_rmse=4.930550 | val_mape=5.119456 | val_confidence=0.000000 | val_risk=0.000000 | val_blend=0.000000 | batches=1131/154 | seconds=99.68 | lr=[0.001] | cuda_peak_mb=815.0
[2026-09-07 02:32:17] INFO Val horizons | 15min_mae=1.587424 15min_rmse=3.312173 15min_mape=3.464789 | 30min_mae=2.177959 30min_rmse=4.828916 30min_mape=5.053970 | 60min_mae=2.990141 60min_rmse=6.588839 60min_mape=7.601950
[2026-09-07 02:32:17] INFO Checkpoint updated | epoch=1 | stage=standard | best_val_mae=2.158881 | path=C:\Users\clw\projects\researchRep\STAnchor-BlockMemory\artifacts\cross_dataset_stage1\pemsbay_baseonly_argcn_seed42\downstream_best.pt
[2026-09-07 02:33:56] INFO Epoch 002 | stage=standard | train_total=1.931358 | train_forecast=1.931358 | train_confidence=0.000000 | train_risk=0.000000 | train_blend=0.000000 | val_total=2.111416 | val_mae=2.105171 | val_rmse=4.796987 | val_mape=5.192756 | val_confidence=0.000000 | val_risk=0.000000 | val_blend=0.000000 | batches=1131/154 | seconds=99.52 | lr=[0.001] | cuda_peak_mb=815.0
[2026-09-07 02:33:56] INFO Val horizons | 15min_mae=1.564034 15min_rmse=3.258263 15min_mape=3.469554 | 30min_mae=2.139727 30min_rmse=4.702891 30min_mape=5.187823 | 60min_mae=2.872391 60min_rmse=6.396389 60min_mape=7.637570
[2026-09-07 02:33:56] INFO Checkpoint updated | epoch=2 | stage=standard | best_val_mae=2.105171 | path=C:\Users\clw\projects\researchRep\STAnchor-BlockMemory\artifacts\cross_dataset_stage1\pemsbay_baseonly_argcn_seed42\downstream_best.pt
[2026-09-07 02:35:36] INFO Epoch 003 | stage=standard | train_total=1.890496 | train_forecast=1.890496 | train_confidence=0.000000 | train_risk=0.000000 | train_blend=0.000000 | val_total=2.056741 | val_mae=2.051310 | val_rmse=4.697340 | val_mape=4.983751 | val_confidence=0.000000 | val_risk=0.000000 | val_blend=0.000000 | batches=1131/154 | seconds=99.68 | lr=[0.001] | cuda_peak_mb=815.0
[2026-09-07 02:35:36] INFO Val horizons | 15min_mae=1.548276 15min_rmse=3.257365 15min_mape=3.367616 | 30min_mae=2.084902 30min_rmse=4.622236 30min_mape=4.959891 | 60min_mae=2.772520 60min_rmse=6.219649 60min_mape=7.290782
[2026-09-07 02:35:36] INFO Checkpoint updated | epoch=3 | stage=standard | best_val_mae=2.051310 | path=C:\Users\clw\projects\researchRep\STAnchor-BlockMemory\artifacts\cross_dataset_stage1\pemsbay_baseonly_argcn_seed42\downstream_best.pt
[2026-09-07 02:37:15] INFO Epoch 004 | stage=standard | train_total=1.850879 | train_forecast=1.850879 | train_confidence=0.000000 | train_risk=0.000000 | train_blend=0.000000 | val_total=2.014253 | val_mae=2.009078 | val_rmse=4.537868 | val_mape=4.759576 | val_confidence=0.000000 | val_risk=0.000000 | val_blend=0.000000 | batches=1131/154 | seconds=99.34 | lr=[0.001] | cuda_peak_mb=815.0
[2026-09-07 02:37:15] INFO Val horizons | 15min_mae=1.534182 15min_rmse=3.176298 15min_mape=3.356430 | 30min_mae=2.040068 30min_rmse=4.490374 30min_mape=4.763173 | 60min_mae=2.692729 60min_rmse=5.963696 60min_mape=6.773428
[2026-09-07 02:37:15] INFO Checkpoint updated | epoch=4 | stage=standard | best_val_mae=2.009078 | path=C:\Users\clw\projects\researchRep\STAnchor-BlockMemory\artifacts\cross_dataset_stage1\pemsbay_baseonly_argcn_seed42\downstream_best.pt
[2026-09-07 02:38:55] INFO Epoch 005 | stage=standard | train_total=1.817648 | train_forecast=1.817648 | train_confidence=0.000000 | train_risk=0.000000 | train_blend=0.000000 | val_total=1.972023 | val_mae=1.966473 | val_rmse=4.466468 | val_mape=4.661143 | val_confidence=0.000000 | val_risk=0.000000 | val_blend=0.000000 | batches=1131/154 | seconds=99.34 | lr=[0.001] | cuda_peak_mb=815.0
[2026-09-07 02:38:55] INFO Val horizons | 15min_mae=1.508593 15min_rmse=3.158087 15min_mape=3.271326 | 30min_mae=2.006333 30min_rmse=4.434572 30min_mape=4.707566 | 60min_mae=2.620749 60min_rmse=5.847781 60min_mape=6.612844
[2026-09-07 02:38:55] INFO Checkpoint updated | epoch=5 | stage=standard | best_val_mae=1.966473 | path=C:\Users\clw\projects\researchRep\STAnchor-BlockMemory\artifacts\cross_dataset_stage1\pemsbay_baseonly_argcn_seed42\downstream_best.pt
[2026-09-07 02:40:34] INFO Epoch 006 | stage=standard | train_total=1.786844 | train_forecast=1.786844 | train_confidence=0.000000 | train_risk=0.000000 | train_blend=0.000000 | val_total=1.971514 | val_mae=1.965279 | val_rmse=4.497528 | val_mape=4.784090 | val_confidence=0.000000 | val_risk=0.000000 | val_blend=0.000000 | batches=1131/154 | seconds=99.40 | lr=[0.001] | cuda_peak_mb=815.0
[2026-09-07 02:40:34] INFO Val horizons | 15min_mae=1.511770 15min_rmse=3.157031 15min_mape=3.328521 | 30min_mae=2.008412 30min_rmse=4.462565 30min_mape=4.849951 | 60min_mae=2.606184 60min_rmse=5.883432 60min_mape=6.770851
[2026-09-07 02:40:34] INFO Checkpoint updated | epoch=6 | stage=standard | best_val_mae=1.965279 | path=C:\Users\clw\projects\researchRep\STAnchor-BlockMemory\artifacts\cross_dataset_stage1\pemsbay_baseonly_argcn_seed42\downstream_best.pt
[2026-09-07 02:42:14] INFO Epoch 007 | stage=standard | train_total=1.761486 | train_forecast=1.761486 | train_confidence=0.000000 | train_risk=0.000000 | train_blend=0.000000 | val_total=1.953540 | val_mae=1.947371 | val_rmse=4.426152 | val_mape=4.750633 | val_confidence=0.000000 | val_risk=0.000000 | val_blend=0.000000 | batches=1131/154 | seconds=99.47 | lr=[0.001] | cuda_peak_mb=815.0
[2026-09-07 02:42:14] INFO Val horizons | 15min_mae=1.514069 15min_rmse=3.145367 15min_mape=3.383152 | 30min_mae=1.992336 30min_rmse=4.404655 30min_mape=4.824169 | 60min_mae=2.563473 60min_rmse=5.757371 60min_mape=6.626837
[2026-09-07 02:42:14] INFO Checkpoint updated | epoch=7 | stage=standard | best_val_mae=1.947371 | path=C:\Users\clw\projects\researchRep\STAnchor-BlockMemory\artifacts\cross_dataset_stage1\pemsbay_baseonly_argcn_seed42\downstream_best.pt
[2026-09-07 02:43:53] INFO Epoch 008 | stage=standard | train_total=1.739790 | train_forecast=1.739790 | train_confidence=0.000000 | train_risk=0.000000 | train_blend=0.000000 | val_total=1.936013 | val_mae=1.930144 | val_rmse=4.377910 | val_mape=4.700624 | val_confidence=0.000000 | val_risk=0.000000 | val_blend=0.000000 | batches=1131/154 | seconds=99.46 | lr=[0.001] | cuda_peak_mb=815.0
[2026-09-07 02:43:53] INFO Val horizons | 15min_mae=1.504582 15min_rmse=3.117139 15min_mape=3.300203 | 30min_mae=1.972465 30min_rmse=4.348051 30min_mape=4.743905 | 60min_mae=2.544408 60min_rmse=5.709670 60min_mape=6.663623
[2026-09-07 02:43:53] INFO Checkpoint updated | epoch=8 | stage=standard | best_val_mae=1.930144 | path=C:\Users\clw\projects\researchRep\STAnchor-BlockMemory\artifacts\cross_dataset_stage1\pemsbay_baseonly_argcn_seed42\downstream_best.pt
[2026-09-07 02:45:32] INFO Epoch 009 | stage=standard | train_total=1.720867 | train_forecast=1.720867 | train_confidence=0.000000 | train_risk=0.000000 | train_blend=0.000000 | val_total=1.918489 | val_mae=1.912696 | val_rmse=4.266225 | val_mape=4.527993 | val_confidence=0.000000 | val_risk=0.000000 | val_blend=0.000000 | batches=1131/154 | seconds=99.42 | lr=[0.001] | cuda_peak_mb=815.0
[2026-09-07 02:45:32] INFO Val horizons | 15min_mae=1.496699 15min_rmse=3.086341 15min_mape=3.287089 | 30min_mae=1.963776 30min_rmse=4.279228 30min_mape=4.640642 | 60min_mae=2.499708 60min_rmse=5.492513 60min_mape=6.199493
[2026-09-07 02:45:32] INFO Checkpoint updated | epoch=9 | stage=standard | best_val_mae=1.912696 | path=C:\Users\clw\projects\researchRep\STAnchor-BlockMemory\artifacts\cross_dataset_stage1\pemsbay_baseonly_argcn_seed42\downstream_best.pt
[2026-09-07 02:47:12] INFO Epoch 010 | stage=standard | train_total=1.706517 | train_forecast=1.706517 | train_confidence=0.000000 | train_risk=0.000000 | train_blend=0.000000 | val_total=1.909797 | val_mae=1.904108 | val_rmse=4.342506 | val_mape=4.526612 | val_confidence=0.000000 | val_risk=0.000000 | val_blend=0.000000 | batches=1131/154 | seconds=99.51 | lr=[0.001] | cuda_peak_mb=815.0
[2026-09-07 02:47:12] INFO Val horizons | 15min_mae=1.485126 15min_rmse=3.103690 15min_mape=3.246379 | 30min_mae=1.948388 30min_rmse=4.326762 30min_mape=4.611045 | 60min_mae=2.508211 60min_rmse=5.652033 60min_mape=6.294098
[2026-09-07 02:47:12] INFO Checkpoint updated | epoch=10 | stage=standard | best_val_mae=1.904108 | path=C:\Users\clw\projects\researchRep\STAnchor-BlockMemory\artifacts\cross_dataset_stage1\pemsbay_baseonly_argcn_seed42\downstream_best.pt
[2026-09-07 02:48:51] INFO Epoch 011 | stage=standard | train_total=1.691171 | train_forecast=1.691171 | train_confidence=0.000000 | train_risk=0.000000 | train_blend=0.000000 | val_total=1.894397 | val_mae=1.888986 | val_rmse=4.232714 | val_mape=4.445688 | val_confidence=0.000000 | val_risk=0.000000 | val_blend=0.000000 | batches=1131/154 | seconds=99.39 | lr=[0.00095] | cuda_peak_mb=815.0
[2026-09-07 02:48:51] INFO Val horizons | 15min_mae=1.483745 15min_rmse=3.076984 15min_mape=3.246626 | 30min_mae=1.936292 30min_rmse=4.233209 30min_mape=4.549370 | 60min_mae=2.471321 60min_rmse=5.467994 60min_mape=6.099239
[2026-09-07 02:48:51] INFO Checkpoint updated | epoch=11 | stage=standard | best_val_mae=1.888986 | path=C:\Users\clw\projects\researchRep\STAnchor-BlockMemory\artifacts\cross_dataset_stage1\pemsbay_baseonly_argcn_seed42\downstream_best.pt
[2026-09-07 02:50:31] INFO Epoch 012 | stage=standard | train_total=1.679022 | train_forecast=1.679022 | train_confidence=0.000000 | train_risk=0.000000 | train_blend=0.000000 | val_total=1.910332 | val_mae=1.904416 | val_rmse=4.366377 | val_mape=4.651363 | val_confidence=0.000000 | val_risk=0.000000 | val_blend=0.000000 | batches=1131/154 | seconds=99.42 | lr=[0.00095] | cuda_peak_mb=815.0
[2026-09-07 02:50:31] INFO Val horizons | 15min_mae=1.484826 15min_rmse=3.104845 15min_mape=3.298747 | 30min_mae=1.952975 30min_rmse=4.360352 30min_mape=4.732040 | 60min_mae=2.498391 60min_rmse=5.666048 60min_mape=6.500555
[2026-09-07 02:52:10] INFO Epoch 013 | stage=standard | train_total=1.669725 | train_forecast=1.669725 | train_confidence=0.000000 | train_risk=0.000000 | train_blend=0.000000 | val_total=1.889094 | val_mae=1.883462 | val_rmse=4.292269 | val_mape=4.508837 | val_confidence=0.000000 | val_risk=0.000000 | val_blend=0.000000 | batches=1131/154 | seconds=99.47 | lr=[0.00095] | cuda_peak_mb=815.0
[2026-09-07 02:52:10] INFO Val horizons | 15min_mae=1.483030 15min_rmse=3.093342 15min_mape=3.261588 | 30min_mae=1.932357 30min_rmse=4.286802 30min_mape=4.600392 | 60min_mae=2.459089 60min_rmse=5.564587 60min_mape=6.228691
[2026-09-07 02:52:10] INFO Checkpoint updated | epoch=13 | stage=standard | best_val_mae=1.883462 | path=C:\Users\clw\projects\researchRep\STAnchor-BlockMemory\artifacts\cross_dataset_stage1\pemsbay_baseonly_argcn_seed42\downstream_best.pt
[2026-09-07 02:53:50] INFO Epoch 014 | stage=standard | train_total=1.660411 | train_forecast=1.660411 | train_confidence=0.000000 | train_risk=0.000000 | train_blend=0.000000 | val_total=1.881397 | val_mae=1.875885 | val_rmse=4.263565 | val_mape=4.496887 | val_confidence=0.000000 | val_risk=0.000000 | val_blend=0.000000 | batches=1131/154 | seconds=99.50 | lr=[0.00095] | cuda_peak_mb=815.0
[2026-09-07 02:53:50] INFO Val horizons | 15min_mae=1.479114 15min_rmse=3.081701 15min_mape=3.270156 | 30min_mae=1.928305 30min_rmse=4.272878 30min_mape=4.616364 | 60min_mae=2.441256 60min_rmse=5.501614 60min_mape=6.168718
[2026-09-07 02:53:50] INFO Checkpoint updated | epoch=14 | stage=standard | best_val_mae=1.875885 | path=C:\Users\clw\projects\researchRep\STAnchor-BlockMemory\artifacts\cross_dataset_stage1\pemsbay_baseonly_argcn_seed42\downstream_best.pt
[2026-09-07 02:55:29] INFO Epoch 015 | stage=standard | train_total=1.652797 | train_forecast=1.652797 | train_confidence=0.000000 | train_risk=0.000000 | train_blend=0.000000 | val_total=1.890793 | val_mae=1.885269 | val_rmse=4.275902 | val_mape=4.531767 | val_confidence=0.000000 | val_risk=0.000000 | val_blend=0.000000 | batches=1131/154 | seconds=99.52 | lr=[0.00095] | cuda_peak_mb=815.0
[2026-09-07 02:55:29] INFO Val horizons | 15min_mae=1.485193 15min_rmse=3.085165 15min_mape=3.291939 | 30min_mae=1.938107 30min_rmse=4.296905 30min_mape=4.655786 | 60min_mae=2.451589 60min_rmse=5.502134 60min_mape=6.203002
[2026-09-07 02:57:09] INFO Epoch 016 | stage=standard | train_total=1.644358 | train_forecast=1.644358 | train_confidence=0.000000 | train_risk=0.000000 | train_blend=0.000000 | val_total=1.881392 | val_mae=1.875746 | val_rmse=4.260404 | val_mape=4.425394 | val_confidence=0.000000 | val_risk=0.000000 | val_blend=0.000000 | batches=1131/154 | seconds=99.54 | lr=[0.00095] | cuda_peak_mb=815.0
[2026-09-07 02:57:09] INFO Val horizons | 15min_mae=1.475275 15min_rmse=3.071868 15min_mape=3.235735 | 30min_mae=1.922817 30min_rmse=4.262142 30min_mape=4.531782 | 60min_mae=2.451259 60min_rmse=5.512782 60min_mape=6.056772
[2026-09-07 02:57:09] INFO Checkpoint updated | epoch=16 | stage=standard | best_val_mae=1.875746 | path=C:\Users\clw\projects\researchRep\STAnchor-BlockMemory\artifacts\cross_dataset_stage1\pemsbay_baseonly_argcn_seed42\downstream_best.pt
[2026-09-07 02:58:48] INFO Epoch 017 | stage=standard | train_total=1.637096 | train_forecast=1.637096 | train_confidence=0.000000 | train_risk=0.000000 | train_blend=0.000000 | val_total=1.881879 | val_mae=1.876780 | val_rmse=4.256811 | val_mape=4.414663 | val_confidence=0.000000 | val_risk=0.000000 | val_blend=0.000000 | batches=1131/154 | seconds=99.52 | lr=[0.00095] | cuda_peak_mb=815.0
[2026-09-07 02:58:48] INFO Val horizons | 15min_mae=1.476762 15min_rmse=3.076894 15min_mape=3.231495 | 30min_mae=1.923545 30min_rmse=4.261820 30min_mape=4.522781 | 60min_mae=2.451635 60min_rmse=5.501985 60min_mape=6.039917
[2026-09-07 03:00:28] INFO Epoch 018 | stage=standard | train_total=1.631755 | train_forecast=1.631755 | train_confidence=0.000000 | train_risk=0.000000 | train_blend=0.000000 | val_total=1.879732 | val_mae=1.873987 | val_rmse=4.254879 | val_mape=4.387840 | val_confidence=0.000000 | val_risk=0.000000 | val_blend=0.000000 | batches=1131/154 | seconds=99.57 | lr=[0.00095] | cuda_peak_mb=815.0
[2026-09-07 03:00:28] INFO Val horizons | 15min_mae=1.474256 15min_rmse=3.076358 15min_mape=3.222599 | 30min_mae=1.921989 30min_rmse=4.260034 30min_mape=4.484605 | 60min_mae=2.446810 60min_rmse=5.502898 60min_mape=6.007121
[2026-09-07 03:00:28] INFO Checkpoint updated | epoch=18 | stage=standard | best_val_mae=1.873987 | path=C:\Users\clw\projects\researchRep\STAnchor-BlockMemory\artifacts\cross_dataset_stage1\pemsbay_baseonly_argcn_seed42\downstream_best.pt
[2026-09-07 03:02:07] INFO Epoch 019 | stage=standard | train_total=1.624779 | train_forecast=1.624779 | train_confidence=0.000000 | train_risk=0.000000 | train_blend=0.000000 | val_total=1.891122 | val_mae=1.886069 | val_rmse=4.303866 | val_mape=4.428592 | val_confidence=0.000000 | val_risk=0.000000 | val_blend=0.000000 | batches=1131/154 | seconds=99.50 | lr=[0.00095] | cuda_peak_mb=815.0
[2026-09-07 03:02:07] INFO Val horizons | 15min_mae=1.475633 15min_rmse=3.087845 15min_mape=3.218797 | 30min_mae=1.931976 30min_rmse=4.299593 30min_mape=4.515076 | 60min_mae=2.473694 60min_rmse=5.587720 60min_mape=6.105333
[2026-09-07 03:03:47] INFO Epoch 020 | stage=standard | train_total=1.619246 | train_forecast=1.619246 | train_confidence=0.000000 | train_risk=0.000000 | train_blend=0.000000 | val_total=1.877823 | val_mae=1.871596 | val_rmse=4.271367 | val_mape=4.487295 | val_confidence=0.000000 | val_risk=0.000000 | val_blend=0.000000 | batches=1131/154 | seconds=99.48 | lr=[0.00095] | cuda_peak_mb=815.0
[2026-09-07 03:03:47] INFO Val horizons | 15min_mae=1.479769 15min_rmse=3.070276 15min_mape=3.287041 | 30min_mae=1.921628 30min_rmse=4.283901 30min_mape=4.592295 | 60min_mae=2.430224 60min_rmse=5.508048 60min_mape=6.132460
[2026-09-07 03:03:47] INFO Checkpoint updated | epoch=20 | stage=standard | best_val_mae=1.871596 | path=C:\Users\clw\projects\researchRep\STAnchor-BlockMemory\artifacts\cross_dataset_stage1\pemsbay_baseonly_argcn_seed42\downstream_best.pt
[2026-09-07 03:05:26] INFO Epoch 021 | stage=standard | train_total=1.612404 | train_forecast=1.612404 | train_confidence=0.000000 | train_risk=0.000000 | train_blend=0.000000 | val_total=1.883412 | val_mae=1.877114 | val_rmse=4.296265 | val_mape=4.545726 | val_confidence=0.000000 | val_risk=0.000000 | val_blend=0.000000 | batches=1131/154 | seconds=99.37 | lr=[0.0009025] | cuda_peak_mb=815.0
[2026-09-07 03:05:26] INFO Val horizons | 15min_mae=1.480377 15min_rmse=3.089912 15min_mape=3.295178 | 30min_mae=1.929217 30min_rmse=4.316716 30min_mape=4.640594 | 60min_mae=2.437053 60min_rmse=5.528604 60min_mape=6.257246
[2026-09-07 03:07:06] INFO Epoch 022 | stage=standard | train_total=1.607579 | train_forecast=1.607579 | train_confidence=0.000000 | train_risk=0.000000 | train_blend=0.000000 | val_total=1.888624 | val_mae=1.882680 | val_rmse=4.334554 | val_mape=4.582762 | val_confidence=0.000000 | val_risk=0.000000 | val_blend=0.000000 | batches=1131/154 | seconds=99.46 | lr=[0.0009025] | cuda_peak_mb=815.0
[2026-09-07 03:07:06] INFO Val horizons | 15min_mae=1.478783 15min_rmse=3.089875 15min_mape=3.301971 | 30min_mae=1.931104 30min_rmse=4.336456 30min_mape=4.674376 | 60min_mae=2.458014 60min_rmse=5.621978 60min_mape=6.344554
[2026-09-07 03:08:45] INFO Epoch 023 | stage=standard | train_total=1.602604 | train_forecast=1.602604 | train_confidence=0.000000 | train_risk=0.000000 | train_blend=0.000000 | val_total=1.892394 | val_mae=1.886802 | val_rmse=4.362783 | val_mape=4.553401 | val_confidence=0.000000 | val_risk=0.000000 | val_blend=0.000000 | batches=1131/154 | seconds=99.47 | lr=[0.0009025] | cuda_peak_mb=815.0
[2026-09-07 03:08:45] INFO Val horizons | 15min_mae=1.481442 15min_rmse=3.101755 15min_mape=3.279937 | 30min_mae=1.931879 30min_rmse=4.352966 30min_mape=4.635998 | 60min_mae=2.472026 60min_rmse=5.680112 60min_mape=6.323689
[2026-09-07 03:10:25] INFO Epoch 024 | stage=standard | train_total=1.598512 | train_forecast=1.598512 | train_confidence=0.000000 | train_risk=0.000000 | train_blend=0.000000 | val_total=1.874444 | val_mae=1.868983 | val_rmse=4.259202 | val_mape=4.427572 | val_confidence=0.000000 | val_risk=0.000000 | val_blend=0.000000 | batches=1131/154 | seconds=99.45 | lr=[0.0009025] | cuda_peak_mb=815.0
[2026-09-07 03:10:25] INFO Val horizons | 15min_mae=1.474312 15min_rmse=3.073059 15min_mape=3.242554 | 30min_mae=1.919212 30min_rmse=4.277765 30min_mape=4.525088 | 60min_mae=2.428263 60min_rmse=5.486738 60min_mape=6.064258
[2026-09-07 03:10:25] INFO Checkpoint updated | epoch=24 | stage=standard | best_val_mae=1.868983 | path=C:\Users\clw\projects\researchRep\STAnchor-BlockMemory\artifacts\cross_dataset_stage1\pemsbay_baseonly_argcn_seed42\downstream_best.pt
[2026-09-07 03:12:04] INFO Epoch 025 | stage=standard | train_total=1.595671 | train_forecast=1.595671 | train_confidence=0.000000 | train_risk=0.000000 | train_blend=0.000000 | val_total=1.872429 | val_mae=1.866986 | val_rmse=4.254019 | val_mape=4.438167 | val_confidence=0.000000 | val_risk=0.000000 | val_blend=0.000000 | batches=1131/154 | seconds=99.50 | lr=[0.0009025] | cuda_peak_mb=815.0
[2026-09-07 03:12:04] INFO Val horizons | 15min_mae=1.480194 15min_rmse=3.074202 15min_mape=3.294940 | 30min_mae=1.921034 30min_rmse=4.285932 30min_mape=4.579181 | 60min_mae=2.416481 60min_rmse=5.463660 60min_mape=5.977553
[2026-09-07 03:12:04] INFO Checkpoint updated | epoch=25 | stage=standard | best_val_mae=1.866986 | path=C:\Users\clw\projects\researchRep\STAnchor-BlockMemory\artifacts\cross_dataset_stage1\pemsbay_baseonly_argcn_seed42\downstream_best.pt
[2026-09-07 03:13:44] INFO Epoch 026 | stage=standard | train_total=1.591405 | train_forecast=1.591405 | train_confidence=0.000000 | train_risk=0.000000 | train_blend=0.000000 | val_total=1.885554 | val_mae=1.880493 | val_rmse=4.266794 | val_mape=4.496719 | val_confidence=0.000000 | val_risk=0.000000 | val_blend=0.000000 | batches=1131/154 | seconds=99.44 | lr=[0.0009025] | cuda_peak_mb=815.0
[2026-09-07 03:13:44] INFO Val horizons | 15min_mae=1.480270 15min_rmse=3.073174 15min_mape=3.275203 | 30min_mae=1.927889 30min_rmse=4.280475 30min_mape=4.586393 | 60min_mae=2.453736 60min_rmse=5.508467 60min_mape=6.195349
[2026-09-07 03:15:23] INFO Epoch 027 | stage=standard | train_total=1.588681 | train_forecast=1.588681 | train_confidence=0.000000 | train_risk=0.000000 | train_blend=0.000000 | val_total=1.879147 | val_mae=1.873544 | val_rmse=4.265673 | val_mape=4.450636 | val_confidence=0.000000 | val_risk=0.000000 | val_blend=0.000000 | batches=1131/154 | seconds=99.38 | lr=[0.0009025] | cuda_peak_mb=815.0
[2026-09-07 03:15:23] INFO Val horizons | 15min_mae=1.477585 15min_rmse=3.073463 15min_mape=3.262007 | 30min_mae=1.924476 30min_rmse=4.278568 30min_mape=4.550661 | 60min_mae=2.434784 60min_rmse=5.506196 60min_mape=6.087346
[2026-09-07 03:17:03] INFO Epoch 028 | stage=standard | train_total=1.585740 | train_forecast=1.585740 | train_confidence=0.000000 | train_risk=0.000000 | train_blend=0.000000 | val_total=1.875112 | val_mae=1.869372 | val_rmse=4.270905 | val_mape=4.511957 | val_confidence=0.000000 | val_risk=0.000000 | val_blend=0.000000 | batches=1131/154 | seconds=99.51 | lr=[0.0009025] | cuda_peak_mb=815.0
[2026-09-07 03:17:03] INFO Val horizons | 15min_mae=1.475057 15min_rmse=3.065950 15min_mape=3.269334 | 30min_mae=1.918852 30min_rmse=4.281901 30min_mape=4.607074 | 60min_mae=2.427871 60min_rmse=5.510799 60min_mape=6.201872
[2026-09-07 03:18:42] INFO Epoch 029 | stage=standard | train_total=1.583454 | train_forecast=1.583454 | train_confidence=0.000000 | train_risk=0.000000 | train_blend=0.000000 | val_total=1.878264 | val_mae=1.872873 | val_rmse=4.255915 | val_mape=4.410759 | val_confidence=0.000000 | val_risk=0.000000 | val_blend=0.000000 | batches=1131/154 | seconds=99.63 | lr=[0.0009025] | cuda_peak_mb=815.0
[2026-09-07 03:18:42] INFO Val horizons | 15min_mae=1.475382 15min_rmse=3.066972 15min_mape=3.231850 | 30min_mae=1.919855 30min_rmse=4.266669 30min_mape=4.493989 | 60min_mae=2.445332 60min_rmse=5.506628 60min_mape=6.058420
[2026-09-07 03:20:25] INFO Epoch 030 | stage=standard | train_total=1.579421 | train_forecast=1.579421 | train_confidence=0.000000 | train_risk=0.000000 | train_blend=0.000000 | val_total=1.878147 | val_mae=1.872533 | val_rmse=4.276291 | val_mape=4.464202 | val_confidence=0.000000 | val_risk=0.000000 | val_blend=0.000000 | batches=1131/154 | seconds=102.93 | lr=[0.0009025] | cuda_peak_mb=815.0
[2026-09-07 03:20:25] INFO Val horizons | 15min_mae=1.474941 15min_rmse=3.066214 15min_mape=3.256742 | 30min_mae=1.918332 30min_rmse=4.279124 30min_mape=4.552126 | 60min_mae=2.443384 60min_rmse=5.533022 60min_mape=6.129738
[2026-09-07 03:22:05] INFO Epoch 031 | stage=standard | train_total=1.575669 | train_forecast=1.575669 | train_confidence=0.000000 | train_risk=0.000000 | train_blend=0.000000 | val_total=1.872641 | val_mae=1.867395 | val_rmse=4.199960 | val_mape=4.355655 | val_confidence=0.000000 | val_risk=0.000000 | val_blend=0.000000 | batches=1131/154 | seconds=99.51 | lr=[0.000857375] | cuda_peak_mb=815.0
[2026-09-07 03:22:05] INFO Val horizons | 15min_mae=1.473732 15min_rmse=3.051080 15min_mape=3.222383 | 30min_mae=1.917030 30min_rmse=4.222608 30min_mape=4.453914 | 60min_mae=2.429509 60min_rmse=5.400271 60min_mape=5.930744
[2026-09-07 03:23:44] INFO Epoch 032 | stage=standard | train_total=1.572932 | train_forecast=1.572932 | train_confidence=0.000000 | train_risk=0.000000 | train_blend=0.000000 | val_total=1.890142 | val_mae=1.884541 | val_rmse=4.335119 | val_mape=4.573960 | val_confidence=0.000000 | val_risk=0.000000 | val_blend=0.000000 | batches=1131/154 | seconds=99.52 | lr=[0.000857375] | cuda_peak_mb=815.0
[2026-09-07 03:23:44] INFO Val horizons | 15min_mae=1.478510 15min_rmse=3.086939 15min_mape=3.284042 | 30min_mae=1.931175 30min_rmse=4.336964 30min_mape=4.650342 | 60min_mae=2.461955 60min_rmse=5.624426 60min_mape=6.344063
[2026-09-07 03:25:24] INFO Epoch 033 | stage=standard | train_total=1.570696 | train_forecast=1.570696 | train_confidence=0.000000 | train_risk=0.000000 | train_blend=0.000000 | val_total=1.869040 | val_mae=1.863046 | val_rmse=4.239897 | val_mape=4.456249 | val_confidence=0.000000 | val_risk=0.000000 | val_blend=0.000000 | batches=1131/154 | seconds=99.45 | lr=[0.000857375] | cuda_peak_mb=815.0
[2026-09-07 03:25:24] INFO Val horizons | 15min_mae=1.477730 15min_rmse=3.066091 15min_mape=3.268771 | 30min_mae=1.915618 30min_rmse=4.271678 30min_mape=4.566665 | 60min_mae=2.410520 60min_rmse=5.449602 60min_mape=6.074481
[2026-09-07 03:25:24] INFO Checkpoint updated | epoch=33 | stage=standard | best_val_mae=1.863046 | path=C:\Users\clw\projects\researchRep\STAnchor-BlockMemory\artifacts\cross_dataset_stage1\pemsbay_baseonly_argcn_seed42\downstream_best.pt
[2026-09-07 03:27:03] INFO Epoch 034 | stage=standard | train_total=1.568296 | train_forecast=1.568296 | train_confidence=0.000000 | train_risk=0.000000 | train_blend=0.000000 | val_total=1.872913 | val_mae=1.867560 | val_rmse=4.270607 | val_mape=4.471814 | val_confidence=0.000000 | val_risk=0.000000 | val_blend=0.000000 | batches=1131/154 | seconds=99.59 | lr=[0.000857375] | cuda_peak_mb=815.0
[2026-09-07 03:27:03] INFO Val horizons | 15min_mae=1.473007 15min_rmse=3.067692 15min_mape=3.262682 | 30min_mae=1.912838 30min_rmse=4.276867 30min_mape=4.555494 | 60min_mae=2.436522 60min_rmse=5.533753 60min_mape=6.163553
[2026-09-07 03:28:43] INFO Epoch 035 | stage=standard | train_total=1.566270 | train_forecast=1.566270 | train_confidence=0.000000 | train_risk=0.000000 | train_blend=0.000000 | val_total=1.868718 | val_mae=1.863058 | val_rmse=4.252450 | val_mape=4.447498 | val_confidence=0.000000 | val_risk=0.000000 | val_blend=0.000000 | batches=1131/154 | seconds=99.90 | lr=[0.000857375] | cuda_peak_mb=815.0
[2026-09-07 03:28:43] INFO Val horizons | 15min_mae=1.473865 15min_rmse=3.068553 15min_mape=3.269103 | 30min_mae=1.916199 30min_rmse=4.282510 30min_mape=4.555947 | 60min_mae=2.415908 60min_rmse=5.466655 60min_mape=6.070273
[2026-09-07 03:30:23] INFO Epoch 036 | stage=standard | train_total=1.563456 | train_forecast=1.563456 | train_confidence=0.000000 | train_risk=0.000000 | train_blend=0.000000 | val_total=1.870971 | val_mae=1.865221 | val_rmse=4.254685 | val_mape=4.455926 | val_confidence=0.000000 | val_risk=0.000000 | val_blend=0.000000 | batches=1131/154 | seconds=99.52 | lr=[0.000857375] | cuda_peak_mb=815.0
[2026-09-07 03:30:23] INFO Val horizons | 15min_mae=1.473585 15min_rmse=3.062997 15min_mape=3.257586 | 30min_mae=1.918148 30min_rmse=4.277349 30min_mape=4.554526 | 60min_mae=2.419021 60min_rmse=5.475174 60min_mape=6.093906
[2026-09-07 03:32:02] INFO Epoch 037 | stage=standard | train_total=1.562727 | train_forecast=1.562727 | train_confidence=0.000000 | train_risk=0.000000 | train_blend=0.000000 | val_total=1.879045 | val_mae=1.873852 | val_rmse=4.284157 | val_mape=4.490672 | val_confidence=0.000000 | val_risk=0.000000 | val_blend=0.000000 | batches=1131/154 | seconds=99.61 | lr=[0.000857375] | cuda_peak_mb=815.0
[2026-09-07 03:32:02] INFO Val horizons | 15min_mae=1.478102 15min_rmse=3.077802 15min_mape=3.279528 | 30min_mae=1.925314 30min_rmse=4.308293 30min_mape=4.591891 | 60min_mae=2.430013 60min_rmse=5.519740 60min_mape=6.142599
[2026-09-07 03:33:42] INFO Epoch 038 | stage=standard | train_total=1.559986 | train_forecast=1.559986 | train_confidence=0.000000 | train_risk=0.000000 | train_blend=0.000000 | val_total=1.872232 | val_mae=1.866762 | val_rmse=4.291391 | val_mape=4.489167 | val_confidence=0.000000 | val_risk=0.000000 | val_blend=0.000000 | batches=1131/154 | seconds=99.42 | lr=[0.000857375] | cuda_peak_mb=815.0
[2026-09-07 03:33:42] INFO Val horizons | 15min_mae=1.475573 15min_rmse=3.078302 15min_mape=3.291986 | 30min_mae=1.918918 30min_rmse=4.320424 30min_mape=4.600294 | 60min_mae=2.422487 60min_rmse=5.527849 60min_mape=6.131833
[2026-09-07 03:35:21] INFO Epoch 039 | stage=standard | train_total=1.559725 | train_forecast=1.559725 | train_confidence=0.000000 | train_risk=0.000000 | train_blend=0.000000 | val_total=1.872794 | val_mae=1.867146 | val_rmse=4.300386 | val_mape=4.470256 | val_confidence=0.000000 | val_risk=0.000000 | val_blend=0.000000 | batches=1131/154 | seconds=99.57 | lr=[0.000857375] | cuda_peak_mb=815.0
[2026-09-07 03:35:21] INFO Val horizons | 15min_mae=1.470712 15min_rmse=3.084300 15min_mape=3.244091 | 30min_mae=1.916893 30min_rmse=4.318339 30min_mape=4.555788 | 60min_mae=2.429796 60min_rmse=5.555700 60min_mape=6.161870
[2026-09-07 03:37:01] INFO Epoch 040 | stage=standard | train_total=1.557782 | train_forecast=1.557782 | train_confidence=0.000000 | train_risk=0.000000 | train_blend=0.000000 | val_total=1.866988 | val_mae=1.861302 | val_rmse=4.263989 | val_mape=4.445380 | val_confidence=0.000000 | val_risk=0.000000 | val_blend=0.000000 | batches=1131/154 | seconds=99.55 | lr=[0.000857375] | cuda_peak_mb=815.0
[2026-09-07 03:37:01] INFO Val horizons | 15min_mae=1.473814 15min_rmse=3.072993 15min_mape=3.290684 | 30min_mae=1.911448 30min_rmse=4.285382 30min_mape=4.552799 | 60min_mae=2.417865 60min_rmse=5.509573 60min_mape=6.042207
[2026-09-07 03:37:01] INFO Checkpoint updated | epoch=40 | stage=standard | best_val_mae=1.861302 | path=C:\Users\clw\projects\researchRep\STAnchor-BlockMemory\artifacts\cross_dataset_stage1\pemsbay_baseonly_argcn_seed42\downstream_best.pt
[2026-09-07 03:38:40] INFO Epoch 041 | stage=standard | train_total=1.553850 | train_forecast=1.553850 | train_confidence=0.000000 | train_risk=0.000000 | train_blend=0.000000 | val_total=1.875815 | val_mae=1.870304 | val_rmse=4.266088 | val_mape=4.432046 | val_confidence=0.000000 | val_risk=0.000000 | val_blend=0.000000 | batches=1131/154 | seconds=99.62 | lr=[0.0008145062499999999] | cuda_peak_mb=815.0
[2026-09-07 03:38:40] INFO Val horizons | 15min_mae=1.474002 15min_rmse=3.070815 15min_mape=3.239891 | 30min_mae=1.922492 30min_rmse=4.297003 30min_mape=4.525327 | 60min_mae=2.429035 60min_rmse=5.490138 60min_mape=6.073632
[2026-09-07 03:40:20] INFO Epoch 042 | stage=standard | train_total=1.551700 | train_forecast=1.551700 | train_confidence=0.000000 | train_risk=0.000000 | train_blend=0.000000 | val_total=1.874532 | val_mae=1.869025 | val_rmse=4.283561 | val_mape=4.505514 | val_confidence=0.000000 | val_risk=0.000000 | val_blend=0.000000 | batches=1131/154 | seconds=99.52 | lr=[0.0008145062499999999] | cuda_peak_mb=815.0
[2026-09-07 03:40:20] INFO Val horizons | 15min_mae=1.470783 15min_rmse=3.069353 15min_mape=3.259791 | 30min_mae=1.918987 30min_rmse=4.302670 30min_mape=4.600732 | 60min_mae=2.431929 60min_rmse=5.529986 60min_mape=6.204216
[2026-09-07 03:41:59] INFO Epoch 043 | stage=standard | train_total=1.551093 | train_forecast=1.551093 | train_confidence=0.000000 | train_risk=0.000000 | train_blend=0.000000 | val_total=1.870333 | val_mae=1.864690 | val_rmse=4.255809 | val_mape=4.477563 | val_confidence=0.000000 | val_risk=0.000000 | val_blend=0.000000 | batches=1131/154 | seconds=99.58 | lr=[0.0008145062499999999] | cuda_peak_mb=815.0
[2026-09-07 03:41:59] INFO Val horizons | 15min_mae=1.472657 15min_rmse=3.065816 15min_mape=3.270632 | 30min_mae=1.917101 30min_rmse=4.278667 30min_mape=4.581445 | 60min_mae=2.418642 60min_rmse=5.483095 60min_mape=6.119838
[2026-09-07 03:43:39] INFO Epoch 044 | stage=standard | train_total=1.548655 | train_forecast=1.548655 | train_confidence=0.000000 | train_risk=0.000000 | train_blend=0.000000 | val_total=1.877707 | val_mae=1.872012 | val_rmse=4.293412 | val_mape=4.507468 | val_confidence=0.000000 | val_risk=0.000000 | val_blend=0.000000 | batches=1131/154 | seconds=99.45 | lr=[0.0008145062499999999] | cuda_peak_mb=815.0
[2026-09-07 03:43:39] INFO Val horizons | 15min_mae=1.479339 15min_rmse=3.080283 15min_mape=3.290661 | 30min_mae=1.927438 30min_rmse=4.329540 30min_mape=4.613388 | 60min_mae=2.421089 60min_rmse=5.519097 60min_mape=6.167316
[2026-09-07 03:45:18] INFO Epoch 045 | stage=standard | train_total=1.547385 | train_forecast=1.547385 | train_confidence=0.000000 | train_risk=0.000000 | train_blend=0.000000 | val_total=1.872580 | val_mae=1.866828 | val_rmse=4.283113 | val_mape=4.458495 | val_confidence=0.000000 | val_risk=0.000000 | val_blend=0.000000 | batches=1131/154 | seconds=99.54 | lr=[0.0008145062499999999] | cuda_peak_mb=815.0
[2026-09-07 03:45:18] INFO Val horizons | 15min_mae=1.473907 15min_rmse=3.073478 15min_mape=3.267506 | 30min_mae=1.919867 30min_rmse=4.314431 30min_mape=4.556942 | 60min_mae=2.422441 60min_rmse=5.520432 60min_mape=6.103103
[2026-09-07 03:46:58] INFO Epoch 046 | stage=standard | train_total=1.545128 | train_forecast=1.545128 | train_confidence=0.000000 | train_risk=0.000000 | train_blend=0.000000 | val_total=1.879069 | val_mae=1.873997 | val_rmse=4.306780 | val_mape=4.509833 | val_confidence=0.000000 | val_risk=0.000000 | val_blend=0.000000 | batches=1131/154 | seconds=99.50 | lr=[0.0008145062499999999] | cuda_peak_mb=815.0
[2026-09-07 03:46:58] INFO Val horizons | 15min_mae=1.477331 15min_rmse=3.084415 15min_mape=3.285808 | 30min_mae=1.927189 30min_rmse=4.331039 30min_mape=4.612970 | 60min_mae=2.435402 60min_rmse=5.556980 60min_mape=6.194919
[2026-09-07 03:48:37] INFO Epoch 047 | stage=standard | train_total=1.545732 | train_forecast=1.545732 | train_confidence=0.000000 | train_risk=0.000000 | train_blend=0.000000 | val_total=1.869178 | val_mae=1.863599 | val_rmse=4.277989 | val_mape=4.447544 | val_confidence=0.000000 | val_risk=0.000000 | val_blend=0.000000 | batches=1131/154 | seconds=99.51 | lr=[0.0008145062499999999] | cuda_peak_mb=815.0
[2026-09-07 03:48:37] INFO Val horizons | 15min_mae=1.469319 15min_rmse=3.067179 15min_mape=3.240381 | 30min_mae=1.914563 30min_rmse=4.296400 30min_mape=4.533364 | 60min_mae=2.424964 60min_rmse=5.536339 60min_mape=6.122633
[2026-09-07 03:50:17] INFO Epoch 048 | stage=standard | train_total=1.544538 | train_forecast=1.544538 | train_confidence=0.000000 | train_risk=0.000000 | train_blend=0.000000 | val_total=1.864024 | val_mae=1.858470 | val_rmse=4.246796 | val_mape=4.405353 | val_confidence=0.000000 | val_risk=0.000000 | val_blend=0.000000 | batches=1131/154 | seconds=99.51 | lr=[0.0008145062499999999] | cuda_peak_mb=815.0
[2026-09-07 03:50:17] INFO Val horizons | 15min_mae=1.470181 15min_rmse=3.058667 15min_mape=3.242235 | 30min_mae=1.911941 30min_rmse=4.277502 30min_mape=4.512135 | 60min_mae=2.405992 60min_rmse=5.468013 60min_mape=5.997894
[2026-09-07 03:50:17] INFO Checkpoint updated | epoch=48 | stage=standard | best_val_mae=1.858470 | path=C:\Users\clw\projects\researchRep\STAnchor-BlockMemory\artifacts\cross_dataset_stage1\pemsbay_baseonly_argcn_seed42\downstream_best.pt
[2026-09-07 03:51:57] INFO Epoch 049 | stage=standard | train_total=1.543223 | train_forecast=1.543223 | train_confidence=0.000000 | train_risk=0.000000 | train_blend=0.000000 | val_total=1.867501 | val_mae=1.862034 | val_rmse=4.235052 | val_mape=4.429066 | val_confidence=0.000000 | val_risk=0.000000 | val_blend=0.000000 | batches=1131/154 | seconds=99.58 | lr=[0.0008145062499999999] | cuda_peak_mb=815.0
[2026-09-07 03:51:57] INFO Val horizons | 15min_mae=1.474626 15min_rmse=3.060172 15min_mape=3.255639 | 30min_mae=1.913939 30min_rmse=4.269125 30min_mape=4.550711 | 60min_mae=2.411547 60min_rmse=5.445266 60min_mape=6.009090
[2026-09-07 03:53:36] INFO Epoch 050 | stage=standard | train_total=1.541186 | train_forecast=1.541186 | train_confidence=0.000000 | train_risk=0.000000 | train_blend=0.000000 | val_total=1.876864 | val_mae=1.871223 | val_rmse=4.275760 | val_mape=4.457173 | val_confidence=0.000000 | val_risk=0.000000 | val_blend=0.000000 | batches=1131/154 | seconds=99.69 | lr=[0.0008145062499999999] | cuda_peak_mb=815.0
[2026-09-07 03:53:36] INFO Val horizons | 15min_mae=1.478857 15min_rmse=3.068417 15min_mape=3.277067 | 30min_mae=1.924284 30min_rmse=4.304387 30min_mape=4.566000 | 60min_mae=2.421189 60min_rmse=5.495433 60min_mape=6.056809
[2026-09-07 03:53:36] INFO Downstream training finished | best_val_mae=1.858470 | checkpoint=C:\Users\clw\projects\researchRep\STAnchor-BlockMemory\artifacts\cross_dataset_stage1\pemsbay_baseonly_argcn_seed42\downstream_best.pt
