[2026-09-06 18:59:47] INFO Downstream start | run=cross_dataset_stage1/pemsbay_baseonly_staeformer_seed42 | device=cuda:0 (requested=cuda:0) | seed=42 | output=C:\Users\clw\projects\researchRep\STAnchor-BlockMemory\artifacts\cross_dataset_stage1\pemsbay_baseonly_staeformer_seed42
[2026-09-06 18:59:47] INFO Mode | downstream_mode=base_only | training_protocol=staged_joint | candidate_protocol=weekday_radius1_overlap
[2026-09-06 18:59:47] INFO STAEformer temporal covariates | mode=calendar | source=dataset slot/weekday
[2026-09-06 18:59:47] INFO Downstream initialization | seed=42 | state_hash=39ed8b7ae6d872bf
[2026-09-06 18:59:47] INFO Data | steps=52116 | nodes=325 | channels=1 | training_scope=full_train | memory/post_memory/train_selected/val/test=25327/10855/36182/4912/10125
[2026-09-06 18:59:47] INFO Bank/retrieval | disabled (base_only)
[2026-09-06 18:59:47] INFO Parameters | downstream_total=1,372,481 | downstream_trainable=1,372,212 | backbone=1,372,212 | confidence_head=0 | fusion=0 | frozen_pretrained=0
[2026-09-06 18:59:47] INFO Optimization | epochs=50 | batch_size=32 | optimizer=adam | lr=0.001 | weight_decay=0.0001 | scheduler=step_lr | step_size=10 | gamma=0.950 | confidence_weight=0.000 | patience=10 | early_stopping=disabled
[2026-09-06 18:59:49] INFO Stage start | stage=standard | epochs=50 | optimizer_lrs=[0.001]
[2026-09-06 19:09:02] INFO Epoch 001 | stage=standard | train_total=2.078524 | train_forecast=2.078524 | train_confidence=0.000000 | train_risk=0.000000 | train_blend=0.000000 | val_total=2.210191 | val_mae=2.203901 | val_rmse=4.443664 | val_mape=5.119424 | val_confidence=0.000000 | val_risk=0.000000 | val_blend=0.000000 | batches=1131/154 | seconds=553.64 | lr=[0.001] | cuda_peak_mb=8170.1
[2026-09-06 19:09:02] INFO Val horizons | 15min_mae=1.831572 15min_rmse=3.465154 15min_mape=4.093292 | 30min_mae=2.263234 30min_rmse=4.483179 30min_mape=5.211795 | 60min_mae=2.739211 60min_rmse=5.504307 60min_mape=6.486501
[2026-09-06 19:09:02] INFO Checkpoint updated | epoch=1 | stage=standard | best_val_mae=2.203901 | path=C:\Users\clw\projects\researchRep\STAnchor-BlockMemory\artifacts\cross_dataset_stage1\pemsbay_baseonly_staeformer_seed42\downstream_best.pt
[2026-09-06 19:18:16] INFO Epoch 002 | stage=standard | train_total=1.746426 | train_forecast=1.746426 | train_confidence=0.000000 | train_risk=0.000000 | train_blend=0.000000 | val_total=1.832857 | val_mae=1.828199 | val_rmse=4.048979 | val_mape=4.301654 | val_confidence=0.000000 | val_risk=0.000000 | val_blend=0.000000 | batches=1131/154 | seconds=553.79 | lr=[0.001] | cuda_peak_mb=8170.1
[2026-09-06 19:18:16] INFO Val horizons | 15min_mae=1.471394 15min_rmse=3.097371 15min_mape=3.252812 | 30min_mae=1.905205 30min_rmse=4.128097 30min_mape=4.478672 | 60min_mae=2.310418 60min_rmse=5.033492 60min_mape=5.650774
[2026-09-06 19:18:16] INFO Checkpoint updated | epoch=2 | stage=standard | best_val_mae=1.828199 | path=C:\Users\clw\projects\researchRep\STAnchor-BlockMemory\artifacts\cross_dataset_stage1\pemsbay_baseonly_staeformer_seed42\downstream_best.pt
[2026-09-06 19:27:28] INFO Epoch 003 | stage=standard | train_total=1.660021 | train_forecast=1.660021 | train_confidence=0.000000 | train_risk=0.000000 | train_blend=0.000000 | val_total=1.787670 | val_mae=1.782501 | val_rmse=4.001409 | val_mape=4.153691 | val_confidence=0.000000 | val_risk=0.000000 | val_blend=0.000000 | batches=1131/154 | seconds=551.99 | lr=[0.001] | cuda_peak_mb=8170.1
[2026-09-06 19:27:28] INFO Val horizons | 15min_mae=1.472272 15min_rmse=3.103547 15min_mape=3.212386 | 30min_mae=1.848506 30min_rmse=4.110602 30min_mape=4.306158 | 60min_mae=2.212954 60min_rmse=4.907329 60min_mape=5.379186
[2026-09-06 19:27:28] INFO Checkpoint updated | epoch=3 | stage=standard | best_val_mae=1.782501 | path=C:\Users\clw\projects\researchRep\STAnchor-BlockMemory\artifacts\cross_dataset_stage1\pemsbay_baseonly_staeformer_seed42\downstream_best.pt
[2026-09-06 19:36:40] INFO Epoch 004 | stage=standard | train_total=1.613859 | train_forecast=1.613859 | train_confidence=0.000000 | train_risk=0.000000 | train_blend=0.000000 | val_total=1.705546 | val_mae=1.701195 | val_rmse=3.833934 | val_mape=3.937796 | val_confidence=0.000000 | val_risk=0.000000 | val_blend=0.000000 | batches=1131/154 | seconds=551.73 | lr=[0.001] | cuda_peak_mb=8170.1
[2026-09-06 19:36:40] INFO Val horizons | 15min_mae=1.443287 15min_rmse=3.000429 15min_mape=3.086091 | 30min_mae=1.765331 30min_rmse=3.936673 30min_mape=4.066119 | 60min_mae=2.071896 60min_rmse=4.718174 60min_mape=5.072401
[2026-09-06 19:36:40] INFO Checkpoint updated | epoch=4 | stage=standard | best_val_mae=1.701195 | path=C:\Users\clw\projects\researchRep\STAnchor-BlockMemory\artifacts\cross_dataset_stage1\pemsbay_baseonly_staeformer_seed42\downstream_best.pt
[2026-09-06 19:45:53] INFO Epoch 005 | stage=standard | train_total=1.578649 | train_forecast=1.578649 | train_confidence=0.000000 | train_risk=0.000000 | train_blend=0.000000 | val_total=1.697461 | val_mae=1.692770 | val_rmse=3.822892 | val_mape=3.973263 | val_confidence=0.000000 | val_risk=0.000000 | val_blend=0.000000 | batches=1131/154 | seconds=553.12 | lr=[0.001] | cuda_peak_mb=8170.1
[2026-09-06 19:45:53] INFO Val horizons | 15min_mae=1.420749 15min_rmse=2.964709 15min_mape=3.126702 | 30min_mae=1.758842 30min_rmse=3.933228 30min_mape=4.149094 | 60min_mae=2.073675 60min_rmse=4.689706 60min_mape=5.064115
[2026-09-06 19:45:53] INFO Checkpoint updated | epoch=5 | stage=standard | best_val_mae=1.692770 | path=C:\Users\clw\projects\researchRep\STAnchor-BlockMemory\artifacts\cross_dataset_stage1\pemsbay_baseonly_staeformer_seed42\downstream_best.pt
[2026-09-06 19:55:06] INFO Epoch 006 | stage=standard | train_total=1.551123 | train_forecast=1.551123 | train_confidence=0.000000 | train_risk=0.000000 | train_blend=0.000000 | val_total=1.683103 | val_mae=1.678329 | val_rmse=3.783967 | val_mape=3.857333 | val_confidence=0.000000 | val_risk=0.000000 | val_blend=0.000000 | batches=1131/154 | seconds=552.89 | lr=[0.001] | cuda_peak_mb=8170.1
[2026-09-06 19:55:06] INFO Val horizons | 15min_mae=1.403404 15min_rmse=2.942402 15min_mape=3.094865 | 30min_mae=1.747175 30min_rmse=3.886966 30min_mape=4.044158 | 60min_mae=2.072218 60min_rmse=4.684146 60min_mape=4.838626
[2026-09-06 19:55:06] INFO Checkpoint updated | epoch=6 | stage=standard | best_val_mae=1.678329 | path=C:\Users\clw\projects\researchRep\STAnchor-BlockMemory\artifacts\cross_dataset_stage1\pemsbay_baseonly_staeformer_seed42\downstream_best.pt
[2026-09-06 20:04:19] INFO Epoch 007 | stage=standard | train_total=1.527135 | train_forecast=1.527135 | train_confidence=0.000000 | train_risk=0.000000 | train_blend=0.000000 | val_total=1.643707 | val_mae=1.638884 | val_rmse=3.747796 | val_mape=3.846450 | val_confidence=0.000000 | val_risk=0.000000 | val_blend=0.000000 | batches=1131/154 | seconds=552.88 | lr=[0.001] | cuda_peak_mb=8170.1
[2026-09-06 20:04:19] INFO Val horizons | 15min_mae=1.396157 15min_rmse=2.925982 15min_mape=3.051546 | 30min_mae=1.710023 30min_rmse=3.887481 30min_mape=4.030011 | 60min_mae=1.975287 60min_rmse=4.546073 60min_mape=4.868221
[2026-09-06 20:04:19] INFO Checkpoint updated | epoch=7 | stage=standard | best_val_mae=1.638884 | path=C:\Users\clw\projects\researchRep\STAnchor-BlockMemory\artifacts\cross_dataset_stage1\pemsbay_baseonly_staeformer_seed42\downstream_best.pt
[2026-09-06 20:13:32] INFO Epoch 008 | stage=standard | train_total=1.508196 | train_forecast=1.508196 | train_confidence=0.000000 | train_risk=0.000000 | train_blend=0.000000 | val_total=1.638344 | val_mae=1.633753 | val_rmse=3.699357 | val_mape=3.749203 | val_confidence=0.000000 | val_risk=0.000000 | val_blend=0.000000 | batches=1131/154 | seconds=553.22 | lr=[0.001] | cuda_peak_mb=8170.1
[2026-09-06 20:13:32] INFO Val horizons | 15min_mae=1.389570 15min_rmse=2.928404 15min_mape=2.991810 | 30min_mae=1.698603 30min_rmse=3.810221 30min_mape=3.890205 | 60min_mae=1.977308 60min_rmse=4.501193 60min_mape=4.758174
[2026-09-06 20:13:32] INFO Checkpoint updated | epoch=8 | stage=standard | best_val_mae=1.633753 | path=C:\Users\clw\projects\researchRep\STAnchor-BlockMemory\artifacts\cross_dataset_stage1\pemsbay_baseonly_staeformer_seed42\downstream_best.pt
[2026-09-06 20:22:46] INFO Epoch 009 | stage=standard | train_total=1.491602 | train_forecast=1.491602 | train_confidence=0.000000 | train_risk=0.000000 | train_blend=0.000000 | val_total=1.614716 | val_mae=1.610313 | val_rmse=3.707795 | val_mape=3.655136 | val_confidence=0.000000 | val_risk=0.000000 | val_blend=0.000000 | batches=1131/154 | seconds=553.64 | lr=[0.001] | cuda_peak_mb=8170.1
[2026-09-06 20:22:46] INFO Val horizons | 15min_mae=1.368704 15min_rmse=2.900154 15min_mape=2.959789 | 30min_mae=1.676460 30min_rmse=3.828519 30min_mape=3.836244 | 60min_mae=1.951202 60min_rmse=4.504522 60min_mape=4.583372
[2026-09-06 20:22:46] INFO Checkpoint updated | epoch=9 | stage=standard | best_val_mae=1.610313 | path=C:\Users\clw\projects\researchRep\STAnchor-BlockMemory\artifacts\cross_dataset_stage1\pemsbay_baseonly_staeformer_seed42\downstream_best.pt
[2026-09-06 20:31:59] INFO Epoch 010 | stage=standard | train_total=1.480210 | train_forecast=1.480210 | train_confidence=0.000000 | train_risk=0.000000 | train_blend=0.000000 | val_total=1.619846 | val_mae=1.615026 | val_rmse=3.697507 | val_mape=3.779252 | val_confidence=0.000000 | val_risk=0.000000 | val_blend=0.000000 | batches=1131/154 | seconds=553.08 | lr=[0.001] | cuda_peak_mb=8170.1
[2026-09-06 20:31:59] INFO Val horizons | 15min_mae=1.373161 15min_rmse=2.907680 15min_mape=2.995877 | 30min_mae=1.682135 30min_rmse=3.814940 30min_mape=3.936287 | 60min_mae=1.952981 60min_rmse=4.493556 60min_mape=4.810171
[2026-09-06 20:41:11] INFO Epoch 011 | stage=standard | train_total=1.464134 | train_forecast=1.464134 | train_confidence=0.000000 | train_risk=0.000000 | train_blend=0.000000 | val_total=1.606427 | val_mae=1.601567 | val_rmse=3.679520 | val_mape=3.775187 | val_confidence=0.000000 | val_risk=0.000000 | val_blend=0.000000 | batches=1131/154 | seconds=552.09 | lr=[0.00095] | cuda_peak_mb=8170.1
[2026-09-06 20:41:11] INFO Val horizons | 15min_mae=1.371539 15min_rmse=2.888934 15min_mape=3.067351 | 30min_mae=1.670685 30min_rmse=3.805234 30min_mape=3.989394 | 60min_mae=1.924924 60min_rmse=4.454372 60min_mape=4.633654
[2026-09-06 20:41:11] INFO Checkpoint updated | epoch=11 | stage=standard | best_val_mae=1.601567 | path=C:\Users\clw\projects\researchRep\STAnchor-BlockMemory\artifacts\cross_dataset_stage1\pemsbay_baseonly_staeformer_seed42\downstream_best.pt
[2026-09-06 20:50:24] INFO Epoch 012 | stage=standard | train_total=1.454031 | train_forecast=1.454031 | train_confidence=0.000000 | train_risk=0.000000 | train_blend=0.000000 | val_total=1.602806 | val_mae=1.598409 | val_rmse=3.661631 | val_mape=3.615771 | val_confidence=0.000000 | val_risk=0.000000 | val_blend=0.000000 | batches=1131/154 | seconds=553.06 | lr=[0.00095] | cuda_peak_mb=8170.1
[2026-09-06 20:50:24] INFO Val horizons | 15min_mae=1.379103 15min_rmse=2.894634 15min_mape=2.954936 | 30min_mae=1.667829 30min_rmse=3.785776 30min_mape=3.797462 | 60min_mae=1.918247 60min_rmse=4.431719 60min_mape=4.487489
[2026-09-06 20:50:24] INFO Checkpoint updated | epoch=12 | stage=standard | best_val_mae=1.598409 | path=C:\Users\clw\projects\researchRep\STAnchor-BlockMemory\artifacts\cross_dataset_stage1\pemsbay_baseonly_staeformer_seed42\downstream_best.pt
[2026-09-06 20:59:37] INFO Epoch 013 | stage=standard | train_total=1.447043 | train_forecast=1.447043 | train_confidence=0.000000 | train_risk=0.000000 | train_blend=0.000000 | val_total=1.598084 | val_mae=1.593585 | val_rmse=3.653965 | val_mape=3.662427 | val_confidence=0.000000 | val_risk=0.000000 | val_blend=0.000000 | batches=1131/154 | seconds=553.14 | lr=[0.00095] | cuda_peak_mb=8170.1
[2026-09-06 20:59:37] INFO Val horizons | 15min_mae=1.368359 15min_rmse=2.899871 15min_mape=2.940267 | 30min_mae=1.662379 30min_rmse=3.778109 30min_mape=3.810734 | 60min_mae=1.905114 60min_rmse=4.417072 60min_mape=4.605505
[2026-09-06 20:59:37] INFO Checkpoint updated | epoch=13 | stage=standard | best_val_mae=1.593585 | path=C:\Users\clw\projects\researchRep\STAnchor-BlockMemory\artifacts\cross_dataset_stage1\pemsbay_baseonly_staeformer_seed42\downstream_best.pt
[2026-09-06 21:08:50] INFO Epoch 014 | stage=standard | train_total=1.438614 | train_forecast=1.438614 | train_confidence=0.000000 | train_risk=0.000000 | train_blend=0.000000 | val_total=1.588449 | val_mae=1.584047 | val_rmse=3.638546 | val_mape=3.625644 | val_confidence=0.000000 | val_risk=0.000000 | val_blend=0.000000 | batches=1131/154 | seconds=553.18 | lr=[0.00095] | cuda_peak_mb=8170.1
[2026-09-06 21:08:50] INFO Val horizons | 15min_mae=1.359163 15min_rmse=2.870860 15min_mape=2.947469 | 30min_mae=1.648879 30min_rmse=3.758084 30min_mape=3.806720 | 60min_mae=1.903997 60min_rmse=4.399260 60min_mape=4.493540
[2026-09-06 21:08:50] INFO Checkpoint updated | epoch=14 | stage=standard | best_val_mae=1.584047 | path=C:\Users\clw\projects\researchRep\STAnchor-BlockMemory\artifacts\cross_dataset_stage1\pemsbay_baseonly_staeformer_seed42\downstream_best.pt
[2026-09-06 21:18:04] INFO Epoch 015 | stage=standard | train_total=1.430530 | train_forecast=1.430530 | train_confidence=0.000000 | train_risk=0.000000 | train_blend=0.000000 | val_total=1.587237 | val_mae=1.582854 | val_rmse=3.652138 | val_mape=3.584963 | val_confidence=0.000000 | val_risk=0.000000 | val_blend=0.000000 | batches=1131/154 | seconds=553.23 | lr=[0.00095] | cuda_peak_mb=8170.1
[2026-09-06 21:18:04] INFO Val horizons | 15min_mae=1.354937 15min_rmse=2.872958 15min_mape=2.897625 | 30min_mae=1.649776 30min_rmse=3.769216 30min_mape=3.741846 | 60min_mae=1.905239 60min_rmse=4.423993 60min_mape=4.503703
[2026-09-06 21:18:04] INFO Checkpoint updated | epoch=15 | stage=standard | best_val_mae=1.582854 | path=C:\Users\clw\projects\researchRep\STAnchor-BlockMemory\artifacts\cross_dataset_stage1\pemsbay_baseonly_staeformer_seed42\downstream_best.pt
[2026-09-06 21:27:17] INFO Epoch 016 | stage=standard | train_total=1.423007 | train_forecast=1.423007 | train_confidence=0.000000 | train_risk=0.000000 | train_blend=0.000000 | val_total=1.582335 | val_mae=1.578038 | val_rmse=3.637300 | val_mape=3.585794 | val_confidence=0.000000 | val_risk=0.000000 | val_blend=0.000000 | batches=1131/154 | seconds=553.08 | lr=[0.00095] | cuda_peak_mb=8170.1
[2026-09-06 21:27:17] INFO Val horizons | 15min_mae=1.349724 15min_rmse=2.858570 15min_mape=2.887422 | 30min_mae=1.643847 30min_rmse=3.741547 30min_mape=3.744724 | 60min_mae=1.903303 60min_rmse=4.447113 60min_mape=4.515254
[2026-09-06 21:27:17] INFO Checkpoint updated | epoch=16 | stage=standard | best_val_mae=1.578038 | path=C:\Users\clw\projects\researchRep\STAnchor-BlockMemory\artifacts\cross_dataset_stage1\pemsbay_baseonly_staeformer_seed42\downstream_best.pt
[2026-09-06 21:36:30] INFO Epoch 017 | stage=standard | train_total=1.416428 | train_forecast=1.416428 | train_confidence=0.000000 | train_risk=0.000000 | train_blend=0.000000 | val_total=1.576980 | val_mae=1.572267 | val_rmse=3.631605 | val_mape=3.606259 | val_confidence=0.000000 | val_risk=0.000000 | val_blend=0.000000 | batches=1131/154 | seconds=552.85 | lr=[0.00095] | cuda_peak_mb=8170.1
[2026-09-06 21:36:30] INFO Val horizons | 15min_mae=1.347974 15min_rmse=2.857421 15min_mape=2.910642 | 30min_mae=1.638205 30min_rmse=3.757789 30min_mape=3.758872 | 60min_mae=1.888048 60min_rmse=4.404600 60min_mape=4.537893
[2026-09-06 21:36:30] INFO Checkpoint updated | epoch=17 | stage=standard | best_val_mae=1.572267 | path=C:\Users\clw\projects\researchRep\STAnchor-BlockMemory\artifacts\cross_dataset_stage1\pemsbay_baseonly_staeformer_seed42\downstream_best.pt
[2026-09-06 21:45:40] INFO Epoch 018 | stage=standard | train_total=1.410776 | train_forecast=1.410776 | train_confidence=0.000000 | train_risk=0.000000 | train_blend=0.000000 | val_total=1.572519 | val_mae=1.567958 | val_rmse=3.621939 | val_mape=3.635119 | val_confidence=0.000000 | val_risk=0.000000 | val_blend=0.000000 | batches=1131/154 | seconds=550.53 | lr=[0.00095] | cuda_peak_mb=8170.1
[2026-09-06 21:45:40] INFO Val horizons | 15min_mae=1.343163 15min_rmse=2.843107 15min_mape=2.942688 | 30min_mae=1.632307 30min_rmse=3.735209 30min_mape=3.793126 | 60min_mae=1.888834 60min_rmse=4.409455 60min_mape=4.565474
[2026-09-06 21:45:40] INFO Checkpoint updated | epoch=18 | stage=standard | best_val_mae=1.567958 | path=C:\Users\clw\projects\researchRep\STAnchor-BlockMemory\artifacts\cross_dataset_stage1\pemsbay_baseonly_staeformer_seed42\downstream_best.pt
[2026-09-06 21:54:39] INFO Epoch 019 | stage=standard | train_total=1.405838 | train_forecast=1.405838 | train_confidence=0.000000 | train_risk=0.000000 | train_blend=0.000000 | val_total=1.582692 | val_mae=1.577840 | val_rmse=3.661996 | val_mape=3.691233 | val_confidence=0.000000 | val_risk=0.000000 | val_blend=0.000000 | batches=1131/154 | seconds=538.77 | lr=[0.00095] | cuda_peak_mb=8170.1
[2026-09-06 21:54:39] INFO Val horizons | 15min_mae=1.351033 15min_rmse=2.858411 15min_mape=2.987623 | 30min_mae=1.639214 30min_rmse=3.775615 30min_mape=3.847093 | 60min_mae=1.904215 60min_rmse=4.449758 60min_mape=4.642509
[2026-09-06 22:03:36] INFO Epoch 020 | stage=standard | train_total=1.400322 | train_forecast=1.400322 | train_confidence=0.000000 | train_risk=0.000000 | train_blend=0.000000 | val_total=1.574204 | val_mae=1.569641 | val_rmse=3.618694 | val_mape=3.571389 | val_confidence=0.000000 | val_risk=0.000000 | val_blend=0.000000 | batches=1131/154 | seconds=536.67 | lr=[0.00095] | cuda_peak_mb=8170.1
[2026-09-06 22:03:36] INFO Val horizons | 15min_mae=1.348243 15min_rmse=2.831476 15min_mape=2.892699 | 30min_mae=1.641496 30min_rmse=3.739584 30min_mape=3.758191 | 60min_mae=1.877819 60min_rmse=4.382387 60min_mape=4.446617
[2026-09-06 22:12:29] INFO Epoch 021 | stage=standard | train_total=1.392388 | train_forecast=1.392388 | train_confidence=0.000000 | train_risk=0.000000 | train_blend=0.000000 | val_total=1.565930 | val_mae=1.561716 | val_rmse=3.612106 | val_mape=3.567610 | val_confidence=0.000000 | val_risk=0.000000 | val_blend=0.000000 | batches=1131/154 | seconds=533.88 | lr=[0.0009025] | cuda_peak_mb=8170.1
[2026-09-06 22:12:29] INFO Val horizons | 15min_mae=1.341855 15min_rmse=2.843545 15min_mape=2.883349 | 30min_mae=1.628881 30min_rmse=3.729928 30min_mape=3.729834 | 60min_mae=1.878954 60min_rmse=4.390899 60min_mape=4.477320
[2026-09-06 22:12:30] INFO Checkpoint updated | epoch=21 | stage=standard | best_val_mae=1.561716 | path=C:\Users\clw\projects\researchRep\STAnchor-BlockMemory\artifacts\cross_dataset_stage1\pemsbay_baseonly_staeformer_seed42\downstream_best.pt
[2026-09-06 22:21:23] INFO Epoch 022 | stage=standard | train_total=1.385007 | train_forecast=1.385007 | train_confidence=0.000000 | train_risk=0.000000 | train_blend=0.000000 | val_total=1.560314 | val_mae=1.555933 | val_rmse=3.569498 | val_mape=3.566562 | val_confidence=0.000000 | val_risk=0.000000 | val_blend=0.000000 | batches=1131/154 | seconds=533.58 | lr=[0.0009025] | cuda_peak_mb=8170.1
[2026-09-06 22:21:23] INFO Val horizons | 15min_mae=1.338556 15min_rmse=2.827480 15min_mape=2.908159 | 30min_mae=1.625374 30min_rmse=3.698180 30min_mape=3.763695 | 60min_mae=1.858823 60min_rmse=4.300245 60min_mape=4.392134
[2026-09-06 22:21:23] INFO Checkpoint updated | epoch=22 | stage=standard | best_val_mae=1.555933 | path=C:\Users\clw\projects\researchRep\STAnchor-BlockMemory\artifacts\cross_dataset_stage1\pemsbay_baseonly_staeformer_seed42\downstream_best.pt
[2026-09-06 22:30:17] INFO Epoch 023 | stage=standard | train_total=1.381660 | train_forecast=1.381660 | train_confidence=0.000000 | train_risk=0.000000 | train_blend=0.000000 | val_total=1.579335 | val_mae=1.574673 | val_rmse=3.625479 | val_mape=3.559898 | val_confidence=0.000000 | val_risk=0.000000 | val_blend=0.000000 | batches=1131/154 | seconds=533.75 | lr=[0.0009025] | cuda_peak_mb=8170.1
[2026-09-06 22:30:17] INFO Val horizons | 15min_mae=1.350734 15min_rmse=2.858329 15min_mape=2.893248 | 30min_mae=1.641030 30min_rmse=3.741650 30min_mape=3.717024 | 60min_mae=1.886621 60min_rmse=4.394467 60min_mape=4.424789
[2026-09-06 22:39:10] INFO Epoch 024 | stage=standard | train_total=1.378429 | train_forecast=1.378429 | train_confidence=0.000000 | train_risk=0.000000 | train_blend=0.000000 | val_total=1.560780 | val_mae=1.556398 | val_rmse=3.599976 | val_mape=3.564863 | val_confidence=0.000000 | val_risk=0.000000 | val_blend=0.000000 | batches=1131/154 | seconds=533.30 | lr=[0.0009025] | cuda_peak_mb=8170.1
[2026-09-06 22:39:10] INFO Val horizons | 15min_mae=1.338538 15min_rmse=2.838753 15min_mape=2.913570 | 30min_mae=1.623099 30min_rmse=3.720467 30min_mape=3.724870 | 60min_mae=1.865010 60min_rmse=4.363156 60min_mape=4.450303
[2026-09-06 22:48:04] INFO Epoch 025 | stage=standard | train_total=1.374289 | train_forecast=1.374289 | train_confidence=0.000000 | train_risk=0.000000 | train_blend=0.000000 | val_total=1.565578 | val_mae=1.560767 | val_rmse=3.601693 | val_mape=3.585302 | val_confidence=0.000000 | val_risk=0.000000 | val_blend=0.000000 | batches=1131/154 | seconds=533.63 | lr=[0.0009025] | cuda_peak_mb=8170.1
[2026-09-06 22:48:04] INFO Val horizons | 15min_mae=1.340192 15min_rmse=2.840524 15min_mape=2.888332 | 30min_mae=1.627113 30min_rmse=3.729243 30min_mape=3.744913 | 60min_mae=1.875135 60min_rmse=4.352265 60min_mape=4.529120
[2026-09-06 22:56:57] INFO Epoch 026 | stage=standard | train_total=1.369480 | train_forecast=1.369480 | train_confidence=0.000000 | train_risk=0.000000 | train_blend=0.000000 | val_total=1.558296 | val_mae=1.553500 | val_rmse=3.586767 | val_mape=3.592563 | val_confidence=0.000000 | val_risk=0.000000 | val_blend=0.000000 | batches=1131/154 | seconds=532.99 | lr=[0.0009025] | cuda_peak_mb=8170.1
[2026-09-06 22:56:57] INFO Val horizons | 15min_mae=1.339229 15min_rmse=2.845173 15min_mape=2.946496 | 30min_mae=1.619435 30min_rmse=3.722594 30min_mape=3.767773 | 60min_mae=1.854605 60min_rmse=4.316020 60min_mape=4.437966
[2026-09-06 22:56:57] INFO Checkpoint updated | epoch=26 | stage=standard | best_val_mae=1.553500 | path=C:\Users\clw\projects\researchRep\STAnchor-BlockMemory\artifacts\cross_dataset_stage1\pemsbay_baseonly_staeformer_seed42\downstream_best.pt
[2026-09-06 23:05:50] INFO Epoch 027 | stage=standard | train_total=1.366457 | train_forecast=1.366457 | train_confidence=0.000000 | train_risk=0.000000 | train_blend=0.000000 | val_total=1.563174 | val_mae=1.558340 | val_rmse=3.602300 | val_mape=3.576207 | val_confidence=0.000000 | val_risk=0.000000 | val_blend=0.000000 | batches=1131/154 | seconds=533.36 | lr=[0.0009025] | cuda_peak_mb=8170.1
[2026-09-06 23:05:50] INFO Val horizons | 15min_mae=1.340651 15min_rmse=2.838001 15min_mape=2.905422 | 30min_mae=1.623034 30min_rmse=3.722628 30min_mape=3.736894 | 60min_mae=1.865538 60min_rmse=4.361263 60min_mape=4.465897
[2026-09-06 23:14:44] INFO Epoch 028 | stage=standard | train_total=1.362274 | train_forecast=1.362274 | train_confidence=0.000000 | train_risk=0.000000 | train_blend=0.000000 | val_total=1.571574 | val_mae=1.566720 | val_rmse=3.628049 | val_mape=3.522931 | val_confidence=0.000000 | val_risk=0.000000 | val_blend=0.000000 | batches=1131/154 | seconds=533.74 | lr=[0.0009025] | cuda_peak_mb=8170.1
[2026-09-06 23:14:44] INFO Val horizons | 15min_mae=1.343446 15min_rmse=2.848209 15min_mape=2.883439 | 30min_mae=1.634623 30min_rmse=3.751018 30min_mape=3.690036 | 60min_mae=1.876169 60min_rmse=4.389159 60min_mape=4.361296
[2026-09-06 23:23:38] INFO Epoch 029 | stage=standard | train_total=1.358663 | train_forecast=1.358663 | train_confidence=0.000000 | train_risk=0.000000 | train_blend=0.000000 | val_total=1.574312 | val_mae=1.569191 | val_rmse=3.618612 | val_mape=3.653262 | val_confidence=0.000000 | val_risk=0.000000 | val_blend=0.000000 | batches=1131/154 | seconds=533.94 | lr=[0.0009025] | cuda_peak_mb=8170.1
[2026-09-06 23:23:38] INFO Val horizons | 15min_mae=1.346602 15min_rmse=2.836222 15min_mape=2.922373 | 30min_mae=1.633058 30min_rmse=3.726794 30min_mape=3.794840 | 60min_mae=1.881543 60min_rmse=4.383072 60min_mape=4.594780
[2026-09-06 23:32:32] INFO Epoch 030 | stage=standard | train_total=1.355917 | train_forecast=1.355917 | train_confidence=0.000000 | train_risk=0.000000 | train_blend=0.000000 | val_total=1.570985 | val_mae=1.566063 | val_rmse=3.617458 | val_mape=3.546126 | val_confidence=0.000000 | val_risk=0.000000 | val_blend=0.000000 | batches=1131/154 | seconds=533.91 | lr=[0.0009025] | cuda_peak_mb=8170.1
[2026-09-06 23:32:32] INFO Val horizons | 15min_mae=1.346213 15min_rmse=2.854441 15min_mape=2.948062 | 30min_mae=1.628092 30min_rmse=3.732816 30min_mape=3.719019 | 60min_mae=1.885849 60min_rmse=4.393853 60min_mape=4.357514
[2026-09-06 23:41:26] INFO Epoch 031 | stage=standard | train_total=1.349521 | train_forecast=1.349521 | train_confidence=0.000000 | train_risk=0.000000 | train_blend=0.000000 | val_total=1.565024 | val_mae=1.560630 | val_rmse=3.600566 | val_mape=3.544501 | val_confidence=0.000000 | val_risk=0.000000 | val_blend=0.000000 | batches=1131/154 | seconds=533.97 | lr=[0.000857375] | cuda_peak_mb=8170.1
[2026-09-06 23:41:26] INFO Val horizons | 15min_mae=1.339406 15min_rmse=2.840601 15min_mape=2.868454 | 30min_mae=1.627721 30min_rmse=3.720241 30min_mape=3.711787 | 60min_mae=1.867464 60min_rmse=4.355606 60min_mape=4.414537
[2026-09-06 23:50:20] INFO Epoch 032 | stage=standard | train_total=1.347491 | train_forecast=1.347491 | train_confidence=0.000000 | train_risk=0.000000 | train_blend=0.000000 | val_total=1.565772 | val_mae=1.560990 | val_rmse=3.597029 | val_mape=3.570773 | val_confidence=0.000000 | val_risk=0.000000 | val_blend=0.000000 | batches=1131/154 | seconds=533.79 | lr=[0.000857375] | cuda_peak_mb=8170.1
[2026-09-06 23:50:20] INFO Val horizons | 15min_mae=1.340699 15min_rmse=2.844193 15min_mape=2.889747 | 30min_mae=1.629028 30min_rmse=3.733791 30min_mape=3.737923 | 60min_mae=1.863894 60min_rmse=4.323421 60min_mape=4.459673
[2026-09-06 23:59:14] INFO Epoch 033 | stage=standard | train_total=1.345148 | train_forecast=1.345148 | train_confidence=0.000000 | train_risk=0.000000 | train_blend=0.000000 | val_total=1.567993 | val_mae=1.563225 | val_rmse=3.600089 | val_mape=3.626196 | val_confidence=0.000000 | val_risk=0.000000 | val_blend=0.000000 | batches=1131/154 | seconds=533.96 | lr=[0.000857375] | cuda_peak_mb=8170.1
[2026-09-06 23:59:14] INFO Val horizons | 15min_mae=1.344281 15min_rmse=2.836272 15min_mape=2.946264 | 30min_mae=1.634295 30min_rmse=3.727260 30min_mape=3.826480 | 60min_mae=1.864159 60min_rmse=4.335562 60min_mape=4.473380
[2026-09-07 00:08:08] INFO Epoch 034 | stage=standard | train_total=1.341991 | train_forecast=1.341991 | train_confidence=0.000000 | train_risk=0.000000 | train_blend=0.000000 | val_total=1.573427 | val_mae=1.568779 | val_rmse=3.596189 | val_mape=3.543837 | val_confidence=0.000000 | val_risk=0.000000 | val_blend=0.000000 | batches=1131/154 | seconds=534.12 | lr=[0.000857375] | cuda_peak_mb=8170.1
[2026-09-07 00:08:08] INFO Val horizons | 15min_mae=1.340209 15min_rmse=2.841564 15min_mape=2.877386 | 30min_mae=1.634452 30min_rmse=3.718393 30min_mape=3.708706 | 60min_mae=1.883169 60min_rmse=4.342463 60min_mape=4.403218
[2026-09-07 00:17:02] INFO Epoch 035 | stage=standard | train_total=1.339118 | train_forecast=1.339118 | train_confidence=0.000000 | train_risk=0.000000 | train_blend=0.000000 | val_total=1.567346 | val_mae=1.562779 | val_rmse=3.593946 | val_mape=3.555909 | val_confidence=0.000000 | val_risk=0.000000 | val_blend=0.000000 | batches=1131/154 | seconds=534.09 | lr=[0.000857375] | cuda_peak_mb=8170.1
[2026-09-07 00:17:02] INFO Val horizons | 15min_mae=1.339747 15min_rmse=2.821352 15min_mape=2.914052 | 30min_mae=1.625662 30min_rmse=3.699783 30min_mape=3.723729 | 60min_mae=1.875288 60min_rmse=4.371522 60min_mape=4.386228
[2026-09-07 00:25:56] INFO Epoch 036 | stage=standard | train_total=1.339550 | train_forecast=1.339550 | train_confidence=0.000000 | train_risk=0.000000 | train_blend=0.000000 | val_total=1.558220 | val_mae=1.553460 | val_rmse=3.575955 | val_mape=3.571665 | val_confidence=0.000000 | val_risk=0.000000 | val_blend=0.000000 | batches=1131/154 | seconds=533.80 | lr=[0.000857375] | cuda_peak_mb=8170.1
[2026-09-07 00:25:56] INFO Val horizons | 15min_mae=1.337827 15min_rmse=2.828042 15min_mape=2.925784 | 30min_mae=1.624246 30min_rmse=3.713130 30min_mape=3.764784 | 60min_mae=1.847918 60min_rmse=4.292212 60min_mape=4.397398
[2026-09-07 00:25:56] INFO Checkpoint updated | epoch=36 | stage=standard | best_val_mae=1.553460 | path=C:\Users\clw\projects\researchRep\STAnchor-BlockMemory\artifacts\cross_dataset_stage1\pemsbay_baseonly_staeformer_seed42\downstream_best.pt
[2026-09-07 00:34:50] INFO Epoch 037 | stage=standard | train_total=1.334244 | train_forecast=1.334244 | train_confidence=0.000000 | train_risk=0.000000 | train_blend=0.000000 | val_total=1.560688 | val_mae=1.556179 | val_rmse=3.581650 | val_mape=3.573982 | val_confidence=0.000000 | val_risk=0.000000 | val_blend=0.000000 | batches=1131/154 | seconds=533.73 | lr=[0.000857375] | cuda_peak_mb=8170.1
[2026-09-07 00:34:50] INFO Val horizons | 15min_mae=1.334172 15min_rmse=2.818168 15min_mape=2.899278 | 30min_mae=1.620217 30min_rmse=3.710512 30min_mape=3.729551 | 60min_mae=1.870386 60min_rmse=4.318036 60min_mape=4.493318
[2026-09-07 00:43:43] INFO Epoch 038 | stage=standard | train_total=1.332631 | train_forecast=1.332631 | train_confidence=0.000000 | train_risk=0.000000 | train_blend=0.000000 | val_total=1.563939 | val_mae=1.559316 | val_rmse=3.596656 | val_mape=3.544802 | val_confidence=0.000000 | val_risk=0.000000 | val_blend=0.000000 | batches=1131/154 | seconds=533.50 | lr=[0.000857375] | cuda_peak_mb=8170.1
[2026-09-07 00:43:43] INFO Val horizons | 15min_mae=1.336569 15min_rmse=2.830396 15min_mape=2.870459 | 30min_mae=1.619896 30min_rmse=3.711327 30min_mape=3.696806 | 60min_mae=1.873510 60min_rmse=4.358596 60min_mape=4.427859
[2026-09-07 00:52:37] INFO Epoch 039 | stage=standard | train_total=1.330184 | train_forecast=1.330184 | train_confidence=0.000000 | train_risk=0.000000 | train_blend=0.000000 | val_total=1.567188 | val_mae=1.562297 | val_rmse=3.613583 | val_mape=3.645705 | val_confidence=0.000000 | val_risk=0.000000 | val_blend=0.000000 | batches=1131/154 | seconds=533.56 | lr=[0.000857375] | cuda_peak_mb=8170.1
[2026-09-07 00:52:37] INFO Val horizons | 15min_mae=1.339856 15min_rmse=2.835130 15min_mape=2.958934 | 30min_mae=1.632789 30min_rmse=3.750632 30min_mape=3.851937 | 60min_mae=1.861410 60min_rmse=4.335100 60min_mape=4.490124
[2026-09-07 01:01:30] INFO Epoch 040 | stage=standard | train_total=1.329011 | train_forecast=1.329011 | train_confidence=0.000000 | train_risk=0.000000 | train_blend=0.000000 | val_total=1.568205 | val_mae=1.563703 | val_rmse=3.618561 | val_mape=3.578250 | val_confidence=0.000000 | val_risk=0.000000 | val_blend=0.000000 | batches=1131/154 | seconds=533.59 | lr=[0.000857375] | cuda_peak_mb=8170.1
[2026-09-07 01:01:30] INFO Val horizons | 15min_mae=1.337967 15min_rmse=2.849486 15min_mape=2.888744 | 30min_mae=1.626608 30min_rmse=3.731484 30min_mape=3.752466 | 60min_mae=1.884184 60min_rmse=4.399218 60min_mape=4.452560
[2026-09-07 01:10:24] INFO Epoch 041 | stage=standard | train_total=1.324404 | train_forecast=1.324404 | train_confidence=0.000000 | train_risk=0.000000 | train_blend=0.000000 | val_total=1.561660 | val_mae=1.557052 | val_rmse=3.587510 | val_mape=3.595448 | val_confidence=0.000000 | val_risk=0.000000 | val_blend=0.000000 | batches=1131/154 | seconds=533.71 | lr=[0.0008145062499999999] | cuda_peak_mb=8170.1
[2026-09-07 01:10:24] INFO Val horizons | 15min_mae=1.340890 15min_rmse=2.834944 15min_mape=2.952879 | 30min_mae=1.624816 30min_rmse=3.712836 30min_mape=3.792707 | 60min_mae=1.857955 60min_rmse=4.328454 60min_mape=4.406972
[2026-09-07 01:19:18] INFO Epoch 042 | stage=standard | train_total=1.322733 | train_forecast=1.322733 | train_confidence=0.000000 | train_risk=0.000000 | train_blend=0.000000 | val_total=1.573555 | val_mae=1.568738 | val_rmse=3.607065 | val_mape=3.554221 | val_confidence=0.000000 | val_risk=0.000000 | val_blend=0.000000 | batches=1131/154 | seconds=533.68 | lr=[0.0008145062499999999] | cuda_peak_mb=8170.1
[2026-09-07 01:19:18] INFO Val horizons | 15min_mae=1.348935 15min_rmse=2.838280 15min_mape=2.915078 | 30min_mae=1.634389 30min_rmse=3.725679 30min_mape=3.733159 | 60min_mae=1.880717 60min_rmse=4.373206 60min_mape=4.386204
[2026-09-07 01:28:12] INFO Epoch 043 | stage=standard | train_total=1.320617 | train_forecast=1.320617 | train_confidence=0.000000 | train_risk=0.000000 | train_blend=0.000000 | val_total=1.571596 | val_mae=1.566471 | val_rmse=3.622021 | val_mape=3.584589 | val_confidence=0.000000 | val_risk=0.000000 | val_blend=0.000000 | batches=1131/154 | seconds=533.79 | lr=[0.0008145062499999999] | cuda_peak_mb=8170.1
[2026-09-07 01:28:12] INFO Val horizons | 15min_mae=1.337381 15min_rmse=2.834400 15min_mape=2.896615 | 30min_mae=1.631983 30min_rmse=3.735628 30min_mape=3.766330 | 60min_mae=1.886332 60min_rmse=4.388951 60min_mape=4.456349
[2026-09-07 01:37:05] INFO Epoch 044 | stage=standard | train_total=1.320070 | train_forecast=1.320070 | train_confidence=0.000000 | train_risk=0.000000 | train_blend=0.000000 | val_total=1.565031 | val_mae=1.560506 | val_rmse=3.598800 | val_mape=3.522876 | val_confidence=0.000000 | val_risk=0.000000 | val_blend=0.000000 | batches=1131/154 | seconds=533.91 | lr=[0.0008145062499999999] | cuda_peak_mb=8170.1
[2026-09-07 01:37:05] INFO Val horizons | 15min_mae=1.338844 15min_rmse=2.823456 15min_mape=2.875986 | 30min_mae=1.628235 30min_rmse=3.726487 30min_mape=3.696514 | 60min_mae=1.867857 60min_rmse=4.351306 60min_mape=4.366773
[2026-09-07 01:45:59] INFO Epoch 045 | stage=standard | train_total=1.317348 | train_forecast=1.317348 | train_confidence=0.000000 | train_risk=0.000000 | train_blend=0.000000 | val_total=1.568523 | val_mae=1.563982 | val_rmse=3.607110 | val_mape=3.607641 | val_confidence=0.000000 | val_risk=0.000000 | val_blend=0.000000 | batches=1131/154 | seconds=533.96 | lr=[0.0008145062499999999] | cuda_peak_mb=8170.1
[2026-09-07 01:45:59] INFO Val horizons | 15min_mae=1.343084 15min_rmse=2.829041 15min_mape=2.912284 | 30min_mae=1.631751 30min_rmse=3.735849 30min_mape=3.787328 | 60min_mae=1.869443 60min_rmse=4.352926 60min_mape=4.498747
[2026-09-07 01:54:54] INFO Epoch 046 | stage=standard | train_total=1.315305 | train_forecast=1.315305 | train_confidence=0.000000 | train_risk=0.000000 | train_blend=0.000000 | val_total=1.565897 | val_mae=1.561073 | val_rmse=3.598879 | val_mape=3.533858 | val_confidence=0.000000 | val_risk=0.000000 | val_blend=0.000000 | batches=1131/154 | seconds=534.07 | lr=[0.0008145062499999999] | cuda_peak_mb=8170.1
[2026-09-07 01:54:54] INFO Val horizons | 15min_mae=1.336208 15min_rmse=2.824430 15min_mape=2.864674 | 30min_mae=1.629560 30min_rmse=3.728542 30min_mape=3.704113 | 60min_mae=1.868786 60min_rmse=4.348920 60min_mape=4.384812
[2026-09-07 02:03:47] INFO Epoch 047 | stage=standard | train_total=1.315360 | train_forecast=1.315360 | train_confidence=0.000000 | train_risk=0.000000 | train_blend=0.000000 | val_total=1.564989 | val_mae=1.560108 | val_rmse=3.604963 | val_mape=3.584260 | val_confidence=0.000000 | val_risk=0.000000 | val_blend=0.000000 | batches=1131/154 | seconds=533.88 | lr=[0.0008145062499999999] | cuda_peak_mb=8170.1
[2026-09-07 02:03:47] INFO Val horizons | 15min_mae=1.339743 15min_rmse=2.844738 15min_mape=2.938105 | 30min_mae=1.627008 30min_rmse=3.744478 30min_mape=3.751585 | 60min_mae=1.861271 60min_rmse=4.329122 60min_mape=4.405446
[2026-09-07 02:12:41] INFO Epoch 048 | stage=standard | train_total=1.313912 | train_forecast=1.313912 | train_confidence=0.000000 | train_risk=0.000000 | train_blend=0.000000 | val_total=1.562218 | val_mae=1.557379 | val_rmse=3.611970 | val_mape=3.603076 | val_confidence=0.000000 | val_risk=0.000000 | val_blend=0.000000 | batches=1131/154 | seconds=533.72 | lr=[0.0008145062499999999] | cuda_peak_mb=8170.1
[2026-09-07 02:12:41] INFO Val horizons | 15min_mae=1.340180 15min_rmse=2.844986 15min_mape=2.924025 | 30min_mae=1.624411 30min_rmse=3.742687 30min_mape=3.762860 | 60min_mae=1.858412 60min_rmse=4.352302 60min_mape=4.489104
[2026-09-07 02:21:35] INFO Epoch 049 | stage=standard | train_total=1.312363 | train_forecast=1.312363 | train_confidence=0.000000 | train_risk=0.000000 | train_blend=0.000000 | val_total=1.562531 | val_mae=1.557807 | val_rmse=3.593232 | val_mape=3.578006 | val_confidence=0.000000 | val_risk=0.000000 | val_blend=0.000000 | batches=1131/154 | seconds=533.93 | lr=[0.0008145062499999999] | cuda_peak_mb=8170.1
[2026-09-07 02:21:35] INFO Val horizons | 15min_mae=1.334218 15min_rmse=2.823442 15min_mape=2.891788 | 30min_mae=1.624996 30min_rmse=3.713467 30min_mape=3.738241 | 60min_mae=1.865613 60min_rmse=4.355530 60min_mape=4.464459
[2026-09-07 02:30:30] INFO Epoch 050 | stage=standard | train_total=1.310097 | train_forecast=1.310097 | train_confidence=0.000000 | train_risk=0.000000 | train_blend=0.000000 | val_total=1.578857 | val_mae=1.573359 | val_rmse=3.635491 | val_mape=3.550401 | val_confidence=0.000000 | val_risk=0.000000 | val_blend=0.000000 | batches=1131/154 | seconds=534.42 | lr=[0.0008145062499999999] | cuda_peak_mb=8170.1
[2026-09-07 02:30:30] INFO Val horizons | 15min_mae=1.341102 15min_rmse=2.854320 15min_mape=2.901894 | 30min_mae=1.635085 30min_rmse=3.755764 30min_mape=3.713692 | 60min_mae=1.896503 60min_rmse=4.398837 60min_mape=4.409565
[2026-09-07 02:30:30] INFO Downstream training finished | best_val_mae=1.553460 | checkpoint=C:\Users\clw\projects\researchRep\STAnchor-BlockMemory\artifacts\cross_dataset_stage1\pemsbay_baseonly_staeformer_seed42\downstream_best.pt
