[2026-09-10 03:45:49] INFO Downstream start | run=cross_dataset_final/pems04_finetuned_router_stgcn_seed42 | device=cuda:0 (requested=cuda:0) | seed=42 | output=C:\Users\clw\projects\researchRep\STAnchor-BlockMemory\artifacts\cross_dataset_final\pems04_finetuned_router_stgcn_seed42
[2026-09-10 03:45:49] INFO Mode | downstream_mode=learned_topk_error_aware | training_protocol=posthoc_frozen_base | candidate_protocol=weekday_radius1_overlap
[2026-09-10 03:45:49] INFO Downstream initialization | seed=42 | state_hash=4a715c9846fea242
[2026-09-10 03:45:49] INFO Frozen base | checkpoint=C:\Users\clw\projects\researchRep\STAnchor-BlockMemory\artifacts\cross_dataset_final\pems04_baseonly_stgcn_seed42\downstream_best.pt | fingerprint=02c495ad88aaeffd
[2026-09-10 03:45:49] INFO Data | steps=16992 | nodes=307 | channels=1 | training_scope=full_train | memory/post_memory/train_selected/val/test=8116/3479/11595/1400/3100
[2026-09-10 03:45:49] INFO Bank/retrieval | dataset=pems04_finetuned_queue | events=8116 | nodes=307 | retrieval_dim=64 | event_top_r=96 | node_top_k=12 | key_dtype=float16
[2026-09-10 03:45:49] INFO Parameters | downstream_total=1,162,406 | downstream_trainable=879,693 | backbone=0 | confidence_head=0 | fusion=0 | frozen_pretrained=958,704
[2026-09-10 03:45:49] INFO Optimization | epochs=50 | batch_size=32 | optimizer=adam | lr=0.001 | weight_decay=0.0001 | scheduler=step_lr | step_size=10 | gamma=0.950 | confidence_weight=0.000 | patience=10 | early_stopping=disabled
[2026-09-10 03:45:50] INFO Stage start | stage=posthoc_calibrator | epochs=50 | optimizer_lrs=[0.001]
[2026-09-10 03:50:15] INFO Epoch 001 | stage=posthoc_calibrator | train_total=1.402364 | train_forecast=1.402364 | train_confidence=0.000000 | train_risk=0.000000 | train_blend=0.000000 | val_total=1.699776 | val_mae=1.704916 | val_rmse=3.911584 | val_mape=3.904707 | val_confidence=0.000000 | val_risk=0.000000 | val_blend=0.000000 | batches=363/44 | seconds=264.42 | lr=[0.001] | cuda_peak_mb=2194.7
[2026-09-10 03:50:15] INFO Val horizons | 15min_mae=1.457215 15min_rmse=3.060964 15min_mape=3.095152 | 30min_mae=1.767965 30min_rmse=3.981662 30min_mape=4.060160 | 60min_mae=2.054517 60min_rmse=4.797730 60min_mape=4.957435
[2026-09-10 03:50:15] INFO Checkpoint updated | epoch=1 | stage=posthoc_calibrator | best_val_mae=1.704916 | path=C:\Users\clw\projects\researchRep\STAnchor-BlockMemory\artifacts\cross_dataset_final\pems04_finetuned_router_stgcn_seed42\downstream_best.pt
[2026-09-10 03:50:58] INFO Epoch 002 | stage=posthoc_calibrator | train_total=1.391431 | train_forecast=1.391431 | train_confidence=0.000000 | train_risk=0.000000 | train_blend=0.000000 | val_total=1.694104 | val_mae=1.699221 | val_rmse=3.894750 | val_mape=3.893678 | val_confidence=0.000000 | val_risk=0.000000 | val_blend=0.000000 | batches=363/44 | seconds=43.55 | lr=[0.001] | cuda_peak_mb=2080.7
[2026-09-10 03:50:58] INFO Val horizons | 15min_mae=1.454369 15min_rmse=3.047911 15min_mape=3.096610 | 30min_mae=1.761801 30min_rmse=3.963393 30min_mape=4.049236 | 60min_mae=2.045909 60min_rmse=4.777787 60min_mape=4.943881
[2026-09-10 03:50:58] INFO Checkpoint updated | epoch=2 | stage=posthoc_calibrator | best_val_mae=1.699221 | path=C:\Users\clw\projects\researchRep\STAnchor-BlockMemory\artifacts\cross_dataset_final\pems04_finetuned_router_stgcn_seed42\downstream_best.pt
[2026-09-10 03:51:42] INFO Epoch 003 | stage=posthoc_calibrator | train_total=1.387836 | train_forecast=1.387836 | train_confidence=0.000000 | train_risk=0.000000 | train_blend=0.000000 | val_total=1.690032 | val_mae=1.695128 | val_rmse=3.883655 | val_mape=3.889542 | val_confidence=0.000000 | val_risk=0.000000 | val_blend=0.000000 | batches=363/44 | seconds=43.49 | lr=[0.001] | cuda_peak_mb=2080.7
[2026-09-10 03:51:42] INFO Val horizons | 15min_mae=1.451051 15min_rmse=3.043831 15min_mape=3.098138 | 30min_mae=1.759113 30min_rmse=3.960583 30min_mape=4.063033 | 60min_mae=2.040420 60min_rmse=4.748824 60min_mape=4.904108
[2026-09-10 03:51:42] INFO Checkpoint updated | epoch=3 | stage=posthoc_calibrator | best_val_mae=1.695128 | path=C:\Users\clw\projects\researchRep\STAnchor-BlockMemory\artifacts\cross_dataset_final\pems04_finetuned_router_stgcn_seed42\downstream_best.pt
[2026-09-10 03:52:25] INFO Epoch 004 | stage=posthoc_calibrator | train_total=1.386171 | train_forecast=1.386171 | train_confidence=0.000000 | train_risk=0.000000 | train_blend=0.000000 | val_total=1.690738 | val_mae=1.695844 | val_rmse=3.896386 | val_mape=3.886416 | val_confidence=0.000000 | val_risk=0.000000 | val_blend=0.000000 | batches=363/44 | seconds=43.51 | lr=[0.001] | cuda_peak_mb=2079.9
[2026-09-10 03:52:25] INFO Val horizons | 15min_mae=1.449944 15min_rmse=3.049809 15min_mape=3.076323 | 30min_mae=1.759200 30min_rmse=3.970300 30min_mape=4.041851 | 60min_mae=2.043372 60min_rmse=4.776009 60min_mape=4.938391
[2026-09-10 03:53:09] INFO Epoch 005 | stage=posthoc_calibrator | train_total=1.386968 | train_forecast=1.386968 | train_confidence=0.000000 | train_risk=0.000000 | train_blend=0.000000 | val_total=1.691461 | val_mae=1.696575 | val_rmse=3.900487 | val_mape=3.879534 | val_confidence=0.000000 | val_risk=0.000000 | val_blend=0.000000 | batches=363/44 | seconds=43.53 | lr=[0.001] | cuda_peak_mb=2080.2
[2026-09-10 03:53:09] INFO Val horizons | 15min_mae=1.452202 15min_rmse=3.058420 15min_mape=3.087416 | 30min_mae=1.759992 30min_rmse=3.977292 30min_mape=4.039684 | 60min_mae=2.040534 60min_rmse=4.772326 60min_mape=4.901537
[2026-09-10 03:53:52] INFO Epoch 006 | stage=posthoc_calibrator | train_total=1.385074 | train_forecast=1.385074 | train_confidence=0.000000 | train_risk=0.000000 | train_blend=0.000000 | val_total=1.689488 | val_mae=1.694592 | val_rmse=3.888225 | val_mape=3.872296 | val_confidence=0.000000 | val_risk=0.000000 | val_blend=0.000000 | batches=363/44 | seconds=43.05 | lr=[0.001] | cuda_peak_mb=2079.9
[2026-09-10 03:53:52] INFO Val horizons | 15min_mae=1.449294 15min_rmse=3.042310 15min_mape=3.068924 | 30min_mae=1.759232 30min_rmse=3.963120 30min_mape=4.030013 | 60min_mae=2.041957 60min_rmse=4.769968 60min_mape=4.926333
[2026-09-10 03:53:52] INFO Checkpoint updated | epoch=6 | stage=posthoc_calibrator | best_val_mae=1.694592 | path=C:\Users\clw\projects\researchRep\STAnchor-BlockMemory\artifacts\cross_dataset_final\pems04_finetuned_router_stgcn_seed42\downstream_best.pt
[2026-09-10 03:54:35] INFO Epoch 007 | stage=posthoc_calibrator | train_total=1.383233 | train_forecast=1.383233 | train_confidence=0.000000 | train_risk=0.000000 | train_blend=0.000000 | val_total=1.689854 | val_mae=1.694973 | val_rmse=3.892619 | val_mape=3.868506 | val_confidence=0.000000 | val_risk=0.000000 | val_blend=0.000000 | batches=363/44 | seconds=43.18 | lr=[0.001] | cuda_peak_mb=2080.3
[2026-09-10 03:54:35] INFO Val horizons | 15min_mae=1.449478 15min_rmse=3.050308 15min_mape=3.070721 | 30min_mae=1.758631 30min_rmse=3.967070 30min_mape=4.022681 | 60min_mae=2.042766 60min_rmse=4.771602 60min_mape=4.915506
[2026-09-10 03:55:18] INFO Epoch 008 | stage=posthoc_calibrator | train_total=1.381521 | train_forecast=1.381521 | train_confidence=0.000000 | train_risk=0.000000 | train_blend=0.000000 | val_total=1.687929 | val_mae=1.693037 | val_rmse=3.887569 | val_mape=3.860867 | val_confidence=0.000000 | val_risk=0.000000 | val_blend=0.000000 | batches=363/44 | seconds=43.13 | lr=[0.001] | cuda_peak_mb=2080.9
[2026-09-10 03:55:18] INFO Val horizons | 15min_mae=1.448204 15min_rmse=3.048283 15min_mape=3.072942 | 30min_mae=1.755975 30min_rmse=3.963615 30min_mape=4.021574 | 60min_mae=2.041416 60min_rmse=4.761236 60min_mape=4.886631
[2026-09-10 03:55:18] INFO Checkpoint updated | epoch=8 | stage=posthoc_calibrator | best_val_mae=1.693037 | path=C:\Users\clw\projects\researchRep\STAnchor-BlockMemory\artifacts\cross_dataset_final\pems04_finetuned_router_stgcn_seed42\downstream_best.pt
[2026-09-10 03:56:01] INFO Epoch 009 | stage=posthoc_calibrator | train_total=1.381760 | train_forecast=1.381760 | train_confidence=0.000000 | train_risk=0.000000 | train_blend=0.000000 | val_total=1.686296 | val_mae=1.691391 | val_rmse=3.892827 | val_mape=3.871272 | val_confidence=0.000000 | val_risk=0.000000 | val_blend=0.000000 | batches=363/44 | seconds=43.07 | lr=[0.001] | cuda_peak_mb=2080.3
[2026-09-10 03:56:01] INFO Val horizons | 15min_mae=1.446545 15min_rmse=3.043455 15min_mape=3.072953 | 30min_mae=1.754978 30min_rmse=3.965058 30min_mape=4.029494 | 60min_mae=2.038556 60min_rmse=4.775373 60min_mape=4.915200
[2026-09-10 03:56:02] INFO Checkpoint updated | epoch=9 | stage=posthoc_calibrator | best_val_mae=1.691391 | path=C:\Users\clw\projects\researchRep\STAnchor-BlockMemory\artifacts\cross_dataset_final\pems04_finetuned_router_stgcn_seed42\downstream_best.pt
[2026-09-10 03:56:45] INFO Epoch 010 | stage=posthoc_calibrator | train_total=1.381598 | train_forecast=1.381598 | train_confidence=0.000000 | train_risk=0.000000 | train_blend=0.000000 | val_total=1.689807 | val_mae=1.694923 | val_rmse=3.905900 | val_mape=3.877269 | val_confidence=0.000000 | val_risk=0.000000 | val_blend=0.000000 | batches=363/44 | seconds=43.06 | lr=[0.001] | cuda_peak_mb=2080.2
[2026-09-10 03:56:45] INFO Val horizons | 15min_mae=1.450054 15min_rmse=3.056292 15min_mape=3.069507 | 30min_mae=1.759604 30min_rmse=3.981854 30min_mape=4.029503 | 60min_mae=2.041999 60min_rmse=4.789544 60min_mape=4.939291
[2026-09-10 03:57:28] INFO Epoch 011 | stage=posthoc_calibrator | train_total=1.380350 | train_forecast=1.380350 | train_confidence=0.000000 | train_risk=0.000000 | train_blend=0.000000 | val_total=1.687556 | val_mae=1.692663 | val_rmse=3.894068 | val_mape=3.864795 | val_confidence=0.000000 | val_risk=0.000000 | val_blend=0.000000 | batches=363/44 | seconds=42.98 | lr=[0.00095] | cuda_peak_mb=2080.8
[2026-09-10 03:57:28] INFO Val horizons | 15min_mae=1.446611 15min_rmse=3.047068 15min_mape=3.061363 | 30min_mae=1.757659 30min_rmse=3.970606 30min_mape=4.020295 | 60min_mae=2.040888 60min_rmse=4.776211 60min_mape=4.921313
[2026-09-10 03:58:11] INFO Epoch 012 | stage=posthoc_calibrator | train_total=1.380337 | train_forecast=1.380337 | train_confidence=0.000000 | train_risk=0.000000 | train_blend=0.000000 | val_total=1.695605 | val_mae=1.700753 | val_rmse=3.916398 | val_mape=3.890419 | val_confidence=0.000000 | val_risk=0.000000 | val_blend=0.000000 | batches=363/44 | seconds=42.99 | lr=[0.00095] | cuda_peak_mb=2079.6
[2026-09-10 03:58:11] INFO Val horizons | 15min_mae=1.453860 15min_rmse=3.067559 15min_mape=3.086488 | 30min_mae=1.765438 30min_rmse=3.993450 30min_mape=4.047451 | 60min_mae=2.051227 60min_rmse=4.802781 60min_mape=4.947849
[2026-09-10 03:58:54] INFO Epoch 013 | stage=posthoc_calibrator | train_total=1.380288 | train_forecast=1.380288 | train_confidence=0.000000 | train_risk=0.000000 | train_blend=0.000000 | val_total=1.686508 | val_mae=1.691597 | val_rmse=3.902639 | val_mape=3.875167 | val_confidence=0.000000 | val_risk=0.000000 | val_blend=0.000000 | batches=363/44 | seconds=43.04 | lr=[0.00095] | cuda_peak_mb=2079.8
[2026-09-10 03:58:54] INFO Val horizons | 15min_mae=1.447018 15min_rmse=3.050318 15min_mape=3.068600 | 30min_mae=1.756420 30min_rmse=3.980290 30min_mape=4.035351 | 60min_mae=2.038167 60min_rmse=4.784047 60min_mape=4.925383
[2026-09-10 03:59:37] INFO Epoch 014 | stage=posthoc_calibrator | train_total=1.379362 | train_forecast=1.379362 | train_confidence=0.000000 | train_risk=0.000000 | train_blend=0.000000 | val_total=1.683989 | val_mae=1.689075 | val_rmse=3.882520 | val_mape=3.857005 | val_confidence=0.000000 | val_risk=0.000000 | val_blend=0.000000 | batches=363/44 | seconds=42.96 | lr=[0.00095] | cuda_peak_mb=2079.6
[2026-09-10 03:59:37] INFO Val horizons | 15min_mae=1.443952 15min_rmse=3.036983 15min_mape=3.061794 | 30min_mae=1.752733 30min_rmse=3.960747 30min_mape=4.018509 | 60min_mae=2.038294 60min_rmse=4.762014 60min_mape=4.901939
[2026-09-10 03:59:37] INFO Checkpoint updated | epoch=14 | stage=posthoc_calibrator | best_val_mae=1.689075 | path=C:\Users\clw\projects\researchRep\STAnchor-BlockMemory\artifacts\cross_dataset_final\pems04_finetuned_router_stgcn_seed42\downstream_best.pt
[2026-09-10 04:00:20] INFO Epoch 015 | stage=posthoc_calibrator | train_total=1.378873 | train_forecast=1.378873 | train_confidence=0.000000 | train_risk=0.000000 | train_blend=0.000000 | val_total=1.684556 | val_mae=1.689647 | val_rmse=3.888061 | val_mape=3.863389 | val_confidence=0.000000 | val_risk=0.000000 | val_blend=0.000000 | batches=363/44 | seconds=42.97 | lr=[0.00095] | cuda_peak_mb=2080.2
[2026-09-10 04:00:20] INFO Val horizons | 15min_mae=1.446516 15min_rmse=3.045650 15min_mape=3.066233 | 30min_mae=1.753705 30min_rmse=3.964667 30min_mape=4.017174 | 60min_mae=2.036094 60min_rmse=4.768736 60min_mape=4.917220
[2026-09-10 04:01:02] INFO Epoch 016 | stage=posthoc_calibrator | train_total=1.378964 | train_forecast=1.378964 | train_confidence=0.000000 | train_risk=0.000000 | train_blend=0.000000 | val_total=1.684042 | val_mae=1.689128 | val_rmse=3.890441 | val_mape=3.864136 | val_confidence=0.000000 | val_risk=0.000000 | val_blend=0.000000 | batches=363/44 | seconds=42.93 | lr=[0.00095] | cuda_peak_mb=2080.1
[2026-09-10 04:01:02] INFO Val horizons | 15min_mae=1.444060 15min_rmse=3.041179 15min_mape=3.064503 | 30min_mae=1.753157 30min_rmse=3.967461 30min_mape=4.022202 | 60min_mae=2.037075 60min_rmse=4.770148 60min_mape=4.913790
[2026-09-10 04:01:45] INFO Epoch 017 | stage=posthoc_calibrator | train_total=1.378493 | train_forecast=1.378493 | train_confidence=0.000000 | train_risk=0.000000 | train_blend=0.000000 | val_total=1.685998 | val_mae=1.691098 | val_rmse=3.884614 | val_mape=3.853065 | val_confidence=0.000000 | val_risk=0.000000 | val_blend=0.000000 | batches=363/44 | seconds=42.96 | lr=[0.00095] | cuda_peak_mb=2080.2
[2026-09-10 04:01:45] INFO Val horizons | 15min_mae=1.445368 15min_rmse=3.039821 15min_mape=3.057632 | 30min_mae=1.755347 30min_rmse=3.962160 30min_mape=4.013107 | 60min_mae=2.040822 60min_rmse=4.763874 60min_mape=4.894945
[2026-09-10 04:02:28] INFO Epoch 018 | stage=posthoc_calibrator | train_total=1.378705 | train_forecast=1.378705 | train_confidence=0.000000 | train_risk=0.000000 | train_blend=0.000000 | val_total=1.680373 | val_mae=1.685440 | val_rmse=3.866786 | val_mape=3.850429 | val_confidence=0.000000 | val_risk=0.000000 | val_blend=0.000000 | batches=363/44 | seconds=42.96 | lr=[0.00095] | cuda_peak_mb=2080.1
[2026-09-10 04:02:28] INFO Val horizons | 15min_mae=1.441990 15min_rmse=3.029960 15min_mape=3.046952 | 30min_mae=1.748872 30min_rmse=3.937690 30min_mape=4.001113 | 60min_mae=2.032498 60min_rmse=4.750811 60min_mape=4.909574
[2026-09-10 04:02:28] INFO Checkpoint updated | epoch=18 | stage=posthoc_calibrator | best_val_mae=1.685440 | path=C:\Users\clw\projects\researchRep\STAnchor-BlockMemory\artifacts\cross_dataset_final\pems04_finetuned_router_stgcn_seed42\downstream_best.pt
[2026-09-10 04:03:12] INFO Epoch 019 | stage=posthoc_calibrator | train_total=1.378572 | train_forecast=1.378572 | train_confidence=0.000000 | train_risk=0.000000 | train_blend=0.000000 | val_total=1.681771 | val_mae=1.686836 | val_rmse=3.893230 | val_mape=3.867604 | val_confidence=0.000000 | val_risk=0.000000 | val_blend=0.000000 | batches=363/44 | seconds=43.07 | lr=[0.00095] | cuda_peak_mb=2080.2
[2026-09-10 04:03:12] INFO Val horizons | 15min_mae=1.441951 15min_rmse=3.035259 15min_mape=3.060482 | 30min_mae=1.750271 30min_rmse=3.965595 30min_mape=4.020228 | 60min_mae=2.035116 60min_rmse=4.785729 60min_mape=4.939921
[2026-09-10 04:03:55] INFO Epoch 020 | stage=posthoc_calibrator | train_total=1.379170 | train_forecast=1.379170 | train_confidence=0.000000 | train_risk=0.000000 | train_blend=0.000000 | val_total=1.685460 | val_mae=1.690536 | val_rmse=3.875888 | val_mape=3.841354 | val_confidence=0.000000 | val_risk=0.000000 | val_blend=0.000000 | batches=363/44 | seconds=43.22 | lr=[0.00095] | cuda_peak_mb=2080.1
[2026-09-10 04:03:55] INFO Val horizons | 15min_mae=1.443214 15min_rmse=3.030923 15min_mape=3.044486 | 30min_mae=1.754079 30min_rmse=3.956190 30min_mape=4.000288 | 60min_mae=2.043019 60min_rmse=4.751039 60min_mape=4.884910
[2026-09-10 04:04:38] INFO Epoch 021 | stage=posthoc_calibrator | train_total=1.378703 | train_forecast=1.378703 | train_confidence=0.000000 | train_risk=0.000000 | train_blend=0.000000 | val_total=1.682914 | val_mae=1.687983 | val_rmse=3.889296 | val_mape=3.865302 | val_confidence=0.000000 | val_risk=0.000000 | val_blend=0.000000 | batches=363/44 | seconds=42.91 | lr=[0.0009025] | cuda_peak_mb=2080.2
[2026-09-10 04:04:38] INFO Val horizons | 15min_mae=1.444079 15min_rmse=3.045133 15min_mape=3.065798 | 30min_mae=1.751234 30min_rmse=3.963651 30min_mape=4.022556 | 60min_mae=2.034740 60min_rmse=4.766874 60min_mape=4.911472
[2026-09-10 04:05:21] INFO Epoch 022 | stage=posthoc_calibrator | train_total=1.377589 | train_forecast=1.377589 | train_confidence=0.000000 | train_risk=0.000000 | train_blend=0.000000 | val_total=1.683660 | val_mae=1.688748 | val_rmse=3.883943 | val_mape=3.844348 | val_confidence=0.000000 | val_risk=0.000000 | val_blend=0.000000 | batches=363/44 | seconds=42.95 | lr=[0.0009025] | cuda_peak_mb=2080.1
[2026-09-10 04:05:21] INFO Val horizons | 15min_mae=1.443837 15min_rmse=3.042659 15min_mape=3.054055 | 30min_mae=1.751911 30min_rmse=3.958085 30min_mape=3.999463 | 60min_mae=2.037753 60min_rmse=4.765123 60min_mape=4.886085
[2026-09-10 04:06:04] INFO Epoch 023 | stage=posthoc_calibrator | train_total=1.377438 | train_forecast=1.377438 | train_confidence=0.000000 | train_risk=0.000000 | train_blend=0.000000 | val_total=1.687217 | val_mae=1.692323 | val_rmse=3.908344 | val_mape=3.879381 | val_confidence=0.000000 | val_risk=0.000000 | val_blend=0.000000 | batches=363/44 | seconds=42.98 | lr=[0.0009025] | cuda_peak_mb=2080.2
[2026-09-10 04:06:04] INFO Val horizons | 15min_mae=1.447256 15min_rmse=3.059262 15min_mape=3.074223 | 30min_mae=1.756463 30min_rmse=3.985064 30min_mape=4.034070 | 60min_mae=2.039633 60min_rmse=4.791082 60min_mape=4.940154
[2026-09-10 04:06:47] INFO Epoch 024 | stage=posthoc_calibrator | train_total=1.377484 | train_forecast=1.377484 | train_confidence=0.000000 | train_risk=0.000000 | train_blend=0.000000 | val_total=1.680401 | val_mae=1.685461 | val_rmse=3.885980 | val_mape=3.851151 | val_confidence=0.000000 | val_risk=0.000000 | val_blend=0.000000 | batches=363/44 | seconds=43.00 | lr=[0.0009025] | cuda_peak_mb=2080.1
[2026-09-10 04:06:47] INFO Val horizons | 15min_mae=1.440929 15min_rmse=3.029400 15min_mape=3.050936 | 30min_mae=1.749659 30min_rmse=3.961372 30min_mape=4.008399 | 60min_mae=2.031899 60min_rmse=4.772483 60min_mape=4.902778
[2026-09-10 04:07:29] INFO Epoch 025 | stage=posthoc_calibrator | train_total=1.377146 | train_forecast=1.377146 | train_confidence=0.000000 | train_risk=0.000000 | train_blend=0.000000 | val_total=1.681421 | val_mae=1.686486 | val_rmse=3.886200 | val_mape=3.855753 | val_confidence=0.000000 | val_risk=0.000000 | val_blend=0.000000 | batches=363/44 | seconds=42.89 | lr=[0.0009025] | cuda_peak_mb=2080.2
[2026-09-10 04:07:29] INFO Val horizons | 15min_mae=1.442352 15min_rmse=3.037165 15min_mape=3.057607 | 30min_mae=1.750021 30min_rmse=3.960124 30min_mape=4.016123 | 60min_mae=2.034344 60min_rmse=4.771666 60min_mape=4.901052
[2026-09-10 04:08:12] INFO Epoch 026 | stage=posthoc_calibrator | train_total=1.377361 | train_forecast=1.377361 | train_confidence=0.000000 | train_risk=0.000000 | train_blend=0.000000 | val_total=1.682932 | val_mae=1.688013 | val_rmse=3.889784 | val_mape=3.845203 | val_confidence=0.000000 | val_risk=0.000000 | val_blend=0.000000 | batches=363/44 | seconds=43.00 | lr=[0.0009025] | cuda_peak_mb=2080.1
[2026-09-10 04:08:12] INFO Val horizons | 15min_mae=1.443327 15min_rmse=3.040988 15min_mape=3.046106 | 30min_mae=1.752369 30min_rmse=3.969024 30min_mape=3.998339 | 60min_mae=2.035028 60min_rmse=4.772415 60min_mape=4.900570
[2026-09-10 04:08:55] INFO Epoch 027 | stage=posthoc_calibrator | train_total=1.376836 | train_forecast=1.376836 | train_confidence=0.000000 | train_risk=0.000000 | train_blend=0.000000 | val_total=1.682689 | val_mae=1.687767 | val_rmse=3.873422 | val_mape=3.850830 | val_confidence=0.000000 | val_risk=0.000000 | val_blend=0.000000 | batches=363/44 | seconds=42.93 | lr=[0.0009025] | cuda_peak_mb=2080.2
[2026-09-10 04:08:55] INFO Val horizons | 15min_mae=1.442193 15min_rmse=3.027039 15min_mape=3.049718 | 30min_mae=1.751342 30min_rmse=3.944213 30min_mape=4.000958 | 60min_mae=2.036868 60min_rmse=4.763503 60min_mape=4.916415
[2026-09-10 04:09:38] INFO Epoch 028 | stage=posthoc_calibrator | train_total=1.376746 | train_forecast=1.376746 | train_confidence=0.000000 | train_risk=0.000000 | train_blend=0.000000 | val_total=1.680853 | val_mae=1.685926 | val_rmse=3.877669 | val_mape=3.860968 | val_confidence=0.000000 | val_risk=0.000000 | val_blend=0.000000 | batches=363/44 | seconds=43.01 | lr=[0.0009025] | cuda_peak_mb=2080.1
[2026-09-10 04:09:38] INFO Val horizons | 15min_mae=1.440850 15min_rmse=3.029745 15min_mape=3.058228 | 30min_mae=1.748572 30min_rmse=3.948710 30min_mape=4.016109 | 60min_mae=2.035781 60min_rmse=4.767090 60min_mape=4.922036
[2026-09-10 04:10:21] INFO Epoch 029 | stage=posthoc_calibrator | train_total=1.377023 | train_forecast=1.377023 | train_confidence=0.000000 | train_risk=0.000000 | train_blend=0.000000 | val_total=1.683801 | val_mae=1.688886 | val_rmse=3.894013 | val_mape=3.858543 | val_confidence=0.000000 | val_risk=0.000000 | val_blend=0.000000 | batches=363/44 | seconds=42.92 | lr=[0.0009025] | cuda_peak_mb=2080.2
[2026-09-10 04:10:21] INFO Val horizons | 15min_mae=1.446095 15min_rmse=3.049996 15min_mape=3.061905 | 30min_mae=1.752961 30min_rmse=3.967214 30min_mape=4.006775 | 60min_mae=2.034682 60min_rmse=4.778032 60min_mape=4.918850
[2026-09-10 04:11:04] INFO Epoch 030 | stage=posthoc_calibrator | train_total=1.376175 | train_forecast=1.376175 | train_confidence=0.000000 | train_risk=0.000000 | train_blend=0.000000 | val_total=1.684662 | val_mae=1.689756 | val_rmse=3.894886 | val_mape=3.850361 | val_confidence=0.000000 | val_risk=0.000000 | val_blend=0.000000 | batches=363/44 | seconds=42.90 | lr=[0.0009025] | cuda_peak_mb=2080.1
[2026-09-10 04:11:04] INFO Val horizons | 15min_mae=1.444975 15min_rmse=3.047707 15min_mape=3.057130 | 30min_mae=1.753511 30min_rmse=3.971917 30min_mape=4.006266 | 60min_mae=2.039119 60min_rmse=4.779171 60min_mape=4.894931
[2026-09-10 04:11:47] INFO Epoch 031 | stage=posthoc_calibrator | train_total=1.376950 | train_forecast=1.376950 | train_confidence=0.000000 | train_risk=0.000000 | train_blend=0.000000 | val_total=1.684431 | val_mae=1.689525 | val_rmse=3.875576 | val_mape=3.836503 | val_confidence=0.000000 | val_risk=0.000000 | val_blend=0.000000 | batches=363/44 | seconds=42.98 | lr=[0.000857375] | cuda_peak_mb=2080.2
[2026-09-10 04:11:47] INFO Val horizons | 15min_mae=1.441541 15min_rmse=3.029941 15min_mape=3.045180 | 30min_mae=1.752191 30min_rmse=3.955662 30min_mape=3.992047 | 60min_mae=2.042734 60min_rmse=4.751586 60min_mape=4.878988
[2026-09-10 04:12:30] INFO Epoch 032 | stage=posthoc_calibrator | train_total=1.376682 | train_forecast=1.376682 | train_confidence=0.000000 | train_risk=0.000000 | train_blend=0.000000 | val_total=1.686443 | val_mae=1.691537 | val_rmse=3.900551 | val_mape=3.855393 | val_confidence=0.000000 | val_risk=0.000000 | val_blend=0.000000 | batches=363/44 | seconds=42.97 | lr=[0.000857375] | cuda_peak_mb=2080.1
[2026-09-10 04:12:30] INFO Val horizons | 15min_mae=1.446520 15min_rmse=3.052920 15min_mape=3.058618 | 30min_mae=1.756316 30min_rmse=3.979042 30min_mape=4.009170 | 60min_mae=2.040384 60min_rmse=4.786037 60min_mape=4.914452
[2026-09-10 04:13:13] INFO Epoch 033 | stage=posthoc_calibrator | train_total=1.376679 | train_forecast=1.376679 | train_confidence=0.000000 | train_risk=0.000000 | train_blend=0.000000 | val_total=1.680362 | val_mae=1.685420 | val_rmse=3.887225 | val_mape=3.865631 | val_confidence=0.000000 | val_risk=0.000000 | val_blend=0.000000 | batches=363/44 | seconds=42.90 | lr=[0.000857375] | cuda_peak_mb=2080.2
[2026-09-10 04:13:13] INFO Val horizons | 15min_mae=1.440497 15min_rmse=3.032992 15min_mape=3.055339 | 30min_mae=1.748258 30min_rmse=3.956926 30min_mape=4.015327 | 60min_mae=2.034548 60min_rmse=4.779575 60min_mape=4.940858
[2026-09-10 04:13:13] INFO Checkpoint updated | epoch=33 | stage=posthoc_calibrator | best_val_mae=1.685420 | path=C:\Users\clw\projects\researchRep\STAnchor-BlockMemory\artifacts\cross_dataset_final\pems04_finetuned_router_stgcn_seed42\downstream_best.pt
[2026-09-10 04:13:56] INFO Epoch 034 | stage=posthoc_calibrator | train_total=1.376202 | train_forecast=1.376202 | train_confidence=0.000000 | train_risk=0.000000 | train_blend=0.000000 | val_total=1.682003 | val_mae=1.687077 | val_rmse=3.884621 | val_mape=3.846166 | val_confidence=0.000000 | val_risk=0.000000 | val_blend=0.000000 | batches=363/44 | seconds=43.00 | lr=[0.000857375] | cuda_peak_mb=2080.1
[2026-09-10 04:13:56] INFO Val horizons | 15min_mae=1.442803 15min_rmse=3.038122 15min_mape=3.049303 | 30min_mae=1.750619 30min_rmse=3.957011 30min_mape=3.996343 | 60min_mae=2.034704 60min_rmse=4.769447 60min_mape=4.901549
[2026-09-10 04:14:40] INFO Epoch 035 | stage=posthoc_calibrator | train_total=1.376403 | train_forecast=1.376403 | train_confidence=0.000000 | train_risk=0.000000 | train_blend=0.000000 | val_total=1.682170 | val_mae=1.687242 | val_rmse=3.889646 | val_mape=3.853277 | val_confidence=0.000000 | val_risk=0.000000 | val_blend=0.000000 | batches=363/44 | seconds=43.73 | lr=[0.000857375] | cuda_peak_mb=2080.2
[2026-09-10 04:14:40] INFO Val horizons | 15min_mae=1.443805 15min_rmse=3.044948 15min_mape=3.054670 | 30min_mae=1.750689 30min_rmse=3.964458 30min_mape=4.003490 | 60min_mae=2.034686 60min_rmse=4.775828 60min_mape=4.912673
[2026-09-10 04:15:23] INFO Epoch 036 | stage=posthoc_calibrator | train_total=1.376326 | train_forecast=1.376326 | train_confidence=0.000000 | train_risk=0.000000 | train_blend=0.000000 | val_total=1.681732 | val_mae=1.686803 | val_rmse=3.889406 | val_mape=3.852582 | val_confidence=0.000000 | val_risk=0.000000 | val_blend=0.000000 | batches=363/44 | seconds=42.92 | lr=[0.000857375] | cuda_peak_mb=2080.1
[2026-09-10 04:15:23] INFO Val horizons | 15min_mae=1.441192 15min_rmse=3.032340 15min_mape=3.052257 | 30min_mae=1.750337 30min_rmse=3.963461 30min_mape=4.004591 | 60min_mae=2.034800 60min_rmse=4.776822 60min_mape=4.910908
[2026-09-10 04:16:06] INFO Epoch 037 | stage=posthoc_calibrator | train_total=1.376265 | train_forecast=1.376265 | train_confidence=0.000000 | train_risk=0.000000 | train_blend=0.000000 | val_total=1.680626 | val_mae=1.685698 | val_rmse=3.884883 | val_mape=3.848953 | val_confidence=0.000000 | val_risk=0.000000 | val_blend=0.000000 | batches=363/44 | seconds=42.93 | lr=[0.000857375] | cuda_peak_mb=2080.2
[2026-09-10 04:16:06] INFO Val horizons | 15min_mae=1.440842 15min_rmse=3.033753 15min_mape=3.045702 | 30min_mae=1.748921 30min_rmse=3.956810 30min_mape=3.999272 | 60min_mae=2.033801 60min_rmse=4.772344 60min_mape=4.910037
[2026-09-10 04:16:49] INFO Epoch 038 | stage=posthoc_calibrator | train_total=1.376223 | train_forecast=1.376223 | train_confidence=0.000000 | train_risk=0.000000 | train_blend=0.000000 | val_total=1.679794 | val_mae=1.684850 | val_rmse=3.872187 | val_mape=3.848213 | val_confidence=0.000000 | val_risk=0.000000 | val_blend=0.000000 | batches=363/44 | seconds=42.88 | lr=[0.000857375] | cuda_peak_mb=2080.1
[2026-09-10 04:16:49] INFO Val horizons | 15min_mae=1.440198 15min_rmse=3.027062 15min_mape=3.052561 | 30min_mae=1.747977 30min_rmse=3.947175 30min_mape=4.010396 | 60min_mae=2.033661 60min_rmse=4.751588 60min_mape=4.887079
[2026-09-10 04:16:49] INFO Checkpoint updated | epoch=38 | stage=posthoc_calibrator | best_val_mae=1.684850 | path=C:\Users\clw\projects\researchRep\STAnchor-BlockMemory\artifacts\cross_dataset_final\pems04_finetuned_router_stgcn_seed42\downstream_best.pt
[2026-09-10 04:17:32] INFO Epoch 039 | stage=posthoc_calibrator | train_total=1.376231 | train_forecast=1.376231 | train_confidence=0.000000 | train_risk=0.000000 | train_blend=0.000000 | val_total=1.679698 | val_mae=1.684753 | val_rmse=3.887458 | val_mape=3.850273 | val_confidence=0.000000 | val_risk=0.000000 | val_blend=0.000000 | batches=363/44 | seconds=42.95 | lr=[0.000857375] | cuda_peak_mb=2080.2
[2026-09-10 04:17:32] INFO Val horizons | 15min_mae=1.441697 15min_rmse=3.038026 15min_mape=3.048702 | 30min_mae=1.749304 30min_rmse=3.964146 30min_mape=4.004737 | 60min_mae=2.030371 60min_rmse=4.770797 60min_mape=4.906785
[2026-09-10 04:17:32] INFO Checkpoint updated | epoch=39 | stage=posthoc_calibrator | best_val_mae=1.684753 | path=C:\Users\clw\projects\researchRep\STAnchor-BlockMemory\artifacts\cross_dataset_final\pems04_finetuned_router_stgcn_seed42\downstream_best.pt
[2026-09-10 04:18:15] INFO Epoch 040 | stage=posthoc_calibrator | train_total=1.375494 | train_forecast=1.375494 | train_confidence=0.000000 | train_risk=0.000000 | train_blend=0.000000 | val_total=1.679114 | val_mae=1.684159 | val_rmse=3.881166 | val_mape=3.851127 | val_confidence=0.000000 | val_risk=0.000000 | val_blend=0.000000 | batches=363/44 | seconds=42.88 | lr=[0.000857375] | cuda_peak_mb=2080.1
[2026-09-10 04:18:15] INFO Val horizons | 15min_mae=1.440989 15min_rmse=3.032386 15min_mape=3.051440 | 30min_mae=1.748090 30min_rmse=3.956251 30min_mape=4.004791 | 60min_mae=2.030408 60min_rmse=4.765690 60min_mape=4.907651
[2026-09-10 04:18:15] INFO Checkpoint updated | epoch=40 | stage=posthoc_calibrator | best_val_mae=1.684159 | path=C:\Users\clw\projects\researchRep\STAnchor-BlockMemory\artifacts\cross_dataset_final\pems04_finetuned_router_stgcn_seed42\downstream_best.pt
[2026-09-10 04:18:57] INFO Epoch 041 | stage=posthoc_calibrator | train_total=1.375996 | train_forecast=1.375996 | train_confidence=0.000000 | train_risk=0.000000 | train_blend=0.000000 | val_total=1.679904 | val_mae=1.684963 | val_rmse=3.890091 | val_mape=3.856649 | val_confidence=0.000000 | val_risk=0.000000 | val_blend=0.000000 | batches=363/44 | seconds=42.89 | lr=[0.0008145062499999999] | cuda_peak_mb=2080.2
[2026-09-10 04:18:57] INFO Val horizons | 15min_mae=1.441734 15min_rmse=3.037632 15min_mape=3.049309 | 30min_mae=1.748780 30min_rmse=3.962071 30min_mape=4.006698 | 60min_mae=2.032500 60min_rmse=4.783985 60min_mape=4.928812
[2026-09-10 04:19:40] INFO Epoch 042 | stage=posthoc_calibrator | train_total=1.375874 | train_forecast=1.375874 | train_confidence=0.000000 | train_risk=0.000000 | train_blend=0.000000 | val_total=1.680598 | val_mae=1.685669 | val_rmse=3.884469 | val_mape=3.847783 | val_confidence=0.000000 | val_risk=0.000000 | val_blend=0.000000 | batches=363/44 | seconds=42.82 | lr=[0.0008145062499999999] | cuda_peak_mb=2080.1
[2026-09-10 04:19:40] INFO Val horizons | 15min_mae=1.441311 15min_rmse=3.034522 15min_mape=3.047074 | 30min_mae=1.748464 30min_rmse=3.955838 30min_mape=3.996375 | 60min_mae=2.033659 60min_rmse=4.772149 60min_mape=4.909630
[2026-09-10 04:20:23] INFO Epoch 043 | stage=posthoc_calibrator | train_total=1.375518 | train_forecast=1.375518 | train_confidence=0.000000 | train_risk=0.000000 | train_blend=0.000000 | val_total=1.682350 | val_mae=1.687436 | val_rmse=3.883428 | val_mape=3.849379 | val_confidence=0.000000 | val_risk=0.000000 | val_blend=0.000000 | batches=363/44 | seconds=42.87 | lr=[0.0008145062499999999] | cuda_peak_mb=2080.2
[2026-09-10 04:20:23] INFO Val horizons | 15min_mae=1.441329 15min_rmse=3.031058 15min_mape=3.048648 | 30min_mae=1.750083 30min_rmse=3.956984 30min_mape=4.000396 | 60min_mae=2.037906 60min_rmse=4.773523 60min_mape=4.912542
[2026-09-10 04:21:06] INFO Epoch 044 | stage=posthoc_calibrator | train_total=1.376516 | train_forecast=1.376516 | train_confidence=0.000000 | train_risk=0.000000 | train_blend=0.000000 | val_total=1.678583 | val_mae=1.683631 | val_rmse=3.884742 | val_mape=3.837547 | val_confidence=0.000000 | val_risk=0.000000 | val_blend=0.000000 | batches=363/44 | seconds=42.86 | lr=[0.0008145062499999999] | cuda_peak_mb=2080.1
[2026-09-10 04:21:06] INFO Val horizons | 15min_mae=1.440402 15min_rmse=3.035502 15min_mape=3.041588 | 30min_mae=1.747923 30min_rmse=3.961054 30min_mape=3.987585 | 60min_mae=2.028967 60min_rmse=4.770057 60min_mape=4.897527
[2026-09-10 04:21:06] INFO Checkpoint updated | epoch=44 | stage=posthoc_calibrator | best_val_mae=1.683631 | path=C:\Users\clw\projects\researchRep\STAnchor-BlockMemory\artifacts\cross_dataset_final\pems04_finetuned_router_stgcn_seed42\downstream_best.pt
[2026-09-10 04:21:49] INFO Epoch 045 | stage=posthoc_calibrator | train_total=1.375748 | train_forecast=1.375748 | train_confidence=0.000000 | train_risk=0.000000 | train_blend=0.000000 | val_total=1.679916 | val_mae=1.684981 | val_rmse=3.883836 | val_mape=3.856317 | val_confidence=0.000000 | val_risk=0.000000 | val_blend=0.000000 | batches=363/44 | seconds=42.89 | lr=[0.0008145062499999999] | cuda_peak_mb=2080.2
[2026-09-10 04:21:49] INFO Val horizons | 15min_mae=1.440111 15min_rmse=3.033057 15min_mape=3.053444 | 30min_mae=1.747477 30min_rmse=3.953491 30min_mape=4.010299 | 60min_mae=2.034334 60min_rmse=4.771887 60min_mape=4.917109
[2026-09-10 04:22:32] INFO Epoch 046 | stage=posthoc_calibrator | train_total=1.375196 | train_forecast=1.375196 | train_confidence=0.000000 | train_risk=0.000000 | train_blend=0.000000 | val_total=1.677930 | val_mae=1.682970 | val_rmse=3.885040 | val_mape=3.847802 | val_confidence=0.000000 | val_risk=0.000000 | val_blend=0.000000 | batches=363/44 | seconds=43.00 | lr=[0.0008145062499999999] | cuda_peak_mb=2080.1
[2026-09-10 04:22:32] INFO Val horizons | 15min_mae=1.440046 15min_rmse=3.032953 15min_mape=3.043267 | 30min_mae=1.747332 30min_rmse=3.959394 30min_mape=3.997343 | 60min_mae=2.027630 60min_rmse=4.773943 60min_mape=4.917828
[2026-09-10 04:22:32] INFO Checkpoint updated | epoch=46 | stage=posthoc_calibrator | best_val_mae=1.682970 | path=C:\Users\clw\projects\researchRep\STAnchor-BlockMemory\artifacts\cross_dataset_final\pems04_finetuned_router_stgcn_seed42\downstream_best.pt
[2026-09-10 04:23:15] INFO Epoch 047 | stage=posthoc_calibrator | train_total=1.375116 | train_forecast=1.375116 | train_confidence=0.000000 | train_risk=0.000000 | train_blend=0.000000 | val_total=1.678416 | val_mae=1.683467 | val_rmse=3.878046 | val_mape=3.837381 | val_confidence=0.000000 | val_risk=0.000000 | val_blend=0.000000 | batches=363/44 | seconds=42.89 | lr=[0.0008145062499999999] | cuda_peak_mb=2080.2
[2026-09-10 04:23:15] INFO Val horizons | 15min_mae=1.438906 15min_rmse=3.021590 15min_mape=3.038676 | 30min_mae=1.747084 30min_rmse=3.950588 30min_mape=3.990183 | 60min_mae=2.030880 60min_rmse=4.768400 60min_mape=4.891057
[2026-09-10 04:23:58] INFO Epoch 048 | stage=posthoc_calibrator | train_total=1.375181 | train_forecast=1.375181 | train_confidence=0.000000 | train_risk=0.000000 | train_blend=0.000000 | val_total=1.683709 | val_mae=1.688794 | val_rmse=3.898326 | val_mape=3.862749 | val_confidence=0.000000 | val_risk=0.000000 | val_blend=0.000000 | batches=363/44 | seconds=42.85 | lr=[0.0008145062499999999] | cuda_peak_mb=2080.1
[2026-09-10 04:23:58] INFO Val horizons | 15min_mae=1.444931 15min_rmse=3.047868 15min_mape=3.063722 | 30min_mae=1.753390 30min_rmse=3.976833 30min_mape=4.019981 | 60min_mae=2.033786 60min_rmse=4.779288 60min_mape=4.909369
[2026-09-10 04:24:41] INFO Epoch 049 | stage=posthoc_calibrator | train_total=1.375783 | train_forecast=1.375783 | train_confidence=0.000000 | train_risk=0.000000 | train_blend=0.000000 | val_total=1.681508 | val_mae=1.686584 | val_rmse=3.887403 | val_mape=3.847410 | val_confidence=0.000000 | val_risk=0.000000 | val_blend=0.000000 | batches=363/44 | seconds=42.94 | lr=[0.0008145062499999999] | cuda_peak_mb=2080.2
[2026-09-10 04:24:41] INFO Val horizons | 15min_mae=1.441710 15min_rmse=3.032679 15min_mape=3.042652 | 30min_mae=1.750968 30min_rmse=3.962497 30min_mape=3.999878 | 60min_mae=2.033641 60min_rmse=4.775689 60min_mape=4.909300
[2026-09-10 04:25:24] INFO Epoch 050 | stage=posthoc_calibrator | train_total=1.375186 | train_forecast=1.375186 | train_confidence=0.000000 | train_risk=0.000000 | train_blend=0.000000 | val_total=1.678420 | val_mae=1.683476 | val_rmse=3.876999 | val_mape=3.857680 | val_confidence=0.000000 | val_risk=0.000000 | val_blend=0.000000 | batches=363/44 | seconds=42.97 | lr=[0.0008145062499999999] | cuda_peak_mb=2080.1
[2026-09-10 04:25:24] INFO Val horizons | 15min_mae=1.439787 15min_rmse=3.026189 15min_mape=3.045981 | 30min_mae=1.746997 30min_rmse=3.945630 30min_mape=4.006407 | 60min_mae=2.029382 60min_rmse=4.768648 60min_mape=4.937342
[2026-09-10 04:25:24] INFO Downstream training finished | best_val_mae=1.682970 | checkpoint=C:\Users\clw\projects\researchRep\STAnchor-BlockMemory\artifacts\cross_dataset_final\pems04_finetuned_router_stgcn_seed42\downstream_best.pt
