[2026-09-17 06:04:14] INFO Downstream start | run=paper_final_joint_context_offset_only_seed42/main_table/pemsbay/ours/dlinear | device=cuda:0 (requested=cuda:0) | seed=42 | output=C:\Users\clw\projects\researchRep\STAnchor-BlockMemory\artifacts\paper_final_joint_context_offset_only_seed42\main_table\pemsbay\ours\dlinear
[2026-09-17 06:04:14] INFO Mode | downstream_mode=learned_topk_error_aware | training_protocol=posthoc_frozen_base | candidate_protocol=weekday_radius1_overlap | candidate_ranking=learned_key | candidate_payload=offset_only
[2026-09-17 06:04:14] INFO Downstream initialization | seed=42 | state_hash=d68abac0d0a6cb7f
[2026-09-17 06:04:14] INFO Frozen base | checkpoint=C:\Users\clw\projects\researchRep\STAnchor-BlockMemory\artifacts\cross_dataset_pemsbay\pemsbay_baseonly_dlinear_seed42\downstream_best.pt | fingerprint=2e0f1893612870d8
[2026-09-17 06:04:14] INFO Data | steps=52116 | nodes=325 | channels=1 | training_scope=full_train | memory/post_memory/train_selected/val/test=25327/10855/36182/4912/10125
[2026-09-17 06:04:14] INFO Frozen path cache | enabled=True | storage=disk_mmap | train_samples=36182 | val_samples=4912 | allocated_mib=7081.7
[2026-09-17 06:04:14] INFO Bank/retrieval | dataset=pemsbay_joint_context_offset_only_t1 | events=25327 | nodes=325 | retrieval_dim=64 | event_top_r=96 | node_top_k=12 | key_dtype=float16
[2026-09-17 06:04:14] INFO Frozen path cache | enabled=yes | candidate_ranking=learned_key | fill=first_epoch
[2026-09-17 06:04:14] INFO Parameters | downstream_total=885,666 | downstream_trainable=885,085 | backbone=0 | confidence_head=0 | fusion=0 | frozen_pretrained=958,704
[2026-09-17 06:04:14] INFO Optimization | epochs=50 | batch_size=32 | optimizer=adam | lr=0.0005 | weight_decay=0.0001 | scheduler=step_lr | step_size=10 | gamma=0.500 | confidence_weight=0.000 | patience=20 | early_stopping=disabled
[2026-09-17 06:04:16] INFO Stage start | stage=posthoc_calibrator | epochs=50 | optimizer_lrs=[0.0005]
[2026-09-17 06:19:09] INFO Epoch 001 | stage=posthoc_calibrator | train_total=1.601664 | train_forecast=1.601664 | train_confidence=0.000000 | train_risk=0.000000 | train_blend=0.000000 | val_total=1.652839 | val_mae=1.648081 | val_rmse=3.732590 | val_mape=3.809625 | val_confidence=0.000000 | val_risk=0.000000 | val_blend=0.000000 | batches=1131/154 | seconds=892.98 | lr=[0.0005] | cuda_peak_mb=5461.3
[2026-09-17 06:19:09] INFO Val horizons | 15min_mae=1.393227 15min_rmse=2.921811 15min_mape=3.017950 | 30min_mae=1.712295 30min_rmse=3.832983 30min_mape=3.964537 | 60min_mae=2.003678 60min_rmse=4.540693 60min_mape=4.869372
[2026-09-17 06:19:09] INFO Checkpoint updated | epoch=1 | stage=posthoc_calibrator | best_val_mae=1.648081 | path=C:\Users\clw\projects\researchRep\STAnchor-BlockMemory\artifacts\paper_final_joint_context_offset_only_seed42\main_table\pemsbay\ours\dlinear\downstream_best.pt
[2026-09-17 06:24:29] INFO Epoch 002 | stage=posthoc_calibrator | train_total=1.578433 | train_forecast=1.578433 | train_confidence=0.000000 | train_risk=0.000000 | train_blend=0.000000 | val_total=1.652795 | val_mae=1.648252 | val_rmse=3.756506 | val_mape=3.710052 | val_confidence=0.000000 | val_risk=0.000000 | val_blend=0.000000 | batches=1131/154 | seconds=320.09 | lr=[0.0005] | cuda_peak_mb=2278.8
[2026-09-17 06:24:29] INFO Val horizons | 15min_mae=1.388386 15min_rmse=2.932381 15min_mape=2.928618 | 30min_mae=1.716666 30min_rmse=3.871070 30min_mape=3.847404 | 60min_mae=2.002213 60min_rmse=4.561521 60min_mape=4.756981
[2026-09-17 06:29:49] INFO Epoch 003 | stage=posthoc_calibrator | train_total=1.571863 | train_forecast=1.571863 | train_confidence=0.000000 | train_risk=0.000000 | train_blend=0.000000 | val_total=1.643210 | val_mae=1.638545 | val_rmse=3.768086 | val_mape=3.702497 | val_confidence=0.000000 | val_risk=0.000000 | val_blend=0.000000 | batches=1131/154 | seconds=319.95 | lr=[0.0005] | cuda_peak_mb=2278.4
[2026-09-17 06:29:49] INFO Val horizons | 15min_mae=1.379052 15min_rmse=2.925821 15min_mape=2.930332 | 30min_mae=1.703663 30min_rmse=3.878112 30min_mape=3.853612 | 60min_mae=1.995203 60min_rmse=4.583110 60min_mape=4.716659
[2026-09-17 06:29:49] INFO Checkpoint updated | epoch=3 | stage=posthoc_calibrator | best_val_mae=1.638545 | path=C:\Users\clw\projects\researchRep\STAnchor-BlockMemory\artifacts\paper_final_joint_context_offset_only_seed42\main_table\pemsbay\ours\dlinear\downstream_best.pt
[2026-09-17 06:35:09] INFO Epoch 004 | stage=posthoc_calibrator | train_total=1.567643 | train_forecast=1.567643 | train_confidence=0.000000 | train_risk=0.000000 | train_blend=0.000000 | val_total=1.634113 | val_mae=1.629532 | val_rmse=3.733589 | val_mape=3.700500 | val_confidence=0.000000 | val_risk=0.000000 | val_blend=0.000000 | batches=1131/154 | seconds=320.16 | lr=[0.0005] | cuda_peak_mb=2277.8
[2026-09-17 06:35:09] INFO Val horizons | 15min_mae=1.376444 15min_rmse=2.909412 15min_mape=2.935881 | 30min_mae=1.695671 30min_rmse=3.842433 30min_mape=3.861009 | 60min_mae=1.978598 60min_rmse=4.541548 60min_mape=4.701039
[2026-09-17 06:35:09] INFO Checkpoint updated | epoch=4 | stage=posthoc_calibrator | best_val_mae=1.629532 | path=C:\Users\clw\projects\researchRep\STAnchor-BlockMemory\artifacts\paper_final_joint_context_offset_only_seed42\main_table\pemsbay\ours\dlinear\downstream_best.pt
[2026-09-17 06:40:29] INFO Epoch 005 | stage=posthoc_calibrator | train_total=1.565257 | train_forecast=1.565257 | train_confidence=0.000000 | train_risk=0.000000 | train_blend=0.000000 | val_total=1.641607 | val_mae=1.636942 | val_rmse=3.790824 | val_mape=3.778255 | val_confidence=0.000000 | val_risk=0.000000 | val_blend=0.000000 | batches=1131/154 | seconds=320.04 | lr=[0.0005] | cuda_peak_mb=2278.5
[2026-09-17 06:40:29] INFO Val horizons | 15min_mae=1.377702 15min_rmse=2.926455 15min_mape=2.977558 | 30min_mae=1.700817 30min_rmse=3.891429 30min_mape=3.935246 | 60min_mae=1.995319 60min_rmse=4.629858 60min_mape=4.827213
[2026-09-17 06:45:49] INFO Epoch 006 | stage=posthoc_calibrator | train_total=1.562756 | train_forecast=1.562756 | train_confidence=0.000000 | train_risk=0.000000 | train_blend=0.000000 | val_total=1.637321 | val_mae=1.632755 | val_rmse=3.761707 | val_mape=3.706652 | val_confidence=0.000000 | val_risk=0.000000 | val_blend=0.000000 | batches=1131/154 | seconds=319.51 | lr=[0.0005] | cuda_peak_mb=2278.1
[2026-09-17 06:45:49] INFO Val horizons | 15min_mae=1.376536 15min_rmse=2.922349 15min_mape=2.919636 | 30min_mae=1.700572 30min_rmse=3.878434 30min_mape=3.858885 | 60min_mae=1.980462 60min_rmse=4.567056 60min_mape=4.726404
[2026-09-17 06:51:08] INFO Epoch 007 | stage=posthoc_calibrator | train_total=1.561056 | train_forecast=1.561056 | train_confidence=0.000000 | train_risk=0.000000 | train_blend=0.000000 | val_total=1.632372 | val_mae=1.627761 | val_rmse=3.738459 | val_mape=3.693965 | val_confidence=0.000000 | val_risk=0.000000 | val_blend=0.000000 | batches=1131/154 | seconds=319.11 | lr=[0.0005] | cuda_peak_mb=2278.8
[2026-09-17 06:51:08] INFO Val horizons | 15min_mae=1.371912 15min_rmse=2.905266 15min_mape=2.914026 | 30min_mae=1.693320 30min_rmse=3.849777 30min_mape=3.831798 | 60min_mae=1.979823 60min_rmse=4.549599 60min_mape=4.735123
[2026-09-17 06:51:08] INFO Checkpoint updated | epoch=7 | stage=posthoc_calibrator | best_val_mae=1.627761 | path=C:\Users\clw\projects\researchRep\STAnchor-BlockMemory\artifacts\paper_final_joint_context_offset_only_seed42\main_table\pemsbay\ours\dlinear\downstream_best.pt
[2026-09-17 06:56:28] INFO Epoch 008 | stage=posthoc_calibrator | train_total=1.559668 | train_forecast=1.559668 | train_confidence=0.000000 | train_risk=0.000000 | train_blend=0.000000 | val_total=1.630506 | val_mae=1.625853 | val_rmse=3.744681 | val_mape=3.740118 | val_confidence=0.000000 | val_risk=0.000000 | val_blend=0.000000 | batches=1131/154 | seconds=320.62 | lr=[0.0005] | cuda_peak_mb=2278.5
[2026-09-17 06:56:28] INFO Val horizons | 15min_mae=1.375046 15min_rmse=2.916186 15min_mape=2.967539 | 30min_mae=1.693536 30min_rmse=3.858743 30min_mape=3.906560 | 60min_mae=1.969152 60min_rmse=4.544418 60min_mape=4.739744
[2026-09-17 06:56:28] INFO Checkpoint updated | epoch=8 | stage=posthoc_calibrator | best_val_mae=1.625853 | path=C:\Users\clw\projects\researchRep\STAnchor-BlockMemory\artifacts\paper_final_joint_context_offset_only_seed42\main_table\pemsbay\ours\dlinear\downstream_best.pt
[2026-09-17 07:01:48] INFO Epoch 009 | stage=posthoc_calibrator | train_total=1.558334 | train_forecast=1.558334 | train_confidence=0.000000 | train_risk=0.000000 | train_blend=0.000000 | val_total=1.633885 | val_mae=1.629311 | val_rmse=3.750343 | val_mape=3.729040 | val_confidence=0.000000 | val_risk=0.000000 | val_blend=0.000000 | batches=1131/154 | seconds=319.79 | lr=[0.0005] | cuda_peak_mb=2277.8
[2026-09-17 07:01:48] INFO Val horizons | 15min_mae=1.370728 15min_rmse=2.906429 15min_mape=2.924086 | 30min_mae=1.694640 30min_rmse=3.856418 30min_mape=3.871466 | 60min_mae=1.984368 60min_rmse=4.572359 60min_mape=4.795451
[2026-09-17 07:07:07] INFO Epoch 010 | stage=posthoc_calibrator | train_total=1.556995 | train_forecast=1.556995 | train_confidence=0.000000 | train_risk=0.000000 | train_blend=0.000000 | val_total=1.635218 | val_mae=1.630652 | val_rmse=3.760813 | val_mape=3.765068 | val_confidence=0.000000 | val_risk=0.000000 | val_blend=0.000000 | batches=1131/154 | seconds=318.74 | lr=[0.0005] | cuda_peak_mb=2278.7
[2026-09-17 07:07:07] INFO Val horizons | 15min_mae=1.372670 15min_rmse=2.911078 15min_mape=2.951047 | 30min_mae=1.698119 30min_rmse=3.872761 30min_mape=3.933008 | 60min_mae=1.983358 60min_rmse=4.577440 60min_mape=4.811676
[2026-09-17 07:12:27] INFO Epoch 011 | stage=posthoc_calibrator | train_total=1.552964 | train_forecast=1.552964 | train_confidence=0.000000 | train_risk=0.000000 | train_blend=0.000000 | val_total=1.627915 | val_mae=1.623271 | val_rmse=3.748282 | val_mape=3.736861 | val_confidence=0.000000 | val_risk=0.000000 | val_blend=0.000000 | batches=1131/154 | seconds=319.98 | lr=[0.00025] | cuda_peak_mb=2279.3
[2026-09-17 07:12:27] INFO Val horizons | 15min_mae=1.368555 15min_rmse=2.905468 15min_mape=2.939050 | 30min_mae=1.689824 30min_rmse=3.855521 30min_mape=3.895396 | 60min_mae=1.971370 60min_rmse=4.564391 60min_mape=4.766904
[2026-09-17 07:12:27] INFO Checkpoint updated | epoch=11 | stage=posthoc_calibrator | best_val_mae=1.623271 | path=C:\Users\clw\projects\researchRep\STAnchor-BlockMemory\artifacts\paper_final_joint_context_offset_only_seed42\main_table\pemsbay\ours\dlinear\downstream_best.pt
[2026-09-17 07:17:46] INFO Epoch 012 | stage=posthoc_calibrator | train_total=1.552033 | train_forecast=1.552033 | train_confidence=0.000000 | train_risk=0.000000 | train_blend=0.000000 | val_total=1.621815 | val_mae=1.617240 | val_rmse=3.720025 | val_mape=3.689879 | val_confidence=0.000000 | val_risk=0.000000 | val_blend=0.000000 | batches=1131/154 | seconds=319.51 | lr=[0.00025] | cuda_peak_mb=2278.9
[2026-09-17 07:17:46] INFO Val horizons | 15min_mae=1.365937 15min_rmse=2.887651 15min_mape=2.912632 | 30min_mae=1.684084 30min_rmse=3.829188 30min_mape=3.842113 | 60min_mae=1.960625 60min_rmse=4.527955 60min_mape=4.703231
[2026-09-17 07:17:47] INFO Checkpoint updated | epoch=12 | stage=posthoc_calibrator | best_val_mae=1.617240 | path=C:\Users\clw\projects\researchRep\STAnchor-BlockMemory\artifacts\paper_final_joint_context_offset_only_seed42\main_table\pemsbay\ours\dlinear\downstream_best.pt
[2026-09-17 07:23:06] INFO Epoch 013 | stage=posthoc_calibrator | train_total=1.551432 | train_forecast=1.551432 | train_confidence=0.000000 | train_risk=0.000000 | train_blend=0.000000 | val_total=1.626682 | val_mae=1.622095 | val_rmse=3.757065 | val_mape=3.704045 | val_confidence=0.000000 | val_risk=0.000000 | val_blend=0.000000 | batches=1131/154 | seconds=319.31 | lr=[0.00025] | cuda_peak_mb=2277.8
[2026-09-17 07:23:06] INFO Val horizons | 15min_mae=1.365890 15min_rmse=2.906565 15min_mape=2.909095 | 30min_mae=1.688725 30min_rmse=3.868996 30min_mape=3.856760 | 60min_mae=1.972564 60min_rmse=4.576015 60min_mape=4.738878
[2026-09-17 07:28:26] INFO Epoch 014 | stage=posthoc_calibrator | train_total=1.550909 | train_forecast=1.550909 | train_confidence=0.000000 | train_risk=0.000000 | train_blend=0.000000 | val_total=1.621237 | val_mae=1.616715 | val_rmse=3.718756 | val_mape=3.677926 | val_confidence=0.000000 | val_risk=0.000000 | val_blend=0.000000 | batches=1131/154 | seconds=320.41 | lr=[0.00025] | cuda_peak_mb=2278.4
[2026-09-17 07:28:26] INFO Val horizons | 15min_mae=1.366046 15min_rmse=2.895799 15min_mape=2.925687 | 30min_mae=1.683292 30min_rmse=3.833476 30min_mape=3.839955 | 60min_mae=1.960685 60min_rmse=4.515999 60min_mape=4.658919
[2026-09-17 07:28:26] INFO Checkpoint updated | epoch=14 | stage=posthoc_calibrator | best_val_mae=1.616715 | path=C:\Users\clw\projects\researchRep\STAnchor-BlockMemory\artifacts\paper_final_joint_context_offset_only_seed42\main_table\pemsbay\ours\dlinear\downstream_best.pt
[2026-09-17 07:33:46] INFO Epoch 015 | stage=posthoc_calibrator | train_total=1.550448 | train_forecast=1.550448 | train_confidence=0.000000 | train_risk=0.000000 | train_blend=0.000000 | val_total=1.622388 | val_mae=1.617823 | val_rmse=3.733515 | val_mape=3.645249 | val_confidence=0.000000 | val_risk=0.000000 | val_blend=0.000000 | batches=1131/154 | seconds=319.48 | lr=[0.00025] | cuda_peak_mb=2278.5
[2026-09-17 07:33:46] INFO Val horizons | 15min_mae=1.364831 15min_rmse=2.899399 15min_mape=2.894053 | 30min_mae=1.684450 30min_rmse=3.847200 30min_mape=3.803295 | 60min_mae=1.964366 60min_rmse=4.538928 60min_mape=4.625498
[2026-09-17 07:39:05] INFO Epoch 016 | stage=posthoc_calibrator | train_total=1.549949 | train_forecast=1.549949 | train_confidence=0.000000 | train_risk=0.000000 | train_blend=0.000000 | val_total=1.617366 | val_mae=1.612810 | val_rmse=3.699434 | val_mape=3.646141 | val_confidence=0.000000 | val_risk=0.000000 | val_blend=0.000000 | batches=1131/154 | seconds=319.38 | lr=[0.00025] | cuda_peak_mb=2278.1
[2026-09-17 07:39:05] INFO Val horizons | 15min_mae=1.363399 15min_rmse=2.882021 15min_mape=2.884144 | 30min_mae=1.679921 30min_rmse=3.811351 30min_mape=3.797444 | 60min_mae=1.954352 60min_rmse=4.495562 60min_mape=4.637805
[2026-09-17 07:39:05] INFO Checkpoint updated | epoch=16 | stage=posthoc_calibrator | best_val_mae=1.612810 | path=C:\Users\clw\projects\researchRep\STAnchor-BlockMemory\artifacts\paper_final_joint_context_offset_only_seed42\main_table\pemsbay\ours\dlinear\downstream_best.pt
[2026-09-17 07:44:25] INFO Epoch 017 | stage=posthoc_calibrator | train_total=1.549248 | train_forecast=1.549248 | train_confidence=0.000000 | train_risk=0.000000 | train_blend=0.000000 | val_total=1.619090 | val_mae=1.614513 | val_rmse=3.725386 | val_mape=3.670857 | val_confidence=0.000000 | val_risk=0.000000 | val_blend=0.000000 | batches=1131/154 | seconds=319.44 | lr=[0.00025] | cuda_peak_mb=2278.8
[2026-09-17 07:44:25] INFO Val horizons | 15min_mae=1.363573 15min_rmse=2.892943 15min_mape=2.899056 | 30min_mae=1.681691 30min_rmse=3.837871 30min_mape=3.827926 | 60min_mae=1.957701 60min_rmse=4.530369 60min_mape=4.665634
[2026-09-17 07:49:44] INFO Epoch 018 | stage=posthoc_calibrator | train_total=1.549133 | train_forecast=1.549133 | train_confidence=0.000000 | train_risk=0.000000 | train_blend=0.000000 | val_total=1.617130 | val_mae=1.612580 | val_rmse=3.707043 | val_mape=3.659414 | val_confidence=0.000000 | val_risk=0.000000 | val_blend=0.000000 | batches=1131/154 | seconds=319.67 | lr=[0.00025] | cuda_peak_mb=2278.5
[2026-09-17 07:49:44] INFO Val horizons | 15min_mae=1.362862 15min_rmse=2.889656 15min_mape=2.899737 | 30min_mae=1.679988 30min_rmse=3.821767 30min_mape=3.814909 | 60min_mae=1.954315 60min_rmse=4.501846 60min_mape=4.650342
[2026-09-17 07:49:44] INFO Checkpoint updated | epoch=18 | stage=posthoc_calibrator | best_val_mae=1.612580 | path=C:\Users\clw\projects\researchRep\STAnchor-BlockMemory\artifacts\paper_final_joint_context_offset_only_seed42\main_table\pemsbay\ours\dlinear\downstream_best.pt
[2026-09-17 07:55:04] INFO Epoch 019 | stage=posthoc_calibrator | train_total=1.548572 | train_forecast=1.548572 | train_confidence=0.000000 | train_risk=0.000000 | train_blend=0.000000 | val_total=1.618007 | val_mae=1.613493 | val_rmse=3.712408 | val_mape=3.675719 | val_confidence=0.000000 | val_risk=0.000000 | val_blend=0.000000 | batches=1131/154 | seconds=319.63 | lr=[0.00025] | cuda_peak_mb=2277.8
[2026-09-17 07:55:04] INFO Val horizons | 15min_mae=1.363153 15min_rmse=2.891238 15min_mape=2.910837 | 30min_mae=1.680817 30min_rmse=3.827766 30min_mape=3.839012 | 60min_mae=1.955835 60min_rmse=4.507550 60min_mape=4.663021
[2026-09-17 08:00:23] INFO Epoch 020 | stage=posthoc_calibrator | train_total=1.548266 | train_forecast=1.548266 | train_confidence=0.000000 | train_risk=0.000000 | train_blend=0.000000 | val_total=1.623681 | val_mae=1.619135 | val_rmse=3.735931 | val_mape=3.688011 | val_confidence=0.000000 | val_risk=0.000000 | val_blend=0.000000 | batches=1131/154 | seconds=319.07 | lr=[0.00025] | cuda_peak_mb=2278.7
[2026-09-17 08:00:23] INFO Val horizons | 15min_mae=1.364906 15min_rmse=2.904611 15min_mape=2.912345 | 30min_mae=1.685990 30min_rmse=3.851682 30min_mape=3.846599 | 60min_mae=1.967460 60min_rmse=4.541127 60min_mape=4.704488
[2026-09-17 08:05:42] INFO Epoch 021 | stage=posthoc_calibrator | train_total=1.546025 | train_forecast=1.546025 | train_confidence=0.000000 | train_risk=0.000000 | train_blend=0.000000 | val_total=1.619654 | val_mae=1.615081 | val_rmse=3.721239 | val_mape=3.695389 | val_confidence=0.000000 | val_risk=0.000000 | val_blend=0.000000 | batches=1131/154 | seconds=318.83 | lr=[0.000125] | cuda_peak_mb=2279.3
[2026-09-17 08:05:42] INFO Val horizons | 15min_mae=1.363186 15min_rmse=2.892054 15min_mape=2.908449 | 30min_mae=1.682428 30min_rmse=3.833757 30min_mape=3.850587 | 60min_mae=1.958871 60min_rmse=4.524113 60min_mape=4.715689
[2026-09-17 08:11:01] INFO Epoch 022 | stage=posthoc_calibrator | train_total=1.545628 | train_forecast=1.545628 | train_confidence=0.000000 | train_risk=0.000000 | train_blend=0.000000 | val_total=1.618657 | val_mae=1.614058 | val_rmse=3.717303 | val_mape=3.703574 | val_confidence=0.000000 | val_risk=0.000000 | val_blend=0.000000 | batches=1131/154 | seconds=318.97 | lr=[0.000125] | cuda_peak_mb=2278.9
[2026-09-17 08:11:01] INFO Val horizons | 15min_mae=1.361841 15min_rmse=2.888831 15min_mape=2.896822 | 30min_mae=1.681200 30min_rmse=3.826585 30min_mape=3.854512 | 60min_mae=1.957812 60min_rmse=4.519915 60min_mape=4.742061
[2026-09-17 08:16:19] INFO Epoch 023 | stage=posthoc_calibrator | train_total=1.545363 | train_forecast=1.545363 | train_confidence=0.000000 | train_risk=0.000000 | train_blend=0.000000 | val_total=1.616932 | val_mae=1.612359 | val_rmse=3.717068 | val_mape=3.626078 | val_confidence=0.000000 | val_risk=0.000000 | val_blend=0.000000 | batches=1131/154 | seconds=318.41 | lr=[0.000125] | cuda_peak_mb=2277.8
[2026-09-17 08:16:19] INFO Val horizons | 15min_mae=1.361257 15min_rmse=2.890728 15min_mape=2.872978 | 30min_mae=1.679617 30min_rmse=3.830304 30min_mape=3.778200 | 60min_mae=1.955601 60min_rmse=4.518699 60min_mape=4.609715
[2026-09-17 08:16:19] INFO Checkpoint updated | epoch=23 | stage=posthoc_calibrator | best_val_mae=1.612359 | path=C:\Users\clw\projects\researchRep\STAnchor-BlockMemory\artifacts\paper_final_joint_context_offset_only_seed42\main_table\pemsbay\ours\dlinear\downstream_best.pt
[2026-09-17 08:21:38] INFO Epoch 024 | stage=posthoc_calibrator | train_total=1.545474 | train_forecast=1.545474 | train_confidence=0.000000 | train_risk=0.000000 | train_blend=0.000000 | val_total=1.617192 | val_mae=1.612654 | val_rmse=3.714753 | val_mape=3.676914 | val_confidence=0.000000 | val_risk=0.000000 | val_blend=0.000000 | batches=1131/154 | seconds=319.16 | lr=[0.000125] | cuda_peak_mb=2278.4
[2026-09-17 08:21:38] INFO Val horizons | 15min_mae=1.361693 15min_rmse=2.887392 15min_mape=2.904404 | 30min_mae=1.679434 30min_rmse=3.826494 30min_mape=3.835059 | 60min_mae=1.956816 60min_rmse=4.517220 60min_mape=4.681775
[2026-09-17 08:26:59] INFO Epoch 025 | stage=posthoc_calibrator | train_total=1.544831 | train_forecast=1.544831 | train_confidence=0.000000 | train_risk=0.000000 | train_blend=0.000000 | val_total=1.614162 | val_mae=1.609608 | val_rmse=3.705302 | val_mape=3.667256 | val_confidence=0.000000 | val_risk=0.000000 | val_blend=0.000000 | batches=1131/154 | seconds=320.43 | lr=[0.000125] | cuda_peak_mb=2278.5
[2026-09-17 08:26:59] INFO Val horizons | 15min_mae=1.360964 15min_rmse=2.884225 15min_mape=2.904079 | 30min_mae=1.676709 30min_rmse=3.818675 30min_mape=3.823024 | 60min_mae=1.950439 60min_rmse=4.502346 60min_mape=4.661745
[2026-09-17 08:26:59] INFO Checkpoint updated | epoch=25 | stage=posthoc_calibrator | best_val_mae=1.609608 | path=C:\Users\clw\projects\researchRep\STAnchor-BlockMemory\artifacts\paper_final_joint_context_offset_only_seed42\main_table\pemsbay\ours\dlinear\downstream_best.pt
[2026-09-17 08:32:19] INFO Epoch 026 | stage=posthoc_calibrator | train_total=1.544976 | train_forecast=1.544976 | train_confidence=0.000000 | train_risk=0.000000 | train_blend=0.000000 | val_total=1.617210 | val_mae=1.612694 | val_rmse=3.719333 | val_mape=3.686401 | val_confidence=0.000000 | val_risk=0.000000 | val_blend=0.000000 | batches=1131/154 | seconds=320.51 | lr=[0.000125] | cuda_peak_mb=2278.1
[2026-09-17 08:32:19] INFO Val horizons | 15min_mae=1.360944 15min_rmse=2.888391 15min_mape=2.896690 | 30min_mae=1.679599 30min_rmse=3.829944 30min_mape=3.839441 | 60min_mae=1.956563 60min_rmse=4.523765 60min_mape=4.706333
[2026-09-17 08:37:39] INFO Epoch 027 | stage=posthoc_calibrator | train_total=1.544666 | train_forecast=1.544666 | train_confidence=0.000000 | train_risk=0.000000 | train_blend=0.000000 | val_total=1.624323 | val_mae=1.619728 | val_rmse=3.735407 | val_mape=3.710001 | val_confidence=0.000000 | val_risk=0.000000 | val_blend=0.000000 | batches=1131/154 | seconds=319.36 | lr=[0.000125] | cuda_peak_mb=2278.8
[2026-09-17 08:37:39] INFO Val horizons | 15min_mae=1.364340 15min_rmse=2.896746 15min_mape=2.911010 | 30min_mae=1.686926 30min_rmse=3.847800 30min_mape=3.863798 | 60min_mae=1.967357 60min_rmse=4.542701 60min_mape=4.745123
[2026-09-17 08:42:58] INFO Epoch 028 | stage=posthoc_calibrator | train_total=1.544569 | train_forecast=1.544569 | train_confidence=0.000000 | train_risk=0.000000 | train_blend=0.000000 | val_total=1.615355 | val_mae=1.610800 | val_rmse=3.720805 | val_mape=3.660532 | val_confidence=0.000000 | val_risk=0.000000 | val_blend=0.000000 | batches=1131/154 | seconds=319.56 | lr=[0.000125] | cuda_peak_mb=2278.5
[2026-09-17 08:42:58] INFO Val horizons | 15min_mae=1.360260 15min_rmse=2.892928 15min_mape=2.883956 | 30min_mae=1.678414 30min_rmse=3.835780 30min_mape=3.814633 | 60min_mae=1.952971 60min_rmse=4.521361 60min_mape=4.664890
[2026-09-17 08:48:18] INFO Epoch 029 | stage=posthoc_calibrator | train_total=1.544474 | train_forecast=1.544474 | train_confidence=0.000000 | train_risk=0.000000 | train_blend=0.000000 | val_total=1.615623 | val_mae=1.611032 | val_rmse=3.711974 | val_mape=3.684125 | val_confidence=0.000000 | val_risk=0.000000 | val_blend=0.000000 | batches=1131/154 | seconds=319.36 | lr=[0.000125] | cuda_peak_mb=2277.8
[2026-09-17 08:48:18] INFO Val horizons | 15min_mae=1.361187 15min_rmse=2.885125 15min_mape=2.900578 | 30min_mae=1.678605 30min_rmse=3.823836 30min_mape=3.843675 | 60min_mae=1.952303 60min_rmse=4.513327 60min_mape=4.694356
[2026-09-17 08:53:37] INFO Epoch 030 | stage=posthoc_calibrator | train_total=1.544398 | train_forecast=1.544398 | train_confidence=0.000000 | train_risk=0.000000 | train_blend=0.000000 | val_total=1.620367 | val_mae=1.615779 | val_rmse=3.733443 | val_mape=3.702637 | val_confidence=0.000000 | val_risk=0.000000 | val_blend=0.000000 | batches=1131/154 | seconds=319.24 | lr=[0.000125] | cuda_peak_mb=2278.7
[2026-09-17 08:53:37] INFO Val horizons | 15min_mae=1.361278 15min_rmse=2.893688 15min_mape=2.894071 | 30min_mae=1.682348 30min_rmse=3.844512 30min_mape=3.847743 | 60min_mae=1.962612 60min_rmse=4.541388 60min_mape=4.751877
[2026-09-17 08:58:56] INFO Epoch 031 | stage=posthoc_calibrator | train_total=1.542990 | train_forecast=1.542990 | train_confidence=0.000000 | train_risk=0.000000 | train_blend=0.000000 | val_total=1.614751 | val_mae=1.610172 | val_rmse=3.717977 | val_mape=3.679360 | val_confidence=0.000000 | val_risk=0.000000 | val_blend=0.000000 | batches=1131/154 | seconds=319.02 | lr=[6.25e-05] | cuda_peak_mb=2279.3
[2026-09-17 08:58:56] INFO Val horizons | 15min_mae=1.360220 15min_rmse=2.887892 15min_mape=2.898020 | 30min_mae=1.677777 30min_rmse=3.832990 30min_mape=3.840386 | 60min_mae=1.951314 60min_rmse=4.516355 60min_mape=4.681494
[2026-09-17 09:04:15] INFO Epoch 032 | stage=posthoc_calibrator | train_total=1.542851 | train_forecast=1.542851 | train_confidence=0.000000 | train_risk=0.000000 | train_blend=0.000000 | val_total=1.614280 | val_mae=1.609729 | val_rmse=3.715943 | val_mape=3.670602 | val_confidence=0.000000 | val_risk=0.000000 | val_blend=0.000000 | batches=1131/154 | seconds=318.71 | lr=[6.25e-05] | cuda_peak_mb=2278.9
[2026-09-17 09:04:15] INFO Val horizons | 15min_mae=1.359205 15min_rmse=2.887450 15min_mape=2.891045 | 30min_mae=1.676465 30min_rmse=3.829841 30min_mape=3.824814 | 60min_mae=1.952965 60min_rmse=4.517676 60min_mape=4.683698
[2026-09-17 09:09:33] INFO Epoch 033 | stage=posthoc_calibrator | train_total=1.542736 | train_forecast=1.542736 | train_confidence=0.000000 | train_risk=0.000000 | train_blend=0.000000 | val_total=1.617236 | val_mae=1.612707 | val_rmse=3.729556 | val_mape=3.681136 | val_confidence=0.000000 | val_risk=0.000000 | val_blend=0.000000 | batches=1131/154 | seconds=318.83 | lr=[6.25e-05] | cuda_peak_mb=2277.8
[2026-09-17 09:09:33] INFO Val horizons | 15min_mae=1.360484 15min_rmse=2.893659 15min_mape=2.898573 | 30min_mae=1.679923 30min_rmse=3.845155 30min_mape=3.837496 | 60min_mae=1.957042 60min_rmse=4.533230 60min_mape=4.692679
[2026-09-17 09:14:53] INFO Epoch 034 | stage=posthoc_calibrator | train_total=1.542482 | train_forecast=1.542482 | train_confidence=0.000000 | train_risk=0.000000 | train_blend=0.000000 | val_total=1.616551 | val_mae=1.612008 | val_rmse=3.717207 | val_mape=3.627911 | val_confidence=0.000000 | val_risk=0.000000 | val_blend=0.000000 | batches=1131/154 | seconds=319.61 | lr=[6.25e-05] | cuda_peak_mb=2278.4
[2026-09-17 09:14:53] INFO Val horizons | 15min_mae=1.361566 15min_rmse=2.894594 15min_mape=2.866882 | 30min_mae=1.679667 30min_rmse=3.830025 30min_mape=3.774311 | 60min_mae=1.954673 60min_rmse=4.519252 60min_mape=4.625385
[2026-09-17 09:20:12] INFO Epoch 035 | stage=posthoc_calibrator | train_total=1.542551 | train_forecast=1.542551 | train_confidence=0.000000 | train_risk=0.000000 | train_blend=0.000000 | val_total=1.615379 | val_mae=1.610813 | val_rmse=3.717976 | val_mape=3.667393 | val_confidence=0.000000 | val_risk=0.000000 | val_blend=0.000000 | batches=1131/154 | seconds=319.29 | lr=[6.25e-05] | cuda_peak_mb=2278.5
[2026-09-17 09:20:12] INFO Val horizons | 15min_mae=1.359798 15min_rmse=2.889696 15min_mape=2.884749 | 30min_mae=1.678192 30min_rmse=3.832584 30min_mape=3.815448 | 60min_mae=1.953371 60min_rmse=4.519142 60min_mape=4.687654
[2026-09-17 09:25:32] INFO Epoch 036 | stage=posthoc_calibrator | train_total=1.542564 | train_forecast=1.542564 | train_confidence=0.000000 | train_risk=0.000000 | train_blend=0.000000 | val_total=1.613933 | val_mae=1.609378 | val_rmse=3.710427 | val_mape=3.661832 | val_confidence=0.000000 | val_risk=0.000000 | val_blend=0.000000 | batches=1131/154 | seconds=319.70 | lr=[6.25e-05] | cuda_peak_mb=2278.1
[2026-09-17 09:25:32] INFO Val horizons | 15min_mae=1.358898 15min_rmse=2.883025 15min_mape=2.882851 | 30min_mae=1.676510 30min_rmse=3.821504 30min_mape=3.814572 | 60min_mae=1.951612 60min_rmse=4.512283 60min_mape=4.670753
[2026-09-17 09:25:32] INFO Checkpoint updated | epoch=36 | stage=posthoc_calibrator | best_val_mae=1.609378 | path=C:\Users\clw\projects\researchRep\STAnchor-BlockMemory\artifacts\paper_final_joint_context_offset_only_seed42\main_table\pemsbay\ours\dlinear\downstream_best.pt
[2026-09-17 09:30:52] INFO Epoch 037 | stage=posthoc_calibrator | train_total=1.542369 | train_forecast=1.542369 | train_confidence=0.000000 | train_risk=0.000000 | train_blend=0.000000 | val_total=1.614989 | val_mae=1.610464 | val_rmse=3.713717 | val_mape=3.674018 | val_confidence=0.000000 | val_risk=0.000000 | val_blend=0.000000 | batches=1131/154 | seconds=320.25 | lr=[6.25e-05] | cuda_peak_mb=2278.8
[2026-09-17 09:30:52] INFO Val horizons | 15min_mae=1.359967 15min_rmse=2.886822 15min_mape=2.894593 | 30min_mae=1.677577 30min_rmse=3.826935 30min_mape=3.827527 | 60min_mae=1.953148 60min_rmse=4.514592 60min_mape=4.686392
[2026-09-17 09:36:12] INFO Epoch 038 | stage=posthoc_calibrator | train_total=1.542279 | train_forecast=1.542279 | train_confidence=0.000000 | train_risk=0.000000 | train_blend=0.000000 | val_total=1.614468 | val_mae=1.609905 | val_rmse=3.717981 | val_mape=3.681572 | val_confidence=0.000000 | val_risk=0.000000 | val_blend=0.000000 | batches=1131/154 | seconds=320.09 | lr=[6.25e-05] | cuda_peak_mb=2278.5
[2026-09-17 09:36:12] INFO Val horizons | 15min_mae=1.358254 15min_rmse=2.883198 15min_mape=2.886144 | 30min_mae=1.676669 30min_rmse=3.827952 30min_mape=3.832804 | 60min_mae=1.953705 60min_rmse=4.525533 60min_mape=4.710825
[2026-09-17 09:41:31] INFO Epoch 039 | stage=posthoc_calibrator | train_total=1.542325 | train_forecast=1.542325 | train_confidence=0.000000 | train_risk=0.000000 | train_blend=0.000000 | val_total=1.614298 | val_mae=1.609723 | val_rmse=3.720573 | val_mape=3.662272 | val_confidence=0.000000 | val_risk=0.000000 | val_blend=0.000000 | batches=1131/154 | seconds=318.71 | lr=[6.25e-05] | cuda_peak_mb=2277.8
[2026-09-17 09:41:31] INFO Val horizons | 15min_mae=1.359523 15min_rmse=2.884793 15min_mape=2.884826 | 30min_mae=1.677195 30min_rmse=3.834907 30min_mape=3.820449 | 60min_mae=1.950897 60min_rmse=4.522334 60min_mape=4.658597
[2026-09-17 09:46:51] INFO Epoch 040 | stage=posthoc_calibrator | train_total=1.542077 | train_forecast=1.542077 | train_confidence=0.000000 | train_risk=0.000000 | train_blend=0.000000 | val_total=1.614870 | val_mae=1.610281 | val_rmse=3.712591 | val_mape=3.682405 | val_confidence=0.000000 | val_risk=0.000000 | val_blend=0.000000 | batches=1131/154 | seconds=319.41 | lr=[6.25e-05] | cuda_peak_mb=2278.7
[2026-09-17 09:46:51] INFO Val horizons | 15min_mae=1.359752 15min_rmse=2.883438 15min_mape=2.897421 | 30min_mae=1.677740 30min_rmse=3.826472 30min_mape=3.837917 | 60min_mae=1.951820 60min_rmse=4.511582 60min_mape=4.694432
[2026-09-17 09:52:16] INFO Epoch 041 | stage=posthoc_calibrator | train_total=1.541336 | train_forecast=1.541336 | train_confidence=0.000000 | train_risk=0.000000 | train_blend=0.000000 | val_total=1.616030 | val_mae=1.611479 | val_rmse=3.728597 | val_mape=3.681153 | val_confidence=0.000000 | val_risk=0.000000 | val_blend=0.000000 | batches=1131/154 | seconds=325.55 | lr=[3.125e-05] | cuda_peak_mb=2279.3
[2026-09-17 09:52:16] INFO Val horizons | 15min_mae=1.359518 15min_rmse=2.893141 15min_mape=2.890847 | 30min_mae=1.678707 30min_rmse=3.841863 30min_mape=3.832993 | 60min_mae=1.955310 60min_rmse=4.533216 60min_mape=4.703916
[2026-09-17 09:57:41] INFO Epoch 042 | stage=posthoc_calibrator | train_total=1.541317 | train_forecast=1.541317 | train_confidence=0.000000 | train_risk=0.000000 | train_blend=0.000000 | val_total=1.613483 | val_mae=1.608941 | val_rmse=3.715146 | val_mape=3.656051 | val_confidence=0.000000 | val_risk=0.000000 | val_blend=0.000000 | batches=1131/154 | seconds=324.43 | lr=[3.125e-05] | cuda_peak_mb=2278.9
[2026-09-17 09:57:41] INFO Val horizons | 15min_mae=1.358891 15min_rmse=2.888518 15min_mape=2.881116 | 30min_mae=1.676248 30min_rmse=3.829724 30min_mape=3.807452 | 60min_mae=1.950643 60min_rmse=4.513452 60min_mape=4.662136
[2026-09-17 09:57:41] INFO Checkpoint updated | epoch=42 | stage=posthoc_calibrator | best_val_mae=1.608941 | path=C:\Users\clw\projects\researchRep\STAnchor-BlockMemory\artifacts\paper_final_joint_context_offset_only_seed42\main_table\pemsbay\ours\dlinear\downstream_best.pt
[2026-09-17 10:03:04] INFO Epoch 043 | stage=posthoc_calibrator | train_total=1.541325 | train_forecast=1.541325 | train_confidence=0.000000 | train_risk=0.000000 | train_blend=0.000000 | val_total=1.613301 | val_mae=1.608756 | val_rmse=3.714823 | val_mape=3.667787 | val_confidence=0.000000 | val_risk=0.000000 | val_blend=0.000000 | batches=1131/154 | seconds=323.28 | lr=[3.125e-05] | cuda_peak_mb=2277.8
[2026-09-17 10:03:04] INFO Val horizons | 15min_mae=1.358415 15min_rmse=2.887033 15min_mape=2.881952 | 30min_mae=1.676060 30min_rmse=3.828149 30min_mape=3.819228 | 60min_mae=1.950601 60min_rmse=4.515326 60min_mape=4.683944
[2026-09-17 10:03:04] INFO Checkpoint updated | epoch=43 | stage=posthoc_calibrator | best_val_mae=1.608756 | path=C:\Users\clw\projects\researchRep\STAnchor-BlockMemory\artifacts\paper_final_joint_context_offset_only_seed42\main_table\pemsbay\ours\dlinear\downstream_best.pt
[2026-09-17 10:08:26] INFO Epoch 044 | stage=posthoc_calibrator | train_total=1.541210 | train_forecast=1.541210 | train_confidence=0.000000 | train_risk=0.000000 | train_blend=0.000000 | val_total=1.613528 | val_mae=1.608986 | val_rmse=3.711398 | val_mape=3.667688 | val_confidence=0.000000 | val_risk=0.000000 | val_blend=0.000000 | batches=1131/154 | seconds=322.58 | lr=[3.125e-05] | cuda_peak_mb=2278.4
[2026-09-17 10:08:26] INFO Val horizons | 15min_mae=1.358811 15min_rmse=2.886284 15min_mape=2.889997 | 30min_mae=1.676434 30min_rmse=3.826010 30min_mape=3.824144 | 60min_mae=1.950393 60min_rmse=4.508400 60min_mape=4.671599
[2026-09-17 10:13:48] INFO Epoch 045 | stage=posthoc_calibrator | train_total=1.541205 | train_forecast=1.541205 | train_confidence=0.000000 | train_risk=0.000000 | train_blend=0.000000 | val_total=1.618680 | val_mae=1.614138 | val_rmse=3.737543 | val_mape=3.682404 | val_confidence=0.000000 | val_risk=0.000000 | val_blend=0.000000 | batches=1131/154 | seconds=321.88 | lr=[3.125e-05] | cuda_peak_mb=2278.5
[2026-09-17 10:13:48] INFO Val horizons | 15min_mae=1.360156 15min_rmse=2.897529 15min_mape=2.881046 | 30min_mae=1.680818 30min_rmse=3.850412 30min_mape=3.825911 | 60min_mae=1.961121 60min_rmse=4.548286 60min_mape=4.727943
[2026-09-17 10:19:15] INFO Epoch 046 | stage=posthoc_calibrator | train_total=1.541182 | train_forecast=1.541182 | train_confidence=0.000000 | train_risk=0.000000 | train_blend=0.000000 | val_total=1.613134 | val_mae=1.608566 | val_rmse=3.712263 | val_mape=3.660436 | val_confidence=0.000000 | val_risk=0.000000 | val_blend=0.000000 | batches=1131/154 | seconds=326.42 | lr=[3.125e-05] | cuda_peak_mb=2278.1
[2026-09-17 10:19:15] INFO Val horizons | 15min_mae=1.358323 15min_rmse=2.883044 15min_mape=2.882200 | 30min_mae=1.676106 30min_rmse=3.826812 30min_mape=3.817185 | 60min_mae=1.949609 60min_rmse=4.509826 60min_mape=4.660107
[2026-09-17 10:19:15] INFO Checkpoint updated | epoch=46 | stage=posthoc_calibrator | best_val_mae=1.608566 | path=C:\Users\clw\projects\researchRep\STAnchor-BlockMemory\artifacts\paper_final_joint_context_offset_only_seed42\main_table\pemsbay\ours\dlinear\downstream_best.pt
[2026-09-17 10:24:40] INFO Epoch 047 | stage=posthoc_calibrator | train_total=1.541155 | train_forecast=1.541155 | train_confidence=0.000000 | train_risk=0.000000 | train_blend=0.000000 | val_total=1.613939 | val_mae=1.609375 | val_rmse=3.716700 | val_mape=3.675808 | val_confidence=0.000000 | val_risk=0.000000 | val_blend=0.000000 | batches=1131/154 | seconds=325.34 | lr=[3.125e-05] | cuda_peak_mb=2278.8
[2026-09-17 10:24:40] INFO Val horizons | 15min_mae=1.358126 15min_rmse=2.882843 15min_mape=2.881650 | 30min_mae=1.676207 30min_rmse=3.827411 30min_mape=3.824000 | 60min_mae=1.952492 60min_rmse=4.522600 60min_mape=4.705707
[2026-09-17 10:30:04] INFO Epoch 048 | stage=posthoc_calibrator | train_total=1.540933 | train_forecast=1.540933 | train_confidence=0.000000 | train_risk=0.000000 | train_blend=0.000000 | val_total=1.617914 | val_mae=1.613329 | val_rmse=3.727360 | val_mape=3.717818 | val_confidence=0.000000 | val_risk=0.000000 | val_blend=0.000000 | batches=1131/154 | seconds=324.30 | lr=[3.125e-05] | cuda_peak_mb=2278.5
[2026-09-17 10:30:04] INFO Val horizons | 15min_mae=1.360968 15min_rmse=2.891066 15min_mape=2.916925 | 30min_mae=1.680932 30min_rmse=3.841298 30min_mape=3.877914 | 60min_mae=1.957127 60min_rmse=4.531479 60min_mape=4.746709
[2026-09-17 10:35:27] INFO Epoch 049 | stage=posthoc_calibrator | train_total=1.541036 | train_forecast=1.541036 | train_confidence=0.000000 | train_risk=0.000000 | train_blend=0.000000 | val_total=1.615021 | val_mae=1.610482 | val_rmse=3.727790 | val_mape=3.664161 | val_confidence=0.000000 | val_risk=0.000000 | val_blend=0.000000 | batches=1131/154 | seconds=323.01 | lr=[3.125e-05] | cuda_peak_mb=2277.8
[2026-09-17 10:35:27] INFO Val horizons | 15min_mae=1.358775 15min_rmse=2.891793 15min_mape=2.878375 | 30min_mae=1.677331 30min_rmse=3.841357 30min_mape=3.812079 | 60min_mae=1.954726 60min_rmse=4.533440 60min_mape=4.685460
[2026-09-17 10:40:56] INFO Epoch 050 | stage=posthoc_calibrator | train_total=1.540892 | train_forecast=1.540892 | train_confidence=0.000000 | train_risk=0.000000 | train_blend=0.000000 | val_total=1.614555 | val_mae=1.610022 | val_rmse=3.717399 | val_mape=3.671715 | val_confidence=0.000000 | val_risk=0.000000 | val_blend=0.000000 | batches=1131/154 | seconds=328.68 | lr=[3.125e-05] | cuda_peak_mb=2278.7
[2026-09-17 10:40:56] INFO Val horizons | 15min_mae=1.358772 15min_rmse=2.887202 15min_mape=2.887490 | 30min_mae=1.677128 30min_rmse=3.831631 30min_mape=3.825389 | 60min_mae=1.953224 60min_rmse=4.518277 60min_mape=4.686350
[2026-09-17 10:40:56] INFO Downstream training finished | best_val_mae=1.608566 | checkpoint=C:\Users\clw\projects\researchRep\STAnchor-BlockMemory\artifacts\paper_final_joint_context_offset_only_seed42\main_table\pemsbay\ours\dlinear\downstream_best.pt
