[2026-08-19 21:09:42] INFO Downstream start | run=convergence/downstream_tgge_v3_graphwavenet_base_only_seed42 | device=cuda:0 (requested=cuda:0) | seed=42 | output=C:\Users\clw\projects\researchRep\STAnchor-BlockMemory\artifacts\convergence\downstream_tgge_v3_graphwavenet_base_only_seed42
[2026-08-19 21:09:42] INFO Mode | downstream_mode=base_only | training_protocol=staged_joint | candidate_protocol=exact_calendar
[2026-08-19 21:09:42] INFO Downstream initialization | seed=42 | state_hash=0e23e4faf0f1c701
[2026-08-19 21:09:42] INFO Data | steps=34272 | nodes=207 | channels=1 | training_scope=full_train | memory/post_memory/train_selected/val/test=15876/6805/22681/2993/6025
[2026-08-19 21:09:42] INFO Bank/retrieval | disabled (base_only)
[2026-08-19 21:09:42] INFO Parameters | downstream_total=309,637 | downstream_trainable=309,368 | backbone=309,368 | confidence_head=0 | fusion=0 | frozen_pretrained=0
[2026-08-19 21:09:42] INFO Optimization | epochs=100 | batch_size=16 | optimizer=adam | lr=0.001 | weight_decay=0.0005 | scheduler=step_lr | step_size=10 | gamma=0.950 | confidence_weight=1.000 | patience=10
[2026-08-19 21:09:44] INFO Stage start | stage=standard | epochs=100 | optimizer_lrs=[0.001]
[2026-08-19 21:11:12] INFO Epoch 001 | stage=standard | train_total=0.385949 | train_forecast=0.385949 | train_confidence=0.000000 | train_risk=0.000000 | train_blend=0.000000 | val_total=0.358554 | val_mae=3.279519 | val_rmse=6.669145 | val_mape=9.521765 | val_confidence=0.000000 | val_risk=0.000000 | val_blend=0.000000 | batches=1418/188 | seconds=88.15 | lr=[0.001] | cuda_peak_mb=849.9
[2026-08-19 21:11:12] INFO Val horizons | 15min_mae=2.808321 15min_rmse=5.475150 15min_mape=7.636887 | 30min_mae=3.280377 30min_rmse=6.631145 30min_mape=9.477929 | 60min_mae=3.973773 60min_rmse=8.108243 60min_mape=12.320553
[2026-08-19 21:11:12] INFO Checkpoint updated | epoch=1 | stage=standard | best_val_mae=3.279519 | path=C:\Users\clw\projects\researchRep\STAnchor-BlockMemory\artifacts\convergence\downstream_tgge_v3_graphwavenet_base_only_seed42\downstream_best.pt
[2026-08-19 21:12:40] INFO Epoch 002 | stage=standard | train_total=0.377369 | train_forecast=0.377369 | train_confidence=0.000000 | train_risk=0.000000 | train_blend=0.000000 | val_total=0.364257 | val_mae=3.355957 | val_rmse=6.678725 | val_mape=10.119551 | val_confidence=0.000000 | val_risk=0.000000 | val_blend=0.000000 | batches=1418/188 | seconds=88.11 | lr=[0.001] | cuda_peak_mb=849.9
[2026-08-19 21:12:40] INFO Val horizons | 15min_mae=2.865899 15min_rmse=5.458955 15min_mape=7.930659 | 30min_mae=3.375484 30min_rmse=6.649112 30min_mape=10.080752 | 60min_mae=4.051924 60min_rmse=8.088261 60min_mape=13.125413
[2026-08-19 21:14:08] INFO Epoch 003 | stage=standard | train_total=0.375609 | train_forecast=0.375609 | train_confidence=0.000000 | train_risk=0.000000 | train_blend=0.000000 | val_total=0.360103 | val_mae=3.291520 | val_rmse=6.759991 | val_mape=9.325411 | val_confidence=0.000000 | val_risk=0.000000 | val_blend=0.000000 | batches=1418/188 | seconds=87.83 | lr=[0.001] | cuda_peak_mb=849.9
[2026-08-19 21:14:08] INFO Val horizons | 15min_mae=2.788940 15min_rmse=5.502053 15min_mape=7.477759 | 30min_mae=3.282115 30min_rmse=6.720494 30min_mape=9.261233 | 60min_mae=4.039029 60min_rmse=8.271537 60min_mape=12.019833
[2026-08-19 21:15:36] INFO Epoch 004 | stage=standard | train_total=0.373957 | train_forecast=0.373957 | train_confidence=0.000000 | train_risk=0.000000 | train_blend=0.000000 | val_total=0.356034 | val_mae=3.260037 | val_rmse=6.529679 | val_mape=9.549409 | val_confidence=0.000000 | val_risk=0.000000 | val_blend=0.000000 | batches=1418/188 | seconds=87.87 | lr=[0.001] | cuda_peak_mb=849.9
[2026-08-19 21:15:36] INFO Val horizons | 15min_mae=2.806591 15min_rmse=5.394290 15min_mape=7.871884 | 30min_mae=3.254411 30min_rmse=6.495419 30min_mape=9.473834 | 60min_mae=3.952109 60min_rmse=7.932504 60min_mape=12.188947
[2026-08-19 21:15:36] INFO Checkpoint updated | epoch=4 | stage=standard | best_val_mae=3.260037 | path=C:\Users\clw\projects\researchRep\STAnchor-BlockMemory\artifacts\convergence\downstream_tgge_v3_graphwavenet_base_only_seed42\downstream_best.pt
[2026-08-19 21:17:04] INFO Epoch 005 | stage=standard | train_total=0.372845 | train_forecast=0.372845 | train_confidence=0.000000 | train_risk=0.000000 | train_blend=0.000000 | val_total=0.360845 | val_mae=3.324765 | val_rmse=6.699226 | val_mape=10.426311 | val_confidence=0.000000 | val_risk=0.000000 | val_blend=0.000000 | batches=1418/188 | seconds=87.97 | lr=[0.001] | cuda_peak_mb=849.9
[2026-08-19 21:17:04] INFO Val horizons | 15min_mae=2.825837 15min_rmse=5.493146 15min_mape=8.206016 | 30min_mae=3.332369 30min_rmse=6.670930 30min_mape=10.440702 | 60min_mae=4.036450 60min_rmse=8.125222 60min_mape=13.469749
[2026-08-19 21:18:32] INFO Epoch 006 | stage=standard | train_total=0.372030 | train_forecast=0.372030 | train_confidence=0.000000 | train_risk=0.000000 | train_blend=0.000000 | val_total=0.352120 | val_mae=3.220861 | val_rmse=6.545695 | val_mape=9.780744 | val_confidence=0.000000 | val_risk=0.000000 | val_blend=0.000000 | batches=1418/188 | seconds=87.89 | lr=[0.001] | cuda_peak_mb=849.9
[2026-08-19 21:18:32] INFO Val horizons | 15min_mae=2.777357 15min_rmse=5.399537 15min_mape=7.918523 | 30min_mae=3.230748 30min_rmse=6.527038 30min_mape=9.783589 | 60min_mae=3.863485 60min_rmse=7.905521 60min_mape=12.393614
[2026-08-19 21:18:32] INFO Checkpoint updated | epoch=6 | stage=standard | best_val_mae=3.220861 | path=C:\Users\clw\projects\researchRep\STAnchor-BlockMemory\artifacts\convergence\downstream_tgge_v3_graphwavenet_base_only_seed42\downstream_best.pt
[2026-08-19 21:19:59] INFO Epoch 007 | stage=standard | train_total=0.371734 | train_forecast=0.371734 | train_confidence=0.000000 | train_risk=0.000000 | train_blend=0.000000 | val_total=0.354921 | val_mae=3.245751 | val_rmse=6.561092 | val_mape=9.639612 | val_confidence=0.000000 | val_risk=0.000000 | val_blend=0.000000 | batches=1418/188 | seconds=87.90 | lr=[0.001] | cuda_peak_mb=849.9
[2026-08-19 21:19:59] INFO Val horizons | 15min_mae=2.755174 15min_rmse=5.394768 15min_mape=7.419736 | 30min_mae=3.257836 30min_rmse=6.541864 30min_mape=9.648571 | 60min_mae=3.943529 60min_rmse=7.966566 60min_mape=12.673783
[2026-08-19 21:21:28] INFO Epoch 008 | stage=standard | train_total=0.371454 | train_forecast=0.371454 | train_confidence=0.000000 | train_risk=0.000000 | train_blend=0.000000 | val_total=0.351674 | val_mae=3.199703 | val_rmse=6.476714 | val_mape=9.088922 | val_confidence=0.000000 | val_risk=0.000000 | val_blend=0.000000 | batches=1418/188 | seconds=88.25 | lr=[0.001] | cuda_peak_mb=849.9
[2026-08-19 21:21:28] INFO Val horizons | 15min_mae=2.742039 15min_rmse=5.333946 15min_mape=7.251637 | 30min_mae=3.204059 30min_rmse=6.459931 30min_mape=9.099166 | 60min_mae=3.877740 60min_rmse=7.847315 60min_mape=11.750091
[2026-08-19 21:21:28] INFO Checkpoint updated | epoch=8 | stage=standard | best_val_mae=3.199703 | path=C:\Users\clw\projects\researchRep\STAnchor-BlockMemory\artifacts\convergence\downstream_tgge_v3_graphwavenet_base_only_seed42\downstream_best.pt
[2026-08-19 21:22:56] INFO Epoch 009 | stage=standard | train_total=0.371123 | train_forecast=0.371123 | train_confidence=0.000000 | train_risk=0.000000 | train_blend=0.000000 | val_total=0.354233 | val_mae=3.239907 | val_rmse=6.568604 | val_mape=9.703820 | val_confidence=0.000000 | val_risk=0.000000 | val_blend=0.000000 | batches=1418/188 | seconds=88.10 | lr=[0.001] | cuda_peak_mb=849.9
[2026-08-19 21:22:56] INFO Val horizons | 15min_mae=2.734166 15min_rmse=5.364611 15min_mape=7.481437 | 30min_mae=3.247144 30min_rmse=6.551549 30min_mape=9.741445 | 60min_mae=3.950337 60min_rmse=7.990697 60min_mape=12.614981
[2026-08-19 21:24:24] INFO Epoch 010 | stage=standard | train_total=0.370992 | train_forecast=0.370992 | train_confidence=0.000000 | train_risk=0.000000 | train_blend=0.000000 | val_total=0.348860 | val_mae=3.175236 | val_rmse=6.451573 | val_mape=9.197708 | val_confidence=0.000000 | val_risk=0.000000 | val_blend=0.000000 | batches=1418/188 | seconds=87.90 | lr=[0.001] | cuda_peak_mb=849.9
[2026-08-19 21:24:24] INFO Val horizons | 15min_mae=2.726530 15min_rmse=5.302810 15min_mape=7.345435 | 30min_mae=3.186132 30min_rmse=6.437991 30min_mape=9.230999 | 60min_mae=3.836208 60min_rmse=7.824113 60min_mape=11.781891
[2026-08-19 21:24:24] INFO Checkpoint updated | epoch=10 | stage=standard | best_val_mae=3.175236 | path=C:\Users\clw\projects\researchRep\STAnchor-BlockMemory\artifacts\convergence\downstream_tgge_v3_graphwavenet_base_only_seed42\downstream_best.pt
[2026-08-19 21:25:52] INFO Epoch 011 | stage=standard | train_total=0.370694 | train_forecast=0.370694 | train_confidence=0.000000 | train_risk=0.000000 | train_blend=0.000000 | val_total=0.351158 | val_mae=3.207917 | val_rmse=6.544387 | val_mape=9.436025 | val_confidence=0.000000 | val_risk=0.000000 | val_blend=0.000000 | batches=1418/188 | seconds=87.96 | lr=[0.00095] | cuda_peak_mb=849.9
[2026-08-19 21:25:52] INFO Val horizons | 15min_mae=2.737236 15min_rmse=5.367680 15min_mape=7.544058 | 30min_mae=3.201403 30min_rmse=6.522381 30min_mape=9.357225 | 60min_mae=3.919293 60min_rmse=7.974697 60min_mape=12.302860
[2026-08-19 21:27:20] INFO Epoch 012 | stage=standard | train_total=0.370844 | train_forecast=0.370844 | train_confidence=0.000000 | train_risk=0.000000 | train_blend=0.000000 | val_total=0.352994 | val_mae=3.219169 | val_rmse=6.588298 | val_mape=9.022042 | val_confidence=0.000000 | val_risk=0.000000 | val_blend=0.000000 | batches=1418/188 | seconds=88.21 | lr=[0.00095] | cuda_peak_mb=849.9
[2026-08-19 21:27:20] INFO Val horizons | 15min_mae=2.754575 15min_rmse=5.415979 15min_mape=7.172257 | 30min_mae=3.223384 30min_rmse=6.581555 30min_mape=8.959448 | 60min_mae=3.910792 60min_rmse=8.003762 60min_mape=11.796164
[2026-08-19 21:28:48] INFO Epoch 013 | stage=standard | train_total=0.370399 | train_forecast=0.370399 | train_confidence=0.000000 | train_risk=0.000000 | train_blend=0.000000 | val_total=0.350545 | val_mae=3.198213 | val_rmse=6.484993 | val_mape=9.481039 | val_confidence=0.000000 | val_risk=0.000000 | val_blend=0.000000 | batches=1418/188 | seconds=87.82 | lr=[0.00095] | cuda_peak_mb=849.9
[2026-08-19 21:28:48] INFO Val horizons | 15min_mae=2.754240 15min_rmse=5.345257 15min_mape=7.736745 | 30min_mae=3.203850 30min_rmse=6.465802 30min_mape=9.468342 | 60min_mae=3.857663 60min_rmse=7.859788 60min_mape=12.069624
[2026-08-19 21:30:16] INFO Epoch 014 | stage=standard | train_total=0.370331 | train_forecast=0.370331 | train_confidence=0.000000 | train_risk=0.000000 | train_blend=0.000000 | val_total=0.351084 | val_mae=3.205261 | val_rmse=6.503447 | val_mape=9.433100 | val_confidence=0.000000 | val_risk=0.000000 | val_blend=0.000000 | batches=1418/188 | seconds=87.72 | lr=[0.00095] | cuda_peak_mb=849.9
[2026-08-19 21:30:16] INFO Val horizons | 15min_mae=2.728763 15min_rmse=5.342516 15min_mape=7.385079 | 30min_mae=3.212225 30min_rmse=6.483912 30min_mape=9.433393 | 60min_mae=3.897525 60min_rmse=7.894740 60min_mape=12.286009
[2026-08-19 21:31:43] INFO Epoch 015 | stage=standard | train_total=0.370126 | train_forecast=0.370126 | train_confidence=0.000000 | train_risk=0.000000 | train_blend=0.000000 | val_total=0.350560 | val_mae=3.196260 | val_rmse=6.506887 | val_mape=9.538799 | val_confidence=0.000000 | val_risk=0.000000 | val_blend=0.000000 | batches=1418/188 | seconds=87.81 | lr=[0.00095] | cuda_peak_mb=849.9
[2026-08-19 21:31:43] INFO Val horizons | 15min_mae=2.733117 15min_rmse=5.339731 15min_mape=7.524599 | 30min_mae=3.206676 30min_rmse=6.482513 30min_mape=9.482005 | 60min_mae=3.870896 60min_rmse=7.895182 60min_mape=12.411830
[2026-08-19 21:33:11] INFO Epoch 016 | stage=standard | train_total=0.370045 | train_forecast=0.370045 | train_confidence=0.000000 | train_risk=0.000000 | train_blend=0.000000 | val_total=0.350437 | val_mae=3.204045 | val_rmse=6.521536 | val_mape=9.562652 | val_confidence=0.000000 | val_risk=0.000000 | val_blend=0.000000 | batches=1418/188 | seconds=88.04 | lr=[0.00095] | cuda_peak_mb=849.9
[2026-08-19 21:33:11] INFO Val horizons | 15min_mae=2.740670 15min_rmse=5.359903 15min_mape=7.538520 | 30min_mae=3.211887 30min_rmse=6.498306 30min_mape=9.524615 | 60min_mae=3.879845 60min_rmse=7.895764 60min_mape=12.420185
[2026-08-19 21:34:39] INFO Epoch 017 | stage=standard | train_total=0.369776 | train_forecast=0.369776 | train_confidence=0.000000 | train_risk=0.000000 | train_blend=0.000000 | val_total=0.350098 | val_mae=3.189708 | val_rmse=6.482277 | val_mape=9.454832 | val_confidence=0.000000 | val_risk=0.000000 | val_blend=0.000000 | batches=1418/188 | seconds=87.82 | lr=[0.00095] | cuda_peak_mb=849.9
[2026-08-19 21:34:39] INFO Val horizons | 15min_mae=2.738464 15min_rmse=5.343113 15min_mape=7.515476 | 30min_mae=3.200080 30min_rmse=6.466001 30min_mape=9.470634 | 60min_mae=3.834414 60min_rmse=7.844168 60min_mape=12.107069
[2026-08-19 21:36:07] INFO Epoch 018 | stage=standard | train_total=0.370010 | train_forecast=0.370010 | train_confidence=0.000000 | train_risk=0.000000 | train_blend=0.000000 | val_total=0.349523 | val_mae=3.184093 | val_rmse=6.521194 | val_mape=9.076561 | val_confidence=0.000000 | val_risk=0.000000 | val_blend=0.000000 | batches=1418/188 | seconds=87.86 | lr=[0.00095] | cuda_peak_mb=849.9
[2026-08-19 21:36:07] INFO Val horizons | 15min_mae=2.733192 15min_rmse=5.377170 15min_mape=7.202720 | 30min_mae=3.190237 30min_rmse=6.501393 30min_mape=9.033486 | 60min_mae=3.846689 60min_rmse=7.912475 60min_mape=11.751342
[2026-08-19 21:37:35] INFO Epoch 019 | stage=standard | train_total=0.369636 | train_forecast=0.369636 | train_confidence=0.000000 | train_risk=0.000000 | train_blend=0.000000 | val_total=0.350561 | val_mae=3.189707 | val_rmse=6.534754 | val_mape=8.895977 | val_confidence=0.000000 | val_risk=0.000000 | val_blend=0.000000 | batches=1418/188 | seconds=87.99 | lr=[0.00095] | cuda_peak_mb=849.9
[2026-08-19 21:37:35] INFO Val horizons | 15min_mae=2.716605 15min_rmse=5.344822 15min_mape=7.112680 | 30min_mae=3.194450 30min_rmse=6.519738 30min_mape=8.901644 | 60min_mae=3.888945 60min_rmse=7.982867 60min_mape=11.457769
[2026-08-19 21:39:03] INFO Epoch 020 | stage=standard | train_total=0.369624 | train_forecast=0.369624 | train_confidence=0.000000 | train_risk=0.000000 | train_blend=0.000000 | val_total=0.354353 | val_mae=3.248826 | val_rmse=6.519472 | val_mape=10.002709 | val_confidence=0.000000 | val_risk=0.000000 | val_blend=0.000000 | batches=1418/188 | seconds=87.88 | lr=[0.00095] | cuda_peak_mb=849.9
[2026-08-19 21:39:03] INFO Val horizons | 15min_mae=2.774289 15min_rmse=5.355987 15min_mape=7.906222 | 30min_mae=3.258621 30min_rmse=6.498957 30min_mape=10.001681 | 60min_mae=3.923229 60min_rmse=7.898628 60min_mape=12.869139
[2026-08-19 21:39:03] INFO Stage early stopping | epoch=20 | stage=standard | stale_epochs=10 | best_val_mae=3.175236
[2026-08-19 21:39:03] INFO Downstream training finished | best_val_mae=3.175236 | checkpoint=C:\Users\clw\projects\researchRep\STAnchor-BlockMemory\artifacts\convergence\downstream_tgge_v3_graphwavenet_base_only_seed42\downstream_best.pt
