[2026-09-11 13:58:50] INFO Downstream start | run=convergence/ablation_random_bank_router_dcrnn_seed42 | device=cuda:0 (requested=cuda:0) | seed=42 | output=C:\Users\clw\projects\researchRep\STAnchor-BlockMemory\artifacts\convergence\ablation_random_bank_router_dcrnn_seed42
[2026-09-11 13:58:50] INFO Mode | downstream_mode=learned_topk_error_aware | training_protocol=posthoc_frozen_base | candidate_protocol=weekday_radius1_overlap | candidate_ranking=learned_key
[2026-09-11 13:58:50] INFO Downstream initialization | seed=42 | state_hash=8dec6883376d1bf0
[2026-09-11 13:58:50] INFO Frozen base | checkpoint=C:\Users\clw\projects\researchRep\STAnchor-BlockMemory\artifacts\convergence\formal_20260910_baseonly_dcrnn_seed42\downstream_best.pt | fingerprint=f355d94c85b2613e
[2026-09-11 13:58:50] INFO Data | steps=34272 | nodes=207 | channels=1 | training_scope=full_train | memory/post_memory/train_selected/val/test=15876/6805/22681/2993/6025
[2026-09-11 13:58:50] INFO Bank/retrieval | dataset=metrla_random_queue | events=15876 | nodes=207 | retrieval_dim=64 | event_top_r=32 | node_top_k=12 | key_dtype=float16
[2026-09-11 13:58:50] INFO Frozen path cache | enabled=yes | candidate_ranking=learned_key | fill=first_epoch
[2026-09-11 13:58:50] INFO Parameters | downstream_total=1,252,314 | downstream_trainable=879,693 | backbone=0 | confidence_head=0 | fusion=0 | frozen_pretrained=958,704
[2026-09-11 13:58:50] INFO Optimization | epochs=50 | batch_size=32 | optimizer=adam | lr=0.0005 | weight_decay=0.0001 | scheduler=step_lr | step_size=10 | gamma=0.500 | confidence_weight=0.000 | patience=20 | early_stopping=disabled
[2026-09-11 13:58:52] INFO Stage start | stage=posthoc_calibrator | epochs=50 | optimizer_lrs=[0.0005]
[2026-09-11 14:05:40] INFO Epoch 001 | stage=posthoc_calibrator | train_total=2.701703 | train_forecast=2.701703 | train_confidence=0.000000 | train_risk=0.000000 | train_blend=0.000000 | val_total=2.736500 | val_mae=2.728307 | val_rmse=5.777663 | val_mape=7.623913 | val_confidence=0.000000 | val_risk=0.000000 | val_blend=0.000000 | batches=709/94 | seconds=408.61 | lr=[0.0005] | cuda_peak_mb=3499.3
[2026-09-11 14:05:40] INFO Val horizons | 15min_mae=2.406968 15min_rmse=4.772534 15min_mape=6.241724 | 30min_mae=2.760865 30min_rmse=5.838872 30min_mape=7.759777 | 60min_mae=3.184509 60min_rmse=6.908914 60min_mape=9.509810
[2026-09-11 14:05:40] INFO Checkpoint updated | epoch=1 | stage=posthoc_calibrator | best_val_mae=2.728307 | path=C:\Users\clw\projects\researchRep\STAnchor-BlockMemory\artifacts\convergence\ablation_random_bank_router_dcrnn_seed42\downstream_best.pt
[2026-09-11 14:06:45] INFO Epoch 002 | stage=posthoc_calibrator | train_total=2.697543 | train_forecast=2.697543 | train_confidence=0.000000 | train_risk=0.000000 | train_blend=0.000000 | val_total=2.736904 | val_mae=2.728455 | val_rmse=5.820135 | val_mape=7.599661 | val_confidence=0.000000 | val_risk=0.000000 | val_blend=0.000000 | batches=709/94 | seconds=65.04 | lr=[0.0005] | cuda_peak_mb=1434.6
[2026-09-11 14:06:45] INFO Val horizons | 15min_mae=2.407606 15min_rmse=4.791074 15min_mape=6.236777 | 30min_mae=2.762845 30min_rmse=5.877632 30min_mape=7.737305 | 60min_mae=3.181216 60min_rmse=6.984964 60min_mape=9.474147
[2026-09-11 14:07:50] INFO Epoch 003 | stage=posthoc_calibrator | train_total=2.696589 | train_forecast=2.696589 | train_confidence=0.000000 | train_risk=0.000000 | train_blend=0.000000 | val_total=2.737485 | val_mae=2.729022 | val_rmse=5.817956 | val_mape=7.587723 | val_confidence=0.000000 | val_risk=0.000000 | val_blend=0.000000 | batches=709/94 | seconds=64.74 | lr=[0.0005] | cuda_peak_mb=1434.6
[2026-09-11 14:07:50] INFO Val horizons | 15min_mae=2.407813 15min_rmse=4.789579 15min_mape=6.233683 | 30min_mae=2.762773 30min_rmse=5.873039 30min_mape=7.726805 | 60min_mae=3.182899 60min_rmse=6.982819 60min_mape=9.442633
[2026-09-11 14:08:55] INFO Epoch 004 | stage=posthoc_calibrator | train_total=2.695803 | train_forecast=2.695803 | train_confidence=0.000000 | train_risk=0.000000 | train_blend=0.000000 | val_total=2.736709 | val_mae=2.728357 | val_rmse=5.820942 | val_mape=7.611018 | val_confidence=0.000000 | val_risk=0.000000 | val_blend=0.000000 | batches=709/94 | seconds=64.54 | lr=[0.0005] | cuda_peak_mb=1435.4
[2026-09-11 14:08:55] INFO Val horizons | 15min_mae=2.407048 15min_rmse=4.785348 15min_mape=6.238266 | 30min_mae=2.762542 30min_rmse=5.876502 30min_mape=7.747520 | 60min_mae=3.180598 60min_rmse=6.986479 60min_mape=9.488506
[2026-09-11 14:10:00] INFO Epoch 005 | stage=posthoc_calibrator | train_total=2.695758 | train_forecast=2.695758 | train_confidence=0.000000 | train_risk=0.000000 | train_blend=0.000000 | val_total=2.735562 | val_mae=2.727198 | val_rmse=5.807968 | val_mape=7.603060 | val_confidence=0.000000 | val_risk=0.000000 | val_blend=0.000000 | batches=709/94 | seconds=65.26 | lr=[0.0005] | cuda_peak_mb=1434.6
[2026-09-11 14:10:00] INFO Val horizons | 15min_mae=2.406836 15min_rmse=4.784113 15min_mape=6.233264 | 30min_mae=2.761236 30min_rmse=5.867593 30min_mape=7.737566 | 60min_mae=3.179569 60min_rmse=6.960443 60min_mape=9.481650
[2026-09-11 14:10:00] INFO Checkpoint updated | epoch=5 | stage=posthoc_calibrator | best_val_mae=2.727198 | path=C:\Users\clw\projects\researchRep\STAnchor-BlockMemory\artifacts\convergence\ablation_random_bank_router_dcrnn_seed42\downstream_best.pt
[2026-09-11 14:11:05] INFO Epoch 006 | stage=posthoc_calibrator | train_total=2.695217 | train_forecast=2.695217 | train_confidence=0.000000 | train_risk=0.000000 | train_blend=0.000000 | val_total=2.735816 | val_mae=2.727429 | val_rmse=5.817472 | val_mape=7.619075 | val_confidence=0.000000 | val_risk=0.000000 | val_blend=0.000000 | batches=709/94 | seconds=65.38 | lr=[0.0005] | cuda_peak_mb=1434.9
[2026-09-11 14:11:05] INFO Val horizons | 15min_mae=2.407454 15min_rmse=4.790947 15min_mape=6.243035 | 30min_mae=2.761786 30min_rmse=5.875263 30min_mape=7.754642 | 60min_mae=3.178629 60min_rmse=6.976171 60min_mape=9.501693
[2026-09-11 14:12:10] INFO Epoch 007 | stage=posthoc_calibrator | train_total=2.695139 | train_forecast=2.695139 | train_confidence=0.000000 | train_risk=0.000000 | train_blend=0.000000 | val_total=2.739526 | val_mae=2.730984 | val_rmse=5.823042 | val_mape=7.601303 | val_confidence=0.000000 | val_risk=0.000000 | val_blend=0.000000 | batches=709/94 | seconds=64.77 | lr=[0.0005] | cuda_peak_mb=1434.6
[2026-09-11 14:12:10] INFO Val horizons | 15min_mae=2.409184 15min_rmse=4.790931 15min_mape=6.235060 | 30min_mae=2.765522 30min_rmse=5.881715 30min_mape=7.739997 | 60min_mae=3.184488 60min_rmse=6.988798 60min_mape=9.466606
[2026-09-11 14:13:15] INFO Epoch 008 | stage=posthoc_calibrator | train_total=2.694735 | train_forecast=2.694735 | train_confidence=0.000000 | train_risk=0.000000 | train_blend=0.000000 | val_total=2.733445 | val_mae=2.725043 | val_rmse=5.797255 | val_mape=7.591412 | val_confidence=0.000000 | val_risk=0.000000 | val_blend=0.000000 | batches=709/94 | seconds=64.78 | lr=[0.0005] | cuda_peak_mb=1435.3
[2026-09-11 14:13:15] INFO Val horizons | 15min_mae=2.406707 15min_rmse=4.781719 15min_mape=6.235613 | 30min_mae=2.759064 30min_rmse=5.852152 30min_mape=7.731562 | 60min_mae=3.175364 60min_rmse=6.951097 60min_mape=9.448674
[2026-09-11 14:13:15] INFO Checkpoint updated | epoch=8 | stage=posthoc_calibrator | best_val_mae=2.725043 | path=C:\Users\clw\projects\researchRep\STAnchor-BlockMemory\artifacts\convergence\ablation_random_bank_router_dcrnn_seed42\downstream_best.pt
[2026-09-11 14:14:20] INFO Epoch 009 | stage=posthoc_calibrator | train_total=2.694649 | train_forecast=2.694649 | train_confidence=0.000000 | train_risk=0.000000 | train_blend=0.000000 | val_total=2.737714 | val_mae=2.729210 | val_rmse=5.821635 | val_mape=7.607056 | val_confidence=0.000000 | val_risk=0.000000 | val_blend=0.000000 | batches=709/94 | seconds=64.77 | lr=[0.0005] | cuda_peak_mb=1434.6
[2026-09-11 14:14:20] INFO Val horizons | 15min_mae=2.408834 15min_rmse=4.795057 15min_mape=6.240899 | 30min_mae=2.763982 30min_rmse=5.882431 30min_mape=7.746658 | 60min_mae=3.180626 60min_rmse=6.978199 60min_mape=9.470161
[2026-09-11 14:15:24] INFO Epoch 010 | stage=posthoc_calibrator | train_total=2.694425 | train_forecast=2.694425 | train_confidence=0.000000 | train_risk=0.000000 | train_blend=0.000000 | val_total=2.734232 | val_mae=2.725858 | val_rmse=5.788658 | val_mape=7.574339 | val_confidence=0.000000 | val_risk=0.000000 | val_blend=0.000000 | batches=709/94 | seconds=64.83 | lr=[0.0005] | cuda_peak_mb=1435.4
[2026-09-11 14:15:24] INFO Val horizons | 15min_mae=2.406100 15min_rmse=4.779654 15min_mape=6.225933 | 30min_mae=2.759465 30min_rmse=5.851711 30min_mape=7.714441 | 60min_mae=3.179152 60min_rmse=6.925976 60min_mape=9.425316
[2026-09-11 14:16:29] INFO Epoch 011 | stage=posthoc_calibrator | train_total=2.694196 | train_forecast=2.694196 | train_confidence=0.000000 | train_risk=0.000000 | train_blend=0.000000 | val_total=2.733585 | val_mae=2.725205 | val_rmse=5.805438 | val_mape=7.595403 | val_confidence=0.000000 | val_risk=0.000000 | val_blend=0.000000 | batches=709/94 | seconds=64.86 | lr=[0.00025] | cuda_peak_mb=1434.4
[2026-09-11 14:16:29] INFO Val horizons | 15min_mae=2.406971 15min_rmse=4.788101 15min_mape=6.238061 | 30min_mae=2.759749 30min_rmse=5.866641 30min_mape=7.737196 | 60min_mae=3.175012 60min_rmse=6.953332 60min_mape=9.451848
[2026-09-11 14:17:34] INFO Epoch 012 | stage=posthoc_calibrator | train_total=2.693797 | train_forecast=2.693797 | train_confidence=0.000000 | train_risk=0.000000 | train_blend=0.000000 | val_total=2.732728 | val_mae=2.724327 | val_rmse=5.796145 | val_mape=7.589594 | val_confidence=0.000000 | val_risk=0.000000 | val_blend=0.000000 | batches=709/94 | seconds=64.80 | lr=[0.00025] | cuda_peak_mb=1435.4
[2026-09-11 14:17:34] INFO Val horizons | 15min_mae=2.406467 15min_rmse=4.783750 15min_mape=6.236602 | 30min_mae=2.758325 30min_rmse=5.855402 30min_mape=7.730517 | 60min_mae=3.174130 60min_rmse=6.936582 60min_mape=9.437707
[2026-09-11 14:17:34] INFO Checkpoint updated | epoch=12 | stage=posthoc_calibrator | best_val_mae=2.724327 | path=C:\Users\clw\projects\researchRep\STAnchor-BlockMemory\artifacts\convergence\ablation_random_bank_router_dcrnn_seed42\downstream_best.pt
[2026-09-11 14:18:39] INFO Epoch 013 | stage=posthoc_calibrator | train_total=2.694157 | train_forecast=2.694157 | train_confidence=0.000000 | train_risk=0.000000 | train_blend=0.000000 | val_total=2.732955 | val_mae=2.724624 | val_rmse=5.804279 | val_mape=7.608255 | val_confidence=0.000000 | val_risk=0.000000 | val_blend=0.000000 | batches=709/94 | seconds=64.70 | lr=[0.00025] | cuda_peak_mb=1434.6
[2026-09-11 14:18:39] INFO Val horizons | 15min_mae=2.406391 15min_rmse=4.784706 15min_mape=6.240876 | 30min_mae=2.759001 30min_rmse=5.863297 30min_mape=7.747702 | 60min_mae=3.174043 60min_rmse=6.952778 60min_mape=9.477244
[2026-09-11 14:19:44] INFO Epoch 014 | stage=posthoc_calibrator | train_total=2.694093 | train_forecast=2.694093 | train_confidence=0.000000 | train_risk=0.000000 | train_blend=0.000000 | val_total=2.733214 | val_mae=2.724870 | val_rmse=5.796001 | val_mape=7.616921 | val_confidence=0.000000 | val_risk=0.000000 | val_blend=0.000000 | batches=709/94 | seconds=64.81 | lr=[0.00025] | cuda_peak_mb=1436.0
[2026-09-11 14:19:44] INFO Val horizons | 15min_mae=2.406122 15min_rmse=4.782569 15min_mape=6.236643 | 30min_mae=2.758837 30min_rmse=5.855666 30min_mape=7.751081 | 60min_mae=3.175545 60min_rmse=6.941774 60min_mape=9.502626
[2026-09-11 14:20:48] INFO Epoch 015 | stage=posthoc_calibrator | train_total=2.693952 | train_forecast=2.693952 | train_confidence=0.000000 | train_risk=0.000000 | train_blend=0.000000 | val_total=2.734342 | val_mae=2.726064 | val_rmse=5.810295 | val_mape=7.629657 | val_confidence=0.000000 | val_risk=0.000000 | val_blend=0.000000 | batches=709/94 | seconds=64.74 | lr=[0.00025] | cuda_peak_mb=1435.3
[2026-09-11 14:20:48] INFO Val horizons | 15min_mae=2.406680 15min_rmse=4.785254 15min_mape=6.245823 | 30min_mae=2.760446 30min_rmse=5.868613 30min_mape=7.766417 | 60min_mae=3.176400 60min_rmse=6.964178 60min_mape=9.516434
[2026-09-11 14:21:53] INFO Epoch 016 | stage=posthoc_calibrator | train_total=2.693940 | train_forecast=2.693940 | train_confidence=0.000000 | train_risk=0.000000 | train_blend=0.000000 | val_total=2.733945 | val_mae=2.725602 | val_rmse=5.810007 | val_mape=7.616060 | val_confidence=0.000000 | val_risk=0.000000 | val_blend=0.000000 | batches=709/94 | seconds=64.76 | lr=[0.00025] | cuda_peak_mb=1434.2
[2026-09-11 14:21:53] INFO Val horizons | 15min_mae=2.406714 15min_rmse=4.786471 15min_mape=6.240131 | 30min_mae=2.759944 30min_rmse=5.867769 30min_mape=7.753048 | 60min_mae=3.175741 60min_rmse=6.964932 60min_mape=9.497568
[2026-09-11 14:22:58] INFO Epoch 017 | stage=posthoc_calibrator | train_total=2.693806 | train_forecast=2.693806 | train_confidence=0.000000 | train_risk=0.000000 | train_blend=0.000000 | val_total=2.732935 | val_mae=2.724566 | val_rmse=5.796202 | val_mape=7.584494 | val_confidence=0.000000 | val_risk=0.000000 | val_blend=0.000000 | batches=709/94 | seconds=64.58 | lr=[0.00025] | cuda_peak_mb=1434.2
[2026-09-11 14:22:58] INFO Val horizons | 15min_mae=2.406088 15min_rmse=4.782114 15min_mape=6.230069 | 30min_mae=2.758400 30min_rmse=5.854629 30min_mape=7.720191 | 60min_mae=3.175688 60min_rmse=6.943201 60min_mape=9.445801
[2026-09-11 14:24:02] INFO Epoch 018 | stage=posthoc_calibrator | train_total=2.693707 | train_forecast=2.693707 | train_confidence=0.000000 | train_risk=0.000000 | train_blend=0.000000 | val_total=2.731798 | val_mae=2.723489 | val_rmse=5.787736 | val_mape=7.593062 | val_confidence=0.000000 | val_risk=0.000000 | val_blend=0.000000 | batches=709/94 | seconds=64.80 | lr=[0.00025] | cuda_peak_mb=1434.6
[2026-09-11 14:24:02] INFO Val horizons | 15min_mae=2.405612 15min_rmse=4.780013 15min_mape=6.233889 | 30min_mae=2.757516 30min_rmse=5.849525 30min_mape=7.733485 | 60min_mae=3.173892 60min_rmse=6.926616 60min_mape=9.452454
[2026-09-11 14:24:03] INFO Checkpoint updated | epoch=18 | stage=posthoc_calibrator | best_val_mae=2.723489 | path=C:\Users\clw\projects\researchRep\STAnchor-BlockMemory\artifacts\convergence\ablation_random_bank_router_dcrnn_seed42\downstream_best.pt
[2026-09-11 14:25:07] INFO Epoch 019 | stage=posthoc_calibrator | train_total=2.693862 | train_forecast=2.693862 | train_confidence=0.000000 | train_risk=0.000000 | train_blend=0.000000 | val_total=2.733789 | val_mae=2.725405 | val_rmse=5.804721 | val_mape=7.595920 | val_confidence=0.000000 | val_risk=0.000000 | val_blend=0.000000 | batches=709/94 | seconds=64.84 | lr=[0.00025] | cuda_peak_mb=1435.4
[2026-09-11 14:25:07] INFO Val horizons | 15min_mae=2.406648 15min_rmse=4.786168 15min_mape=6.236114 | 30min_mae=2.759674 30min_rmse=5.864706 30min_mape=7.737242 | 60min_mae=3.176008 60min_rmse=6.954542 60min_mape=9.452250
[2026-09-11 14:26:12] INFO Epoch 020 | stage=posthoc_calibrator | train_total=2.693787 | train_forecast=2.693787 | train_confidence=0.000000 | train_risk=0.000000 | train_blend=0.000000 | val_total=2.733090 | val_mae=2.724736 | val_rmse=5.799467 | val_mape=7.595907 | val_confidence=0.000000 | val_risk=0.000000 | val_blend=0.000000 | batches=709/94 | seconds=64.87 | lr=[0.00025] | cuda_peak_mb=1434.6
[2026-09-11 14:26:12] INFO Val horizons | 15min_mae=2.406145 15min_rmse=4.783978 15min_mape=6.233689 | 30min_mae=2.758916 30min_rmse=5.860222 30min_mape=7.735005 | 60min_mae=3.175576 60min_rmse=6.947719 60min_mape=9.461598
[2026-09-11 14:27:17] INFO Epoch 021 | stage=posthoc_calibrator | train_total=2.693438 | train_forecast=2.693438 | train_confidence=0.000000 | train_risk=0.000000 | train_blend=0.000000 | val_total=2.733269 | val_mae=2.724915 | val_rmse=5.797468 | val_mape=7.595326 | val_confidence=0.000000 | val_risk=0.000000 | val_blend=0.000000 | batches=709/94 | seconds=65.12 | lr=[0.000125] | cuda_peak_mb=1434.0
[2026-09-11 14:27:17] INFO Val horizons | 15min_mae=2.406188 15min_rmse=4.781997 15min_mape=6.231218 | 30min_mae=2.759090 30min_rmse=5.858043 30min_mape=7.735015 | 60min_mae=3.175612 60min_rmse=6.942497 60min_mape=9.458247
[2026-09-11 14:28:22] INFO Epoch 022 | stage=posthoc_calibrator | train_total=2.693096 | train_forecast=2.693096 | train_confidence=0.000000 | train_risk=0.000000 | train_blend=0.000000 | val_total=2.732427 | val_mae=2.724115 | val_rmse=5.795739 | val_mape=7.612313 | val_confidence=0.000000 | val_risk=0.000000 | val_blend=0.000000 | batches=709/94 | seconds=64.87 | lr=[0.000125] | cuda_peak_mb=1436.4
[2026-09-11 14:28:22] INFO Val horizons | 15min_mae=2.406147 15min_rmse=4.783890 15min_mape=6.238642 | 30min_mae=2.758379 30min_rmse=5.856049 30min_mape=7.751155 | 60min_mae=3.173942 60min_rmse=6.940320 60min_mape=9.489045
[2026-09-11 14:29:27] INFO Epoch 023 | stage=posthoc_calibrator | train_total=2.693255 | train_forecast=2.693255 | train_confidence=0.000000 | train_risk=0.000000 | train_blend=0.000000 | val_total=2.734352 | val_mae=2.725938 | val_rmse=5.809713 | val_mape=7.596758 | val_confidence=0.000000 | val_risk=0.000000 | val_blend=0.000000 | batches=709/94 | seconds=64.88 | lr=[0.000125] | cuda_peak_mb=1434.9
[2026-09-11 14:29:27] INFO Val horizons | 15min_mae=2.406928 15min_rmse=4.787796 15min_mape=6.234167 | 30min_mae=2.760275 30min_rmse=5.869159 30min_mape=7.735313 | 60min_mae=3.176494 60min_rmse=6.962337 60min_mape=9.460428
[2026-09-11 14:30:32] INFO Epoch 024 | stage=posthoc_calibrator | train_total=2.693326 | train_forecast=2.693326 | train_confidence=0.000000 | train_risk=0.000000 | train_blend=0.000000 | val_total=2.733146 | val_mae=2.724791 | val_rmse=5.803643 | val_mape=7.607441 | val_confidence=0.000000 | val_risk=0.000000 | val_blend=0.000000 | batches=709/94 | seconds=64.92 | lr=[0.000125] | cuda_peak_mb=1435.3
[2026-09-11 14:30:32] INFO Val horizons | 15min_mae=2.406272 15min_rmse=4.784840 15min_mape=6.235472 | 30min_mae=2.759086 30min_rmse=5.863038 30min_mape=7.745148 | 60min_mae=3.174932 60min_rmse=6.954886 60min_mape=9.483032
[2026-09-11 14:31:37] INFO Epoch 025 | stage=posthoc_calibrator | train_total=2.693446 | train_forecast=2.693446 | train_confidence=0.000000 | train_risk=0.000000 | train_blend=0.000000 | val_total=2.734173 | val_mae=2.725795 | val_rmse=5.809164 | val_mape=7.603395 | val_confidence=0.000000 | val_risk=0.000000 | val_blend=0.000000 | batches=709/94 | seconds=64.78 | lr=[0.000125] | cuda_peak_mb=1434.6
[2026-09-11 14:31:37] INFO Val horizons | 15min_mae=2.406768 15min_rmse=4.787032 15min_mape=6.234640 | 30min_mae=2.760014 30min_rmse=5.867213 30min_mape=7.739544 | 60min_mae=3.176645 60min_rmse=6.965009 60min_mape=9.477554
[2026-09-11 14:32:42] INFO Epoch 026 | stage=posthoc_calibrator | train_total=2.693451 | train_forecast=2.693451 | train_confidence=0.000000 | train_risk=0.000000 | train_blend=0.000000 | val_total=2.733415 | val_mae=2.725026 | val_rmse=5.804471 | val_mape=7.595130 | val_confidence=0.000000 | val_risk=0.000000 | val_blend=0.000000 | batches=709/94 | seconds=64.73 | lr=[0.000125] | cuda_peak_mb=1435.4
[2026-09-11 14:32:42] INFO Val horizons | 15min_mae=2.406245 15min_rmse=4.784241 15min_mape=6.232118 | 30min_mae=2.759272 30min_rmse=5.863294 30min_mape=7.733630 | 60min_mae=3.175598 60min_rmse=6.957718 60min_mape=9.461619
[2026-09-11 14:33:46] INFO Epoch 027 | stage=posthoc_calibrator | train_total=2.693291 | train_forecast=2.693291 | train_confidence=0.000000 | train_risk=0.000000 | train_blend=0.000000 | val_total=2.732610 | val_mae=2.724270 | val_rmse=5.793361 | val_mape=7.590605 | val_confidence=0.000000 | val_risk=0.000000 | val_blend=0.000000 | batches=709/94 | seconds=64.81 | lr=[0.000125] | cuda_peak_mb=1434.4
[2026-09-11 14:33:46] INFO Val horizons | 15min_mae=2.405868 15min_rmse=4.781019 15min_mape=6.230968 | 30min_mae=2.758120 30min_rmse=5.851908 30min_mape=7.727815 | 60min_mae=3.175362 60min_rmse=6.939920 60min_mape=9.455110
[2026-09-11 14:34:51] INFO Epoch 028 | stage=posthoc_calibrator | train_total=2.693400 | train_forecast=2.693400 | train_confidence=0.000000 | train_risk=0.000000 | train_blend=0.000000 | val_total=2.733707 | val_mae=2.725332 | val_rmse=5.806228 | val_mape=7.597877 | val_confidence=0.000000 | val_risk=0.000000 | val_blend=0.000000 | batches=709/94 | seconds=64.91 | lr=[0.000125] | cuda_peak_mb=1434.9
[2026-09-11 14:34:51] INFO Val horizons | 15min_mae=2.406429 15min_rmse=4.785154 15min_mape=6.233377 | 30min_mae=2.759524 30min_rmse=5.865623 30min_mape=7.737012 | 60min_mae=3.175838 60min_rmse=6.956644 60min_mape=9.462237
[2026-09-11 14:35:56] INFO Epoch 029 | stage=posthoc_calibrator | train_total=2.693481 | train_forecast=2.693481 | train_confidence=0.000000 | train_risk=0.000000 | train_blend=0.000000 | val_total=2.733592 | val_mae=2.725185 | val_rmse=5.805296 | val_mape=7.594934 | val_confidence=0.000000 | val_risk=0.000000 | val_blend=0.000000 | batches=709/94 | seconds=64.91 | lr=[0.000125] | cuda_peak_mb=1434.6
[2026-09-11 14:35:56] INFO Val horizons | 15min_mae=2.406776 15min_rmse=4.786987 15min_mape=6.234505 | 30min_mae=2.759665 30min_rmse=5.866240 30min_mape=7.736137 | 60min_mae=3.175061 60min_rmse=6.953358 60min_mape=9.453017
[2026-09-11 14:37:01] INFO Epoch 030 | stage=posthoc_calibrator | train_total=2.693390 | train_forecast=2.693390 | train_confidence=0.000000 | train_risk=0.000000 | train_blend=0.000000 | val_total=2.733866 | val_mae=2.725475 | val_rmse=5.807720 | val_mape=7.604193 | val_confidence=0.000000 | val_risk=0.000000 | val_blend=0.000000 | batches=709/94 | seconds=64.86 | lr=[0.000125] | cuda_peak_mb=1435.0
[2026-09-11 14:37:01] INFO Val horizons | 15min_mae=2.406596 15min_rmse=4.786588 15min_mape=6.232923 | 30min_mae=2.759792 30min_rmse=5.867052 30min_mape=7.740920 | 60min_mae=3.175551 60min_rmse=6.959072 60min_mape=9.478604
[2026-09-11 14:38:06] INFO Epoch 031 | stage=posthoc_calibrator | train_total=2.693239 | train_forecast=2.693239 | train_confidence=0.000000 | train_risk=0.000000 | train_blend=0.000000 | val_total=2.732863 | val_mae=2.724495 | val_rmse=5.797936 | val_mape=7.598799 | val_confidence=0.000000 | val_risk=0.000000 | val_blend=0.000000 | batches=709/94 | seconds=64.82 | lr=[6.25e-05] | cuda_peak_mb=1433.9
[2026-09-11 14:38:06] INFO Val horizons | 15min_mae=2.405976 15min_rmse=4.782683 15min_mape=6.233078 | 30min_mae=2.758466 30min_rmse=5.856575 30min_mape=7.737135 | 60min_mae=3.175044 60min_rmse=6.946794 60min_mape=9.466891
[2026-09-11 14:39:11] INFO Epoch 032 | stage=posthoc_calibrator | train_total=2.692936 | train_forecast=2.692936 | train_confidence=0.000000 | train_risk=0.000000 | train_blend=0.000000 | val_total=2.733951 | val_mae=2.725567 | val_rmse=5.808649 | val_mape=7.604472 | val_confidence=0.000000 | val_risk=0.000000 | val_blend=0.000000 | batches=709/94 | seconds=64.75 | lr=[6.25e-05] | cuda_peak_mb=1434.6
[2026-09-11 14:39:11] INFO Val horizons | 15min_mae=2.406568 15min_rmse=4.786859 15min_mape=6.234873 | 30min_mae=2.759943 30min_rmse=5.868107 30min_mape=7.743049 | 60min_mae=3.175949 60min_rmse=6.962130 60min_mape=9.475859
[2026-09-11 14:40:15] INFO Epoch 033 | stage=posthoc_calibrator | train_total=2.693284 | train_forecast=2.693284 | train_confidence=0.000000 | train_risk=0.000000 | train_blend=0.000000 | val_total=2.734101 | val_mae=2.725685 | val_rmse=5.808071 | val_mape=7.594708 | val_confidence=0.000000 | val_risk=0.000000 | val_blend=0.000000 | batches=709/94 | seconds=64.78 | lr=[6.25e-05] | cuda_peak_mb=1435.5
[2026-09-11 14:40:15] INFO Val horizons | 15min_mae=2.406691 15min_rmse=4.786955 15min_mape=6.232576 | 30min_mae=2.759988 30min_rmse=5.867699 30min_mape=7.734577 | 60min_mae=3.176356 60min_rmse=6.961394 60min_mape=9.457429
[2026-09-11 14:41:20] INFO Epoch 034 | stage=posthoc_calibrator | train_total=2.693089 | train_forecast=2.693089 | train_confidence=0.000000 | train_risk=0.000000 | train_blend=0.000000 | val_total=2.732936 | val_mae=2.724548 | val_rmse=5.799696 | val_mape=7.590596 | val_confidence=0.000000 | val_risk=0.000000 | val_blend=0.000000 | batches=709/94 | seconds=64.71 | lr=[6.25e-05] | cuda_peak_mb=1434.6
[2026-09-11 14:41:20] INFO Val horizons | 15min_mae=2.406161 15min_rmse=4.783390 15min_mape=6.230152 | 30min_mae=2.758779 30min_rmse=5.860489 30min_mape=7.730853 | 60min_mae=3.174927 60min_rmse=6.947340 60min_mape=9.452143
[2026-09-11 14:42:25] INFO Epoch 035 | stage=posthoc_calibrator | train_total=2.693190 | train_forecast=2.693190 | train_confidence=0.000000 | train_risk=0.000000 | train_blend=0.000000 | val_total=2.733410 | val_mae=2.725028 | val_rmse=5.805050 | val_mape=7.598956 | val_confidence=0.000000 | val_risk=0.000000 | val_blend=0.000000 | batches=709/94 | seconds=64.79 | lr=[6.25e-05] | cuda_peak_mb=1435.3
[2026-09-11 14:42:25] INFO Val horizons | 15min_mae=2.406360 15min_rmse=4.785199 15min_mape=6.233448 | 30min_mae=2.759426 30min_rmse=5.865153 30min_mape=7.739272 | 60min_mae=3.175241 60min_rmse=6.956309 60min_mape=9.464977
[2026-09-11 14:43:30] INFO Epoch 036 | stage=posthoc_calibrator | train_total=2.693087 | train_forecast=2.693087 | train_confidence=0.000000 | train_risk=0.000000 | train_blend=0.000000 | val_total=2.734451 | val_mae=2.726052 | val_rmse=5.811843 | val_mape=7.601002 | val_confidence=0.000000 | val_risk=0.000000 | val_blend=0.000000 | batches=709/94 | seconds=64.85 | lr=[6.25e-05] | cuda_peak_mb=1435.2
[2026-09-11 14:43:30] INFO Val horizons | 15min_mae=2.406774 15min_rmse=4.787347 15min_mape=6.233362 | 30min_mae=2.760396 30min_rmse=5.870731 30min_mape=7.739605 | 60min_mae=3.176796 60min_rmse=6.968683 60min_mape=9.471093
[2026-09-11 14:44:35] INFO Epoch 037 | stage=posthoc_calibrator | train_total=2.692838 | train_forecast=2.692838 | train_confidence=0.000000 | train_risk=0.000000 | train_blend=0.000000 | val_total=2.733106 | val_mae=2.724750 | val_rmse=5.802571 | val_mape=7.601664 | val_confidence=0.000000 | val_risk=0.000000 | val_blend=0.000000 | batches=709/94 | seconds=64.80 | lr=[6.25e-05] | cuda_peak_mb=1433.9
[2026-09-11 14:44:35] INFO Val horizons | 15min_mae=2.406237 15min_rmse=4.784755 15min_mape=6.234073 | 30min_mae=2.759013 30min_rmse=5.862430 30min_mape=7.740813 | 60min_mae=3.175022 60min_rmse=6.952588 60min_mape=9.471990
[2026-09-11 14:45:39] INFO Epoch 038 | stage=posthoc_calibrator | train_total=2.692809 | train_forecast=2.692809 | train_confidence=0.000000 | train_risk=0.000000 | train_blend=0.000000 | val_total=2.733928 | val_mae=2.725533 | val_rmse=5.806783 | val_mape=7.603425 | val_confidence=0.000000 | val_risk=0.000000 | val_blend=0.000000 | batches=709/94 | seconds=64.82 | lr=[6.25e-05] | cuda_peak_mb=1434.0
[2026-09-11 14:45:39] INFO Val horizons | 15min_mae=2.406625 15min_rmse=4.786888 15min_mape=6.235175 | 30min_mae=2.759961 30min_rmse=5.867295 30min_mape=7.744071 | 60min_mae=3.175693 60min_rmse=6.957774 60min_mape=9.470033
[2026-09-11 14:46:44] INFO Epoch 039 | stage=posthoc_calibrator | train_total=2.693086 | train_forecast=2.693086 | train_confidence=0.000000 | train_risk=0.000000 | train_blend=0.000000 | val_total=2.732919 | val_mae=2.724554 | val_rmse=5.801026 | val_mape=7.597776 | val_confidence=0.000000 | val_risk=0.000000 | val_blend=0.000000 | batches=709/94 | seconds=64.80 | lr=[6.25e-05] | cuda_peak_mb=1436.4
[2026-09-11 14:46:44] INFO Val horizons | 15min_mae=2.406068 15min_rmse=4.783657 15min_mape=6.231650 | 30min_mae=2.758720 30min_rmse=5.860485 30min_mape=7.736759 | 60min_mae=3.174833 60min_rmse=6.951125 60min_mape=9.465752
[2026-09-11 14:47:49] INFO Epoch 040 | stage=posthoc_calibrator | train_total=2.692999 | train_forecast=2.692999 | train_confidence=0.000000 | train_risk=0.000000 | train_blend=0.000000 | val_total=2.733444 | val_mae=2.725050 | val_rmse=5.803765 | val_mape=7.590413 | val_confidence=0.000000 | val_risk=0.000000 | val_blend=0.000000 | batches=709/94 | seconds=64.88 | lr=[6.25e-05] | cuda_peak_mb=1434.6
[2026-09-11 14:47:49] INFO Val horizons | 15min_mae=2.406453 15min_rmse=4.786026 15min_mape=6.231894 | 30min_mae=2.759342 30min_rmse=5.864568 30min_mape=7.731969 | 60min_mae=3.175576 60min_rmse=6.953399 60min_mape=9.448867
[2026-09-11 14:48:54] INFO Epoch 041 | stage=posthoc_calibrator | train_total=2.692930 | train_forecast=2.692930 | train_confidence=0.000000 | train_risk=0.000000 | train_blend=0.000000 | val_total=2.732807 | val_mae=2.724432 | val_rmse=5.798322 | val_mape=7.590894 | val_confidence=0.000000 | val_risk=0.000000 | val_blend=0.000000 | batches=709/94 | seconds=64.84 | lr=[3.125e-05] | cuda_peak_mb=1435.8
[2026-09-11 14:48:54] INFO Val horizons | 15min_mae=2.405984 15min_rmse=4.783262 15min_mape=6.230483 | 30min_mae=2.758541 30min_rmse=5.858673 30min_mape=7.731326 | 60min_mae=3.174998 60min_rmse=6.946330 60min_mape=9.452888
[2026-09-11 14:49:59] INFO Epoch 042 | stage=posthoc_calibrator | train_total=2.693214 | train_forecast=2.693214 | train_confidence=0.000000 | train_risk=0.000000 | train_blend=0.000000 | val_total=2.733304 | val_mae=2.724914 | val_rmse=5.803534 | val_mape=7.597117 | val_confidence=0.000000 | val_risk=0.000000 | val_blend=0.000000 | batches=709/94 | seconds=64.77 | lr=[3.125e-05] | cuda_peak_mb=1436.0
[2026-09-11 14:49:59] INFO Val horizons | 15min_mae=2.406267 15min_rmse=4.784773 15min_mape=6.231970 | 30min_mae=2.759142 30min_rmse=5.863031 30min_mape=7.736526 | 60min_mae=3.175230 60min_rmse=6.954745 60min_mape=9.463948
[2026-09-11 14:51:03] INFO Epoch 043 | stage=posthoc_calibrator | train_total=2.692621 | train_forecast=2.692621 | train_confidence=0.000000 | train_risk=0.000000 | train_blend=0.000000 | val_total=2.733082 | val_mae=2.724710 | val_rmse=5.801846 | val_mape=7.596560 | val_confidence=0.000000 | val_risk=0.000000 | val_blend=0.000000 | batches=709/94 | seconds=64.64 | lr=[3.125e-05] | cuda_peak_mb=1434.6
[2026-09-11 14:51:03] INFO Val horizons | 15min_mae=2.406139 15min_rmse=4.784248 15min_mape=6.231976 | 30min_mae=2.758849 30min_rmse=5.861118 30min_mape=7.735628 | 60min_mae=3.175171 60min_rmse=6.952347 60min_mape=9.463495
[2026-09-11 14:52:08] INFO Epoch 044 | stage=posthoc_calibrator | train_total=2.693043 | train_forecast=2.693043 | train_confidence=0.000000 | train_risk=0.000000 | train_blend=0.000000 | val_total=2.732812 | val_mae=2.724440 | val_rmse=5.799608 | val_mape=7.594649 | val_confidence=0.000000 | val_risk=0.000000 | val_blend=0.000000 | batches=709/94 | seconds=64.64 | lr=[3.125e-05] | cuda_peak_mb=1434.2
[2026-09-11 14:52:08] INFO Val horizons | 15min_mae=2.405973 15min_rmse=4.783113 15min_mape=6.230658 | 30min_mae=2.758506 30min_rmse=5.858561 30min_mape=7.733184 | 60min_mae=3.174915 60min_rmse=6.949945 60min_mape=9.462267
[2026-09-11 14:53:13] INFO Epoch 045 | stage=posthoc_calibrator | train_total=2.692572 | train_forecast=2.692572 | train_confidence=0.000000 | train_risk=0.000000 | train_blend=0.000000 | val_total=2.732573 | val_mae=2.724228 | val_rmse=5.797209 | val_mape=7.595808 | val_confidence=0.000000 | val_risk=0.000000 | val_blend=0.000000 | batches=709/94 | seconds=64.62 | lr=[3.125e-05] | cuda_peak_mb=1434.2
[2026-09-11 14:53:13] INFO Val horizons | 15min_mae=2.405793 15min_rmse=4.782033 15min_mape=6.231551 | 30min_mae=2.758195 30min_rmse=5.855982 30min_mape=7.734588 | 60min_mae=3.174827 60min_rmse=6.946339 60min_mape=9.463414
[2026-09-11 14:54:17] INFO Epoch 046 | stage=posthoc_calibrator | train_total=2.692877 | train_forecast=2.692877 | train_confidence=0.000000 | train_risk=0.000000 | train_blend=0.000000 | val_total=2.733779 | val_mae=2.725393 | val_rmse=5.807661 | val_mape=7.602494 | val_confidence=0.000000 | val_risk=0.000000 | val_blend=0.000000 | batches=709/94 | seconds=64.67 | lr=[3.125e-05] | cuda_peak_mb=1434.6
[2026-09-11 14:54:17] INFO Val horizons | 15min_mae=2.406419 15min_rmse=4.785779 15min_mape=6.233284 | 30min_mae=2.759585 30min_rmse=5.865799 30min_mape=7.740714 | 60min_mae=3.175876 60min_rmse=6.962701 60min_mape=9.474099
[2026-09-11 14:55:22] INFO Epoch 047 | stage=posthoc_calibrator | train_total=2.693007 | train_forecast=2.693007 | train_confidence=0.000000 | train_risk=0.000000 | train_blend=0.000000 | val_total=2.733842 | val_mae=2.725447 | val_rmse=5.808337 | val_mape=7.599879 | val_confidence=0.000000 | val_risk=0.000000 | val_blend=0.000000 | batches=709/94 | seconds=64.53 | lr=[3.125e-05] | cuda_peak_mb=1435.4
[2026-09-11 14:55:22] INFO Val horizons | 15min_mae=2.406497 15min_rmse=4.786263 15min_mape=6.232486 | 30min_mae=2.759751 30min_rmse=5.867129 30min_mape=7.738852 | 60min_mae=3.175867 60min_rmse=6.963234 60min_mape=9.469300
[2026-09-11 14:56:26] INFO Epoch 048 | stage=posthoc_calibrator | train_total=2.692750 | train_forecast=2.692750 | train_confidence=0.000000 | train_risk=0.000000 | train_blend=0.000000 | val_total=2.733615 | val_mae=2.725219 | val_rmse=5.805331 | val_mape=7.597390 | val_confidence=0.000000 | val_risk=0.000000 | val_blend=0.000000 | batches=709/94 | seconds=64.60 | lr=[3.125e-05] | cuda_peak_mb=1434.6
[2026-09-11 14:56:26] INFO Val horizons | 15min_mae=2.406466 15min_rmse=4.785852 15min_mape=6.231929 | 30min_mae=2.759608 30min_rmse=5.865631 30min_mape=7.737982 | 60min_mae=3.175525 60min_rmse=6.957015 60min_mape=9.463055
[2026-09-11 14:57:31] INFO Epoch 049 | stage=posthoc_calibrator | train_total=2.693014 | train_forecast=2.693014 | train_confidence=0.000000 | train_risk=0.000000 | train_blend=0.000000 | val_total=2.733159 | val_mae=2.724777 | val_rmse=5.802697 | val_mape=7.597407 | val_confidence=0.000000 | val_risk=0.000000 | val_blend=0.000000 | batches=709/94 | seconds=64.57 | lr=[3.125e-05] | cuda_peak_mb=1433.9
[2026-09-11 14:57:31] INFO Val horizons | 15min_mae=2.406085 15min_rmse=4.783828 15min_mape=6.230831 | 30min_mae=2.758898 30min_rmse=5.861247 30min_mape=7.735922 | 60min_mae=3.175163 60min_rmse=6.954877 60min_mape=9.466463
[2026-09-11 14:58:36] INFO Epoch 050 | stage=posthoc_calibrator | train_total=2.692805 | train_forecast=2.692805 | train_confidence=0.000000 | train_risk=0.000000 | train_blend=0.000000 | val_total=2.733634 | val_mae=2.725251 | val_rmse=5.806839 | val_mape=7.599679 | val_confidence=0.000000 | val_risk=0.000000 | val_blend=0.000000 | batches=709/94 | seconds=64.61 | lr=[3.125e-05] | cuda_peak_mb=1436.0
[2026-09-11 14:58:36] INFO Val horizons | 15min_mae=2.406335 15min_rmse=4.785584 15min_mape=6.232281 | 30min_mae=2.759441 30min_rmse=5.865197 30min_mape=7.738061 | 60min_mae=3.175771 60min_rmse=6.961320 60min_mape=9.469887
[2026-09-11 14:58:36] INFO Downstream training finished | best_val_mae=2.723489 | checkpoint=C:\Users\clw\projects\researchRep\STAnchor-BlockMemory\artifacts\convergence\ablation_random_bank_router_dcrnn_seed42\downstream_best.pt
