[2026-09-06 16:25:58] INFO Downstream start | run=cross_dataset_stage1/pemsbay_baseonly_gwn_seed42 | device=cuda:0 (requested=cuda:0) | seed=42 | output=C:\Users\clw\projects\researchRep\STAnchor-BlockMemory\artifacts\cross_dataset_stage1\pemsbay_baseonly_gwn_seed42
[2026-09-06 16:25:58] INFO Mode | downstream_mode=base_only | training_protocol=staged_joint | candidate_protocol=weekday_radius1_overlap
[2026-09-06 16:25:58] INFO Downstream initialization | seed=42 | state_hash=ef54d7a36b2460d4
[2026-09-06 16:25:58] INFO Data | steps=52116 | nodes=325 | channels=1 | training_scope=full_train | memory/post_memory/train_selected/val/test=25327/10855/36182/4912/10125
[2026-09-06 16:25:58] INFO Bank/retrieval | disabled (base_only)
[2026-09-06 16:25:58] INFO Parameters | downstream_total=311,997 | downstream_trainable=311,728 | backbone=311,728 | confidence_head=0 | fusion=0 | frozen_pretrained=0
[2026-09-06 16:25:58] INFO Optimization | epochs=50 | batch_size=32 | optimizer=adam | lr=0.001 | weight_decay=0.0001 | scheduler=step_lr | step_size=10 | gamma=0.950 | confidence_weight=0.000 | patience=10 | early_stopping=disabled
[2026-09-06 16:25:59] INFO Stage start | stage=standard | epochs=50 | optimizer_lrs=[0.001]
[2026-09-06 16:28:08] INFO Epoch 001 | stage=standard | train_total=1.957689 | train_forecast=1.957689 | train_confidence=0.000000 | train_risk=0.000000 | train_blend=0.000000 | val_total=2.027382 | val_mae=2.021374 | val_rmse=4.683095 | val_mape=5.186419 | val_confidence=0.000000 | val_risk=0.000000 | val_blend=0.000000 | batches=1131/154 | seconds=129.09 | lr=[0.001] | cuda_peak_mb=1083.3
[2026-09-06 16:28:08] INFO Val horizons | 15min_mae=1.503780 15min_rmse=3.164258 15min_mape=3.356728 | 30min_mae=2.051841 30min_rmse=4.589124 30min_mape=5.186535 | 60min_mae=2.735169 60min_rmse=6.219142 60min_mape=7.622097
[2026-09-06 16:28:08] INFO Checkpoint updated | epoch=1 | stage=standard | best_val_mae=2.021374 | path=C:\Users\clw\projects\researchRep\STAnchor-BlockMemory\artifacts\cross_dataset_stage1\pemsbay_baseonly_gwn_seed42\downstream_best.pt
[2026-09-06 16:30:17] INFO Epoch 002 | stage=standard | train_total=1.810384 | train_forecast=1.810384 | train_confidence=0.000000 | train_risk=0.000000 | train_blend=0.000000 | val_total=1.940155 | val_mae=1.935336 | val_rmse=4.407510 | val_mape=4.737516 | val_confidence=0.000000 | val_risk=0.000000 | val_blend=0.000000 | batches=1131/154 | seconds=128.25 | lr=[0.001] | cuda_peak_mb=1083.3
[2026-09-06 16:30:17] INFO Val horizons | 15min_mae=1.491264 15min_rmse=3.120142 15min_mape=3.340705 | 30min_mae=1.987843 30min_rmse=4.414808 30min_mape=4.840958 | 60min_mae=2.545669 60min_rmse=5.681869 60min_mape=6.636547
[2026-09-06 16:30:17] INFO Checkpoint updated | epoch=2 | stage=standard | best_val_mae=1.935336 | path=C:\Users\clw\projects\researchRep\STAnchor-BlockMemory\artifacts\cross_dataset_stage1\pemsbay_baseonly_gwn_seed42\downstream_best.pt
[2026-09-06 16:32:25] INFO Epoch 003 | stage=standard | train_total=1.759525 | train_forecast=1.759525 | train_confidence=0.000000 | train_risk=0.000000 | train_blend=0.000000 | val_total=1.850586 | val_mae=1.846053 | val_rmse=4.201059 | val_mape=4.430152 | val_confidence=0.000000 | val_risk=0.000000 | val_blend=0.000000 | batches=1131/154 | seconds=128.29 | lr=[0.001] | cuda_peak_mb=1083.3
[2026-09-06 16:32:25] INFO Val horizons | 15min_mae=1.454770 15min_rmse=3.017576 15min_mape=3.196836 | 30min_mae=1.907971 30min_rmse=4.243795 30min_mape=4.606893 | 60min_mae=2.374456 60min_rmse=5.350094 60min_mape=5.989081
[2026-09-06 16:32:25] INFO Checkpoint updated | epoch=3 | stage=standard | best_val_mae=1.846053 | path=C:\Users\clw\projects\researchRep\STAnchor-BlockMemory\artifacts\cross_dataset_stage1\pemsbay_baseonly_gwn_seed42\downstream_best.pt
[2026-09-06 16:34:33] INFO Epoch 004 | stage=standard | train_total=1.718500 | train_forecast=1.718500 | train_confidence=0.000000 | train_risk=0.000000 | train_blend=0.000000 | val_total=1.811545 | val_mae=1.806678 | val_rmse=4.091484 | val_mape=4.312330 | val_confidence=0.000000 | val_risk=0.000000 | val_blend=0.000000 | batches=1131/154 | seconds=128.57 | lr=[0.001] | cuda_peak_mb=1083.3
[2026-09-06 16:34:33] INFO Val horizons | 15min_mae=1.435290 15min_rmse=2.997943 15min_mape=3.162786 | 30min_mae=1.864157 30min_rmse=4.149934 30min_mape=4.428210 | 60min_mae=2.303338 60min_rmse=5.164638 60min_mape=5.794477
[2026-09-06 16:34:33] INFO Checkpoint updated | epoch=4 | stage=standard | best_val_mae=1.806678 | path=C:\Users\clw\projects\researchRep\STAnchor-BlockMemory\artifacts\cross_dataset_stage1\pemsbay_baseonly_gwn_seed42\downstream_best.pt
[2026-09-06 16:36:42] INFO Epoch 005 | stage=standard | train_total=1.679677 | train_forecast=1.679677 | train_confidence=0.000000 | train_risk=0.000000 | train_blend=0.000000 | val_total=1.814154 | val_mae=1.809585 | val_rmse=4.014250 | val_mape=4.223333 | val_confidence=0.000000 | val_risk=0.000000 | val_blend=0.000000 | batches=1131/154 | seconds=128.96 | lr=[0.001] | cuda_peak_mb=1083.3
[2026-09-06 16:36:42] INFO Val horizons | 15min_mae=1.426647 15min_rmse=2.967924 15min_mape=3.054832 | 30min_mae=1.861145 30min_rmse=4.068997 30min_mape=4.318068 | 60min_mae=2.324148 60min_rmse=5.055484 60min_mape=5.750575
[2026-09-06 16:38:51] INFO Epoch 006 | stage=standard | train_total=1.652565 | train_forecast=1.652565 | train_confidence=0.000000 | train_risk=0.000000 | train_blend=0.000000 | val_total=1.745674 | val_mae=1.740964 | val_rmse=3.922454 | val_mape=3.972330 | val_confidence=0.000000 | val_risk=0.000000 | val_blend=0.000000 | batches=1131/154 | seconds=128.64 | lr=[0.001] | cuda_peak_mb=1083.3
[2026-09-06 16:38:51] INFO Val horizons | 15min_mae=1.410094 15min_rmse=2.916702 15min_mape=3.045265 | 30min_mae=1.801854 30min_rmse=3.983349 30min_mape=4.110205 | 60min_mae=2.192488 60min_rmse=4.929572 60min_mape=5.197773
[2026-09-06 16:38:51] INFO Checkpoint updated | epoch=6 | stage=standard | best_val_mae=1.740964 | path=C:\Users\clw\projects\researchRep\STAnchor-BlockMemory\artifacts\cross_dataset_stage1\pemsbay_baseonly_gwn_seed42\downstream_best.pt
[2026-09-06 16:41:00] INFO Epoch 007 | stage=standard | train_total=1.632055 | train_forecast=1.632055 | train_confidence=0.000000 | train_risk=0.000000 | train_blend=0.000000 | val_total=1.744751 | val_mae=1.739638 | val_rmse=3.944548 | val_mape=4.144113 | val_confidence=0.000000 | val_risk=0.000000 | val_blend=0.000000 | batches=1131/154 | seconds=128.55 | lr=[0.001] | cuda_peak_mb=1083.3
[2026-09-06 16:41:00] INFO Val horizons | 15min_mae=1.414888 15min_rmse=2.924347 15min_mape=3.122566 | 30min_mae=1.801509 30min_rmse=4.006229 30min_mape=4.290809 | 60min_mae=2.180037 60min_rmse=4.943340 60min_mape=5.440068
[2026-09-06 16:41:00] INFO Checkpoint updated | epoch=7 | stage=standard | best_val_mae=1.739638 | path=C:\Users\clw\projects\researchRep\STAnchor-BlockMemory\artifacts\cross_dataset_stage1\pemsbay_baseonly_gwn_seed42\downstream_best.pt
[2026-09-06 16:43:08] INFO Epoch 008 | stage=standard | train_total=1.613259 | train_forecast=1.613259 | train_confidence=0.000000 | train_risk=0.000000 | train_blend=0.000000 | val_total=1.716032 | val_mae=1.711542 | val_rmse=3.896787 | val_mape=3.915654 | val_confidence=0.000000 | val_risk=0.000000 | val_blend=0.000000 | batches=1131/154 | seconds=128.48 | lr=[0.001] | cuda_peak_mb=1083.3
[2026-09-06 16:43:08] INFO Val horizons | 15min_mae=1.392781 15min_rmse=2.905809 15min_mape=2.962052 | 30min_mae=1.776061 30min_rmse=3.964845 30min_mape=4.039681 | 60min_mae=2.144747 60min_rmse=4.891253 60min_mape=5.184751
[2026-09-06 16:43:08] INFO Checkpoint updated | epoch=8 | stage=standard | best_val_mae=1.711542 | path=C:\Users\clw\projects\researchRep\STAnchor-BlockMemory\artifacts\cross_dataset_stage1\pemsbay_baseonly_gwn_seed42\downstream_best.pt
[2026-09-06 16:45:17] INFO Epoch 009 | stage=standard | train_total=1.599311 | train_forecast=1.599311 | train_confidence=0.000000 | train_risk=0.000000 | train_blend=0.000000 | val_total=1.746322 | val_mae=1.740759 | val_rmse=3.942985 | val_mape=4.198583 | val_confidence=0.000000 | val_risk=0.000000 | val_blend=0.000000 | batches=1131/154 | seconds=128.53 | lr=[0.001] | cuda_peak_mb=1083.3
[2026-09-06 16:45:17] INFO Val horizons | 15min_mae=1.405603 15min_rmse=2.914386 15min_mape=3.109636 | 30min_mae=1.798816 30min_rmse=4.003172 30min_mape=4.346594 | 60min_mae=2.209595 60min_rmse=4.985299 60min_mape=5.640230
[2026-09-06 16:47:26] INFO Epoch 010 | stage=standard | train_total=1.584248 | train_forecast=1.584248 | train_confidence=0.000000 | train_risk=0.000000 | train_blend=0.000000 | val_total=1.756568 | val_mae=1.750404 | val_rmse=3.938864 | val_mape=4.223611 | val_confidence=0.000000 | val_risk=0.000000 | val_blend=0.000000 | batches=1131/154 | seconds=129.09 | lr=[0.001] | cuda_peak_mb=1083.3
[2026-09-06 16:47:26] INFO Val horizons | 15min_mae=1.442142 15min_rmse=2.946100 15min_mape=3.236453 | 30min_mae=1.814183 30min_rmse=3.998407 30min_mape=4.360480 | 60min_mae=2.155227 60min_rmse=4.905198 60min_mape=5.461724
[2026-09-06 16:49:34] INFO Epoch 011 | stage=standard | train_total=1.571723 | train_forecast=1.571723 | train_confidence=0.000000 | train_risk=0.000000 | train_blend=0.000000 | val_total=1.667736 | val_mae=1.663261 | val_rmse=3.778893 | val_mape=3.832241 | val_confidence=0.000000 | val_risk=0.000000 | val_blend=0.000000 | batches=1131/154 | seconds=128.53 | lr=[0.00095] | cuda_peak_mb=1083.3
[2026-09-06 16:49:34] INFO Val horizons | 15min_mae=1.375298 15min_rmse=2.866630 15min_mape=2.954984 | 30min_mae=1.726868 30min_rmse=3.852955 30min_mape=4.003716 | 60min_mae=2.060427 60min_rmse=4.698958 60min_mape=4.956751
[2026-09-06 16:49:34] INFO Checkpoint updated | epoch=11 | stage=standard | best_val_mae=1.663261 | path=C:\Users\clw\projects\researchRep\STAnchor-BlockMemory\artifacts\cross_dataset_stage1\pemsbay_baseonly_gwn_seed42\downstream_best.pt
[2026-09-06 16:51:43] INFO Epoch 012 | stage=standard | train_total=1.564472 | train_forecast=1.564472 | train_confidence=0.000000 | train_risk=0.000000 | train_blend=0.000000 | val_total=1.686201 | val_mae=1.681446 | val_rmse=3.766873 | val_mape=3.830010 | val_confidence=0.000000 | val_risk=0.000000 | val_blend=0.000000 | batches=1131/154 | seconds=128.40 | lr=[0.00095] | cuda_peak_mb=1083.3
[2026-09-06 16:51:43] INFO Val horizons | 15min_mae=1.387294 15min_rmse=2.875097 15min_mape=3.025199 | 30min_mae=1.740559 30min_rmse=3.856292 30min_mape=3.957996 | 60min_mae=2.077987 60min_rmse=4.645848 60min_mape=4.870194
[2026-09-06 16:53:51] INFO Epoch 013 | stage=standard | train_total=1.555333 | train_forecast=1.555333 | train_confidence=0.000000 | train_risk=0.000000 | train_blend=0.000000 | val_total=1.685410 | val_mae=1.679282 | val_rmse=3.775205 | val_mape=3.991793 | val_confidence=0.000000 | val_risk=0.000000 | val_blend=0.000000 | batches=1131/154 | seconds=128.62 | lr=[0.00095] | cuda_peak_mb=1083.3
[2026-09-06 16:53:51] INFO Val horizons | 15min_mae=1.406660 15min_rmse=2.876082 15min_mape=3.169414 | 30min_mae=1.742612 30min_rmse=3.841333 30min_mape=4.133716 | 60min_mae=2.050026 60min_rmse=4.677054 60min_mape=5.055257
[2026-09-06 16:56:00] INFO Epoch 014 | stage=standard | train_total=1.546626 | train_forecast=1.546626 | train_confidence=0.000000 | train_risk=0.000000 | train_blend=0.000000 | val_total=1.686938 | val_mae=1.682263 | val_rmse=3.839997 | val_mape=3.846809 | val_confidence=0.000000 | val_risk=0.000000 | val_blend=0.000000 | batches=1131/154 | seconds=128.67 | lr=[0.00095] | cuda_peak_mb=1083.3
[2026-09-06 16:56:00] INFO Val horizons | 15min_mae=1.379620 15min_rmse=2.879952 15min_mape=2.947945 | 30min_mae=1.742266 30min_rmse=3.908334 30min_mape=3.987889 | 60min_mae=2.104252 60min_rmse=4.814982 60min_mape=5.036582
[2026-09-06 16:58:09] INFO Epoch 015 | stage=standard | train_total=1.541568 | train_forecast=1.541568 | train_confidence=0.000000 | train_risk=0.000000 | train_blend=0.000000 | val_total=1.658897 | val_mae=1.654603 | val_rmse=3.776700 | val_mape=3.767195 | val_confidence=0.000000 | val_risk=0.000000 | val_blend=0.000000 | batches=1131/154 | seconds=128.47 | lr=[0.00095] | cuda_peak_mb=1083.3
[2026-09-06 16:58:09] INFO Val horizons | 15min_mae=1.376764 15min_rmse=2.889267 15min_mape=2.888575 | 30min_mae=1.718363 30min_rmse=3.861336 30min_mape=3.885527 | 60min_mae=2.043278 60min_rmse=4.686529 60min_mape=4.922221
[2026-09-06 16:58:09] INFO Checkpoint updated | epoch=15 | stage=standard | best_val_mae=1.654603 | path=C:\Users\clw\projects\researchRep\STAnchor-BlockMemory\artifacts\cross_dataset_stage1\pemsbay_baseonly_gwn_seed42\downstream_best.pt
[2026-09-06 17:00:17] INFO Epoch 016 | stage=standard | train_total=1.538591 | train_forecast=1.538591 | train_confidence=0.000000 | train_risk=0.000000 | train_blend=0.000000 | val_total=1.683201 | val_mae=1.678678 | val_rmse=3.847326 | val_mape=3.920038 | val_confidence=0.000000 | val_risk=0.000000 | val_blend=0.000000 | batches=1131/154 | seconds=128.57 | lr=[0.00095] | cuda_peak_mb=1083.3
[2026-09-06 17:00:17] INFO Val horizons | 15min_mae=1.384239 15min_rmse=2.884392 15min_mape=2.979569 | 30min_mae=1.740610 30min_rmse=3.928520 30min_mape=4.072496 | 60min_mae=2.084731 60min_rmse=4.800716 60min_mape=5.154396
[2026-09-06 17:02:25] INFO Epoch 017 | stage=standard | train_total=1.531633 | train_forecast=1.531633 | train_confidence=0.000000 | train_risk=0.000000 | train_blend=0.000000 | val_total=1.645411 | val_mae=1.640843 | val_rmse=3.771670 | val_mape=3.803452 | val_confidence=0.000000 | val_risk=0.000000 | val_blend=0.000000 | batches=1131/154 | seconds=128.33 | lr=[0.00095] | cuda_peak_mb=1083.3
[2026-09-06 17:02:25] INFO Val horizons | 15min_mae=1.359610 15min_rmse=2.845884 15min_mape=2.934434 | 30min_mae=1.706480 30min_rmse=3.856078 30min_mape=3.970974 | 60min_mae=2.026619 60min_rmse=4.676413 60min_mape=4.924473
[2026-09-06 17:02:25] INFO Checkpoint updated | epoch=17 | stage=standard | best_val_mae=1.640843 | path=C:\Users\clw\projects\researchRep\STAnchor-BlockMemory\artifacts\cross_dataset_stage1\pemsbay_baseonly_gwn_seed42\downstream_best.pt
[2026-09-06 17:04:34] INFO Epoch 018 | stage=standard | train_total=1.527073 | train_forecast=1.527073 | train_confidence=0.000000 | train_risk=0.000000 | train_blend=0.000000 | val_total=1.649790 | val_mae=1.645356 | val_rmse=3.745220 | val_mape=3.765706 | val_confidence=0.000000 | val_risk=0.000000 | val_blend=0.000000 | batches=1131/154 | seconds=128.34 | lr=[0.00095] | cuda_peak_mb=1083.3
[2026-09-06 17:04:34] INFO Val horizons | 15min_mae=1.369699 15min_rmse=2.863923 15min_mape=2.918999 | 30min_mae=1.712494 30min_rmse=3.822550 30min_mape=3.904221 | 60min_mae=2.025836 60min_rmse=4.654852 60min_mape=4.881930
[2026-09-06 17:06:42] INFO Epoch 019 | stage=standard | train_total=1.522712 | train_forecast=1.522712 | train_confidence=0.000000 | train_risk=0.000000 | train_blend=0.000000 | val_total=1.654040 | val_mae=1.649654 | val_rmse=3.765064 | val_mape=3.810946 | val_confidence=0.000000 | val_risk=0.000000 | val_blend=0.000000 | batches=1131/154 | seconds=128.44 | lr=[0.00095] | cuda_peak_mb=1083.3
[2026-09-06 17:06:42] INFO Val horizons | 15min_mae=1.363082 15min_rmse=2.850287 15min_mape=2.927010 | 30min_mae=1.715343 30min_rmse=3.850998 30min_mape=3.996709 | 60min_mae=2.043906 60min_rmse=4.673595 60min_mape=4.909877
[2026-09-06 17:08:51] INFO Epoch 020 | stage=standard | train_total=1.520575 | train_forecast=1.520575 | train_confidence=0.000000 | train_risk=0.000000 | train_blend=0.000000 | val_total=1.651988 | val_mae=1.646915 | val_rmse=3.754835 | val_mape=3.852070 | val_confidence=0.000000 | val_risk=0.000000 | val_blend=0.000000 | batches=1131/154 | seconds=128.36 | lr=[0.00095] | cuda_peak_mb=1083.3
[2026-09-06 17:08:51] INFO Val horizons | 15min_mae=1.373752 15min_rmse=2.857756 15min_mape=2.992403 | 30min_mae=1.722075 30min_rmse=3.875272 30min_mape=4.056036 | 60min_mae=2.008441 60min_rmse=4.601586 60min_mape=4.903612
[2026-09-06 17:10:59] INFO Epoch 021 | stage=standard | train_total=1.513385 | train_forecast=1.513385 | train_confidence=0.000000 | train_risk=0.000000 | train_blend=0.000000 | val_total=1.670503 | val_mae=1.666220 | val_rmse=3.832536 | val_mape=3.763485 | val_confidence=0.000000 | val_risk=0.000000 | val_blend=0.000000 | batches=1131/154 | seconds=128.48 | lr=[0.0009025] | cuda_peak_mb=1083.3
[2026-09-06 17:10:59] INFO Val horizons | 15min_mae=1.372727 15min_rmse=2.868547 15min_mape=2.906672 | 30min_mae=1.725373 30min_rmse=3.889970 30min_mape=3.890825 | 60min_mae=2.084802 60min_rmse=4.839269 60min_mape=4.934436
[2026-09-06 17:13:08] INFO Epoch 022 | stage=standard | train_total=1.511072 | train_forecast=1.511072 | train_confidence=0.000000 | train_risk=0.000000 | train_blend=0.000000 | val_total=1.641284 | val_mae=1.636611 | val_rmse=3.724092 | val_mape=3.734257 | val_confidence=0.000000 | val_risk=0.000000 | val_blend=0.000000 | batches=1131/154 | seconds=128.46 | lr=[0.0009025] | cuda_peak_mb=1083.3
[2026-09-06 17:13:08] INFO Val horizons | 15min_mae=1.358202 15min_rmse=2.830772 15min_mape=2.889671 | 30min_mae=1.707444 30min_rmse=3.825453 30min_mape=3.888077 | 60min_mae=2.007885 60min_rmse=4.592218 60min_mape=4.815668
[2026-09-06 17:13:08] INFO Checkpoint updated | epoch=22 | stage=standard | best_val_mae=1.636611 | path=C:\Users\clw\projects\researchRep\STAnchor-BlockMemory\artifacts\cross_dataset_stage1\pemsbay_baseonly_gwn_seed42\downstream_best.pt
[2026-09-06 17:15:16] INFO Epoch 023 | stage=standard | train_total=1.507803 | train_forecast=1.507803 | train_confidence=0.000000 | train_risk=0.000000 | train_blend=0.000000 | val_total=1.673649 | val_mae=1.668120 | val_rmse=3.810190 | val_mape=3.970565 | val_confidence=0.000000 | val_risk=0.000000 | val_blend=0.000000 | batches=1131/154 | seconds=128.47 | lr=[0.0009025] | cuda_peak_mb=1083.3
[2026-09-06 17:15:16] INFO Val horizons | 15min_mae=1.389686 15min_rmse=2.859318 15min_mape=3.075183 | 30min_mae=1.734581 30min_rmse=3.881882 30min_mape=4.138545 | 60min_mae=2.036305 60min_rmse=4.705220 60min_mape=5.055209
[2026-09-06 17:17:25] INFO Epoch 024 | stage=standard | train_total=1.503567 | train_forecast=1.503567 | train_confidence=0.000000 | train_risk=0.000000 | train_blend=0.000000 | val_total=1.630123 | val_mae=1.625553 | val_rmse=3.702616 | val_mape=3.715440 | val_confidence=0.000000 | val_risk=0.000000 | val_blend=0.000000 | batches=1131/154 | seconds=128.56 | lr=[0.0009025] | cuda_peak_mb=1083.3
[2026-09-06 17:17:25] INFO Val horizons | 15min_mae=1.360040 15min_rmse=2.832566 15min_mape=2.889985 | 30min_mae=1.693530 30min_rmse=3.797853 30min_mape=3.871585 | 60min_mae=1.990397 60min_rmse=4.563941 60min_mape=4.780163
[2026-09-06 17:17:25] INFO Checkpoint updated | epoch=24 | stage=standard | best_val_mae=1.625553 | path=C:\Users\clw\projects\researchRep\STAnchor-BlockMemory\artifacts\cross_dataset_stage1\pemsbay_baseonly_gwn_seed42\downstream_best.pt
[2026-09-06 17:19:33] INFO Epoch 025 | stage=standard | train_total=1.502553 | train_forecast=1.502553 | train_confidence=0.000000 | train_risk=0.000000 | train_blend=0.000000 | val_total=1.623331 | val_mae=1.618727 | val_rmse=3.695207 | val_mape=3.765235 | val_confidence=0.000000 | val_risk=0.000000 | val_blend=0.000000 | batches=1131/154 | seconds=128.50 | lr=[0.0009025] | cuda_peak_mb=1083.3
[2026-09-06 17:19:33] INFO Val horizons | 15min_mae=1.356326 15min_rmse=2.816902 15min_mape=2.945939 | 30min_mae=1.685945 30min_rmse=3.792051 30min_mape=3.945407 | 60min_mae=1.986539 60min_rmse=4.566765 60min_mape=4.841544
[2026-09-06 17:19:33] INFO Checkpoint updated | epoch=25 | stage=standard | best_val_mae=1.618727 | path=C:\Users\clw\projects\researchRep\STAnchor-BlockMemory\artifacts\cross_dataset_stage1\pemsbay_baseonly_gwn_seed42\downstream_best.pt
[2026-09-06 17:21:42] INFO Epoch 026 | stage=standard | train_total=1.499886 | train_forecast=1.499886 | train_confidence=0.000000 | train_risk=0.000000 | train_blend=0.000000 | val_total=1.648135 | val_mae=1.643550 | val_rmse=3.716141 | val_mape=3.758627 | val_confidence=0.000000 | val_risk=0.000000 | val_blend=0.000000 | batches=1131/154 | seconds=128.43 | lr=[0.0009025] | cuda_peak_mb=1083.3
[2026-09-06 17:21:42] INFO Val horizons | 15min_mae=1.363280 15min_rmse=2.817761 15min_mape=2.922764 | 30min_mae=1.710995 30min_rmse=3.798482 30min_mape=3.927213 | 60min_mae=2.021482 60min_rmse=4.589583 60min_mape=4.821047
[2026-09-06 17:23:50] INFO Epoch 027 | stage=standard | train_total=1.496333 | train_forecast=1.496333 | train_confidence=0.000000 | train_risk=0.000000 | train_blend=0.000000 | val_total=1.639579 | val_mae=1.633907 | val_rmse=3.730552 | val_mape=3.812978 | val_confidence=0.000000 | val_risk=0.000000 | val_blend=0.000000 | batches=1131/154 | seconds=128.60 | lr=[0.0009025] | cuda_peak_mb=1083.3
[2026-09-06 17:23:50] INFO Val horizons | 15min_mae=1.371477 15min_rmse=2.846245 15min_mape=3.021968 | 30min_mae=1.702321 30min_rmse=3.832033 30min_mape=3.986576 | 60min_mae=1.987405 60min_rmse=4.582301 60min_mape=4.799120
[2026-09-06 17:25:59] INFO Epoch 028 | stage=standard | train_total=1.491568 | train_forecast=1.491568 | train_confidence=0.000000 | train_risk=0.000000 | train_blend=0.000000 | val_total=1.637575 | val_mae=1.632979 | val_rmse=3.679663 | val_mape=3.749218 | val_confidence=0.000000 | val_risk=0.000000 | val_blend=0.000000 | batches=1131/154 | seconds=128.57 | lr=[0.0009025] | cuda_peak_mb=1083.3
[2026-09-06 17:25:59] INFO Val horizons | 15min_mae=1.361447 15min_rmse=2.819520 15min_mape=2.929001 | 30min_mae=1.697929 30min_rmse=3.774776 30min_mape=3.889371 | 60min_mae=2.018000 60min_rmse=4.548223 60min_mape=4.893124
[2026-09-06 17:28:07] INFO Epoch 029 | stage=standard | train_total=1.492462 | train_forecast=1.492462 | train_confidence=0.000000 | train_risk=0.000000 | train_blend=0.000000 | val_total=1.638621 | val_mae=1.633464 | val_rmse=3.725160 | val_mape=3.743774 | val_confidence=0.000000 | val_risk=0.000000 | val_blend=0.000000 | batches=1131/154 | seconds=128.67 | lr=[0.0009025] | cuda_peak_mb=1083.3
[2026-09-06 17:28:07] INFO Val horizons | 15min_mae=1.361918 15min_rmse=2.823322 15min_mape=2.934054 | 30min_mae=1.702730 30min_rmse=3.818636 30min_mape=3.940799 | 60min_mae=2.011661 60min_rmse=4.625405 60min_mape=4.779619
[2026-09-06 17:30:16] INFO Epoch 030 | stage=standard | train_total=1.487556 | train_forecast=1.487556 | train_confidence=0.000000 | train_risk=0.000000 | train_blend=0.000000 | val_total=1.626728 | val_mae=1.621965 | val_rmse=3.704685 | val_mape=3.722834 | val_confidence=0.000000 | val_risk=0.000000 | val_blend=0.000000 | batches=1131/154 | seconds=128.39 | lr=[0.0009025] | cuda_peak_mb=1083.3
[2026-09-06 17:30:16] INFO Val horizons | 15min_mae=1.357594 15min_rmse=2.820209 15min_mape=2.910831 | 30min_mae=1.690678 30min_rmse=3.810503 30min_mape=3.907194 | 60min_mae=1.985437 60min_rmse=4.567965 60min_mape=4.754165
[2026-09-06 17:32:24] INFO Epoch 031 | stage=standard | train_total=1.484022 | train_forecast=1.484022 | train_confidence=0.000000 | train_risk=0.000000 | train_blend=0.000000 | val_total=1.632018 | val_mae=1.627748 | val_rmse=3.711918 | val_mape=3.746296 | val_confidence=0.000000 | val_risk=0.000000 | val_blend=0.000000 | batches=1131/154 | seconds=128.45 | lr=[0.000857375] | cuda_peak_mb=1083.3
[2026-09-06 17:32:24] INFO Val horizons | 15min_mae=1.361851 15min_rmse=2.839169 15min_mape=2.918183 | 30min_mae=1.696783 30min_rmse=3.812014 30min_mape=3.929541 | 60min_mae=1.996086 60min_rmse=4.581685 60min_mape=4.798520
[2026-09-06 17:34:33] INFO Epoch 032 | stage=standard | train_total=1.483087 | train_forecast=1.483087 | train_confidence=0.000000 | train_risk=0.000000 | train_blend=0.000000 | val_total=1.635296 | val_mae=1.630478 | val_rmse=3.710906 | val_mape=3.757034 | val_confidence=0.000000 | val_risk=0.000000 | val_blend=0.000000 | batches=1131/154 | seconds=128.33 | lr=[0.000857375] | cuda_peak_mb=1083.3
[2026-09-06 17:34:33] INFO Val horizons | 15min_mae=1.360763 15min_rmse=2.829109 15min_mape=2.904732 | 30min_mae=1.698637 30min_rmse=3.798766 30min_mape=3.923071 | 60min_mae=1.998531 60min_rmse=4.593833 60min_mape=4.819147
[2026-09-06 17:36:41] INFO Epoch 033 | stage=standard | train_total=1.479220 | train_forecast=1.479220 | train_confidence=0.000000 | train_risk=0.000000 | train_blend=0.000000 | val_total=1.633401 | val_mae=1.628952 | val_rmse=3.732479 | val_mape=3.751507 | val_confidence=0.000000 | val_risk=0.000000 | val_blend=0.000000 | batches=1131/154 | seconds=128.19 | lr=[0.000857375] | cuda_peak_mb=1083.3
[2026-09-06 17:36:41] INFO Val horizons | 15min_mae=1.365193 15min_rmse=2.853505 15min_mape=2.971633 | 30min_mae=1.697522 30min_rmse=3.839610 30min_mape=3.950407 | 60min_mae=1.989947 60min_rmse=4.586294 60min_mape=4.731430
[2026-09-06 17:38:49] INFO Epoch 034 | stage=standard | train_total=1.477542 | train_forecast=1.477542 | train_confidence=0.000000 | train_risk=0.000000 | train_blend=0.000000 | val_total=1.624193 | val_mae=1.619714 | val_rmse=3.700008 | val_mape=3.678191 | val_confidence=0.000000 | val_risk=0.000000 | val_blend=0.000000 | batches=1131/154 | seconds=128.47 | lr=[0.000857375] | cuda_peak_mb=1083.3
[2026-09-06 17:38:49] INFO Val horizons | 15min_mae=1.355657 15min_rmse=2.830592 15min_mape=2.898614 | 30min_mae=1.686725 30min_rmse=3.795028 30min_mape=3.840305 | 60min_mae=1.983426 60min_rmse=4.560289 60min_mape=4.697030
[2026-09-06 17:40:58] INFO Epoch 035 | stage=standard | train_total=1.475842 | train_forecast=1.475842 | train_confidence=0.000000 | train_risk=0.000000 | train_blend=0.000000 | val_total=1.630809 | val_mae=1.625904 | val_rmse=3.679479 | val_mape=3.806670 | val_confidence=0.000000 | val_risk=0.000000 | val_blend=0.000000 | batches=1131/154 | seconds=128.39 | lr=[0.000857375] | cuda_peak_mb=1083.3
[2026-09-06 17:40:58] INFO Val horizons | 15min_mae=1.369694 15min_rmse=2.830297 15min_mape=3.025611 | 30min_mae=1.701640 30min_rmse=3.806476 30min_mape=4.001351 | 60min_mae=1.973238 60min_rmse=4.493491 60min_mape=4.811399
[2026-09-06 17:43:06] INFO Epoch 036 | stage=standard | train_total=1.475217 | train_forecast=1.475217 | train_confidence=0.000000 | train_risk=0.000000 | train_blend=0.000000 | val_total=1.619970 | val_mae=1.615550 | val_rmse=3.689117 | val_mape=3.678338 | val_confidence=0.000000 | val_risk=0.000000 | val_blend=0.000000 | batches=1131/154 | seconds=128.55 | lr=[0.000857375] | cuda_peak_mb=1083.3
[2026-09-06 17:43:06] INFO Val horizons | 15min_mae=1.348013 15min_rmse=2.807168 15min_mape=2.859560 | 30min_mae=1.681944 30min_rmse=3.777117 30min_mape=3.833970 | 60min_mae=1.987834 60min_rmse=4.574849 60min_mape=4.740289
[2026-09-06 17:43:06] INFO Checkpoint updated | epoch=36 | stage=standard | best_val_mae=1.615550 | path=C:\Users\clw\projects\researchRep\STAnchor-BlockMemory\artifacts\cross_dataset_stage1\pemsbay_baseonly_gwn_seed42\downstream_best.pt
[2026-09-06 17:45:15] INFO Epoch 037 | stage=standard | train_total=1.472359 | train_forecast=1.472359 | train_confidence=0.000000 | train_risk=0.000000 | train_blend=0.000000 | val_total=1.605989 | val_mae=1.600588 | val_rmse=3.665543 | val_mape=3.698857 | val_confidence=0.000000 | val_risk=0.000000 | val_blend=0.000000 | batches=1131/154 | seconds=128.43 | lr=[0.000857375] | cuda_peak_mb=1083.3
[2026-09-06 17:45:15] INFO Val horizons | 15min_mae=1.342488 15min_rmse=2.798026 15min_mape=2.878206 | 30min_mae=1.667039 30min_rmse=3.757296 30min_mape=3.862104 | 60min_mae=1.954887 60min_rmse=4.522814 60min_mape=4.729547
[2026-09-06 17:45:15] INFO Checkpoint updated | epoch=37 | stage=standard | best_val_mae=1.600588 | path=C:\Users\clw\projects\researchRep\STAnchor-BlockMemory\artifacts\cross_dataset_stage1\pemsbay_baseonly_gwn_seed42\downstream_best.pt
[2026-09-06 17:47:23] INFO Epoch 038 | stage=standard | train_total=1.469129 | train_forecast=1.469129 | train_confidence=0.000000 | train_risk=0.000000 | train_blend=0.000000 | val_total=1.640506 | val_mae=1.635516 | val_rmse=3.710326 | val_mape=3.806166 | val_confidence=0.000000 | val_risk=0.000000 | val_blend=0.000000 | batches=1131/154 | seconds=128.33 | lr=[0.000857375] | cuda_peak_mb=1083.3
[2026-09-06 17:47:23] INFO Val horizons | 15min_mae=1.364423 15min_rmse=2.812854 15min_mape=2.962888 | 30min_mae=1.705012 30min_rmse=3.797075 30min_mape=3.990216 | 60min_mae=2.004758 60min_rmse=4.599460 60min_mape=4.889075
[2026-09-06 17:49:32] INFO Epoch 039 | stage=standard | train_total=1.469686 | train_forecast=1.469686 | train_confidence=0.000000 | train_risk=0.000000 | train_blend=0.000000 | val_total=1.626133 | val_mae=1.621604 | val_rmse=3.712096 | val_mape=3.778047 | val_confidence=0.000000 | val_risk=0.000000 | val_blend=0.000000 | batches=1131/154 | seconds=128.48 | lr=[0.000857375] | cuda_peak_mb=1083.3
[2026-09-06 17:49:32] INFO Val horizons | 15min_mae=1.356879 15min_rmse=2.821618 15min_mape=2.957739 | 30min_mae=1.693321 30min_rmse=3.818503 30min_mape=3.968098 | 60min_mae=1.980827 60min_rmse=4.569116 60min_mape=4.806786
[2026-09-06 17:51:40] INFO Epoch 040 | stage=standard | train_total=1.466588 | train_forecast=1.466588 | train_confidence=0.000000 | train_risk=0.000000 | train_blend=0.000000 | val_total=1.630414 | val_mae=1.626197 | val_rmse=3.711084 | val_mape=3.700959 | val_confidence=0.000000 | val_risk=0.000000 | val_blend=0.000000 | batches=1131/154 | seconds=128.41 | lr=[0.000857375] | cuda_peak_mb=1083.3
[2026-09-06 17:51:40] INFO Val horizons | 15min_mae=1.356948 15min_rmse=2.812874 15min_mape=2.873226 | 30min_mae=1.694065 30min_rmse=3.803667 30min_mape=3.861168 | 60min_mae=1.993276 60min_rmse=4.586002 60min_mape=4.772655
[2026-09-06 17:53:48] INFO Epoch 041 | stage=standard | train_total=1.463170 | train_forecast=1.463170 | train_confidence=0.000000 | train_risk=0.000000 | train_blend=0.000000 | val_total=1.624672 | val_mae=1.619938 | val_rmse=3.673978 | val_mape=3.722434 | val_confidence=0.000000 | val_risk=0.000000 | val_blend=0.000000 | batches=1131/154 | seconds=128.45 | lr=[0.0008145062499999999] | cuda_peak_mb=1083.3
[2026-09-06 17:53:48] INFO Val horizons | 15min_mae=1.363842 15min_rmse=2.815695 15min_mape=2.930744 | 30min_mae=1.690600 30min_rmse=3.773190 30min_mape=3.888523 | 60min_mae=1.967986 60min_rmse=4.519058 60min_mape=4.745875
[2026-09-06 17:55:57] INFO Epoch 042 | stage=standard | train_total=1.462304 | train_forecast=1.462304 | train_confidence=0.000000 | train_risk=0.000000 | train_blend=0.000000 | val_total=1.625502 | val_mae=1.620774 | val_rmse=3.683238 | val_mape=3.666477 | val_confidence=0.000000 | val_risk=0.000000 | val_blend=0.000000 | batches=1131/154 | seconds=128.49 | lr=[0.0008145062499999999] | cuda_peak_mb=1083.3
[2026-09-06 17:55:57] INFO Val horizons | 15min_mae=1.353490 15min_rmse=2.813963 15min_mape=2.857087 | 30min_mae=1.691248 30min_rmse=3.786897 30min_mape=3.823277 | 60min_mae=1.986622 60min_rmse=4.538210 60min_mape=4.720862
[2026-09-06 17:58:05] INFO Epoch 043 | stage=standard | train_total=1.461905 | train_forecast=1.461905 | train_confidence=0.000000 | train_risk=0.000000 | train_blend=0.000000 | val_total=1.620466 | val_mae=1.616022 | val_rmse=3.705684 | val_mape=3.733947 | val_confidence=0.000000 | val_risk=0.000000 | val_blend=0.000000 | batches=1131/154 | seconds=128.30 | lr=[0.0008145062499999999] | cuda_peak_mb=1083.3
[2026-09-06 17:58:05] INFO Val horizons | 15min_mae=1.355354 15min_rmse=2.821707 15min_mape=2.933356 | 30min_mae=1.690256 30min_rmse=3.824650 30min_mape=3.951114 | 60min_mae=1.969854 60min_rmse=4.547336 60min_mape=4.728261
[2026-09-06 18:00:14] INFO Epoch 044 | stage=standard | train_total=1.460227 | train_forecast=1.460227 | train_confidence=0.000000 | train_risk=0.000000 | train_blend=0.000000 | val_total=1.630373 | val_mae=1.626334 | val_rmse=3.712547 | val_mape=3.702166 | val_confidence=0.000000 | val_risk=0.000000 | val_blend=0.000000 | batches=1131/154 | seconds=128.48 | lr=[0.0008145062499999999] | cuda_peak_mb=1083.3
[2026-09-06 18:00:14] INFO Val horizons | 15min_mae=1.355476 15min_rmse=2.825384 15min_mape=2.876996 | 30min_mae=1.694248 30min_rmse=3.804675 30min_mape=3.855656 | 60min_mae=2.001763 60min_rmse=4.595098 60min_mape=4.788465
[2026-09-06 18:02:22] INFO Epoch 045 | stage=standard | train_total=1.457449 | train_forecast=1.457449 | train_confidence=0.000000 | train_risk=0.000000 | train_blend=0.000000 | val_total=1.618641 | val_mae=1.614555 | val_rmse=3.693786 | val_mape=3.628372 | val_confidence=0.000000 | val_risk=0.000000 | val_blend=0.000000 | batches=1131/154 | seconds=128.43 | lr=[0.0008145062499999999] | cuda_peak_mb=1083.3
[2026-09-06 18:02:22] INFO Val horizons | 15min_mae=1.348681 15min_rmse=2.819946 15min_mape=2.845709 | 30min_mae=1.684209 30min_rmse=3.793872 30min_mape=3.790292 | 60min_mae=1.977058 60min_rmse=4.546044 60min_mape=4.635458
[2026-09-06 18:04:31] INFO Epoch 046 | stage=standard | train_total=1.456324 | train_forecast=1.456324 | train_confidence=0.000000 | train_risk=0.000000 | train_blend=0.000000 | val_total=1.626016 | val_mae=1.621584 | val_rmse=3.715932 | val_mape=3.671374 | val_confidence=0.000000 | val_risk=0.000000 | val_blend=0.000000 | batches=1131/154 | seconds=128.55 | lr=[0.0008145062499999999] | cuda_peak_mb=1083.3
[2026-09-06 18:04:31] INFO Val horizons | 15min_mae=1.350571 15min_rmse=2.821359 15min_mape=2.873025 | 30min_mae=1.686217 30min_rmse=3.801243 30min_mape=3.840065 | 60min_mae=2.000753 60min_rmse=4.615007 60min_mape=4.709161
[2026-09-06 18:06:39] INFO Epoch 047 | stage=standard | train_total=1.456264 | train_forecast=1.456264 | train_confidence=0.000000 | train_risk=0.000000 | train_blend=0.000000 | val_total=1.622869 | val_mae=1.617815 | val_rmse=3.700134 | val_mape=3.758339 | val_confidence=0.000000 | val_risk=0.000000 | val_blend=0.000000 | batches=1131/154 | seconds=128.71 | lr=[0.0008145062499999999] | cuda_peak_mb=1083.3
[2026-09-06 18:06:39] INFO Val horizons | 15min_mae=1.351960 15min_rmse=2.804948 15min_mape=2.914526 | 30min_mae=1.687222 30min_rmse=3.793068 30min_mape=3.915889 | 60min_mae=1.981273 60min_rmse=4.574395 60min_mape=4.872160
[2026-09-06 18:08:48] INFO Epoch 048 | stage=standard | train_total=1.453862 | train_forecast=1.453862 | train_confidence=0.000000 | train_risk=0.000000 | train_blend=0.000000 | val_total=1.622534 | val_mae=1.618286 | val_rmse=3.707981 | val_mape=3.696714 | val_confidence=0.000000 | val_risk=0.000000 | val_blend=0.000000 | batches=1131/154 | seconds=128.45 | lr=[0.0008145062499999999] | cuda_peak_mb=1083.3
[2026-09-06 18:08:48] INFO Val horizons | 15min_mae=1.354832 15min_rmse=2.830561 15min_mape=2.897278 | 30min_mae=1.685884 30min_rmse=3.810229 30min_mape=3.858402 | 60min_mae=1.982015 60min_rmse=4.570117 60min_mape=4.747125
[2026-09-06 18:10:56] INFO Epoch 049 | stage=standard | train_total=1.452910 | train_forecast=1.452910 | train_confidence=0.000000 | train_risk=0.000000 | train_blend=0.000000 | val_total=1.619051 | val_mae=1.614357 | val_rmse=3.668976 | val_mape=3.686580 | val_confidence=0.000000 | val_risk=0.000000 | val_blend=0.000000 | batches=1131/154 | seconds=128.41 | lr=[0.0008145062499999999] | cuda_peak_mb=1083.3
[2026-09-06 18:10:56] INFO Val horizons | 15min_mae=1.347317 15min_rmse=2.793402 15min_mape=2.867436 | 30min_mae=1.680047 30min_rmse=3.753946 30min_mape=3.856612 | 60min_mae=1.980064 60min_rmse=4.535715 60min_mape=4.725563
[2026-09-06 18:13:05] INFO Epoch 050 | stage=standard | train_total=1.451622 | train_forecast=1.451622 | train_confidence=0.000000 | train_risk=0.000000 | train_blend=0.000000 | val_total=1.637670 | val_mae=1.633708 | val_rmse=3.734118 | val_mape=3.734429 | val_confidence=0.000000 | val_risk=0.000000 | val_blend=0.000000 | batches=1131/154 | seconds=128.49 | lr=[0.0008145062499999999] | cuda_peak_mb=1083.3
[2026-09-06 18:13:05] INFO Val horizons | 15min_mae=1.354711 15min_rmse=2.843199 15min_mape=2.887566 | 30min_mae=1.695670 30min_rmse=3.816841 30min_mape=3.871443 | 60min_mae=2.016836 60min_rmse=4.621610 60min_mape=4.859178
[2026-09-06 18:13:05] INFO Downstream training finished | best_val_mae=1.600588 | checkpoint=C:\Users\clw\projects\researchRep\STAnchor-BlockMemory\artifacts\cross_dataset_stage1\pemsbay_baseonly_gwn_seed42\downstream_best.pt
