[2026-09-10 09:35:49] INFO Downstream start | run=cross_dataset_final/pems08_finetuned_router_gwn_seed42 | device=cuda:0 (requested=cuda:0) | seed=42 | output=C:\Users\clw\projects\researchRep\STAnchor-BlockMemory\artifacts\cross_dataset_final\pems08_finetuned_router_gwn_seed42
[2026-09-10 09:35:49] INFO Mode | downstream_mode=learned_topk_error_aware | training_protocol=posthoc_frozen_base | candidate_protocol=weekday_radius1_overlap
[2026-09-10 09:35:49] INFO Downstream initialization | seed=42 | state_hash=58430904b8b28bfc
[2026-09-10 09:35:49] INFO Frozen base | checkpoint=C:\Users\clw\projects\researchRep\STAnchor-BlockMemory\artifacts\cross_dataset_final\pems08_baseonly_gwn_seed42\downstream_best.pt | fingerprint=df170b30f663801d
[2026-09-10 09:35:49] INFO Data | steps=17856 | nodes=170 | channels=1 | training_scope=full_train | memory/post_memory/train_selected/val/test=8540/3660/12200/1486/3273
[2026-09-10 09:35:49] INFO Bank/retrieval | dataset=pems08_finetuned_queue | events=8540 | nodes=170 | retrieval_dim=64 | event_top_r=96 | node_top_k=12 | key_dtype=float16
[2026-09-10 09:35:49] INFO Parameters | downstream_total=1,188,590 | downstream_trainable=879,693 | backbone=0 | confidence_head=0 | fusion=0 | frozen_pretrained=958,704
[2026-09-10 09:35:49] INFO Optimization | epochs=50 | batch_size=32 | optimizer=adam | lr=0.001 | weight_decay=0.0001 | scheduler=step_lr | step_size=10 | gamma=0.950 | confidence_weight=0.000 | patience=10 | early_stopping=disabled
[2026-09-10 09:35:51] INFO Stage start | stage=posthoc_calibrator | epochs=50 | optimizer_lrs=[0.001]
[2026-09-10 09:38:41] INFO Epoch 001 | stage=posthoc_calibrator | train_total=1.094922 | train_forecast=1.094922 | train_confidence=0.000000 | train_risk=0.000000 | train_blend=0.000000 | val_total=1.320326 | val_mae=1.318591 | val_rmse=3.508835 | val_mape=2.923361 | val_confidence=0.000000 | val_risk=0.000000 | val_blend=0.000000 | batches=382/47 | seconds=170.70 | lr=[0.001] | cuda_peak_mb=1373.2
[2026-09-10 09:38:41] INFO Val horizons | 15min_mae=1.091700 15min_rmse=2.564768 15min_mape=2.186327 | 30min_mae=1.368641 30min_rmse=3.581794 30min_mape=3.038866 | 60min_mae=1.621780 60min_rmse=4.359544 60min_mape=3.835493
[2026-09-10 09:38:41] INFO Checkpoint updated | epoch=1 | stage=posthoc_calibrator | best_val_mae=1.318591 | path=C:\Users\clw\projects\researchRep\STAnchor-BlockMemory\artifacts\cross_dataset_final\pems08_finetuned_router_gwn_seed42\downstream_best.pt
[2026-09-10 09:39:09] INFO Epoch 002 | stage=posthoc_calibrator | train_total=1.083674 | train_forecast=1.083674 | train_confidence=0.000000 | train_risk=0.000000 | train_blend=0.000000 | val_total=1.318868 | val_mae=1.317299 | val_rmse=3.511572 | val_mape=2.931827 | val_confidence=0.000000 | val_risk=0.000000 | val_blend=0.000000 | batches=382/47 | seconds=27.77 | lr=[0.001] | cuda_peak_mb=1173.7
[2026-09-10 09:39:09] INFO Val horizons | 15min_mae=1.090485 15min_rmse=2.563150 15min_mape=2.187777 | 30min_mae=1.366269 30min_rmse=3.577429 30min_mape=3.041167 | 60min_mae=1.620768 60min_rmse=4.373322 60min_mape=3.859612
[2026-09-10 09:39:09] INFO Checkpoint updated | epoch=2 | stage=posthoc_calibrator | best_val_mae=1.317299 | path=C:\Users\clw\projects\researchRep\STAnchor-BlockMemory\artifacts\cross_dataset_final\pems08_finetuned_router_gwn_seed42\downstream_best.pt
[2026-09-10 09:39:37] INFO Epoch 003 | stage=posthoc_calibrator | train_total=1.077951 | train_forecast=1.077951 | train_confidence=0.000000 | train_risk=0.000000 | train_blend=0.000000 | val_total=1.317941 | val_mae=1.316263 | val_rmse=3.517523 | val_mape=2.946494 | val_confidence=0.000000 | val_risk=0.000000 | val_blend=0.000000 | batches=382/47 | seconds=27.85 | lr=[0.001] | cuda_peak_mb=1172.5
[2026-09-10 09:39:37] INFO Val horizons | 15min_mae=1.087365 15min_rmse=2.554727 15min_mape=2.190502 | 30min_mae=1.362924 30min_rmse=3.566841 30min_mape=3.053161 | 60min_mae=1.628517 60min_rmse=4.422000 60min_mape=3.909916
[2026-09-10 09:39:37] INFO Checkpoint updated | epoch=3 | stage=posthoc_calibrator | best_val_mae=1.316263 | path=C:\Users\clw\projects\researchRep\STAnchor-BlockMemory\artifacts\cross_dataset_final\pems08_finetuned_router_gwn_seed42\downstream_best.pt
[2026-09-10 09:40:05] INFO Epoch 004 | stage=posthoc_calibrator | train_total=1.074331 | train_forecast=1.074331 | train_confidence=0.000000 | train_risk=0.000000 | train_blend=0.000000 | val_total=1.316328 | val_mae=1.314437 | val_rmse=3.517639 | val_mape=2.956949 | val_confidence=0.000000 | val_risk=0.000000 | val_blend=0.000000 | batches=382/47 | seconds=27.89 | lr=[0.001] | cuda_peak_mb=1172.7
[2026-09-10 09:40:05] INFO Val horizons | 15min_mae=1.085423 15min_rmse=2.549612 15min_mape=2.194815 | 30min_mae=1.360931 30min_rmse=3.566126 30min_mape=3.066603 | 60min_mae=1.626328 60min_rmse=4.424397 60min_mape=3.925085
[2026-09-10 09:40:05] INFO Checkpoint updated | epoch=4 | stage=posthoc_calibrator | best_val_mae=1.314437 | path=C:\Users\clw\projects\researchRep\STAnchor-BlockMemory\artifacts\cross_dataset_final\pems08_finetuned_router_gwn_seed42\downstream_best.pt
[2026-09-10 09:40:33] INFO Epoch 005 | stage=posthoc_calibrator | train_total=1.071968 | train_forecast=1.071968 | train_confidence=0.000000 | train_risk=0.000000 | train_blend=0.000000 | val_total=1.328088 | val_mae=1.325689 | val_rmse=3.565948 | val_mape=3.044371 | val_confidence=0.000000 | val_risk=0.000000 | val_blend=0.000000 | batches=382/47 | seconds=27.81 | lr=[0.001] | cuda_peak_mb=1173.7
[2026-09-10 09:40:33] INFO Val horizons | 15min_mae=1.090787 15min_rmse=2.563828 15min_mape=2.238960 | 30min_mae=1.370587 30min_rmse=3.593373 30min_mape=3.150803 | 60min_mae=1.650783 60min_rmse=4.539454 60min_mape=4.090677
[2026-09-10 09:41:01] INFO Epoch 006 | stage=posthoc_calibrator | train_total=1.070937 | train_forecast=1.070937 | train_confidence=0.000000 | train_risk=0.000000 | train_blend=0.000000 | val_total=1.316348 | val_mae=1.314488 | val_rmse=3.529162 | val_mape=2.969305 | val_confidence=0.000000 | val_risk=0.000000 | val_blend=0.000000 | batches=382/47 | seconds=27.76 | lr=[0.001] | cuda_peak_mb=1172.6
[2026-09-10 09:41:01] INFO Val horizons | 15min_mae=1.086002 15min_rmse=2.554437 15min_mape=2.204150 | 30min_mae=1.362622 30min_rmse=3.580247 30min_mape=3.083210 | 60min_mae=1.624446 60min_rmse=4.439122 60min_mape=3.938407
[2026-09-10 09:41:28] INFO Epoch 007 | stage=posthoc_calibrator | train_total=1.069246 | train_forecast=1.069246 | train_confidence=0.000000 | train_risk=0.000000 | train_blend=0.000000 | val_total=1.315179 | val_mae=1.313255 | val_rmse=3.521549 | val_mape=2.961563 | val_confidence=0.000000 | val_risk=0.000000 | val_blend=0.000000 | batches=382/47 | seconds=27.72 | lr=[0.001] | cuda_peak_mb=1172.5
[2026-09-10 09:41:28] INFO Val horizons | 15min_mae=1.084593 15min_rmse=2.547908 15min_mape=2.197979 | 30min_mae=1.360396 30min_rmse=3.567574 30min_mape=3.073007 | 60min_mae=1.622931 60min_rmse=4.434107 60min_mape=3.929157
[2026-09-10 09:41:28] INFO Checkpoint updated | epoch=7 | stage=posthoc_calibrator | best_val_mae=1.313255 | path=C:\Users\clw\projects\researchRep\STAnchor-BlockMemory\artifacts\cross_dataset_final\pems08_finetuned_router_gwn_seed42\downstream_best.pt
[2026-09-10 09:41:56] INFO Epoch 008 | stage=posthoc_calibrator | train_total=1.068747 | train_forecast=1.068747 | train_confidence=0.000000 | train_risk=0.000000 | train_blend=0.000000 | val_total=1.309319 | val_mae=1.307529 | val_rmse=3.496869 | val_mape=2.914828 | val_confidence=0.000000 | val_risk=0.000000 | val_blend=0.000000 | batches=382/47 | seconds=27.76 | lr=[0.001] | cuda_peak_mb=1172.7
[2026-09-10 09:41:56] INFO Val horizons | 15min_mae=1.081770 15min_rmse=2.544653 15min_mape=2.174070 | 30min_mae=1.353996 30min_rmse=3.549432 30min_mape=3.022224 | 60min_mae=1.612767 60min_rmse=4.380617 60min_mape=3.850094
[2026-09-10 09:41:56] INFO Checkpoint updated | epoch=8 | stage=posthoc_calibrator | best_val_mae=1.307529 | path=C:\Users\clw\projects\researchRep\STAnchor-BlockMemory\artifacts\cross_dataset_final\pems08_finetuned_router_gwn_seed42\downstream_best.pt
[2026-09-10 09:42:24] INFO Epoch 009 | stage=posthoc_calibrator | train_total=1.068334 | train_forecast=1.068334 | train_confidence=0.000000 | train_risk=0.000000 | train_blend=0.000000 | val_total=1.311071 | val_mae=1.309194 | val_rmse=3.516881 | val_mape=2.955671 | val_confidence=0.000000 | val_risk=0.000000 | val_blend=0.000000 | batches=382/47 | seconds=27.71 | lr=[0.001] | cuda_peak_mb=1173.7
[2026-09-10 09:42:24] INFO Val horizons | 15min_mae=1.083201 15min_rmse=2.550582 15min_mape=2.199384 | 30min_mae=1.355752 30min_rmse=3.563999 30min_mape=3.066401 | 60min_mae=1.616451 60min_rmse=4.421575 60min_mape=3.914978
[2026-09-10 09:42:52] INFO Epoch 010 | stage=posthoc_calibrator | train_total=1.068048 | train_forecast=1.068048 | train_confidence=0.000000 | train_risk=0.000000 | train_blend=0.000000 | val_total=1.312401 | val_mae=1.310654 | val_rmse=3.513315 | val_mape=2.930612 | val_confidence=0.000000 | val_risk=0.000000 | val_blend=0.000000 | batches=382/47 | seconds=27.72 | lr=[0.001] | cuda_peak_mb=1172.6
[2026-09-10 09:42:52] INFO Val horizons | 15min_mae=1.084152 15min_rmse=2.546486 15min_mape=2.187926 | 30min_mae=1.358461 30min_rmse=3.561291 30min_mape=3.041525 | 60min_mae=1.616127 60min_rmse=4.414888 60min_mape=3.867504
[2026-09-10 09:43:19] INFO Epoch 011 | stage=posthoc_calibrator | train_total=1.067254 | train_forecast=1.067254 | train_confidence=0.000000 | train_risk=0.000000 | train_blend=0.000000 | val_total=1.314857 | val_mae=1.312985 | val_rmse=3.531619 | val_mape=2.963718 | val_confidence=0.000000 | val_risk=0.000000 | val_blend=0.000000 | batches=382/47 | seconds=27.74 | lr=[0.00095] | cuda_peak_mb=1172.5
[2026-09-10 09:43:19] INFO Val horizons | 15min_mae=1.085135 15min_rmse=2.556071 15min_mape=2.201809 | 30min_mae=1.360959 30min_rmse=3.581581 30min_mape=3.077988 | 60min_mae=1.620353 60min_rmse=4.439477 60min_mape=3.922867
[2026-09-10 09:43:47] INFO Epoch 012 | stage=posthoc_calibrator | train_total=1.066774 | train_forecast=1.066774 | train_confidence=0.000000 | train_risk=0.000000 | train_blend=0.000000 | val_total=1.311381 | val_mae=1.309625 | val_rmse=3.517563 | val_mape=2.942591 | val_confidence=0.000000 | val_risk=0.000000 | val_blend=0.000000 | batches=382/47 | seconds=27.74 | lr=[0.00095] | cuda_peak_mb=1172.7
[2026-09-10 09:43:47] INFO Val horizons | 15min_mae=1.082606 15min_rmse=2.546342 15min_mape=2.190392 | 30min_mae=1.356577 30min_rmse=3.566260 30min_mape=3.055018 | 60min_mae=1.616899 60min_rmse=4.420755 60min_mape=3.890507
[2026-09-10 09:44:15] INFO Epoch 013 | stage=posthoc_calibrator | train_total=1.066214 | train_forecast=1.066214 | train_confidence=0.000000 | train_risk=0.000000 | train_blend=0.000000 | val_total=1.312552 | val_mae=1.310584 | val_rmse=3.513995 | val_mape=2.961570 | val_confidence=0.000000 | val_risk=0.000000 | val_blend=0.000000 | batches=382/47 | seconds=27.79 | lr=[0.00095] | cuda_peak_mb=1173.7
[2026-09-10 09:44:15] INFO Val horizons | 15min_mae=1.082560 15min_rmse=2.542607 15min_mape=2.198096 | 30min_mae=1.356014 30min_rmse=3.553692 30min_mape=3.066494 | 60min_mae=1.621482 60min_rmse=4.432696 60min_mape=3.937508
[2026-09-10 09:44:43] INFO Epoch 014 | stage=posthoc_calibrator | train_total=1.066040 | train_forecast=1.066040 | train_confidence=0.000000 | train_risk=0.000000 | train_blend=0.000000 | val_total=1.309886 | val_mae=1.308047 | val_rmse=3.509379 | val_mape=2.937776 | val_confidence=0.000000 | val_risk=0.000000 | val_blend=0.000000 | batches=382/47 | seconds=27.69 | lr=[0.00095] | cuda_peak_mb=1172.6
[2026-09-10 09:44:43] INFO Val horizons | 15min_mae=1.080910 15min_rmse=2.544640 15min_mape=2.184653 | 30min_mae=1.354662 30min_rmse=3.558439 30min_mape=3.050477 | 60min_mae=1.615541 60min_rmse=4.407870 60min_mape=3.885563
[2026-09-10 09:45:10] INFO Epoch 015 | stage=posthoc_calibrator | train_total=1.065995 | train_forecast=1.065995 | train_confidence=0.000000 | train_risk=0.000000 | train_blend=0.000000 | val_total=1.314208 | val_mae=1.312192 | val_rmse=3.524842 | val_mape=2.966036 | val_confidence=0.000000 | val_risk=0.000000 | val_blend=0.000000 | batches=382/47 | seconds=27.72 | lr=[0.00095] | cuda_peak_mb=1172.5
[2026-09-10 09:45:10] INFO Val horizons | 15min_mae=1.082937 15min_rmse=2.547729 15min_mape=2.195802 | 30min_mae=1.357955 30min_rmse=3.566444 30min_mape=3.073141 | 60min_mae=1.624390 60min_rmse=4.445908 60min_mape=3.945075
[2026-09-10 09:45:38] INFO Epoch 016 | stage=posthoc_calibrator | train_total=1.066094 | train_forecast=1.066094 | train_confidence=0.000000 | train_risk=0.000000 | train_blend=0.000000 | val_total=1.308319 | val_mae=1.306546 | val_rmse=3.506613 | val_mape=2.930527 | val_confidence=0.000000 | val_risk=0.000000 | val_blend=0.000000 | batches=382/47 | seconds=27.72 | lr=[0.00095] | cuda_peak_mb=1172.7
[2026-09-10 09:45:38] INFO Val horizons | 15min_mae=1.080909 15min_rmse=2.546489 15min_mape=2.187819 | 30min_mae=1.352831 30min_rmse=3.556941 30min_mape=3.041383 | 60min_mae=1.612714 60min_rmse=4.400179 60min_mape=3.866951
[2026-09-10 09:45:38] INFO Checkpoint updated | epoch=16 | stage=posthoc_calibrator | best_val_mae=1.306546 | path=C:\Users\clw\projects\researchRep\STAnchor-BlockMemory\artifacts\cross_dataset_final\pems08_finetuned_router_gwn_seed42\downstream_best.pt
[2026-09-10 09:46:06] INFO Epoch 017 | stage=posthoc_calibrator | train_total=1.065353 | train_forecast=1.065353 | train_confidence=0.000000 | train_risk=0.000000 | train_blend=0.000000 | val_total=1.312633 | val_mae=1.310768 | val_rmse=3.525073 | val_mape=2.953321 | val_confidence=0.000000 | val_risk=0.000000 | val_blend=0.000000 | batches=382/47 | seconds=27.75 | lr=[0.00095] | cuda_peak_mb=1173.7
[2026-09-10 09:46:06] INFO Val horizons | 15min_mae=1.084026 15min_rmse=2.551401 15min_mape=2.191891 | 30min_mae=1.358666 30min_rmse=3.573571 30min_mape=3.065643 | 60min_mae=1.617106 60min_rmse=4.433212 60min_mape=3.912444
[2026-09-10 09:46:34] INFO Epoch 018 | stage=posthoc_calibrator | train_total=1.065551 | train_forecast=1.065551 | train_confidence=0.000000 | train_risk=0.000000 | train_blend=0.000000 | val_total=1.316407 | val_mae=1.314379 | val_rmse=3.531601 | val_mape=2.981220 | val_confidence=0.000000 | val_risk=0.000000 | val_blend=0.000000 | batches=382/47 | seconds=27.75 | lr=[0.00095] | cuda_peak_mb=1172.6
[2026-09-10 09:46:34] INFO Val horizons | 15min_mae=1.084713 15min_rmse=2.554433 15min_mape=2.214814 | 30min_mae=1.360310 30min_rmse=3.572744 30min_mape=3.096161 | 60min_mae=1.628063 60min_rmse=4.457069 60min_mape=3.956109
[2026-09-10 09:47:01] INFO Epoch 019 | stage=posthoc_calibrator | train_total=1.064662 | train_forecast=1.064662 | train_confidence=0.000000 | train_risk=0.000000 | train_blend=0.000000 | val_total=1.312383 | val_mae=1.310606 | val_rmse=3.534675 | val_mape=2.959287 | val_confidence=0.000000 | val_risk=0.000000 | val_blend=0.000000 | batches=382/47 | seconds=27.74 | lr=[0.00095] | cuda_peak_mb=1172.5
[2026-09-10 09:47:01] INFO Val horizons | 15min_mae=1.083700 15min_rmse=2.555257 15min_mape=2.205065 | 30min_mae=1.357351 30min_rmse=3.577591 30min_mape=3.073350 | 60min_mae=1.619444 60min_rmse=4.457406 60min_mape=3.915702
[2026-09-10 09:47:29] INFO Epoch 020 | stage=posthoc_calibrator | train_total=1.065261 | train_forecast=1.065261 | train_confidence=0.000000 | train_risk=0.000000 | train_blend=0.000000 | val_total=1.309342 | val_mae=1.307486 | val_rmse=3.512783 | val_mape=2.936929 | val_confidence=0.000000 | val_risk=0.000000 | val_blend=0.000000 | batches=382/47 | seconds=27.72 | lr=[0.00095] | cuda_peak_mb=1172.7
[2026-09-10 09:47:29] INFO Val horizons | 15min_mae=1.081960 15min_rmse=2.547070 15min_mape=2.187166 | 30min_mae=1.354611 30min_rmse=3.560262 30min_mape=3.046360 | 60min_mae=1.613547 60min_rmse=4.413300 60min_mape=3.885928
[2026-09-10 09:47:57] INFO Epoch 021 | stage=posthoc_calibrator | train_total=1.064603 | train_forecast=1.064603 | train_confidence=0.000000 | train_risk=0.000000 | train_blend=0.000000 | val_total=1.307821 | val_mae=1.305883 | val_rmse=3.501307 | val_mape=2.945023 | val_confidence=0.000000 | val_risk=0.000000 | val_blend=0.000000 | batches=382/47 | seconds=27.68 | lr=[0.0009025] | cuda_peak_mb=1173.7
[2026-09-10 09:47:57] INFO Val horizons | 15min_mae=1.080619 15min_rmse=2.540969 15min_mape=2.190200 | 30min_mae=1.353164 30min_rmse=3.549982 30min_mape=3.058402 | 60min_mae=1.611394 60min_rmse=4.402371 60min_mape=3.898434
[2026-09-10 09:47:57] INFO Checkpoint updated | epoch=21 | stage=posthoc_calibrator | best_val_mae=1.305883 | path=C:\Users\clw\projects\researchRep\STAnchor-BlockMemory\artifacts\cross_dataset_final\pems08_finetuned_router_gwn_seed42\downstream_best.pt
[2026-09-10 09:48:25] INFO Epoch 022 | stage=posthoc_calibrator | train_total=1.064329 | train_forecast=1.064329 | train_confidence=0.000000 | train_risk=0.000000 | train_blend=0.000000 | val_total=1.315158 | val_mae=1.313313 | val_rmse=3.541659 | val_mape=2.969310 | val_confidence=0.000000 | val_risk=0.000000 | val_blend=0.000000 | batches=382/47 | seconds=27.73 | lr=[0.0009025] | cuda_peak_mb=1172.6
[2026-09-10 09:48:25] INFO Val horizons | 15min_mae=1.084898 15min_rmse=2.554127 15min_mape=2.206902 | 30min_mae=1.359866 30min_rmse=3.581965 30min_mape=3.081581 | 60min_mae=1.623528 60min_rmse=4.470108 60min_mape=3.932826
[2026-09-10 09:48:52] INFO Epoch 023 | stage=posthoc_calibrator | train_total=1.063730 | train_forecast=1.063730 | train_confidence=0.000000 | train_risk=0.000000 | train_blend=0.000000 | val_total=1.311036 | val_mae=1.309083 | val_rmse=3.522491 | val_mape=2.953227 | val_confidence=0.000000 | val_risk=0.000000 | val_blend=0.000000 | batches=382/47 | seconds=27.65 | lr=[0.0009025] | cuda_peak_mb=1172.5
[2026-09-10 09:48:52] INFO Val horizons | 15min_mae=1.082268 15min_rmse=2.549809 15min_mape=2.195032 | 30min_mae=1.356826 30min_rmse=3.571887 30min_mape=3.066469 | 60min_mae=1.615771 60min_rmse=4.430031 60min_mape=3.910476
[2026-09-10 09:49:20] INFO Epoch 024 | stage=posthoc_calibrator | train_total=1.064028 | train_forecast=1.064028 | train_confidence=0.000000 | train_risk=0.000000 | train_blend=0.000000 | val_total=1.313611 | val_mae=1.311757 | val_rmse=3.531545 | val_mape=2.960510 | val_confidence=0.000000 | val_risk=0.000000 | val_blend=0.000000 | batches=382/47 | seconds=27.66 | lr=[0.0009025] | cuda_peak_mb=1172.7
[2026-09-10 09:49:20] INFO Val horizons | 15min_mae=1.083147 15min_rmse=2.551111 15min_mape=2.199301 | 30min_mae=1.358767 30min_rmse=3.576112 30min_mape=3.073193 | 60min_mae=1.621830 60min_rmse=4.452240 60min_mape=3.925333
[2026-09-10 09:49:48] INFO Epoch 025 | stage=posthoc_calibrator | train_total=1.064018 | train_forecast=1.064018 | train_confidence=0.000000 | train_risk=0.000000 | train_blend=0.000000 | val_total=1.310989 | val_mae=1.309212 | val_rmse=3.525140 | val_mape=2.948904 | val_confidence=0.000000 | val_risk=0.000000 | val_blend=0.000000 | batches=382/47 | seconds=27.67 | lr=[0.0009025] | cuda_peak_mb=1173.7
[2026-09-10 09:49:48] INFO Val horizons | 15min_mae=1.083626 15min_rmse=2.557504 15min_mape=2.202147 | 30min_mae=1.355649 30min_rmse=3.572720 30min_mape=3.060601 | 60min_mae=1.615671 60min_rmse=4.430741 60min_mape=3.895132
[2026-09-10 09:50:15] INFO Epoch 026 | stage=posthoc_calibrator | train_total=1.063793 | train_forecast=1.063793 | train_confidence=0.000000 | train_risk=0.000000 | train_blend=0.000000 | val_total=1.310241 | val_mae=1.308363 | val_rmse=3.523914 | val_mape=2.955458 | val_confidence=0.000000 | val_risk=0.000000 | val_blend=0.000000 | batches=382/47 | seconds=27.68 | lr=[0.0009025] | cuda_peak_mb=1172.6
[2026-09-10 09:50:15] INFO Val horizons | 15min_mae=1.082121 15min_rmse=2.550196 15min_mape=2.195437 | 30min_mae=1.356280 30min_rmse=3.573042 30min_mape=3.070911 | 60min_mae=1.613612 60min_rmse=4.429989 60min_mape=3.911878
[2026-09-10 09:50:43] INFO Epoch 027 | stage=posthoc_calibrator | train_total=1.063581 | train_forecast=1.063581 | train_confidence=0.000000 | train_risk=0.000000 | train_blend=0.000000 | val_total=1.308702 | val_mae=1.306878 | val_rmse=3.516958 | val_mape=2.937942 | val_confidence=0.000000 | val_risk=0.000000 | val_blend=0.000000 | batches=382/47 | seconds=27.70 | lr=[0.0009025] | cuda_peak_mb=1172.5
[2026-09-10 09:50:43] INFO Val horizons | 15min_mae=1.080697 15min_rmse=2.548932 15min_mape=2.181727 | 30min_mae=1.353878 30min_rmse=3.567755 30min_mape=3.044751 | 60min_mae=1.611847 60min_rmse=4.415308 60min_mape=3.889961
[2026-09-10 09:51:11] INFO Epoch 028 | stage=posthoc_calibrator | train_total=1.063603 | train_forecast=1.063603 | train_confidence=0.000000 | train_risk=0.000000 | train_blend=0.000000 | val_total=1.311876 | val_mae=1.310084 | val_rmse=3.532738 | val_mape=2.954999 | val_confidence=0.000000 | val_risk=0.000000 | val_blend=0.000000 | batches=382/47 | seconds=27.72 | lr=[0.0009025] | cuda_peak_mb=1172.7
[2026-09-10 09:51:11] INFO Val horizons | 15min_mae=1.083036 15min_rmse=2.552374 15min_mape=2.196466 | 30min_mae=1.357820 30min_rmse=3.578576 30min_mape=3.068598 | 60min_mae=1.617165 60min_rmse=4.450837 60min_mape=3.913033
[2026-09-10 09:51:38] INFO Epoch 029 | stage=posthoc_calibrator | train_total=1.063539 | train_forecast=1.063539 | train_confidence=0.000000 | train_risk=0.000000 | train_blend=0.000000 | val_total=1.312348 | val_mae=1.310608 | val_rmse=3.538947 | val_mape=2.962189 | val_confidence=0.000000 | val_risk=0.000000 | val_blend=0.000000 | batches=382/47 | seconds=27.67 | lr=[0.0009025] | cuda_peak_mb=1173.7
[2026-09-10 09:51:38] INFO Val horizons | 15min_mae=1.083449 15min_rmse=2.555567 15min_mape=2.209147 | 30min_mae=1.357322 30min_rmse=3.581133 30min_mape=3.075663 | 60min_mae=1.619336 60min_rmse=4.468254 60min_mape=3.921721
[2026-09-10 09:52:06] INFO Epoch 030 | stage=posthoc_calibrator | train_total=1.063085 | train_forecast=1.063085 | train_confidence=0.000000 | train_risk=0.000000 | train_blend=0.000000 | val_total=1.311592 | val_mae=1.309741 | val_rmse=3.528674 | val_mape=2.964089 | val_confidence=0.000000 | val_risk=0.000000 | val_blend=0.000000 | batches=382/47 | seconds=27.65 | lr=[0.0009025] | cuda_peak_mb=1172.6
[2026-09-10 09:52:06] INFO Val horizons | 15min_mae=1.083242 15min_rmse=2.551884 15min_mape=2.205647 | 30min_mae=1.357825 30min_rmse=3.576477 30min_mape=3.083145 | 60min_mae=1.615394 60min_rmse=4.440711 60min_mape=3.916743
[2026-09-10 09:52:34] INFO Epoch 031 | stage=posthoc_calibrator | train_total=1.063397 | train_forecast=1.063397 | train_confidence=0.000000 | train_risk=0.000000 | train_blend=0.000000 | val_total=1.309427 | val_mae=1.307608 | val_rmse=3.523799 | val_mape=2.947563 | val_confidence=0.000000 | val_risk=0.000000 | val_blend=0.000000 | batches=382/47 | seconds=27.68 | lr=[0.000857375] | cuda_peak_mb=1172.5
[2026-09-10 09:52:34] INFO Val horizons | 15min_mae=1.081645 15min_rmse=2.552072 15min_mape=2.194342 | 30min_mae=1.355179 30min_rmse=3.575040 30min_mape=3.059523 | 60min_mae=1.612210 60min_rmse=4.428097 60min_mape=3.897124
[2026-09-10 09:53:01] INFO Epoch 032 | stage=posthoc_calibrator | train_total=1.063430 | train_forecast=1.063430 | train_confidence=0.000000 | train_risk=0.000000 | train_blend=0.000000 | val_total=1.308300 | val_mae=1.306505 | val_rmse=3.516960 | val_mape=2.932790 | val_confidence=0.000000 | val_risk=0.000000 | val_blend=0.000000 | batches=382/47 | seconds=27.74 | lr=[0.000857375] | cuda_peak_mb=1172.7
[2026-09-10 09:53:01] INFO Val horizons | 15min_mae=1.081138 15min_rmse=2.550438 15min_mape=2.188350 | 30min_mae=1.353909 30min_rmse=3.566451 30min_mape=3.045228 | 60min_mae=1.611552 60min_rmse=4.417710 60min_mape=3.872515
[2026-09-10 09:53:29] INFO Epoch 033 | stage=posthoc_calibrator | train_total=1.063452 | train_forecast=1.063452 | train_confidence=0.000000 | train_risk=0.000000 | train_blend=0.000000 | val_total=1.308907 | val_mae=1.306940 | val_rmse=3.515086 | val_mape=2.944854 | val_confidence=0.000000 | val_risk=0.000000 | val_blend=0.000000 | batches=382/47 | seconds=27.74 | lr=[0.000857375] | cuda_peak_mb=1173.7
[2026-09-10 09:53:29] INFO Val horizons | 15min_mae=1.081684 15min_rmse=2.548114 15min_mape=2.189446 | 30min_mae=1.354648 30min_rmse=3.565170 30min_mape=3.056836 | 60min_mae=1.611557 60min_rmse=4.418632 60min_mape=3.898874
[2026-09-10 09:53:57] INFO Epoch 034 | stage=posthoc_calibrator | train_total=1.063103 | train_forecast=1.063103 | train_confidence=0.000000 | train_risk=0.000000 | train_blend=0.000000 | val_total=1.310748 | val_mae=1.308942 | val_rmse=3.526890 | val_mape=2.949237 | val_confidence=0.000000 | val_risk=0.000000 | val_blend=0.000000 | batches=382/47 | seconds=27.76 | lr=[0.000857375] | cuda_peak_mb=1172.6
[2026-09-10 09:53:57] INFO Val horizons | 15min_mae=1.082092 15min_rmse=2.551329 15min_mape=2.196444 | 30min_mae=1.356431 30min_rmse=3.573691 30min_mape=3.065590 | 60min_mae=1.616457 60min_rmse=4.438579 60min_mape=3.895421
[2026-09-10 09:54:25] INFO Epoch 035 | stage=posthoc_calibrator | train_total=1.062924 | train_forecast=1.062924 | train_confidence=0.000000 | train_risk=0.000000 | train_blend=0.000000 | val_total=1.315406 | val_mae=1.313519 | val_rmse=3.535382 | val_mape=2.975161 | val_confidence=0.000000 | val_risk=0.000000 | val_blend=0.000000 | batches=382/47 | seconds=27.76 | lr=[0.000857375] | cuda_peak_mb=1172.5
[2026-09-10 09:54:25] INFO Val horizons | 15min_mae=1.082984 15min_rmse=2.547664 15min_mape=2.205666 | 30min_mae=1.359332 30min_rmse=3.571284 30min_mape=3.086398 | 60min_mae=1.627981 60min_rmse=4.471908 60min_mape=3.955656
[2026-09-10 09:54:52] INFO Epoch 036 | stage=posthoc_calibrator | train_total=1.063039 | train_forecast=1.063039 | train_confidence=0.000000 | train_risk=0.000000 | train_blend=0.000000 | val_total=1.308986 | val_mae=1.307192 | val_rmse=3.521319 | val_mape=2.942261 | val_confidence=0.000000 | val_risk=0.000000 | val_blend=0.000000 | batches=382/47 | seconds=27.70 | lr=[0.000857375] | cuda_peak_mb=1172.7
[2026-09-10 09:54:52] INFO Val horizons | 15min_mae=1.081827 15min_rmse=2.550510 15min_mape=2.190273 | 30min_mae=1.354379 30min_rmse=3.568575 30min_mape=3.054845 | 60min_mae=1.612501 60min_rmse=4.429800 60min_mape=3.890896
[2026-09-10 09:55:20] INFO Epoch 037 | stage=posthoc_calibrator | train_total=1.062408 | train_forecast=1.062408 | train_confidence=0.000000 | train_risk=0.000000 | train_blend=0.000000 | val_total=1.310487 | val_mae=1.308625 | val_rmse=3.522085 | val_mape=2.949817 | val_confidence=0.000000 | val_risk=0.000000 | val_blend=0.000000 | batches=382/47 | seconds=27.76 | lr=[0.000857375] | cuda_peak_mb=1173.7
[2026-09-10 09:55:20] INFO Val horizons | 15min_mae=1.082119 15min_rmse=2.549135 15min_mape=2.196599 | 30min_mae=1.356106 30min_rmse=3.568130 30min_mape=3.065427 | 60min_mae=1.615822 60min_rmse=4.435786 60min_mape=3.902264
[2026-09-10 09:55:48] INFO Epoch 038 | stage=posthoc_calibrator | train_total=1.062745 | train_forecast=1.062745 | train_confidence=0.000000 | train_risk=0.000000 | train_blend=0.000000 | val_total=1.307392 | val_mae=1.305658 | val_rmse=3.511610 | val_mape=2.926421 | val_confidence=0.000000 | val_risk=0.000000 | val_blend=0.000000 | batches=382/47 | seconds=27.74 | lr=[0.000857375] | cuda_peak_mb=1172.6
[2026-09-10 09:55:48] INFO Val horizons | 15min_mae=1.080290 15min_rmse=2.543290 15min_mape=2.181604 | 30min_mae=1.352874 30min_rmse=3.560121 30min_mape=3.038650 | 60min_mae=1.610409 60min_rmse=4.411769 60min_mape=3.861603
[2026-09-10 09:55:48] INFO Checkpoint updated | epoch=38 | stage=posthoc_calibrator | best_val_mae=1.305658 | path=C:\Users\clw\projects\researchRep\STAnchor-BlockMemory\artifacts\cross_dataset_final\pems08_finetuned_router_gwn_seed42\downstream_best.pt
[2026-09-10 09:56:16] INFO Epoch 039 | stage=posthoc_calibrator | train_total=1.062676 | train_forecast=1.062676 | train_confidence=0.000000 | train_risk=0.000000 | train_blend=0.000000 | val_total=1.324713 | val_mae=1.322119 | val_rmse=3.544117 | val_mape=3.042467 | val_confidence=0.000000 | val_risk=0.000000 | val_blend=0.000000 | batches=382/47 | seconds=27.71 | lr=[0.000857375] | cuda_peak_mb=1172.5
[2026-09-10 09:56:16] INFO Val horizons | 15min_mae=1.086920 15min_rmse=2.550733 15min_mape=2.235951 | 30min_mae=1.368848 30min_rmse=3.578454 30min_mape=3.160973 | 60min_mae=1.644117 60min_rmse=4.494188 60min_mape=4.068326
[2026-09-10 09:56:43] INFO Epoch 040 | stage=posthoc_calibrator | train_total=1.062569 | train_forecast=1.062569 | train_confidence=0.000000 | train_risk=0.000000 | train_blend=0.000000 | val_total=1.312371 | val_mae=1.310510 | val_rmse=3.532688 | val_mape=2.971958 | val_confidence=0.000000 | val_risk=0.000000 | val_blend=0.000000 | batches=382/47 | seconds=27.75 | lr=[0.000857375] | cuda_peak_mb=1172.7
[2026-09-10 09:56:43] INFO Val horizons | 15min_mae=1.082385 15min_rmse=2.548775 15min_mape=2.204390 | 30min_mae=1.357478 30min_rmse=3.574489 30min_mape=3.086391 | 60min_mae=1.620504 60min_rmse=4.460224 60min_mape=3.944489
[2026-09-10 09:57:11] INFO Epoch 041 | stage=posthoc_calibrator | train_total=1.062635 | train_forecast=1.062635 | train_confidence=0.000000 | train_risk=0.000000 | train_blend=0.000000 | val_total=1.307549 | val_mae=1.305821 | val_rmse=3.517125 | val_mape=2.924575 | val_confidence=0.000000 | val_risk=0.000000 | val_blend=0.000000 | batches=382/47 | seconds=27.79 | lr=[0.0008145062499999999] | cuda_peak_mb=1173.7
[2026-09-10 09:57:11] INFO Val horizons | 15min_mae=1.080718 15min_rmse=2.550977 15min_mape=2.178591 | 30min_mae=1.353563 30min_rmse=3.570285 30min_mape=3.036090 | 60min_mae=1.609009 60min_rmse=4.412858 60min_mape=3.861247
[2026-09-10 09:57:39] INFO Epoch 042 | stage=posthoc_calibrator | train_total=1.062182 | train_forecast=1.062182 | train_confidence=0.000000 | train_risk=0.000000 | train_blend=0.000000 | val_total=1.310181 | val_mae=1.308450 | val_rmse=3.528211 | val_mape=2.951697 | val_confidence=0.000000 | val_risk=0.000000 | val_blend=0.000000 | batches=382/47 | seconds=27.74 | lr=[0.0008145062499999999] | cuda_peak_mb=1172.6
[2026-09-10 09:57:39] INFO Val horizons | 15min_mae=1.081043 15min_rmse=2.550140 15min_mape=2.193078 | 30min_mae=1.354204 30min_rmse=3.571540 30min_mape=3.058898 | 60min_mae=1.617655 60min_rmse=4.445718 60min_mape=3.915948
[2026-09-10 09:58:07] INFO Epoch 043 | stage=posthoc_calibrator | train_total=1.062377 | train_forecast=1.062377 | train_confidence=0.000000 | train_risk=0.000000 | train_blend=0.000000 | val_total=1.312772 | val_mae=1.310584 | val_rmse=3.524042 | val_mape=2.977179 | val_confidence=0.000000 | val_risk=0.000000 | val_blend=0.000000 | batches=382/47 | seconds=27.82 | lr=[0.0008145062499999999] | cuda_peak_mb=1172.5
[2026-09-10 09:58:07] INFO Val horizons | 15min_mae=1.082153 15min_rmse=2.548727 15min_mape=2.207039 | 30min_mae=1.357530 30min_rmse=3.568820 30min_mape=3.093904 | 60min_mae=1.621447 60min_rmse=4.440750 60min_mape=3.951166
[2026-09-10 09:58:34] INFO Epoch 044 | stage=posthoc_calibrator | train_total=1.062112 | train_forecast=1.062112 | train_confidence=0.000000 | train_risk=0.000000 | train_blend=0.000000 | val_total=1.307329 | val_mae=1.305503 | val_rmse=3.514247 | val_mape=2.933894 | val_confidence=0.000000 | val_risk=0.000000 | val_blend=0.000000 | batches=382/47 | seconds=27.75 | lr=[0.0008145062499999999] | cuda_peak_mb=1172.7
[2026-09-10 09:58:34] INFO Val horizons | 15min_mae=1.079528 15min_rmse=2.546468 15min_mape=2.181430 | 30min_mae=1.352514 30min_rmse=3.562459 30min_mape=3.045313 | 60min_mae=1.610082 60min_rmse=4.413494 60min_mape=3.879098
[2026-09-10 09:58:35] INFO Checkpoint updated | epoch=44 | stage=posthoc_calibrator | best_val_mae=1.305503 | path=C:\Users\clw\projects\researchRep\STAnchor-BlockMemory\artifacts\cross_dataset_final\pems08_finetuned_router_gwn_seed42\downstream_best.pt
[2026-09-10 09:59:02] INFO Epoch 045 | stage=posthoc_calibrator | train_total=1.062750 | train_forecast=1.062750 | train_confidence=0.000000 | train_risk=0.000000 | train_blend=0.000000 | val_total=1.308762 | val_mae=1.307028 | val_rmse=3.520405 | val_mape=2.939270 | val_confidence=0.000000 | val_risk=0.000000 | val_blend=0.000000 | batches=382/47 | seconds=27.74 | lr=[0.0008145062499999999] | cuda_peak_mb=1173.7
[2026-09-10 09:59:02] INFO Val horizons | 15min_mae=1.080561 15min_rmse=2.549912 15min_mape=2.188673 | 30min_mae=1.353060 30min_rmse=3.566217 30min_mape=3.050021 | 60min_mae=1.616250 60min_rmse=4.429396 60min_mape=3.888432
[2026-09-10 09:59:30] INFO Epoch 046 | stage=posthoc_calibrator | train_total=1.061652 | train_forecast=1.061652 | train_confidence=0.000000 | train_risk=0.000000 | train_blend=0.000000 | val_total=1.306188 | val_mae=1.304406 | val_rmse=3.508667 | val_mape=2.925321 | val_confidence=0.000000 | val_risk=0.000000 | val_blend=0.000000 | batches=382/47 | seconds=27.75 | lr=[0.0008145062499999999] | cuda_peak_mb=1172.6
[2026-09-10 09:59:30] INFO Val horizons | 15min_mae=1.080410 15min_rmse=2.546381 15min_mape=2.180027 | 30min_mae=1.352565 30min_rmse=3.561917 30min_mape=3.039700 | 60min_mae=1.606338 60min_rmse=4.401801 60min_mape=3.862952
[2026-09-10 09:59:30] INFO Checkpoint updated | epoch=46 | stage=posthoc_calibrator | best_val_mae=1.304406 | path=C:\Users\clw\projects\researchRep\STAnchor-BlockMemory\artifacts\cross_dataset_final\pems08_finetuned_router_gwn_seed42\downstream_best.pt
[2026-09-10 09:59:58] INFO Epoch 047 | stage=posthoc_calibrator | train_total=1.062129 | train_forecast=1.062129 | train_confidence=0.000000 | train_risk=0.000000 | train_blend=0.000000 | val_total=1.316114 | val_mae=1.313994 | val_rmse=3.529069 | val_mape=2.970478 | val_confidence=0.000000 | val_risk=0.000000 | val_blend=0.000000 | batches=382/47 | seconds=27.76 | lr=[0.0008145062499999999] | cuda_peak_mb=1172.5
[2026-09-10 09:59:58] INFO Val horizons | 15min_mae=1.082245 15min_rmse=2.546402 15min_mape=2.201563 | 30min_mae=1.359911 30min_rmse=3.565002 30min_mape=3.080927 | 60min_mae=1.629596 60min_rmse=4.462272 60min_mape=3.952938
[2026-09-10 10:00:26] INFO Epoch 048 | stage=posthoc_calibrator | train_total=1.061953 | train_forecast=1.061953 | train_confidence=0.000000 | train_risk=0.000000 | train_blend=0.000000 | val_total=1.312601 | val_mae=1.310788 | val_rmse=3.539444 | val_mape=2.969114 | val_confidence=0.000000 | val_risk=0.000000 | val_blend=0.000000 | batches=382/47 | seconds=27.78 | lr=[0.0008145062499999999] | cuda_peak_mb=1172.7
[2026-09-10 10:00:26] INFO Val horizons | 15min_mae=1.083242 15min_rmse=2.552935 15min_mape=2.205116 | 30min_mae=1.357966 30min_rmse=3.580726 30min_mape=3.084326 | 60min_mae=1.620129 60min_rmse=4.472600 60min_mape=3.937282
[2026-09-10 10:00:53] INFO Epoch 049 | stage=posthoc_calibrator | train_total=1.061816 | train_forecast=1.061816 | train_confidence=0.000000 | train_risk=0.000000 | train_blend=0.000000 | val_total=1.307680 | val_mae=1.305913 | val_rmse=3.511087 | val_mape=2.934553 | val_confidence=0.000000 | val_risk=0.000000 | val_blend=0.000000 | batches=382/47 | seconds=27.80 | lr=[0.0008145062499999999] | cuda_peak_mb=1173.7
[2026-09-10 10:00:53] INFO Val horizons | 15min_mae=1.079822 15min_rmse=2.545513 15min_mape=2.183770 | 30min_mae=1.353015 30min_rmse=3.559800 30min_mape=3.047535 | 60min_mae=1.611371 60min_rmse=4.411755 60min_mape=3.879428
[2026-09-10 10:01:21] INFO Epoch 050 | stage=posthoc_calibrator | train_total=1.062384 | train_forecast=1.062384 | train_confidence=0.000000 | train_risk=0.000000 | train_blend=0.000000 | val_total=1.306979 | val_mae=1.305320 | val_rmse=3.509107 | val_mape=2.927088 | val_confidence=0.000000 | val_risk=0.000000 | val_blend=0.000000 | batches=382/47 | seconds=27.83 | lr=[0.0008145062499999999] | cuda_peak_mb=1172.6
[2026-09-10 10:01:21] INFO Val horizons | 15min_mae=1.081544 15min_rmse=2.548618 15min_mape=2.190110 | 30min_mae=1.353556 30min_rmse=3.561089 30min_mape=3.040845 | 60min_mae=1.608917 60min_rmse=4.404084 60min_mape=3.857948
[2026-09-10 10:01:21] INFO Downstream training finished | best_val_mae=1.304406 | checkpoint=C:\Users\clw\projects\researchRep\STAnchor-BlockMemory\artifacts\cross_dataset_final\pems08_finetuned_router_gwn_seed42\downstream_best.pt
