[2026-09-01 23:20:42] INFO Downstream start | run=convergence\formal_20260901_final_router_gwn_seed42 | device=cuda:0 (requested=cuda:0) | seed=42 | output=C:\Users\clw\projects\researchRep\STAnchor-BlockMemory\artifacts\convergence\formal_20260901_final_router_gwn_seed42
[2026-09-01 23:20:42] INFO Mode | downstream_mode=learned_topk_error_aware | training_protocol=posthoc_frozen_base | candidate_protocol=weekday_radius1_overlap
[2026-09-01 23:20:42] INFO Downstream initialization | seed=42 | state_hash=49bd33fb8bf47c41
[2026-09-01 23:20:42] INFO Frozen base | checkpoint=C:\Users\clw\projects\researchRep\STAnchor-BlockMemory\artifacts\convergence\downstream_tgge_v3_matched_fulltrain_queue\downstream_tgge_v3_graphwavenet_base_only_fulltrain_seed42\downstream_best.pt | fingerprint=7833628cfbf8cde5
[2026-09-01 23:20:42] INFO Data | steps=34272 | nodes=207 | channels=1 | training_scope=full_train | memory/post_memory/train_selected/val/test=15876/6805/22681/2993/6025
[2026-09-01 23:20:42] INFO Bank/retrieval | dataset=METR-LA | events=15876 | nodes=207 | retrieval_dim=64 | event_top_r=32 | node_top_k=12 | key_dtype=float16
[2026-09-01 23:20:42] INFO Parameters | downstream_total=1,189,330 | downstream_trainable=879,693 | backbone=0 | confidence_head=0 | fusion=0 | frozen_pretrained=958,704
[2026-09-01 23:20:42] INFO Optimization | epochs=50 | batch_size=32 | optimizer=adam | lr=0.0005 | weight_decay=0.0001 | scheduler=step_lr | step_size=10 | gamma=0.500 | confidence_weight=0.000 | patience=20 | early_stopping=disabled
[2026-09-01 23:20:43] INFO Stage start | stage=posthoc_calibrator | epochs=50 | optimizer_lrs=[0.0005]
[2026-09-01 23:26:42] INFO Epoch 001 | stage=posthoc_calibrator | train_total=0.318501 | train_forecast=0.318501 | train_confidence=0.000000 | train_risk=0.000000 | train_blend=0.000000 | val_total=0.316165 | val_mae=2.853025 | val_rmse=5.797918 | val_mape=7.860798 | val_confidence=0.000000 | val_risk=0.000000 | val_blend=0.000000 | batches=709/94 | seconds=359.52 | lr=[0.0005] | cuda_peak_mb=3484.7
[2026-09-01 23:26:42] INFO Val horizons | 15min_mae=2.535888 15min_rmse=4.874314 15min_mape=6.675521 | 30min_mae=2.880509 30min_rmse=5.773940 30min_mape=7.974315 | 60min_mae=3.312365 60min_rmse=6.960668 60min_mape=9.490762
[2026-09-01 23:26:42] INFO Checkpoint updated | epoch=1 | stage=posthoc_calibrator | best_val_mae=2.853025 | path=C:\Users\clw\projects\researchRep\STAnchor-BlockMemory\artifacts\convergence\formal_20260901_final_router_gwn_seed42\downstream_best.pt
[2026-09-01 23:27:48] INFO Epoch 002 | stage=posthoc_calibrator | train_total=0.316395 | train_forecast=0.316395 | train_confidence=0.000000 | train_risk=0.000000 | train_blend=0.000000 | val_total=0.314427 | val_mae=2.831048 | val_rmse=5.740726 | val_mape=7.940773 | val_confidence=0.000000 | val_risk=0.000000 | val_blend=0.000000 | batches=709/94 | seconds=65.30 | lr=[0.0005] | cuda_peak_mb=1420.4
[2026-09-01 23:27:48] INFO Val horizons | 15min_mae=2.526758 15min_rmse=4.870245 15min_mape=6.719776 | 30min_mae=2.857835 30min_rmse=5.732428 30min_mape=8.040190 | 60min_mae=3.280165 60min_rmse=6.851643 60min_mape=9.642696
[2026-09-01 23:27:48] INFO Checkpoint updated | epoch=2 | stage=posthoc_calibrator | best_val_mae=2.831048 | path=C:\Users\clw\projects\researchRep\STAnchor-BlockMemory\artifacts\convergence\formal_20260901_final_router_gwn_seed42\downstream_best.pt
[2026-09-01 23:28:53] INFO Epoch 003 | stage=posthoc_calibrator | train_total=0.316191 | train_forecast=0.316191 | train_confidence=0.000000 | train_risk=0.000000 | train_blend=0.000000 | val_total=0.312801 | val_mae=2.809432 | val_rmse=5.710211 | val_mape=7.991015 | val_confidence=0.000000 | val_risk=0.000000 | val_blend=0.000000 | batches=709/94 | seconds=64.89 | lr=[0.0005] | cuda_peak_mb=1421.1
[2026-09-01 23:28:53] INFO Val horizons | 15min_mae=2.520415 15min_rmse=4.876146 15min_mape=6.742893 | 30min_mae=2.843402 30min_rmse=5.738619 30min_mape=8.147789 | 60min_mae=3.228092 60min_rmse=6.743735 60min_mape=9.682111
[2026-09-01 23:28:53] INFO Checkpoint updated | epoch=3 | stage=posthoc_calibrator | best_val_mae=2.809432 | path=C:\Users\clw\projects\researchRep\STAnchor-BlockMemory\artifacts\convergence\formal_20260901_final_router_gwn_seed42\downstream_best.pt
[2026-09-01 23:29:57] INFO Epoch 004 | stage=posthoc_calibrator | train_total=0.315988 | train_forecast=0.315988 | train_confidence=0.000000 | train_risk=0.000000 | train_blend=0.000000 | val_total=0.312064 | val_mae=2.801285 | val_rmse=5.697021 | val_mape=7.897212 | val_confidence=0.000000 | val_risk=0.000000 | val_blend=0.000000 | batches=709/94 | seconds=64.45 | lr=[0.0005] | cuda_peak_mb=1421.4
[2026-09-01 23:29:57] INFO Val horizons | 15min_mae=2.517435 15min_rmse=4.865471 15min_mape=6.704956 | 30min_mae=2.832467 30min_rmse=5.718108 30min_mape=8.046401 | 60min_mae=3.221689 60min_rmse=6.744994 60min_mape=9.521624
[2026-09-01 23:29:57] INFO Checkpoint updated | epoch=4 | stage=posthoc_calibrator | best_val_mae=2.801285 | path=C:\Users\clw\projects\researchRep\STAnchor-BlockMemory\artifacts\convergence\formal_20260901_final_router_gwn_seed42\downstream_best.pt
[2026-09-01 23:31:02] INFO Epoch 005 | stage=posthoc_calibrator | train_total=0.315722 | train_forecast=0.315722 | train_confidence=0.000000 | train_risk=0.000000 | train_blend=0.000000 | val_total=0.311841 | val_mae=2.797303 | val_rmse=5.720391 | val_mape=7.909571 | val_confidence=0.000000 | val_risk=0.000000 | val_blend=0.000000 | batches=709/94 | seconds=64.53 | lr=[0.0005] | cuda_peak_mb=1420.7
[2026-09-01 23:31:02] INFO Val horizons | 15min_mae=2.518149 15min_rmse=4.875458 15min_mape=6.708142 | 30min_mae=2.828551 30min_rmse=5.744068 30min_mape=8.059320 | 60min_mae=3.210113 60min_rmse=6.766124 60min_mape=9.540660
[2026-09-01 23:31:02] INFO Checkpoint updated | epoch=5 | stage=posthoc_calibrator | best_val_mae=2.797303 | path=C:\Users\clw\projects\researchRep\STAnchor-BlockMemory\artifacts\convergence\formal_20260901_final_router_gwn_seed42\downstream_best.pt
[2026-09-01 23:32:06] INFO Epoch 006 | stage=posthoc_calibrator | train_total=0.315596 | train_forecast=0.315596 | train_confidence=0.000000 | train_risk=0.000000 | train_blend=0.000000 | val_total=0.313633 | val_mae=2.820926 | val_rmse=5.730907 | val_mape=8.020373 | val_confidence=0.000000 | val_risk=0.000000 | val_blend=0.000000 | batches=709/94 | seconds=64.55 | lr=[0.0005] | cuda_peak_mb=1419.8
[2026-09-01 23:32:06] INFO Val horizons | 15min_mae=2.523295 15min_rmse=4.867049 15min_mape=6.751114 | 30min_mae=2.848767 30min_rmse=5.736521 30min_mape=8.145924 | 60min_mae=3.256575 60min_rmse=6.805720 60min_mape=9.740258
[2026-09-01 23:33:11] INFO Epoch 007 | stage=posthoc_calibrator | train_total=0.315465 | train_forecast=0.315465 | train_confidence=0.000000 | train_risk=0.000000 | train_blend=0.000000 | val_total=0.312941 | val_mae=2.811504 | val_rmse=5.737689 | val_mape=8.079252 | val_confidence=0.000000 | val_risk=0.000000 | val_blend=0.000000 | batches=709/94 | seconds=64.62 | lr=[0.0005] | cuda_peak_mb=1422.2
[2026-09-01 23:33:11] INFO Val horizons | 15min_mae=2.521648 15min_rmse=4.874128 15min_mape=6.767477 | 30min_mae=2.844352 30min_rmse=5.763288 30min_mape=8.243629 | 60min_mae=3.235734 60min_rmse=6.801051 60min_mape=9.833220
[2026-09-01 23:34:16] INFO Epoch 008 | stage=posthoc_calibrator | train_total=0.315356 | train_forecast=0.315356 | train_confidence=0.000000 | train_risk=0.000000 | train_blend=0.000000 | val_total=0.312721 | val_mae=2.809011 | val_rmse=5.732092 | val_mape=7.915642 | val_confidence=0.000000 | val_risk=0.000000 | val_blend=0.000000 | batches=709/94 | seconds=64.56 | lr=[0.0005] | cuda_peak_mb=1420.7
[2026-09-01 23:34:16] INFO Val horizons | 15min_mae=2.520227 15min_rmse=4.868019 15min_mape=6.717045 | 30min_mae=2.836788 30min_rmse=5.739199 30min_mape=8.055577 | 60min_mae=3.241545 60min_rmse=6.820726 60min_mape=9.554297
[2026-09-01 23:35:20] INFO Epoch 009 | stage=posthoc_calibrator | train_total=0.315356 | train_forecast=0.315356 | train_confidence=0.000000 | train_risk=0.000000 | train_blend=0.000000 | val_total=0.313994 | val_mae=2.825304 | val_rmse=5.742003 | val_mape=7.997339 | val_confidence=0.000000 | val_risk=0.000000 | val_blend=0.000000 | batches=709/94 | seconds=64.46 | lr=[0.0005] | cuda_peak_mb=1420.4
[2026-09-01 23:35:20] INFO Val horizons | 15min_mae=2.526861 15min_rmse=4.867946 15min_mape=6.742842 | 30min_mae=2.856776 30min_rmse=5.753208 30min_mape=8.146208 | 60min_mae=3.259973 60min_rmse=6.828129 60min_mape=9.700445
[2026-09-01 23:36:25] INFO Epoch 010 | stage=posthoc_calibrator | train_total=0.315292 | train_forecast=0.315292 | train_confidence=0.000000 | train_risk=0.000000 | train_blend=0.000000 | val_total=0.312506 | val_mae=2.806055 | val_rmse=5.733462 | val_mape=7.969696 | val_confidence=0.000000 | val_risk=0.000000 | val_blend=0.000000 | batches=709/94 | seconds=64.60 | lr=[0.0005] | cuda_peak_mb=1420.4
[2026-09-01 23:36:25] INFO Val horizons | 15min_mae=2.519576 15min_rmse=4.870991 15min_mape=6.735672 | 30min_mae=2.835547 30min_rmse=5.748529 30min_mape=8.123416 | 60min_mae=3.234764 60min_rmse=6.815821 60min_mape=9.662117
[2026-09-01 23:37:29] INFO Epoch 011 | stage=posthoc_calibrator | train_total=0.315025 | train_forecast=0.315025 | train_confidence=0.000000 | train_risk=0.000000 | train_blend=0.000000 | val_total=0.313547 | val_mae=2.819512 | val_rmse=5.750895 | val_mape=8.009408 | val_confidence=0.000000 | val_risk=0.000000 | val_blend=0.000000 | batches=709/94 | seconds=64.53 | lr=[0.00025] | cuda_peak_mb=1420.4
[2026-09-01 23:37:29] INFO Val horizons | 15min_mae=2.524206 15min_rmse=4.872346 15min_mape=6.754616 | 30min_mae=2.848226 30min_rmse=5.758458 30min_mape=8.151043 | 60min_mae=3.251934 60min_rmse=6.836631 60min_mape=9.696999
[2026-09-01 23:38:34] INFO Epoch 012 | stage=posthoc_calibrator | train_total=0.315050 | train_forecast=0.315050 | train_confidence=0.000000 | train_risk=0.000000 | train_blend=0.000000 | val_total=0.312185 | val_mae=2.802667 | val_rmse=5.712903 | val_mape=7.885151 | val_confidence=0.000000 | val_risk=0.000000 | val_blend=0.000000 | batches=709/94 | seconds=64.57 | lr=[0.00025] | cuda_peak_mb=1420.1
[2026-09-01 23:38:34] INFO Val horizons | 15min_mae=2.517540 15min_rmse=4.861718 15min_mape=6.695383 | 30min_mae=2.833882 30min_rmse=5.729605 30min_mape=8.022434 | 60min_mae=3.223444 60min_rmse=6.775348 60min_mape=9.531789
[2026-09-01 23:39:38] INFO Epoch 013 | stage=posthoc_calibrator | train_total=0.314983 | train_forecast=0.314983 | train_confidence=0.000000 | train_risk=0.000000 | train_blend=0.000000 | val_total=0.313976 | val_mae=2.825343 | val_rmse=5.768595 | val_mape=8.002817 | val_confidence=0.000000 | val_risk=0.000000 | val_blend=0.000000 | batches=709/94 | seconds=64.53 | lr=[0.00025] | cuda_peak_mb=1420.7
[2026-09-01 23:39:38] INFO Val horizons | 15min_mae=2.523949 15min_rmse=4.871392 15min_mape=6.750378 | 30min_mae=2.852777 30min_rmse=5.766920 30min_mape=8.148528 | 60min_mae=3.268913 60min_rmse=6.887842 60min_mape=9.703566
[2026-09-01 23:40:43] INFO Epoch 014 | stage=posthoc_calibrator | train_total=0.315006 | train_forecast=0.315006 | train_confidence=0.000000 | train_risk=0.000000 | train_blend=0.000000 | val_total=0.312617 | val_mae=2.807821 | val_rmse=5.724257 | val_mape=7.987499 | val_confidence=0.000000 | val_risk=0.000000 | val_blend=0.000000 | batches=709/94 | seconds=64.70 | lr=[0.00025] | cuda_peak_mb=1420.4
[2026-09-01 23:40:43] INFO Val horizons | 15min_mae=2.519641 15min_rmse=4.865082 15min_mape=6.732216 | 30min_mae=2.838975 30min_rmse=5.733588 30min_mape=8.103006 | 60min_mae=3.233985 60min_rmse=6.799506 60min_mape=9.717861
[2026-09-01 23:41:48] INFO Epoch 015 | stage=posthoc_calibrator | train_total=0.314941 | train_forecast=0.314941 | train_confidence=0.000000 | train_risk=0.000000 | train_blend=0.000000 | val_total=0.315165 | val_mae=2.838786 | val_rmse=5.758567 | val_mape=7.835274 | val_confidence=0.000000 | val_risk=0.000000 | val_blend=0.000000 | batches=709/94 | seconds=64.85 | lr=[0.00025] | cuda_peak_mb=1421.6
[2026-09-01 23:41:48] INFO Val horizons | 15min_mae=2.528139 15min_rmse=4.861027 15min_mape=6.675854 | 30min_mae=2.862578 30min_rmse=5.747493 30min_mape=7.964785 | 60min_mae=3.299185 60min_rmse=6.890343 60min_mape=9.446963
[2026-09-01 23:42:52] INFO Epoch 016 | stage=posthoc_calibrator | train_total=0.314928 | train_forecast=0.314928 | train_confidence=0.000000 | train_risk=0.000000 | train_blend=0.000000 | val_total=0.313034 | val_mae=2.812729 | val_rmse=5.738364 | val_mape=7.916728 | val_confidence=0.000000 | val_risk=0.000000 | val_blend=0.000000 | batches=709/94 | seconds=64.40 | lr=[0.00025] | cuda_peak_mb=1421.1
[2026-09-01 23:42:52] INFO Val horizons | 15min_mae=2.520837 15min_rmse=4.866427 15min_mape=6.719390 | 30min_mae=2.843271 30min_rmse=5.750194 30min_mape=8.058673 | 60min_mae=3.247454 60min_rmse=6.827418 60min_mape=9.551503
[2026-09-01 23:43:57] INFO Epoch 017 | stage=posthoc_calibrator | train_total=0.314922 | train_forecast=0.314922 | train_confidence=0.000000 | train_risk=0.000000 | train_blend=0.000000 | val_total=0.312026 | val_mae=2.800602 | val_rmse=5.707643 | val_mape=7.860545 | val_confidence=0.000000 | val_risk=0.000000 | val_blend=0.000000 | batches=709/94 | seconds=64.35 | lr=[0.00025] | cuda_peak_mb=1420.1
[2026-09-01 23:43:57] INFO Val horizons | 15min_mae=2.515976 15min_rmse=4.861026 15min_mape=6.688102 | 30min_mae=2.832408 30min_rmse=5.725577 30min_mape=8.001578 | 60min_mae=3.219866 60min_rmse=6.763523 60min_mape=9.478296
[2026-09-01 23:45:01] INFO Epoch 018 | stage=posthoc_calibrator | train_total=0.314860 | train_forecast=0.314860 | train_confidence=0.000000 | train_risk=0.000000 | train_blend=0.000000 | val_total=0.312913 | val_mae=2.811453 | val_rmse=5.731226 | val_mape=7.875429 | val_confidence=0.000000 | val_risk=0.000000 | val_blend=0.000000 | batches=709/94 | seconds=64.37 | lr=[0.00025] | cuda_peak_mb=1420.1
[2026-09-01 23:45:01] INFO Val horizons | 15min_mae=2.519553 15min_rmse=4.859094 15min_mape=6.686990 | 30min_mae=2.840070 30min_rmse=5.735086 30min_mape=8.005823 | 60min_mae=3.247876 60min_rmse=6.839914 60min_mape=9.561602
[2026-09-01 23:46:05] INFO Epoch 019 | stage=posthoc_calibrator | train_total=0.314856 | train_forecast=0.314856 | train_confidence=0.000000 | train_risk=0.000000 | train_blend=0.000000 | val_total=0.313028 | val_mae=2.813627 | val_rmse=5.735601 | val_mape=7.865978 | val_confidence=0.000000 | val_risk=0.000000 | val_blend=0.000000 | batches=709/94 | seconds=64.33 | lr=[0.00025] | cuda_peak_mb=1421.6
[2026-09-01 23:46:05] INFO Val horizons | 15min_mae=2.518064 15min_rmse=4.858804 15min_mape=6.686634 | 30min_mae=2.842965 30min_rmse=5.739253 30min_mape=8.004063 | 60min_mae=3.245701 60min_rmse=6.830190 60min_mape=9.487136
[2026-09-01 23:47:10] INFO Epoch 020 | stage=posthoc_calibrator | train_total=0.314865 | train_forecast=0.314865 | train_confidence=0.000000 | train_risk=0.000000 | train_blend=0.000000 | val_total=0.312965 | val_mae=2.811907 | val_rmse=5.734078 | val_mape=7.930712 | val_confidence=0.000000 | val_risk=0.000000 | val_blend=0.000000 | batches=709/94 | seconds=64.42 | lr=[0.00025] | cuda_peak_mb=1421.0
[2026-09-01 23:47:10] INFO Val horizons | 15min_mae=2.521431 15min_rmse=4.864132 15min_mape=6.714213 | 30min_mae=2.844663 30min_rmse=5.750318 30min_mape=8.074120 | 60min_mae=3.239172 60min_rmse=6.813578 60min_mape=9.604822
[2026-09-01 23:48:14] INFO Epoch 021 | stage=posthoc_calibrator | train_total=0.314722 | train_forecast=0.314722 | train_confidence=0.000000 | train_risk=0.000000 | train_blend=0.000000 | val_total=0.313254 | val_mae=2.816096 | val_rmse=5.740103 | val_mape=7.895059 | val_confidence=0.000000 | val_risk=0.000000 | val_blend=0.000000 | batches=709/94 | seconds=64.22 | lr=[0.000125] | cuda_peak_mb=1420.1
[2026-09-01 23:48:14] INFO Val horizons | 15min_mae=2.521304 15min_rmse=4.864346 15min_mape=6.713930 | 30min_mae=2.844160 30min_rmse=5.743117 30min_mape=8.037741 | 60min_mae=3.255944 60min_rmse=6.845545 60min_mape=9.526832
[2026-09-01 23:49:18] INFO Epoch 022 | stage=posthoc_calibrator | train_total=0.314689 | train_forecast=0.314689 | train_confidence=0.000000 | train_risk=0.000000 | train_blend=0.000000 | val_total=0.312367 | val_mae=2.804985 | val_rmse=5.726680 | val_mape=7.877884 | val_confidence=0.000000 | val_risk=0.000000 | val_blend=0.000000 | batches=709/94 | seconds=64.42 | lr=[0.000125] | cuda_peak_mb=1420.1
[2026-09-01 23:49:18] INFO Val horizons | 15min_mae=2.517814 15min_rmse=4.860262 15min_mape=6.692684 | 30min_mae=2.835817 30min_rmse=5.736977 30min_mape=8.018944 | 60min_mae=3.232430 60min_rmse=6.814152 60min_mape=9.514292
[2026-09-01 23:50:23] INFO Epoch 023 | stage=posthoc_calibrator | train_total=0.314725 | train_forecast=0.314725 | train_confidence=0.000000 | train_risk=0.000000 | train_blend=0.000000 | val_total=0.313341 | val_mae=2.816998 | val_rmse=5.731870 | val_mape=7.884815 | val_confidence=0.000000 | val_risk=0.000000 | val_blend=0.000000 | batches=709/94 | seconds=64.34 | lr=[0.000125] | cuda_peak_mb=1421.6
[2026-09-01 23:50:23] INFO Val horizons | 15min_mae=2.522630 15min_rmse=4.858070 15min_mape=6.688142 | 30min_mae=2.847945 30min_rmse=5.739177 30min_mape=8.015731 | 60min_mae=3.252160 60min_rmse=6.823290 60min_mape=9.523953
[2026-09-01 23:51:27] INFO Epoch 024 | stage=posthoc_calibrator | train_total=0.314685 | train_forecast=0.314685 | train_confidence=0.000000 | train_risk=0.000000 | train_blend=0.000000 | val_total=0.313957 | val_mae=2.824319 | val_rmse=5.739491 | val_mape=7.879027 | val_confidence=0.000000 | val_risk=0.000000 | val_blend=0.000000 | batches=709/94 | seconds=64.39 | lr=[0.000125] | cuda_peak_mb=1420.7
[2026-09-01 23:51:27] INFO Val horizons | 15min_mae=2.522766 15min_rmse=4.857363 15min_mape=6.693387 | 30min_mae=2.851921 30min_rmse=5.739192 30min_mape=8.016208 | 60min_mae=3.274282 60min_rmse=6.859556 60min_mape=9.525622
[2026-09-01 23:52:31] INFO Epoch 025 | stage=posthoc_calibrator | train_total=0.314706 | train_forecast=0.314706 | train_confidence=0.000000 | train_risk=0.000000 | train_blend=0.000000 | val_total=0.313852 | val_mae=2.822797 | val_rmse=5.767790 | val_mape=8.025232 | val_confidence=0.000000 | val_risk=0.000000 | val_blend=0.000000 | batches=709/94 | seconds=64.31 | lr=[0.000125] | cuda_peak_mb=1421.0
[2026-09-01 23:52:31] INFO Val horizons | 15min_mae=2.524694 15min_rmse=4.874194 15min_mape=6.764074 | 30min_mae=2.852727 30min_rmse=5.774007 30min_mape=8.172525 | 60min_mae=3.257990 60min_rmse=6.867702 60min_mape=9.727657
[2026-09-01 23:53:36] INFO Epoch 026 | stage=posthoc_calibrator | train_total=0.314673 | train_forecast=0.314673 | train_confidence=0.000000 | train_risk=0.000000 | train_blend=0.000000 | val_total=0.313449 | val_mae=2.817714 | val_rmse=5.745705 | val_mape=7.951765 | val_confidence=0.000000 | val_risk=0.000000 | val_blend=0.000000 | batches=709/94 | seconds=64.33 | lr=[0.000125] | cuda_peak_mb=1420.4
[2026-09-01 23:53:36] INFO Val horizons | 15min_mae=2.521629 15min_rmse=4.861471 15min_mape=6.713455 | 30min_mae=2.845499 30min_rmse=5.747507 30min_mape=8.086717 | 60min_mae=3.260845 60min_rmse=6.858013 60min_mape=9.650666
[2026-09-01 23:54:40] INFO Epoch 027 | stage=posthoc_calibrator | train_total=0.314631 | train_forecast=0.314631 | train_confidence=0.000000 | train_risk=0.000000 | train_blend=0.000000 | val_total=0.313277 | val_mae=2.815468 | val_rmse=5.744618 | val_mape=7.966110 | val_confidence=0.000000 | val_risk=0.000000 | val_blend=0.000000 | batches=709/94 | seconds=64.26 | lr=[0.000125] | cuda_peak_mb=1421.6
[2026-09-01 23:54:40] INFO Val horizons | 15min_mae=2.521355 15min_rmse=4.864584 15min_mape=6.729269 | 30min_mae=2.847469 30min_rmse=5.756022 30min_mape=8.112122 | 60min_mae=3.246776 60min_rmse=6.835843 60min_mape=9.658655
[2026-09-01 23:55:44] INFO Epoch 028 | stage=posthoc_calibrator | train_total=0.314664 | train_forecast=0.314664 | train_confidence=0.000000 | train_risk=0.000000 | train_blend=0.000000 | val_total=0.313617 | val_mae=2.820516 | val_rmse=5.746047 | val_mape=7.893593 | val_confidence=0.000000 | val_risk=0.000000 | val_blend=0.000000 | batches=709/94 | seconds=64.26 | lr=[0.000125] | cuda_peak_mb=1421.1
[2026-09-01 23:55:44] INFO Val horizons | 15min_mae=2.522374 15min_rmse=4.861849 15min_mape=6.700682 | 30min_mae=2.848960 30min_rmse=5.748927 30min_mape=8.029881 | 60min_mae=3.260236 60min_rmse=6.849763 60min_mape=9.535845
[2026-09-01 23:56:49] INFO Epoch 029 | stage=posthoc_calibrator | train_total=0.314644 | train_forecast=0.314644 | train_confidence=0.000000 | train_risk=0.000000 | train_blend=0.000000 | val_total=0.313255 | val_mae=2.815747 | val_rmse=5.739923 | val_mape=7.954913 | val_confidence=0.000000 | val_risk=0.000000 | val_blend=0.000000 | batches=709/94 | seconds=64.46 | lr=[0.000125] | cuda_peak_mb=1420.1
[2026-09-01 23:56:49] INFO Val horizons | 15min_mae=2.521691 15min_rmse=4.867060 15min_mape=6.736632 | 30min_mae=2.847371 30min_rmse=5.750600 30min_mape=8.098189 | 60min_mae=3.246011 60min_rmse=6.825749 60min_mape=9.629955
[2026-09-01 23:57:53] INFO Epoch 030 | stage=posthoc_calibrator | train_total=0.314617 | train_forecast=0.314617 | train_confidence=0.000000 | train_risk=0.000000 | train_blend=0.000000 | val_total=0.313111 | val_mae=2.813718 | val_rmse=5.727094 | val_mape=7.867676 | val_confidence=0.000000 | val_risk=0.000000 | val_blend=0.000000 | batches=709/94 | seconds=64.40 | lr=[0.000125] | cuda_peak_mb=1421.6
[2026-09-01 23:57:53] INFO Val horizons | 15min_mae=2.520416 15min_rmse=4.858541 15min_mape=6.692690 | 30min_mae=2.841079 30min_rmse=5.730191 30min_mape=7.998464 | 60min_mae=3.252786 60min_rmse=6.827910 60min_mape=9.517801
[2026-09-01 23:58:57] INFO Epoch 031 | stage=posthoc_calibrator | train_total=0.314541 | train_forecast=0.314541 | train_confidence=0.000000 | train_risk=0.000000 | train_blend=0.000000 | val_total=0.313145 | val_mae=2.814261 | val_rmse=5.751709 | val_mape=7.965959 | val_confidence=0.000000 | val_risk=0.000000 | val_blend=0.000000 | batches=709/94 | seconds=64.23 | lr=[6.25e-05] | cuda_peak_mb=1420.5
[2026-09-01 23:58:57] INFO Val horizons | 15min_mae=2.521207 15min_rmse=4.867651 15min_mape=6.736049 | 30min_mae=2.845313 30min_rmse=5.761284 30min_mape=8.113653 | 60min_mae=3.243481 60min_rmse=6.844461 60min_mape=9.638098
[2026-09-02 00:00:02] INFO Epoch 032 | stage=posthoc_calibrator | train_total=0.314564 | train_forecast=0.314564 | train_confidence=0.000000 | train_risk=0.000000 | train_blend=0.000000 | val_total=0.313867 | val_mae=2.823236 | val_rmse=5.756320 | val_mape=7.965485 | val_confidence=0.000000 | val_risk=0.000000 | val_blend=0.000000 | batches=709/94 | seconds=64.24 | lr=[6.25e-05] | cuda_peak_mb=1420.1
[2026-09-02 00:00:02] INFO Val horizons | 15min_mae=2.524132 15min_rmse=4.864468 15min_mape=6.728286 | 30min_mae=2.854698 30min_rmse=5.761775 30min_mape=8.106941 | 60min_mae=3.261789 60min_rmse=6.865162 60min_mape=9.661672
[2026-09-02 00:01:06] INFO Epoch 033 | stage=posthoc_calibrator | train_total=0.314557 | train_forecast=0.314557 | train_confidence=0.000000 | train_risk=0.000000 | train_blend=0.000000 | val_total=0.312611 | val_mae=2.807871 | val_rmse=5.721519 | val_mape=7.875283 | val_confidence=0.000000 | val_risk=0.000000 | val_blend=0.000000 | batches=709/94 | seconds=64.26 | lr=[6.25e-05] | cuda_peak_mb=1420.1
[2026-09-02 00:01:06] INFO Val horizons | 15min_mae=2.518574 15min_rmse=4.858341 15min_mape=6.692542 | 30min_mae=2.838711 30min_rmse=5.732066 30min_mape=8.011961 | 60min_mae=3.237576 60min_rmse=6.803662 60min_mape=9.512401
[2026-09-02 00:02:10] INFO Epoch 034 | stage=posthoc_calibrator | train_total=0.314535 | train_forecast=0.314535 | train_confidence=0.000000 | train_risk=0.000000 | train_blend=0.000000 | val_total=0.312874 | val_mae=2.811146 | val_rmse=5.724608 | val_mape=7.864919 | val_confidence=0.000000 | val_risk=0.000000 | val_blend=0.000000 | batches=709/94 | seconds=64.32 | lr=[6.25e-05] | cuda_peak_mb=1420.4
[2026-09-02 00:02:10] INFO Val horizons | 15min_mae=2.519783 15min_rmse=4.858288 15min_mape=6.689105 | 30min_mae=2.841071 30min_rmse=5.734208 30min_mape=8.007457 | 60min_mae=3.241568 60min_rmse=6.810440 60min_mape=9.501184
[2026-09-02 00:03:14] INFO Epoch 035 | stage=posthoc_calibrator | train_total=0.314539 | train_forecast=0.314539 | train_confidence=0.000000 | train_risk=0.000000 | train_blend=0.000000 | val_total=0.313710 | val_mae=2.821293 | val_rmse=5.744256 | val_mape=7.913364 | val_confidence=0.000000 | val_risk=0.000000 | val_blend=0.000000 | batches=709/94 | seconds=64.20 | lr=[6.25e-05] | cuda_peak_mb=1421.2
[2026-09-02 00:03:14] INFO Val horizons | 15min_mae=2.523044 15min_rmse=4.860705 15min_mape=6.703469 | 30min_mae=2.850072 30min_rmse=5.747719 30min_mape=8.052365 | 60min_mae=3.262076 60min_rmse=6.851341 60min_mape=9.576060
[2026-09-02 00:04:19] INFO Epoch 036 | stage=posthoc_calibrator | train_total=0.314564 | train_forecast=0.314564 | train_confidence=0.000000 | train_risk=0.000000 | train_blend=0.000000 | val_total=0.312550 | val_mae=2.806922 | val_rmse=5.732163 | val_mape=7.942479 | val_confidence=0.000000 | val_risk=0.000000 | val_blend=0.000000 | batches=709/94 | seconds=64.31 | lr=[6.25e-05] | cuda_peak_mb=1420.4
[2026-09-02 00:04:19] INFO Val horizons | 15min_mae=2.518540 15min_rmse=4.862688 15min_mape=6.722026 | 30min_mae=2.837549 30min_rmse=5.742669 30min_mape=8.080342 | 60min_mae=3.231725 60min_rmse=6.815421 60min_mape=9.621828
[2026-09-02 00:05:23] INFO Epoch 037 | stage=posthoc_calibrator | train_total=0.314521 | train_forecast=0.314521 | train_confidence=0.000000 | train_risk=0.000000 | train_blend=0.000000 | val_total=0.312593 | val_mae=2.807481 | val_rmse=5.711816 | val_mape=7.823304 | val_confidence=0.000000 | val_risk=0.000000 | val_blend=0.000000 | batches=709/94 | seconds=64.23 | lr=[6.25e-05] | cuda_peak_mb=1421.6
[2026-09-02 00:05:23] INFO Val horizons | 15min_mae=2.517819 15min_rmse=4.853548 15min_mape=6.667648 | 30min_mae=2.837535 30min_rmse=5.720569 30min_mape=7.953033 | 60min_mae=3.237052 60min_rmse=6.791677 60min_mape=9.439029
[2026-09-02 00:06:26] INFO Epoch 038 | stage=posthoc_calibrator | train_total=0.314520 | train_forecast=0.314520 | train_confidence=0.000000 | train_risk=0.000000 | train_blend=0.000000 | val_total=0.313053 | val_mae=2.813159 | val_rmse=5.725175 | val_mape=7.911501 | val_confidence=0.000000 | val_risk=0.000000 | val_blend=0.000000 | batches=709/94 | seconds=63.66 | lr=[6.25e-05] | cuda_peak_mb=1420.0
[2026-09-02 00:06:26] INFO Val horizons | 15min_mae=2.520127 15min_rmse=4.857376 15min_mape=6.702411 | 30min_mae=2.841999 30min_rmse=5.731986 30min_mape=8.051520 | 60min_mae=3.250871 60min_rmse=6.819373 60min_mape=9.576136
[2026-09-02 00:07:29] INFO Epoch 039 | stage=posthoc_calibrator | train_total=0.314519 | train_forecast=0.314519 | train_confidence=0.000000 | train_risk=0.000000 | train_blend=0.000000 | val_total=0.313082 | val_mae=2.814042 | val_rmse=5.735441 | val_mape=7.864732 | val_confidence=0.000000 | val_risk=0.000000 | val_blend=0.000000 | batches=709/94 | seconds=62.98 | lr=[6.25e-05] | cuda_peak_mb=1421.8
[2026-09-02 00:07:29] INFO Val horizons | 15min_mae=2.519928 15min_rmse=4.859579 15min_mape=6.690595 | 30min_mae=2.842393 30min_rmse=5.741394 30min_mape=8.010067 | 60min_mae=3.248033 60min_rmse=6.832435 60min_mape=9.495177
[2026-09-02 00:08:33] INFO Epoch 040 | stage=posthoc_calibrator | train_total=0.314489 | train_forecast=0.314489 | train_confidence=0.000000 | train_risk=0.000000 | train_blend=0.000000 | val_total=0.313777 | val_mae=2.822078 | val_rmse=5.752877 | val_mape=7.950522 | val_confidence=0.000000 | val_risk=0.000000 | val_blend=0.000000 | batches=709/94 | seconds=63.02 | lr=[6.25e-05] | cuda_peak_mb=1421.1
[2026-09-02 00:08:33] INFO Val horizons | 15min_mae=2.522261 15min_rmse=4.862552 15min_mape=6.725288 | 30min_mae=2.848966 30min_rmse=5.751575 30min_mape=8.089019 | 60min_mae=3.265528 60min_rmse=6.869872 60min_mape=9.637891
[2026-09-02 00:09:36] INFO Epoch 041 | stage=posthoc_calibrator | train_total=0.314479 | train_forecast=0.314479 | train_confidence=0.000000 | train_risk=0.000000 | train_blend=0.000000 | val_total=0.313356 | val_mae=2.816838 | val_rmse=5.742012 | val_mape=7.947358 | val_confidence=0.000000 | val_risk=0.000000 | val_blend=0.000000 | batches=709/94 | seconds=63.00 | lr=[3.125e-05] | cuda_peak_mb=1421.1
[2026-09-02 00:09:36] INFO Val horizons | 15min_mae=2.520753 15min_rmse=4.862028 15min_mape=6.723325 | 30min_mae=2.845319 30min_rmse=5.746148 30min_mape=8.085753 | 60min_mae=3.253716 60min_rmse=6.841707 60min_mape=9.628965
[2026-09-02 00:10:39] INFO Epoch 042 | stage=posthoc_calibrator | train_total=0.314456 | train_forecast=0.314456 | train_confidence=0.000000 | train_risk=0.000000 | train_blend=0.000000 | val_total=0.312581 | val_mae=2.807336 | val_rmse=5.725129 | val_mape=7.910568 | val_confidence=0.000000 | val_risk=0.000000 | val_blend=0.000000 | batches=709/94 | seconds=63.05 | lr=[3.125e-05] | cuda_peak_mb=1419.6
[2026-09-02 00:10:39] INFO Val horizons | 15min_mae=2.518452 15min_rmse=4.860122 15min_mape=6.709839 | 30min_mae=2.837301 30min_rmse=5.736271 30min_mape=8.052008 | 60min_mae=3.237149 60min_rmse=6.809738 60min_mape=9.569239
[2026-09-02 00:11:42] INFO Epoch 043 | stage=posthoc_calibrator | train_total=0.314478 | train_forecast=0.314478 | train_confidence=0.000000 | train_risk=0.000000 | train_blend=0.000000 | val_total=0.312730 | val_mae=2.809024 | val_rmse=5.725321 | val_mape=7.875278 | val_confidence=0.000000 | val_risk=0.000000 | val_blend=0.000000 | batches=709/94 | seconds=63.09 | lr=[3.125e-05] | cuda_peak_mb=1420.2
[2026-09-02 00:11:42] INFO Val horizons | 15min_mae=2.517743 15min_rmse=4.857280 15min_mape=6.691134 | 30min_mae=2.837491 30min_rmse=5.732654 30min_mape=8.013436 | 60min_mae=3.239904 60min_rmse=6.813229 60min_mape=9.519040
[2026-09-02 00:12:45] INFO Epoch 044 | stage=posthoc_calibrator | train_total=0.314458 | train_forecast=0.314458 | train_confidence=0.000000 | train_risk=0.000000 | train_blend=0.000000 | val_total=0.313539 | val_mae=2.818912 | val_rmse=5.730373 | val_mape=7.876575 | val_confidence=0.000000 | val_risk=0.000000 | val_blend=0.000000 | batches=709/94 | seconds=63.03 | lr=[3.125e-05] | cuda_peak_mb=1420.8
[2026-09-02 00:12:45] INFO Val horizons | 15min_mae=2.522245 15min_rmse=4.855907 15min_mape=6.689551 | 30min_mae=2.847881 30min_rmse=5.734512 30min_mape=8.015939 | 60min_mae=3.257171 60min_rmse=6.827806 60min_mape=9.520136
[2026-09-02 00:13:48] INFO Epoch 045 | stage=posthoc_calibrator | train_total=0.314467 | train_forecast=0.314467 | train_confidence=0.000000 | train_risk=0.000000 | train_blend=0.000000 | val_total=0.313205 | val_mae=2.815149 | val_rmse=5.736183 | val_mape=7.875689 | val_confidence=0.000000 | val_risk=0.000000 | val_blend=0.000000 | batches=709/94 | seconds=63.06 | lr=[3.125e-05] | cuda_peak_mb=1421.0
[2026-09-02 00:13:48] INFO Val horizons | 15min_mae=2.520521 15min_rmse=4.856959 15min_mape=6.684871 | 30min_mae=2.844043 30min_rmse=5.740361 30min_mape=8.011290 | 60min_mae=3.252370 60min_rmse=6.839493 60min_mape=9.526249
[2026-09-02 00:14:51] INFO Epoch 046 | stage=posthoc_calibrator | train_total=0.314471 | train_forecast=0.314471 | train_confidence=0.000000 | train_risk=0.000000 | train_blend=0.000000 | val_total=0.313351 | val_mae=2.816917 | val_rmse=5.734975 | val_mape=7.886570 | val_confidence=0.000000 | val_risk=0.000000 | val_blend=0.000000 | batches=709/94 | seconds=63.03 | lr=[3.125e-05] | cuda_peak_mb=1420.4
[2026-09-02 00:14:51] INFO Val horizons | 15min_mae=2.520213 15min_rmse=4.857353 15min_mape=6.691220 | 30min_mae=2.843456 30min_rmse=5.734825 30min_mape=8.017293 | 60min_mae=3.257112 60min_rmse=6.839479 60min_mape=9.547968
[2026-09-02 00:15:54] INFO Epoch 047 | stage=posthoc_calibrator | train_total=0.314466 | train_forecast=0.314466 | train_confidence=0.000000 | train_risk=0.000000 | train_blend=0.000000 | val_total=0.312853 | val_mae=2.810834 | val_rmse=5.737164 | val_mape=7.927115 | val_confidence=0.000000 | val_risk=0.000000 | val_blend=0.000000 | batches=709/94 | seconds=63.07 | lr=[3.125e-05] | cuda_peak_mb=1419.7
[2026-09-02 00:15:54] INFO Val horizons | 15min_mae=2.519675 15min_rmse=4.861917 15min_mape=6.713405 | 30min_mae=2.840349 30min_rmse=5.745076 30min_mape=8.068980 | 60min_mae=3.242818 60min_rmse=6.831728 60min_mape=9.598739
[2026-09-02 00:16:57] INFO Epoch 048 | stage=posthoc_calibrator | train_total=0.314457 | train_forecast=0.314457 | train_confidence=0.000000 | train_risk=0.000000 | train_blend=0.000000 | val_total=0.313408 | val_mae=2.817611 | val_rmse=5.747767 | val_mape=7.944345 | val_confidence=0.000000 | val_risk=0.000000 | val_blend=0.000000 | batches=709/94 | seconds=63.10 | lr=[3.125e-05] | cuda_peak_mb=1421.1
[2026-09-02 00:16:57] INFO Val horizons | 15min_mae=2.521938 15min_rmse=4.863272 15min_mape=6.719651 | 30min_mae=2.847373 30min_rmse=5.753930 30min_mape=8.088281 | 60min_mae=3.254158 60min_rmse=6.850258 60min_mape=9.626439
[2026-09-02 00:18:00] INFO Epoch 049 | stage=posthoc_calibrator | train_total=0.314441 | train_forecast=0.314441 | train_confidence=0.000000 | train_risk=0.000000 | train_blend=0.000000 | val_total=0.312804 | val_mae=2.810591 | val_rmse=5.727218 | val_mape=7.852117 | val_confidence=0.000000 | val_risk=0.000000 | val_blend=0.000000 | batches=709/94 | seconds=62.96 | lr=[3.125e-05] | cuda_peak_mb=1420.4
[2026-09-02 00:18:00] INFO Val horizons | 15min_mae=2.518686 15min_rmse=4.856889 15min_mape=6.681875 | 30min_mae=2.840576 30min_rmse=5.735075 30min_mape=7.990992 | 60min_mae=3.243303 60min_rmse=6.820467 60min_mape=9.479038
[2026-09-02 00:19:03] INFO Epoch 050 | stage=posthoc_calibrator | train_total=0.314444 | train_forecast=0.314444 | train_confidence=0.000000 | train_risk=0.000000 | train_blend=0.000000 | val_total=0.313336 | val_mae=2.816829 | val_rmse=5.737345 | val_mape=7.878914 | val_confidence=0.000000 | val_risk=0.000000 | val_blend=0.000000 | batches=709/94 | seconds=62.94 | lr=[3.125e-05] | cuda_peak_mb=1421.2
[2026-09-02 00:19:03] INFO Val horizons | 15min_mae=2.521517 15min_rmse=4.858052 15min_mape=6.687462 | 30min_mae=2.845113 30min_rmse=5.740421 30min_mape=8.015847 | 60min_mae=3.254238 60min_rmse=6.838254 60min_mape=9.525127
[2026-09-02 00:19:03] INFO Downstream training finished | best_val_mae=2.797303 | checkpoint=C:\Users\clw\projects\researchRep\STAnchor-BlockMemory\artifacts\convergence\formal_20260901_final_router_gwn_seed42\downstream_best.pt
