[2026-09-11 11:03:41] INFO Downstream start | run=convergence/ablation_random_bank_router_st_norm_seed42 | device=cuda:0 (requested=cuda:0) | seed=42 | output=C:\Users\clw\projects\researchRep\STAnchor-BlockMemory\artifacts\convergence\ablation_random_bank_router_st_norm_seed42
[2026-09-11 11:03:41] INFO Mode | downstream_mode=learned_topk_error_aware | training_protocol=posthoc_frozen_base | candidate_protocol=weekday_radius1_overlap | candidate_ranking=learned_key
[2026-09-11 11:03:41] INFO Downstream initialization | seed=42 | state_hash=64961600d7f92c5e
[2026-09-11 11:03:41] INFO Frozen base | checkpoint=C:\Users\clw\projects\researchRep\STAnchor-BlockMemory\artifacts\convergence\formal_20260910_baseonly_st_norm_seed42\downstream_best.pt | fingerprint=f86786cb3485fb10
[2026-09-11 11:03:41] INFO Data | steps=34272 | nodes=207 | channels=1 | training_scope=full_train | memory/post_memory/train_selected/val/test=15876/6805/22681/2993/6025
[2026-09-11 11:03:41] INFO Bank/retrieval | dataset=metrla_random_queue | events=15876 | nodes=207 | retrieval_dim=64 | event_top_r=32 | node_top_k=12 | key_dtype=float16
[2026-09-11 11:03:41] INFO Frozen path cache | enabled=yes | candidate_ranking=learned_key | fill=first_epoch
[2026-09-11 11:03:41] INFO Parameters | downstream_total=921,686 | downstream_trainable=879,693 | backbone=0 | confidence_head=0 | fusion=0 | frozen_pretrained=958,704
[2026-09-11 11:03:41] INFO Optimization | epochs=50 | batch_size=32 | optimizer=adam | lr=0.0005 | weight_decay=0.0001 | scheduler=step_lr | step_size=10 | gamma=0.500 | confidence_weight=0.000 | patience=20 | early_stopping=disabled
[2026-09-11 11:03:43] INFO Stage start | stage=posthoc_calibrator | epochs=50 | optimizer_lrs=[0.0005]
[2026-09-11 11:09:17] INFO Epoch 001 | stage=posthoc_calibrator | train_total=3.055351 | train_forecast=3.055351 | train_confidence=0.000000 | train_risk=0.000000 | train_blend=0.000000 | val_total=2.910758 | val_mae=2.906159 | val_rmse=5.937880 | val_mape=8.271803 | val_confidence=0.000000 | val_risk=0.000000 | val_blend=0.000000 | batches=709/94 | seconds=334.25 | lr=[0.0005] | cuda_peak_mb=3495.1
[2026-09-11 11:09:17] INFO Val horizons | 15min_mae=2.635481 15min_rmse=5.089813 15min_mape=7.064284 | 30min_mae=2.946731 30min_rmse=5.985704 30min_mape=8.420323 | 60min_mae=3.307645 60min_rmse=6.957018 60min_mape=10.002681
[2026-09-11 11:09:17] INFO Checkpoint updated | epoch=1 | stage=posthoc_calibrator | best_val_mae=2.906159 | path=C:\Users\clw\projects\researchRep\STAnchor-BlockMemory\artifacts\convergence\ablation_random_bank_router_st_norm_seed42\downstream_best.pt
[2026-09-11 11:10:21] INFO Epoch 002 | stage=posthoc_calibrator | train_total=3.027138 | train_forecast=3.027138 | train_confidence=0.000000 | train_risk=0.000000 | train_blend=0.000000 | val_total=2.898580 | val_mae=2.893898 | val_rmse=5.889432 | val_mape=8.149999 | val_confidence=0.000000 | val_risk=0.000000 | val_blend=0.000000 | batches=709/94 | seconds=63.83 | lr=[0.0005] | cuda_peak_mb=1431.5
[2026-09-11 11:10:21] INFO Val horizons | 15min_mae=2.619785 15min_rmse=5.047746 15min_mape=6.935090 | 30min_mae=2.931662 30min_rmse=5.934584 30min_mape=8.265005 | 60min_mae=3.300004 60min_rmse=6.913685 60min_mape=9.911729
[2026-09-11 11:10:21] INFO Checkpoint updated | epoch=2 | stage=posthoc_calibrator | best_val_mae=2.893898 | path=C:\Users\clw\projects\researchRep\STAnchor-BlockMemory\artifacts\convergence\ablation_random_bank_router_st_norm_seed42\downstream_best.pt
[2026-09-11 11:11:24] INFO Epoch 003 | stage=posthoc_calibrator | train_total=3.017847 | train_forecast=3.017847 | train_confidence=0.000000 | train_risk=0.000000 | train_blend=0.000000 | val_total=2.899236 | val_mae=2.894544 | val_rmse=5.908112 | val_mape=8.146375 | val_confidence=0.000000 | val_risk=0.000000 | val_blend=0.000000 | batches=709/94 | seconds=63.68 | lr=[0.0005] | cuda_peak_mb=1431.3
[2026-09-11 11:11:24] INFO Val horizons | 15min_mae=2.611072 15min_rmse=5.059646 15min_mape=6.920775 | 30min_mae=2.928720 30min_rmse=5.956611 30min_mape=8.270325 | 60min_mae=3.317342 60min_rmse=6.932174 60min_mape=9.905574
[2026-09-11 11:12:28] INFO Epoch 004 | stage=posthoc_calibrator | train_total=3.013112 | train_forecast=3.013112 | train_confidence=0.000000 | train_risk=0.000000 | train_blend=0.000000 | val_total=2.885087 | val_mae=2.880146 | val_rmse=5.904129 | val_mape=8.164964 | val_confidence=0.000000 | val_risk=0.000000 | val_blend=0.000000 | batches=709/94 | seconds=63.70 | lr=[0.0005] | cuda_peak_mb=1431.0
[2026-09-11 11:12:28] INFO Val horizons | 15min_mae=2.602506 15min_rmse=5.064934 15min_mape=6.898207 | 30min_mae=2.918590 30min_rmse=5.962451 30min_mape=8.275284 | 60min_mae=3.285964 60min_rmse=6.910229 60min_mape=9.968816
[2026-09-11 11:12:28] INFO Checkpoint updated | epoch=4 | stage=posthoc_calibrator | best_val_mae=2.880146 | path=C:\Users\clw\projects\researchRep\STAnchor-BlockMemory\artifacts\convergence\ablation_random_bank_router_st_norm_seed42\downstream_best.pt
[2026-09-11 11:13:32] INFO Epoch 005 | stage=posthoc_calibrator | train_total=3.008664 | train_forecast=3.008664 | train_confidence=0.000000 | train_risk=0.000000 | train_blend=0.000000 | val_total=2.880791 | val_mae=2.875947 | val_rmse=5.896747 | val_mape=8.062128 | val_confidence=0.000000 | val_risk=0.000000 | val_blend=0.000000 | batches=709/94 | seconds=63.57 | lr=[0.0005] | cuda_peak_mb=1429.9
[2026-09-11 11:13:32] INFO Val horizons | 15min_mae=2.600656 15min_rmse=5.048422 15min_mape=6.845382 | 30min_mae=2.913602 30min_rmse=5.947768 30min_mape=8.162567 | 60min_mae=3.282008 60min_rmse=6.918713 60min_mape=9.840293
[2026-09-11 11:13:32] INFO Checkpoint updated | epoch=5 | stage=posthoc_calibrator | best_val_mae=2.875947 | path=C:\Users\clw\projects\researchRep\STAnchor-BlockMemory\artifacts\convergence\ablation_random_bank_router_st_norm_seed42\downstream_best.pt
[2026-09-11 11:14:35] INFO Epoch 006 | stage=posthoc_calibrator | train_total=3.005893 | train_forecast=3.005893 | train_confidence=0.000000 | train_risk=0.000000 | train_blend=0.000000 | val_total=2.883901 | val_mae=2.879167 | val_rmse=5.909964 | val_mape=8.120561 | val_confidence=0.000000 | val_risk=0.000000 | val_blend=0.000000 | batches=709/94 | seconds=63.69 | lr=[0.0005] | cuda_peak_mb=1430.3
[2026-09-11 11:14:35] INFO Val horizons | 15min_mae=2.600724 15min_rmse=5.058726 15min_mape=6.897984 | 30min_mae=2.917942 30min_rmse=5.971981 30min_mape=8.265066 | 60min_mae=3.287046 60min_rmse=6.923845 60min_mape=9.840049
[2026-09-11 11:15:39] INFO Epoch 007 | stage=posthoc_calibrator | train_total=3.003204 | train_forecast=3.003204 | train_confidence=0.000000 | train_risk=0.000000 | train_blend=0.000000 | val_total=2.892130 | val_mae=2.887521 | val_rmse=5.892279 | val_mape=8.135837 | val_confidence=0.000000 | val_risk=0.000000 | val_blend=0.000000 | batches=709/94 | seconds=63.58 | lr=[0.0005] | cuda_peak_mb=1431.5
[2026-09-11 11:15:39] INFO Val horizons | 15min_mae=2.605564 15min_rmse=5.026848 15min_mape=6.871679 | 30min_mae=2.925115 30min_rmse=5.925758 30min_mape=8.235754 | 60min_mae=3.305099 60min_rmse=6.950353 60min_mape=9.958859
[2026-09-11 11:16:43] INFO Epoch 008 | stage=posthoc_calibrator | train_total=3.001821 | train_forecast=3.001821 | train_confidence=0.000000 | train_risk=0.000000 | train_blend=0.000000 | val_total=2.881263 | val_mae=2.876218 | val_rmse=5.900885 | val_mape=8.226138 | val_confidence=0.000000 | val_risk=0.000000 | val_blend=0.000000 | batches=709/94 | seconds=63.62 | lr=[0.0005] | cuda_peak_mb=1430.6
[2026-09-11 11:16:43] INFO Val horizons | 15min_mae=2.600266 15min_rmse=5.054237 15min_mape=6.954278 | 30min_mae=2.915630 30min_rmse=5.951353 30min_mape=8.357548 | 60min_mae=3.281283 60min_rmse=6.923865 60min_mape=10.038279
[2026-09-11 11:17:46] INFO Epoch 009 | stage=posthoc_calibrator | train_total=3.000441 | train_forecast=3.000441 | train_confidence=0.000000 | train_risk=0.000000 | train_blend=0.000000 | val_total=2.878518 | val_mae=2.873651 | val_rmse=5.896160 | val_mape=8.019606 | val_confidence=0.000000 | val_risk=0.000000 | val_blend=0.000000 | batches=709/94 | seconds=63.65 | lr=[0.0005] | cuda_peak_mb=1429.7
[2026-09-11 11:17:46] INFO Val horizons | 15min_mae=2.595758 15min_rmse=5.054517 15min_mape=6.798251 | 30min_mae=2.910279 30min_rmse=5.958495 30min_mape=8.117258 | 60min_mae=3.285853 60min_rmse=6.907640 60min_mape=9.811087
[2026-09-11 11:17:46] INFO Checkpoint updated | epoch=9 | stage=posthoc_calibrator | best_val_mae=2.873651 | path=C:\Users\clw\projects\researchRep\STAnchor-BlockMemory\artifacts\convergence\ablation_random_bank_router_st_norm_seed42\downstream_best.pt
[2026-09-11 11:18:50] INFO Epoch 010 | stage=posthoc_calibrator | train_total=2.999539 | train_forecast=2.999539 | train_confidence=0.000000 | train_risk=0.000000 | train_blend=0.000000 | val_total=2.881338 | val_mae=2.876511 | val_rmse=5.918234 | val_mape=8.209985 | val_confidence=0.000000 | val_risk=0.000000 | val_blend=0.000000 | batches=709/94 | seconds=63.55 | lr=[0.0005] | cuda_peak_mb=1430.6
[2026-09-11 11:18:50] INFO Val horizons | 15min_mae=2.597765 15min_rmse=5.056624 15min_mape=6.916254 | 30min_mae=2.913621 30min_rmse=5.964578 30min_mape=8.341411 | 60min_mae=3.287493 60min_rmse=6.952127 60min_mape=10.034893
[2026-09-11 11:19:53] INFO Epoch 011 | stage=posthoc_calibrator | train_total=2.995112 | train_forecast=2.995112 | train_confidence=0.000000 | train_risk=0.000000 | train_blend=0.000000 | val_total=2.877666 | val_mae=2.872819 | val_rmse=5.897153 | val_mape=8.124660 | val_confidence=0.000000 | val_risk=0.000000 | val_blend=0.000000 | batches=709/94 | seconds=63.58 | lr=[0.00025] | cuda_peak_mb=1430.3
[2026-09-11 11:19:53] INFO Val horizons | 15min_mae=2.592880 15min_rmse=5.042585 15min_mape=6.856228 | 30min_mae=2.909379 30min_rmse=5.940615 30min_mape=8.230503 | 60min_mae=3.286716 60min_rmse=6.931688 60min_mape=9.956991
[2026-09-11 11:19:53] INFO Checkpoint updated | epoch=11 | stage=posthoc_calibrator | best_val_mae=2.872819 | path=C:\Users\clw\projects\researchRep\STAnchor-BlockMemory\artifacts\convergence\ablation_random_bank_router_st_norm_seed42\downstream_best.pt
[2026-09-11 11:20:57] INFO Epoch 012 | stage=posthoc_calibrator | train_total=2.994223 | train_forecast=2.994223 | train_confidence=0.000000 | train_risk=0.000000 | train_blend=0.000000 | val_total=2.885188 | val_mae=2.880364 | val_rmse=5.882169 | val_mape=8.087037 | val_confidence=0.000000 | val_risk=0.000000 | val_blend=0.000000 | batches=709/94 | seconds=63.67 | lr=[0.00025] | cuda_peak_mb=1430.0
[2026-09-11 11:20:57] INFO Val horizons | 15min_mae=2.595324 15min_rmse=5.041386 15min_mape=6.807083 | 30min_mae=2.917381 30min_rmse=5.933892 30min_mape=8.175701 | 60min_mae=3.301501 60min_rmse=6.909332 60min_mape=9.951782
[2026-09-11 11:22:01] INFO Epoch 013 | stage=posthoc_calibrator | train_total=2.993711 | train_forecast=2.993711 | train_confidence=0.000000 | train_risk=0.000000 | train_blend=0.000000 | val_total=2.877912 | val_mae=2.872987 | val_rmse=5.889085 | val_mape=8.159938 | val_confidence=0.000000 | val_risk=0.000000 | val_blend=0.000000 | batches=709/94 | seconds=63.62 | lr=[0.00025] | cuda_peak_mb=1429.9
[2026-09-11 11:22:01] INFO Val horizons | 15min_mae=2.591780 15min_rmse=5.041288 15min_mape=6.864091 | 30min_mae=2.908333 30min_rmse=5.928549 30min_mape=8.240467 | 60min_mae=3.291389 60min_rmse=6.928541 60min_mape=10.039307
[2026-09-11 11:23:04] INFO Epoch 014 | stage=posthoc_calibrator | train_total=2.992667 | train_forecast=2.992667 | train_confidence=0.000000 | train_risk=0.000000 | train_blend=0.000000 | val_total=2.882932 | val_mae=2.878137 | val_rmse=5.879771 | val_mape=8.050239 | val_confidence=0.000000 | val_risk=0.000000 | val_blend=0.000000 | batches=709/94 | seconds=63.68 | lr=[0.00025] | cuda_peak_mb=1430.7
[2026-09-11 11:23:04] INFO Val horizons | 15min_mae=2.594724 15min_rmse=5.039846 15min_mape=6.810201 | 30min_mae=2.913671 30min_rmse=5.936966 30min_mape=8.144829 | 60min_mae=3.298312 60min_rmse=6.896119 60min_mape=9.852539
[2026-09-11 11:24:08] INFO Epoch 015 | stage=posthoc_calibrator | train_total=2.992564 | train_forecast=2.992564 | train_confidence=0.000000 | train_risk=0.000000 | train_blend=0.000000 | val_total=2.876985 | val_mae=2.872209 | val_rmse=5.891145 | val_mape=8.055473 | val_confidence=0.000000 | val_risk=0.000000 | val_blend=0.000000 | batches=709/94 | seconds=63.64 | lr=[0.00025] | cuda_peak_mb=1429.9
[2026-09-11 11:24:08] INFO Val horizons | 15min_mae=2.592731 15min_rmse=5.045207 15min_mape=6.803407 | 30min_mae=2.909142 30min_rmse=5.936416 30min_mape=8.163530 | 60min_mae=3.285200 60min_rmse=6.918635 60min_mape=9.851595
[2026-09-11 11:24:08] INFO Checkpoint updated | epoch=15 | stage=posthoc_calibrator | best_val_mae=2.872209 | path=C:\Users\clw\projects\researchRep\STAnchor-BlockMemory\artifacts\convergence\ablation_random_bank_router_st_norm_seed42\downstream_best.pt
[2026-09-11 11:25:12] INFO Epoch 016 | stage=posthoc_calibrator | train_total=2.992113 | train_forecast=2.992113 | train_confidence=0.000000 | train_risk=0.000000 | train_blend=0.000000 | val_total=2.873398 | val_mae=2.868550 | val_rmse=5.891497 | val_mape=8.037008 | val_confidence=0.000000 | val_risk=0.000000 | val_blend=0.000000 | batches=709/94 | seconds=63.71 | lr=[0.00025] | cuda_peak_mb=1431.0
[2026-09-11 11:25:12] INFO Val horizons | 15min_mae=2.588828 15min_rmse=5.047724 15min_mape=6.820522 | 30min_mae=2.903798 30min_rmse=5.945246 30min_mape=8.140946 | 60min_mae=3.284841 60min_rmse=6.911921 60min_mape=9.820740
[2026-09-11 11:25:12] INFO Checkpoint updated | epoch=16 | stage=posthoc_calibrator | best_val_mae=2.868550 | path=C:\Users\clw\projects\researchRep\STAnchor-BlockMemory\artifacts\convergence\ablation_random_bank_router_st_norm_seed42\downstream_best.pt
[2026-09-11 11:26:15] INFO Epoch 017 | stage=posthoc_calibrator | train_total=2.991656 | train_forecast=2.991656 | train_confidence=0.000000 | train_risk=0.000000 | train_blend=0.000000 | val_total=2.878182 | val_mae=2.873348 | val_rmse=5.877101 | val_mape=8.022808 | val_confidence=0.000000 | val_risk=0.000000 | val_blend=0.000000 | batches=709/94 | seconds=63.57 | lr=[0.00025] | cuda_peak_mb=1431.3
[2026-09-11 11:26:15] INFO Val horizons | 15min_mae=2.590272 15min_rmse=5.036280 15min_mape=6.807988 | 30min_mae=2.907440 30min_rmse=5.929212 30min_mape=8.127682 | 60min_mae=3.294669 60min_rmse=6.896652 60min_mape=9.817862
[2026-09-11 11:27:19] INFO Epoch 018 | stage=posthoc_calibrator | train_total=2.991035 | train_forecast=2.991035 | train_confidence=0.000000 | train_risk=0.000000 | train_blend=0.000000 | val_total=2.874253 | val_mae=2.869315 | val_rmse=5.890928 | val_mape=8.062904 | val_confidence=0.000000 | val_risk=0.000000 | val_blend=0.000000 | batches=709/94 | seconds=63.88 | lr=[0.00025] | cuda_peak_mb=1430.3
[2026-09-11 11:27:19] INFO Val horizons | 15min_mae=2.588457 15min_rmse=5.051068 15min_mape=6.818172 | 30min_mae=2.905625 30min_rmse=5.948183 30min_mape=8.158196 | 60min_mae=3.282776 60min_rmse=6.909752 60min_mape=9.895195
[2026-09-11 11:28:23] INFO Epoch 019 | stage=posthoc_calibrator | train_total=2.990856 | train_forecast=2.990856 | train_confidence=0.000000 | train_risk=0.000000 | train_blend=0.000000 | val_total=2.877072 | val_mae=2.872216 | val_rmse=5.883024 | val_mape=8.089767 | val_confidence=0.000000 | val_risk=0.000000 | val_blend=0.000000 | batches=709/94 | seconds=63.61 | lr=[0.00025] | cuda_peak_mb=1431.5
[2026-09-11 11:28:23] INFO Val horizons | 15min_mae=2.590206 15min_rmse=5.034008 15min_mape=6.823666 | 30min_mae=2.908571 30min_rmse=5.932561 30min_mape=8.180619 | 60min_mae=3.290951 60min_rmse=6.910312 60min_mape=9.953202
[2026-09-11 11:29:27] INFO Epoch 020 | stage=posthoc_calibrator | train_total=2.990492 | train_forecast=2.990492 | train_confidence=0.000000 | train_risk=0.000000 | train_blend=0.000000 | val_total=2.876689 | val_mae=2.871705 | val_rmse=5.868850 | val_mape=8.050858 | val_confidence=0.000000 | val_risk=0.000000 | val_blend=0.000000 | batches=709/94 | seconds=63.65 | lr=[0.00025] | cuda_peak_mb=1431.0
[2026-09-11 11:29:27] INFO Val horizons | 15min_mae=2.590314 15min_rmse=5.036675 15min_mape=6.822548 | 30min_mae=2.907213 30min_rmse=5.924065 30min_mape=8.161055 | 60min_mae=3.290850 60min_rmse=6.874270 60min_mape=9.823482
[2026-09-11 11:30:30] INFO Epoch 021 | stage=posthoc_calibrator | train_total=2.987502 | train_forecast=2.987502 | train_confidence=0.000000 | train_risk=0.000000 | train_blend=0.000000 | val_total=2.876313 | val_mae=2.871508 | val_rmse=5.870159 | val_mape=8.041334 | val_confidence=0.000000 | val_risk=0.000000 | val_blend=0.000000 | batches=709/94 | seconds=63.75 | lr=[0.000125] | cuda_peak_mb=1429.7
[2026-09-11 11:30:30] INFO Val horizons | 15min_mae=2.590081 15min_rmse=5.029129 15min_mape=6.797327 | 30min_mae=2.907680 30min_rmse=5.917817 30min_mape=8.136158 | 60min_mae=3.289154 60min_rmse=6.897157 60min_mape=9.860737
[2026-09-11 11:31:34] INFO Epoch 022 | stage=posthoc_calibrator | train_total=2.987272 | train_forecast=2.987272 | train_confidence=0.000000 | train_risk=0.000000 | train_blend=0.000000 | val_total=2.871929 | val_mae=2.867087 | val_rmse=5.883102 | val_mape=8.003698 | val_confidence=0.000000 | val_risk=0.000000 | val_blend=0.000000 | batches=709/94 | seconds=63.63 | lr=[0.000125] | cuda_peak_mb=1429.7
[2026-09-11 11:31:34] INFO Val horizons | 15min_mae=2.587555 15min_rmse=5.045681 15min_mape=6.801704 | 30min_mae=2.903602 30min_rmse=5.936805 30min_mape=8.115557 | 60min_mae=3.282493 60min_rmse=6.901978 60min_mape=9.767508
[2026-09-11 11:31:34] INFO Checkpoint updated | epoch=22 | stage=posthoc_calibrator | best_val_mae=2.867087 | path=C:\Users\clw\projects\researchRep\STAnchor-BlockMemory\artifacts\convergence\ablation_random_bank_router_st_norm_seed42\downstream_best.pt
[2026-09-11 11:32:38] INFO Epoch 023 | stage=posthoc_calibrator | train_total=2.986758 | train_forecast=2.986758 | train_confidence=0.000000 | train_risk=0.000000 | train_blend=0.000000 | val_total=2.870041 | val_mae=2.865049 | val_rmse=5.878995 | val_mape=8.100475 | val_confidence=0.000000 | val_risk=0.000000 | val_blend=0.000000 | batches=709/94 | seconds=63.64 | lr=[0.000125] | cuda_peak_mb=1432.1
[2026-09-11 11:32:38] INFO Val horizons | 15min_mae=2.588022 15min_rmse=5.039521 15min_mape=6.838158 | 30min_mae=2.901594 30min_rmse=5.927921 30min_mape=8.205238 | 60min_mae=3.276942 60min_rmse=6.901242 60min_mape=9.926504
[2026-09-11 11:32:38] INFO Checkpoint updated | epoch=23 | stage=posthoc_calibrator | best_val_mae=2.865049 | path=C:\Users\clw\projects\researchRep\STAnchor-BlockMemory\artifacts\convergence\ablation_random_bank_router_st_norm_seed42\downstream_best.pt
[2026-09-11 11:33:41] INFO Epoch 024 | stage=posthoc_calibrator | train_total=2.986823 | train_forecast=2.986823 | train_confidence=0.000000 | train_risk=0.000000 | train_blend=0.000000 | val_total=2.870575 | val_mae=2.865663 | val_rmse=5.896969 | val_mape=8.133809 | val_confidence=0.000000 | val_risk=0.000000 | val_blend=0.000000 | batches=709/94 | seconds=63.62 | lr=[0.000125] | cuda_peak_mb=1431.7
[2026-09-11 11:33:41] INFO Val horizons | 15min_mae=2.587000 15min_rmse=5.041093 15min_mape=6.839910 | 30min_mae=2.901351 30min_rmse=5.940595 30min_mape=8.217955 | 60min_mae=3.280267 60min_rmse=6.936631 60min_mape=10.026234
[2026-09-11 11:34:45] INFO Epoch 025 | stage=posthoc_calibrator | train_total=2.986267 | train_forecast=2.986267 | train_confidence=0.000000 | train_risk=0.000000 | train_blend=0.000000 | val_total=2.869518 | val_mae=2.864590 | val_rmse=5.890952 | val_mape=8.154179 | val_confidence=0.000000 | val_risk=0.000000 | val_blend=0.000000 | batches=709/94 | seconds=63.62 | lr=[0.000125] | cuda_peak_mb=1430.7
[2026-09-11 11:34:45] INFO Val horizons | 15min_mae=2.587036 15min_rmse=5.040653 15min_mape=6.864495 | 30min_mae=2.900898 30min_rmse=5.932514 30min_mape=8.253449 | 60min_mae=3.276191 60min_rmse=6.925670 60min_mape=10.017537
[2026-09-11 11:34:45] INFO Checkpoint updated | epoch=25 | stage=posthoc_calibrator | best_val_mae=2.864590 | path=C:\Users\clw\projects\researchRep\STAnchor-BlockMemory\artifacts\convergence\ablation_random_bank_router_st_norm_seed42\downstream_best.pt
[2026-09-11 11:35:49] INFO Epoch 026 | stage=posthoc_calibrator | train_total=2.985969 | train_forecast=2.985969 | train_confidence=0.000000 | train_risk=0.000000 | train_blend=0.000000 | val_total=2.871444 | val_mae=2.866622 | val_rmse=5.870457 | val_mape=7.977214 | val_confidence=0.000000 | val_risk=0.000000 | val_blend=0.000000 | batches=709/94 | seconds=63.62 | lr=[0.000125] | cuda_peak_mb=1431.0
[2026-09-11 11:35:49] INFO Val horizons | 15min_mae=2.586821 15min_rmse=5.036473 15min_mape=6.774609 | 30min_mae=2.902126 30min_rmse=5.925465 30min_mape=8.077241 | 60min_mae=3.283173 60min_rmse=6.887408 60min_mape=9.770293
[2026-09-11 11:36:52] INFO Epoch 027 | stage=posthoc_calibrator | train_total=2.985877 | train_forecast=2.985877 | train_confidence=0.000000 | train_risk=0.000000 | train_blend=0.000000 | val_total=2.870201 | val_mae=2.865277 | val_rmse=5.878839 | val_mape=8.036259 | val_confidence=0.000000 | val_risk=0.000000 | val_blend=0.000000 | batches=709/94 | seconds=63.59 | lr=[0.000125] | cuda_peak_mb=1430.0
[2026-09-11 11:36:52] INFO Val horizons | 15min_mae=2.587409 15min_rmse=5.040046 15min_mape=6.828568 | 30min_mae=2.901642 30min_rmse=5.927623 30min_mape=8.152136 | 60min_mae=3.278281 60min_rmse=6.896417 60min_mape=9.790318
[2026-09-11 11:37:56] INFO Epoch 028 | stage=posthoc_calibrator | train_total=2.985460 | train_forecast=2.985460 | train_confidence=0.000000 | train_risk=0.000000 | train_blend=0.000000 | val_total=2.874911 | val_mae=2.870085 | val_rmse=5.895404 | val_mape=8.110140 | val_confidence=0.000000 | val_risk=0.000000 | val_blend=0.000000 | batches=709/94 | seconds=63.65 | lr=[0.000125] | cuda_peak_mb=1430.0
[2026-09-11 11:37:56] INFO Val horizons | 15min_mae=2.588356 15min_rmse=5.049663 15min_mape=6.828436 | 30min_mae=2.906856 30min_rmse=5.943593 30min_mape=8.206237 | 60min_mae=3.286776 60min_rmse=6.920396 60min_mape=9.965067
[2026-09-11 11:39:00] INFO Epoch 029 | stage=posthoc_calibrator | train_total=2.985501 | train_forecast=2.985501 | train_confidence=0.000000 | train_risk=0.000000 | train_blend=0.000000 | val_total=2.872264 | val_mae=2.867439 | val_rmse=5.875498 | val_mape=8.068334 | val_confidence=0.000000 | val_risk=0.000000 | val_blend=0.000000 | batches=709/94 | seconds=63.75 | lr=[0.000125] | cuda_peak_mb=1430.0
[2026-09-11 11:39:00] INFO Val horizons | 15min_mae=2.587430 15min_rmse=5.035625 15min_mape=6.789982 | 30min_mae=2.905030 30min_rmse=5.922560 30min_mape=8.147454 | 60min_mae=3.281845 60min_rmse=6.906590 60min_mape=9.963932
[2026-09-11 11:40:03] INFO Epoch 030 | stage=posthoc_calibrator | train_total=2.985308 | train_forecast=2.985308 | train_confidence=0.000000 | train_risk=0.000000 | train_blend=0.000000 | val_total=2.869126 | val_mae=2.864283 | val_rmse=5.875929 | val_mape=8.061003 | val_confidence=0.000000 | val_risk=0.000000 | val_blend=0.000000 | batches=709/94 | seconds=63.60 | lr=[0.000125] | cuda_peak_mb=1430.3
[2026-09-11 11:40:03] INFO Val horizons | 15min_mae=2.586120 15min_rmse=5.035464 15min_mape=6.806266 | 30min_mae=2.900544 30min_rmse=5.923478 30min_mape=8.167391 | 60min_mae=3.278013 60min_rmse=6.905121 60min_mape=9.885684
[2026-09-11 11:40:03] INFO Checkpoint updated | epoch=30 | stage=posthoc_calibrator | best_val_mae=2.864283 | path=C:\Users\clw\projects\researchRep\STAnchor-BlockMemory\artifacts\convergence\ablation_random_bank_router_st_norm_seed42\downstream_best.pt
[2026-09-11 11:41:07] INFO Epoch 031 | stage=posthoc_calibrator | train_total=2.983888 | train_forecast=2.983888 | train_confidence=0.000000 | train_risk=0.000000 | train_blend=0.000000 | val_total=2.872104 | val_mae=2.867182 | val_rmse=5.876469 | val_mape=8.082844 | val_confidence=0.000000 | val_risk=0.000000 | val_blend=0.000000 | batches=709/94 | seconds=63.69 | lr=[6.25e-05] | cuda_peak_mb=1430.3
[2026-09-11 11:41:07] INFO Val horizons | 15min_mae=2.586901 15min_rmse=5.034695 15min_mape=6.818759 | 30min_mae=2.904327 30min_rmse=5.927357 30min_mape=8.184586 | 60min_mae=3.282624 60min_rmse=6.900294 60min_mape=9.930589
[2026-09-11 11:42:11] INFO Epoch 032 | stage=posthoc_calibrator | train_total=2.983624 | train_forecast=2.983624 | train_confidence=0.000000 | train_risk=0.000000 | train_blend=0.000000 | val_total=2.868896 | val_mae=2.863935 | val_rmse=5.881495 | val_mape=8.102416 | val_confidence=0.000000 | val_risk=0.000000 | val_blend=0.000000 | batches=709/94 | seconds=63.76 | lr=[6.25e-05] | cuda_peak_mb=1430.0
[2026-09-11 11:42:11] INFO Val horizons | 15min_mae=2.586895 15min_rmse=5.036566 15min_mape=6.843151 | 30min_mae=2.901147 30min_rmse=5.931164 30min_mape=8.215958 | 60min_mae=3.275705 60min_rmse=6.907158 60min_mape=9.925842
[2026-09-11 11:42:11] INFO Checkpoint updated | epoch=32 | stage=posthoc_calibrator | best_val_mae=2.863935 | path=C:\Users\clw\projects\researchRep\STAnchor-BlockMemory\artifacts\convergence\ablation_random_bank_router_st_norm_seed42\downstream_best.pt
[2026-09-11 11:43:14] INFO Epoch 033 | stage=posthoc_calibrator | train_total=2.983558 | train_forecast=2.983558 | train_confidence=0.000000 | train_risk=0.000000 | train_blend=0.000000 | val_total=2.871618 | val_mae=2.866710 | val_rmse=5.893966 | val_mape=8.141770 | val_confidence=0.000000 | val_risk=0.000000 | val_blend=0.000000 | batches=709/94 | seconds=63.72 | lr=[6.25e-05] | cuda_peak_mb=1430.6
[2026-09-11 11:43:14] INFO Val horizons | 15min_mae=2.587414 15min_rmse=5.046749 15min_mape=6.868861 | 30min_mae=2.903705 30min_rmse=5.940224 30min_mape=8.249531 | 60min_mae=3.282161 60min_rmse=6.924573 60min_mape=9.989320
[2026-09-11 11:44:18] INFO Epoch 034 | stage=posthoc_calibrator | train_total=2.983510 | train_forecast=2.983510 | train_confidence=0.000000 | train_risk=0.000000 | train_blend=0.000000 | val_total=2.867515 | val_mae=2.862574 | val_rmse=5.890532 | val_mape=8.085267 | val_confidence=0.000000 | val_risk=0.000000 | val_blend=0.000000 | batches=709/94 | seconds=63.64 | lr=[6.25e-05] | cuda_peak_mb=1430.6
[2026-09-11 11:44:18] INFO Val horizons | 15min_mae=2.585131 15min_rmse=5.040817 15min_mape=6.809847 | 30min_mae=2.899264 30min_rmse=5.935126 30min_mape=8.175799 | 60min_mae=3.274979 60min_rmse=6.922002 60min_mape=9.964957
[2026-09-11 11:44:18] INFO Checkpoint updated | epoch=34 | stage=posthoc_calibrator | best_val_mae=2.862574 | path=C:\Users\clw\projects\researchRep\STAnchor-BlockMemory\artifacts\convergence\ablation_random_bank_router_st_norm_seed42\downstream_best.pt
[2026-09-11 11:45:22] INFO Epoch 035 | stage=posthoc_calibrator | train_total=2.982916 | train_forecast=2.982916 | train_confidence=0.000000 | train_risk=0.000000 | train_blend=0.000000 | val_total=2.866490 | val_mae=2.861584 | val_rmse=5.888065 | val_mape=8.042242 | val_confidence=0.000000 | val_risk=0.000000 | val_blend=0.000000 | batches=709/94 | seconds=63.65 | lr=[6.25e-05] | cuda_peak_mb=1429.7
[2026-09-11 11:45:22] INFO Val horizons | 15min_mae=2.584404 15min_rmse=5.040322 15min_mape=6.802260 | 30min_mae=2.897938 30min_rmse=5.936892 30min_mape=8.139211 | 60min_mae=3.274320 60min_rmse=6.916554 60min_mape=9.871213
[2026-09-11 11:45:22] INFO Checkpoint updated | epoch=35 | stage=posthoc_calibrator | best_val_mae=2.861584 | path=C:\Users\clw\projects\researchRep\STAnchor-BlockMemory\artifacts\convergence\ablation_random_bank_router_st_norm_seed42\downstream_best.pt
[2026-09-11 11:46:25] INFO Epoch 036 | stage=posthoc_calibrator | train_total=2.983180 | train_forecast=2.983180 | train_confidence=0.000000 | train_risk=0.000000 | train_blend=0.000000 | val_total=2.870646 | val_mae=2.865719 | val_rmse=5.887792 | val_mape=8.100425 | val_confidence=0.000000 | val_risk=0.000000 | val_blend=0.000000 | batches=709/94 | seconds=63.64 | lr=[6.25e-05] | cuda_peak_mb=1432.1
[2026-09-11 11:46:25] INFO Val horizons | 15min_mae=2.586059 15min_rmse=5.042482 15min_mape=6.839889 | 30min_mae=2.902787 30min_rmse=5.937757 30min_mape=8.208785 | 60min_mae=3.280583 60min_rmse=6.918108 60min_mape=9.930545
[2026-09-11 11:47:29] INFO Epoch 037 | stage=posthoc_calibrator | train_total=2.983191 | train_forecast=2.983191 | train_confidence=0.000000 | train_risk=0.000000 | train_blend=0.000000 | val_total=2.868817 | val_mae=2.863912 | val_rmse=5.873486 | val_mape=8.044729 | val_confidence=0.000000 | val_risk=0.000000 | val_blend=0.000000 | batches=709/94 | seconds=63.72 | lr=[6.25e-05] | cuda_peak_mb=1431.0
[2026-09-11 11:47:29] INFO Val horizons | 15min_mae=2.584728 15min_rmse=5.037182 15min_mape=6.802031 | 30min_mae=2.900961 30min_rmse=5.927124 30min_mape=8.149507 | 60min_mae=3.278295 60min_rmse=6.889666 60min_mape=9.856293
[2026-09-11 11:48:33] INFO Epoch 038 | stage=posthoc_calibrator | train_total=2.983090 | train_forecast=2.983090 | train_confidence=0.000000 | train_risk=0.000000 | train_blend=0.000000 | val_total=2.870418 | val_mae=2.865556 | val_rmse=5.869997 | val_mape=7.988785 | val_confidence=0.000000 | val_risk=0.000000 | val_blend=0.000000 | batches=709/94 | seconds=63.75 | lr=[6.25e-05] | cuda_peak_mb=1430.3
[2026-09-11 11:48:33] INFO Val horizons | 15min_mae=2.585111 15min_rmse=5.037530 15min_mape=6.787591 | 30min_mae=2.902252 30min_rmse=5.924405 30min_mape=8.107780 | 60min_mae=3.282137 60min_rmse=6.885807 60min_mape=9.759934
[2026-09-11 11:49:37] INFO Epoch 039 | stage=posthoc_calibrator | train_total=2.982607 | train_forecast=2.982607 | train_confidence=0.000000 | train_risk=0.000000 | train_blend=0.000000 | val_total=2.868130 | val_mae=2.863192 | val_rmse=5.888471 | val_mape=8.116834 | val_confidence=0.000000 | val_risk=0.000000 | val_blend=0.000000 | batches=709/94 | seconds=63.74 | lr=[6.25e-05] | cuda_peak_mb=1430.0
[2026-09-11 11:49:37] INFO Val horizons | 15min_mae=2.585443 15min_rmse=5.040414 15min_mape=6.838091 | 30min_mae=2.900603 30min_rmse=5.935593 30min_mape=8.213197 | 60min_mae=3.274995 60min_rmse=6.919611 60min_mape=9.977666
[2026-09-11 11:50:40] INFO Epoch 040 | stage=posthoc_calibrator | train_total=2.982376 | train_forecast=2.982376 | train_confidence=0.000000 | train_risk=0.000000 | train_blend=0.000000 | val_total=2.871295 | val_mae=2.866387 | val_rmse=5.898509 | val_mape=8.137623 | val_confidence=0.000000 | val_risk=0.000000 | val_blend=0.000000 | batches=709/94 | seconds=63.71 | lr=[6.25e-05] | cuda_peak_mb=1431.5
[2026-09-11 11:50:40] INFO Val horizons | 15min_mae=2.585975 15min_rmse=5.048195 15min_mape=6.836727 | 30min_mae=2.903001 30min_rmse=5.948417 30min_mape=8.234270 | 60min_mae=3.282912 60min_rmse=6.930908 60min_mape=10.031211
[2026-09-11 11:51:44] INFO Epoch 041 | stage=posthoc_calibrator | train_total=2.981736 | train_forecast=2.981736 | train_confidence=0.000000 | train_risk=0.000000 | train_blend=0.000000 | val_total=2.866879 | val_mae=2.861922 | val_rmse=5.881945 | val_mape=8.048643 | val_confidence=0.000000 | val_risk=0.000000 | val_blend=0.000000 | batches=709/94 | seconds=63.64 | lr=[3.125e-05] | cuda_peak_mb=1430.6
[2026-09-11 11:51:44] INFO Val horizons | 15min_mae=2.584093 15min_rmse=5.039598 15min_mape=6.806261 | 30min_mae=2.899258 30min_rmse=5.933947 30min_mape=8.152263 | 60min_mae=3.274644 60min_rmse=6.903614 60min_mape=9.868801
[2026-09-11 11:52:48] INFO Epoch 042 | stage=posthoc_calibrator | train_total=2.981718 | train_forecast=2.981718 | train_confidence=0.000000 | train_risk=0.000000 | train_blend=0.000000 | val_total=2.871852 | val_mae=2.867043 | val_rmse=5.877512 | val_mape=8.041495 | val_confidence=0.000000 | val_risk=0.000000 | val_blend=0.000000 | batches=709/94 | seconds=63.82 | lr=[3.125e-05] | cuda_peak_mb=1430.3
[2026-09-11 11:52:48] INFO Val horizons | 15min_mae=2.585482 15min_rmse=5.038720 15min_mape=6.811343 | 30min_mae=2.903341 30min_rmse=5.929351 30min_mape=8.158349 | 60min_mae=3.286710 60min_rmse=6.900181 60min_mape=9.838778
[2026-09-11 11:53:52] INFO Epoch 043 | stage=posthoc_calibrator | train_total=2.981167 | train_forecast=2.981167 | train_confidence=0.000000 | train_risk=0.000000 | train_blend=0.000000 | val_total=2.868010 | val_mae=2.863115 | val_rmse=5.887049 | val_mape=8.047207 | val_confidence=0.000000 | val_risk=0.000000 | val_blend=0.000000 | batches=709/94 | seconds=63.91 | lr=[3.125e-05] | cuda_peak_mb=1429.6
[2026-09-11 11:53:52] INFO Val horizons | 15min_mae=2.584441 15min_rmse=5.045958 15min_mape=6.800327 | 30min_mae=2.900108 30min_rmse=5.943000 30min_mape=8.152207 | 60min_mae=3.277818 60min_rmse=6.903961 60min_mape=9.870415
[2026-09-11 11:54:55] INFO Epoch 044 | stage=posthoc_calibrator | train_total=2.981357 | train_forecast=2.981357 | train_confidence=0.000000 | train_risk=0.000000 | train_blend=0.000000 | val_total=2.869194 | val_mae=2.864301 | val_rmse=5.874685 | val_mape=8.054371 | val_confidence=0.000000 | val_risk=0.000000 | val_blend=0.000000 | batches=709/94 | seconds=63.69 | lr=[3.125e-05] | cuda_peak_mb=1431.0
[2026-09-11 11:54:55] INFO Val horizons | 15min_mae=2.585241 15min_rmse=5.040045 15min_mape=6.807790 | 30min_mae=2.901727 30min_rmse=5.927591 30min_mape=8.160931 | 60min_mae=3.279033 60min_rmse=6.894933 60min_mape=9.876590
[2026-09-11 11:55:59] INFO Epoch 045 | stage=posthoc_calibrator | train_total=2.981571 | train_forecast=2.981571 | train_confidence=0.000000 | train_risk=0.000000 | train_blend=0.000000 | val_total=2.867284 | val_mae=2.862397 | val_rmse=5.883720 | val_mape=8.056509 | val_confidence=0.000000 | val_risk=0.000000 | val_blend=0.000000 | batches=709/94 | seconds=63.70 | lr=[3.125e-05] | cuda_peak_mb=1431.3
[2026-09-11 11:55:59] INFO Val horizons | 15min_mae=2.584093 15min_rmse=5.042580 15min_mape=6.802424 | 30min_mae=2.899631 30min_rmse=5.936564 30min_mape=8.158929 | 60min_mae=3.276207 60min_rmse=6.908619 60min_mape=9.896227
[2026-09-11 11:57:03] INFO Epoch 046 | stage=posthoc_calibrator | train_total=2.981320 | train_forecast=2.981320 | train_confidence=0.000000 | train_risk=0.000000 | train_blend=0.000000 | val_total=2.869548 | val_mae=2.864594 | val_rmse=5.883946 | val_mape=8.117399 | val_confidence=0.000000 | val_risk=0.000000 | val_blend=0.000000 | batches=709/94 | seconds=63.76 | lr=[3.125e-05] | cuda_peak_mb=1431.0
[2026-09-11 11:57:03] INFO Val horizons | 15min_mae=2.585131 15min_rmse=5.040104 15min_mape=6.837649 | 30min_mae=2.902043 30min_rmse=5.931251 30min_mape=8.216991 | 60min_mae=3.278918 60min_rmse=6.915883 60min_mape=9.985941
[2026-09-11 11:58:07] INFO Epoch 047 | stage=posthoc_calibrator | train_total=2.981271 | train_forecast=2.981271 | train_confidence=0.000000 | train_risk=0.000000 | train_blend=0.000000 | val_total=2.869528 | val_mae=2.864630 | val_rmse=5.888569 | val_mape=8.093929 | val_confidence=0.000000 | val_risk=0.000000 | val_blend=0.000000 | batches=709/94 | seconds=63.66 | lr=[3.125e-05] | cuda_peak_mb=1431.3
[2026-09-11 11:58:07] INFO Val horizons | 15min_mae=2.585364 15min_rmse=5.039363 15min_mape=6.829321 | 30min_mae=2.902102 30min_rmse=5.937075 30min_mape=8.201292 | 60min_mae=3.278839 60min_rmse=6.918864 60min_mape=9.930992
[2026-09-11 11:59:10] INFO Epoch 048 | stage=posthoc_calibrator | train_total=2.980993 | train_forecast=2.980993 | train_confidence=0.000000 | train_risk=0.000000 | train_blend=0.000000 | val_total=2.870206 | val_mae=2.865354 | val_rmse=5.884255 | val_mape=8.037988 | val_confidence=0.000000 | val_risk=0.000000 | val_blend=0.000000 | batches=709/94 | seconds=63.77 | lr=[3.125e-05] | cuda_peak_mb=1430.0
[2026-09-11 11:59:10] INFO Val horizons | 15min_mae=2.584834 15min_rmse=5.042050 15min_mape=6.796995 | 30min_mae=2.902207 30min_rmse=5.936306 30min_mape=8.146545 | 60min_mae=3.282739 60min_rmse=6.907917 60min_mape=9.852306
[2026-09-11 12:00:14] INFO Epoch 049 | stage=posthoc_calibrator | train_total=2.981011 | train_forecast=2.981011 | train_confidence=0.000000 | train_risk=0.000000 | train_blend=0.000000 | val_total=2.869308 | val_mae=2.864425 | val_rmse=5.880637 | val_mape=8.037927 | val_confidence=0.000000 | val_risk=0.000000 | val_blend=0.000000 | batches=709/94 | seconds=63.71 | lr=[3.125e-05] | cuda_peak_mb=1431.5
[2026-09-11 12:00:14] INFO Val horizons | 15min_mae=2.584196 15min_rmse=5.046228 15min_mape=6.803702 | 30min_mae=2.901267 30min_rmse=5.938688 30min_mape=8.153734 | 60min_mae=3.281696 60min_rmse=6.895745 60min_mape=9.831521
[2026-09-11 12:01:18] INFO Epoch 050 | stage=posthoc_calibrator | train_total=2.981053 | train_forecast=2.981053 | train_confidence=0.000000 | train_risk=0.000000 | train_blend=0.000000 | val_total=2.866868 | val_mae=2.861818 | val_rmse=5.876811 | val_mape=8.079162 | val_confidence=0.000000 | val_risk=0.000000 | val_blend=0.000000 | batches=709/94 | seconds=63.68 | lr=[3.125e-05] | cuda_peak_mb=1431.0
[2026-09-11 12:01:18] INFO Val horizons | 15min_mae=2.585283 15min_rmse=5.041646 15min_mape=6.837459 | 30min_mae=2.899838 30min_rmse=5.934071 30min_mape=8.190851 | 60min_mae=3.272141 60min_rmse=6.889095 60min_mape=9.891500
[2026-09-11 12:01:18] INFO Downstream training finished | best_val_mae=2.861584 | checkpoint=C:\Users\clw\projects\researchRep\STAnchor-BlockMemory\artifacts\convergence\ablation_random_bank_router_st_norm_seed42\downstream_best.pt
