[2026-09-11 01:23:17] INFO Downstream start | run=convergence/formal_20260910_baseonly_st_ssdl_seed42 | device=cuda:0 (requested=cuda:0) | seed=42 | output=C:\Users\clw\projects\researchRep\STAnchor-BlockMemory\artifacts\convergence\formal_20260910_baseonly_st_ssdl_seed42
[2026-09-11 01:23:17] INFO Mode | downstream_mode=base_only | training_protocol=staged_joint | candidate_protocol=weekday_radius1_overlap | candidate_ranking=learned_key
[2026-09-11 01:23:17] INFO Downstream initialization | seed=42 | state_hash=fcc99c1b54bb5ff1
[2026-09-11 01:23:17] INFO Data | steps=34272 | nodes=207 | channels=1 | training_scope=full_train | memory/post_memory/train_selected/val/test=15876/6805/22681/2993/6025
[2026-09-11 01:23:17] INFO Bank/retrieval | disabled (base_only)
[2026-09-11 01:23:17] INFO Frozen path cache | enabled=no | candidate_ranking=learned_key | fill=first_epoch
[2026-09-11 01:23:17] INFO Parameters | downstream_total=647,007 | downstream_trainable=646,738 | backbone=646,738 | confidence_head=0 | fusion=0 | frozen_pretrained=0
[2026-09-11 01:23:17] INFO Optimization | epochs=100 | batch_size=128 | optimizer=adam | lr=0.01 | weight_decay=0 | scheduler=multi_step_lr | step_size=10 | gamma=0.100 | confidence_weight=0.000 | patience=30 | early_stopping=enabled
[2026-09-11 01:23:18] INFO Stage start | stage=standard | epochs=100 | optimizer_lrs=[0.01]
[2026-09-11 01:25:25] INFO Epoch 001 | stage=standard | train_total=6.204064 | train_forecast=2.547604 | train_confidence=0.000000 | train_risk=0.000000 | train_blend=0.000000 | val_total=3.244741 | val_mae=3.260433 | val_rmse=6.608653 | val_mape=9.460581 | val_confidence=0.000000 | val_risk=0.000000 | val_blend=0.000000 | batches=178/24 | seconds=127.54 | lr=[0.01] | cuda_peak_mb=9423.6
[2026-09-11 01:25:25] INFO Val horizons | 15min_mae=2.748958 15min_rmse=5.354736 15min_mape=7.483573 | 30min_mae=3.263177 30min_rmse=6.581351 30min_mape=9.453991 | 60min_mae=4.005354 60min_rmse=8.106408 60min_mape=12.366612
[2026-09-11 01:25:25] INFO Checkpoint updated | epoch=1 | stage=standard | best_val_mae=3.260433 | path=C:\Users\clw\projects\researchRep\STAnchor-BlockMemory\artifacts\convergence\formal_20260910_baseonly_st_ssdl_seed42\downstream_best.pt
[2026-09-11 01:27:35] INFO Epoch 002 | stage=standard | train_total=7.350390 | train_forecast=2.285490 | train_confidence=0.000000 | train_risk=0.000000 | train_blend=0.000000 | val_total=3.031599 | val_mae=3.049601 | val_rmse=6.332278 | val_mape=8.966051 | val_confidence=0.000000 | val_risk=0.000000 | val_blend=0.000000 | batches=178/24 | seconds=129.64 | lr=[0.01] | cuda_peak_mb=9423.5
[2026-09-11 01:27:35] INFO Val horizons | 15min_mae=2.631848 15min_rmse=5.214047 15min_mape=7.181161 | 30min_mae=3.064476 30min_rmse=6.327631 30min_mape=8.979456 | 60min_mae=3.648201 60min_rmse=7.689450 60min_mape=11.532521
[2026-09-11 01:27:35] INFO Checkpoint updated | epoch=2 | stage=standard | best_val_mae=3.049601 | path=C:\Users\clw\projects\researchRep\STAnchor-BlockMemory\artifacts\convergence\formal_20260910_baseonly_st_ssdl_seed42\downstream_best.pt
[2026-09-11 01:29:46] INFO Epoch 003 | stage=standard | train_total=8.132154 | train_forecast=2.246078 | train_confidence=0.000000 | train_risk=0.000000 | train_blend=0.000000 | val_total=3.060103 | val_mae=3.073130 | val_rmse=6.358724 | val_mape=8.802375 | val_confidence=0.000000 | val_risk=0.000000 | val_blend=0.000000 | batches=178/24 | seconds=130.78 | lr=[0.01] | cuda_peak_mb=9423.5
[2026-09-11 01:29:46] INFO Val horizons | 15min_mae=2.630601 15min_rmse=5.214879 15min_mape=7.013379 | 30min_mae=3.091587 30min_rmse=6.340996 30min_mape=8.836441 | 60min_mae=3.709426 60min_rmse=7.752924 60min_mape=11.319854
[2026-09-11 01:31:57] INFO Epoch 004 | stage=standard | train_total=8.781247 | train_forecast=2.216586 | train_confidence=0.000000 | train_risk=0.000000 | train_blend=0.000000 | val_total=3.035105 | val_mae=3.052089 | val_rmse=6.562535 | val_mape=8.339825 | val_confidence=0.000000 | val_risk=0.000000 | val_blend=0.000000 | batches=178/24 | seconds=130.78 | lr=[0.01] | cuda_peak_mb=9423.5
[2026-09-11 01:31:57] INFO Val horizons | 15min_mae=2.600478 15min_rmse=5.276083 15min_mape=6.682596 | 30min_mae=3.048518 30min_rmse=6.497138 30min_mape=8.345562 | 60min_mae=3.738424 60min_rmse=8.157223 60min_mape=10.737172
[2026-09-11 01:34:07] INFO Epoch 005 | stage=standard | train_total=9.021227 | train_forecast=2.203492 | train_confidence=0.000000 | train_risk=0.000000 | train_blend=0.000000 | val_total=3.116341 | val_mae=3.132912 | val_rmse=6.471104 | val_mape=8.667707 | val_confidence=0.000000 | val_risk=0.000000 | val_blend=0.000000 | batches=178/24 | seconds=130.75 | lr=[0.01] | cuda_peak_mb=9423.5
[2026-09-11 01:34:07] INFO Val horizons | 15min_mae=2.692724 15min_rmse=5.179842 15min_mape=7.187807 | 30min_mae=3.137052 30min_rmse=6.393633 30min_mape=8.730670 | 60min_mae=3.802929 60min_rmse=8.060894 60min_mape=10.877213
[2026-09-11 01:36:18] INFO Epoch 006 | stage=standard | train_total=9.290954 | train_forecast=2.189877 | train_confidence=0.000000 | train_risk=0.000000 | train_blend=0.000000 | val_total=2.823809 | val_mae=2.837379 | val_rmse=6.039761 | val_mape=8.003755 | val_confidence=0.000000 | val_risk=0.000000 | val_blend=0.000000 | batches=178/24 | seconds=130.93 | lr=[0.01] | cuda_peak_mb=9423.5
[2026-09-11 01:36:18] INFO Val horizons | 15min_mae=2.500029 15min_rmse=5.018086 15min_mape=6.573624 | 30min_mae=2.862938 30min_rmse=6.063959 30min_mape=8.104213 | 60min_mae=3.321930 60min_rmse=7.251223 60min_mape=9.990275
[2026-09-11 01:36:18] INFO Checkpoint updated | epoch=6 | stage=standard | best_val_mae=2.837379 | path=C:\Users\clw\projects\researchRep\STAnchor-BlockMemory\artifacts\convergence\formal_20260910_baseonly_st_ssdl_seed42\downstream_best.pt
[2026-09-11 01:38:29] INFO Epoch 007 | stage=standard | train_total=9.546139 | train_forecast=2.178701 | train_confidence=0.000000 | train_risk=0.000000 | train_blend=0.000000 | val_total=2.872501 | val_mae=2.886597 | val_rmse=6.109617 | val_mape=7.831707 | val_confidence=0.000000 | val_risk=0.000000 | val_blend=0.000000 | batches=178/24 | seconds=130.77 | lr=[0.01] | cuda_peak_mb=9423.5
[2026-09-11 01:38:29] INFO Val horizons | 15min_mae=2.499889 15min_rmse=4.982819 15min_mape=6.428451 | 30min_mae=2.887750 30min_rmse=6.075911 30min_mape=7.882384 | 60min_mae=3.478724 60min_rmse=7.502355 60min_mape=9.855801
[2026-09-11 01:40:40] INFO Epoch 008 | stage=standard | train_total=9.807610 | train_forecast=2.168395 | train_confidence=0.000000 | train_risk=0.000000 | train_blend=0.000000 | val_total=2.798718 | val_mae=2.811815 | val_rmse=5.933643 | val_mape=8.074578 | val_confidence=0.000000 | val_risk=0.000000 | val_blend=0.000000 | batches=178/24 | seconds=130.82 | lr=[0.01] | cuda_peak_mb=9423.5
[2026-09-11 01:40:40] INFO Val horizons | 15min_mae=2.502189 15min_rmse=4.928183 15min_mape=6.671391 | 30min_mae=2.836505 30min_rmse=5.969019 30min_mape=8.144740 | 60min_mae=3.262866 60min_rmse=7.111678 60min_mape=10.036853
[2026-09-11 01:40:40] INFO Checkpoint updated | epoch=8 | stage=standard | best_val_mae=2.811815 | path=C:\Users\clw\projects\researchRep\STAnchor-BlockMemory\artifacts\convergence\formal_20260910_baseonly_st_ssdl_seed42\downstream_best.pt
[2026-09-11 01:42:51] INFO Epoch 009 | stage=standard | train_total=9.971103 | train_forecast=2.159359 | train_confidence=0.000000 | train_risk=0.000000 | train_blend=0.000000 | val_total=2.803201 | val_mae=2.815499 | val_rmse=5.957501 | val_mape=7.467753 | val_confidence=0.000000 | val_risk=0.000000 | val_blend=0.000000 | batches=178/24 | seconds=130.96 | lr=[0.01] | cuda_peak_mb=9423.5
[2026-09-11 01:42:51] INFO Val horizons | 15min_mae=2.470321 15min_rmse=4.940831 15min_mape=6.302219 | 30min_mae=2.826209 30min_rmse=5.967824 30min_mape=7.571448 | 60min_mae=3.334924 60min_rmse=7.179690 60min_mape=9.086816
[2026-09-11 01:45:02] INFO Epoch 010 | stage=standard | train_total=10.047412 | train_forecast=2.152857 | train_confidence=0.000000 | train_risk=0.000000 | train_blend=0.000000 | val_total=2.807652 | val_mae=2.820255 | val_rmse=6.066743 | val_mape=7.503348 | val_confidence=0.000000 | val_risk=0.000000 | val_blend=0.000000 | batches=178/24 | seconds=130.96 | lr=[0.01] | cuda_peak_mb=9423.5
[2026-09-11 01:45:02] INFO Val horizons | 15min_mae=2.473701 15min_rmse=4.970529 15min_mape=6.291790 | 30min_mae=2.831984 30min_rmse=6.067928 30min_mape=7.582569 | 60min_mae=3.339546 60min_rmse=7.368510 60min_mape=9.214526
[2026-09-11 01:47:13] INFO Epoch 011 | stage=standard | train_total=10.206138 | train_forecast=2.140666 | train_confidence=0.000000 | train_risk=0.000000 | train_blend=0.000000 | val_total=2.913853 | val_mae=2.930392 | val_rmse=6.272225 | val_mape=7.776192 | val_confidence=0.000000 | val_risk=0.000000 | val_blend=0.000000 | batches=178/24 | seconds=130.74 | lr=[0.01] | cuda_peak_mb=9423.5
[2026-09-11 01:47:13] INFO Val horizons | 15min_mae=2.490991 15min_rmse=5.022970 15min_mape=6.297839 | 30min_mae=2.921413 30min_rmse=6.214403 30min_mape=7.795830 | 60min_mae=3.599463 60min_rmse=7.796729 60min_mape=9.912809
[2026-09-11 01:49:23] INFO Epoch 012 | stage=standard | train_total=10.332012 | train_forecast=2.134606 | train_confidence=0.000000 | train_risk=0.000000 | train_blend=0.000000 | val_total=2.808953 | val_mae=2.822032 | val_rmse=5.919105 | val_mape=8.032405 | val_confidence=0.000000 | val_risk=0.000000 | val_blend=0.000000 | batches=178/24 | seconds=130.75 | lr=[0.01] | cuda_peak_mb=9423.5
[2026-09-11 01:49:23] INFO Val horizons | 15min_mae=2.483411 15min_rmse=4.902750 15min_mape=6.612352 | 30min_mae=2.837297 30min_rmse=5.930806 30min_mape=8.086907 | 60min_mae=3.327559 60min_rmse=7.140248 60min_mape=10.098611
[2026-09-11 01:51:34] INFO Epoch 013 | stage=standard | train_total=10.425842 | train_forecast=2.127983 | train_confidence=0.000000 | train_risk=0.000000 | train_blend=0.000000 | val_total=2.789587 | val_mae=2.798958 | val_rmse=5.840860 | val_mape=7.512758 | val_confidence=0.000000 | val_risk=0.000000 | val_blend=0.000000 | batches=178/24 | seconds=130.66 | lr=[0.01] | cuda_peak_mb=9423.5
[2026-09-11 01:51:34] INFO Val horizons | 15min_mae=2.466924 15min_rmse=4.886929 15min_mape=6.265697 | 30min_mae=2.825869 30min_rmse=5.883889 30min_mape=7.608522 | 60min_mae=3.274995 60min_rmse=6.968544 60min_mape=9.248331
[2026-09-11 01:51:34] INFO Checkpoint updated | epoch=13 | stage=standard | best_val_mae=2.798958 | path=C:\Users\clw\projects\researchRep\STAnchor-BlockMemory\artifacts\convergence\formal_20260910_baseonly_st_ssdl_seed42\downstream_best.pt
[2026-09-11 01:53:45] INFO Epoch 014 | stage=standard | train_total=10.570181 | train_forecast=2.117764 | train_confidence=0.000000 | train_risk=0.000000 | train_blend=0.000000 | val_total=2.855028 | val_mae=2.869926 | val_rmse=6.093530 | val_mape=7.417211 | val_confidence=0.000000 | val_risk=0.000000 | val_blend=0.000000 | batches=178/24 | seconds=130.82 | lr=[0.01] | cuda_peak_mb=9423.5
[2026-09-11 01:53:45] INFO Val horizons | 15min_mae=2.457998 15min_rmse=4.928296 15min_mape=6.167503 | 30min_mae=2.863529 30min_rmse=6.065275 30min_mape=7.479113 | 60min_mae=3.496401 60min_rmse=7.498917 60min_mape=9.190610
[2026-09-11 01:55:56] INFO Epoch 015 | stage=standard | train_total=10.740310 | train_forecast=2.112327 | train_confidence=0.000000 | train_risk=0.000000 | train_blend=0.000000 | val_total=2.748081 | val_mae=2.760813 | val_rmse=5.905450 | val_mape=7.292942 | val_confidence=0.000000 | val_risk=0.000000 | val_blend=0.000000 | batches=178/24 | seconds=130.80 | lr=[0.01] | cuda_peak_mb=9423.5
[2026-09-11 01:55:56] INFO Val horizons | 15min_mae=2.427370 15min_rmse=4.884977 15min_mape=6.173540 | 30min_mae=2.779099 30min_rmse=5.937267 30min_mape=7.426036 | 60min_mae=3.246700 60min_rmse=7.093502 60min_mape=8.797177
[2026-09-11 01:55:56] INFO Checkpoint updated | epoch=15 | stage=standard | best_val_mae=2.760813 | path=C:\Users\clw\projects\researchRep\STAnchor-BlockMemory\artifacts\convergence\formal_20260910_baseonly_st_ssdl_seed42\downstream_best.pt
[2026-09-11 01:58:06] INFO Epoch 016 | stage=standard | train_total=10.916446 | train_forecast=2.102615 | train_confidence=0.000000 | train_risk=0.000000 | train_blend=0.000000 | val_total=2.845484 | val_mae=2.860986 | val_rmse=6.249831 | val_mape=7.501155 | val_confidence=0.000000 | val_risk=0.000000 | val_blend=0.000000 | batches=178/24 | seconds=130.71 | lr=[0.01] | cuda_peak_mb=9423.5
[2026-09-11 01:58:06] INFO Val horizons | 15min_mae=2.453074 15min_rmse=4.962694 15min_mape=6.163972 | 30min_mae=2.854393 30min_rmse=6.179335 30min_mape=7.534410 | 60min_mae=3.483280 60min_rmse=7.811473 60min_mape=9.430550
[2026-09-11 02:00:17] INFO Epoch 017 | stage=standard | train_total=11.063139 | train_forecast=2.097202 | train_confidence=0.000000 | train_risk=0.000000 | train_blend=0.000000 | val_total=2.725813 | val_mae=2.737688 | val_rmse=5.860904 | val_mape=7.728405 | val_confidence=0.000000 | val_risk=0.000000 | val_blend=0.000000 | batches=178/24 | seconds=130.61 | lr=[0.01] | cuda_peak_mb=9423.5
[2026-09-11 02:00:17] INFO Val horizons | 15min_mae=2.427578 15min_rmse=4.858721 15min_mape=6.363564 | 30min_mae=2.760859 30min_rmse=5.884429 30min_mape=7.797169 | 60min_mae=3.191579 60min_rmse=7.052345 60min_mape=9.683299
[2026-09-11 02:00:17] INFO Checkpoint updated | epoch=17 | stage=standard | best_val_mae=2.737688 | path=C:\Users\clw\projects\researchRep\STAnchor-BlockMemory\artifacts\convergence\formal_20260910_baseonly_st_ssdl_seed42\downstream_best.pt
[2026-09-11 02:02:28] INFO Epoch 018 | stage=standard | train_total=11.220952 | train_forecast=2.091077 | train_confidence=0.000000 | train_risk=0.000000 | train_blend=0.000000 | val_total=3.329469 | val_mae=3.359559 | val_rmse=7.578445 | val_mape=8.964226 | val_confidence=0.000000 | val_risk=0.000000 | val_blend=0.000000 | batches=178/24 | seconds=130.65 | lr=[0.01] | cuda_peak_mb=9423.5
[2026-09-11 02:02:28] INFO Val horizons | 15min_mae=2.580039 15min_rmse=5.220804 15min_mape=6.560969 | 30min_mae=3.243358 30min_rmse=7.048537 30min_mape=8.759823 | 60min_mae=4.630832 60min_rmse=10.556388 60min_mape=12.618358
[2026-09-11 02:04:38] INFO Epoch 019 | stage=standard | train_total=11.333497 | train_forecast=2.082345 | train_confidence=0.000000 | train_risk=0.000000 | train_blend=0.000000 | val_total=2.834253 | val_mae=2.848561 | val_rmse=6.077168 | val_mape=7.444939 | val_confidence=0.000000 | val_risk=0.000000 | val_blend=0.000000 | batches=178/24 | seconds=130.68 | lr=[0.01] | cuda_peak_mb=9423.5
[2026-09-11 02:04:38] INFO Val horizons | 15min_mae=2.437251 15min_rmse=4.876507 15min_mape=6.177577 | 30min_mae=2.832532 30min_rmse=6.015107 30min_mape=7.497580 | 60min_mae=3.490383 60min_rmse=7.554562 60min_mape=9.271137
[2026-09-11 02:06:49] INFO Epoch 020 | stage=standard | train_total=11.447290 | train_forecast=2.077080 | train_confidence=0.000000 | train_risk=0.000000 | train_blend=0.000000 | val_total=2.768915 | val_mae=2.780597 | val_rmse=5.891820 | val_mape=7.381404 | val_confidence=0.000000 | val_risk=0.000000 | val_blend=0.000000 | batches=178/24 | seconds=130.64 | lr=[0.01] | cuda_peak_mb=9423.5
[2026-09-11 02:06:49] INFO Val horizons | 15min_mae=2.434189 15min_rmse=4.865348 15min_mape=6.186770 | 30min_mae=2.794343 30min_rmse=5.901549 30min_mape=7.507484 | 60min_mae=3.294816 60min_rmse=7.123807 60min_mape=9.015157
[2026-09-11 02:08:59] INFO Epoch 021 | stage=standard | train_total=11.529726 | train_forecast=2.069613 | train_confidence=0.000000 | train_risk=0.000000 | train_blend=0.000000 | val_total=2.798738 | val_mae=2.811105 | val_rmse=5.893547 | val_mape=7.741897 | val_confidence=0.000000 | val_risk=0.000000 | val_blend=0.000000 | batches=178/24 | seconds=130.56 | lr=[0.01] | cuda_peak_mb=9423.5
[2026-09-11 02:08:59] INFO Val horizons | 15min_mae=2.437969 15min_rmse=4.848234 15min_mape=6.349455 | 30min_mae=2.818212 30min_rmse=5.901024 30min_mape=7.814353 | 60min_mae=3.362160 60min_rmse=7.133350 60min_mape=9.694076
[2026-09-11 02:11:10] INFO Epoch 022 | stage=standard | train_total=11.575493 | train_forecast=2.066675 | train_confidence=0.000000 | train_risk=0.000000 | train_blend=0.000000 | val_total=2.902539 | val_mae=2.912630 | val_rmse=6.174894 | val_mape=7.673489 | val_confidence=0.000000 | val_risk=0.000000 | val_blend=0.000000 | batches=178/24 | seconds=130.72 | lr=[0.01] | cuda_peak_mb=9423.5
[2026-09-11 02:11:10] INFO Val horizons | 15min_mae=2.489624 15min_rmse=4.929637 15min_mape=6.334122 | 30min_mae=2.898423 30min_rmse=6.092266 30min_mape=7.703950 | 60min_mae=3.573717 60min_rmse=7.724474 60min_mape=9.665107
[2026-09-11 02:13:21] INFO Epoch 023 | stage=standard | train_total=11.628800 | train_forecast=2.057674 | train_confidence=0.000000 | train_risk=0.000000 | train_blend=0.000000 | val_total=2.744639 | val_mae=2.755199 | val_rmse=5.907628 | val_mape=7.640854 | val_confidence=0.000000 | val_risk=0.000000 | val_blend=0.000000 | batches=178/24 | seconds=130.62 | lr=[0.01] | cuda_peak_mb=9423.5
[2026-09-11 02:13:21] INFO Val horizons | 15min_mae=2.422968 15min_rmse=4.882518 15min_mape=6.280482 | 30min_mae=2.775988 30min_rmse=5.942566 30min_mape=7.717393 | 60min_mae=3.228530 60min_rmse=7.077900 60min_mape=9.541191
[2026-09-11 02:15:31] INFO Epoch 024 | stage=standard | train_total=11.741233 | train_forecast=2.053686 | train_confidence=0.000000 | train_risk=0.000000 | train_blend=0.000000 | val_total=2.892271 | val_mae=2.906352 | val_rmse=6.342417 | val_mape=7.438969 | val_confidence=0.000000 | val_risk=0.000000 | val_blend=0.000000 | batches=178/24 | seconds=130.64 | lr=[0.01] | cuda_peak_mb=9423.5
[2026-09-11 02:15:31] INFO Val horizons | 15min_mae=2.452610 15min_rmse=4.945952 15min_mape=6.136462 | 30min_mae=2.889283 30min_rmse=6.230756 30min_mape=7.478000 | 60min_mae=3.595875 60min_rmse=8.027899 60min_mape=9.296155
[2026-09-11 02:17:42] INFO Epoch 025 | stage=standard | train_total=11.807152 | train_forecast=2.048628 | train_confidence=0.000000 | train_risk=0.000000 | train_blend=0.000000 | val_total=2.975059 | val_mae=2.993624 | val_rmse=6.522813 | val_mape=7.647295 | val_confidence=0.000000 | val_risk=0.000000 | val_blend=0.000000 | batches=178/24 | seconds=130.66 | lr=[0.01] | cuda_peak_mb=9423.5
[2026-09-11 02:17:42] INFO Val horizons | 15min_mae=2.466698 15min_rmse=4.938360 15min_mape=6.108861 | 30min_mae=2.947279 30min_rmse=6.312389 30min_mape=7.605331 | 60min_mae=3.822985 60min_rmse=8.490118 60min_mape=9.921128
[2026-09-11 02:19:53] INFO Epoch 026 | stage=standard | train_total=11.846087 | train_forecast=2.042251 | train_confidence=0.000000 | train_risk=0.000000 | train_blend=0.000000 | val_total=2.780187 | val_mae=2.790759 | val_rmse=6.002756 | val_mape=7.539696 | val_confidence=0.000000 | val_risk=0.000000 | val_blend=0.000000 | batches=178/24 | seconds=130.63 | lr=[0.01] | cuda_peak_mb=9423.5
[2026-09-11 02:19:53] INFO Val horizons | 15min_mae=2.430986 15min_rmse=4.878981 15min_mape=6.177422 | 30min_mae=2.806247 30min_rmse=6.004450 30min_mape=7.626590 | 60min_mae=3.308962 60min_rmse=7.303495 60min_mape=9.403728
[2026-09-11 02:22:03] INFO Epoch 027 | stage=standard | train_total=11.861315 | train_forecast=2.040349 | train_confidence=0.000000 | train_risk=0.000000 | train_blend=0.000000 | val_total=2.778075 | val_mae=2.789262 | val_rmse=6.040855 | val_mape=7.668159 | val_confidence=0.000000 | val_risk=0.000000 | val_blend=0.000000 | batches=178/24 | seconds=130.64 | lr=[0.01] | cuda_peak_mb=9423.5
[2026-09-11 02:22:03] INFO Val horizons | 15min_mae=2.442019 15min_rmse=4.922291 15min_mape=6.316495 | 30min_mae=2.809868 30min_rmse=6.056629 30min_mape=7.779259 | 60min_mae=3.291002 60min_rmse=7.332574 60min_mape=9.516018
[2026-09-11 02:24:14] INFO Epoch 028 | stage=standard | train_total=11.909181 | train_forecast=2.034888 | train_confidence=0.000000 | train_risk=0.000000 | train_blend=0.000000 | val_total=2.768313 | val_mae=2.779177 | val_rmse=5.983914 | val_mape=7.572250 | val_confidence=0.000000 | val_risk=0.000000 | val_blend=0.000000 | batches=178/24 | seconds=130.67 | lr=[0.01] | cuda_peak_mb=9423.5
[2026-09-11 02:24:14] INFO Val horizons | 15min_mae=2.443788 15min_rmse=4.938522 15min_mape=6.250025 | 30min_mae=2.802334 30min_rmse=6.010943 30min_mape=7.648638 | 60min_mae=3.264944 60min_rmse=7.205685 60min_mape=9.431326
[2026-09-11 02:26:25] INFO Epoch 029 | stage=standard | train_total=11.975482 | train_forecast=2.030673 | train_confidence=0.000000 | train_risk=0.000000 | train_blend=0.000000 | val_total=2.780741 | val_mae=2.791956 | val_rmse=5.943118 | val_mape=7.535032 | val_confidence=0.000000 | val_risk=0.000000 | val_blend=0.000000 | batches=178/24 | seconds=130.70 | lr=[0.01] | cuda_peak_mb=9423.5
[2026-09-11 02:26:25] INFO Val horizons | 15min_mae=2.438103 15min_rmse=4.860405 15min_mape=6.230724 | 30min_mae=2.809468 30min_rmse=5.959346 30min_mape=7.619810 | 60min_mae=3.308107 60min_rmse=7.201756 60min_mape=9.358566
[2026-09-11 02:28:35] INFO Epoch 030 | stage=standard | train_total=11.952467 | train_forecast=2.024561 | train_confidence=0.000000 | train_risk=0.000000 | train_blend=0.000000 | val_total=2.890821 | val_mae=2.905593 | val_rmse=6.079079 | val_mape=7.483727 | val_confidence=0.000000 | val_risk=0.000000 | val_blend=0.000000 | batches=178/24 | seconds=130.73 | lr=[0.01] | cuda_peak_mb=9423.5
[2026-09-11 02:28:35] INFO Val horizons | 15min_mae=2.455696 15min_rmse=4.883892 15min_mape=6.191905 | 30min_mae=2.896002 30min_rmse=6.040864 30min_mape=7.554885 | 60min_mae=3.579891 60min_rmse=7.493470 60min_mape=9.319561
[2026-09-11 02:30:46] INFO Epoch 031 | stage=standard | train_total=11.996787 | train_forecast=2.021938 | train_confidence=0.000000 | train_risk=0.000000 | train_blend=0.000000 | val_total=2.866875 | val_mae=2.880969 | val_rmse=6.256429 | val_mape=7.645524 | val_confidence=0.000000 | val_risk=0.000000 | val_blend=0.000000 | batches=178/24 | seconds=130.74 | lr=[0.01] | cuda_peak_mb=9423.5
[2026-09-11 02:30:46] INFO Val horizons | 15min_mae=2.452444 15min_rmse=4.942176 15min_mape=6.202597 | 30min_mae=2.874360 30min_rmse=6.177971 30min_mape=7.677629 | 60min_mae=3.529489 60min_rmse=7.848783 60min_mape=9.727786
[2026-09-11 02:32:57] INFO Epoch 032 | stage=standard | train_total=12.041596 | train_forecast=2.018418 | train_confidence=0.000000 | train_risk=0.000000 | train_blend=0.000000 | val_total=2.778659 | val_mae=2.790504 | val_rmse=6.038459 | val_mape=8.006266 | val_confidence=0.000000 | val_risk=0.000000 | val_blend=0.000000 | batches=178/24 | seconds=130.80 | lr=[0.01] | cuda_peak_mb=9423.5
[2026-09-11 02:32:57] INFO Val horizons | 15min_mae=2.447574 15min_rmse=4.922817 15min_mape=6.496105 | 30min_mae=2.814490 30min_rmse=6.055765 30min_mape=8.085873 | 60min_mae=3.284994 60min_rmse=7.326419 60min_mape=10.140230
[2026-09-11 02:35:08] INFO Epoch 033 | stage=standard | train_total=12.111852 | train_forecast=2.012145 | train_confidence=0.000000 | train_risk=0.000000 | train_blend=0.000000 | val_total=2.856394 | val_mae=2.869597 | val_rmse=6.056681 | val_mape=7.497801 | val_confidence=0.000000 | val_risk=0.000000 | val_blend=0.000000 | batches=178/24 | seconds=130.69 | lr=[0.01] | cuda_peak_mb=9423.5
[2026-09-11 02:35:08] INFO Val horizons | 15min_mae=2.477461 15min_rmse=4.904917 15min_mape=6.232053 | 30min_mae=2.891702 30min_rmse=6.063355 30min_mape=7.591957 | 60min_mae=3.429345 60min_rmse=7.379864 60min_mape=9.270906
[2026-09-11 02:37:18] INFO Epoch 034 | stage=standard | train_total=12.192035 | train_forecast=2.012391 | train_confidence=0.000000 | train_risk=0.000000 | train_blend=0.000000 | val_total=2.826537 | val_mae=2.839043 | val_rmse=6.136104 | val_mape=7.507629 | val_confidence=0.000000 | val_risk=0.000000 | val_blend=0.000000 | batches=178/24 | seconds=130.71 | lr=[0.01] | cuda_peak_mb=9423.5
[2026-09-11 02:37:18] INFO Val horizons | 15min_mae=2.433871 15min_rmse=4.892374 15min_mape=6.167143 | 30min_mae=2.837586 30min_rmse=6.074459 30min_mape=7.566260 | 60min_mae=3.443881 60min_rmse=7.627649 60min_mape=9.426220
[2026-09-11 02:39:29] INFO Epoch 035 | stage=standard | train_total=12.251507 | train_forecast=2.006390 | train_confidence=0.000000 | train_risk=0.000000 | train_blend=0.000000 | val_total=2.788737 | val_mae=2.800526 | val_rmse=6.024946 | val_mape=7.477418 | val_confidence=0.000000 | val_risk=0.000000 | val_blend=0.000000 | batches=178/24 | seconds=130.73 | lr=[0.01] | cuda_peak_mb=9423.5
[2026-09-11 02:39:29] INFO Val horizons | 15min_mae=2.433818 15min_rmse=4.897084 15min_mape=6.224456 | 30min_mae=2.813053 30min_rmse=6.017365 30min_mape=7.573131 | 60min_mae=3.337271 60min_rmse=7.363940 60min_mape=9.230180
[2026-09-11 02:41:40] INFO Epoch 036 | stage=standard | train_total=12.289491 | train_forecast=2.005162 | train_confidence=0.000000 | train_risk=0.000000 | train_blend=0.000000 | val_total=2.788472 | val_mae=2.800610 | val_rmse=6.011204 | val_mape=7.487303 | val_confidence=0.000000 | val_risk=0.000000 | val_blend=0.000000 | batches=178/24 | seconds=130.71 | lr=[0.01] | cuda_peak_mb=9423.5
[2026-09-11 02:41:40] INFO Val horizons | 15min_mae=2.450633 15min_rmse=4.898198 15min_mape=6.225739 | 30min_mae=2.819542 30min_rmse=6.018677 30min_mape=7.563165 | 60min_mae=3.311327 60min_rmse=7.306573 60min_mape=9.265216
[2026-09-11 02:43:51] INFO Epoch 037 | stage=standard | train_total=12.352356 | train_forecast=2.002781 | train_confidence=0.000000 | train_risk=0.000000 | train_blend=0.000000 | val_total=2.773733 | val_mae=2.785155 | val_rmse=5.973254 | val_mape=7.738654 | val_confidence=0.000000 | val_risk=0.000000 | val_blend=0.000000 | batches=178/24 | seconds=130.72 | lr=[0.01] | cuda_peak_mb=9423.5
[2026-09-11 02:43:51] INFO Val horizons | 15min_mae=2.446947 15min_rmse=4.906489 15min_mape=6.407131 | 30min_mae=2.815661 30min_rmse=6.026954 30min_mape=7.869941 | 60min_mae=3.268912 60min_rmse=7.185837 60min_mape=9.589543
[2026-09-11 02:46:01] INFO Epoch 038 | stage=standard | train_total=12.379886 | train_forecast=1.997113 | train_confidence=0.000000 | train_risk=0.000000 | train_blend=0.000000 | val_total=2.895749 | val_mae=2.910236 | val_rmse=6.322401 | val_mape=7.679364 | val_confidence=0.000000 | val_risk=0.000000 | val_blend=0.000000 | batches=178/24 | seconds=130.79 | lr=[0.01] | cuda_peak_mb=9423.5
[2026-09-11 02:46:01] INFO Val horizons | 15min_mae=2.455666 15min_rmse=4.957993 15min_mape=6.246406 | 30min_mae=2.894846 30min_rmse=6.215880 30min_mape=7.724303 | 60min_mae=3.600430 60min_rmse=7.981682 60min_mape=9.722086
[2026-09-11 02:48:12] INFO Epoch 039 | stage=standard | train_total=12.395829 | train_forecast=1.996384 | train_confidence=0.000000 | train_risk=0.000000 | train_blend=0.000000 | val_total=2.870167 | val_mae=2.884882 | val_rmse=6.331914 | val_mape=7.457766 | val_confidence=0.000000 | val_risk=0.000000 | val_blend=0.000000 | batches=178/24 | seconds=130.71 | lr=[0.01] | cuda_peak_mb=9423.5
[2026-09-11 02:48:12] INFO Val horizons | 15min_mae=2.457335 15min_rmse=4.983149 15min_mape=6.149459 | 30min_mae=2.878515 30min_rmse=6.250558 30min_mape=7.489028 | 60min_mae=3.533304 60min_rmse=7.948140 60min_mape=9.359875
[2026-09-11 02:50:23] INFO Epoch 040 | stage=standard | train_total=12.453352 | train_forecast=1.993441 | train_confidence=0.000000 | train_risk=0.000000 | train_blend=0.000000 | val_total=2.758160 | val_mae=2.768890 | val_rmse=5.979765 | val_mape=7.559796 | val_confidence=0.000000 | val_risk=0.000000 | val_blend=0.000000 | batches=178/24 | seconds=130.76 | lr=[0.01] | cuda_peak_mb=9423.5
[2026-09-11 02:50:23] INFO Val horizons | 15min_mae=2.435489 15min_rmse=4.906703 15min_mape=6.286259 | 30min_mae=2.798172 30min_rmse=6.012970 30min_mape=7.685887 | 60min_mae=3.236223 60min_rmse=7.199333 60min_mape=9.295753
[2026-09-11 02:52:34] INFO Epoch 041 | stage=standard | train_total=12.496655 | train_forecast=1.992870 | train_confidence=0.000000 | train_risk=0.000000 | train_blend=0.000000 | val_total=2.820925 | val_mae=2.834115 | val_rmse=6.079189 | val_mape=7.397238 | val_confidence=0.000000 | val_risk=0.000000 | val_blend=0.000000 | batches=178/24 | seconds=130.69 | lr=[0.01] | cuda_peak_mb=9423.5
[2026-09-11 02:52:34] INFO Val horizons | 15min_mae=2.454045 15min_rmse=4.901535 15min_mape=6.164620 | 30min_mae=2.841059 30min_rmse=6.033675 30min_mape=7.460633 | 60min_mae=3.401043 60min_rmse=7.499121 60min_mape=9.170231
[2026-09-11 02:54:44] INFO Epoch 042 | stage=standard | train_total=12.492175 | train_forecast=1.986744 | train_confidence=0.000000 | train_risk=0.000000 | train_blend=0.000000 | val_total=2.995741 | val_mae=3.013445 | val_rmse=6.583414 | val_mape=7.659621 | val_confidence=0.000000 | val_risk=0.000000 | val_blend=0.000000 | batches=178/24 | seconds=130.69 | lr=[0.01] | cuda_peak_mb=9423.5
[2026-09-11 02:54:44] INFO Val horizons | 15min_mae=2.469314 15min_rmse=4.977752 15min_mape=6.171825 | 30min_mae=2.976653 30min_rmse=6.404868 30min_mape=7.677438 | 60min_mae=3.845202 60min_rmse=8.506678 60min_mape=9.801083
[2026-09-11 02:56:55] INFO Epoch 043 | stage=standard | train_total=12.550488 | train_forecast=1.988540 | train_confidence=0.000000 | train_risk=0.000000 | train_blend=0.000000 | val_total=3.062180 | val_mae=3.079930 | val_rmse=6.683968 | val_mape=7.999366 | val_confidence=0.000000 | val_risk=0.000000 | val_blend=0.000000 | batches=178/24 | seconds=130.66 | lr=[0.01] | cuda_peak_mb=9423.5
[2026-09-11 02:56:55] INFO Val horizons | 15min_mae=2.555674 15min_rmse=5.126092 15min_mape=6.386401 | 30min_mae=3.064163 30min_rmse=6.533382 30min_mape=8.014289 | 60min_mae=3.886258 60min_rmse=8.581957 60min_mape=10.345762
[2026-09-11 02:59:06] INFO Epoch 044 | stage=standard | train_total=12.533521 | train_forecast=1.984769 | train_confidence=0.000000 | train_risk=0.000000 | train_blend=0.000000 | val_total=2.802550 | val_mae=2.814192 | val_rmse=6.047058 | val_mape=7.455775 | val_confidence=0.000000 | val_risk=0.000000 | val_blend=0.000000 | batches=178/24 | seconds=130.69 | lr=[0.01] | cuda_peak_mb=9423.5
[2026-09-11 02:59:06] INFO Val horizons | 15min_mae=2.437127 15min_rmse=4.892582 15min_mape=6.206679 | 30min_mae=2.823799 30min_rmse=6.039624 30min_mape=7.534319 | 60min_mae=3.372465 60min_rmse=7.402098 60min_mape=9.249423
[2026-09-11 03:01:16] INFO Epoch 045 | stage=standard | train_total=12.579545 | train_forecast=1.982684 | train_confidence=0.000000 | train_risk=0.000000 | train_blend=0.000000 | val_total=2.818334 | val_mae=2.829099 | val_rmse=6.112986 | val_mape=7.616030 | val_confidence=0.000000 | val_risk=0.000000 | val_blend=0.000000 | batches=178/24 | seconds=130.72 | lr=[0.01] | cuda_peak_mb=9423.5
[2026-09-11 03:01:16] INFO Val horizons | 15min_mae=2.454461 15min_rmse=4.941210 15min_mape=6.343569 | 30min_mae=2.844333 30min_rmse=6.122226 30min_mape=7.735587 | 60min_mae=3.381067 60min_rmse=7.484874 60min_mape=9.400015
[2026-09-11 03:03:27] INFO Epoch 046 | stage=standard | train_total=12.597470 | train_forecast=1.980124 | train_confidence=0.000000 | train_risk=0.000000 | train_blend=0.000000 | val_total=2.800663 | val_mae=2.812071 | val_rmse=6.002764 | val_mape=7.554001 | val_confidence=0.000000 | val_risk=0.000000 | val_blend=0.000000 | batches=178/24 | seconds=130.82 | lr=[0.01] | cuda_peak_mb=9423.5
[2026-09-11 03:03:27] INFO Val horizons | 15min_mae=2.458234 15min_rmse=4.920614 15min_mape=6.265430 | 30min_mae=2.842262 30min_rmse=6.038713 30min_mape=7.679040 | 60min_mae=3.310108 60min_rmse=7.245320 60min_mape=9.308879
[2026-09-11 03:05:38] INFO Epoch 047 | stage=standard | train_total=12.637160 | train_forecast=1.981464 | train_confidence=0.000000 | train_risk=0.000000 | train_blend=0.000000 | val_total=2.795057 | val_mae=2.807337 | val_rmse=6.072196 | val_mape=7.598493 | val_confidence=0.000000 | val_risk=0.000000 | val_blend=0.000000 | batches=178/24 | seconds=130.74 | lr=[0.01] | cuda_peak_mb=9423.5
[2026-09-11 03:05:38] INFO Val horizons | 15min_mae=2.450134 15min_rmse=4.934045 15min_mape=6.306570 | 30min_mae=2.834741 30min_rmse=6.111023 30min_mape=7.742841 | 60min_mae=3.324915 60min_rmse=7.379396 60min_mape=9.375586
[2026-09-11 03:05:38] INFO Stage early stopping | epoch=47 | stage=standard | stale_epochs=30 | best_val_mae=2.737688
[2026-09-11 03:05:38] INFO Downstream training finished | best_val_mae=2.737688 | checkpoint=C:\Users\clw\projects\researchRep\STAnchor-BlockMemory\artifacts\convergence\formal_20260910_baseonly_st_ssdl_seed42\downstream_best.pt
