[2026-09-15 11:22:05] INFO Downstream start | run=paper_final_joint_context_offset_only_seed42/main_table/metrla/ours/stgcn | device=cuda:0 (requested=cuda:0) | seed=42 | output=C:\Users\clw\projects\researchRep\STAnchor-BlockMemory\artifacts\paper_final_joint_context_offset_only_seed42\main_table\metrla\ours\stgcn
[2026-09-15 11:22:05] INFO Mode | downstream_mode=learned_topk_error_aware | training_protocol=posthoc_frozen_base | candidate_protocol=weekday_radius1_overlap | candidate_ranking=learned_key | candidate_payload=offset_only
[2026-09-15 11:22:05] INFO Downstream initialization | seed=42 | state_hash=5e121053d243c369
[2026-09-15 11:22:05] INFO Frozen base | checkpoint=C:\Users\clw\projects\researchRep\STAnchor-BlockMemory\artifacts\convergence\downstream_tgge_v3_matched_fulltrain_queue\downstream_tgge_v3_stgcn_base_only_fulltrain_seed42\downstream_best.pt | fingerprint=aed70b50b981ce0f
[2026-09-15 11:22:05] INFO Data | steps=34272 | nodes=207 | channels=1 | training_scope=full_train | memory/post_memory/train_selected/val/test=15876/6805/22681/2993/6025
[2026-09-15 11:22:05] INFO Frozen path cache | enabled=True | storage=disk_mmap | train_samples=22681 | val_samples=2993 | allocated_mib=2818.0
[2026-09-15 11:22:05] INFO Bank/retrieval | dataset=metrla_final_joint_context_offset_only | events=15876 | nodes=207 | retrieval_dim=64 | event_top_r=32 | node_top_k=12 | key_dtype=float16
[2026-09-15 11:22:05] INFO Frozen path cache | enabled=yes | candidate_ranking=learned_key | fill=first_epoch
[2026-09-15 11:22:05] INFO Parameters | downstream_total=1,116,598 | downstream_trainable=885,085 | backbone=0 | confidence_head=0 | fusion=0 | frozen_pretrained=958,704
[2026-09-15 11:22:05] INFO Optimization | epochs=50 | batch_size=32 | optimizer=adam | lr=0.0005 | weight_decay=0.0001 | scheduler=step_lr | step_size=10 | gamma=0.500 | confidence_weight=0.000 | patience=20 | early_stopping=disabled
[2026-09-15 11:22:06] INFO Stage start | stage=posthoc_calibrator | epochs=50 | optimizer_lrs=[0.0005]
[2026-09-15 11:27:26] INFO Epoch 001 | stage=posthoc_calibrator | train_total=2.895913 | train_forecast=2.895913 | train_confidence=0.000000 | train_risk=0.000000 | train_blend=0.000000 | val_total=2.839995 | val_mae=2.837456 | val_rmse=5.831548 | val_mape=8.031516 | val_confidence=0.000000 | val_risk=0.000000 | val_blend=0.000000 | batches=709/94 | seconds=320.08 | lr=[0.0005] | cuda_peak_mb=3504.8
[2026-09-15 11:27:26] INFO Val horizons | 15min_mae=2.524673 15min_rmse=4.930431 15min_mape=6.702974 | 30min_mae=2.872754 30min_rmse=5.886073 30min_mape=8.175287 | 60min_mae=3.265597 60min_rmse=6.852338 60min_mape=9.773330
[2026-09-15 11:27:26] INFO Checkpoint updated | epoch=1 | stage=posthoc_calibrator | best_val_mae=2.837456 | path=C:\Users\clw\projects\researchRep\STAnchor-BlockMemory\artifacts\paper_final_joint_context_offset_only_seed42\main_table\metrla\ours\stgcn\downstream_best.pt
[2026-09-15 11:29:32] INFO Epoch 002 | stage=posthoc_calibrator | train_total=2.860671 | train_forecast=2.860671 | train_confidence=0.000000 | train_risk=0.000000 | train_blend=0.000000 | val_total=2.831602 | val_mae=2.829199 | val_rmse=5.783810 | val_mape=7.887140 | val_confidence=0.000000 | val_risk=0.000000 | val_blend=0.000000 | batches=709/94 | seconds=126.43 | lr=[0.0005] | cuda_peak_mb=1470.0
[2026-09-15 11:29:32] INFO Val horizons | 15min_mae=2.520989 15min_rmse=4.906236 15min_mape=6.602949 | 30min_mae=2.867716 30min_rmse=5.835747 30min_mape=7.985778 | 60min_mae=3.248834 60min_rmse=6.792664 60min_mape=9.618426
[2026-09-15 11:29:32] INFO Checkpoint updated | epoch=2 | stage=posthoc_calibrator | best_val_mae=2.829199 | path=C:\Users\clw\projects\researchRep\STAnchor-BlockMemory\artifacts\paper_final_joint_context_offset_only_seed42\main_table\metrla\ours\stgcn\downstream_best.pt
[2026-09-15 11:31:38] INFO Epoch 003 | stage=posthoc_calibrator | train_total=2.849810 | train_forecast=2.849810 | train_confidence=0.000000 | train_risk=0.000000 | train_blend=0.000000 | val_total=2.844410 | val_mae=2.842265 | val_rmse=5.829243 | val_mape=8.008618 | val_confidence=0.000000 | val_risk=0.000000 | val_blend=0.000000 | batches=709/94 | seconds=125.90 | lr=[0.0005] | cuda_peak_mb=1469.9
[2026-09-15 11:31:38] INFO Val horizons | 15min_mae=2.519694 15min_rmse=4.915155 15min_mape=6.672272 | 30min_mae=2.863288 30min_rmse=5.862034 30min_mape=8.115545 | 60min_mae=3.306190 60min_rmse=6.895070 60min_mape=9.794216
[2026-09-15 11:33:44] INFO Epoch 004 | stage=posthoc_calibrator | train_total=2.845594 | train_forecast=2.845594 | train_confidence=0.000000 | train_risk=0.000000 | train_blend=0.000000 | val_total=2.814381 | val_mae=2.811847 | val_rmse=5.797117 | val_mape=8.010520 | val_confidence=0.000000 | val_risk=0.000000 | val_blend=0.000000 | batches=709/94 | seconds=126.04 | lr=[0.0005] | cuda_peak_mb=1469.5
[2026-09-15 11:33:44] INFO Val horizons | 15min_mae=2.509400 15min_rmse=4.917789 15min_mape=6.679533 | 30min_mae=2.836958 30min_rmse=5.830792 30min_mape=8.066120 | 60min_mae=3.240317 60min_rmse=6.836272 60min_mape=9.844905
[2026-09-15 11:33:44] INFO Checkpoint updated | epoch=4 | stage=posthoc_calibrator | best_val_mae=2.811847 | path=C:\Users\clw\projects\researchRep\STAnchor-BlockMemory\artifacts\paper_final_joint_context_offset_only_seed42\main_table\metrla\ours\stgcn\downstream_best.pt
[2026-09-15 11:35:50] INFO Epoch 005 | stage=posthoc_calibrator | train_total=2.841791 | train_forecast=2.841791 | train_confidence=0.000000 | train_risk=0.000000 | train_blend=0.000000 | val_total=2.816217 | val_mae=2.813657 | val_rmse=5.786726 | val_mape=7.804225 | val_confidence=0.000000 | val_risk=0.000000 | val_blend=0.000000 | batches=709/94 | seconds=125.24 | lr=[0.0005] | cuda_peak_mb=1469.4
[2026-09-15 11:35:50] INFO Val horizons | 15min_mae=2.506253 15min_rmse=4.903504 15min_mape=6.474631 | 30min_mae=2.847318 30min_rmse=5.842802 30min_mape=7.887674 | 60min_mae=3.239394 60min_rmse=6.808941 60min_mape=9.586384
[2026-09-15 11:37:55] INFO Epoch 006 | stage=posthoc_calibrator | train_total=2.840349 | train_forecast=2.840349 | train_confidence=0.000000 | train_risk=0.000000 | train_blend=0.000000 | val_total=2.810746 | val_mae=2.808142 | val_rmse=5.784800 | val_mape=7.969901 | val_confidence=0.000000 | val_risk=0.000000 | val_blend=0.000000 | batches=709/94 | seconds=125.24 | lr=[0.0005] | cuda_peak_mb=1469.7
[2026-09-15 11:37:55] INFO Val horizons | 15min_mae=2.500107 15min_rmse=4.906104 15min_mape=6.609591 | 30min_mae=2.834686 30min_rmse=5.818136 30min_mape=8.055405 | 60min_mae=3.244559 60min_rmse=6.825154 60min_mape=9.790257
[2026-09-15 11:37:55] INFO Checkpoint updated | epoch=6 | stage=posthoc_calibrator | best_val_mae=2.808142 | path=C:\Users\clw\projects\researchRep\STAnchor-BlockMemory\artifacts\paper_final_joint_context_offset_only_seed42\main_table\metrla\ours\stgcn\downstream_best.pt
[2026-09-15 11:40:00] INFO Epoch 007 | stage=posthoc_calibrator | train_total=2.837728 | train_forecast=2.837728 | train_confidence=0.000000 | train_risk=0.000000 | train_blend=0.000000 | val_total=2.795920 | val_mae=2.793091 | val_rmse=5.775898 | val_mape=7.816705 | val_confidence=0.000000 | val_risk=0.000000 | val_blend=0.000000 | batches=709/94 | seconds=125.43 | lr=[0.0005] | cuda_peak_mb=1468.9
[2026-09-15 11:40:00] INFO Val horizons | 15min_mae=2.495732 15min_rmse=4.909341 15min_mape=6.525552 | 30min_mae=2.819304 30min_rmse=5.819163 30min_mape=7.898457 | 60min_mae=3.214912 60min_rmse=6.797428 60min_mape=9.597106
[2026-09-15 11:40:00] INFO Checkpoint updated | epoch=7 | stage=posthoc_calibrator | best_val_mae=2.793091 | path=C:\Users\clw\projects\researchRep\STAnchor-BlockMemory\artifacts\paper_final_joint_context_offset_only_seed42\main_table\metrla\ours\stgcn\downstream_best.pt
[2026-09-15 11:42:06] INFO Epoch 008 | stage=posthoc_calibrator | train_total=2.836924 | train_forecast=2.836924 | train_confidence=0.000000 | train_risk=0.000000 | train_blend=0.000000 | val_total=2.799601 | val_mae=2.796821 | val_rmse=5.793885 | val_mape=7.941050 | val_confidence=0.000000 | val_risk=0.000000 | val_blend=0.000000 | batches=709/94 | seconds=125.20 | lr=[0.0005] | cuda_peak_mb=1470.8
[2026-09-15 11:42:06] INFO Val horizons | 15min_mae=2.495238 15min_rmse=4.912995 15min_mape=6.576803 | 30min_mae=2.820917 30min_rmse=5.826062 30min_mape=7.999214 | 60min_mae=3.228669 60min_rmse=6.842106 60min_mape=9.821201
[2026-09-15 11:44:11] INFO Epoch 009 | stage=posthoc_calibrator | train_total=2.835494 | train_forecast=2.835494 | train_confidence=0.000000 | train_risk=0.000000 | train_blend=0.000000 | val_total=2.807033 | val_mae=2.804301 | val_rmse=5.754206 | val_mape=7.840575 | val_confidence=0.000000 | val_risk=0.000000 | val_blend=0.000000 | batches=709/94 | seconds=125.45 | lr=[0.0005] | cuda_peak_mb=1469.5
[2026-09-15 11:44:11] INFO Val horizons | 15min_mae=2.498841 15min_rmse=4.884854 15min_mape=6.552601 | 30min_mae=2.831757 30min_rmse=5.793877 30min_mape=7.946179 | 60min_mae=3.235539 60min_rmse=6.781077 60min_mape=9.563597
[2026-09-15 11:46:20] INFO Epoch 010 | stage=posthoc_calibrator | train_total=2.834419 | train_forecast=2.834419 | train_confidence=0.000000 | train_risk=0.000000 | train_blend=0.000000 | val_total=2.789063 | val_mae=2.786141 | val_rmse=5.760006 | val_mape=7.860974 | val_confidence=0.000000 | val_risk=0.000000 | val_blend=0.000000 | batches=709/94 | seconds=128.58 | lr=[0.0005] | cuda_peak_mb=1468.9
[2026-09-15 11:46:20] INFO Val horizons | 15min_mae=2.490565 15min_rmse=4.903840 15min_mape=6.542545 | 30min_mae=2.814513 30min_rmse=5.807214 30min_mape=7.965936 | 60min_mae=3.208869 60min_rmse=6.780879 60min_mape=9.648262
[2026-09-15 11:46:20] INFO Checkpoint updated | epoch=10 | stage=posthoc_calibrator | best_val_mae=2.786141 | path=C:\Users\clw\projects\researchRep\STAnchor-BlockMemory\artifacts\paper_final_joint_context_offset_only_seed42\main_table\metrla\ours\stgcn\downstream_best.pt
[2026-09-15 11:48:27] INFO Epoch 011 | stage=posthoc_calibrator | train_total=2.830252 | train_forecast=2.830252 | train_confidence=0.000000 | train_risk=0.000000 | train_blend=0.000000 | val_total=2.790869 | val_mae=2.788026 | val_rmse=5.765934 | val_mape=7.828789 | val_confidence=0.000000 | val_risk=0.000000 | val_blend=0.000000 | batches=709/94 | seconds=127.62 | lr=[0.00025] | cuda_peak_mb=1468.9
[2026-09-15 11:48:27] INFO Val horizons | 15min_mae=2.491551 15min_rmse=4.900780 15min_mape=6.537940 | 30min_mae=2.818604 30min_rmse=5.814226 30min_mape=7.947574 | 60min_mae=3.205706 60min_rmse=6.782390 60min_mape=9.555930
[2026-09-15 11:50:36] INFO Epoch 012 | stage=posthoc_calibrator | train_total=2.829639 | train_forecast=2.829639 | train_confidence=0.000000 | train_risk=0.000000 | train_blend=0.000000 | val_total=2.803907 | val_mae=2.801302 | val_rmse=5.766247 | val_mape=7.833372 | val_confidence=0.000000 | val_risk=0.000000 | val_blend=0.000000 | batches=709/94 | seconds=128.75 | lr=[0.00025] | cuda_peak_mb=1469.5
[2026-09-15 11:50:36] INFO Val horizons | 15min_mae=2.495980 15min_rmse=4.891390 15min_mape=6.533583 | 30min_mae=2.830186 30min_rmse=5.806811 30min_mape=7.925810 | 60min_mae=3.235241 60min_rmse=6.804474 60min_mape=9.614226
[2026-09-15 11:52:42] INFO Epoch 013 | stage=posthoc_calibrator | train_total=2.829105 | train_forecast=2.829105 | train_confidence=0.000000 | train_risk=0.000000 | train_blend=0.000000 | val_total=2.791994 | val_mae=2.789212 | val_rmse=5.769869 | val_mape=7.861544 | val_confidence=0.000000 | val_risk=0.000000 | val_blend=0.000000 | batches=709/94 | seconds=126.29 | lr=[0.00025] | cuda_peak_mb=1470.2
[2026-09-15 11:52:42] INFO Val horizons | 15min_mae=2.492376 15min_rmse=4.900250 15min_mape=6.564423 | 30min_mae=2.816849 30min_rmse=5.810462 30min_mape=7.945756 | 60min_mae=3.213606 60min_rmse=6.805402 60min_mape=9.659551
[2026-09-15 11:54:49] INFO Epoch 014 | stage=posthoc_calibrator | train_total=2.828716 | train_forecast=2.828716 | train_confidence=0.000000 | train_risk=0.000000 | train_blend=0.000000 | val_total=2.799601 | val_mae=2.796881 | val_rmse=5.788930 | val_mape=7.881313 | val_confidence=0.000000 | val_risk=0.000000 | val_blend=0.000000 | batches=709/94 | seconds=126.95 | lr=[0.00025] | cuda_peak_mb=1469.3
[2026-09-15 11:54:49] INFO Val horizons | 15min_mae=2.491241 15min_rmse=4.900268 15min_mape=6.526353 | 30min_mae=2.821893 30min_rmse=5.817630 30min_mape=7.953810 | 60min_mae=3.229811 60min_rmse=6.841307 60min_mape=9.727812
[2026-09-15 11:56:56] INFO Epoch 015 | stage=posthoc_calibrator | train_total=2.828013 | train_forecast=2.828013 | train_confidence=0.000000 | train_risk=0.000000 | train_blend=0.000000 | val_total=2.795202 | val_mae=2.792425 | val_rmse=5.766236 | val_mape=7.822741 | val_confidence=0.000000 | val_risk=0.000000 | val_blend=0.000000 | batches=709/94 | seconds=126.25 | lr=[0.00025] | cuda_peak_mb=1470.3
[2026-09-15 11:56:56] INFO Val horizons | 15min_mae=2.493065 15min_rmse=4.894900 15min_mape=6.516421 | 30min_mae=2.823185 30min_rmse=5.810652 30min_mape=7.930172 | 60min_mae=3.215747 60min_rmse=6.792989 60min_mape=9.563808
[2026-09-15 11:59:02] INFO Epoch 016 | stage=posthoc_calibrator | train_total=2.827150 | train_forecast=2.827150 | train_confidence=0.000000 | train_risk=0.000000 | train_blend=0.000000 | val_total=2.801153 | val_mae=2.798385 | val_rmse=5.765756 | val_mape=7.850269 | val_confidence=0.000000 | val_risk=0.000000 | val_blend=0.000000 | batches=709/94 | seconds=126.31 | lr=[0.00025] | cuda_peak_mb=1470.3
[2026-09-15 11:59:02] INFO Val horizons | 15min_mae=2.498859 15min_rmse=4.900304 15min_mape=6.557638 | 30min_mae=2.831648 30min_rmse=5.815227 30min_mape=7.979049 | 60min_mae=3.220699 60min_rmse=6.786305 60min_mape=9.587349
[2026-09-15 12:01:09] INFO Epoch 017 | stage=posthoc_calibrator | train_total=2.826686 | train_forecast=2.826686 | train_confidence=0.000000 | train_risk=0.000000 | train_blend=0.000000 | val_total=2.793742 | val_mae=2.790973 | val_rmse=5.770438 | val_mape=7.850073 | val_confidence=0.000000 | val_risk=0.000000 | val_blend=0.000000 | batches=709/94 | seconds=127.34 | lr=[0.00025] | cuda_peak_mb=1469.3
[2026-09-15 12:01:09] INFO Val horizons | 15min_mae=2.490995 15min_rmse=4.903489 15min_mape=6.527863 | 30min_mae=2.821880 30min_rmse=5.814869 30min_mape=7.953883 | 60min_mae=3.216231 60min_rmse=6.799025 60min_mape=9.622066
[2026-09-15 12:03:15] INFO Epoch 018 | stage=posthoc_calibrator | train_total=2.826425 | train_forecast=2.826425 | train_confidence=0.000000 | train_risk=0.000000 | train_blend=0.000000 | val_total=2.796117 | val_mae=2.793440 | val_rmse=5.768325 | val_mape=7.775067 | val_confidence=0.000000 | val_risk=0.000000 | val_blend=0.000000 | batches=709/94 | seconds=126.20 | lr=[0.00025] | cuda_peak_mb=1470.3
[2026-09-15 12:03:15] INFO Val horizons | 15min_mae=2.490438 15min_rmse=4.894305 15min_mape=6.491617 | 30min_mae=2.824346 30min_rmse=5.813015 30min_mape=7.872145 | 60min_mae=3.218614 60min_rmse=6.799057 60min_mape=9.516250
[2026-09-15 12:05:22] INFO Epoch 019 | stage=posthoc_calibrator | train_total=2.825574 | train_forecast=2.825574 | train_confidence=0.000000 | train_risk=0.000000 | train_blend=0.000000 | val_total=2.804127 | val_mae=2.801457 | val_rmse=5.793984 | val_mape=7.961616 | val_confidence=0.000000 | val_risk=0.000000 | val_blend=0.000000 | batches=709/94 | seconds=127.03 | lr=[0.00025] | cuda_peak_mb=1470.3
[2026-09-15 12:05:22] INFO Val horizons | 15min_mae=2.496979 15min_rmse=4.913449 15min_mape=6.643748 | 30min_mae=2.832042 30min_rmse=5.838313 30min_mape=8.102610 | 60min_mae=3.231398 60min_rmse=6.829203 60min_mape=9.720323
[2026-09-15 12:07:29] INFO Epoch 020 | stage=posthoc_calibrator | train_total=2.825478 | train_forecast=2.825478 | train_confidence=0.000000 | train_risk=0.000000 | train_blend=0.000000 | val_total=2.808661 | val_mae=2.806100 | val_rmse=5.812882 | val_mape=7.962645 | val_confidence=0.000000 | val_risk=0.000000 | val_blend=0.000000 | batches=709/94 | seconds=126.76 | lr=[0.00025] | cuda_peak_mb=1469.3
[2026-09-15 12:07:29] INFO Val horizons | 15min_mae=2.500083 15min_rmse=4.919747 15min_mape=6.640447 | 30min_mae=2.835110 30min_rmse=5.855816 30min_mape=8.091341 | 60min_mae=3.239668 60min_rmse=6.852665 60min_mape=9.709171
[2026-09-15 12:09:36] INFO Epoch 021 | stage=posthoc_calibrator | train_total=2.823437 | train_forecast=2.823437 | train_confidence=0.000000 | train_risk=0.000000 | train_blend=0.000000 | val_total=2.796921 | val_mae=2.794301 | val_rmse=5.774433 | val_mape=7.836964 | val_confidence=0.000000 | val_risk=0.000000 | val_blend=0.000000 | batches=709/94 | seconds=126.72 | lr=[0.000125] | cuda_peak_mb=1470.3
[2026-09-15 12:09:36] INFO Val horizons | 15min_mae=2.491306 15min_rmse=4.895814 15min_mape=6.529828 | 30min_mae=2.823465 30min_rmse=5.817569 30min_mape=7.933443 | 60min_mae=3.224125 60min_rmse=6.810421 60min_mape=9.613567
[2026-09-15 12:11:42] INFO Epoch 022 | stage=posthoc_calibrator | train_total=2.822885 | train_forecast=2.822885 | train_confidence=0.000000 | train_risk=0.000000 | train_blend=0.000000 | val_total=2.795959 | val_mae=2.793204 | val_rmse=5.768080 | val_mape=7.855185 | val_confidence=0.000000 | val_risk=0.000000 | val_blend=0.000000 | batches=709/94 | seconds=126.51 | lr=[0.000125] | cuda_peak_mb=1470.3
[2026-09-15 12:11:42] INFO Val horizons | 15min_mae=2.490818 15min_rmse=4.895513 15min_mape=6.540371 | 30min_mae=2.822199 30min_rmse=5.808304 30min_mape=7.963524 | 60min_mae=3.223599 60min_rmse=6.797460 60min_mape=9.626485
[2026-09-15 12:13:49] INFO Epoch 023 | stage=posthoc_calibrator | train_total=2.822614 | train_forecast=2.822614 | train_confidence=0.000000 | train_risk=0.000000 | train_blend=0.000000 | val_total=2.789275 | val_mae=2.786504 | val_rmse=5.765930 | val_mape=7.811461 | val_confidence=0.000000 | val_risk=0.000000 | val_blend=0.000000 | batches=709/94 | seconds=126.51 | lr=[0.000125] | cuda_peak_mb=1469.3
[2026-09-15 12:13:49] INFO Val horizons | 15min_mae=2.486664 15min_rmse=4.894396 15min_mape=6.513585 | 30min_mae=2.816927 30min_rmse=5.809194 30min_mape=7.915581 | 60min_mae=3.210256 60min_rmse=6.796526 60min_mape=9.570389
[2026-09-15 12:15:55] INFO Epoch 024 | stage=posthoc_calibrator | train_total=2.822557 | train_forecast=2.822557 | train_confidence=0.000000 | train_risk=0.000000 | train_blend=0.000000 | val_total=2.790763 | val_mae=2.788018 | val_rmse=5.770543 | val_mape=7.858988 | val_confidence=0.000000 | val_risk=0.000000 | val_blend=0.000000 | batches=709/94 | seconds=125.95 | lr=[0.000125] | cuda_peak_mb=1470.3
[2026-09-15 12:15:55] INFO Val horizons | 15min_mae=2.488665 15min_rmse=4.894970 15min_mape=6.530084 | 30min_mae=2.816174 30min_rmse=5.812751 30min_mape=7.962450 | 60min_mae=3.212685 60min_rmse=6.801137 60min_mape=9.647120
[2026-09-15 12:18:00] INFO Epoch 025 | stage=posthoc_calibrator | train_total=2.822218 | train_forecast=2.822218 | train_confidence=0.000000 | train_risk=0.000000 | train_blend=0.000000 | val_total=2.797768 | val_mae=2.795153 | val_rmse=5.776670 | val_mape=7.820498 | val_confidence=0.000000 | val_risk=0.000000 | val_blend=0.000000 | batches=709/94 | seconds=125.45 | lr=[0.000125] | cuda_peak_mb=1470.3
[2026-09-15 12:18:00] INFO Val horizons | 15min_mae=2.492868 15min_rmse=4.895732 15min_mape=6.514855 | 30min_mae=2.825028 30min_rmse=5.819800 30min_mape=7.918725 | 60min_mae=3.222083 60min_rmse=6.809697 60min_mape=9.583004
[2026-09-15 12:20:06] INFO Epoch 026 | stage=posthoc_calibrator | train_total=2.821885 | train_forecast=2.821885 | train_confidence=0.000000 | train_risk=0.000000 | train_blend=0.000000 | val_total=2.787492 | val_mae=2.784723 | val_rmse=5.764296 | val_mape=7.792400 | val_confidence=0.000000 | val_risk=0.000000 | val_blend=0.000000 | batches=709/94 | seconds=125.36 | lr=[0.000125] | cuda_peak_mb=1469.3
[2026-09-15 12:20:06] INFO Val horizons | 15min_mae=2.484861 15min_rmse=4.894471 15min_mape=6.504976 | 30min_mae=2.811266 30min_rmse=5.806831 30min_mape=7.891831 | 60min_mae=3.212400 60min_rmse=6.793737 60min_mape=9.547989
[2026-09-15 12:20:06] INFO Checkpoint updated | epoch=26 | stage=posthoc_calibrator | best_val_mae=2.784723 | path=C:\Users\clw\projects\researchRep\STAnchor-BlockMemory\artifacts\paper_final_joint_context_offset_only_seed42\main_table\metrla\ours\stgcn\downstream_best.pt
[2026-09-15 12:22:11] INFO Epoch 027 | stage=posthoc_calibrator | train_total=2.821968 | train_forecast=2.821968 | train_confidence=0.000000 | train_risk=0.000000 | train_blend=0.000000 | val_total=2.798827 | val_mae=2.796120 | val_rmse=5.777737 | val_mape=7.884979 | val_confidence=0.000000 | val_risk=0.000000 | val_blend=0.000000 | batches=709/94 | seconds=125.03 | lr=[0.000125] | cuda_peak_mb=1470.3
[2026-09-15 12:22:11] INFO Val horizons | 15min_mae=2.490683 15min_rmse=4.893154 15min_mape=6.520354 | 30min_mae=2.822492 30min_rmse=5.811644 30min_mape=7.963732 | 60min_mae=3.229481 60min_rmse=6.819732 60min_mape=9.734890
[2026-09-15 12:24:16] INFO Epoch 028 | stage=posthoc_calibrator | train_total=2.821409 | train_forecast=2.821409 | train_confidence=0.000000 | train_risk=0.000000 | train_blend=0.000000 | val_total=2.787385 | val_mae=2.784538 | val_rmse=5.762847 | val_mape=7.856878 | val_confidence=0.000000 | val_risk=0.000000 | val_blend=0.000000 | batches=709/94 | seconds=124.92 | lr=[0.000125] | cuda_peak_mb=1470.3
[2026-09-15 12:24:16] INFO Val horizons | 15min_mae=2.486082 15min_rmse=4.889294 15min_mape=6.519151 | 30min_mae=2.814322 30min_rmse=5.800791 30min_mape=7.954929 | 60min_mae=3.206380 60min_rmse=6.795455 60min_mape=9.658649
[2026-09-15 12:24:16] INFO Checkpoint updated | epoch=28 | stage=posthoc_calibrator | best_val_mae=2.784538 | path=C:\Users\clw\projects\researchRep\STAnchor-BlockMemory\artifacts\paper_final_joint_context_offset_only_seed42\main_table\metrla\ours\stgcn\downstream_best.pt
[2026-09-15 12:26:21] INFO Epoch 029 | stage=posthoc_calibrator | train_total=2.821346 | train_forecast=2.821346 | train_confidence=0.000000 | train_risk=0.000000 | train_blend=0.000000 | val_total=2.787971 | val_mae=2.785118 | val_rmse=5.765482 | val_mape=7.897077 | val_confidence=0.000000 | val_risk=0.000000 | val_blend=0.000000 | batches=709/94 | seconds=125.26 | lr=[0.000125] | cuda_peak_mb=1469.3
[2026-09-15 12:26:21] INFO Val horizons | 15min_mae=2.486596 15min_rmse=4.889682 15min_mape=6.539085 | 30min_mae=2.814254 30min_rmse=5.801580 30min_mape=7.990375 | 60min_mae=3.207835 60min_rmse=6.798111 60min_mape=9.729334
[2026-09-15 12:28:27] INFO Epoch 030 | stage=posthoc_calibrator | train_total=2.820910 | train_forecast=2.820910 | train_confidence=0.000000 | train_risk=0.000000 | train_blend=0.000000 | val_total=2.796989 | val_mae=2.794342 | val_rmse=5.778989 | val_mape=7.920240 | val_confidence=0.000000 | val_risk=0.000000 | val_blend=0.000000 | batches=709/94 | seconds=125.96 | lr=[0.000125] | cuda_peak_mb=1470.3
[2026-09-15 12:28:27] INFO Val horizons | 15min_mae=2.491823 15min_rmse=4.900215 15min_mape=6.592254 | 30min_mae=2.823492 30min_rmse=5.817529 30min_mape=8.025008 | 60min_mae=3.220779 60min_rmse=6.808914 60min_mape=9.692304
[2026-09-15 12:30:32] INFO Epoch 031 | stage=posthoc_calibrator | train_total=2.819680 | train_forecast=2.819680 | train_confidence=0.000000 | train_risk=0.000000 | train_blend=0.000000 | val_total=2.791546 | val_mae=2.788779 | val_rmse=5.774609 | val_mape=7.887614 | val_confidence=0.000000 | val_risk=0.000000 | val_blend=0.000000 | batches=709/94 | seconds=125.44 | lr=[6.25e-05] | cuda_peak_mb=1470.3
[2026-09-15 12:30:32] INFO Val horizons | 15min_mae=2.488967 15min_rmse=4.899996 15min_mape=6.554584 | 30min_mae=2.817999 30min_rmse=5.816609 30min_mape=7.993010 | 60min_mae=3.214050 60min_rmse=6.804864 60min_mape=9.685629
[2026-09-15 12:32:38] INFO Epoch 032 | stage=posthoc_calibrator | train_total=2.819469 | train_forecast=2.819469 | train_confidence=0.000000 | train_risk=0.000000 | train_blend=0.000000 | val_total=2.788110 | val_mae=2.785333 | val_rmse=5.770203 | val_mape=7.877159 | val_confidence=0.000000 | val_risk=0.000000 | val_blend=0.000000 | batches=709/94 | seconds=125.46 | lr=[6.25e-05] | cuda_peak_mb=1469.3
[2026-09-15 12:32:38] INFO Val horizons | 15min_mae=2.485518 15min_rmse=4.897337 15min_mape=6.542062 | 30min_mae=2.812651 30min_rmse=5.809290 30min_mape=7.975560 | 60min_mae=3.213013 60min_rmse=6.802847 60min_mape=9.686178
[2026-09-15 12:34:44] INFO Epoch 033 | stage=posthoc_calibrator | train_total=2.819506 | train_forecast=2.819506 | train_confidence=0.000000 | train_risk=0.000000 | train_blend=0.000000 | val_total=2.794059 | val_mae=2.791356 | val_rmse=5.768548 | val_mape=7.897410 | val_confidence=0.000000 | val_risk=0.000000 | val_blend=0.000000 | batches=709/94 | seconds=125.83 | lr=[6.25e-05] | cuda_peak_mb=1470.3
[2026-09-15 12:34:44] INFO Val horizons | 15min_mae=2.490000 15min_rmse=4.892779 15min_mape=6.561663 | 30min_mae=2.819474 30min_rmse=5.804255 30min_mape=7.989701 | 60min_mae=3.218493 60min_rmse=6.803702 60min_mape=9.709984
[2026-09-15 12:36:49] INFO Epoch 034 | stage=posthoc_calibrator | train_total=2.819240 | train_forecast=2.819240 | train_confidence=0.000000 | train_risk=0.000000 | train_blend=0.000000 | val_total=2.787868 | val_mae=2.785085 | val_rmse=5.766480 | val_mape=7.839687 | val_confidence=0.000000 | val_risk=0.000000 | val_blend=0.000000 | batches=709/94 | seconds=125.78 | lr=[6.25e-05] | cuda_peak_mb=1470.3
[2026-09-15 12:36:49] INFO Val horizons | 15min_mae=2.484912 15min_rmse=4.894247 15min_mape=6.519346 | 30min_mae=2.812814 30min_rmse=5.805663 30min_mape=7.928549 | 60min_mae=3.211610 60min_rmse=6.795636 60min_mape=9.626373
[2026-09-15 12:38:55] INFO Epoch 035 | stage=posthoc_calibrator | train_total=2.819470 | train_forecast=2.819470 | train_confidence=0.000000 | train_risk=0.000000 | train_blend=0.000000 | val_total=2.798231 | val_mae=2.795614 | val_rmse=5.784491 | val_mape=7.914303 | val_confidence=0.000000 | val_risk=0.000000 | val_blend=0.000000 | batches=709/94 | seconds=125.40 | lr=[6.25e-05] | cuda_peak_mb=1469.3
[2026-09-15 12:38:55] INFO Val horizons | 15min_mae=2.489900 15min_rmse=4.897109 15min_mape=6.554903 | 30min_mae=2.822961 30min_rmse=5.820827 30min_mape=8.013381 | 60min_mae=3.227664 60min_rmse=6.821450 60min_mape=9.732607
[2026-09-15 12:41:00] INFO Epoch 036 | stage=posthoc_calibrator | train_total=2.818992 | train_forecast=2.818992 | train_confidence=0.000000 | train_risk=0.000000 | train_blend=0.000000 | val_total=2.786546 | val_mae=2.783688 | val_rmse=5.762775 | val_mape=7.822622 | val_confidence=0.000000 | val_risk=0.000000 | val_blend=0.000000 | batches=709/94 | seconds=125.46 | lr=[6.25e-05] | cuda_peak_mb=1470.3
[2026-09-15 12:41:00] INFO Val horizons | 15min_mae=2.484175 15min_rmse=4.894531 15min_mape=6.506924 | 30min_mae=2.811240 30min_rmse=5.802341 30min_mape=7.933378 | 60min_mae=3.210120 60min_rmse=6.792863 60min_mape=9.591387
[2026-09-15 12:41:00] INFO Checkpoint updated | epoch=36 | stage=posthoc_calibrator | best_val_mae=2.783688 | path=C:\Users\clw\projects\researchRep\STAnchor-BlockMemory\artifacts\paper_final_joint_context_offset_only_seed42\main_table\metrla\ours\stgcn\downstream_best.pt
[2026-09-15 12:43:06] INFO Epoch 037 | stage=posthoc_calibrator | train_total=2.818835 | train_forecast=2.818835 | train_confidence=0.000000 | train_risk=0.000000 | train_blend=0.000000 | val_total=2.787005 | val_mae=2.784160 | val_rmse=5.766144 | val_mape=7.833458 | val_confidence=0.000000 | val_risk=0.000000 | val_blend=0.000000 | batches=709/94 | seconds=125.66 | lr=[6.25e-05] | cuda_peak_mb=1470.3
[2026-09-15 12:43:06] INFO Val horizons | 15min_mae=2.484721 15min_rmse=4.896415 15min_mape=6.502215 | 30min_mae=2.811497 30min_rmse=5.804523 30min_mape=7.939087 | 60min_mae=3.209799 60min_rmse=6.796580 60min_mape=9.624709
[2026-09-15 12:45:12] INFO Epoch 038 | stage=posthoc_calibrator | train_total=2.818937 | train_forecast=2.818937 | train_confidence=0.000000 | train_risk=0.000000 | train_blend=0.000000 | val_total=2.791564 | val_mae=2.788846 | val_rmse=5.772312 | val_mape=7.876730 | val_confidence=0.000000 | val_risk=0.000000 | val_blend=0.000000 | batches=709/94 | seconds=125.77 | lr=[6.25e-05] | cuda_peak_mb=1469.3
[2026-09-15 12:45:12] INFO Val horizons | 15min_mae=2.487668 15min_rmse=4.899048 15min_mape=6.559852 | 30min_mae=2.815703 30min_rmse=5.809831 30min_mape=7.966398 | 60min_mae=3.219186 60min_rmse=6.807768 60min_mape=9.685889
[2026-09-15 12:47:18] INFO Epoch 039 | stage=posthoc_calibrator | train_total=2.818828 | train_forecast=2.818828 | train_confidence=0.000000 | train_risk=0.000000 | train_blend=0.000000 | val_total=2.790903 | val_mae=2.788159 | val_rmse=5.765615 | val_mape=7.858356 | val_confidence=0.000000 | val_risk=0.000000 | val_blend=0.000000 | batches=709/94 | seconds=126.08 | lr=[6.25e-05] | cuda_peak_mb=1470.3
[2026-09-15 12:47:18] INFO Val horizons | 15min_mae=2.485570 15min_rmse=4.887370 15min_mape=6.504602 | 30min_mae=2.814982 30min_rmse=5.802009 30min_mape=7.946612 | 60min_mae=3.219548 60min_rmse=6.804216 60min_mape=9.695737
[2026-09-15 12:49:23] INFO Epoch 040 | stage=posthoc_calibrator | train_total=2.818695 | train_forecast=2.818695 | train_confidence=0.000000 | train_risk=0.000000 | train_blend=0.000000 | val_total=2.794075 | val_mae=2.791380 | val_rmse=5.771210 | val_mape=7.841109 | val_confidence=0.000000 | val_risk=0.000000 | val_blend=0.000000 | batches=709/94 | seconds=125.57 | lr=[6.25e-05] | cuda_peak_mb=1470.3
[2026-09-15 12:49:23] INFO Val horizons | 15min_mae=2.487810 15min_rmse=4.891442 15min_mape=6.497162 | 30min_mae=2.820656 30min_rmse=5.812202 30min_mape=7.940497 | 60min_mae=3.218688 60min_rmse=6.803789 60min_mape=9.648478
[2026-09-15 12:51:29] INFO Epoch 041 | stage=posthoc_calibrator | train_total=2.818081 | train_forecast=2.818081 | train_confidence=0.000000 | train_risk=0.000000 | train_blend=0.000000 | val_total=2.794574 | val_mae=2.791910 | val_rmse=5.774710 | val_mape=7.841022 | val_confidence=0.000000 | val_risk=0.000000 | val_blend=0.000000 | batches=709/94 | seconds=125.39 | lr=[3.125e-05] | cuda_peak_mb=1469.3
[2026-09-15 12:51:29] INFO Val horizons | 15min_mae=2.487901 15min_rmse=4.894577 15min_mape=6.512245 | 30min_mae=2.820184 30min_rmse=5.816111 30min_mape=7.948635 | 60min_mae=3.223312 60min_rmse=6.806956 60min_mape=9.620580
[2026-09-15 12:53:34] INFO Epoch 042 | stage=posthoc_calibrator | train_total=2.818040 | train_forecast=2.818040 | train_confidence=0.000000 | train_risk=0.000000 | train_blend=0.000000 | val_total=2.793734 | val_mae=2.791004 | val_rmse=5.769264 | val_mape=7.872531 | val_confidence=0.000000 | val_risk=0.000000 | val_blend=0.000000 | batches=709/94 | seconds=125.46 | lr=[3.125e-05] | cuda_peak_mb=1470.3
[2026-09-15 12:53:34] INFO Val horizons | 15min_mae=2.488333 15min_rmse=4.889265 15min_mape=6.519670 | 30min_mae=2.819381 30min_rmse=5.805841 30min_mape=7.964341 | 60min_mae=3.219833 60min_rmse=6.804518 60min_mape=9.696531
[2026-09-15 12:55:41] INFO Epoch 043 | stage=posthoc_calibrator | train_total=2.817547 | train_forecast=2.817547 | train_confidence=0.000000 | train_risk=0.000000 | train_blend=0.000000 | val_total=2.790963 | val_mae=2.788246 | val_rmse=5.769040 | val_mape=7.827107 | val_confidence=0.000000 | val_risk=0.000000 | val_blend=0.000000 | batches=709/94 | seconds=126.20 | lr=[3.125e-05] | cuda_peak_mb=1470.3
[2026-09-15 12:55:41] INFO Val horizons | 15min_mae=2.486051 15min_rmse=4.895808 15min_mape=6.511642 | 30min_mae=2.815744 30min_rmse=5.809654 30min_mape=7.922539 | 60min_mae=3.218058 60min_rmse=6.799023 60min_mape=9.603893
[2026-09-15 12:57:47] INFO Epoch 044 | stage=posthoc_calibrator | train_total=2.817328 | train_forecast=2.817328 | train_confidence=0.000000 | train_risk=0.000000 | train_blend=0.000000 | val_total=2.785765 | val_mae=2.782934 | val_rmse=5.767949 | val_mape=7.843862 | val_confidence=0.000000 | val_risk=0.000000 | val_blend=0.000000 | batches=709/94 | seconds=126.32 | lr=[3.125e-05] | cuda_peak_mb=1469.3
[2026-09-15 12:57:47] INFO Val horizons | 15min_mae=2.485141 15min_rmse=4.896366 15min_mape=6.534939 | 30min_mae=2.810905 30min_rmse=5.809690 30min_mape=7.946945 | 60min_mae=3.206694 60min_rmse=6.796603 60min_mape=9.620281
[2026-09-15 12:57:47] INFO Checkpoint updated | epoch=44 | stage=posthoc_calibrator | best_val_mae=2.782934 | path=C:\Users\clw\projects\researchRep\STAnchor-BlockMemory\artifacts\paper_final_joint_context_offset_only_seed42\main_table\metrla\ours\stgcn\downstream_best.pt
[2026-09-15 12:59:54] INFO Epoch 045 | stage=posthoc_calibrator | train_total=2.817504 | train_forecast=2.817504 | train_confidence=0.000000 | train_risk=0.000000 | train_blend=0.000000 | val_total=2.788701 | val_mae=2.785933 | val_rmse=5.763205 | val_mape=7.799763 | val_confidence=0.000000 | val_risk=0.000000 | val_blend=0.000000 | batches=709/94 | seconds=126.79 | lr=[3.125e-05] | cuda_peak_mb=1470.3
[2026-09-15 12:59:54] INFO Val horizons | 15min_mae=2.484782 15min_rmse=4.891198 15min_mape=6.489524 | 30min_mae=2.812809 30min_rmse=5.801867 30min_mape=7.891173 | 60min_mae=3.215475 60min_rmse=6.795812 60min_mape=9.583982
[2026-09-15 13:02:01] INFO Epoch 046 | stage=posthoc_calibrator | train_total=2.817366 | train_forecast=2.817366 | train_confidence=0.000000 | train_risk=0.000000 | train_blend=0.000000 | val_total=2.793620 | val_mae=2.790913 | val_rmse=5.778771 | val_mape=7.870844 | val_confidence=0.000000 | val_risk=0.000000 | val_blend=0.000000 | batches=709/94 | seconds=127.10 | lr=[3.125e-05] | cuda_peak_mb=1470.3
[2026-09-15 13:02:01] INFO Val horizons | 15min_mae=2.487468 15min_rmse=4.897658 15min_mape=6.531737 | 30min_mae=2.819022 30min_rmse=5.818377 30min_mape=7.972752 | 60min_mae=3.221399 60min_rmse=6.814198 60min_mape=9.674399
[2026-09-15 13:04:08] INFO Epoch 047 | stage=posthoc_calibrator | train_total=2.817362 | train_forecast=2.817362 | train_confidence=0.000000 | train_risk=0.000000 | train_blend=0.000000 | val_total=2.793236 | val_mae=2.790541 | val_rmse=5.774570 | val_mape=7.861895 | val_confidence=0.000000 | val_risk=0.000000 | val_blend=0.000000 | batches=709/94 | seconds=126.75 | lr=[3.125e-05] | cuda_peak_mb=1469.3
[2026-09-15 13:04:08] INFO Val horizons | 15min_mae=2.487500 15min_rmse=4.892561 15min_mape=6.528353 | 30min_mae=2.818976 30min_rmse=5.813926 30min_mape=7.961788 | 60min_mae=3.218603 60min_rmse=6.808133 60min_mape=9.656675
[2026-09-15 13:06:14] INFO Epoch 048 | stage=posthoc_calibrator | train_total=2.817160 | train_forecast=2.817160 | train_confidence=0.000000 | train_risk=0.000000 | train_blend=0.000000 | val_total=2.796981 | val_mae=2.794341 | val_rmse=5.783886 | val_mape=7.876160 | val_confidence=0.000000 | val_risk=0.000000 | val_blend=0.000000 | batches=709/94 | seconds=126.68 | lr=[3.125e-05] | cuda_peak_mb=1470.3
[2026-09-15 13:06:14] INFO Val horizons | 15min_mae=2.487998 15min_rmse=4.896218 15min_mape=6.533751 | 30min_mae=2.820062 30min_rmse=5.819829 30min_mape=7.966947 | 60min_mae=3.230451 60min_rmse=6.826758 60min_mape=9.696961
[2026-09-15 13:08:21] INFO Epoch 049 | stage=posthoc_calibrator | train_total=2.817456 | train_forecast=2.817456 | train_confidence=0.000000 | train_risk=0.000000 | train_blend=0.000000 | val_total=2.788762 | val_mae=2.785998 | val_rmse=5.764900 | val_mape=7.836242 | val_confidence=0.000000 | val_risk=0.000000 | val_blend=0.000000 | batches=709/94 | seconds=126.50 | lr=[3.125e-05] | cuda_peak_mb=1470.3
[2026-09-15 13:08:21] INFO Val horizons | 15min_mae=2.485077 15min_rmse=4.890312 15min_mape=6.510029 | 30min_mae=2.813611 30min_rmse=5.803762 30min_mape=7.926170 | 60min_mae=3.214242 60min_rmse=6.797428 60min_mape=9.630074
[2026-09-15 13:10:27] INFO Epoch 050 | stage=posthoc_calibrator | train_total=2.816943 | train_forecast=2.816943 | train_confidence=0.000000 | train_risk=0.000000 | train_blend=0.000000 | val_total=2.792650 | val_mae=2.789938 | val_rmse=5.771217 | val_mape=7.892986 | val_confidence=0.000000 | val_risk=0.000000 | val_blend=0.000000 | batches=709/94 | seconds=126.70 | lr=[3.125e-05] | cuda_peak_mb=1469.3
[2026-09-15 13:10:27] INFO Val horizons | 15min_mae=2.487689 15min_rmse=4.892698 15min_mape=6.547836 | 30min_mae=2.817628 30min_rmse=5.809321 30min_mape=7.990055 | 60min_mae=3.217673 60min_rmse=6.801501 60min_mape=9.698024
[2026-09-15 13:10:27] INFO Downstream training finished | best_val_mae=2.782934 | checkpoint=C:\Users\clw\projects\researchRep\STAnchor-BlockMemory\artifacts\paper_final_joint_context_offset_only_seed42\main_table\metrla\ours\stgcn\downstream_best.pt
