[2026-09-11 12:01:22] INFO Downstream start | run=convergence/ablation_random_bank_router_dlinear_seed42 | device=cuda:0 (requested=cuda:0) | seed=42 | output=C:\Users\clw\projects\researchRep\STAnchor-BlockMemory\artifacts\convergence\ablation_random_bank_router_dlinear_seed42
[2026-09-11 12:01:22] INFO Mode | downstream_mode=learned_topk_error_aware | training_protocol=posthoc_frozen_base | candidate_protocol=weekday_radius1_overlap | candidate_ranking=learned_key
[2026-09-11 12:01:22] INFO Downstream initialization | seed=42 | state_hash=2872560507dea354
[2026-09-11 12:01:22] INFO Frozen base | checkpoint=C:\Users\clw\projects\researchRep\STAnchor-BlockMemory\artifacts\convergence\formal_20260910_baseonly_dlinear_seed42\downstream_best.pt | fingerprint=38e666d999bd460c
[2026-09-11 12:01:22] INFO Data | steps=34272 | nodes=207 | channels=1 | training_scope=full_train | memory/post_memory/train_selected/val/test=15876/6805/22681/2993/6025
[2026-09-11 12:01:22] INFO Bank/retrieval | dataset=metrla_random_queue | events=15876 | nodes=207 | retrieval_dim=64 | event_top_r=32 | node_top_k=12 | key_dtype=float16
[2026-09-11 12:01:22] INFO Frozen path cache | enabled=yes | candidate_ranking=learned_key | fill=first_epoch
[2026-09-11 12:01:22] INFO Parameters | downstream_total=880,274 | downstream_trainable=879,693 | backbone=0 | confidence_head=0 | fusion=0 | frozen_pretrained=958,704
[2026-09-11 12:01:22] INFO Optimization | epochs=50 | batch_size=32 | optimizer=adam | lr=0.0005 | weight_decay=0.0001 | scheduler=step_lr | step_size=10 | gamma=0.500 | confidence_weight=0.000 | patience=20 | early_stopping=disabled
[2026-09-11 12:01:23] INFO Stage start | stage=posthoc_calibrator | epochs=50 | optimizer_lrs=[0.0005]
[2026-09-11 12:06:54] INFO Epoch 001 | stage=posthoc_calibrator | train_total=3.292546 | train_forecast=3.292546 | train_confidence=0.000000 | train_risk=0.000000 | train_blend=0.000000 | val_total=3.088620 | val_mae=3.086160 | val_rmse=6.233516 | val_mape=8.506237 | val_confidence=0.000000 | val_risk=0.000000 | val_blend=0.000000 | batches=709/94 | seconds=330.68 | lr=[0.0005] | cuda_peak_mb=3494.0
[2026-09-11 12:06:54] INFO Val horizons | 15min_mae=2.740921 15min_rmse=5.284579 15min_mape=7.135361 | 30min_mae=3.114682 30min_rmse=6.277748 30min_mape=8.555676 | 60min_mae=3.602158 60min_rmse=7.380834 60min_mape=10.539570
[2026-09-11 12:06:54] INFO Checkpoint updated | epoch=1 | stage=posthoc_calibrator | best_val_mae=3.086160 | path=C:\Users\clw\projects\researchRep\STAnchor-BlockMemory\artifacts\convergence\ablation_random_bank_router_dlinear_seed42\downstream_best.pt
[2026-09-11 12:07:58] INFO Epoch 002 | stage=posthoc_calibrator | train_total=3.230206 | train_forecast=3.230206 | train_confidence=0.000000 | train_risk=0.000000 | train_blend=0.000000 | val_total=3.053915 | val_mae=3.051161 | val_rmse=6.234873 | val_mape=8.591977 | val_confidence=0.000000 | val_risk=0.000000 | val_blend=0.000000 | batches=709/94 | seconds=63.71 | lr=[0.0005] | cuda_peak_mb=1430.5
[2026-09-11 12:07:58] INFO Val horizons | 15min_mae=2.721521 15min_rmse=5.270778 15min_mape=7.096373 | 30min_mae=3.085791 30min_rmse=6.242860 30min_mape=8.641961 | 60min_mae=3.535044 60min_rmse=7.426216 60min_mape=10.709972
[2026-09-11 12:07:58] INFO Checkpoint updated | epoch=2 | stage=posthoc_calibrator | best_val_mae=3.051161 | path=C:\Users\clw\projects\researchRep\STAnchor-BlockMemory\artifacts\convergence\ablation_random_bank_router_dlinear_seed42\downstream_best.pt
[2026-09-11 12:09:01] INFO Epoch 003 | stage=posthoc_calibrator | train_total=3.213166 | train_forecast=3.213166 | train_confidence=0.000000 | train_risk=0.000000 | train_blend=0.000000 | val_total=3.061712 | val_mae=3.059334 | val_rmse=6.232591 | val_mape=8.551147 | val_confidence=0.000000 | val_risk=0.000000 | val_blend=0.000000 | batches=709/94 | seconds=63.37 | lr=[0.0005] | cuda_peak_mb=1430.5
[2026-09-11 12:09:01] INFO Val horizons | 15min_mae=2.716627 15min_rmse=5.253955 15min_mape=7.139070 | 30min_mae=3.085142 30min_rmse=6.246912 30min_mape=8.659341 | 60min_mae=3.572793 60min_rmse=7.425994 60min_mape=10.506372
[2026-09-11 12:10:04] INFO Epoch 004 | stage=posthoc_calibrator | train_total=3.202938 | train_forecast=3.202938 | train_confidence=0.000000 | train_risk=0.000000 | train_blend=0.000000 | val_total=3.021188 | val_mae=3.018152 | val_rmse=6.180767 | val_mape=8.485485 | val_confidence=0.000000 | val_risk=0.000000 | val_blend=0.000000 | batches=709/94 | seconds=63.44 | lr=[0.0005] | cuda_peak_mb=1430.0
[2026-09-11 12:10:04] INFO Val horizons | 15min_mae=2.705043 15min_rmse=5.261186 15min_mape=7.133235 | 30min_mae=3.057316 30min_rmse=6.212176 30min_mape=8.576627 | 60min_mae=3.484109 60min_rmse=7.327510 60min_mape=10.502956
[2026-09-11 12:10:04] INFO Checkpoint updated | epoch=4 | stage=posthoc_calibrator | best_val_mae=3.018152 | path=C:\Users\clw\projects\researchRep\STAnchor-BlockMemory\artifacts\convergence\ablation_random_bank_router_dlinear_seed42\downstream_best.pt
[2026-09-11 12:11:08] INFO Epoch 005 | stage=posthoc_calibrator | train_total=3.197091 | train_forecast=3.197091 | train_confidence=0.000000 | train_risk=0.000000 | train_blend=0.000000 | val_total=3.024150 | val_mae=3.021170 | val_rmse=6.165469 | val_mape=8.506004 | val_confidence=0.000000 | val_risk=0.000000 | val_blend=0.000000 | batches=709/94 | seconds=63.39 | lr=[0.0005] | cuda_peak_mb=1429.8
[2026-09-11 12:11:08] INFO Val horizons | 15min_mae=2.699582 15min_rmse=5.250115 15min_mape=7.120273 | 30min_mae=3.054638 30min_rmse=6.201457 30min_mape=8.608997 | 60min_mae=3.502105 60min_rmse=7.293515 60min_mape=10.497660
[2026-09-11 12:12:11] INFO Epoch 006 | stage=posthoc_calibrator | train_total=3.190289 | train_forecast=3.190289 | train_confidence=0.000000 | train_risk=0.000000 | train_blend=0.000000 | val_total=3.023516 | val_mae=3.020625 | val_rmse=6.183735 | val_mape=8.412845 | val_confidence=0.000000 | val_risk=0.000000 | val_blend=0.000000 | batches=709/94 | seconds=63.33 | lr=[0.0005] | cuda_peak_mb=1430.4
[2026-09-11 12:12:11] INFO Val horizons | 15min_mae=2.691817 15min_rmse=5.240375 15min_mape=7.039596 | 30min_mae=3.049071 30min_rmse=6.202601 30min_mape=8.501733 | 60min_mae=3.514594 60min_rmse=7.344471 60min_mape=10.400274
[2026-09-11 12:13:15] INFO Epoch 007 | stage=posthoc_calibrator | train_total=3.186910 | train_forecast=3.186910 | train_confidence=0.000000 | train_risk=0.000000 | train_blend=0.000000 | val_total=3.017120 | val_mae=3.014122 | val_rmse=6.193231 | val_mape=8.520885 | val_confidence=0.000000 | val_risk=0.000000 | val_blend=0.000000 | batches=709/94 | seconds=63.39 | lr=[0.0005] | cuda_peak_mb=1430.0
[2026-09-11 12:13:15] INFO Val horizons | 15min_mae=2.691325 15min_rmse=5.247986 15min_mape=7.081612 | 30min_mae=3.045318 30min_rmse=6.220755 30min_mape=8.606936 | 60min_mae=3.496228 60min_rmse=7.357302 60min_mape=10.602547
[2026-09-11 12:13:15] INFO Checkpoint updated | epoch=7 | stage=posthoc_calibrator | best_val_mae=3.014122 | path=C:\Users\clw\projects\researchRep\STAnchor-BlockMemory\artifacts\convergence\ablation_random_bank_router_dlinear_seed42\downstream_best.pt
[2026-09-11 12:14:18] INFO Epoch 008 | stage=posthoc_calibrator | train_total=3.182866 | train_forecast=3.182866 | train_confidence=0.000000 | train_risk=0.000000 | train_blend=0.000000 | val_total=3.029005 | val_mae=3.026052 | val_rmse=6.198590 | val_mape=8.580702 | val_confidence=0.000000 | val_risk=0.000000 | val_blend=0.000000 | batches=709/94 | seconds=63.40 | lr=[0.0005] | cuda_peak_mb=1430.5
[2026-09-11 12:14:18] INFO Val horizons | 15min_mae=2.696090 15min_rmse=5.254768 15min_mape=7.141235 | 30min_mae=3.055802 30min_rmse=6.221130 30min_mape=8.661765 | 60min_mae=3.520621 60min_rmse=7.367681 60min_mape=10.694797
[2026-09-11 12:15:21] INFO Epoch 009 | stage=posthoc_calibrator | train_total=3.179080 | train_forecast=3.179080 | train_confidence=0.000000 | train_risk=0.000000 | train_blend=0.000000 | val_total=3.048612 | val_mae=3.045825 | val_rmse=6.258781 | val_mape=8.534168 | val_confidence=0.000000 | val_risk=0.000000 | val_blend=0.000000 | batches=709/94 | seconds=63.35 | lr=[0.0005] | cuda_peak_mb=1430.0
[2026-09-11 12:15:21] INFO Val horizons | 15min_mae=2.697694 15min_rmse=5.259395 15min_mape=7.060806 | 30min_mae=3.071574 30min_rmse=6.280707 30min_mape=8.651292 | 60min_mae=3.562499 60min_rmse=7.458379 60min_mape=10.533294
[2026-09-11 12:16:25] INFO Epoch 010 | stage=posthoc_calibrator | train_total=3.178479 | train_forecast=3.178479 | train_confidence=0.000000 | train_risk=0.000000 | train_blend=0.000000 | val_total=3.030200 | val_mae=3.027307 | val_rmse=6.207511 | val_mape=8.450609 | val_confidence=0.000000 | val_risk=0.000000 | val_blend=0.000000 | batches=709/94 | seconds=63.39 | lr=[0.0005] | cuda_peak_mb=1429.8
[2026-09-11 12:16:25] INFO Val horizons | 15min_mae=2.695586 15min_rmse=5.253236 15min_mape=7.046007 | 30min_mae=3.056297 30min_rmse=6.240855 30min_mape=8.535279 | 60min_mae=3.518779 60min_rmse=7.350097 60min_mape=10.445207
[2026-09-11 12:17:28] INFO Epoch 011 | stage=posthoc_calibrator | train_total=3.167620 | train_forecast=3.167620 | train_confidence=0.000000 | train_risk=0.000000 | train_blend=0.000000 | val_total=3.018915 | val_mae=3.015887 | val_rmse=6.153266 | val_mape=8.336466 | val_confidence=0.000000 | val_risk=0.000000 | val_blend=0.000000 | batches=709/94 | seconds=63.57 | lr=[0.00025] | cuda_peak_mb=1430.4
[2026-09-11 12:17:28] INFO Val horizons | 15min_mae=2.683760 15min_rmse=5.211566 15min_mape=7.018907 | 30min_mae=3.046623 30min_rmse=6.169193 30min_mape=8.449975 | 60min_mae=3.509329 60min_rmse=7.321474 60min_mape=10.220859
[2026-09-11 12:18:32] INFO Epoch 012 | stage=posthoc_calibrator | train_total=3.166083 | train_forecast=3.166083 | train_confidence=0.000000 | train_risk=0.000000 | train_blend=0.000000 | val_total=3.011245 | val_mae=3.008039 | val_rmse=6.143441 | val_mape=8.373528 | val_confidence=0.000000 | val_risk=0.000000 | val_blend=0.000000 | batches=709/94 | seconds=63.36 | lr=[0.00025] | cuda_peak_mb=1430.1
[2026-09-11 12:18:32] INFO Val horizons | 15min_mae=2.682035 15min_rmse=5.216688 15min_mape=7.056716 | 30min_mae=3.041424 30min_rmse=6.186874 30min_mape=8.508257 | 60min_mae=3.492708 60min_rmse=7.265386 60min_mape=10.258674
[2026-09-11 12:18:32] INFO Checkpoint updated | epoch=12 | stage=posthoc_calibrator | best_val_mae=3.008039 | path=C:\Users\clw\projects\researchRep\STAnchor-BlockMemory\artifacts\convergence\ablation_random_bank_router_dlinear_seed42\downstream_best.pt
[2026-09-11 12:19:35] INFO Epoch 013 | stage=posthoc_calibrator | train_total=3.163805 | train_forecast=3.163805 | train_confidence=0.000000 | train_risk=0.000000 | train_blend=0.000000 | val_total=3.007698 | val_mae=3.004587 | val_rmse=6.147207 | val_mape=8.418658 | val_confidence=0.000000 | val_risk=0.000000 | val_blend=0.000000 | batches=709/94 | seconds=63.40 | lr=[0.00025] | cuda_peak_mb=1431.3
[2026-09-11 12:19:35] INFO Val horizons | 15min_mae=2.679305 15min_rmse=5.223266 15min_mape=7.087703 | 30min_mae=3.037214 30min_rmse=6.175090 30min_mape=8.519156 | 60min_mae=3.484416 60min_rmse=7.285798 60min_mape=10.380121
[2026-09-11 12:19:35] INFO Checkpoint updated | epoch=13 | stage=posthoc_calibrator | best_val_mae=3.004587 | path=C:\Users\clw\projects\researchRep\STAnchor-BlockMemory\artifacts\convergence\ablation_random_bank_router_dlinear_seed42\downstream_best.pt
[2026-09-11 12:20:39] INFO Epoch 014 | stage=posthoc_calibrator | train_total=3.162778 | train_forecast=3.162778 | train_confidence=0.000000 | train_risk=0.000000 | train_blend=0.000000 | val_total=3.006319 | val_mae=3.003365 | val_rmse=6.172816 | val_mape=8.482875 | val_confidence=0.000000 | val_risk=0.000000 | val_blend=0.000000 | batches=709/94 | seconds=63.39 | lr=[0.00025] | cuda_peak_mb=1430.6
[2026-09-11 12:20:39] INFO Val horizons | 15min_mae=2.676030 15min_rmse=5.227670 15min_mape=7.040971 | 30min_mae=3.035752 30min_rmse=6.197303 30min_mape=8.557954 | 60min_mae=3.487400 60min_rmse=7.337587 60min_mape=10.580881
[2026-09-11 12:20:39] INFO Checkpoint updated | epoch=14 | stage=posthoc_calibrator | best_val_mae=3.003365 | path=C:\Users\clw\projects\researchRep\STAnchor-BlockMemory\artifacts\convergence\ablation_random_bank_router_dlinear_seed42\downstream_best.pt
[2026-09-11 12:21:42] INFO Epoch 015 | stage=posthoc_calibrator | train_total=3.161445 | train_forecast=3.161445 | train_confidence=0.000000 | train_risk=0.000000 | train_blend=0.000000 | val_total=3.013458 | val_mae=3.010424 | val_rmse=6.167889 | val_mape=8.539650 | val_confidence=0.000000 | val_risk=0.000000 | val_blend=0.000000 | batches=709/94 | seconds=63.37 | lr=[0.00025] | cuda_peak_mb=1429.5
[2026-09-11 12:21:42] INFO Val horizons | 15min_mae=2.678053 15min_rmse=5.222110 15min_mape=7.102577 | 30min_mae=3.043080 30min_rmse=6.196953 30min_mape=8.662530 | 60min_mae=3.500514 60min_rmse=7.326581 60min_mape=10.550623
[2026-09-11 12:22:45] INFO Epoch 016 | stage=posthoc_calibrator | train_total=3.159586 | train_forecast=3.159586 | train_confidence=0.000000 | train_risk=0.000000 | train_blend=0.000000 | val_total=3.010252 | val_mae=3.007182 | val_rmse=6.138999 | val_mape=8.378710 | val_confidence=0.000000 | val_risk=0.000000 | val_blend=0.000000 | batches=709/94 | seconds=63.25 | lr=[0.00025] | cuda_peak_mb=1431.9
[2026-09-11 12:22:45] INFO Val horizons | 15min_mae=2.674939 15min_rmse=5.206103 15min_mape=6.996033 | 30min_mae=3.038593 30min_rmse=6.161452 30min_mape=8.472415 | 60min_mae=3.499690 60min_rmse=7.303661 60min_mape=10.395418
[2026-09-11 12:23:49] INFO Epoch 017 | stage=posthoc_calibrator | train_total=3.158662 | train_forecast=3.158662 | train_confidence=0.000000 | train_risk=0.000000 | train_blend=0.000000 | val_total=3.012777 | val_mae=3.009763 | val_rmse=6.194642 | val_mape=8.538138 | val_confidence=0.000000 | val_risk=0.000000 | val_blend=0.000000 | batches=709/94 | seconds=63.35 | lr=[0.00025] | cuda_peak_mb=1430.4
[2026-09-11 12:23:49] INFO Val horizons | 15min_mae=2.675354 15min_rmse=5.238792 15min_mape=7.099509 | 30min_mae=3.039854 30min_rmse=6.224201 30min_mape=8.647770 | 60min_mae=3.499644 60min_rmse=7.354287 60min_mape=10.568149
[2026-09-11 12:24:52] INFO Epoch 018 | stage=posthoc_calibrator | train_total=3.158061 | train_forecast=3.158061 | train_confidence=0.000000 | train_risk=0.000000 | train_blend=0.000000 | val_total=3.017816 | val_mae=3.014837 | val_rmse=6.193802 | val_mape=8.536095 | val_confidence=0.000000 | val_risk=0.000000 | val_blend=0.000000 | batches=709/94 | seconds=63.42 | lr=[0.00025] | cuda_peak_mb=1431.4
[2026-09-11 12:24:52] INFO Val horizons | 15min_mae=2.677362 15min_rmse=5.209712 15min_mape=7.056856 | 30min_mae=3.044497 30min_rmse=6.200606 30min_mape=8.608251 | 60min_mae=3.510411 60min_rmse=7.391958 60min_mape=10.634279
[2026-09-11 12:25:55] INFO Epoch 019 | stage=posthoc_calibrator | train_total=3.156811 | train_forecast=3.156811 | train_confidence=0.000000 | train_risk=0.000000 | train_blend=0.000000 | val_total=3.003772 | val_mae=3.000699 | val_rmse=6.169212 | val_mape=8.452453 | val_confidence=0.000000 | val_risk=0.000000 | val_blend=0.000000 | batches=709/94 | seconds=63.29 | lr=[0.00025] | cuda_peak_mb=1430.1
[2026-09-11 12:25:55] INFO Val horizons | 15min_mae=2.671059 15min_rmse=5.216438 15min_mape=7.052747 | 30min_mae=3.032359 30min_rmse=6.199906 30min_mape=8.572485 | 60min_mae=3.484334 60min_rmse=7.327557 60min_mape=10.451661
[2026-09-11 12:25:55] INFO Checkpoint updated | epoch=19 | stage=posthoc_calibrator | best_val_mae=3.000699 | path=C:\Users\clw\projects\researchRep\STAnchor-BlockMemory\artifacts\convergence\ablation_random_bank_router_dlinear_seed42\downstream_best.pt
[2026-09-11 12:26:59] INFO Epoch 020 | stage=posthoc_calibrator | train_total=3.155144 | train_forecast=3.155144 | train_confidence=0.000000 | train_risk=0.000000 | train_blend=0.000000 | val_total=3.034161 | val_mae=3.031453 | val_rmse=6.236352 | val_mape=8.789711 | val_confidence=0.000000 | val_risk=0.000000 | val_blend=0.000000 | batches=709/94 | seconds=63.43 | lr=[0.00025] | cuda_peak_mb=1430.5
[2026-09-11 12:26:59] INFO Val horizons | 15min_mae=2.687596 15min_rmse=5.219337 15min_mape=7.271444 | 30min_mae=3.061903 30min_rmse=6.241722 30min_mape=8.921117 | 60min_mae=3.531704 60min_rmse=7.455339 60min_mape=10.846885
[2026-09-11 12:28:02] INFO Epoch 021 | stage=posthoc_calibrator | train_total=3.150157 | train_forecast=3.150157 | train_confidence=0.000000 | train_risk=0.000000 | train_blend=0.000000 | val_total=3.012765 | val_mae=3.009729 | val_rmse=6.173956 | val_mape=8.520622 | val_confidence=0.000000 | val_risk=0.000000 | val_blend=0.000000 | batches=709/94 | seconds=63.52 | lr=[0.000125] | cuda_peak_mb=1429.6
[2026-09-11 12:28:02] INFO Val horizons | 15min_mae=2.672690 15min_rmse=5.198007 15min_mape=7.033839 | 30min_mae=3.041598 30min_rmse=6.190965 30min_mape=8.606904 | 60min_mae=3.497424 60min_rmse=7.350358 60min_mape=10.596621
[2026-09-11 12:29:06] INFO Epoch 022 | stage=posthoc_calibrator | train_total=3.149644 | train_forecast=3.149644 | train_confidence=0.000000 | train_risk=0.000000 | train_blend=0.000000 | val_total=3.003365 | val_mae=3.000277 | val_rmse=6.152218 | val_mape=8.428437 | val_confidence=0.000000 | val_risk=0.000000 | val_blend=0.000000 | batches=709/94 | seconds=63.32 | lr=[0.000125] | cuda_peak_mb=1430.7
[2026-09-11 12:29:06] INFO Val horizons | 15min_mae=2.666535 15min_rmse=5.198925 15min_mape=6.999354 | 30min_mae=3.032133 30min_rmse=6.176346 30min_mape=8.536276 | 60min_mae=3.485174 60min_rmse=7.311319 60min_mape=10.430268
[2026-09-11 12:29:06] INFO Checkpoint updated | epoch=22 | stage=posthoc_calibrator | best_val_mae=3.000277 | path=C:\Users\clw\projects\researchRep\STAnchor-BlockMemory\artifacts\convergence\ablation_random_bank_router_dlinear_seed42\downstream_best.pt
[2026-09-11 12:30:09] INFO Epoch 023 | stage=posthoc_calibrator | train_total=3.148798 | train_forecast=3.148798 | train_confidence=0.000000 | train_risk=0.000000 | train_blend=0.000000 | val_total=2.997942 | val_mae=2.994837 | val_rmse=6.148199 | val_mape=8.411458 | val_confidence=0.000000 | val_risk=0.000000 | val_blend=0.000000 | batches=709/94 | seconds=63.46 | lr=[0.000125] | cuda_peak_mb=1431.4
[2026-09-11 12:30:09] INFO Val horizons | 15min_mae=2.664536 15min_rmse=5.196137 15min_mape=7.007889 | 30min_mae=3.026770 30min_rmse=6.169314 30min_mape=8.505723 | 60min_mae=3.480680 60min_rmse=7.315145 60min_mape=10.408451
[2026-09-11 12:30:09] INFO Checkpoint updated | epoch=23 | stage=posthoc_calibrator | best_val_mae=2.994837 | path=C:\Users\clw\projects\researchRep\STAnchor-BlockMemory\artifacts\convergence\ablation_random_bank_router_dlinear_seed42\downstream_best.pt
[2026-09-11 12:31:13] INFO Epoch 024 | stage=posthoc_calibrator | train_total=3.147982 | train_forecast=3.147982 | train_confidence=0.000000 | train_risk=0.000000 | train_blend=0.000000 | val_total=3.004288 | val_mae=3.001208 | val_rmse=6.160018 | val_mape=8.502705 | val_confidence=0.000000 | val_risk=0.000000 | val_blend=0.000000 | batches=709/94 | seconds=63.42 | lr=[0.000125] | cuda_peak_mb=1430.1
[2026-09-11 12:31:13] INFO Val horizons | 15min_mae=2.667573 15min_rmse=5.204450 15min_mape=7.075285 | 30min_mae=3.034928 30min_rmse=6.191000 30min_mape=8.623075 | 60min_mae=3.485492 60min_rmse=7.313255 60min_mape=10.495736
[2026-09-11 12:32:16] INFO Epoch 025 | stage=posthoc_calibrator | train_total=3.147310 | train_forecast=3.147310 | train_confidence=0.000000 | train_risk=0.000000 | train_blend=0.000000 | val_total=3.005314 | val_mae=3.002085 | val_rmse=6.158608 | val_mape=8.368796 | val_confidence=0.000000 | val_risk=0.000000 | val_blend=0.000000 | batches=709/94 | seconds=63.39 | lr=[0.000125] | cuda_peak_mb=1430.3
[2026-09-11 12:32:16] INFO Val horizons | 15min_mae=2.667133 15min_rmse=5.209863 15min_mape=7.005366 | 30min_mae=3.033947 30min_rmse=6.194211 30min_mape=8.499504 | 60min_mae=3.489699 60min_rmse=7.307680 60min_mape=10.277341
[2026-09-11 12:33:19] INFO Epoch 026 | stage=posthoc_calibrator | train_total=3.147288 | train_forecast=3.147288 | train_confidence=0.000000 | train_risk=0.000000 | train_blend=0.000000 | val_total=2.998813 | val_mae=2.995683 | val_rmse=6.144808 | val_mape=8.365580 | val_confidence=0.000000 | val_risk=0.000000 | val_blend=0.000000 | batches=709/94 | seconds=63.40 | lr=[0.000125] | cuda_peak_mb=1430.6
[2026-09-11 12:33:19] INFO Val horizons | 15min_mae=2.664666 15min_rmse=5.200538 15min_mape=6.981533 | 30min_mae=3.029127 30min_rmse=6.181357 30min_mape=8.483625 | 60min_mae=3.478005 60min_rmse=7.284219 60min_mape=10.308172
[2026-09-11 12:34:23] INFO Epoch 027 | stage=posthoc_calibrator | train_total=3.146374 | train_forecast=3.146374 | train_confidence=0.000000 | train_risk=0.000000 | train_blend=0.000000 | val_total=3.003407 | val_mae=3.000298 | val_rmse=6.195531 | val_mape=8.544271 | val_confidence=0.000000 | val_risk=0.000000 | val_blend=0.000000 | batches=709/94 | seconds=63.36 | lr=[0.000125] | cuda_peak_mb=1431.0
[2026-09-11 12:34:23] INFO Val horizons | 15min_mae=2.666877 15min_rmse=5.216833 15min_mape=7.048163 | 30min_mae=3.033031 30min_rmse=6.220590 30min_mape=8.632612 | 60min_mae=3.481717 60min_rmse=7.371613 60min_mape=10.629147
[2026-09-11 12:35:26] INFO Epoch 028 | stage=posthoc_calibrator | train_total=3.145871 | train_forecast=3.145871 | train_confidence=0.000000 | train_risk=0.000000 | train_blend=0.000000 | val_total=3.006001 | val_mae=3.002969 | val_rmse=6.148910 | val_mape=8.453211 | val_confidence=0.000000 | val_risk=0.000000 | val_blend=0.000000 | batches=709/94 | seconds=63.41 | lr=[0.000125] | cuda_peak_mb=1430.4
[2026-09-11 12:35:26] INFO Val horizons | 15min_mae=2.668052 15min_rmse=5.203201 15min_mape=7.037236 | 30min_mae=3.036877 30min_rmse=6.186831 30min_mape=8.569953 | 60min_mae=3.488602 60min_rmse=7.293271 60min_mape=10.467366
[2026-09-11 12:36:30] INFO Epoch 029 | stage=posthoc_calibrator | train_total=3.145378 | train_forecast=3.145378 | train_confidence=0.000000 | train_risk=0.000000 | train_blend=0.000000 | val_total=3.010741 | val_mae=3.007685 | val_rmse=6.170549 | val_mape=8.421068 | val_confidence=0.000000 | val_risk=0.000000 | val_blend=0.000000 | batches=709/94 | seconds=63.41 | lr=[0.000125] | cuda_peak_mb=1430.0
[2026-09-11 12:36:30] INFO Val horizons | 15min_mae=2.666087 15min_rmse=5.201219 15min_mape=7.001540 | 30min_mae=3.037378 30min_rmse=6.185919 30min_mape=8.516262 | 60min_mae=3.504799 60min_rmse=7.356648 60min_mape=10.433827
[2026-09-11 12:37:33] INFO Epoch 030 | stage=posthoc_calibrator | train_total=3.145026 | train_forecast=3.145026 | train_confidence=0.000000 | train_risk=0.000000 | train_blend=0.000000 | val_total=3.010201 | val_mae=3.007133 | val_rmse=6.159120 | val_mape=8.435203 | val_confidence=0.000000 | val_risk=0.000000 | val_blend=0.000000 | batches=709/94 | seconds=63.37 | lr=[0.000125] | cuda_peak_mb=1430.8
[2026-09-11 12:37:33] INFO Val horizons | 15min_mae=2.667894 15min_rmse=5.193275 15min_mape=7.015890 | 30min_mae=3.039742 30min_rmse=6.184874 30min_mape=8.548559 | 60min_mae=3.500226 60min_rmse=7.332412 60min_mape=10.438772
[2026-09-11 12:38:36] INFO Epoch 031 | stage=posthoc_calibrator | train_total=3.142603 | train_forecast=3.142603 | train_confidence=0.000000 | train_risk=0.000000 | train_blend=0.000000 | val_total=3.002141 | val_mae=2.999056 | val_rmse=6.138992 | val_mape=8.352042 | val_confidence=0.000000 | val_risk=0.000000 | val_blend=0.000000 | batches=709/94 | seconds=63.35 | lr=[6.25e-05] | cuda_peak_mb=1430.1
[2026-09-11 12:38:36] INFO Val horizons | 15min_mae=2.663324 15min_rmse=5.191101 15min_mape=6.986381 | 30min_mae=3.031383 30min_rmse=6.174369 30min_mape=8.473153 | 60min_mae=3.486094 60min_rmse=7.286695 60min_mape=10.280908
[2026-09-11 12:39:40] INFO Epoch 032 | stage=posthoc_calibrator | train_total=3.141544 | train_forecast=3.141544 | train_confidence=0.000000 | train_risk=0.000000 | train_blend=0.000000 | val_total=2.993392 | val_mae=2.990215 | val_rmse=6.139193 | val_mape=8.394400 | val_confidence=0.000000 | val_risk=0.000000 | val_blend=0.000000 | batches=709/94 | seconds=63.37 | lr=[6.25e-05] | cuda_peak_mb=1429.4
[2026-09-11 12:39:40] INFO Val horizons | 15min_mae=2.660643 15min_rmse=5.197816 15min_mape=6.972544 | 30min_mae=3.024036 30min_rmse=6.174007 30min_mape=8.486880 | 60min_mae=3.468909 60min_rmse=7.284505 60min_mape=10.416556
[2026-09-11 12:39:40] INFO Checkpoint updated | epoch=32 | stage=posthoc_calibrator | best_val_mae=2.990215 | path=C:\Users\clw\projects\researchRep\STAnchor-BlockMemory\artifacts\convergence\ablation_random_bank_router_dlinear_seed42\downstream_best.pt
[2026-09-11 12:40:43] INFO Epoch 033 | stage=posthoc_calibrator | train_total=3.141353 | train_forecast=3.141353 | train_confidence=0.000000 | train_risk=0.000000 | train_blend=0.000000 | val_total=3.009367 | val_mae=3.006318 | val_rmse=6.160707 | val_mape=8.456688 | val_confidence=0.000000 | val_risk=0.000000 | val_blend=0.000000 | batches=709/94 | seconds=63.36 | lr=[6.25e-05] | cuda_peak_mb=1430.1
[2026-09-11 12:40:43] INFO Val horizons | 15min_mae=2.666551 15min_rmse=5.192792 15min_mape=7.022503 | 30min_mae=3.037609 30min_rmse=6.185411 30min_mape=8.566599 | 60min_mae=3.499217 60min_rmse=7.332805 60min_mape=10.469397
[2026-09-11 12:41:46] INFO Epoch 034 | stage=posthoc_calibrator | train_total=3.140800 | train_forecast=3.140800 | train_confidence=0.000000 | train_risk=0.000000 | train_blend=0.000000 | val_total=3.006999 | val_mae=3.003931 | val_rmse=6.186693 | val_mape=8.489663 | val_confidence=0.000000 | val_risk=0.000000 | val_blend=0.000000 | batches=709/94 | seconds=63.28 | lr=[6.25e-05] | cuda_peak_mb=1429.5
[2026-09-11 12:41:46] INFO Val horizons | 15min_mae=2.666184 15min_rmse=5.208477 15min_mape=7.028297 | 30min_mae=3.037206 30min_rmse=6.220522 30min_mape=8.607371 | 60min_mae=3.488965 60min_rmse=7.348526 60min_mape=10.507123
[2026-09-11 12:42:50] INFO Epoch 035 | stage=posthoc_calibrator | train_total=3.141027 | train_forecast=3.141027 | train_confidence=0.000000 | train_risk=0.000000 | train_blend=0.000000 | val_total=3.014175 | val_mae=3.011183 | val_rmse=6.182654 | val_mape=8.507957 | val_confidence=0.000000 | val_risk=0.000000 | val_blend=0.000000 | batches=709/94 | seconds=63.32 | lr=[6.25e-05] | cuda_peak_mb=1431.9
[2026-09-11 12:42:50] INFO Val horizons | 15min_mae=2.667888 15min_rmse=5.197768 15min_mape=7.051688 | 30min_mae=3.042493 30min_rmse=6.204111 30min_mape=8.624616 | 60min_mae=3.507350 60min_rmse=7.369601 60min_mape=10.530299
[2026-09-11 12:43:53] INFO Epoch 036 | stage=posthoc_calibrator | train_total=3.140331 | train_forecast=3.140331 | train_confidence=0.000000 | train_risk=0.000000 | train_blend=0.000000 | val_total=3.000160 | val_mae=2.997045 | val_rmse=6.168808 | val_mape=8.546004 | val_confidence=0.000000 | val_risk=0.000000 | val_blend=0.000000 | batches=709/94 | seconds=63.38 | lr=[6.25e-05] | cuda_peak_mb=1429.5
[2026-09-11 12:43:53] INFO Val horizons | 15min_mae=2.664907 15min_rmse=5.206415 15min_mape=7.086585 | 30min_mae=3.030259 30min_rmse=6.198395 30min_mape=8.660572 | 60min_mae=3.479383 60min_rmse=7.336301 60min_mape=10.588469
[2026-09-11 12:44:56] INFO Epoch 037 | stage=posthoc_calibrator | train_total=3.139904 | train_forecast=3.139904 | train_confidence=0.000000 | train_risk=0.000000 | train_blend=0.000000 | val_total=2.999376 | val_mae=2.996222 | val_rmse=6.141829 | val_mape=8.355023 | val_confidence=0.000000 | val_risk=0.000000 | val_blend=0.000000 | batches=709/94 | seconds=63.43 | lr=[6.25e-05] | cuda_peak_mb=1431.9
[2026-09-11 12:44:56] INFO Val horizons | 15min_mae=2.663812 15min_rmse=5.195848 15min_mape=6.968183 | 30min_mae=3.028884 30min_rmse=6.182876 30min_mape=8.468889 | 60min_mae=3.478111 60min_rmse=7.277119 60min_mape=10.298812
[2026-09-11 12:46:00] INFO Epoch 038 | stage=posthoc_calibrator | train_total=3.140145 | train_forecast=3.140145 | train_confidence=0.000000 | train_risk=0.000000 | train_blend=0.000000 | val_total=3.001794 | val_mae=2.998677 | val_rmse=6.162945 | val_mape=8.492242 | val_confidence=0.000000 | val_risk=0.000000 | val_blend=0.000000 | batches=709/94 | seconds=63.50 | lr=[6.25e-05] | cuda_peak_mb=1430.5
[2026-09-11 12:46:00] INFO Val horizons | 15min_mae=2.664963 15min_rmse=5.201198 15min_mape=7.055847 | 30min_mae=3.032417 30min_rmse=6.192951 30min_mape=8.615397 | 60min_mae=3.480438 60min_rmse=7.326163 60min_mape=10.495156
[2026-09-11 12:47:03] INFO Epoch 039 | stage=posthoc_calibrator | train_total=3.139753 | train_forecast=3.139753 | train_confidence=0.000000 | train_risk=0.000000 | train_blend=0.000000 | val_total=3.000514 | val_mae=2.997333 | val_rmse=6.152925 | val_mape=8.346032 | val_confidence=0.000000 | val_risk=0.000000 | val_blend=0.000000 | batches=709/94 | seconds=63.48 | lr=[6.25e-05] | cuda_peak_mb=1430.1
[2026-09-11 12:47:03] INFO Val horizons | 15min_mae=2.662768 15min_rmse=5.200892 15min_mape=6.978894 | 30min_mae=3.029378 30min_rmse=6.191307 30min_mape=8.468599 | 60min_mae=3.482072 60min_rmse=7.297932 60min_mape=10.271928
[2026-09-11 12:48:07] INFO Epoch 040 | stage=posthoc_calibrator | train_total=3.139441 | train_forecast=3.139441 | train_confidence=0.000000 | train_risk=0.000000 | train_blend=0.000000 | val_total=3.003634 | val_mae=3.000585 | val_rmse=6.180084 | val_mape=8.529071 | val_confidence=0.000000 | val_risk=0.000000 | val_blend=0.000000 | batches=709/94 | seconds=63.39 | lr=[6.25e-05] | cuda_peak_mb=1429.8
[2026-09-11 12:48:07] INFO Val horizons | 15min_mae=2.664737 15min_rmse=5.206917 15min_mape=7.055271 | 30min_mae=3.033497 30min_rmse=6.208108 30min_mape=8.630558 | 60min_mae=3.485909 60min_rmse=7.349967 60min_mape=10.582809
[2026-09-11 12:49:10] INFO Epoch 041 | stage=posthoc_calibrator | train_total=3.137469 | train_forecast=3.137469 | train_confidence=0.000000 | train_risk=0.000000 | train_blend=0.000000 | val_total=3.003300 | val_mae=3.000228 | val_rmse=6.154509 | val_mape=8.451747 | val_confidence=0.000000 | val_risk=0.000000 | val_blend=0.000000 | batches=709/94 | seconds=63.36 | lr=[3.125e-05] | cuda_peak_mb=1430.8
[2026-09-11 12:49:10] INFO Val horizons | 15min_mae=2.663238 15min_rmse=5.191198 15min_mape=7.003959 | 30min_mae=3.032204 30min_rmse=6.179219 30min_mape=8.541065 | 60min_mae=3.488069 60min_rmse=7.325207 60min_mape=10.492404
[2026-09-11 12:50:14] INFO Epoch 042 | stage=posthoc_calibrator | train_total=3.137451 | train_forecast=3.137451 | train_confidence=0.000000 | train_risk=0.000000 | train_blend=0.000000 | val_total=2.999053 | val_mae=2.995902 | val_rmse=6.149250 | val_mape=8.448023 | val_confidence=0.000000 | val_risk=0.000000 | val_blend=0.000000 | batches=709/94 | seconds=63.43 | lr=[3.125e-05] | cuda_peak_mb=1430.7
[2026-09-11 12:50:14] INFO Val horizons | 15min_mae=2.662464 15min_rmse=5.194295 15min_mape=7.024020 | 30min_mae=3.028960 30min_rmse=6.181880 30min_mape=8.563865 | 60min_mae=3.479297 60min_rmse=7.305208 60min_mape=10.436074
[2026-09-11 12:51:17] INFO Epoch 043 | stage=posthoc_calibrator | train_total=3.137324 | train_forecast=3.137324 | train_confidence=0.000000 | train_risk=0.000000 | train_blend=0.000000 | val_total=2.993048 | val_mae=2.989856 | val_rmse=6.150894 | val_mape=8.392617 | val_confidence=0.000000 | val_risk=0.000000 | val_blend=0.000000 | batches=709/94 | seconds=63.39 | lr=[3.125e-05] | cuda_peak_mb=1431.4
[2026-09-11 12:51:17] INFO Val horizons | 15min_mae=2.661209 15min_rmse=5.204492 15min_mape=7.005687 | 30min_mae=3.023385 30min_rmse=6.190937 30min_mape=8.514396 | 60min_mae=3.466557 60min_rmse=7.290606 60min_mape=10.342320
[2026-09-11 12:51:17] INFO Checkpoint updated | epoch=43 | stage=posthoc_calibrator | best_val_mae=2.989856 | path=C:\Users\clw\projects\researchRep\STAnchor-BlockMemory\artifacts\convergence\ablation_random_bank_router_dlinear_seed42\downstream_best.pt
[2026-09-11 12:52:20] INFO Epoch 044 | stage=posthoc_calibrator | train_total=3.137177 | train_forecast=3.137177 | train_confidence=0.000000 | train_risk=0.000000 | train_blend=0.000000 | val_total=2.994015 | val_mae=2.990788 | val_rmse=6.149164 | val_mape=8.425836 | val_confidence=0.000000 | val_risk=0.000000 | val_blend=0.000000 | batches=709/94 | seconds=63.45 | lr=[3.125e-05] | cuda_peak_mb=1430.5
[2026-09-11 12:52:20] INFO Val horizons | 15min_mae=2.661088 15min_rmse=5.201256 15min_mape=7.031698 | 30min_mae=3.024796 30min_rmse=6.187830 30min_mape=8.554550 | 60min_mae=3.467747 60min_rmse=7.287311 60min_mape=10.371719
[2026-09-11 12:53:24] INFO Epoch 045 | stage=posthoc_calibrator | train_total=3.137407 | train_forecast=3.137407 | train_confidence=0.000000 | train_risk=0.000000 | train_blend=0.000000 | val_total=3.000031 | val_mae=2.996842 | val_rmse=6.157328 | val_mape=8.429825 | val_confidence=0.000000 | val_risk=0.000000 | val_blend=0.000000 | batches=709/94 | seconds=63.44 | lr=[3.125e-05] | cuda_peak_mb=1430.4
[2026-09-11 12:53:24] INFO Val horizons | 15min_mae=2.661804 15min_rmse=5.200827 15min_mape=7.010671 | 30min_mae=3.029038 30min_rmse=6.191542 30min_mape=8.543543 | 60min_mae=3.483069 60min_rmse=7.312176 60min_mape=10.413229
[2026-09-11 12:54:29] INFO Epoch 046 | stage=posthoc_calibrator | train_total=3.137260 | train_forecast=3.137260 | train_confidence=0.000000 | train_risk=0.000000 | train_blend=0.000000 | val_total=2.999052 | val_mae=2.995890 | val_rmse=6.156285 | val_mape=8.436738 | val_confidence=0.000000 | val_risk=0.000000 | val_blend=0.000000 | batches=709/94 | seconds=64.61 | lr=[3.125e-05] | cuda_peak_mb=1429.5
[2026-09-11 12:54:29] INFO Val horizons | 15min_mae=2.662261 15min_rmse=5.201338 15min_mape=7.016601 | 30min_mae=3.028120 30min_rmse=6.188840 30min_mape=8.547609 | 60min_mae=3.480043 60min_rmse=7.313077 60min_mape=10.432401
[2026-09-11 12:55:35] INFO Epoch 047 | stage=posthoc_calibrator | train_total=3.136920 | train_forecast=3.136920 | train_confidence=0.000000 | train_risk=0.000000 | train_blend=0.000000 | val_total=2.994085 | val_mae=2.990898 | val_rmse=6.148894 | val_mape=8.428930 | val_confidence=0.000000 | val_risk=0.000000 | val_blend=0.000000 | batches=709/94 | seconds=66.43 | lr=[3.125e-05] | cuda_peak_mb=1431.9
[2026-09-11 12:55:35] INFO Val horizons | 15min_mae=2.660764 15min_rmse=5.200198 15min_mape=7.010196 | 30min_mae=3.025303 30min_rmse=6.191386 30min_mape=8.544648 | 60min_mae=3.468162 60min_rmse=7.285580 60min_mape=10.416408
[2026-09-11 12:56:41] INFO Epoch 048 | stage=posthoc_calibrator | train_total=3.136346 | train_forecast=3.136346 | train_confidence=0.000000 | train_risk=0.000000 | train_blend=0.000000 | val_total=2.997373 | val_mae=2.994245 | val_rmse=6.151762 | val_mape=8.467922 | val_confidence=0.000000 | val_risk=0.000000 | val_blend=0.000000 | batches=709/94 | seconds=66.09 | lr=[3.125e-05] | cuda_peak_mb=1429.5
[2026-09-11 12:56:41] INFO Val horizons | 15min_mae=2.661517 15min_rmse=5.191436 15min_mape=7.010669 | 30min_mae=3.027257 30min_rmse=6.181736 30min_mape=8.567112 | 60min_mae=3.476396 60min_rmse=7.314991 60min_mape=10.515973
[2026-09-11 12:57:48] INFO Epoch 049 | stage=posthoc_calibrator | train_total=3.136492 | train_forecast=3.136492 | train_confidence=0.000000 | train_risk=0.000000 | train_blend=0.000000 | val_total=2.990748 | val_mae=2.987490 | val_rmse=6.140438 | val_mape=8.395359 | val_confidence=0.000000 | val_risk=0.000000 | val_blend=0.000000 | batches=709/94 | seconds=66.49 | lr=[3.125e-05] | cuda_peak_mb=1431.9
[2026-09-11 12:57:48] INFO Val horizons | 15min_mae=2.659554 15min_rmse=5.196627 15min_mape=6.991078 | 30min_mae=3.021672 30min_rmse=6.179757 30min_mape=8.502513 | 60min_mae=3.463132 60min_rmse=7.277156 60min_mape=10.380481
[2026-09-11 12:57:48] INFO Checkpoint updated | epoch=49 | stage=posthoc_calibrator | best_val_mae=2.987490 | path=C:\Users\clw\projects\researchRep\STAnchor-BlockMemory\artifacts\convergence\ablation_random_bank_router_dlinear_seed42\downstream_best.pt
[2026-09-11 12:58:55] INFO Epoch 050 | stage=posthoc_calibrator | train_total=3.136534 | train_forecast=3.136534 | train_confidence=0.000000 | train_risk=0.000000 | train_blend=0.000000 | val_total=2.995937 | val_mae=2.992761 | val_rmse=6.152105 | val_mape=8.441054 | val_confidence=0.000000 | val_risk=0.000000 | val_blend=0.000000 | batches=709/94 | seconds=66.94 | lr=[3.125e-05] | cuda_peak_mb=1431.3
[2026-09-11 12:58:55] INFO Val horizons | 15min_mae=2.661898 15min_rmse=5.202296 15min_mape=7.017265 | 30min_mae=3.027386 30min_rmse=6.189616 30min_mape=8.553472 | 60min_mae=3.470448 60min_rmse=7.297594 60min_mape=10.437630
[2026-09-11 12:58:55] INFO Downstream training finished | best_val_mae=2.987490 | checkpoint=C:\Users\clw\projects\researchRep\STAnchor-BlockMemory\artifacts\convergence\ablation_random_bank_router_dlinear_seed42\downstream_best.pt
