[2026-09-09 21:43:21] INFO Downstream start | run=cross_dataset_final/pems04_baseonly_staeformer_seed42 | device=cuda:0 (requested=cuda:0) | seed=42 | output=C:\Users\clw\projects\researchRep\STAnchor-BlockMemory\artifacts\cross_dataset_final\pems04_baseonly_staeformer_seed42
[2026-09-09 21:43:21] INFO Mode | downstream_mode=base_only | training_protocol=staged_joint | candidate_protocol=weekday_radius1_overlap
[2026-09-09 21:43:21] INFO STAEformer temporal covariates | mode=calendar | source=dataset slot/weekday
[2026-09-09 21:43:21] INFO Downstream initialization | seed=42 | state_hash=e5444f94df32df78
[2026-09-09 21:43:21] INFO Data | steps=16992 | nodes=307 | channels=1 | training_scope=full_train | memory/post_memory/train_selected/val/test=8116/3479/11595/1400/3100
[2026-09-09 21:43:21] INFO Bank/retrieval | disabled (base_only)
[2026-09-09 21:43:21] INFO Parameters | downstream_total=1,355,201 | downstream_trainable=1,354,932 | backbone=1,354,932 | confidence_head=0 | fusion=0 | frozen_pretrained=0
[2026-09-09 21:43:21] INFO Optimization | epochs=50 | batch_size=32 | optimizer=adam | lr=0.001 | weight_decay=0.0001 | scheduler=step_lr | step_size=10 | gamma=0.950 | confidence_weight=0.000 | patience=10 | early_stopping=disabled
[2026-09-09 21:43:22] INFO Stage start | stage=standard | epochs=50 | optimizer_lrs=[0.001]
[2026-09-09 21:46:07] INFO Epoch 001 | stage=standard | train_total=2.193727 | train_forecast=2.193727 | train_confidence=0.000000 | train_risk=0.000000 | train_blend=0.000000 | val_total=2.213066 | val_mae=2.220323 | val_rmse=4.747927 | val_mape=5.484071 | val_confidence=0.000000 | val_risk=0.000000 | val_blend=0.000000 | batches=363/44 | seconds=164.92 | lr=[0.001] | cuda_peak_mb=7527.4
[2026-09-09 21:46:07] INFO Val horizons | 15min_mae=1.736492 15min_rmse=3.514058 15min_mape=3.995503 | 30min_mae=2.226286 30min_rmse=4.690412 30min_mape=5.382879 | 60min_mae=2.846568 60min_rmse=6.144524 60min_mape=7.670030
[2026-09-09 21:46:07] INFO Checkpoint updated | epoch=1 | stage=standard | best_val_mae=2.220323 | path=C:\Users\clw\projects\researchRep\STAnchor-BlockMemory\artifacts\cross_dataset_final\pems04_baseonly_staeformer_seed42\downstream_best.pt
[2026-09-09 21:48:53] INFO Epoch 002 | stage=standard | train_total=1.811953 | train_forecast=1.811953 | train_confidence=0.000000 | train_risk=0.000000 | train_blend=0.000000 | val_total=2.058666 | val_mae=2.065212 | val_rmse=4.604472 | val_mape=4.941226 | val_confidence=0.000000 | val_risk=0.000000 | val_blend=0.000000 | batches=363/44 | seconds=165.50 | lr=[0.001] | cuda_peak_mb=7527.4
[2026-09-09 21:48:53] INFO Val horizons | 15min_mae=1.673519 15min_rmse=3.409874 15min_mape=3.644995 | 30min_mae=2.097086 30min_rmse=4.592588 30min_mape=4.923607 | 60min_mae=2.629816 60min_rmse=5.863729 60min_mape=6.790862
[2026-09-09 21:48:53] INFO Checkpoint updated | epoch=2 | stage=standard | best_val_mae=2.065212 | path=C:\Users\clw\projects\researchRep\STAnchor-BlockMemory\artifacts\cross_dataset_final\pems04_baseonly_staeformer_seed42\downstream_best.pt
[2026-09-09 21:51:38] INFO Epoch 003 | stage=standard | train_total=1.728213 | train_forecast=1.728213 | train_confidence=0.000000 | train_risk=0.000000 | train_blend=0.000000 | val_total=1.968586 | val_mae=1.975089 | val_rmse=4.420688 | val_mape=4.752055 | val_confidence=0.000000 | val_risk=0.000000 | val_blend=0.000000 | batches=363/44 | seconds=165.35 | lr=[0.001] | cuda_peak_mb=7527.4
[2026-09-09 21:51:38] INFO Val horizons | 15min_mae=1.597211 15min_rmse=3.287102 15min_mape=3.499810 | 30min_mae=2.027730 30min_rmse=4.427749 30min_mape=4.839054 | 60min_mae=2.501435 60min_rmse=5.607202 60min_mape=6.449744
[2026-09-09 21:51:38] INFO Checkpoint updated | epoch=3 | stage=standard | best_val_mae=1.975089 | path=C:\Users\clw\projects\researchRep\STAnchor-BlockMemory\artifacts\cross_dataset_final\pems04_baseonly_staeformer_seed42\downstream_best.pt
[2026-09-09 21:54:23] INFO Epoch 004 | stage=standard | train_total=1.683371 | train_forecast=1.683371 | train_confidence=0.000000 | train_risk=0.000000 | train_blend=0.000000 | val_total=1.955601 | val_mae=1.961808 | val_rmse=4.332812 | val_mape=4.624572 | val_confidence=0.000000 | val_risk=0.000000 | val_blend=0.000000 | batches=363/44 | seconds=165.11 | lr=[0.001] | cuda_peak_mb=7527.4
[2026-09-09 21:54:23] INFO Val horizons | 15min_mae=1.625414 15min_rmse=3.324120 15min_mape=3.497165 | 30min_mae=2.007589 30min_rmse=4.364788 30min_mape=4.713475 | 60min_mae=2.446260 60min_rmse=5.401205 60min_mape=6.137807
[2026-09-09 21:54:23] INFO Checkpoint updated | epoch=4 | stage=standard | best_val_mae=1.961808 | path=C:\Users\clw\projects\researchRep\STAnchor-BlockMemory\artifacts\cross_dataset_final\pems04_baseonly_staeformer_seed42\downstream_best.pt
[2026-09-09 21:57:08] INFO Epoch 005 | stage=standard | train_total=1.623857 | train_forecast=1.623857 | train_confidence=0.000000 | train_risk=0.000000 | train_blend=0.000000 | val_total=1.910786 | val_mae=1.916965 | val_rmse=4.185190 | val_mape=4.489347 | val_confidence=0.000000 | val_risk=0.000000 | val_blend=0.000000 | batches=363/44 | seconds=165.07 | lr=[0.001] | cuda_peak_mb=7527.4
[2026-09-09 21:57:08] INFO Val horizons | 15min_mae=1.584456 15min_rmse=3.218991 15min_mape=3.399326 | 30min_mae=1.985025 30min_rmse=4.240856 30min_mape=4.613912 | 60min_mae=2.381356 60min_rmse=5.181333 60min_mape=5.917419
[2026-09-09 21:57:08] INFO Checkpoint updated | epoch=5 | stage=standard | best_val_mae=1.916965 | path=C:\Users\clw\projects\researchRep\STAnchor-BlockMemory\artifacts\cross_dataset_final\pems04_baseonly_staeformer_seed42\downstream_best.pt
[2026-09-09 21:59:53] INFO Epoch 006 | stage=standard | train_total=1.578738 | train_forecast=1.578738 | train_confidence=0.000000 | train_risk=0.000000 | train_blend=0.000000 | val_total=1.826291 | val_mae=1.832040 | val_rmse=4.091263 | val_mape=4.201700 | val_confidence=0.000000 | val_risk=0.000000 | val_blend=0.000000 | batches=363/44 | seconds=164.87 | lr=[0.001] | cuda_peak_mb=7527.4
[2026-09-09 21:59:53] INFO Val horizons | 15min_mae=1.534306 15min_rmse=3.181126 15min_mape=3.206112 | 30min_mae=1.911269 30min_rmse=4.160971 30min_mape=4.351114 | 60min_mae=2.221482 60min_rmse=5.033558 60min_mape=5.451690
[2026-09-09 21:59:53] INFO Checkpoint updated | epoch=6 | stage=standard | best_val_mae=1.832040 | path=C:\Users\clw\projects\researchRep\STAnchor-BlockMemory\artifacts\cross_dataset_final\pems04_baseonly_staeformer_seed42\downstream_best.pt
[2026-09-09 22:02:38] INFO Epoch 007 | stage=standard | train_total=1.551351 | train_forecast=1.551351 | train_confidence=0.000000 | train_risk=0.000000 | train_blend=0.000000 | val_total=1.802380 | val_mae=1.807977 | val_rmse=4.009366 | val_mape=4.109493 | val_confidence=0.000000 | val_risk=0.000000 | val_blend=0.000000 | batches=363/44 | seconds=164.85 | lr=[0.001] | cuda_peak_mb=7527.4
[2026-09-09 22:02:38] INFO Val horizons | 15min_mae=1.518975 15min_rmse=3.138059 15min_mape=3.193759 | 30min_mae=1.883322 30min_rmse=4.104609 30min_mape=4.284687 | 60min_mae=2.194982 60min_rmse=4.905391 60min_mape=5.323464
[2026-09-09 22:02:38] INFO Checkpoint updated | epoch=7 | stage=standard | best_val_mae=1.807977 | path=C:\Users\clw\projects\researchRep\STAnchor-BlockMemory\artifacts\cross_dataset_final\pems04_baseonly_staeformer_seed42\downstream_best.pt
[2026-09-09 22:05:23] INFO Epoch 008 | stage=standard | train_total=1.528274 | train_forecast=1.528274 | train_confidence=0.000000 | train_risk=0.000000 | train_blend=0.000000 | val_total=1.794219 | val_mae=1.799754 | val_rmse=4.016354 | val_mape=4.083851 | val_confidence=0.000000 | val_risk=0.000000 | val_blend=0.000000 | batches=363/44 | seconds=164.87 | lr=[0.001] | cuda_peak_mb=7527.4
[2026-09-09 22:05:23] INFO Val horizons | 15min_mae=1.522104 15min_rmse=3.135046 15min_mape=3.219424 | 30min_mae=1.869638 30min_rmse=4.094501 30min_mape=4.257156 | 60min_mae=2.177868 60min_rmse=4.936600 60min_mape=5.177292
[2026-09-09 22:05:23] INFO Checkpoint updated | epoch=8 | stage=standard | best_val_mae=1.799754 | path=C:\Users\clw\projects\researchRep\STAnchor-BlockMemory\artifacts\cross_dataset_final\pems04_baseonly_staeformer_seed42\downstream_best.pt
[2026-09-09 22:08:08] INFO Epoch 009 | stage=standard | train_total=1.506022 | train_forecast=1.506022 | train_confidence=0.000000 | train_risk=0.000000 | train_blend=0.000000 | val_total=1.839433 | val_mae=1.845221 | val_rmse=4.076410 | val_mape=4.531622 | val_confidence=0.000000 | val_risk=0.000000 | val_blend=0.000000 | batches=363/44 | seconds=165.01 | lr=[0.001] | cuda_peak_mb=7527.4
[2026-09-09 22:08:08] INFO Val horizons | 15min_mae=1.579142 15min_rmse=3.205753 15min_mape=3.605820 | 30min_mae=1.914051 30min_rmse=4.174077 30min_mape=4.724158 | 60min_mae=2.192409 60min_rmse=4.941919 60min_mape=5.597446
[2026-09-09 22:10:53] INFO Epoch 010 | stage=standard | train_total=1.486316 | train_forecast=1.486316 | train_confidence=0.000000 | train_risk=0.000000 | train_blend=0.000000 | val_total=1.771351 | val_mae=1.776676 | val_rmse=3.931072 | val_mape=3.967457 | val_confidence=0.000000 | val_risk=0.000000 | val_blend=0.000000 | batches=363/44 | seconds=165.15 | lr=[0.001] | cuda_peak_mb=7527.4
[2026-09-09 22:10:53] INFO Val horizons | 15min_mae=1.521515 15min_rmse=3.085095 15min_mape=3.147439 | 30min_mae=1.834558 30min_rmse=4.029753 30min_mape=4.117596 | 60min_mae=2.107569 60min_rmse=4.790332 60min_mape=4.996567
[2026-09-09 22:10:53] INFO Checkpoint updated | epoch=10 | stage=standard | best_val_mae=1.776676 | path=C:\Users\clw\projects\researchRep\STAnchor-BlockMemory\artifacts\cross_dataset_final\pems04_baseonly_staeformer_seed42\downstream_best.pt
[2026-09-09 22:13:38] INFO Epoch 011 | stage=standard | train_total=1.469477 | train_forecast=1.469477 | train_confidence=0.000000 | train_risk=0.000000 | train_blend=0.000000 | val_total=1.729928 | val_mae=1.735257 | val_rmse=3.910130 | val_mape=3.891007 | val_confidence=0.000000 | val_risk=0.000000 | val_blend=0.000000 | batches=363/44 | seconds=165.12 | lr=[0.00095] | cuda_peak_mb=7527.4
[2026-09-09 22:13:38] INFO Val horizons | 15min_mae=1.491040 15min_rmse=3.074515 15min_mape=3.108043 | 30min_mae=1.817007 30min_rmse=4.020061 30min_mape=4.072014 | 60min_mae=2.074853 60min_rmse=4.757166 60min_mape=4.904225
[2026-09-09 22:13:38] INFO Checkpoint updated | epoch=11 | stage=standard | best_val_mae=1.735257 | path=C:\Users\clw\projects\researchRep\STAnchor-BlockMemory\artifacts\cross_dataset_final\pems04_baseonly_staeformer_seed42\downstream_best.pt
[2026-09-09 22:16:24] INFO Epoch 012 | stage=standard | train_total=1.446939 | train_forecast=1.446939 | train_confidence=0.000000 | train_risk=0.000000 | train_blend=0.000000 | val_total=1.715601 | val_mae=1.720882 | val_rmse=3.912050 | val_mape=3.906767 | val_confidence=0.000000 | val_risk=0.000000 | val_blend=0.000000 | batches=363/44 | seconds=165.19 | lr=[0.00095] | cuda_peak_mb=7527.4
[2026-09-09 22:16:24] INFO Val horizons | 15min_mae=1.479355 15min_rmse=3.067427 15min_mape=3.147019 | 30min_mae=1.791741 30min_rmse=4.028506 30min_mape=4.089557 | 60min_mae=2.060620 60min_rmse=4.752121 60min_mape=4.883475
[2026-09-09 22:16:24] INFO Checkpoint updated | epoch=12 | stage=standard | best_val_mae=1.720882 | path=C:\Users\clw\projects\researchRep\STAnchor-BlockMemory\artifacts\cross_dataset_final\pems04_baseonly_staeformer_seed42\downstream_best.pt
[2026-09-09 22:19:09] INFO Epoch 013 | stage=standard | train_total=1.437557 | train_forecast=1.437557 | train_confidence=0.000000 | train_risk=0.000000 | train_blend=0.000000 | val_total=1.711574 | val_mae=1.716802 | val_rmse=3.892560 | val_mape=3.855981 | val_confidence=0.000000 | val_risk=0.000000 | val_blend=0.000000 | batches=363/44 | seconds=165.07 | lr=[0.00095] | cuda_peak_mb=7527.4
[2026-09-09 22:19:09] INFO Val horizons | 15min_mae=1.472655 15min_rmse=3.060982 15min_mape=3.068812 | 30min_mae=1.783780 30min_rmse=3.993139 30min_mape=4.020413 | 60min_mae=2.062541 60min_rmse=4.747976 60min_mape=4.895697
[2026-09-09 22:19:09] INFO Checkpoint updated | epoch=13 | stage=standard | best_val_mae=1.716802 | path=C:\Users\clw\projects\researchRep\STAnchor-BlockMemory\artifacts\cross_dataset_final\pems04_baseonly_staeformer_seed42\downstream_best.pt
[2026-09-09 22:21:54] INFO Epoch 014 | stage=standard | train_total=1.420703 | train_forecast=1.420703 | train_confidence=0.000000 | train_risk=0.000000 | train_blend=0.000000 | val_total=1.718051 | val_mae=1.723389 | val_rmse=3.907261 | val_mape=3.952949 | val_confidence=0.000000 | val_risk=0.000000 | val_blend=0.000000 | batches=363/44 | seconds=164.95 | lr=[0.00095] | cuda_peak_mb=7527.4
[2026-09-09 22:21:54] INFO Val horizons | 15min_mae=1.480571 15min_rmse=3.080866 15min_mape=3.162762 | 30min_mae=1.799269 30min_rmse=4.029524 30min_mape=4.130610 | 60min_mae=2.047741 60min_rmse=4.739807 60min_mape=4.962752
[2026-09-09 22:24:39] INFO Epoch 015 | stage=standard | train_total=1.408823 | train_forecast=1.408823 | train_confidence=0.000000 | train_risk=0.000000 | train_blend=0.000000 | val_total=1.698743 | val_mae=1.703921 | val_rmse=3.879054 | val_mape=3.858437 | val_confidence=0.000000 | val_risk=0.000000 | val_blend=0.000000 | batches=363/44 | seconds=164.81 | lr=[0.00095] | cuda_peak_mb=7527.4
[2026-09-09 22:24:39] INFO Val horizons | 15min_mae=1.467582 15min_rmse=3.056498 15min_mape=3.085424 | 30min_mae=1.767176 30min_rmse=3.992889 30min_mape=4.023634 | 60min_mae=2.044268 60min_rmse=4.713240 60min_mape=4.872364
[2026-09-09 22:24:39] INFO Checkpoint updated | epoch=15 | stage=standard | best_val_mae=1.703921 | path=C:\Users\clw\projects\researchRep\STAnchor-BlockMemory\artifacts\cross_dataset_final\pems04_baseonly_staeformer_seed42\downstream_best.pt
[2026-09-09 22:27:23] INFO Epoch 016 | stage=standard | train_total=1.402619 | train_forecast=1.402619 | train_confidence=0.000000 | train_risk=0.000000 | train_blend=0.000000 | val_total=1.700252 | val_mae=1.705470 | val_rmse=3.905631 | val_mape=3.967679 | val_confidence=0.000000 | val_risk=0.000000 | val_blend=0.000000 | batches=363/44 | seconds=164.95 | lr=[0.00095] | cuda_peak_mb=7527.4
[2026-09-09 22:27:23] INFO Val horizons | 15min_mae=1.472062 15min_rmse=3.073388 15min_mape=3.194800 | 30min_mae=1.773934 30min_rmse=4.012502 30min_mape=4.148521 | 60min_mae=2.032854 60min_rmse=4.747919 60min_mape=4.964055
[2026-09-09 22:30:09] INFO Epoch 017 | stage=standard | train_total=1.393729 | train_forecast=1.393729 | train_confidence=0.000000 | train_risk=0.000000 | train_blend=0.000000 | val_total=1.692203 | val_mae=1.697311 | val_rmse=3.905571 | val_mape=3.874987 | val_confidence=0.000000 | val_risk=0.000000 | val_blend=0.000000 | batches=363/44 | seconds=165.29 | lr=[0.00095] | cuda_peak_mb=7527.4
[2026-09-09 22:30:09] INFO Val horizons | 15min_mae=1.464012 15min_rmse=3.062813 15min_mape=3.109936 | 30min_mae=1.765041 30min_rmse=4.013644 30min_mape=4.011995 | 60min_mae=2.032043 60min_rmse=4.768360 60min_mape=4.933301
[2026-09-09 22:30:09] INFO Checkpoint updated | epoch=17 | stage=standard | best_val_mae=1.697311 | path=C:\Users\clw\projects\researchRep\STAnchor-BlockMemory\artifacts\cross_dataset_final\pems04_baseonly_staeformer_seed42\downstream_best.pt
[2026-09-09 22:32:54] INFO Epoch 018 | stage=standard | train_total=1.383083 | train_forecast=1.383083 | train_confidence=0.000000 | train_risk=0.000000 | train_blend=0.000000 | val_total=1.698490 | val_mae=1.703665 | val_rmse=3.899551 | val_mape=3.896151 | val_confidence=0.000000 | val_risk=0.000000 | val_blend=0.000000 | batches=363/44 | seconds=165.22 | lr=[0.00095] | cuda_peak_mb=7527.4
[2026-09-09 22:32:54] INFO Val horizons | 15min_mae=1.476149 15min_rmse=3.084223 15min_mape=3.146979 | 30min_mae=1.781471 30min_rmse=4.037577 30min_mape=4.076466 | 60min_mae=2.010856 60min_rmse=4.679907 60min_mape=4.842539
[2026-09-09 22:35:39] INFO Epoch 019 | stage=standard | train_total=1.372992 | train_forecast=1.372992 | train_confidence=0.000000 | train_risk=0.000000 | train_blend=0.000000 | val_total=1.708421 | val_mae=1.713638 | val_rmse=3.999768 | val_mape=4.026450 | val_confidence=0.000000 | val_risk=0.000000 | val_blend=0.000000 | batches=363/44 | seconds=165.10 | lr=[0.00095] | cuda_peak_mb=7527.4
[2026-09-09 22:35:39] INFO Val horizons | 15min_mae=1.486994 15min_rmse=3.126879 15min_mape=3.244142 | 30min_mae=1.785022 30min_rmse=4.132769 30min_mape=4.219013 | 60min_mae=2.038607 60min_rmse=4.848849 60min_mape=5.067843
[2026-09-09 22:38:24] INFO Epoch 020 | stage=standard | train_total=1.368034 | train_forecast=1.368034 | train_confidence=0.000000 | train_risk=0.000000 | train_blend=0.000000 | val_total=1.693882 | val_mae=1.699076 | val_rmse=3.898182 | val_mape=3.855735 | val_confidence=0.000000 | val_risk=0.000000 | val_blend=0.000000 | batches=363/44 | seconds=164.95 | lr=[0.00095] | cuda_peak_mb=7527.4
[2026-09-09 22:38:24] INFO Val horizons | 15min_mae=1.467753 15min_rmse=3.082515 15min_mape=3.105956 | 30min_mae=1.763835 30min_rmse=4.013402 30min_mape=4.005225 | 60min_mae=2.031860 60min_rmse=4.736865 60min_mape=4.874172
[2026-09-09 22:41:09] INFO Epoch 021 | stage=standard | train_total=1.357201 | train_forecast=1.357201 | train_confidence=0.000000 | train_risk=0.000000 | train_blend=0.000000 | val_total=1.693028 | val_mae=1.698173 | val_rmse=3.916634 | val_mape=3.986762 | val_confidence=0.000000 | val_risk=0.000000 | val_blend=0.000000 | batches=363/44 | seconds=164.93 | lr=[0.0009025] | cuda_peak_mb=7527.4
[2026-09-09 22:41:09] INFO Val horizons | 15min_mae=1.481080 15min_rmse=3.105617 15min_mape=3.286259 | 30min_mae=1.767817 30min_rmse=4.047570 30min_mape=4.154637 | 60min_mae=2.003229 60min_rmse=4.721538 60min_mape=4.929174
[2026-09-09 22:43:54] INFO Epoch 022 | stage=standard | train_total=1.351878 | train_forecast=1.351878 | train_confidence=0.000000 | train_risk=0.000000 | train_blend=0.000000 | val_total=1.683701 | val_mae=1.688836 | val_rmse=3.936636 | val_mape=3.899034 | val_confidence=0.000000 | val_risk=0.000000 | val_blend=0.000000 | batches=363/44 | seconds=164.99 | lr=[0.0009025] | cuda_peak_mb=7527.4
[2026-09-09 22:43:54] INFO Val horizons | 15min_mae=1.463002 15min_rmse=3.093942 15min_mape=3.151241 | 30min_mae=1.761944 30min_rmse=4.063560 30min_mape=4.107375 | 60min_mae=2.008757 60min_rmse=4.779695 60min_mape=4.867272
[2026-09-09 22:43:54] INFO Checkpoint updated | epoch=22 | stage=standard | best_val_mae=1.688836 | path=C:\Users\clw\projects\researchRep\STAnchor-BlockMemory\artifacts\cross_dataset_final\pems04_baseonly_staeformer_seed42\downstream_best.pt
[2026-09-09 22:46:39] INFO Epoch 023 | stage=standard | train_total=1.345394 | train_forecast=1.345394 | train_confidence=0.000000 | train_risk=0.000000 | train_blend=0.000000 | val_total=1.693436 | val_mae=1.698644 | val_rmse=3.937284 | val_mape=3.934496 | val_confidence=0.000000 | val_risk=0.000000 | val_blend=0.000000 | batches=363/44 | seconds=164.99 | lr=[0.0009025] | cuda_peak_mb=7527.4
[2026-09-09 22:46:39] INFO Val horizons | 15min_mae=1.467581 15min_rmse=3.083197 15min_mape=3.168761 | 30min_mae=1.775750 30min_rmse=4.070576 30min_mape=4.130291 | 60min_mae=2.017601 60min_rmse=4.765897 60min_mape=4.917893
[2026-09-09 22:49:24] INFO Epoch 024 | stage=standard | train_total=1.337708 | train_forecast=1.337708 | train_confidence=0.000000 | train_risk=0.000000 | train_blend=0.000000 | val_total=1.685408 | val_mae=1.690550 | val_rmse=3.933646 | val_mape=3.891655 | val_confidence=0.000000 | val_risk=0.000000 | val_blend=0.000000 | batches=363/44 | seconds=164.69 | lr=[0.0009025] | cuda_peak_mb=7527.4
[2026-09-09 22:49:24] INFO Val horizons | 15min_mae=1.471664 15min_rmse=3.111703 15min_mape=3.174512 | 30min_mae=1.758533 30min_rmse=4.059309 30min_mape=4.050708 | 60min_mae=2.000321 60min_rmse=4.752644 60min_mape=4.840013
[2026-09-09 22:52:09] INFO Epoch 025 | stage=standard | train_total=1.332553 | train_forecast=1.332553 | train_confidence=0.000000 | train_risk=0.000000 | train_blend=0.000000 | val_total=1.673147 | val_mae=1.678218 | val_rmse=3.905321 | val_mape=3.787109 | val_confidence=0.000000 | val_risk=0.000000 | val_blend=0.000000 | batches=363/44 | seconds=164.85 | lr=[0.0009025] | cuda_peak_mb=7527.4
[2026-09-09 22:52:09] INFO Val horizons | 15min_mae=1.457230 15min_rmse=3.077443 15min_mape=3.095564 | 30min_mae=1.747922 30min_rmse=4.029139 30min_mape=3.970102 | 60min_mae=1.989665 60min_rmse=4.716014 60min_mape=4.685456
[2026-09-09 22:52:09] INFO Checkpoint updated | epoch=25 | stage=standard | best_val_mae=1.678218 | path=C:\Users\clw\projects\researchRep\STAnchor-BlockMemory\artifacts\cross_dataset_final\pems04_baseonly_staeformer_seed42\downstream_best.pt
[2026-09-09 22:54:54] INFO Epoch 026 | stage=standard | train_total=1.326533 | train_forecast=1.326533 | train_confidence=0.000000 | train_risk=0.000000 | train_blend=0.000000 | val_total=1.677965 | val_mae=1.683088 | val_rmse=3.921829 | val_mape=3.866323 | val_confidence=0.000000 | val_risk=0.000000 | val_blend=0.000000 | batches=363/44 | seconds=165.03 | lr=[0.0009025] | cuda_peak_mb=7527.4
[2026-09-09 22:54:54] INFO Val horizons | 15min_mae=1.457916 15min_rmse=3.080463 15min_mape=3.130304 | 30min_mae=1.751784 30min_rmse=4.039503 30min_mape=4.062385 | 60min_mae=1.998341 60min_rmse=4.752754 60min_mape=4.798418
[2026-09-09 22:57:39] INFO Epoch 027 | stage=standard | train_total=1.322083 | train_forecast=1.322083 | train_confidence=0.000000 | train_risk=0.000000 | train_blend=0.000000 | val_total=1.693791 | val_mae=1.698877 | val_rmse=3.949362 | val_mape=3.995615 | val_confidence=0.000000 | val_risk=0.000000 | val_blend=0.000000 | batches=363/44 | seconds=165.09 | lr=[0.0009025] | cuda_peak_mb=7527.4
[2026-09-09 22:57:39] INFO Val horizons | 15min_mae=1.482031 15min_rmse=3.106474 15min_mape=3.258591 | 30min_mae=1.761810 30min_rmse=4.049853 30min_mape=4.137373 | 60min_mae=2.005825 60min_rmse=4.801794 60min_mape=4.950426
[2026-09-09 23:00:24] INFO Epoch 028 | stage=standard | train_total=1.314481 | train_forecast=1.314481 | train_confidence=0.000000 | train_risk=0.000000 | train_blend=0.000000 | val_total=1.673913 | val_mae=1.678988 | val_rmse=3.940018 | val_mape=3.821950 | val_confidence=0.000000 | val_risk=0.000000 | val_blend=0.000000 | batches=363/44 | seconds=165.07 | lr=[0.0009025] | cuda_peak_mb=7527.4
[2026-09-09 23:00:24] INFO Val horizons | 15min_mae=1.451158 15min_rmse=3.090972 15min_mape=3.077309 | 30min_mae=1.746778 30min_rmse=4.060044 30min_mape=3.989543 | 60min_mae=2.004639 60min_rmse=4.777410 60min_mape=4.813674
[2026-09-09 23:03:09] INFO Epoch 029 | stage=standard | train_total=1.309753 | train_forecast=1.309753 | train_confidence=0.000000 | train_risk=0.000000 | train_blend=0.000000 | val_total=1.683998 | val_mae=1.689106 | val_rmse=3.915563 | val_mape=3.790127 | val_confidence=0.000000 | val_risk=0.000000 | val_blend=0.000000 | batches=363/44 | seconds=164.77 | lr=[0.0009025] | cuda_peak_mb=7527.4
[2026-09-09 23:03:09] INFO Val horizons | 15min_mae=1.463106 15min_rmse=3.083500 15min_mape=3.125053 | 30min_mae=1.751808 30min_rmse=4.020012 30min_mape=3.967702 | 60min_mae=2.013808 60min_rmse=4.758502 60min_mape=4.662745
[2026-09-09 23:05:54] INFO Epoch 030 | stage=standard | train_total=1.304709 | train_forecast=1.304709 | train_confidence=0.000000 | train_risk=0.000000 | train_blend=0.000000 | val_total=1.677373 | val_mae=1.682441 | val_rmse=3.910415 | val_mape=3.767516 | val_confidence=0.000000 | val_risk=0.000000 | val_blend=0.000000 | batches=363/44 | seconds=165.04 | lr=[0.0009025] | cuda_peak_mb=7527.4
[2026-09-09 23:05:54] INFO Val horizons | 15min_mae=1.453693 15min_rmse=3.068832 15min_mape=3.065239 | 30min_mae=1.753559 30min_rmse=4.034039 30min_mape=3.947899 | 60min_mae=2.003612 60min_rmse=4.740599 60min_mape=4.687525
[2026-09-09 23:08:39] INFO Epoch 031 | stage=standard | train_total=1.295837 | train_forecast=1.295837 | train_confidence=0.000000 | train_risk=0.000000 | train_blend=0.000000 | val_total=1.670906 | val_mae=1.675907 | val_rmse=3.905300 | val_mape=3.798156 | val_confidence=0.000000 | val_risk=0.000000 | val_blend=0.000000 | batches=363/44 | seconds=165.14 | lr=[0.000857375] | cuda_peak_mb=7527.4
[2026-09-09 23:08:39] INFO Val horizons | 15min_mae=1.461357 15min_rmse=3.073445 15min_mape=3.097463 | 30min_mae=1.741512 30min_rmse=4.015205 30min_mape=3.964648 | 60min_mae=1.989548 60min_rmse=4.751508 60min_mape=4.755050
[2026-09-09 23:08:39] INFO Checkpoint updated | epoch=31 | stage=standard | best_val_mae=1.675907 | path=C:\Users\clw\projects\researchRep\STAnchor-BlockMemory\artifacts\cross_dataset_final\pems04_baseonly_staeformer_seed42\downstream_best.pt
[2026-09-09 23:11:24] INFO Epoch 032 | stage=standard | train_total=1.289884 | train_forecast=1.289884 | train_confidence=0.000000 | train_risk=0.000000 | train_blend=0.000000 | val_total=1.671086 | val_mae=1.676113 | val_rmse=3.901924 | val_mape=3.767611 | val_confidence=0.000000 | val_risk=0.000000 | val_blend=0.000000 | batches=363/44 | seconds=165.05 | lr=[0.000857375] | cuda_peak_mb=7527.4
[2026-09-09 23:11:24] INFO Val horizons | 15min_mae=1.451337 15min_rmse=3.074515 15min_mape=3.070572 | 30min_mae=1.741796 30min_rmse=4.014926 30min_mape=3.932969 | 60min_mae=1.993498 60min_rmse=4.736467 60min_mape=4.696907
[2026-09-09 23:14:09] INFO Epoch 033 | stage=standard | train_total=1.287120 | train_forecast=1.287120 | train_confidence=0.000000 | train_risk=0.000000 | train_blend=0.000000 | val_total=1.678377 | val_mae=1.683451 | val_rmse=3.913579 | val_mape=3.800577 | val_confidence=0.000000 | val_risk=0.000000 | val_blend=0.000000 | batches=363/44 | seconds=164.77 | lr=[0.000857375] | cuda_peak_mb=7527.4
[2026-09-09 23:14:09] INFO Val horizons | 15min_mae=1.455371 15min_rmse=3.090283 15min_mape=3.100222 | 30min_mae=1.750833 30min_rmse=4.031880 30min_mape=3.961967 | 60min_mae=2.007093 60min_rmse=4.737888 60min_mape=4.749552
[2026-09-09 23:16:53] INFO Epoch 034 | stage=standard | train_total=1.281371 | train_forecast=1.281371 | train_confidence=0.000000 | train_risk=0.000000 | train_blend=0.000000 | val_total=1.667368 | val_mae=1.672383 | val_rmse=3.907139 | val_mape=3.784318 | val_confidence=0.000000 | val_risk=0.000000 | val_blend=0.000000 | batches=363/44 | seconds=164.92 | lr=[0.000857375] | cuda_peak_mb=7527.4
[2026-09-09 23:16:53] INFO Val horizons | 15min_mae=1.452020 15min_rmse=3.084356 15min_mape=3.102023 | 30min_mae=1.741019 30min_rmse=4.027890 30min_mape=3.956484 | 60min_mae=1.987163 60min_rmse=4.722797 60min_mape=4.704703
[2026-09-09 23:16:54] INFO Checkpoint updated | epoch=34 | stage=standard | best_val_mae=1.672383 | path=C:\Users\clw\projects\researchRep\STAnchor-BlockMemory\artifacts\cross_dataset_final\pems04_baseonly_staeformer_seed42\downstream_best.pt
[2026-09-09 23:19:39] INFO Epoch 035 | stage=standard | train_total=1.277005 | train_forecast=1.277005 | train_confidence=0.000000 | train_risk=0.000000 | train_blend=0.000000 | val_total=1.683947 | val_mae=1.689052 | val_rmse=3.940350 | val_mape=3.767499 | val_confidence=0.000000 | val_risk=0.000000 | val_blend=0.000000 | batches=363/44 | seconds=165.18 | lr=[0.000857375] | cuda_peak_mb=7527.4
[2026-09-09 23:19:39] INFO Val horizons | 15min_mae=1.455166 15min_rmse=3.098623 15min_mape=3.071644 | 30min_mae=1.757573 30min_rmse=4.064305 30min_mape=3.923532 | 60min_mae=2.019964 60min_rmse=4.768360 60min_mape=4.733919
[2026-09-09 23:22:24] INFO Epoch 036 | stage=standard | train_total=1.272400 | train_forecast=1.272400 | train_confidence=0.000000 | train_risk=0.000000 | train_blend=0.000000 | val_total=1.687957 | val_mae=1.693126 | val_rmse=3.981676 | val_mape=3.935037 | val_confidence=0.000000 | val_risk=0.000000 | val_blend=0.000000 | batches=363/44 | seconds=165.12 | lr=[0.000857375] | cuda_peak_mb=7527.4
[2026-09-09 23:22:24] INFO Val horizons | 15min_mae=1.473029 15min_rmse=3.159232 15min_mape=3.232567 | 30min_mae=1.765346 30min_rmse=4.123792 30min_mape=4.133661 | 60min_mae=2.002767 60min_rmse=4.784985 60min_mape=4.871883
[2026-09-09 23:25:09] INFO Epoch 037 | stage=standard | train_total=1.266768 | train_forecast=1.266768 | train_confidence=0.000000 | train_risk=0.000000 | train_blend=0.000000 | val_total=1.675701 | val_mae=1.680779 | val_rmse=3.947717 | val_mape=3.793239 | val_confidence=0.000000 | val_risk=0.000000 | val_blend=0.000000 | batches=363/44 | seconds=165.10 | lr=[0.000857375] | cuda_peak_mb=7527.4
[2026-09-09 23:25:09] INFO Val horizons | 15min_mae=1.458556 15min_rmse=3.120011 15min_mape=3.128243 | 30min_mae=1.751625 30min_rmse=4.087247 30min_mape=3.989677 | 60min_mae=1.996969 60min_rmse=4.756447 60min_mape=4.682983
[2026-09-09 23:27:54] INFO Epoch 038 | stage=standard | train_total=1.262759 | train_forecast=1.262759 | train_confidence=0.000000 | train_risk=0.000000 | train_blend=0.000000 | val_total=1.677771 | val_mae=1.682824 | val_rmse=3.951584 | val_mape=3.844822 | val_confidence=0.000000 | val_risk=0.000000 | val_blend=0.000000 | batches=363/44 | seconds=164.97 | lr=[0.000857375] | cuda_peak_mb=7527.4
[2026-09-09 23:27:54] INFO Val horizons | 15min_mae=1.459055 15min_rmse=3.120556 15min_mape=3.141863 | 30min_mae=1.753151 30min_rmse=4.082329 30min_mape=4.050480 | 60min_mae=1.996442 60min_rmse=4.763949 60min_mape=4.749718
[2026-09-09 23:30:35] INFO Epoch 039 | stage=standard | train_total=1.260997 | train_forecast=1.260997 | train_confidence=0.000000 | train_risk=0.000000 | train_blend=0.000000 | val_total=1.678653 | val_mae=1.683756 | val_rmse=3.929423 | val_mape=3.797436 | val_confidence=0.000000 | val_risk=0.000000 | val_blend=0.000000 | batches=363/44 | seconds=160.77 | lr=[0.000857375] | cuda_peak_mb=7527.4
[2026-09-09 23:30:35] INFO Val horizons | 15min_mae=1.455672 15min_rmse=3.103090 15min_mape=3.077554 | 30min_mae=1.749345 30min_rmse=4.050071 30min_mape=3.961296 | 60min_mae=2.002981 60min_rmse=4.757303 60min_mape=4.722875
[2026-09-09 23:33:15] INFO Epoch 040 | stage=standard | train_total=1.256213 | train_forecast=1.256213 | train_confidence=0.000000 | train_risk=0.000000 | train_blend=0.000000 | val_total=1.679906 | val_mae=1.685021 | val_rmse=3.931096 | val_mape=3.749929 | val_confidence=0.000000 | val_risk=0.000000 | val_blend=0.000000 | batches=363/44 | seconds=160.57 | lr=[0.000857375] | cuda_peak_mb=7527.4
[2026-09-09 23:33:15] INFO Val horizons | 15min_mae=1.457068 15min_rmse=3.095371 15min_mape=3.051847 | 30min_mae=1.754116 30min_rmse=4.053106 30min_mape=3.902227 | 60min_mae=2.002799 60min_rmse=4.755665 60min_mape=4.676026
[2026-09-09 23:35:56] INFO Epoch 041 | stage=standard | train_total=1.246751 | train_forecast=1.246751 | train_confidence=0.000000 | train_risk=0.000000 | train_blend=0.000000 | val_total=1.680800 | val_mae=1.685870 | val_rmse=3.944631 | val_mape=3.817773 | val_confidence=0.000000 | val_risk=0.000000 | val_blend=0.000000 | batches=363/44 | seconds=160.71 | lr=[0.0008145062499999999] | cuda_peak_mb=7527.4
[2026-09-09 23:35:56] INFO Val horizons | 15min_mae=1.458898 15min_rmse=3.113687 15min_mape=3.122225 | 30min_mae=1.754534 30min_rmse=4.064272 30min_mape=3.997262 | 60min_mae=2.002311 60min_rmse=4.754404 60min_mape=4.727770
[2026-09-09 23:38:37] INFO Epoch 042 | stage=standard | train_total=1.243190 | train_forecast=1.243190 | train_confidence=0.000000 | train_risk=0.000000 | train_blend=0.000000 | val_total=1.690648 | val_mae=1.695828 | val_rmse=3.964366 | val_mape=3.851870 | val_confidence=0.000000 | val_risk=0.000000 | val_blend=0.000000 | batches=363/44 | seconds=160.93 | lr=[0.0008145062499999999] | cuda_peak_mb=7527.4
[2026-09-09 23:38:37] INFO Val horizons | 15min_mae=1.466489 15min_rmse=3.149699 15min_mape=3.186188 | 30min_mae=1.767600 30min_rmse=4.108535 30min_mape=4.044565 | 60min_mae=2.014882 60min_rmse=4.765510 60min_mape=4.738193
[2026-09-09 23:41:18] INFO Epoch 043 | stage=standard | train_total=1.238374 | train_forecast=1.238374 | train_confidence=0.000000 | train_risk=0.000000 | train_blend=0.000000 | val_total=1.695187 | val_mae=1.700346 | val_rmse=3.977385 | val_mape=3.862628 | val_confidence=0.000000 | val_risk=0.000000 | val_blend=0.000000 | batches=363/44 | seconds=160.93 | lr=[0.0008145062499999999] | cuda_peak_mb=7527.4
[2026-09-09 23:41:18] INFO Val horizons | 15min_mae=1.467086 15min_rmse=3.125464 15min_mape=3.121977 | 30min_mae=1.771458 30min_rmse=4.094178 30min_mape=4.034706 | 60min_mae=2.027533 60min_rmse=4.824606 60min_mape=4.821810
[2026-09-09 23:43:58] INFO Epoch 044 | stage=standard | train_total=1.234641 | train_forecast=1.234641 | train_confidence=0.000000 | train_risk=0.000000 | train_blend=0.000000 | val_total=1.693771 | val_mae=1.698919 | val_rmse=3.978938 | val_mape=3.927545 | val_confidence=0.000000 | val_risk=0.000000 | val_blend=0.000000 | batches=363/44 | seconds=160.38 | lr=[0.0008145062499999999] | cuda_peak_mb=7527.4
[2026-09-09 23:43:58] INFO Val horizons | 15min_mae=1.471581 15min_rmse=3.133291 15min_mape=3.163187 | 30min_mae=1.769654 30min_rmse=4.116736 30min_mape=4.089095 | 60min_mae=2.016665 60min_rmse=4.789375 60min_mape=4.951855
[2026-09-09 23:46:38] INFO Epoch 045 | stage=standard | train_total=1.230201 | train_forecast=1.230201 | train_confidence=0.000000 | train_risk=0.000000 | train_blend=0.000000 | val_total=1.702925 | val_mae=1.708147 | val_rmse=4.018104 | val_mape=3.887484 | val_confidence=0.000000 | val_risk=0.000000 | val_blend=0.000000 | batches=363/44 | seconds=159.52 | lr=[0.0008145062499999999] | cuda_peak_mb=7527.4
[2026-09-09 23:46:38] INFO Val horizons | 15min_mae=1.472097 15min_rmse=3.150082 15min_mape=3.152372 | 30min_mae=1.786594 30min_rmse=4.168962 30min_mape=4.077683 | 60min_mae=2.025359 60min_rmse=4.836449 60min_mape=4.821207
[2026-09-09 23:49:17] INFO Epoch 046 | stage=standard | train_total=1.225951 | train_forecast=1.225951 | train_confidence=0.000000 | train_risk=0.000000 | train_blend=0.000000 | val_total=1.703467 | val_mae=1.708628 | val_rmse=4.014323 | val_mape=3.873759 | val_confidence=0.000000 | val_risk=0.000000 | val_blend=0.000000 | batches=363/44 | seconds=159.53 | lr=[0.0008145062499999999] | cuda_peak_mb=7527.4
[2026-09-09 23:49:17] INFO Val horizons | 15min_mae=1.466535 15min_rmse=3.133798 15min_mape=3.148265 | 30min_mae=1.781046 30min_rmse=4.147821 30min_mape=4.067040 | 60min_mae=2.040756 60min_rmse=4.858440 60min_mape=4.807809
[2026-09-09 23:51:57] INFO Epoch 047 | stage=standard | train_total=1.222726 | train_forecast=1.222726 | train_confidence=0.000000 | train_risk=0.000000 | train_blend=0.000000 | val_total=1.685661 | val_mae=1.690809 | val_rmse=3.962974 | val_mape=3.851977 | val_confidence=0.000000 | val_risk=0.000000 | val_blend=0.000000 | batches=363/44 | seconds=159.54 | lr=[0.0008145062499999999] | cuda_peak_mb=7527.4
[2026-09-09 23:51:57] INFO Val horizons | 15min_mae=1.459556 15min_rmse=3.124838 15min_mape=3.119531 | 30min_mae=1.760882 30min_rmse=4.093036 30min_mape=4.027471 | 60min_mae=2.014231 60min_rmse=4.787738 60min_mape=4.807068
[2026-09-09 23:54:36] INFO Epoch 048 | stage=standard | train_total=1.217202 | train_forecast=1.217202 | train_confidence=0.000000 | train_risk=0.000000 | train_blend=0.000000 | val_total=1.693686 | val_mae=1.698891 | val_rmse=3.991022 | val_mape=3.916274 | val_confidence=0.000000 | val_risk=0.000000 | val_blend=0.000000 | batches=363/44 | seconds=159.53 | lr=[0.0008145062499999999] | cuda_peak_mb=7527.4
[2026-09-09 23:54:36] INFO Val horizons | 15min_mae=1.473477 15min_rmse=3.181224 15min_mape=3.218567 | 30min_mae=1.773509 30min_rmse=4.157082 30min_mape=4.107755 | 60min_mae=2.010590 60min_rmse=4.750530 60min_mape=4.860320
[2026-09-09 23:57:16] INFO Epoch 049 | stage=standard | train_total=1.214206 | train_forecast=1.214206 | train_confidence=0.000000 | train_risk=0.000000 | train_blend=0.000000 | val_total=1.690562 | val_mae=1.695707 | val_rmse=3.986304 | val_mape=3.831379 | val_confidence=0.000000 | val_risk=0.000000 | val_blend=0.000000 | batches=363/44 | seconds=159.57 | lr=[0.0008145062499999999] | cuda_peak_mb=7527.4
[2026-09-09 23:57:16] INFO Val horizons | 15min_mae=1.460324 15min_rmse=3.125261 15min_mape=3.108683 | 30min_mae=1.766339 30min_rmse=4.110861 30min_mape=4.024831 | 60min_mae=2.016048 60min_rmse=4.815992 60min_mape=4.749295
[2026-09-09 23:59:55] INFO Epoch 050 | stage=standard | train_total=1.210089 | train_forecast=1.210089 | train_confidence=0.000000 | train_risk=0.000000 | train_blend=0.000000 | val_total=1.703791 | val_mae=1.708967 | val_rmse=3.995985 | val_mape=3.841388 | val_confidence=0.000000 | val_risk=0.000000 | val_blend=0.000000 | batches=363/44 | seconds=159.53 | lr=[0.0008145062499999999] | cuda_peak_mb=7527.4
[2026-09-09 23:59:55] INFO Val horizons | 15min_mae=1.478362 15min_rmse=3.157880 15min_mape=3.134433 | 30min_mae=1.780455 30min_rmse=4.126587 30min_mape=4.019979 | 60min_mae=2.029261 60min_rmse=4.813718 60min_mape=4.757977
[2026-09-09 23:59:55] INFO Downstream training finished | best_val_mae=1.672383 | checkpoint=C:\Users\clw\projects\researchRep\STAnchor-BlockMemory\artifacts\cross_dataset_final\pems04_baseonly_staeformer_seed42\downstream_best.pt
