[2026-09-13 01:43:04] INFO Downstream start | run=cross_dataset_pemsbay/pemsbay_finetuned_router_st_norm_seed42 | device=cuda:0 (requested=cuda:0) | seed=42 | output=C:\Users\clw\projects\researchRep\STAnchor-BlockMemory\artifacts\cross_dataset_pemsbay\pemsbay_finetuned_router_st_norm_seed42
[2026-09-13 01:43:04] INFO Mode | downstream_mode=learned_topk_error_aware | training_protocol=posthoc_frozen_base | candidate_protocol=weekday_radius1_overlap | candidate_ranking=learned_key | candidate_payload=offset_decay
[2026-09-13 01:43:04] INFO Downstream initialization | seed=42 | state_hash=2e207286ec25fef6
[2026-09-13 01:43:04] INFO Frozen base | checkpoint=C:\Users\clw\projects\researchRep\STAnchor-BlockMemory\artifacts\cross_dataset_pemsbay\pemsbay_baseonly_st_norm_seed42\downstream_best.pt | fingerprint=02cb9b41409815b1
[2026-09-13 01:43:04] INFO Data | steps=52116 | nodes=325 | channels=1 | training_scope=full_train | memory/post_memory/train_selected/val/test=25327/10855/36182/4912/10125
[2026-09-13 01:43:04] INFO Bank/retrieval | dataset=pemsbay_finetuned_queue | events=25327 | nodes=325 | retrieval_dim=64 | event_top_r=96 | node_top_k=12 | key_dtype=float16
[2026-09-13 01:43:04] INFO Frozen path cache | enabled=yes | candidate_ranking=learned_key | fill=first_epoch
[2026-09-13 01:43:04] INFO Parameters | downstream_total=936,790 | downstream_trainable=879,693 | backbone=0 | confidence_head=0 | fusion=0 | frozen_pretrained=958,704
[2026-09-13 01:43:04] INFO Optimization | epochs=50 | batch_size=32 | optimizer=adam | lr=0.0005 | weight_decay=0.0001 | scheduler=step_lr | step_size=10 | gamma=0.500 | confidence_weight=0.000 | patience=20 | early_stopping=disabled
[2026-09-13 01:43:05] INFO Stage start | stage=posthoc_calibrator | epochs=50 | optimizer_lrs=[0.0005]
[2026-09-13 02:00:20] INFO Epoch 001 | stage=posthoc_calibrator | train_total=1.484875 | train_forecast=1.484875 | train_confidence=0.000000 | train_risk=0.000000 | train_blend=0.000000 | val_total=1.610781 | val_mae=1.606124 | val_rmse=3.635786 | val_mape=3.686395 | val_confidence=0.000000 | val_risk=0.000000 | val_blend=0.000000 | batches=1131/154 | seconds=1035.15 | lr=[0.0005] | cuda_peak_mb=5430.7
[2026-09-13 02:00:20] INFO Val horizons | 15min_mae=1.375009 15min_rmse=2.851058 15min_mape=2.982789 | 30min_mae=1.674942 30min_rmse=3.741751 30min_mape=3.850236 | 60min_mae=1.931138 60min_rmse=4.419645 60min_mape=4.634853
[2026-09-13 02:00:20] INFO Checkpoint updated | epoch=1 | stage=posthoc_calibrator | best_val_mae=1.606124 | path=C:\Users\clw\projects\researchRep\STAnchor-BlockMemory\artifacts\cross_dataset_pemsbay\pemsbay_finetuned_router_st_norm_seed42\downstream_best.pt
[2026-09-13 02:02:52] INFO Epoch 002 | stage=posthoc_calibrator | train_total=1.472132 | train_forecast=1.472132 | train_confidence=0.000000 | train_risk=0.000000 | train_blend=0.000000 | val_total=1.606094 | val_mae=1.601402 | val_rmse=3.646445 | val_mape=3.702179 | val_confidence=0.000000 | val_risk=0.000000 | val_blend=0.000000 | batches=1131/154 | seconds=151.51 | lr=[0.0005] | cuda_peak_mb=2202.9
[2026-09-13 02:02:52] INFO Val horizons | 15min_mae=1.372267 15min_rmse=2.844276 15min_mape=2.988965 | 30min_mae=1.669240 30min_rmse=3.747189 30min_mape=3.873513 | 60min_mae=1.927380 60min_rmse=4.449512 60min_mape=4.659170
[2026-09-13 02:02:52] INFO Checkpoint updated | epoch=2 | stage=posthoc_calibrator | best_val_mae=1.601402 | path=C:\Users\clw\projects\researchRep\STAnchor-BlockMemory\artifacts\cross_dataset_pemsbay\pemsbay_finetuned_router_st_norm_seed42\downstream_best.pt
[2026-09-13 02:05:23] INFO Epoch 003 | stage=posthoc_calibrator | train_total=1.468845 | train_forecast=1.468845 | train_confidence=0.000000 | train_risk=0.000000 | train_blend=0.000000 | val_total=1.601408 | val_mae=1.596685 | val_rmse=3.626421 | val_mape=3.680143 | val_confidence=0.000000 | val_risk=0.000000 | val_blend=0.000000 | batches=1131/154 | seconds=151.56 | lr=[0.0005] | cuda_peak_mb=2201.6
[2026-09-13 02:05:23] INFO Val horizons | 15min_mae=1.370867 15min_rmse=2.839249 15min_mape=2.988525 | 30min_mae=1.665394 30min_rmse=3.734208 30min_mape=3.864668 | 60min_mae=1.916186 60min_rmse=4.408100 60min_mape=4.588470
[2026-09-13 02:05:24] INFO Checkpoint updated | epoch=3 | stage=posthoc_calibrator | best_val_mae=1.596685 | path=C:\Users\clw\projects\researchRep\STAnchor-BlockMemory\artifacts\cross_dataset_pemsbay\pemsbay_finetuned_router_st_norm_seed42\downstream_best.pt
[2026-09-13 02:07:54] INFO Epoch 004 | stage=posthoc_calibrator | train_total=1.466914 | train_forecast=1.466914 | train_confidence=0.000000 | train_risk=0.000000 | train_blend=0.000000 | val_total=1.601503 | val_mae=1.596816 | val_rmse=3.635452 | val_mape=3.650655 | val_confidence=0.000000 | val_risk=0.000000 | val_blend=0.000000 | batches=1131/154 | seconds=150.31 | lr=[0.0005] | cuda_peak_mb=2201.9
[2026-09-13 02:07:54] INFO Val horizons | 15min_mae=1.369346 15min_rmse=2.841161 15min_mape=2.967108 | 30min_mae=1.663634 30min_rmse=3.736812 30min_mape=3.810152 | 60min_mae=1.918792 60min_rmse=4.429330 60min_mape=4.578231
[2026-09-13 02:10:24] INFO Epoch 005 | stage=posthoc_calibrator | train_total=1.465731 | train_forecast=1.465731 | train_confidence=0.000000 | train_risk=0.000000 | train_blend=0.000000 | val_total=1.605155 | val_mae=1.600463 | val_rmse=3.648097 | val_mape=3.717160 | val_confidence=0.000000 | val_risk=0.000000 | val_blend=0.000000 | batches=1131/154 | seconds=150.04 | lr=[0.0005] | cuda_peak_mb=2201.6
[2026-09-13 02:10:24] INFO Val horizons | 15min_mae=1.371951 15min_rmse=2.851088 15min_mape=3.004928 | 30min_mae=1.669498 30min_rmse=3.753692 30min_mape=3.902168 | 60min_mae=1.921453 60min_rmse=4.438347 60min_mape=4.643118
[2026-09-13 02:12:54] INFO Epoch 006 | stage=posthoc_calibrator | train_total=1.465166 | train_forecast=1.465166 | train_confidence=0.000000 | train_risk=0.000000 | train_blend=0.000000 | val_total=1.604161 | val_mae=1.599366 | val_rmse=3.635082 | val_mape=3.697475 | val_confidence=0.000000 | val_risk=0.000000 | val_blend=0.000000 | batches=1131/154 | seconds=149.79 | lr=[0.0005] | cuda_peak_mb=2201.9
[2026-09-13 02:12:54] INFO Val horizons | 15min_mae=1.370637 15min_rmse=2.837648 15min_mape=2.985285 | 30min_mae=1.666889 30min_rmse=3.738203 30min_mape=3.864567 | 60min_mae=1.921566 60min_rmse=4.426645 60min_mape=4.643692
[2026-09-13 02:15:24] INFO Epoch 007 | stage=posthoc_calibrator | train_total=1.464217 | train_forecast=1.464217 | train_confidence=0.000000 | train_risk=0.000000 | train_blend=0.000000 | val_total=1.599122 | val_mae=1.594379 | val_rmse=3.611048 | val_mape=3.649914 | val_confidence=0.000000 | val_risk=0.000000 | val_blend=0.000000 | batches=1131/154 | seconds=149.84 | lr=[0.0005] | cuda_peak_mb=2202.3
[2026-09-13 02:15:24] INFO Val horizons | 15min_mae=1.367020 15min_rmse=2.828730 15min_mape=2.954668 | 30min_mae=1.661224 30min_rmse=3.714714 30min_mape=3.801860 | 60min_mae=1.915718 60min_rmse=4.393633 60min_mape=4.599072
[2026-09-13 02:15:24] INFO Checkpoint updated | epoch=7 | stage=posthoc_calibrator | best_val_mae=1.594379 | path=C:\Users\clw\projects\researchRep\STAnchor-BlockMemory\artifacts\cross_dataset_pemsbay\pemsbay_finetuned_router_st_norm_seed42\downstream_best.pt
[2026-09-13 02:17:53] INFO Epoch 008 | stage=posthoc_calibrator | train_total=1.463827 | train_forecast=1.463827 | train_confidence=0.000000 | train_risk=0.000000 | train_blend=0.000000 | val_total=1.597010 | val_mae=1.592376 | val_rmse=3.617359 | val_mape=3.661147 | val_confidence=0.000000 | val_risk=0.000000 | val_blend=0.000000 | batches=1131/154 | seconds=149.84 | lr=[0.0005] | cuda_peak_mb=2201.6
[2026-09-13 02:17:53] INFO Val horizons | 15min_mae=1.366596 15min_rmse=2.832864 15min_mape=2.970174 | 30min_mae=1.658930 30min_rmse=3.717839 30min_mape=3.828124 | 60min_mae=1.914620 60min_rmse=4.412791 60min_mape=4.598628
[2026-09-13 02:17:53] INFO Checkpoint updated | epoch=8 | stage=posthoc_calibrator | best_val_mae=1.592376 | path=C:\Users\clw\projects\researchRep\STAnchor-BlockMemory\artifacts\cross_dataset_pemsbay\pemsbay_finetuned_router_st_norm_seed42\downstream_best.pt
[2026-09-13 02:20:23] INFO Epoch 009 | stage=posthoc_calibrator | train_total=1.463053 | train_forecast=1.463053 | train_confidence=0.000000 | train_risk=0.000000 | train_blend=0.000000 | val_total=1.600181 | val_mae=1.595503 | val_rmse=3.642405 | val_mape=3.681127 | val_confidence=0.000000 | val_risk=0.000000 | val_blend=0.000000 | batches=1131/154 | seconds=149.44 | lr=[0.0005] | cuda_peak_mb=2201.5
[2026-09-13 02:20:23] INFO Val horizons | 15min_mae=1.367232 15min_rmse=2.837945 15min_mape=2.965774 | 30min_mae=1.661551 30min_rmse=3.732465 30min_mape=3.833550 | 60min_mae=1.921299 60min_rmse=4.464368 60min_mape=4.659915
[2026-09-13 02:22:53] INFO Epoch 010 | stage=posthoc_calibrator | train_total=1.462746 | train_forecast=1.462746 | train_confidence=0.000000 | train_risk=0.000000 | train_blend=0.000000 | val_total=1.598132 | val_mae=1.593482 | val_rmse=3.638356 | val_mape=3.659693 | val_confidence=0.000000 | val_risk=0.000000 | val_blend=0.000000 | batches=1131/154 | seconds=149.67 | lr=[0.0005] | cuda_peak_mb=2201.6
[2026-09-13 02:22:53] INFO Val horizons | 15min_mae=1.365670 15min_rmse=2.838615 15min_mape=2.956494 | 30min_mae=1.660143 30min_rmse=3.738898 30min_mape=3.816449 | 60min_mae=1.916126 60min_rmse=4.443971 60min_mape=4.609945
[2026-09-13 02:25:22] INFO Epoch 011 | stage=posthoc_calibrator | train_total=1.460808 | train_forecast=1.460808 | train_confidence=0.000000 | train_risk=0.000000 | train_blend=0.000000 | val_total=1.597911 | val_mae=1.593199 | val_rmse=3.632570 | val_mape=3.656013 | val_confidence=0.000000 | val_risk=0.000000 | val_blend=0.000000 | batches=1131/154 | seconds=149.79 | lr=[0.00025] | cuda_peak_mb=2201.9
[2026-09-13 02:25:22] INFO Val horizons | 15min_mae=1.364432 15min_rmse=2.838314 15min_mape=2.950462 | 30min_mae=1.659791 30min_rmse=3.740504 30min_mape=3.808735 | 60min_mae=1.916771 60min_rmse=4.427671 60min_mape=4.620305
[2026-09-13 02:27:52] INFO Epoch 012 | stage=posthoc_calibrator | train_total=1.460568 | train_forecast=1.460568 | train_confidence=0.000000 | train_risk=0.000000 | train_blend=0.000000 | val_total=1.601308 | val_mae=1.596454 | val_rmse=3.645987 | val_mape=3.703606 | val_confidence=0.000000 | val_risk=0.000000 | val_blend=0.000000 | batches=1131/154 | seconds=149.74 | lr=[0.00025] | cuda_peak_mb=2201.6
[2026-09-13 02:27:52] INFO Val horizons | 15min_mae=1.367043 15min_rmse=2.835560 15min_mape=2.970428 | 30min_mae=1.664942 30min_rmse=3.745047 30min_mape=3.873753 | 60min_mae=1.917600 60min_rmse=4.451436 60min_mape=4.664625
[2026-09-13 02:30:22] INFO Epoch 013 | stage=posthoc_calibrator | train_total=1.460338 | train_forecast=1.460338 | train_confidence=0.000000 | train_risk=0.000000 | train_blend=0.000000 | val_total=1.595449 | val_mae=1.590778 | val_rmse=3.627965 | val_mape=3.653482 | val_confidence=0.000000 | val_risk=0.000000 | val_blend=0.000000 | batches=1131/154 | seconds=149.93 | lr=[0.00025] | cuda_peak_mb=2201.9
[2026-09-13 02:30:22] INFO Val horizons | 15min_mae=1.363903 15min_rmse=2.834593 15min_mape=2.951402 | 30min_mae=1.657597 30min_rmse=3.726499 30min_mape=3.808433 | 60min_mae=1.911693 60min_rmse=4.431278 60min_mape=4.601372
[2026-09-13 02:30:22] INFO Checkpoint updated | epoch=13 | stage=posthoc_calibrator | best_val_mae=1.590778 | path=C:\Users\clw\projects\researchRep\STAnchor-BlockMemory\artifacts\cross_dataset_pemsbay\pemsbay_finetuned_router_st_norm_seed42\downstream_best.pt
[2026-09-13 02:32:53] INFO Epoch 014 | stage=posthoc_calibrator | train_total=1.459852 | train_forecast=1.459852 | train_confidence=0.000000 | train_risk=0.000000 | train_blend=0.000000 | val_total=1.599846 | val_mae=1.595069 | val_rmse=3.650624 | val_mape=3.698464 | val_confidence=0.000000 | val_risk=0.000000 | val_blend=0.000000 | batches=1131/154 | seconds=150.82 | lr=[0.00025] | cuda_peak_mb=2202.3
[2026-09-13 02:32:53] INFO Val horizons | 15min_mae=1.364748 15min_rmse=2.839357 15min_mape=2.963645 | 30min_mae=1.660428 30min_rmse=3.746750 30min_mape=3.848877 | 60min_mae=1.921518 60min_rmse=4.464843 60min_mape=4.686731
[2026-09-13 02:35:23] INFO Epoch 015 | stage=posthoc_calibrator | train_total=1.459774 | train_forecast=1.459774 | train_confidence=0.000000 | train_risk=0.000000 | train_blend=0.000000 | val_total=1.595406 | val_mae=1.590676 | val_rmse=3.627058 | val_mape=3.647933 | val_confidence=0.000000 | val_risk=0.000000 | val_blend=0.000000 | batches=1131/154 | seconds=149.70 | lr=[0.00025] | cuda_peak_mb=2201.6
[2026-09-13 02:35:23] INFO Val horizons | 15min_mae=1.364408 15min_rmse=2.833515 15min_mape=2.947721 | 30min_mae=1.658286 30min_rmse=3.727887 30min_mape=3.803037 | 60min_mae=1.910773 60min_rmse=4.428616 60min_mape=4.599871
[2026-09-13 02:35:23] INFO Checkpoint updated | epoch=15 | stage=posthoc_calibrator | best_val_mae=1.590676 | path=C:\Users\clw\projects\researchRep\STAnchor-BlockMemory\artifacts\cross_dataset_pemsbay\pemsbay_finetuned_router_st_norm_seed42\downstream_best.pt
[2026-09-13 02:37:52] INFO Epoch 016 | stage=posthoc_calibrator | train_total=1.459413 | train_forecast=1.459413 | train_confidence=0.000000 | train_risk=0.000000 | train_blend=0.000000 | val_total=1.597381 | val_mae=1.592614 | val_rmse=3.632472 | val_mape=3.677442 | val_confidence=0.000000 | val_risk=0.000000 | val_blend=0.000000 | batches=1131/154 | seconds=149.65 | lr=[0.00025] | cuda_peak_mb=2201.5
[2026-09-13 02:37:52] INFO Val horizons | 15min_mae=1.364989 15min_rmse=2.834544 15min_mape=2.961775 | 30min_mae=1.659435 30min_rmse=3.731990 30min_mape=3.836897 | 60min_mae=1.914210 60min_rmse=4.433818 60min_mape=4.640168
[2026-09-13 02:40:22] INFO Epoch 017 | stage=posthoc_calibrator | train_total=1.459053 | train_forecast=1.459053 | train_confidence=0.000000 | train_risk=0.000000 | train_blend=0.000000 | val_total=1.597186 | val_mae=1.592438 | val_rmse=3.624474 | val_mape=3.677580 | val_confidence=0.000000 | val_risk=0.000000 | val_blend=0.000000 | batches=1131/154 | seconds=149.67 | lr=[0.00025] | cuda_peak_mb=2201.6
[2026-09-13 02:40:22] INFO Val horizons | 15min_mae=1.365229 15min_rmse=2.832820 15min_mape=2.965204 | 30min_mae=1.661030 30min_rmse=3.724879 30min_mape=3.847280 | 60min_mae=1.911808 60min_rmse=4.421990 60min_mape=4.622133
[2026-09-13 02:42:52] INFO Epoch 018 | stage=posthoc_calibrator | train_total=1.458775 | train_forecast=1.458775 | train_confidence=0.000000 | train_risk=0.000000 | train_blend=0.000000 | val_total=1.598688 | val_mae=1.593982 | val_rmse=3.647535 | val_mape=3.694325 | val_confidence=0.000000 | val_risk=0.000000 | val_blend=0.000000 | batches=1131/154 | seconds=149.66 | lr=[0.00025] | cuda_peak_mb=2201.9
[2026-09-13 02:42:52] INFO Val horizons | 15min_mae=1.366183 15min_rmse=2.845075 15min_mape=2.982447 | 30min_mae=1.662168 30min_rmse=3.750580 30min_mape=3.873941 | 60min_mae=1.916023 60min_rmse=4.452695 60min_mape=4.635527
[2026-09-13 02:45:21] INFO Epoch 019 | stage=posthoc_calibrator | train_total=1.458702 | train_forecast=1.458702 | train_confidence=0.000000 | train_risk=0.000000 | train_blend=0.000000 | val_total=1.594592 | val_mae=1.589889 | val_rmse=3.621885 | val_mape=3.654857 | val_confidence=0.000000 | val_risk=0.000000 | val_blend=0.000000 | batches=1131/154 | seconds=149.62 | lr=[0.00025] | cuda_peak_mb=2201.6
[2026-09-13 02:45:21] INFO Val horizons | 15min_mae=1.363100 15min_rmse=2.830337 15min_mape=2.948990 | 30min_mae=1.656971 30min_rmse=3.720476 30min_mape=3.811394 | 60min_mae=1.910622 60min_rmse=4.423995 60min_mape=4.612888
[2026-09-13 02:45:21] INFO Checkpoint updated | epoch=19 | stage=posthoc_calibrator | best_val_mae=1.589889 | path=C:\Users\clw\projects\researchRep\STAnchor-BlockMemory\artifacts\cross_dataset_pemsbay\pemsbay_finetuned_router_st_norm_seed42\downstream_best.pt
[2026-09-13 02:47:51] INFO Epoch 020 | stage=posthoc_calibrator | train_total=1.458450 | train_forecast=1.458450 | train_confidence=0.000000 | train_risk=0.000000 | train_blend=0.000000 | val_total=1.594614 | val_mae=1.589945 | val_rmse=3.629188 | val_mape=3.657758 | val_confidence=0.000000 | val_risk=0.000000 | val_blend=0.000000 | batches=1131/154 | seconds=149.49 | lr=[0.00025] | cuda_peak_mb=2201.9
[2026-09-13 02:47:51] INFO Val horizons | 15min_mae=1.361286 15min_rmse=2.834020 15min_mape=2.941428 | 30min_mae=1.655974 30min_rmse=3.725692 30min_mape=3.808676 | 60min_mae=1.913931 60min_rmse=4.436537 60min_mape=4.626335
[2026-09-13 02:50:20] INFO Epoch 021 | stage=posthoc_calibrator | train_total=1.457100 | train_forecast=1.457100 | train_confidence=0.000000 | train_risk=0.000000 | train_blend=0.000000 | val_total=1.595498 | val_mae=1.590731 | val_rmse=3.632609 | val_mape=3.658183 | val_confidence=0.000000 | val_risk=0.000000 | val_blend=0.000000 | batches=1131/154 | seconds=149.60 | lr=[0.000125] | cuda_peak_mb=2202.3
[2026-09-13 02:50:20] INFO Val horizons | 15min_mae=1.363430 15min_rmse=2.835193 15min_mape=2.948473 | 30min_mae=1.658496 30min_rmse=3.733127 30min_mape=3.817003 | 60min_mae=1.910260 60min_rmse=4.432242 60min_mape=4.606255
[2026-09-13 02:52:50] INFO Epoch 022 | stage=posthoc_calibrator | train_total=1.456931 | train_forecast=1.456931 | train_confidence=0.000000 | train_risk=0.000000 | train_blend=0.000000 | val_total=1.594820 | val_mae=1.590073 | val_rmse=3.619640 | val_mape=3.644875 | val_confidence=0.000000 | val_risk=0.000000 | val_blend=0.000000 | batches=1131/154 | seconds=149.62 | lr=[0.000125] | cuda_peak_mb=2201.6
[2026-09-13 02:52:50] INFO Val horizons | 15min_mae=1.363638 15min_rmse=2.832855 15min_mape=2.953809 | 30min_mae=1.658176 30min_rmse=3.723068 30min_mape=3.814688 | 60min_mae=1.909373 60min_rmse=4.411252 60min_mape=4.570988
[2026-09-13 02:55:20] INFO Epoch 023 | stage=posthoc_calibrator | train_total=1.456810 | train_forecast=1.456810 | train_confidence=0.000000 | train_risk=0.000000 | train_blend=0.000000 | val_total=1.598169 | val_mae=1.593492 | val_rmse=3.642372 | val_mape=3.701072 | val_confidence=0.000000 | val_risk=0.000000 | val_blend=0.000000 | batches=1131/154 | seconds=149.77 | lr=[0.000125] | cuda_peak_mb=2201.5
[2026-09-13 02:55:20] INFO Val horizons | 15min_mae=1.364794 15min_rmse=2.840986 15min_mape=2.973489 | 30min_mae=1.661208 30min_rmse=3.741100 30min_mape=3.869411 | 60min_mae=1.915969 60min_rmse=4.450656 60min_mape=4.666337
[2026-09-13 02:57:49] INFO Epoch 024 | stage=posthoc_calibrator | train_total=1.456874 | train_forecast=1.456874 | train_confidence=0.000000 | train_risk=0.000000 | train_blend=0.000000 | val_total=1.596951 | val_mae=1.592154 | val_rmse=3.646252 | val_mape=3.698243 | val_confidence=0.000000 | val_risk=0.000000 | val_blend=0.000000 | batches=1131/154 | seconds=149.74 | lr=[0.000125] | cuda_peak_mb=2201.6
[2026-09-13 02:57:49] INFO Val horizons | 15min_mae=1.363820 15min_rmse=2.835677 15min_mape=2.966852 | 30min_mae=1.659761 30min_rmse=3.740603 30min_mape=3.863934 | 60min_mae=1.913887 60min_rmse=4.462846 60min_mape=4.669881
[2026-09-13 03:00:19] INFO Epoch 025 | stage=posthoc_calibrator | train_total=1.456547 | train_forecast=1.456547 | train_confidence=0.000000 | train_risk=0.000000 | train_blend=0.000000 | val_total=1.596553 | val_mae=1.591819 | val_rmse=3.637605 | val_mape=3.677859 | val_confidence=0.000000 | val_risk=0.000000 | val_blend=0.000000 | batches=1131/154 | seconds=149.74 | lr=[0.000125] | cuda_peak_mb=2201.9
[2026-09-13 03:00:19] INFO Val horizons | 15min_mae=1.363434 15min_rmse=2.838245 15min_mape=2.962236 | 30min_mae=1.659284 30min_rmse=3.738612 30min_mape=3.844813 | 60min_mae=1.914173 60min_rmse=4.439775 60min_mape=4.633145
[2026-09-13 03:02:49] INFO Epoch 026 | stage=posthoc_calibrator | train_total=1.456533 | train_forecast=1.456533 | train_confidence=0.000000 | train_risk=0.000000 | train_blend=0.000000 | val_total=1.596288 | val_mae=1.591579 | val_rmse=3.628902 | val_mape=3.680966 | val_confidence=0.000000 | val_risk=0.000000 | val_blend=0.000000 | batches=1131/154 | seconds=149.64 | lr=[0.000125] | cuda_peak_mb=2201.6
[2026-09-13 03:02:49] INFO Val horizons | 15min_mae=1.363237 15min_rmse=2.835848 15min_mape=2.961994 | 30min_mae=1.659786 30min_rmse=3.732080 30min_mape=3.853187 | 60min_mae=1.913873 60min_rmse=4.427835 60min_mape=4.636476
[2026-09-13 03:05:18] INFO Epoch 027 | stage=posthoc_calibrator | train_total=1.456402 | train_forecast=1.456402 | train_confidence=0.000000 | train_risk=0.000000 | train_blend=0.000000 | val_total=1.594112 | val_mae=1.589434 | val_rmse=3.628814 | val_mape=3.654138 | val_confidence=0.000000 | val_risk=0.000000 | val_blend=0.000000 | batches=1131/154 | seconds=149.57 | lr=[0.000125] | cuda_peak_mb=2201.9
[2026-09-13 03:05:18] INFO Val horizons | 15min_mae=1.361787 15min_rmse=2.835066 15min_mape=2.952065 | 30min_mae=1.656444 30min_rmse=3.731209 30min_mape=3.818858 | 60min_mae=1.911236 60min_rmse=4.427816 60min_mape=4.596727
[2026-09-13 03:05:18] INFO Checkpoint updated | epoch=27 | stage=posthoc_calibrator | best_val_mae=1.589434 | path=C:\Users\clw\projects\researchRep\STAnchor-BlockMemory\artifacts\cross_dataset_pemsbay\pemsbay_finetuned_router_st_norm_seed42\downstream_best.pt
[2026-09-13 03:07:48] INFO Epoch 028 | stage=posthoc_calibrator | train_total=1.456329 | train_forecast=1.456329 | train_confidence=0.000000 | train_risk=0.000000 | train_blend=0.000000 | val_total=1.594503 | val_mae=1.589794 | val_rmse=3.626330 | val_mape=3.660967 | val_confidence=0.000000 | val_risk=0.000000 | val_blend=0.000000 | batches=1131/154 | seconds=149.60 | lr=[0.000125] | cuda_peak_mb=2202.3
[2026-09-13 03:07:48] INFO Val horizons | 15min_mae=1.362633 15min_rmse=2.835635 15min_mape=2.959898 | 30min_mae=1.657187 30min_rmse=3.730049 30min_mape=3.832199 | 60min_mae=1.910854 60min_rmse=4.420697 60min_mape=4.597251
[2026-09-13 03:10:18] INFO Epoch 029 | stage=posthoc_calibrator | train_total=1.456087 | train_forecast=1.456087 | train_confidence=0.000000 | train_risk=0.000000 | train_blend=0.000000 | val_total=1.594720 | val_mae=1.590028 | val_rmse=3.630000 | val_mape=3.670628 | val_confidence=0.000000 | val_risk=0.000000 | val_blend=0.000000 | batches=1131/154 | seconds=149.55 | lr=[0.000125] | cuda_peak_mb=2201.6
[2026-09-13 03:10:18] INFO Val horizons | 15min_mae=1.362403 15min_rmse=2.835460 15min_mape=2.958816 | 30min_mae=1.657141 30min_rmse=3.730848 30min_mape=3.836021 | 60min_mae=1.912041 60min_rmse=4.429707 60min_mape=4.623920
[2026-09-13 03:12:47] INFO Epoch 030 | stage=posthoc_calibrator | train_total=1.456143 | train_forecast=1.456143 | train_confidence=0.000000 | train_risk=0.000000 | train_blend=0.000000 | val_total=1.592250 | val_mae=1.587540 | val_rmse=3.619145 | val_mape=3.632823 | val_confidence=0.000000 | val_risk=0.000000 | val_blend=0.000000 | batches=1131/154 | seconds=149.59 | lr=[0.000125] | cuda_peak_mb=2201.5
[2026-09-13 03:12:47] INFO Val horizons | 15min_mae=1.360771 15min_rmse=2.827425 15min_mape=2.933024 | 30min_mae=1.654571 30min_rmse=3.717643 30min_mape=3.791731 | 60min_mae=1.908257 60min_rmse=4.420390 60min_mape=4.576384
[2026-09-13 03:12:47] INFO Checkpoint updated | epoch=30 | stage=posthoc_calibrator | best_val_mae=1.587540 | path=C:\Users\clw\projects\researchRep\STAnchor-BlockMemory\artifacts\cross_dataset_pemsbay\pemsbay_finetuned_router_st_norm_seed42\downstream_best.pt
[2026-09-13 03:15:17] INFO Epoch 031 | stage=posthoc_calibrator | train_total=1.455393 | train_forecast=1.455393 | train_confidence=0.000000 | train_risk=0.000000 | train_blend=0.000000 | val_total=1.593394 | val_mae=1.588667 | val_rmse=3.629582 | val_mape=3.652390 | val_confidence=0.000000 | val_risk=0.000000 | val_blend=0.000000 | batches=1131/154 | seconds=149.56 | lr=[6.25e-05] | cuda_peak_mb=2201.6
[2026-09-13 03:15:17] INFO Val horizons | 15min_mae=1.361245 15min_rmse=2.831468 15min_mape=2.943977 | 30min_mae=1.655237 30min_rmse=3.727536 30min_mape=3.809272 | 60min_mae=1.910312 60min_rmse=4.432295 60min_mape=4.607866
[2026-09-13 03:17:46] INFO Epoch 032 | stage=posthoc_calibrator | train_total=1.455316 | train_forecast=1.455316 | train_confidence=0.000000 | train_risk=0.000000 | train_blend=0.000000 | val_total=1.593496 | val_mae=1.588811 | val_rmse=3.631952 | val_mape=3.668227 | val_confidence=0.000000 | val_risk=0.000000 | val_blend=0.000000 | batches=1131/154 | seconds=149.62 | lr=[6.25e-05] | cuda_peak_mb=2201.9
[2026-09-13 03:17:46] INFO Val horizons | 15min_mae=1.361551 15min_rmse=2.834299 15min_mape=2.956373 | 30min_mae=1.655792 30min_rmse=3.730938 30min_mape=3.834334 | 60min_mae=1.910310 60min_rmse=4.436378 60min_mape=4.621380
[2026-09-13 03:20:16] INFO Epoch 033 | stage=posthoc_calibrator | train_total=1.455319 | train_forecast=1.455319 | train_confidence=0.000000 | train_risk=0.000000 | train_blend=0.000000 | val_total=1.594034 | val_mae=1.589271 | val_rmse=3.632740 | val_mape=3.660920 | val_confidence=0.000000 | val_risk=0.000000 | val_blend=0.000000 | batches=1131/154 | seconds=149.71 | lr=[6.25e-05] | cuda_peak_mb=2201.6
[2026-09-13 03:20:16] INFO Val horizons | 15min_mae=1.361680 15min_rmse=2.830715 15min_mape=2.943239 | 30min_mae=1.656256 30min_rmse=3.727867 30min_mape=3.818613 | 60min_mae=1.910566 60min_rmse=4.439723 60min_mape=4.619837
[2026-09-13 03:22:46] INFO Epoch 034 | stage=posthoc_calibrator | train_total=1.455230 | train_forecast=1.455230 | train_confidence=0.000000 | train_risk=0.000000 | train_blend=0.000000 | val_total=1.593830 | val_mae=1.589101 | val_rmse=3.632425 | val_mape=3.658470 | val_confidence=0.000000 | val_risk=0.000000 | val_blend=0.000000 | batches=1131/154 | seconds=149.63 | lr=[6.25e-05] | cuda_peak_mb=2201.9
[2026-09-13 03:22:46] INFO Val horizons | 15min_mae=1.360934 15min_rmse=2.832106 15min_mape=2.941742 | 30min_mae=1.655333 30min_rmse=3.728286 30min_mape=3.809381 | 60min_mae=1.911749 60min_rmse=4.440329 60min_mape=4.628436
[2026-09-13 03:25:15] INFO Epoch 035 | stage=posthoc_calibrator | train_total=1.455102 | train_forecast=1.455102 | train_confidence=0.000000 | train_risk=0.000000 | train_blend=0.000000 | val_total=1.592203 | val_mae=1.587498 | val_rmse=3.624950 | val_mape=3.649931 | val_confidence=0.000000 | val_risk=0.000000 | val_blend=0.000000 | batches=1131/154 | seconds=149.58 | lr=[6.25e-05] | cuda_peak_mb=2202.3
[2026-09-13 03:25:15] INFO Val horizons | 15min_mae=1.360457 15min_rmse=2.830597 15min_mape=2.939971 | 30min_mae=1.654475 30min_rmse=3.722898 30min_mape=3.806395 | 60min_mae=1.908135 60min_rmse=4.427370 60min_mape=4.604373
[2026-09-13 03:25:15] INFO Checkpoint updated | epoch=35 | stage=posthoc_calibrator | best_val_mae=1.587498 | path=C:\Users\clw\projects\researchRep\STAnchor-BlockMemory\artifacts\cross_dataset_pemsbay\pemsbay_finetuned_router_st_norm_seed42\downstream_best.pt
[2026-09-13 03:27:46] INFO Epoch 036 | stage=posthoc_calibrator | train_total=1.455111 | train_forecast=1.455111 | train_confidence=0.000000 | train_risk=0.000000 | train_blend=0.000000 | val_total=1.594192 | val_mae=1.589486 | val_rmse=3.632027 | val_mape=3.675940 | val_confidence=0.000000 | val_risk=0.000000 | val_blend=0.000000 | batches=1131/154 | seconds=150.43 | lr=[6.25e-05] | cuda_peak_mb=2201.6
[2026-09-13 03:27:46] INFO Val horizons | 15min_mae=1.360872 15min_rmse=2.831304 15min_mape=2.947780 | 30min_mae=1.655658 30min_rmse=3.728333 30min_mape=3.830577 | 60min_mae=1.912894 60min_rmse=4.439171 60min_mape=4.655323
[2026-09-13 03:30:17] INFO Epoch 037 | stage=posthoc_calibrator | train_total=1.454937 | train_forecast=1.454937 | train_confidence=0.000000 | train_risk=0.000000 | train_blend=0.000000 | val_total=1.592989 | val_mae=1.588309 | val_rmse=3.628375 | val_mape=3.664697 | val_confidence=0.000000 | val_risk=0.000000 | val_blend=0.000000 | batches=1131/154 | seconds=150.99 | lr=[6.25e-05] | cuda_peak_mb=2201.5
[2026-09-13 03:30:17] INFO Val horizons | 15min_mae=1.360614 15min_rmse=2.828952 15min_mape=2.942028 | 30min_mae=1.655342 30min_rmse=3.723820 30min_mape=3.823197 | 60min_mae=1.909982 60min_rmse=4.437196 60min_mape=4.633844
[2026-09-13 03:32:47] INFO Epoch 038 | stage=posthoc_calibrator | train_total=1.455029 | train_forecast=1.455029 | train_confidence=0.000000 | train_risk=0.000000 | train_blend=0.000000 | val_total=1.592938 | val_mae=1.588185 | val_rmse=3.627908 | val_mape=3.655048 | val_confidence=0.000000 | val_risk=0.000000 | val_blend=0.000000 | batches=1131/154 | seconds=149.64 | lr=[6.25e-05] | cuda_peak_mb=2201.6
[2026-09-13 03:32:47] INFO Val horizons | 15min_mae=1.360777 15min_rmse=2.830511 15min_mape=2.946031 | 30min_mae=1.655014 30min_rmse=3.726534 30min_mape=3.817583 | 60min_mae=1.909028 60min_rmse=4.429313 60min_mape=4.603512
[2026-09-13 03:35:16] INFO Epoch 039 | stage=posthoc_calibrator | train_total=1.454905 | train_forecast=1.454905 | train_confidence=0.000000 | train_risk=0.000000 | train_blend=0.000000 | val_total=1.592125 | val_mae=1.587421 | val_rmse=3.632652 | val_mape=3.657259 | val_confidence=0.000000 | val_risk=0.000000 | val_blend=0.000000 | batches=1131/154 | seconds=149.71 | lr=[6.25e-05] | cuda_peak_mb=2201.9
[2026-09-13 03:35:16] INFO Val horizons | 15min_mae=1.360391 15min_rmse=2.831186 15min_mape=2.944243 | 30min_mae=1.654222 30min_rmse=3.728097 30min_mape=3.814475 | 60min_mae=1.908656 60min_rmse=4.443667 60min_mape=4.619389
[2026-09-13 03:35:16] INFO Checkpoint updated | epoch=39 | stage=posthoc_calibrator | best_val_mae=1.587421 | path=C:\Users\clw\projects\researchRep\STAnchor-BlockMemory\artifacts\cross_dataset_pemsbay\pemsbay_finetuned_router_st_norm_seed42\downstream_best.pt
[2026-09-13 03:37:46] INFO Epoch 040 | stage=posthoc_calibrator | train_total=1.454906 | train_forecast=1.454906 | train_confidence=0.000000 | train_risk=0.000000 | train_blend=0.000000 | val_total=1.592926 | val_mae=1.588220 | val_rmse=3.632663 | val_mape=3.667733 | val_confidence=0.000000 | val_risk=0.000000 | val_blend=0.000000 | batches=1131/154 | seconds=149.66 | lr=[6.25e-05] | cuda_peak_mb=2201.6
[2026-09-13 03:37:46] INFO Val horizons | 15min_mae=1.360555 15min_rmse=2.829548 15min_mape=2.945784 | 30min_mae=1.654417 30min_rmse=3.729348 30min_mape=3.822797 | 60min_mae=1.910543 60min_rmse=4.440687 60min_mape=4.640591
[2026-09-13 03:40:16] INFO Epoch 041 | stage=posthoc_calibrator | train_total=1.454464 | train_forecast=1.454464 | train_confidence=0.000000 | train_risk=0.000000 | train_blend=0.000000 | val_total=1.592574 | val_mae=1.587841 | val_rmse=3.633485 | val_mape=3.663639 | val_confidence=0.000000 | val_risk=0.000000 | val_blend=0.000000 | batches=1131/154 | seconds=149.76 | lr=[3.125e-05] | cuda_peak_mb=2201.9
[2026-09-13 03:40:16] INFO Val horizons | 15min_mae=1.360823 15min_rmse=2.831372 15min_mape=2.946838 | 30min_mae=1.655165 30min_rmse=3.730403 30min_mape=3.823362 | 60min_mae=1.908085 60min_rmse=4.442549 60min_mape=4.626166
[2026-09-13 03:42:45] INFO Epoch 042 | stage=posthoc_calibrator | train_total=1.454454 | train_forecast=1.454454 | train_confidence=0.000000 | train_risk=0.000000 | train_blend=0.000000 | val_total=1.592178 | val_mae=1.587439 | val_rmse=3.626206 | val_mape=3.659036 | val_confidence=0.000000 | val_risk=0.000000 | val_blend=0.000000 | batches=1131/154 | seconds=149.62 | lr=[3.125e-05] | cuda_peak_mb=2202.3
[2026-09-13 03:42:45] INFO Val horizons | 15min_mae=1.360784 15min_rmse=2.830022 15min_mape=2.949374 | 30min_mae=1.654404 30min_rmse=3.724179 30min_mape=3.821006 | 60min_mae=1.907726 60min_rmse=4.428846 60min_mape=4.612449
[2026-09-13 03:45:15] INFO Epoch 043 | stage=posthoc_calibrator | train_total=1.454402 | train_forecast=1.454402 | train_confidence=0.000000 | train_risk=0.000000 | train_blend=0.000000 | val_total=1.593075 | val_mae=1.588335 | val_rmse=3.629930 | val_mape=3.663234 | val_confidence=0.000000 | val_risk=0.000000 | val_blend=0.000000 | batches=1131/154 | seconds=149.65 | lr=[3.125e-05] | cuda_peak_mb=2201.6
[2026-09-13 03:45:15] INFO Val horizons | 15min_mae=1.360268 15min_rmse=2.829431 15min_mape=2.942053 | 30min_mae=1.654784 30min_rmse=3.727829 30min_mape=3.818602 | 60min_mae=1.910654 60min_rmse=4.435485 60min_mape=4.635031
[2026-09-13 03:47:45] INFO Epoch 044 | stage=posthoc_calibrator | train_total=1.454285 | train_forecast=1.454285 | train_confidence=0.000000 | train_risk=0.000000 | train_blend=0.000000 | val_total=1.592229 | val_mae=1.587527 | val_rmse=3.625214 | val_mape=3.654017 | val_confidence=0.000000 | val_risk=0.000000 | val_blend=0.000000 | batches=1131/154 | seconds=149.83 | lr=[3.125e-05] | cuda_peak_mb=2201.5
[2026-09-13 03:47:45] INFO Val horizons | 15min_mae=1.360621 15min_rmse=2.829711 15min_mape=2.945141 | 30min_mae=1.654471 30min_rmse=3.723983 30min_mape=3.813576 | 60min_mae=1.908362 60min_rmse=4.426458 60min_mape=4.608616
[2026-09-13 03:50:14] INFO Epoch 045 | stage=posthoc_calibrator | train_total=1.454286 | train_forecast=1.454286 | train_confidence=0.000000 | train_risk=0.000000 | train_blend=0.000000 | val_total=1.591940 | val_mae=1.587224 | val_rmse=3.626052 | val_mape=3.649383 | val_confidence=0.000000 | val_risk=0.000000 | val_blend=0.000000 | batches=1131/154 | seconds=149.69 | lr=[3.125e-05] | cuda_peak_mb=2201.6
[2026-09-13 03:50:14] INFO Val horizons | 15min_mae=1.360489 15min_rmse=2.829736 15min_mape=2.944205 | 30min_mae=1.654598 30min_rmse=3.726247 30min_mape=3.813971 | 60min_mae=1.906951 60min_rmse=4.425825 60min_mape=4.592394
[2026-09-13 03:50:15] INFO Checkpoint updated | epoch=45 | stage=posthoc_calibrator | best_val_mae=1.587224 | path=C:\Users\clw\projects\researchRep\STAnchor-BlockMemory\artifacts\cross_dataset_pemsbay\pemsbay_finetuned_router_st_norm_seed42\downstream_best.pt
[2026-09-13 03:52:44] INFO Epoch 046 | stage=posthoc_calibrator | train_total=1.454318 | train_forecast=1.454318 | train_confidence=0.000000 | train_risk=0.000000 | train_blend=0.000000 | val_total=1.594044 | val_mae=1.589334 | val_rmse=3.632728 | val_mape=3.674473 | val_confidence=0.000000 | val_risk=0.000000 | val_blend=0.000000 | batches=1131/154 | seconds=149.56 | lr=[3.125e-05] | cuda_peak_mb=2201.9
[2026-09-13 03:52:44] INFO Val horizons | 15min_mae=1.360694 15min_rmse=2.829931 15min_mape=2.948288 | 30min_mae=1.655957 30min_rmse=3.727057 30min_mape=3.833566 | 60min_mae=1.911908 60min_rmse=4.443412 60min_mape=4.643340
[2026-09-13 03:55:14] INFO Epoch 047 | stage=posthoc_calibrator | train_total=1.454318 | train_forecast=1.454318 | train_confidence=0.000000 | train_risk=0.000000 | train_blend=0.000000 | val_total=1.592266 | val_mae=1.587541 | val_rmse=3.629013 | val_mape=3.647817 | val_confidence=0.000000 | val_risk=0.000000 | val_blend=0.000000 | batches=1131/154 | seconds=149.62 | lr=[3.125e-05] | cuda_peak_mb=2201.6
[2026-09-13 03:55:14] INFO Val horizons | 15min_mae=1.360680 15min_rmse=2.830919 15min_mape=2.945008 | 30min_mae=1.654616 30min_rmse=3.728087 30min_mape=3.810512 | 60min_mae=1.908127 60min_rmse=4.431293 60min_mape=4.593277
[2026-09-13 03:57:43] INFO Epoch 048 | stage=posthoc_calibrator | train_total=1.454276 | train_forecast=1.454276 | train_confidence=0.000000 | train_risk=0.000000 | train_blend=0.000000 | val_total=1.593136 | val_mae=1.588406 | val_rmse=3.631288 | val_mape=3.662513 | val_confidence=0.000000 | val_risk=0.000000 | val_blend=0.000000 | batches=1131/154 | seconds=149.62 | lr=[3.125e-05] | cuda_peak_mb=2201.9
[2026-09-13 03:57:43] INFO Val horizons | 15min_mae=1.361062 15min_rmse=2.831739 15min_mape=2.949496 | 30min_mae=1.655749 30min_rmse=3.731167 30min_mape=3.827469 | 60min_mae=1.909244 60min_rmse=4.434366 60min_mape=4.616032
[2026-09-13 04:00:13] INFO Epoch 049 | stage=posthoc_calibrator | train_total=1.454150 | train_forecast=1.454150 | train_confidence=0.000000 | train_risk=0.000000 | train_blend=0.000000 | val_total=1.592543 | val_mae=1.587824 | val_rmse=3.627292 | val_mape=3.653998 | val_confidence=0.000000 | val_risk=0.000000 | val_blend=0.000000 | batches=1131/154 | seconds=149.69 | lr=[3.125e-05] | cuda_peak_mb=2202.3
[2026-09-13 04:00:13] INFO Val horizons | 15min_mae=1.360431 15min_rmse=2.830577 15min_mape=2.945683 | 30min_mae=1.654628 30min_rmse=3.726797 30min_mape=3.816188 | 60min_mae=1.909268 60min_rmse=4.428021 60min_mape=4.605193
[2026-09-13 04:02:43] INFO Epoch 050 | stage=posthoc_calibrator | train_total=1.454150 | train_forecast=1.454150 | train_confidence=0.000000 | train_risk=0.000000 | train_blend=0.000000 | val_total=1.591857 | val_mae=1.587158 | val_rmse=3.623226 | val_mape=3.646864 | val_confidence=0.000000 | val_risk=0.000000 | val_blend=0.000000 | batches=1131/154 | seconds=149.74 | lr=[3.125e-05] | cuda_peak_mb=2201.6
[2026-09-13 04:02:43] INFO Val horizons | 15min_mae=1.359506 15min_rmse=2.828680 15min_mape=2.938146 | 30min_mae=1.653747 30min_rmse=3.721989 30min_mape=3.805051 | 60min_mae=1.908785 60min_rmse=4.424702 60min_mape=4.599835
[2026-09-13 04:02:43] INFO Checkpoint updated | epoch=50 | stage=posthoc_calibrator | best_val_mae=1.587158 | path=C:\Users\clw\projects\researchRep\STAnchor-BlockMemory\artifacts\cross_dataset_pemsbay\pemsbay_finetuned_router_st_norm_seed42\downstream_best.pt
[2026-09-13 04:02:43] INFO Downstream training finished | best_val_mae=1.587158 | checkpoint=C:\Users\clw\projects\researchRep\STAnchor-BlockMemory\artifacts\cross_dataset_pemsbay\pemsbay_finetuned_router_st_norm_seed42\downstream_best.pt
