[2026-09-17 20:02:45] INFO Downstream start | run=paper_final_joint_context_offset_only_seed42/thesis_only/simple_fusion_retrieval_comparison/metrla/argcn/random | device=cuda:0 (requested=cuda:0) | seed=42 | output=D:\projects\researchProjects\TrafficRobustST\STAnchor-BlockMemory\artifacts\paper_final_joint_context_offset_only_seed42\thesis_only\simple_fusion_retrieval_comparison\metrla\argcn\random
[2026-09-17 20:02:45] INFO Mode | downstream_mode=learned_topk_offset_only_horizon | training_protocol=posthoc_frozen_base | candidate_protocol=weekday_radius1_overlap | candidate_ranking=learned_key | candidate_payload=offset_only
[2026-09-17 20:02:45] INFO Downstream initialization | seed=42 | state_hash=71e5d3af33da405a
[2026-09-17 20:02:45] INFO Frozen base | checkpoint=D:\projects\researchProjects\TrafficRobustST\STAnchor-BlockMemory\artifacts\convergence\formal_20260826_argcn_base_only_v1\downstream_best.pt | fingerprint=aec0d7409fcfde5a
[2026-09-17 20:02:45] INFO Data | steps=34272 | nodes=207 | channels=1 | training_scope=full_train | memory/post_memory/train_selected/val/test=15876/6805/22681/2993/6025
[2026-09-17 20:02:45] INFO Frozen path cache | enabled=True | storage=disk_mmap | train_samples=22681 | val_samples=2993 | allocated_mib=1520.5
[2026-09-17 20:02:45] INFO Bank/retrieval | dataset=metrla_random_encoder_seed42_simple_fusion | events=15876 | nodes=207 | retrieval_dim=64 | event_top_r=32 | node_top_k=12 | key_dtype=float16
[2026-09-17 20:02:45] INFO Frozen path cache | enabled=yes | candidate_ranking=learned_key | fill=first_epoch
[2026-09-17 20:02:45] INFO Parameters | downstream_total=150,809 | downstream_trainable=12 | backbone=0 | confidence_head=0 | fusion=12 | frozen_pretrained=958,704
[2026-09-17 20:02:45] INFO Optimization | epochs=10 | batch_size=32 | optimizer=adam | lr=0.0005 | weight_decay=0.0001 | scheduler=step_lr | step_size=10 | gamma=0.500 | confidence_weight=0.000 | patience=20 | early_stopping=disabled
[2026-09-17 20:02:46] INFO Stage start | stage=posthoc_calibrator | epochs=10 | optimizer_lrs=[0.0005]
[2026-09-17 20:07:49] INFO Epoch 001 | stage=posthoc_calibrator | train_total=3.094397 | train_forecast=3.094397 | train_confidence=0.000000 | train_risk=0.000000 | train_blend=0.000000 | val_total=2.992288 | val_mae=2.989253 | val_rmse=6.109001 | val_mape=8.457969 | val_confidence=0.000000 | val_risk=0.000000 | val_blend=0.000000 | batches=709/94 | seconds=303.09 | lr=[0.0005] | cuda_peak_mb=3452.6
[2026-09-17 20:07:49] INFO Val horizons | 15min_mae=2.625057 15min_rmse=5.172539 15min_mape=6.943801 | 30min_mae=3.013181 30min_rmse=6.155572 30min_mape=8.543993 | 60min_mae=3.526242 60min_rmse=7.245499 60min_mape=10.598382
[2026-09-17 20:07:49] INFO Checkpoint updated | epoch=1 | stage=posthoc_calibrator | best_val_mae=2.989253 | path=D:\projects\researchProjects\TrafficRobustST\STAnchor-BlockMemory\artifacts\paper_final_joint_context_offset_only_seed42\thesis_only\simple_fusion_retrieval_comparison\metrla\argcn\random\downstream_best.pt
[2026-09-17 20:08:51] INFO Epoch 002 | stage=posthoc_calibrator | train_total=3.093382 | train_forecast=3.093382 | train_confidence=0.000000 | train_risk=0.000000 | train_blend=0.000000 | val_total=2.992655 | val_mae=2.989604 | val_rmse=6.113817 | val_mape=8.462078 | val_confidence=0.000000 | val_risk=0.000000 | val_blend=0.000000 | batches=709/94 | seconds=62.12 | lr=[0.0005] | cuda_peak_mb=109.0
[2026-09-17 20:08:51] INFO Val horizons | 15min_mae=2.625155 15min_rmse=5.176391 15min_mape=6.947517 | 30min_mae=3.013697 30min_rmse=6.162366 30min_mape=8.549691 | 60min_mae=3.526227 60min_rmse=7.245375 60min_mape=10.598277
[2026-09-17 20:09:54] INFO Epoch 003 | stage=posthoc_calibrator | train_total=3.092584 | train_forecast=3.092584 | train_confidence=0.000000 | train_risk=0.000000 | train_blend=0.000000 | val_total=2.992856 | val_mae=2.989798 | val_rmse=6.115862 | val_mape=8.463928 | val_confidence=0.000000 | val_risk=0.000000 | val_blend=0.000000 | batches=709/94 | seconds=62.49 | lr=[0.0005] | cuda_peak_mb=109.0
[2026-09-17 20:09:54] INFO Val horizons | 15min_mae=2.625291 15min_rmse=5.178353 15min_mape=6.949508 | 30min_mae=3.013989 30min_rmse=6.165330 30min_mape=8.552261 | 60min_mae=3.526183 60min_rmse=7.245007 60min_mape=10.597968
[2026-09-17 20:10:56] INFO Epoch 004 | stage=posthoc_calibrator | train_total=3.092500 | train_forecast=3.092500 | train_confidence=0.000000 | train_risk=0.000000 | train_blend=0.000000 | val_total=2.992940 | val_mae=2.989880 | val_rmse=6.116643 | val_mape=8.464666 | val_confidence=0.000000 | val_risk=0.000000 | val_blend=0.000000 | batches=709/94 | seconds=61.96 | lr=[0.0005] | cuda_peak_mb=109.0
[2026-09-17 20:10:56] INFO Val horizons | 15min_mae=2.625368 15min_rmse=5.179222 15min_mape=6.950408 | 30min_mae=3.014138 30min_rmse=6.166707 30min_mape=8.553472 | 60min_mae=3.526129 60min_rmse=7.244560 60min_mape=10.597595
[2026-09-17 20:11:59] INFO Epoch 005 | stage=posthoc_calibrator | train_total=3.092280 | train_forecast=3.092280 | train_confidence=0.000000 | train_risk=0.000000 | train_blend=0.000000 | val_total=2.992981 | val_mae=2.989920 | val_rmse=6.117008 | val_mape=8.464998 | val_confidence=0.000000 | val_risk=0.000000 | val_blend=0.000000 | batches=709/94 | seconds=62.94 | lr=[0.0005] | cuda_peak_mb=109.0
[2026-09-17 20:11:59] INFO Val horizons | 15min_mae=2.625397 15min_rmse=5.179525 15min_mape=6.950724 | 30min_mae=3.014199 30min_rmse=6.167242 30min_mape=8.553946 | 60min_mae=3.526137 60min_rmse=7.244622 60min_mape=10.597646
[2026-09-17 20:13:04] INFO Epoch 006 | stage=posthoc_calibrator | train_total=3.092448 | train_forecast=3.092448 | train_confidence=0.000000 | train_risk=0.000000 | train_blend=0.000000 | val_total=2.993012 | val_mae=2.989950 | val_rmse=6.117274 | val_mape=8.465239 | val_confidence=0.000000 | val_risk=0.000000 | val_blend=0.000000 | batches=709/94 | seconds=64.99 | lr=[0.0005] | cuda_peak_mb=109.0
[2026-09-17 20:13:04] INFO Val horizons | 15min_mae=2.625423 15min_rmse=5.179776 15min_mape=6.950987 | 30min_mae=3.014240 30min_rmse=6.167600 30min_mape=8.554264 | 60min_mae=3.526153 60min_rmse=7.244758 60min_mape=10.597760
[2026-09-17 20:14:06] INFO Epoch 007 | stage=posthoc_calibrator | train_total=3.092450 | train_forecast=3.092450 | train_confidence=0.000000 | train_risk=0.000000 | train_blend=0.000000 | val_total=2.993022 | val_mae=2.989960 | val_rmse=6.117364 | val_mape=8.465322 | val_confidence=0.000000 | val_risk=0.000000 | val_blend=0.000000 | batches=709/94 | seconds=62.29 | lr=[0.0005] | cuda_peak_mb=109.0
[2026-09-17 20:14:06] INFO Val horizons | 15min_mae=2.625436 15min_rmse=5.179904 15min_mape=6.951121 | 30min_mae=3.014246 30min_rmse=6.167655 30min_mape=8.554314 | 60min_mae=3.526171 60min_rmse=7.244904 60min_mape=10.597883
[2026-09-17 20:15:08] INFO Epoch 008 | stage=posthoc_calibrator | train_total=3.092575 | train_forecast=3.092575 | train_confidence=0.000000 | train_risk=0.000000 | train_blend=0.000000 | val_total=2.993029 | val_mae=2.989967 | val_rmse=6.117428 | val_mape=8.465378 | val_confidence=0.000000 | val_risk=0.000000 | val_blend=0.000000 | batches=709/94 | seconds=62.41 | lr=[0.0005] | cuda_peak_mb=109.0
[2026-09-17 20:15:08] INFO Val horizons | 15min_mae=2.625438 15min_rmse=5.179931 15min_mape=6.951150 | 30min_mae=3.014267 30min_rmse=6.167833 30min_mape=8.554472 | 60min_mae=3.526182 60min_rmse=7.244997 60min_mape=10.597960
[2026-09-17 20:16:12] INFO Epoch 009 | stage=posthoc_calibrator | train_total=3.092516 | train_forecast=3.092516 | train_confidence=0.000000 | train_risk=0.000000 | train_blend=0.000000 | val_total=2.993027 | val_mae=2.989965 | val_rmse=6.117409 | val_mape=8.465363 | val_confidence=0.000000 | val_risk=0.000000 | val_blend=0.000000 | batches=709/94 | seconds=63.62 | lr=[0.0005] | cuda_peak_mb=109.0
[2026-09-17 20:16:12] INFO Val horizons | 15min_mae=2.625436 15min_rmse=5.179906 15min_mape=6.951123 | 30min_mae=3.014272 30min_rmse=6.167878 30min_mape=8.554512 | 60min_mae=3.526160 60min_rmse=7.244814 60min_mape=10.597807
[2026-09-17 20:17:14] INFO Epoch 010 | stage=posthoc_calibrator | train_total=3.092729 | train_forecast=3.092729 | train_confidence=0.000000 | train_risk=0.000000 | train_blend=0.000000 | val_total=2.993062 | val_mae=2.989999 | val_rmse=6.117710 | val_mape=8.465599 | val_confidence=0.000000 | val_risk=0.000000 | val_blend=0.000000 | batches=709/94 | seconds=62.43 | lr=[0.0005] | cuda_peak_mb=109.0
[2026-09-17 20:17:14] INFO Val horizons | 15min_mae=2.625445 15min_rmse=5.179989 15min_mape=6.951211 | 30min_mae=3.014288 30min_rmse=6.168015 30min_mape=8.554634 | 60min_mae=3.526253 60min_rmse=7.245593 60min_mape=10.598461
[2026-09-17 20:17:14] INFO Downstream training finished | best_val_mae=2.989253 | checkpoint=D:\projects\researchProjects\TrafficRobustST\STAnchor-BlockMemory\artifacts\paper_final_joint_context_offset_only_seed42\thesis_only\simple_fusion_retrieval_comparison\metrla\argcn\random\downstream_best.pt
