[2026-09-15 15:00:56] INFO Downstream start | run=paper_final_joint_context_offset_only_seed42/main_table/metrla/ours/argcn | device=cuda:0 (requested=cuda:0) | seed=42 | output=C:\Users\clw\projects\researchRep\STAnchor-BlockMemory\artifacts\paper_final_joint_context_offset_only_seed42\main_table\metrla\ours\argcn
[2026-09-15 15:00:56] INFO Mode | downstream_mode=learned_topk_error_aware | training_protocol=posthoc_frozen_base | candidate_protocol=weekday_radius1_overlap | candidate_ranking=learned_key | candidate_payload=offset_only
[2026-09-15 15:00:56] INFO Downstream initialization | seed=42 | state_hash=32b63adfe102f97f
[2026-09-15 15:00:56] INFO Frozen base | checkpoint=C:\Users\clw\projects\researchRep\STAnchor-BlockMemory\artifacts\convergence\formal_20260826_argcn_base_only_v1\downstream_best.pt | fingerprint=aec0d7409fcfde5a
[2026-09-15 15:00:56] INFO Data | steps=34272 | nodes=207 | channels=1 | training_scope=full_train | memory/post_memory/train_selected/val/test=15876/6805/22681/2993/6025
[2026-09-15 15:00:56] INFO Frozen path cache | enabled=True | storage=disk_mmap | train_samples=22681 | val_samples=2993 | allocated_mib=2818.0
[2026-09-15 15:00:56] INFO Bank/retrieval | dataset=metrla_final_joint_context_offset_only | events=15876 | nodes=207 | retrieval_dim=64 | event_top_r=32 | node_top_k=12 | key_dtype=float16
[2026-09-15 15:00:56] INFO Frozen path cache | enabled=yes | candidate_ranking=learned_key | fill=first_epoch
[2026-09-15 15:00:56] INFO Parameters | downstream_total=1,035,894 | downstream_trainable=885,085 | backbone=0 | confidence_head=0 | fusion=0 | frozen_pretrained=958,704
[2026-09-15 15:00:56] INFO Optimization | epochs=50 | batch_size=32 | optimizer=adam | lr=0.0005 | weight_decay=0.0001 | scheduler=step_lr | step_size=10 | gamma=0.500 | confidence_weight=0.000 | patience=20 | early_stopping=disabled
[2026-09-15 15:00:57] INFO Stage start | stage=posthoc_calibrator | epochs=50 | optimizer_lrs=[0.0005]
[2026-09-15 15:06:26] INFO Epoch 001 | stage=posthoc_calibrator | train_total=2.953019 | train_forecast=2.953019 | train_confidence=0.000000 | train_risk=0.000000 | train_blend=0.000000 | val_total=2.896939 | val_mae=2.894532 | val_rmse=5.908952 | val_mape=8.213296 | val_confidence=0.000000 | val_risk=0.000000 | val_blend=0.000000 | batches=709/94 | seconds=328.99 | lr=[0.0005] | cuda_peak_mb=3504.3
[2026-09-15 15:06:26] INFO Val horizons | 15min_mae=2.576107 15min_rmse=5.029605 15min_mape=6.878362 | 30min_mae=2.926647 30min_rmse=5.972545 30min_mape=8.369431 | 60min_mae=3.357092 60min_rmse=6.934583 60min_mape=10.003129
[2026-09-15 15:06:26] INFO Checkpoint updated | epoch=1 | stage=posthoc_calibrator | best_val_mae=2.894532 | path=C:\Users\clw\projects\researchRep\STAnchor-BlockMemory\artifacts\paper_final_joint_context_offset_only_seed42\main_table\metrla\ours\argcn\downstream_best.pt
[2026-09-15 15:08:32] INFO Epoch 002 | stage=posthoc_calibrator | train_total=2.901818 | train_forecast=2.901818 | train_confidence=0.000000 | train_risk=0.000000 | train_blend=0.000000 | val_total=2.864252 | val_mae=2.861503 | val_rmse=5.853017 | val_mape=8.001759 | val_confidence=0.000000 | val_risk=0.000000 | val_blend=0.000000 | batches=709/94 | seconds=126.13 | lr=[0.0005] | cuda_peak_mb=1469.2
[2026-09-15 15:08:32] INFO Val horizons | 15min_mae=2.555644 15min_rmse=5.006715 15min_mape=6.685648 | 30min_mae=2.895175 30min_rmse=5.912638 30min_mape=8.129321 | 60min_mae=3.301763 60min_rmse=6.859683 60min_mape=9.796312
[2026-09-15 15:08:32] INFO Checkpoint updated | epoch=2 | stage=posthoc_calibrator | best_val_mae=2.861503 | path=C:\Users\clw\projects\researchRep\STAnchor-BlockMemory\artifacts\paper_final_joint_context_offset_only_seed42\main_table\metrla\ours\argcn\downstream_best.pt
[2026-09-15 15:10:39] INFO Epoch 003 | stage=posthoc_calibrator | train_total=2.892247 | train_forecast=2.892247 | train_confidence=0.000000 | train_risk=0.000000 | train_blend=0.000000 | val_total=2.865712 | val_mae=2.863251 | val_rmse=5.845121 | val_mape=7.968877 | val_confidence=0.000000 | val_risk=0.000000 | val_blend=0.000000 | batches=709/94 | seconds=126.55 | lr=[0.0005] | cuda_peak_mb=1470.0
[2026-09-15 15:10:39] INFO Val horizons | 15min_mae=2.552282 15min_rmse=4.981705 15min_mape=6.619451 | 30min_mae=2.895576 30min_rmse=5.897612 30min_mape=8.086174 | 60min_mae=3.315351 60min_rmse=6.876578 60min_mape=9.822503
[2026-09-15 15:12:45] INFO Epoch 004 | stage=posthoc_calibrator | train_total=2.885757 | train_forecast=2.885757 | train_confidence=0.000000 | train_risk=0.000000 | train_blend=0.000000 | val_total=2.862961 | val_mae=2.860363 | val_rmse=5.863943 | val_mape=8.076219 | val_confidence=0.000000 | val_risk=0.000000 | val_blend=0.000000 | batches=709/94 | seconds=126.02 | lr=[0.0005] | cuda_peak_mb=1470.0
[2026-09-15 15:12:45] INFO Val horizons | 15min_mae=2.547696 15min_rmse=4.987150 15min_mape=6.657564 | 30min_mae=2.889610 30min_rmse=5.908265 30min_mape=8.166577 | 60min_mae=3.311313 60min_rmse=6.910424 60min_mape=10.033699
[2026-09-15 15:12:45] INFO Checkpoint updated | epoch=4 | stage=posthoc_calibrator | best_val_mae=2.860363 | path=C:\Users\clw\projects\researchRep\STAnchor-BlockMemory\artifacts\paper_final_joint_context_offset_only_seed42\main_table\metrla\ours\argcn\downstream_best.pt
[2026-09-15 15:14:51] INFO Epoch 005 | stage=posthoc_calibrator | train_total=2.881170 | train_forecast=2.881170 | train_confidence=0.000000 | train_risk=0.000000 | train_blend=0.000000 | val_total=2.870482 | val_mae=2.868027 | val_rmse=5.842559 | val_mape=7.932483 | val_confidence=0.000000 | val_risk=0.000000 | val_blend=0.000000 | batches=709/94 | seconds=126.24 | lr=[0.0005] | cuda_peak_mb=1469.9
[2026-09-15 15:14:51] INFO Val horizons | 15min_mae=2.548964 15min_rmse=4.982838 15min_mape=6.627001 | 30min_mae=2.895893 30min_rmse=5.889774 30min_mape=8.069496 | 60min_mae=3.336929 60min_rmse=6.880206 60min_mape=9.697036
[2026-09-15 15:16:57] INFO Epoch 006 | stage=posthoc_calibrator | train_total=2.878874 | train_forecast=2.878874 | train_confidence=0.000000 | train_risk=0.000000 | train_blend=0.000000 | val_total=2.851872 | val_mae=2.849116 | val_rmse=5.854056 | val_mape=7.948680 | val_confidence=0.000000 | val_risk=0.000000 | val_blend=0.000000 | batches=709/94 | seconds=126.30 | lr=[0.0005] | cuda_peak_mb=1469.0
[2026-09-15 15:16:57] INFO Val horizons | 15min_mae=2.542522 15min_rmse=4.987974 15min_mape=6.612077 | 30min_mae=2.880459 30min_rmse=5.906136 30min_mape=8.061621 | 60min_mae=3.292248 60min_rmse=6.885556 60min_mape=9.777757
[2026-09-15 15:16:57] INFO Checkpoint updated | epoch=6 | stage=posthoc_calibrator | best_val_mae=2.849116 | path=C:\Users\clw\projects\researchRep\STAnchor-BlockMemory\artifacts\paper_final_joint_context_offset_only_seed42\main_table\metrla\ours\argcn\downstream_best.pt
[2026-09-15 15:19:03] INFO Epoch 007 | stage=posthoc_calibrator | train_total=2.876482 | train_forecast=2.876482 | train_confidence=0.000000 | train_risk=0.000000 | train_blend=0.000000 | val_total=2.856331 | val_mae=2.853604 | val_rmse=5.881920 | val_mape=8.101066 | val_confidence=0.000000 | val_risk=0.000000 | val_blend=0.000000 | batches=709/94 | seconds=126.01 | lr=[0.0005] | cuda_peak_mb=1470.0
[2026-09-15 15:19:03] INFO Val horizons | 15min_mae=2.546653 15min_rmse=4.993108 15min_mape=6.734812 | 30min_mae=2.887052 30min_rmse=5.937831 30min_mape=8.237932 | 60min_mae=3.295229 60min_rmse=6.925364 60min_mape=9.958629
[2026-09-15 15:21:09] INFO Epoch 008 | stage=posthoc_calibrator | train_total=2.873879 | train_forecast=2.873879 | train_confidence=0.000000 | train_risk=0.000000 | train_blend=0.000000 | val_total=2.864487 | val_mae=2.861874 | val_rmse=5.892015 | val_mape=7.971490 | val_confidence=0.000000 | val_risk=0.000000 | val_blend=0.000000 | batches=709/94 | seconds=125.96 | lr=[0.0005] | cuda_peak_mb=1470.0
[2026-09-15 15:21:09] INFO Val horizons | 15min_mae=2.545919 15min_rmse=4.987836 15min_mape=6.611918 | 30min_mae=2.896595 30min_rmse=5.948018 30min_mape=8.075774 | 60min_mae=3.311512 60min_rmse=6.942115 60min_mape=9.830883
[2026-09-15 15:23:15] INFO Epoch 009 | stage=posthoc_calibrator | train_total=2.872152 | train_forecast=2.872152 | train_confidence=0.000000 | train_risk=0.000000 | train_blend=0.000000 | val_total=2.854863 | val_mae=2.852262 | val_rmse=5.850952 | val_mape=7.998736 | val_confidence=0.000000 | val_risk=0.000000 | val_blend=0.000000 | batches=709/94 | seconds=125.54 | lr=[0.0005] | cuda_peak_mb=1469.0
[2026-09-15 15:23:15] INFO Val horizons | 15min_mae=2.539417 15min_rmse=4.976608 15min_mape=6.663714 | 30min_mae=2.882761 30min_rmse=5.904631 30min_mape=8.129521 | 60min_mae=3.305333 60min_rmse=6.885830 60min_mape=9.804566
[2026-09-15 15:25:21] INFO Epoch 010 | stage=posthoc_calibrator | train_total=2.871690 | train_forecast=2.871690 | train_confidence=0.000000 | train_risk=0.000000 | train_blend=0.000000 | val_total=2.855935 | val_mae=2.853217 | val_rmse=5.877247 | val_mape=8.054325 | val_confidence=0.000000 | val_risk=0.000000 | val_blend=0.000000 | batches=709/94 | seconds=125.99 | lr=[0.0005] | cuda_peak_mb=1470.0
[2026-09-15 15:25:21] INFO Val horizons | 15min_mae=2.538054 15min_rmse=4.984991 15min_mape=6.647618 | 30min_mae=2.885737 30min_rmse=5.927982 30min_mape=8.165477 | 60min_mae=3.301385 60min_rmse=6.919404 60min_mape=9.953168
[2026-09-15 15:27:30] INFO Epoch 011 | stage=posthoc_calibrator | train_total=2.865950 | train_forecast=2.865950 | train_confidence=0.000000 | train_risk=0.000000 | train_blend=0.000000 | val_total=2.857692 | val_mae=2.855104 | val_rmse=5.872155 | val_mape=8.053405 | val_confidence=0.000000 | val_risk=0.000000 | val_blend=0.000000 | batches=709/94 | seconds=129.29 | lr=[0.00025] | cuda_peak_mb=1470.0
[2026-09-15 15:27:30] INFO Val horizons | 15min_mae=2.538140 15min_rmse=4.975894 15min_mape=6.669849 | 30min_mae=2.886436 30min_rmse=5.920617 30min_mape=8.186703 | 60min_mae=3.308125 60min_rmse=6.921311 60min_mape=9.903507
[2026-09-15 15:29:38] INFO Epoch 012 | stage=posthoc_calibrator | train_total=2.865228 | train_forecast=2.865228 | train_confidence=0.000000 | train_risk=0.000000 | train_blend=0.000000 | val_total=2.850690 | val_mae=2.848120 | val_rmse=5.856880 | val_mape=7.927524 | val_confidence=0.000000 | val_risk=0.000000 | val_blend=0.000000 | batches=709/94 | seconds=127.89 | lr=[0.00025] | cuda_peak_mb=1469.0
[2026-09-15 15:29:38] INFO Val horizons | 15min_mae=2.532139 15min_rmse=4.973588 15min_mape=6.560098 | 30min_mae=2.878816 30min_rmse=5.906838 30min_mape=8.031681 | 60min_mae=3.299514 60min_rmse=6.899691 60min_mape=9.783784
[2026-09-15 15:29:38] INFO Checkpoint updated | epoch=12 | stage=posthoc_calibrator | best_val_mae=2.848120 | path=C:\Users\clw\projects\researchRep\STAnchor-BlockMemory\artifacts\paper_final_joint_context_offset_only_seed42\main_table\metrla\ours\argcn\downstream_best.pt
[2026-09-15 15:31:44] INFO Epoch 013 | stage=posthoc_calibrator | train_total=2.864609 | train_forecast=2.864609 | train_confidence=0.000000 | train_risk=0.000000 | train_blend=0.000000 | val_total=2.851511 | val_mae=2.848759 | val_rmse=5.873486 | val_mape=8.056633 | val_confidence=0.000000 | val_risk=0.000000 | val_blend=0.000000 | batches=709/94 | seconds=126.37 | lr=[0.00025] | cuda_peak_mb=1470.0
[2026-09-15 15:31:44] INFO Val horizons | 15min_mae=2.536671 15min_rmse=4.984865 15min_mape=6.684417 | 30min_mae=2.880791 30min_rmse=5.930501 30min_mape=8.178736 | 60min_mae=3.294493 60min_rmse=6.909972 60min_mape=9.917576
[2026-09-15 15:33:51] INFO Epoch 014 | stage=posthoc_calibrator | train_total=2.864282 | train_forecast=2.864282 | train_confidence=0.000000 | train_risk=0.000000 | train_blend=0.000000 | val_total=2.858612 | val_mae=2.856050 | val_rmse=5.888799 | val_mape=8.085192 | val_confidence=0.000000 | val_risk=0.000000 | val_blend=0.000000 | batches=709/94 | seconds=127.04 | lr=[0.00025] | cuda_peak_mb=1470.0
[2026-09-15 15:33:51] INFO Val horizons | 15min_mae=2.540905 15min_rmse=4.986338 15min_mape=6.707072 | 30min_mae=2.889901 30min_rmse=5.946797 30min_mape=8.229020 | 60min_mae=3.303880 60min_rmse=6.936828 60min_mape=9.935212
[2026-09-15 15:35:59] INFO Epoch 015 | stage=posthoc_calibrator | train_total=2.863939 | train_forecast=2.863939 | train_confidence=0.000000 | train_risk=0.000000 | train_blend=0.000000 | val_total=2.859767 | val_mae=2.857153 | val_rmse=5.861553 | val_mape=8.046828 | val_confidence=0.000000 | val_risk=0.000000 | val_blend=0.000000 | batches=709/94 | seconds=127.61 | lr=[0.00025] | cuda_peak_mb=1469.0
[2026-09-15 15:35:59] INFO Val horizons | 15min_mae=2.535949 15min_rmse=4.967371 15min_mape=6.628619 | 30min_mae=2.888463 30min_rmse=5.911592 30min_mape=8.157856 | 60min_mae=3.312593 60min_rmse=6.906882 60min_mape=9.959791
[2026-09-15 15:38:06] INFO Epoch 016 | stage=posthoc_calibrator | train_total=2.863125 | train_forecast=2.863125 | train_confidence=0.000000 | train_risk=0.000000 | train_blend=0.000000 | val_total=2.857611 | val_mae=2.854917 | val_rmse=5.891465 | val_mape=8.172817 | val_confidence=0.000000 | val_risk=0.000000 | val_blend=0.000000 | batches=709/94 | seconds=126.55 | lr=[0.00025] | cuda_peak_mb=1470.0
[2026-09-15 15:38:06] INFO Val horizons | 15min_mae=2.539483 15min_rmse=4.986537 15min_mape=6.725850 | 30min_mae=2.887037 30min_rmse=5.939904 30min_mape=8.289638 | 60min_mae=3.303025 60min_rmse=6.947759 60min_mape=10.122080
[2026-09-15 15:40:12] INFO Epoch 017 | stage=posthoc_calibrator | train_total=2.862596 | train_forecast=2.862596 | train_confidence=0.000000 | train_risk=0.000000 | train_blend=0.000000 | val_total=2.845549 | val_mae=2.842660 | val_rmse=5.861617 | val_mape=8.026256 | val_confidence=0.000000 | val_risk=0.000000 | val_blend=0.000000 | batches=709/94 | seconds=126.67 | lr=[0.00025] | cuda_peak_mb=1470.0
[2026-09-15 15:40:12] INFO Val horizons | 15min_mae=2.530347 15min_rmse=4.979535 15min_mape=6.651847 | 30min_mae=2.871872 30min_rmse=5.914482 30min_mape=8.148022 | 60min_mae=3.293179 60min_rmse=6.901083 60min_mape=9.884943
[2026-09-15 15:40:12] INFO Checkpoint updated | epoch=17 | stage=posthoc_calibrator | best_val_mae=2.842660 | path=C:\Users\clw\projects\researchRep\STAnchor-BlockMemory\artifacts\paper_final_joint_context_offset_only_seed42\main_table\metrla\ours\argcn\downstream_best.pt
[2026-09-15 15:42:19] INFO Epoch 018 | stage=posthoc_calibrator | train_total=2.862319 | train_forecast=2.862319 | train_confidence=0.000000 | train_risk=0.000000 | train_blend=0.000000 | val_total=2.852582 | val_mae=2.849889 | val_rmse=5.874016 | val_mape=8.038214 | val_confidence=0.000000 | val_risk=0.000000 | val_blend=0.000000 | batches=709/94 | seconds=126.65 | lr=[0.00025] | cuda_peak_mb=1469.0
[2026-09-15 15:42:19] INFO Val horizons | 15min_mae=2.536941 15min_rmse=4.987528 15min_mape=6.680338 | 30min_mae=2.881613 30min_rmse=5.929712 30min_mape=8.168500 | 60min_mae=3.295212 60min_rmse=6.909949 60min_mape=9.874065
[2026-09-15 15:44:26] INFO Epoch 019 | stage=posthoc_calibrator | train_total=2.861848 | train_forecast=2.861848 | train_confidence=0.000000 | train_risk=0.000000 | train_blend=0.000000 | val_total=2.860487 | val_mae=2.858007 | val_rmse=5.863575 | val_mape=8.030962 | val_confidence=0.000000 | val_risk=0.000000 | val_blend=0.000000 | batches=709/94 | seconds=127.22 | lr=[0.00025] | cuda_peak_mb=1470.0
[2026-09-15 15:44:26] INFO Val horizons | 15min_mae=2.539908 15min_rmse=4.970378 15min_mape=6.610916 | 30min_mae=2.889891 30min_rmse=5.910961 30min_mape=8.133950 | 60min_mae=3.313502 60min_rmse=6.918330 60min_mape=9.953232
[2026-09-15 15:46:33] INFO Epoch 020 | stage=posthoc_calibrator | train_total=2.861496 | train_forecast=2.861496 | train_confidence=0.000000 | train_risk=0.000000 | train_blend=0.000000 | val_total=2.859186 | val_mae=2.856676 | val_rmse=5.894386 | val_mape=8.038035 | val_confidence=0.000000 | val_risk=0.000000 | val_blend=0.000000 | batches=709/94 | seconds=126.58 | lr=[0.00025] | cuda_peak_mb=1470.0
[2026-09-15 15:46:33] INFO Val horizons | 15min_mae=2.532847 15min_rmse=4.984547 15min_mape=6.602593 | 30min_mae=2.885119 30min_rmse=5.944031 30min_mape=8.141273 | 60min_mae=3.318435 60min_rmse=6.951220 60min_mape=9.957599
[2026-09-15 15:48:40] INFO Epoch 021 | stage=posthoc_calibrator | train_total=2.858888 | train_forecast=2.858888 | train_confidence=0.000000 | train_risk=0.000000 | train_blend=0.000000 | val_total=2.857650 | val_mae=2.855119 | val_rmse=5.864186 | val_mape=7.994077 | val_confidence=0.000000 | val_risk=0.000000 | val_blend=0.000000 | batches=709/94 | seconds=126.83 | lr=[0.000125] | cuda_peak_mb=1469.0
[2026-09-15 15:48:40] INFO Val horizons | 15min_mae=2.534634 15min_rmse=4.967171 15min_mape=6.597407 | 30min_mae=2.885517 30min_rmse=5.914363 30min_mape=8.099506 | 60min_mae=3.311468 60min_rmse=6.914971 60min_mape=9.878095
[2026-09-15 15:50:46] INFO Epoch 022 | stage=posthoc_calibrator | train_total=2.858689 | train_forecast=2.858689 | train_confidence=0.000000 | train_risk=0.000000 | train_blend=0.000000 | val_total=2.849268 | val_mae=2.846681 | val_rmse=5.859997 | val_mape=7.954979 | val_confidence=0.000000 | val_risk=0.000000 | val_blend=0.000000 | batches=709/94 | seconds=126.59 | lr=[0.000125] | cuda_peak_mb=1470.0
[2026-09-15 15:50:46] INFO Val horizons | 15min_mae=2.528985 15min_rmse=4.971374 15min_mape=6.574832 | 30min_mae=2.876237 30min_rmse=5.913981 30min_mape=8.063409 | 60min_mae=3.300552 60min_rmse=6.902633 60min_mape=9.822742
[2026-09-15 15:52:53] INFO Epoch 023 | stage=posthoc_calibrator | train_total=2.858499 | train_forecast=2.858499 | train_confidence=0.000000 | train_risk=0.000000 | train_blend=0.000000 | val_total=2.852609 | val_mae=2.850008 | val_rmse=5.852768 | val_mape=7.995698 | val_confidence=0.000000 | val_risk=0.000000 | val_blend=0.000000 | batches=709/94 | seconds=126.79 | lr=[0.000125] | cuda_peak_mb=1470.0
[2026-09-15 15:52:53] INFO Val horizons | 15min_mae=2.532095 15min_rmse=4.962535 15min_mape=6.607603 | 30min_mae=2.880333 30min_rmse=5.905039 30min_mape=8.104638 | 60min_mae=3.301737 60min_rmse=6.892324 60min_mape=9.869382
[2026-09-15 15:55:00] INFO Epoch 024 | stage=posthoc_calibrator | train_total=2.858156 | train_forecast=2.858156 | train_confidence=0.000000 | train_risk=0.000000 | train_blend=0.000000 | val_total=2.852591 | val_mae=2.850056 | val_rmse=5.859291 | val_mape=7.959285 | val_confidence=0.000000 | val_risk=0.000000 | val_blend=0.000000 | batches=709/94 | seconds=126.73 | lr=[0.000125] | cuda_peak_mb=1469.0
[2026-09-15 15:55:00] INFO Val horizons | 15min_mae=2.530399 15min_rmse=4.965282 15min_mape=6.571993 | 30min_mae=2.879582 30min_rmse=5.907832 30min_mape=8.054212 | 60min_mae=3.305670 60min_rmse=6.909793 60min_mape=9.846657
[2026-09-15 15:57:07] INFO Epoch 025 | stage=posthoc_calibrator | train_total=2.857976 | train_forecast=2.857976 | train_confidence=0.000000 | train_risk=0.000000 | train_blend=0.000000 | val_total=2.848821 | val_mae=2.846244 | val_rmse=5.867745 | val_mape=7.991990 | val_confidence=0.000000 | val_risk=0.000000 | val_blend=0.000000 | batches=709/94 | seconds=127.06 | lr=[0.000125] | cuda_peak_mb=1470.0
[2026-09-15 15:57:07] INFO Val horizons | 15min_mae=2.529917 15min_rmse=4.966755 15min_mape=6.608981 | 30min_mae=2.875499 30min_rmse=5.917524 30min_mape=8.088025 | 60min_mae=3.298081 60min_rmse=6.919310 60min_mape=9.882999
[2026-09-15 15:59:13] INFO Epoch 026 | stage=posthoc_calibrator | train_total=2.857722 | train_forecast=2.857722 | train_confidence=0.000000 | train_risk=0.000000 | train_blend=0.000000 | val_total=2.858453 | val_mae=2.856052 | val_rmse=5.868111 | val_mape=7.977903 | val_confidence=0.000000 | val_risk=0.000000 | val_blend=0.000000 | batches=709/94 | seconds=126.03 | lr=[0.000125] | cuda_peak_mb=1470.0
[2026-09-15 15:59:13] INFO Val horizons | 15min_mae=2.535486 15min_rmse=4.965441 15min_mape=6.597995 | 30min_mae=2.887182 30min_rmse=5.918194 30min_mape=8.069047 | 60min_mae=3.311196 60min_rmse=6.919305 60min_mape=9.862430
[2026-09-15 16:01:18] INFO Epoch 027 | stage=posthoc_calibrator | train_total=2.857285 | train_forecast=2.857285 | train_confidence=0.000000 | train_risk=0.000000 | train_blend=0.000000 | val_total=2.847613 | val_mae=2.845004 | val_rmse=5.854929 | val_mape=7.957242 | val_confidence=0.000000 | val_risk=0.000000 | val_blend=0.000000 | batches=709/94 | seconds=124.92 | lr=[0.000125] | cuda_peak_mb=1469.0
[2026-09-15 16:01:18] INFO Val horizons | 15min_mae=2.529279 15min_rmse=4.967143 15min_mape=6.606258 | 30min_mae=2.873918 30min_rmse=5.908042 30min_mape=8.061274 | 60min_mae=3.297734 60min_rmse=6.898405 60min_mape=9.808050
[2026-09-15 16:03:23] INFO Epoch 028 | stage=posthoc_calibrator | train_total=2.857206 | train_forecast=2.857206 | train_confidence=0.000000 | train_risk=0.000000 | train_blend=0.000000 | val_total=2.852948 | val_mae=2.850374 | val_rmse=5.865645 | val_mape=7.965094 | val_confidence=0.000000 | val_risk=0.000000 | val_blend=0.000000 | batches=709/94 | seconds=125.49 | lr=[0.000125] | cuda_peak_mb=1470.0
[2026-09-15 16:03:23] INFO Val horizons | 15min_mae=2.529997 15min_rmse=4.965662 15min_mape=6.563296 | 30min_mae=2.878959 30min_rmse=5.911037 30min_mape=8.048260 | 60min_mae=3.309275 60min_rmse=6.927608 60min_mape=9.887658
[2026-09-15 16:05:29] INFO Epoch 029 | stage=posthoc_calibrator | train_total=2.856939 | train_forecast=2.856939 | train_confidence=0.000000 | train_risk=0.000000 | train_blend=0.000000 | val_total=2.852828 | val_mae=2.850156 | val_rmse=5.862140 | val_mape=8.045682 | val_confidence=0.000000 | val_risk=0.000000 | val_blend=0.000000 | batches=709/94 | seconds=125.86 | lr=[0.000125] | cuda_peak_mb=1470.0
[2026-09-15 16:05:29] INFO Val horizons | 15min_mae=2.532378 15min_rmse=4.970105 15min_mape=6.670969 | 30min_mae=2.878984 30min_rmse=5.913542 30min_mape=8.164286 | 60min_mae=3.305538 60min_rmse=6.906738 60min_mape=9.909299
[2026-09-15 16:07:35] INFO Epoch 030 | stage=posthoc_calibrator | train_total=2.856501 | train_forecast=2.856501 | train_confidence=0.000000 | train_risk=0.000000 | train_blend=0.000000 | val_total=2.843570 | val_mae=2.840765 | val_rmse=5.864042 | val_mape=8.007337 | val_confidence=0.000000 | val_risk=0.000000 | val_blend=0.000000 | batches=709/94 | seconds=125.96 | lr=[0.000125] | cuda_peak_mb=1469.0
[2026-09-15 16:07:35] INFO Val horizons | 15min_mae=2.528057 15min_rmse=4.970392 15min_mape=6.608097 | 30min_mae=2.870287 30min_rmse=5.915324 30min_mape=8.094947 | 60min_mae=3.289129 60min_rmse=6.909596 60min_mape=9.923748
[2026-09-15 16:07:35] INFO Checkpoint updated | epoch=30 | stage=posthoc_calibrator | best_val_mae=2.840765 | path=C:\Users\clw\projects\researchRep\STAnchor-BlockMemory\artifacts\paper_final_joint_context_offset_only_seed42\main_table\metrla\ours\argcn\downstream_best.pt
[2026-09-15 16:09:41] INFO Epoch 031 | stage=posthoc_calibrator | train_total=2.855335 | train_forecast=2.855335 | train_confidence=0.000000 | train_risk=0.000000 | train_blend=0.000000 | val_total=2.857588 | val_mae=2.855016 | val_rmse=5.872835 | val_mape=8.062444 | val_confidence=0.000000 | val_risk=0.000000 | val_blend=0.000000 | batches=709/94 | seconds=125.81 | lr=[6.25e-05] | cuda_peak_mb=1470.0
[2026-09-15 16:09:41] INFO Val horizons | 15min_mae=2.535556 15min_rmse=4.969515 15min_mape=6.676744 | 30min_mae=2.885200 30min_rmse=5.923660 30min_mape=8.180006 | 60min_mae=3.310455 60min_rmse=6.924564 60min_mape=9.929841
[2026-09-15 16:11:47] INFO Epoch 032 | stage=posthoc_calibrator | train_total=2.855059 | train_forecast=2.855059 | train_confidence=0.000000 | train_risk=0.000000 | train_blend=0.000000 | val_total=2.857927 | val_mae=2.855427 | val_rmse=5.880746 | val_mape=8.021998 | val_confidence=0.000000 | val_risk=0.000000 | val_blend=0.000000 | batches=709/94 | seconds=126.27 | lr=[6.25e-05] | cuda_peak_mb=1470.0
[2026-09-15 16:11:47] INFO Val horizons | 15min_mae=2.532298 15min_rmse=4.968117 15min_mape=6.616948 | 30min_mae=2.884624 30min_rmse=5.930821 30min_mape=8.129582 | 60min_mae=3.313357 60min_rmse=6.937275 60min_mape=9.916948
[2026-09-15 16:13:53] INFO Epoch 033 | stage=posthoc_calibrator | train_total=2.855006 | train_forecast=2.855006 | train_confidence=0.000000 | train_risk=0.000000 | train_blend=0.000000 | val_total=2.851816 | val_mae=2.849259 | val_rmse=5.859176 | val_mape=7.968605 | val_confidence=0.000000 | val_risk=0.000000 | val_blend=0.000000 | batches=709/94 | seconds=125.94 | lr=[6.25e-05] | cuda_peak_mb=1469.0
[2026-09-15 16:13:53] INFO Val horizons | 15min_mae=2.529610 15min_rmse=4.960711 15min_mape=6.591968 | 30min_mae=2.877500 30min_rmse=5.906397 30min_mape=8.057236 | 60min_mae=3.305284 60min_rmse=6.913175 60min_mape=9.864825
[2026-09-15 16:15:59] INFO Epoch 034 | stage=posthoc_calibrator | train_total=2.854667 | train_forecast=2.854667 | train_confidence=0.000000 | train_risk=0.000000 | train_blend=0.000000 | val_total=2.847121 | val_mae=2.844481 | val_rmse=5.860157 | val_mape=7.988390 | val_confidence=0.000000 | val_risk=0.000000 | val_blend=0.000000 | batches=709/94 | seconds=125.74 | lr=[6.25e-05] | cuda_peak_mb=1470.0
[2026-09-15 16:15:59] INFO Val horizons | 15min_mae=2.527959 15min_rmse=4.963243 15min_mape=6.606366 | 30min_mae=2.874086 30min_rmse=5.908585 30min_mape=8.090511 | 60min_mae=3.296438 60min_rmse=6.912207 60min_mape=9.874635
[2026-09-15 16:18:05] INFO Epoch 035 | stage=posthoc_calibrator | train_total=2.854638 | train_forecast=2.854638 | train_confidence=0.000000 | train_risk=0.000000 | train_blend=0.000000 | val_total=2.850210 | val_mae=2.847614 | val_rmse=5.861373 | val_mape=7.999136 | val_confidence=0.000000 | val_risk=0.000000 | val_blend=0.000000 | batches=709/94 | seconds=126.02 | lr=[6.25e-05] | cuda_peak_mb=1470.0
[2026-09-15 16:18:05] INFO Val horizons | 15min_mae=2.528509 15min_rmse=4.964652 15min_mape=6.621910 | 30min_mae=2.875294 30min_rmse=5.907891 30min_mape=8.096560 | 60min_mae=3.303812 60min_rmse=6.912402 60min_mape=9.880301
[2026-09-15 16:20:12] INFO Epoch 036 | stage=posthoc_calibrator | train_total=2.854390 | train_forecast=2.854390 | train_confidence=0.000000 | train_risk=0.000000 | train_blend=0.000000 | val_total=2.856890 | val_mae=2.854332 | val_rmse=5.873180 | val_mape=8.057144 | val_confidence=0.000000 | val_risk=0.000000 | val_blend=0.000000 | batches=709/94 | seconds=127.57 | lr=[6.25e-05] | cuda_peak_mb=1469.0
[2026-09-15 16:20:12] INFO Val horizons | 15min_mae=2.533845 15min_rmse=4.966321 15min_mape=6.648987 | 30min_mae=2.884294 30min_rmse=5.921797 30min_mape=8.158273 | 60min_mae=3.310392 60min_rmse=6.926445 60min_mape=9.965617
[2026-09-15 16:22:18] INFO Epoch 037 | stage=posthoc_calibrator | train_total=2.854567 | train_forecast=2.854567 | train_confidence=0.000000 | train_risk=0.000000 | train_blend=0.000000 | val_total=2.856829 | val_mae=2.854385 | val_rmse=5.879112 | val_mape=8.005736 | val_confidence=0.000000 | val_risk=0.000000 | val_blend=0.000000 | batches=709/94 | seconds=125.64 | lr=[6.25e-05] | cuda_peak_mb=1470.0
[2026-09-15 16:22:18] INFO Val horizons | 15min_mae=2.531650 15min_rmse=4.968019 15min_mape=6.604497 | 30min_mae=2.883997 30min_rmse=5.926690 30min_mape=8.096304 | 60min_mae=3.313170 60min_rmse=6.940604 60min_mape=9.923299
[2026-09-15 16:24:24] INFO Epoch 038 | stage=posthoc_calibrator | train_total=2.854417 | train_forecast=2.854417 | train_confidence=0.000000 | train_risk=0.000000 | train_blend=0.000000 | val_total=2.858028 | val_mae=2.855529 | val_rmse=5.876719 | val_mape=8.034205 | val_confidence=0.000000 | val_risk=0.000000 | val_blend=0.000000 | batches=709/94 | seconds=125.96 | lr=[6.25e-05] | cuda_peak_mb=1470.0
[2026-09-15 16:24:24] INFO Val horizons | 15min_mae=2.532760 15min_rmse=4.964854 15min_mape=6.634474 | 30min_mae=2.884733 30min_rmse=5.924642 30min_mape=8.130924 | 60min_mae=3.315114 60min_rmse=6.938564 60min_mape=9.946074
[2026-09-15 16:26:30] INFO Epoch 039 | stage=posthoc_calibrator | train_total=2.853997 | train_forecast=2.853997 | train_confidence=0.000000 | train_risk=0.000000 | train_blend=0.000000 | val_total=2.846478 | val_mae=2.843827 | val_rmse=5.857545 | val_mape=7.985224 | val_confidence=0.000000 | val_risk=0.000000 | val_blend=0.000000 | batches=709/94 | seconds=126.32 | lr=[6.25e-05] | cuda_peak_mb=1469.0
[2026-09-15 16:26:30] INFO Val horizons | 15min_mae=2.527625 15min_rmse=4.963158 15min_mape=6.605866 | 30min_mae=2.872932 30min_rmse=5.908011 30min_mape=8.080079 | 60min_mae=3.295710 60min_rmse=6.903254 60min_mape=9.874842
[2026-09-15 16:28:36] INFO Epoch 040 | stage=posthoc_calibrator | train_total=2.853742 | train_forecast=2.853742 | train_confidence=0.000000 | train_risk=0.000000 | train_blend=0.000000 | val_total=2.847153 | val_mae=2.844474 | val_rmse=5.862931 | val_mape=7.991496 | val_confidence=0.000000 | val_risk=0.000000 | val_blend=0.000000 | batches=709/94 | seconds=126.10 | lr=[6.25e-05] | cuda_peak_mb=1470.0
[2026-09-15 16:28:36] INFO Val horizons | 15min_mae=2.527402 15min_rmse=4.965051 15min_mape=6.591459 | 30min_mae=2.872504 30min_rmse=5.908034 30min_mape=8.070316 | 60min_mae=3.298285 60min_rmse=6.918560 60min_mape=9.922156
[2026-09-15 16:30:42] INFO Epoch 041 | stage=posthoc_calibrator | train_total=2.852695 | train_forecast=2.852695 | train_confidence=0.000000 | train_risk=0.000000 | train_blend=0.000000 | val_total=2.848857 | val_mae=2.846264 | val_rmse=5.867595 | val_mape=8.004019 | val_confidence=0.000000 | val_risk=0.000000 | val_blend=0.000000 | batches=709/94 | seconds=125.84 | lr=[3.125e-05] | cuda_peak_mb=1470.0
[2026-09-15 16:30:42] INFO Val horizons | 15min_mae=2.527725 15min_rmse=4.963423 15min_mape=6.599643 | 30min_mae=2.875262 30min_rmse=5.915506 30min_mape=8.094611 | 60min_mae=3.300746 60min_rmse=6.923137 60min_mape=9.919841
[2026-09-15 16:32:48] INFO Epoch 042 | stage=posthoc_calibrator | train_total=2.852895 | train_forecast=2.852895 | train_confidence=0.000000 | train_risk=0.000000 | train_blend=0.000000 | val_total=2.849045 | val_mae=2.846505 | val_rmse=5.859388 | val_mape=7.992504 | val_confidence=0.000000 | val_risk=0.000000 | val_blend=0.000000 | batches=709/94 | seconds=125.92 | lr=[3.125e-05] | cuda_peak_mb=1469.0
[2026-09-15 16:32:48] INFO Val horizons | 15min_mae=2.529416 15min_rmse=4.963467 15min_mape=6.605404 | 30min_mae=2.876468 30min_rmse=5.909135 30min_mape=8.087898 | 60min_mae=3.299321 60min_rmse=6.911424 60min_mape=9.896662
[2026-09-15 16:34:54] INFO Epoch 043 | stage=posthoc_calibrator | train_total=2.852715 | train_forecast=2.852715 | train_confidence=0.000000 | train_risk=0.000000 | train_blend=0.000000 | val_total=2.844839 | val_mae=2.842154 | val_rmse=5.859046 | val_mape=7.996591 | val_confidence=0.000000 | val_risk=0.000000 | val_blend=0.000000 | batches=709/94 | seconds=125.83 | lr=[3.125e-05] | cuda_peak_mb=1470.0
[2026-09-15 16:34:54] INFO Val horizons | 15min_mae=2.526315 15min_rmse=4.962343 15min_mape=6.599065 | 30min_mae=2.871096 30min_rmse=5.907186 30min_mape=8.086610 | 60min_mae=3.293951 60min_rmse=6.909556 60min_mape=9.910397
[2026-09-15 16:37:00] INFO Epoch 044 | stage=posthoc_calibrator | train_total=2.853004 | train_forecast=2.853004 | train_confidence=0.000000 | train_risk=0.000000 | train_blend=0.000000 | val_total=2.848368 | val_mae=2.845733 | val_rmse=5.862878 | val_mape=8.000010 | val_confidence=0.000000 | val_risk=0.000000 | val_blend=0.000000 | batches=709/94 | seconds=125.88 | lr=[3.125e-05] | cuda_peak_mb=1470.0
[2026-09-15 16:37:00] INFO Val horizons | 15min_mae=2.527446 15min_rmse=4.962517 15min_mape=6.615103 | 30min_mae=2.873575 30min_rmse=5.909766 30min_mape=8.096903 | 60min_mae=3.301328 60min_rmse=6.917454 60min_mape=9.894256
[2026-09-15 16:39:06] INFO Epoch 045 | stage=posthoc_calibrator | train_total=2.852827 | train_forecast=2.852827 | train_confidence=0.000000 | train_risk=0.000000 | train_blend=0.000000 | val_total=2.853644 | val_mae=2.851164 | val_rmse=5.873940 | val_mape=8.001439 | val_confidence=0.000000 | val_risk=0.000000 | val_blend=0.000000 | batches=709/94 | seconds=125.86 | lr=[3.125e-05] | cuda_peak_mb=1469.0
[2026-09-15 16:39:06] INFO Val horizons | 15min_mae=2.529524 15min_rmse=4.963507 15min_mape=6.606061 | 30min_mae=2.879237 30min_rmse=5.920295 30min_mape=8.093441 | 60min_mae=3.310951 60min_rmse=6.936305 60min_mape=9.909624
[2026-09-15 16:41:11] INFO Epoch 046 | stage=posthoc_calibrator | train_total=2.852779 | train_forecast=2.852779 | train_confidence=0.000000 | train_risk=0.000000 | train_blend=0.000000 | val_total=2.847098 | val_mae=2.844544 | val_rmse=5.851832 | val_mape=7.963024 | val_confidence=0.000000 | val_risk=0.000000 | val_blend=0.000000 | batches=709/94 | seconds=125.70 | lr=[3.125e-05] | cuda_peak_mb=1470.0
[2026-09-15 16:41:11] INFO Val horizons | 15min_mae=2.527776 15min_rmse=4.959220 15min_mape=6.580603 | 30min_mae=2.874497 30min_rmse=5.902745 30min_mape=8.056940 | 60min_mae=3.296546 60min_rmse=6.897997 60min_mape=9.852169
[2026-09-15 16:43:18] INFO Epoch 047 | stage=posthoc_calibrator | train_total=2.852211 | train_forecast=2.852211 | train_confidence=0.000000 | train_risk=0.000000 | train_blend=0.000000 | val_total=2.847250 | val_mae=2.844663 | val_rmse=5.858277 | val_mape=7.989545 | val_confidence=0.000000 | val_risk=0.000000 | val_blend=0.000000 | batches=709/94 | seconds=126.44 | lr=[3.125e-05] | cuda_peak_mb=1470.0
[2026-09-15 16:43:18] INFO Val horizons | 15min_mae=2.526691 15min_rmse=4.959102 15min_mape=6.599478 | 30min_mae=2.873311 30min_rmse=5.906685 30min_mape=8.086333 | 60min_mae=3.298930 60min_rmse=6.908958 60min_mape=9.883410
[2026-09-15 16:45:24] INFO Epoch 048 | stage=posthoc_calibrator | train_total=2.852558 | train_forecast=2.852558 | train_confidence=0.000000 | train_risk=0.000000 | train_blend=0.000000 | val_total=2.855287 | val_mae=2.852821 | val_rmse=5.859908 | val_mape=7.971887 | val_confidence=0.000000 | val_risk=0.000000 | val_blend=0.000000 | batches=709/94 | seconds=125.84 | lr=[3.125e-05] | cuda_peak_mb=1469.0
[2026-09-15 16:45:24] INFO Val horizons | 15min_mae=2.529645 15min_rmse=4.959152 15min_mape=6.591295 | 30min_mae=2.881037 30min_rmse=5.908863 30min_mape=8.067091 | 60min_mae=3.314240 60min_rmse=6.913578 60min_mape=9.858681
[2026-09-15 16:47:32] INFO Epoch 049 | stage=posthoc_calibrator | train_total=2.852637 | train_forecast=2.852637 | train_confidence=0.000000 | train_risk=0.000000 | train_blend=0.000000 | val_total=2.847085 | val_mae=2.844447 | val_rmse=5.854209 | val_mape=7.991699 | val_confidence=0.000000 | val_risk=0.000000 | val_blend=0.000000 | batches=709/94 | seconds=128.65 | lr=[3.125e-05] | cuda_peak_mb=1470.0
[2026-09-15 16:47:32] INFO Val horizons | 15min_mae=2.527666 15min_rmse=4.957403 15min_mape=6.605153 | 30min_mae=2.873856 30min_rmse=5.904248 30min_mape=8.089860 | 60min_mae=3.296091 60min_rmse=6.900583 60min_mape=9.884243
[2026-09-15 16:49:40] INFO Epoch 050 | stage=posthoc_calibrator | train_total=2.852161 | train_forecast=2.852161 | train_confidence=0.000000 | train_risk=0.000000 | train_blend=0.000000 | val_total=2.849853 | val_mae=2.847321 | val_rmse=5.855398 | val_mape=7.979497 | val_confidence=0.000000 | val_risk=0.000000 | val_blend=0.000000 | batches=709/94 | seconds=127.22 | lr=[3.125e-05] | cuda_peak_mb=1470.0
[2026-09-15 16:49:40] INFO Val horizons | 15min_mae=2.527959 15min_rmse=4.958450 15min_mape=6.604011 | 30min_mae=2.875603 30min_rmse=5.903756 30min_mape=8.076115 | 60min_mae=3.304141 60min_rmse=6.905132 60min_mape=9.856818
[2026-09-15 16:49:40] INFO Downstream training finished | best_val_mae=2.840765 | checkpoint=C:\Users\clw\projects\researchRep\STAnchor-BlockMemory\artifacts\paper_final_joint_context_offset_only_seed42\main_table\metrla\ours\argcn\downstream_best.pt
