[2026-09-11 07:09:23] INFO Downstream start | run=convergence/formal_20260910_trained_router_st_norm_seed42 | device=cuda:0 (requested=cuda:0) | seed=42 | output=C:\Users\clw\projects\researchRep\STAnchor-BlockMemory\artifacts\convergence\formal_20260910_trained_router_st_norm_seed42
[2026-09-11 07:09:23] INFO Mode | downstream_mode=learned_topk_error_aware | training_protocol=posthoc_frozen_base | candidate_protocol=weekday_radius1_overlap | candidate_ranking=learned_key
[2026-09-11 07:09:23] INFO Downstream initialization | seed=42 | state_hash=64961600d7f92c5e
[2026-09-11 07:09:23] INFO Frozen base | checkpoint=C:\Users\clw\projects\researchRep\STAnchor-BlockMemory\artifacts\convergence\formal_20260910_baseonly_st_norm_seed42\downstream_best.pt | fingerprint=f86786cb3485fb10
[2026-09-11 07:09:23] INFO Data | steps=34272 | nodes=207 | channels=1 | training_scope=full_train | memory/post_memory/train_selected/val/test=15876/6805/22681/2993/6025
[2026-09-11 07:09:23] INFO Bank/retrieval | dataset=metrla_trained_queue | events=15876 | nodes=207 | retrieval_dim=64 | event_top_r=32 | node_top_k=12 | key_dtype=float16
[2026-09-11 07:09:23] INFO Frozen path cache | enabled=yes | candidate_ranking=learned_key | fill=first_epoch
[2026-09-11 07:09:23] INFO Parameters | downstream_total=921,686 | downstream_trainable=879,693 | backbone=0 | confidence_head=0 | fusion=0 | frozen_pretrained=958,704
[2026-09-11 07:09:23] INFO Optimization | epochs=50 | batch_size=32 | optimizer=adam | lr=0.0005 | weight_decay=0.0001 | scheduler=step_lr | step_size=10 | gamma=0.500 | confidence_weight=0.000 | patience=20 | early_stopping=disabled
[2026-09-11 07:09:25] INFO Stage start | stage=posthoc_calibrator | epochs=50 | optimizer_lrs=[0.0005]
[2026-09-11 07:15:03] INFO Epoch 001 | stage=posthoc_calibrator | train_total=2.952524 | train_forecast=2.952524 | train_confidence=0.000000 | train_risk=0.000000 | train_blend=0.000000 | val_total=2.895411 | val_mae=2.891911 | val_rmse=5.879021 | val_mape=8.108714 | val_confidence=0.000000 | val_risk=0.000000 | val_blend=0.000000 | batches=709/94 | seconds=337.87 | lr=[0.0005] | cuda_peak_mb=3484.5
[2026-09-11 07:15:03] INFO Val horizons | 15min_mae=2.604008 15min_rmse=4.970880 15min_mape=6.884517 | 30min_mae=2.919804 30min_rmse=5.868720 30min_mape=8.201064 | 60min_mae=3.313886 60min_rmse=6.991133 60min_mape=9.890213
[2026-09-11 07:15:03] INFO Checkpoint updated | epoch=1 | stage=posthoc_calibrator | best_val_mae=2.891911 | path=C:\Users\clw\projects\researchRep\STAnchor-BlockMemory\artifacts\convergence\formal_20260910_trained_router_st_norm_seed42\downstream_best.pt
[2026-09-11 07:16:06] INFO Epoch 002 | stage=posthoc_calibrator | train_total=2.916665 | train_forecast=2.916665 | train_confidence=0.000000 | train_risk=0.000000 | train_blend=0.000000 | val_total=2.879507 | val_mae=2.875784 | val_rmse=5.863267 | val_mape=8.094763 | val_confidence=0.000000 | val_risk=0.000000 | val_blend=0.000000 | batches=709/94 | seconds=63.66 | lr=[0.0005] | cuda_peak_mb=1421.0
[2026-09-11 07:16:06] INFO Val horizons | 15min_mae=2.592197 15min_rmse=4.969951 15min_mape=6.853614 | 30min_mae=2.912180 30min_rmse=5.871957 30min_mape=8.195959 | 60min_mae=3.289059 60min_rmse=6.954503 60min_mape=9.863060
[2026-09-11 07:16:06] INFO Checkpoint updated | epoch=2 | stage=posthoc_calibrator | best_val_mae=2.875784 | path=C:\Users\clw\projects\researchRep\STAnchor-BlockMemory\artifacts\convergence\formal_20260910_trained_router_st_norm_seed42\downstream_best.pt
[2026-09-11 07:17:10] INFO Epoch 003 | stage=posthoc_calibrator | train_total=2.906130 | train_forecast=2.906130 | train_confidence=0.000000 | train_risk=0.000000 | train_blend=0.000000 | val_total=2.872325 | val_mae=2.868499 | val_rmse=5.813857 | val_mape=8.024771 | val_confidence=0.000000 | val_risk=0.000000 | val_blend=0.000000 | batches=709/94 | seconds=63.65 | lr=[0.0005] | cuda_peak_mb=1420.7
[2026-09-11 07:17:10] INFO Val horizons | 15min_mae=2.586568 15min_rmse=4.956595 15min_mape=6.831374 | 30min_mae=2.901703 30min_rmse=5.834686 30min_mape=8.140301 | 60min_mae=3.286312 60min_rmse=6.871789 60min_mape=9.727084
[2026-09-11 07:17:10] INFO Checkpoint updated | epoch=3 | stage=posthoc_calibrator | best_val_mae=2.868499 | path=C:\Users\clw\projects\researchRep\STAnchor-BlockMemory\artifacts\convergence\formal_20260910_trained_router_st_norm_seed42\downstream_best.pt
[2026-09-11 07:18:14] INFO Epoch 004 | stage=posthoc_calibrator | train_total=2.901264 | train_forecast=2.901264 | train_confidence=0.000000 | train_risk=0.000000 | train_blend=0.000000 | val_total=2.853447 | val_mae=2.849201 | val_rmse=5.826686 | val_mape=8.078852 | val_confidence=0.000000 | val_risk=0.000000 | val_blend=0.000000 | batches=709/94 | seconds=63.66 | lr=[0.0005] | cuda_peak_mb=1420.4
[2026-09-11 07:18:14] INFO Val horizons | 15min_mae=2.572063 15min_rmse=4.962710 15min_mape=6.792288 | 30min_mae=2.884799 30min_rmse=5.844268 30min_mape=8.161911 | 60min_mae=3.251707 60min_rmse=6.888202 60min_mape=9.879526
[2026-09-11 07:18:14] INFO Checkpoint updated | epoch=4 | stage=posthoc_calibrator | best_val_mae=2.849201 | path=C:\Users\clw\projects\researchRep\STAnchor-BlockMemory\artifacts\convergence\formal_20260910_trained_router_st_norm_seed42\downstream_best.pt
[2026-09-11 07:19:17] INFO Epoch 005 | stage=posthoc_calibrator | train_total=2.897258 | train_forecast=2.897258 | train_confidence=0.000000 | train_risk=0.000000 | train_blend=0.000000 | val_total=2.869493 | val_mae=2.865858 | val_rmse=5.828623 | val_mape=7.907424 | val_confidence=0.000000 | val_risk=0.000000 | val_blend=0.000000 | batches=709/94 | seconds=63.55 | lr=[0.0005] | cuda_peak_mb=1419.4
[2026-09-11 07:19:17] INFO Val horizons | 15min_mae=2.577549 15min_rmse=4.961623 15min_mape=6.712042 | 30min_mae=2.897492 30min_rmse=5.833253 30min_mape=7.981063 | 60min_mae=3.288436 60min_rmse=6.916174 60min_mape=9.625273
[2026-09-11 07:20:21] INFO Epoch 006 | stage=posthoc_calibrator | train_total=2.894042 | train_forecast=2.894042 | train_confidence=0.000000 | train_risk=0.000000 | train_blend=0.000000 | val_total=2.872239 | val_mae=2.868504 | val_rmse=5.900436 | val_mape=8.044948 | val_confidence=0.000000 | val_risk=0.000000 | val_blend=0.000000 | batches=709/94 | seconds=63.68 | lr=[0.0005] | cuda_peak_mb=1419.8
[2026-09-11 07:20:21] INFO Val horizons | 15min_mae=2.580725 15min_rmse=4.999026 15min_mape=6.834740 | 30min_mae=2.901827 30min_rmse=5.912174 30min_mape=8.151339 | 60min_mae=3.287225 60min_rmse=7.000964 60min_mape=9.777590
[2026-09-11 07:21:25] INFO Epoch 007 | stage=posthoc_calibrator | train_total=2.891542 | train_forecast=2.891542 | train_confidence=0.000000 | train_risk=0.000000 | train_blend=0.000000 | val_total=2.865938 | val_mae=2.862200 | val_rmse=5.844277 | val_mape=7.968427 | val_confidence=0.000000 | val_risk=0.000000 | val_blend=0.000000 | batches=709/94 | seconds=63.60 | lr=[0.0005] | cuda_peak_mb=1421.0
[2026-09-11 07:21:25] INFO Val horizons | 15min_mae=2.568610 15min_rmse=4.948642 15min_mape=6.738567 | 30min_mae=2.891028 30min_rmse=5.841045 30min_mape=8.062924 | 60min_mae=3.293990 60min_rmse=6.955929 60min_mape=9.664700
[2026-09-11 07:22:28] INFO Epoch 008 | stage=posthoc_calibrator | train_total=2.889574 | train_forecast=2.889574 | train_confidence=0.000000 | train_risk=0.000000 | train_blend=0.000000 | val_total=2.871280 | val_mae=2.867454 | val_rmse=5.877486 | val_mape=8.242865 | val_confidence=0.000000 | val_risk=0.000000 | val_blend=0.000000 | batches=709/94 | seconds=63.67 | lr=[0.0005] | cuda_peak_mb=1420.1
[2026-09-11 07:22:28] INFO Val horizons | 15min_mae=2.575093 15min_rmse=4.971641 15min_mape=6.882879 | 30min_mae=2.901362 30min_rmse=5.889654 30min_mape=8.351726 | 60min_mae=3.283526 60min_rmse=6.963925 60min_mape=10.051979
[2026-09-11 07:23:32] INFO Epoch 009 | stage=posthoc_calibrator | train_total=2.888127 | train_forecast=2.888127 | train_confidence=0.000000 | train_risk=0.000000 | train_blend=0.000000 | val_total=2.865320 | val_mae=2.861536 | val_rmse=5.855548 | val_mape=7.933145 | val_confidence=0.000000 | val_risk=0.000000 | val_blend=0.000000 | batches=709/94 | seconds=63.76 | lr=[0.0005] | cuda_peak_mb=1419.2
[2026-09-11 07:23:32] INFO Val horizons | 15min_mae=2.566805 15min_rmse=4.946691 15min_mape=6.654195 | 30min_mae=2.890359 30min_rmse=5.850794 30min_mape=8.007470 | 60min_mae=3.290802 60min_rmse=6.976845 60min_mape=9.734188
[2026-09-11 07:24:36] INFO Epoch 010 | stage=posthoc_calibrator | train_total=2.886342 | train_forecast=2.886342 | train_confidence=0.000000 | train_risk=0.000000 | train_blend=0.000000 | val_total=2.863770 | val_mae=2.859734 | val_rmse=5.885539 | val_mape=8.100418 | val_confidence=0.000000 | val_risk=0.000000 | val_blend=0.000000 | batches=709/94 | seconds=63.67 | lr=[0.0005] | cuda_peak_mb=1420.1
[2026-09-11 07:24:36] INFO Val horizons | 15min_mae=2.565143 15min_rmse=4.964172 15min_mape=6.750893 | 30min_mae=2.892115 30min_rmse=5.899429 30min_mape=8.228317 | 60min_mae=3.277244 60min_rmse=6.982158 60min_mape=9.873898
[2026-09-11 07:25:39] INFO Epoch 011 | stage=posthoc_calibrator | train_total=2.881444 | train_forecast=2.881444 | train_confidence=0.000000 | train_risk=0.000000 | train_blend=0.000000 | val_total=2.861337 | val_mae=2.857480 | val_rmse=5.841151 | val_mape=8.008596 | val_confidence=0.000000 | val_risk=0.000000 | val_blend=0.000000 | batches=709/94 | seconds=63.72 | lr=[0.00025] | cuda_peak_mb=1419.8
[2026-09-11 07:25:39] INFO Val horizons | 15min_mae=2.561249 15min_rmse=4.944095 15min_mape=6.702261 | 30min_mae=2.886675 30min_rmse=5.848543 30min_mape=8.092738 | 60min_mae=3.283907 60min_rmse=6.937446 60min_mape=9.826546
[2026-09-11 07:26:43] INFO Epoch 012 | stage=posthoc_calibrator | train_total=2.880540 | train_forecast=2.880540 | train_confidence=0.000000 | train_risk=0.000000 | train_blend=0.000000 | val_total=2.855998 | val_mae=2.852149 | val_rmse=5.828887 | val_mape=7.853870 | val_confidence=0.000000 | val_risk=0.000000 | val_blend=0.000000 | batches=709/94 | seconds=63.66 | lr=[0.00025] | cuda_peak_mb=1419.5
[2026-09-11 07:26:43] INFO Val horizons | 15min_mae=2.557953 15min_rmse=4.945088 15min_mape=6.621000 | 30min_mae=2.880527 30min_rmse=5.839296 30min_mape=7.931469 | 60min_mae=3.279071 60min_rmse=6.919592 60min_mape=9.583703
[2026-09-11 07:27:47] INFO Epoch 013 | stage=posthoc_calibrator | train_total=2.879889 | train_forecast=2.879889 | train_confidence=0.000000 | train_risk=0.000000 | train_blend=0.000000 | val_total=2.855313 | val_mae=2.851316 | val_rmse=5.843724 | val_mape=7.982321 | val_confidence=0.000000 | val_risk=0.000000 | val_blend=0.000000 | batches=709/94 | seconds=63.70 | lr=[0.00025] | cuda_peak_mb=1419.4
[2026-09-11 07:27:47] INFO Val horizons | 15min_mae=2.556564 15min_rmse=4.946281 15min_mape=6.681162 | 30min_mae=2.883104 30min_rmse=5.858358 30min_mape=8.059733 | 60min_mae=3.269428 60min_rmse=6.935425 60min_mape=9.789920
[2026-09-11 07:28:51] INFO Epoch 014 | stage=posthoc_calibrator | train_total=2.878977 | train_forecast=2.878977 | train_confidence=0.000000 | train_risk=0.000000 | train_blend=0.000000 | val_total=2.860101 | val_mae=2.856177 | val_rmse=5.839757 | val_mape=7.977510 | val_confidence=0.000000 | val_risk=0.000000 | val_blend=0.000000 | batches=709/94 | seconds=63.90 | lr=[0.00025] | cuda_peak_mb=1420.1
[2026-09-11 07:28:51] INFO Val horizons | 15min_mae=2.560957 15min_rmse=4.950257 15min_mape=6.702327 | 30min_mae=2.886203 30min_rmse=5.859777 30min_mape=8.042345 | 60min_mae=3.282339 60min_rmse=6.932854 60min_mape=9.800851
[2026-09-11 07:29:54] INFO Epoch 015 | stage=posthoc_calibrator | train_total=2.878156 | train_forecast=2.878156 | train_confidence=0.000000 | train_risk=0.000000 | train_blend=0.000000 | val_total=2.853379 | val_mae=2.849376 | val_rmse=5.814251 | val_mape=7.911164 | val_confidence=0.000000 | val_risk=0.000000 | val_blend=0.000000 | batches=709/94 | seconds=63.64 | lr=[0.00025] | cuda_peak_mb=1419.4
[2026-09-11 07:29:54] INFO Val horizons | 15min_mae=2.556903 15min_rmse=4.932994 15min_mape=6.674704 | 30min_mae=2.880841 30min_rmse=5.830646 30min_mape=8.057036 | 60min_mae=3.266525 60min_rmse=6.891833 60min_mape=9.542929
[2026-09-11 07:30:58] INFO Epoch 016 | stage=posthoc_calibrator | train_total=2.878042 | train_forecast=2.878042 | train_confidence=0.000000 | train_risk=0.000000 | train_blend=0.000000 | val_total=2.850868 | val_mae=2.846868 | val_rmse=5.840037 | val_mape=7.955060 | val_confidence=0.000000 | val_risk=0.000000 | val_blend=0.000000 | batches=709/94 | seconds=63.69 | lr=[0.00025] | cuda_peak_mb=1420.4
[2026-09-11 07:30:58] INFO Val horizons | 15min_mae=2.557659 15min_rmse=4.952284 15min_mape=6.719626 | 30min_mae=2.877700 30min_rmse=5.854783 30min_mape=8.048495 | 60min_mae=3.264195 60min_rmse=6.929769 60min_mape=9.699494
[2026-09-11 07:30:58] INFO Checkpoint updated | epoch=16 | stage=posthoc_calibrator | best_val_mae=2.846868 | path=C:\Users\clw\projects\researchRep\STAnchor-BlockMemory\artifacts\convergence\formal_20260910_trained_router_st_norm_seed42\downstream_best.pt
[2026-09-11 07:32:02] INFO Epoch 017 | stage=posthoc_calibrator | train_total=2.877186 | train_forecast=2.877186 | train_confidence=0.000000 | train_risk=0.000000 | train_blend=0.000000 | val_total=2.865655 | val_mae=2.861866 | val_rmse=5.857778 | val_mape=7.986063 | val_confidence=0.000000 | val_risk=0.000000 | val_blend=0.000000 | batches=709/94 | seconds=63.74 | lr=[0.00025] | cuda_peak_mb=1420.7
[2026-09-11 07:32:02] INFO Val horizons | 15min_mae=2.559694 15min_rmse=4.938977 15min_mape=6.720104 | 30min_mae=2.888347 30min_rmse=5.849587 30min_mape=8.104092 | 60min_mae=3.296495 60min_rmse=6.995343 60min_mape=9.700870
[2026-09-11 07:33:05] INFO Epoch 018 | stage=posthoc_calibrator | train_total=2.876581 | train_forecast=2.876581 | train_confidence=0.000000 | train_risk=0.000000 | train_blend=0.000000 | val_total=2.853974 | val_mae=2.850020 | val_rmse=5.843070 | val_mape=7.915238 | val_confidence=0.000000 | val_risk=0.000000 | val_blend=0.000000 | batches=709/94 | seconds=63.68 | lr=[0.00025] | cuda_peak_mb=1419.8
[2026-09-11 07:33:05] INFO Val horizons | 15min_mae=2.553298 15min_rmse=4.950502 15min_mape=6.677407 | 30min_mae=2.874620 30min_rmse=5.854443 30min_mape=8.017392 | 60min_mae=3.283497 60min_rmse=6.955025 60min_mape=9.633140
[2026-09-11 07:34:09] INFO Epoch 019 | stage=posthoc_calibrator | train_total=2.876549 | train_forecast=2.876549 | train_confidence=0.000000 | train_risk=0.000000 | train_blend=0.000000 | val_total=2.859115 | val_mae=2.855130 | val_rmse=5.874255 | val_mape=8.125426 | val_confidence=0.000000 | val_risk=0.000000 | val_blend=0.000000 | batches=709/94 | seconds=63.69 | lr=[0.00025] | cuda_peak_mb=1421.0
[2026-09-11 07:34:09] INFO Val horizons | 15min_mae=2.555830 15min_rmse=4.948430 15min_mape=6.751899 | 30min_mae=2.879176 30min_rmse=5.856867 30min_mape=8.153723 | 60min_mae=3.286956 60min_rmse=7.016799 60min_mape=10.056767
[2026-09-11 07:35:13] INFO Epoch 020 | stage=posthoc_calibrator | train_total=2.876216 | train_forecast=2.876216 | train_confidence=0.000000 | train_risk=0.000000 | train_blend=0.000000 | val_total=2.859286 | val_mae=2.855390 | val_rmse=5.858903 | val_mape=7.986419 | val_confidence=0.000000 | val_risk=0.000000 | val_blend=0.000000 | batches=709/94 | seconds=63.71 | lr=[0.00025] | cuda_peak_mb=1420.4
[2026-09-11 07:35:13] INFO Val horizons | 15min_mae=2.556154 15min_rmse=4.946813 15min_mape=6.709495 | 30min_mae=2.878208 30min_rmse=5.857954 30min_mape=8.100551 | 60min_mae=3.291986 60min_rmse=6.976710 60min_mape=9.683767
[2026-09-11 07:36:17] INFO Epoch 021 | stage=posthoc_calibrator | train_total=2.873345 | train_forecast=2.873345 | train_confidence=0.000000 | train_risk=0.000000 | train_blend=0.000000 | val_total=2.867321 | val_mae=2.863541 | val_rmse=5.872496 | val_mape=7.988718 | val_confidence=0.000000 | val_risk=0.000000 | val_blend=0.000000 | batches=709/94 | seconds=63.77 | lr=[0.000125] | cuda_peak_mb=1419.1
[2026-09-11 07:36:17] INFO Val horizons | 15min_mae=2.557664 15min_rmse=4.941070 15min_mape=6.703818 | 30min_mae=2.888003 30min_rmse=5.863618 30min_mape=8.100599 | 60min_mae=3.303432 60min_rmse=7.020964 60min_mape=9.736279
[2026-09-11 07:37:20] INFO Epoch 022 | stage=posthoc_calibrator | train_total=2.872877 | train_forecast=2.872877 | train_confidence=0.000000 | train_risk=0.000000 | train_blend=0.000000 | val_total=2.856445 | val_mae=2.852572 | val_rmse=5.863602 | val_mape=7.972838 | val_confidence=0.000000 | val_risk=0.000000 | val_blend=0.000000 | batches=709/94 | seconds=63.70 | lr=[0.000125] | cuda_peak_mb=1419.2
[2026-09-11 07:37:20] INFO Val horizons | 15min_mae=2.554308 15min_rmse=4.947782 15min_mape=6.677025 | 30min_mae=2.880248 30min_rmse=5.871911 30min_mape=8.087966 | 60min_mae=3.281186 60min_rmse=6.980774 60min_mape=9.709544
[2026-09-11 07:38:24] INFO Epoch 023 | stage=posthoc_calibrator | train_total=2.872560 | train_forecast=2.872560 | train_confidence=0.000000 | train_risk=0.000000 | train_blend=0.000000 | val_total=2.850075 | val_mae=2.846029 | val_rmse=5.841471 | val_mape=7.974102 | val_confidence=0.000000 | val_risk=0.000000 | val_blend=0.000000 | batches=709/94 | seconds=63.71 | lr=[0.000125] | cuda_peak_mb=1421.6
[2026-09-11 07:38:24] INFO Val horizons | 15min_mae=2.552088 15min_rmse=4.942766 15min_mape=6.670684 | 30min_mae=2.873047 30min_rmse=5.839544 30min_mape=8.051301 | 60min_mae=3.267832 60min_rmse=6.950452 60min_mape=9.747518
[2026-09-11 07:38:24] INFO Checkpoint updated | epoch=23 | stage=posthoc_calibrator | best_val_mae=2.846029 | path=C:\Users\clw\projects\researchRep\STAnchor-BlockMemory\artifacts\convergence\formal_20260910_trained_router_st_norm_seed42\downstream_best.pt
[2026-09-11 07:39:28] INFO Epoch 024 | stage=posthoc_calibrator | train_total=2.872443 | train_forecast=2.872443 | train_confidence=0.000000 | train_risk=0.000000 | train_blend=0.000000 | val_total=2.852779 | val_mae=2.848702 | val_rmse=5.857275 | val_mape=8.070190 | val_confidence=0.000000 | val_risk=0.000000 | val_blend=0.000000 | batches=709/94 | seconds=63.59 | lr=[0.000125] | cuda_peak_mb=1421.1
[2026-09-11 07:39:28] INFO Val horizons | 15min_mae=2.553838 15min_rmse=4.950769 15min_mape=6.743422 | 30min_mae=2.874829 30min_rmse=5.860931 30min_mape=8.136388 | 60min_mae=3.273996 60min_rmse=6.973563 60min_mape=9.921652
[2026-09-11 07:40:31] INFO Epoch 025 | stage=posthoc_calibrator | train_total=2.871981 | train_forecast=2.871981 | train_confidence=0.000000 | train_risk=0.000000 | train_blend=0.000000 | val_total=2.865126 | val_mae=2.861250 | val_rmse=5.880860 | val_mape=8.111538 | val_confidence=0.000000 | val_risk=0.000000 | val_blend=0.000000 | batches=709/94 | seconds=63.67 | lr=[0.000125] | cuda_peak_mb=1420.2
[2026-09-11 07:40:31] INFO Val horizons | 15min_mae=2.554738 15min_rmse=4.948544 15min_mape=6.730800 | 30min_mae=2.884311 30min_rmse=5.877622 30min_mape=8.192994 | 60min_mae=3.301133 60min_rmse=7.021197 60min_mape=9.984039
[2026-09-11 07:41:35] INFO Epoch 026 | stage=posthoc_calibrator | train_total=2.871642 | train_forecast=2.871642 | train_confidence=0.000000 | train_risk=0.000000 | train_blend=0.000000 | val_total=2.854210 | val_mae=2.850245 | val_rmse=5.852254 | val_mape=7.924248 | val_confidence=0.000000 | val_risk=0.000000 | val_blend=0.000000 | batches=709/94 | seconds=63.58 | lr=[0.000125] | cuda_peak_mb=1420.4
[2026-09-11 07:41:35] INFO Val horizons | 15min_mae=2.552068 15min_rmse=4.948141 15min_mape=6.660013 | 30min_mae=2.876329 30min_rmse=5.869076 30min_mape=8.042726 | 60min_mae=3.277795 60min_rmse=6.949972 60min_mape=9.627219
[2026-09-11 07:42:39] INFO Epoch 027 | stage=posthoc_calibrator | train_total=2.871741 | train_forecast=2.871741 | train_confidence=0.000000 | train_risk=0.000000 | train_blend=0.000000 | val_total=2.847201 | val_mae=2.843111 | val_rmse=5.828989 | val_mape=7.940767 | val_confidence=0.000000 | val_risk=0.000000 | val_blend=0.000000 | batches=709/94 | seconds=63.75 | lr=[0.000125] | cuda_peak_mb=1419.4
[2026-09-11 07:42:39] INFO Val horizons | 15min_mae=2.550387 15min_rmse=4.944094 15min_mape=6.660195 | 30min_mae=2.869482 30min_rmse=5.837940 30min_mape=8.024158 | 60min_mae=3.266484 60min_rmse=6.926797 60min_mape=9.690016
[2026-09-11 07:42:39] INFO Checkpoint updated | epoch=27 | stage=posthoc_calibrator | best_val_mae=2.843111 | path=C:\Users\clw\projects\researchRep\STAnchor-BlockMemory\artifacts\convergence\formal_20260910_trained_router_st_norm_seed42\downstream_best.pt
[2026-09-11 07:43:42] INFO Epoch 028 | stage=posthoc_calibrator | train_total=2.871236 | train_forecast=2.871236 | train_confidence=0.000000 | train_risk=0.000000 | train_blend=0.000000 | val_total=2.868128 | val_mae=2.864372 | val_rmse=5.875231 | val_mape=7.962778 | val_confidence=0.000000 | val_risk=0.000000 | val_blend=0.000000 | batches=709/94 | seconds=63.57 | lr=[0.000125] | cuda_peak_mb=1419.4
[2026-09-11 07:43:42] INFO Val horizons | 15min_mae=2.555724 15min_rmse=4.955012 15min_mape=6.648030 | 30min_mae=2.891178 30min_rmse=5.873475 30min_mape=8.028172 | 60min_mae=3.298743 60min_rmse=7.000229 60min_mape=9.774996
[2026-09-11 07:44:46] INFO Epoch 029 | stage=posthoc_calibrator | train_total=2.871075 | train_forecast=2.871075 | train_confidence=0.000000 | train_risk=0.000000 | train_blend=0.000000 | val_total=2.856467 | val_mae=2.852500 | val_rmse=5.862006 | val_mape=7.988396 | val_confidence=0.000000 | val_risk=0.000000 | val_blend=0.000000 | batches=709/94 | seconds=63.71 | lr=[0.000125] | cuda_peak_mb=1419.4
[2026-09-11 07:44:46] INFO Val horizons | 15min_mae=2.553155 15min_rmse=4.953814 15min_mape=6.666815 | 30min_mae=2.881765 30min_rmse=5.873343 30min_mape=8.050758 | 60min_mae=3.274959 60min_rmse=6.960372 60min_mape=9.820719
[2026-09-11 07:45:50] INFO Epoch 030 | stage=posthoc_calibrator | train_total=2.870870 | train_forecast=2.870870 | train_confidence=0.000000 | train_risk=0.000000 | train_blend=0.000000 | val_total=2.859884 | val_mae=2.856062 | val_rmse=5.867059 | val_mape=7.925532 | val_confidence=0.000000 | val_risk=0.000000 | val_blend=0.000000 | batches=709/94 | seconds=63.69 | lr=[0.000125] | cuda_peak_mb=1419.8
[2026-09-11 07:45:50] INFO Val horizons | 15min_mae=2.550916 15min_rmse=4.940673 15min_mape=6.671550 | 30min_mae=2.878994 30min_rmse=5.860020 30min_mape=8.014804 | 60min_mae=3.293949 60min_rmse=7.005410 60min_mape=9.659029
[2026-09-11 07:46:53] INFO Epoch 031 | stage=posthoc_calibrator | train_total=2.869428 | train_forecast=2.869428 | train_confidence=0.000000 | train_risk=0.000000 | train_blend=0.000000 | val_total=2.853990 | val_mae=2.849967 | val_rmse=5.845973 | val_mape=7.971656 | val_confidence=0.000000 | val_risk=0.000000 | val_blend=0.000000 | batches=709/94 | seconds=63.73 | lr=[6.25e-05] | cuda_peak_mb=1419.8
[2026-09-11 07:46:53] INFO Val horizons | 15min_mae=2.549396 15min_rmse=4.938683 15min_mape=6.668126 | 30min_mae=2.872870 30min_rmse=5.845983 30min_mape=8.073137 | 60min_mae=3.283785 60min_rmse=6.964843 60min_mape=9.721105
[2026-09-11 07:47:57] INFO Epoch 032 | stage=posthoc_calibrator | train_total=2.869289 | train_forecast=2.869289 | train_confidence=0.000000 | train_risk=0.000000 | train_blend=0.000000 | val_total=2.856178 | val_mae=2.852176 | val_rmse=5.866667 | val_mape=8.006956 | val_confidence=0.000000 | val_risk=0.000000 | val_blend=0.000000 | batches=709/94 | seconds=63.76 | lr=[6.25e-05] | cuda_peak_mb=1419.5
[2026-09-11 07:47:57] INFO Val horizons | 15min_mae=2.550622 15min_rmse=4.944808 15min_mape=6.665106 | 30min_mae=2.876124 30min_rmse=5.861577 30min_mape=8.062913 | 60min_mae=3.284983 60min_rmse=6.999580 60min_mape=9.846774
[2026-09-11 07:49:01] INFO Epoch 033 | stage=posthoc_calibrator | train_total=2.869255 | train_forecast=2.869255 | train_confidence=0.000000 | train_risk=0.000000 | train_blend=0.000000 | val_total=2.861677 | val_mae=2.857731 | val_rmse=5.867614 | val_mape=8.052095 | val_confidence=0.000000 | val_risk=0.000000 | val_blend=0.000000 | batches=709/94 | seconds=63.61 | lr=[6.25e-05] | cuda_peak_mb=1420.1
[2026-09-11 07:49:01] INFO Val horizons | 15min_mae=2.554572 15min_rmse=4.947596 15min_mape=6.742916 | 30min_mae=2.883728 30min_rmse=5.871902 30min_mape=8.149253 | 60min_mae=3.289762 60min_rmse=6.988397 60min_mape=9.844829
[2026-09-11 07:50:04] INFO Epoch 034 | stage=posthoc_calibrator | train_total=2.869242 | train_forecast=2.869242 | train_confidence=0.000000 | train_risk=0.000000 | train_blend=0.000000 | val_total=2.856345 | val_mae=2.852375 | val_rmse=5.857814 | val_mape=8.002766 | val_confidence=0.000000 | val_risk=0.000000 | val_blend=0.000000 | batches=709/94 | seconds=63.65 | lr=[6.25e-05] | cuda_peak_mb=1420.1
[2026-09-11 07:50:04] INFO Val horizons | 15min_mae=2.550888 15min_rmse=4.938673 15min_mape=6.675719 | 30min_mae=2.876980 30min_rmse=5.853277 30min_mape=8.091512 | 60min_mae=3.282979 60min_rmse=6.982454 60min_mape=9.787988
[2026-09-11 07:51:08] INFO Epoch 035 | stage=posthoc_calibrator | train_total=2.868614 | train_forecast=2.868614 | train_confidence=0.000000 | train_risk=0.000000 | train_blend=0.000000 | val_total=2.855545 | val_mae=2.851622 | val_rmse=5.860604 | val_mape=7.932163 | val_confidence=0.000000 | val_risk=0.000000 | val_blend=0.000000 | batches=709/94 | seconds=63.60 | lr=[6.25e-05] | cuda_peak_mb=1419.2
[2026-09-11 07:51:08] INFO Val horizons | 15min_mae=2.549878 15min_rmse=4.943211 15min_mape=6.655371 | 30min_mae=2.874935 30min_rmse=5.857057 30min_mape=8.030732 | 60min_mae=3.286796 60min_rmse=6.992880 60min_mape=9.671892
[2026-09-11 07:52:12] INFO Epoch 036 | stage=posthoc_calibrator | train_total=2.868705 | train_forecast=2.868705 | train_confidence=0.000000 | train_risk=0.000000 | train_blend=0.000000 | val_total=2.858703 | val_mae=2.854723 | val_rmse=5.850369 | val_mape=7.980399 | val_confidence=0.000000 | val_risk=0.000000 | val_blend=0.000000 | batches=709/94 | seconds=63.71 | lr=[6.25e-05] | cuda_peak_mb=1421.6
[2026-09-11 07:52:12] INFO Val horizons | 15min_mae=2.551951 15min_rmse=4.937084 15min_mape=6.702675 | 30min_mae=2.878680 30min_rmse=5.854181 30min_mape=8.088663 | 60min_mae=3.289243 60min_rmse=6.969284 60min_mape=9.720097
[2026-09-11 07:53:16] INFO Epoch 037 | stage=posthoc_calibrator | train_total=2.868709 | train_forecast=2.868709 | train_confidence=0.000000 | train_risk=0.000000 | train_blend=0.000000 | val_total=2.853327 | val_mae=2.849325 | val_rmse=5.857720 | val_mape=7.977628 | val_confidence=0.000000 | val_risk=0.000000 | val_blend=0.000000 | batches=709/94 | seconds=63.74 | lr=[6.25e-05] | cuda_peak_mb=1420.4
[2026-09-11 07:53:16] INFO Val horizons | 15min_mae=2.550191 15min_rmse=4.945300 15min_mape=6.658359 | 30min_mae=2.875234 30min_rmse=5.858004 30min_mape=8.057755 | 60min_mae=3.276560 60min_rmse=6.975114 60min_mape=9.767888
[2026-09-11 07:54:19] INFO Epoch 038 | stage=posthoc_calibrator | train_total=2.868610 | train_forecast=2.868610 | train_confidence=0.000000 | train_risk=0.000000 | train_blend=0.000000 | val_total=2.855933 | val_mae=2.852028 | val_rmse=5.858781 | val_mape=7.911935 | val_confidence=0.000000 | val_risk=0.000000 | val_blend=0.000000 | batches=709/94 | seconds=63.63 | lr=[6.25e-05] | cuda_peak_mb=1419.8
[2026-09-11 07:54:19] INFO Val horizons | 15min_mae=2.549813 15min_rmse=4.945873 15min_mape=6.650819 | 30min_mae=2.876774 30min_rmse=5.868766 30min_mape=8.000742 | 60min_mae=3.285303 60min_rmse=6.973380 60min_mape=9.655017
[2026-09-11 07:55:23] INFO Epoch 039 | stage=posthoc_calibrator | train_total=2.868254 | train_forecast=2.868254 | train_confidence=0.000000 | train_risk=0.000000 | train_blend=0.000000 | val_total=2.856799 | val_mae=2.852876 | val_rmse=5.860663 | val_mape=7.999593 | val_confidence=0.000000 | val_risk=0.000000 | val_blend=0.000000 | batches=709/94 | seconds=63.66 | lr=[6.25e-05] | cuda_peak_mb=1419.4
[2026-09-11 07:55:23] INFO Val horizons | 15min_mae=2.550707 15min_rmse=4.943178 15min_mape=6.688860 | 30min_mae=2.876245 30min_rmse=5.859038 30min_mape=8.080309 | 60min_mae=3.288443 60min_rmse=6.990008 60min_mape=9.801707
[2026-09-11 07:56:27] INFO Epoch 040 | stage=posthoc_calibrator | train_total=2.867919 | train_forecast=2.867919 | train_confidence=0.000000 | train_risk=0.000000 | train_blend=0.000000 | val_total=2.853902 | val_mae=2.849893 | val_rmse=5.860198 | val_mape=7.977953 | val_confidence=0.000000 | val_risk=0.000000 | val_blend=0.000000 | batches=709/94 | seconds=63.69 | lr=[6.25e-05] | cuda_peak_mb=1421.0
[2026-09-11 07:56:27] INFO Val horizons | 15min_mae=2.550219 15min_rmse=4.952106 15min_mape=6.666501 | 30min_mae=2.876067 30min_rmse=5.870886 30min_mape=8.067461 | 60min_mae=3.279421 60min_rmse=6.971359 60min_mape=9.765500
[2026-09-11 07:57:30] INFO Epoch 041 | stage=posthoc_calibrator | train_total=2.867337 | train_forecast=2.867337 | train_confidence=0.000000 | train_risk=0.000000 | train_blend=0.000000 | val_total=2.858192 | val_mae=2.854267 | val_rmse=5.863988 | val_mape=7.963042 | val_confidence=0.000000 | val_risk=0.000000 | val_blend=0.000000 | batches=709/94 | seconds=63.63 | lr=[3.125e-05] | cuda_peak_mb=1420.1
[2026-09-11 07:57:30] INFO Val horizons | 15min_mae=2.550330 15min_rmse=4.944225 15min_mape=6.676678 | 30min_mae=2.877738 30min_rmse=5.863171 30min_mape=8.059255 | 60min_mae=3.290436 60min_rmse=6.991893 60min_mape=9.711489
[2026-09-11 07:58:34] INFO Epoch 042 | stage=posthoc_calibrator | train_total=2.867236 | train_forecast=2.867236 | train_confidence=0.000000 | train_risk=0.000000 | train_blend=0.000000 | val_total=2.864287 | val_mae=2.860479 | val_rmse=5.875226 | val_mape=7.982671 | val_confidence=0.000000 | val_risk=0.000000 | val_blend=0.000000 | batches=709/94 | seconds=63.79 | lr=[3.125e-05] | cuda_peak_mb=1419.8
[2026-09-11 07:58:34] INFO Val horizons | 15min_mae=2.552093 15min_rmse=4.945812 15min_mape=6.686548 | 30min_mae=2.884516 30min_rmse=5.870247 30min_mape=8.070836 | 60min_mae=3.297793 60min_rmse=7.008710 60min_mape=9.750561
[2026-09-11 07:59:38] INFO Epoch 043 | stage=posthoc_calibrator | train_total=2.866790 | train_forecast=2.866790 | train_confidence=0.000000 | train_risk=0.000000 | train_blend=0.000000 | val_total=2.855385 | val_mae=2.851447 | val_rmse=5.861501 | val_mape=7.962161 | val_confidence=0.000000 | val_risk=0.000000 | val_blend=0.000000 | batches=709/94 | seconds=63.60 | lr=[3.125e-05] | cuda_peak_mb=1419.0
[2026-09-11 07:59:38] INFO Val horizons | 15min_mae=2.550079 15min_rmse=4.945989 15min_mape=6.677499 | 30min_mae=2.876030 30min_rmse=5.865667 30min_mape=8.056833 | 60min_mae=3.282863 60min_rmse=6.978073 60min_mape=9.720480
[2026-09-11 08:00:41] INFO Epoch 044 | stage=posthoc_calibrator | train_total=2.866950 | train_forecast=2.866950 | train_confidence=0.000000 | train_risk=0.000000 | train_blend=0.000000 | val_total=2.857164 | val_mae=2.853224 | val_rmse=5.863943 | val_mape=7.985228 | val_confidence=0.000000 | val_risk=0.000000 | val_blend=0.000000 | batches=709/94 | seconds=63.73 | lr=[3.125e-05] | cuda_peak_mb=1420.4
[2026-09-11 08:00:41] INFO Val horizons | 15min_mae=2.550089 15min_rmse=4.944415 15min_mape=6.681815 | 30min_mae=2.876782 30min_rmse=5.859709 30min_mape=8.059829 | 60min_mae=3.288242 60min_rmse=6.995469 60min_mape=9.777544
[2026-09-11 08:01:45] INFO Epoch 045 | stage=posthoc_calibrator | train_total=2.867168 | train_forecast=2.867168 | train_confidence=0.000000 | train_risk=0.000000 | train_blend=0.000000 | val_total=2.859546 | val_mae=2.855651 | val_rmse=5.865197 | val_mape=7.965334 | val_confidence=0.000000 | val_risk=0.000000 | val_blend=0.000000 | batches=709/94 | seconds=63.72 | lr=[3.125e-05] | cuda_peak_mb=1420.7
[2026-09-11 08:01:45] INFO Val horizons | 15min_mae=2.551681 15min_rmse=4.941547 15min_mape=6.683092 | 30min_mae=2.881628 30min_rmse=5.867027 30min_mape=8.045172 | 60min_mae=3.288096 60min_rmse=6.991157 60min_mape=9.739459
[2026-09-11 08:02:49] INFO Epoch 046 | stage=posthoc_calibrator | train_total=2.866781 | train_forecast=2.866781 | train_confidence=0.000000 | train_risk=0.000000 | train_blend=0.000000 | val_total=2.857691 | val_mae=2.853667 | val_rmse=5.866036 | val_mape=8.033015 | val_confidence=0.000000 | val_risk=0.000000 | val_blend=0.000000 | batches=709/94 | seconds=63.71 | lr=[3.125e-05] | cuda_peak_mb=1420.4
[2026-09-11 08:02:49] INFO Val horizons | 15min_mae=2.551687 15min_rmse=4.949348 15min_mape=6.724836 | 30min_mae=2.878066 30min_rmse=5.868682 30min_mape=8.125201 | 60min_mae=3.286419 60min_rmse=6.987871 60min_mape=9.834659
[2026-09-11 08:03:52] INFO Epoch 047 | stage=posthoc_calibrator | train_total=2.866734 | train_forecast=2.866734 | train_confidence=0.000000 | train_risk=0.000000 | train_blend=0.000000 | val_total=2.862002 | val_mae=2.858153 | val_rmse=5.872090 | val_mape=7.995428 | val_confidence=0.000000 | val_risk=0.000000 | val_blend=0.000000 | batches=709/94 | seconds=63.63 | lr=[3.125e-05] | cuda_peak_mb=1420.7
[2026-09-11 08:03:52] INFO Val horizons | 15min_mae=2.552266 15min_rmse=4.941895 15min_mape=6.694915 | 30min_mae=2.882904 30min_rmse=5.864472 30min_mape=8.085386 | 60min_mae=3.293608 60min_rmse=7.009774 60min_mape=9.771528
[2026-09-11 08:04:56] INFO Epoch 048 | stage=posthoc_calibrator | train_total=2.866530 | train_forecast=2.866530 | train_confidence=0.000000 | train_risk=0.000000 | train_blend=0.000000 | val_total=2.857794 | val_mae=2.853892 | val_rmse=5.866584 | val_mape=7.959293 | val_confidence=0.000000 | val_risk=0.000000 | val_blend=0.000000 | batches=709/94 | seconds=63.74 | lr=[3.125e-05] | cuda_peak_mb=1419.4
[2026-09-11 08:04:56] INFO Val horizons | 15min_mae=2.551702 15min_rmse=4.948665 15min_mape=6.668236 | 30min_mae=2.879533 30min_rmse=5.870477 30min_mape=8.049901 | 60min_mae=3.284516 60min_rmse=6.982091 60min_mape=9.712125
[2026-09-11 08:06:00] INFO Epoch 049 | stage=posthoc_calibrator | train_total=2.866514 | train_forecast=2.866514 | train_confidence=0.000000 | train_risk=0.000000 | train_blend=0.000000 | val_total=2.861823 | val_mae=2.857922 | val_rmse=5.870318 | val_mape=8.046873 | val_confidence=0.000000 | val_risk=0.000000 | val_blend=0.000000 | batches=709/94 | seconds=63.74 | lr=[3.125e-05] | cuda_peak_mb=1421.0
[2026-09-11 08:06:00] INFO Val horizons | 15min_mae=2.553073 15min_rmse=4.947149 15min_mape=6.723206 | 30min_mae=2.882522 30min_rmse=5.873692 30min_mape=8.151646 | 60min_mae=3.293683 60min_rmse=6.992361 60min_mape=9.825300
[2026-09-11 08:07:03] INFO Epoch 050 | stage=posthoc_calibrator | train_total=2.866486 | train_forecast=2.866486 | train_confidence=0.000000 | train_risk=0.000000 | train_blend=0.000000 | val_total=2.857063 | val_mae=2.853052 | val_rmse=5.861279 | val_mape=8.033069 | val_confidence=0.000000 | val_risk=0.000000 | val_blend=0.000000 | batches=709/94 | seconds=63.67 | lr=[3.125e-05] | cuda_peak_mb=1420.4
[2026-09-11 08:07:03] INFO Val horizons | 15min_mae=2.552391 15min_rmse=4.950929 15min_mape=6.717520 | 30min_mae=2.879447 30min_rmse=5.866767 30min_mape=8.120841 | 60min_mae=3.282343 60min_rmse=6.975434 60min_mape=9.829539
[2026-09-11 08:07:03] INFO Downstream training finished | best_val_mae=2.843111 | checkpoint=C:\Users\clw\projects\researchRep\STAnchor-BlockMemory\artifacts\convergence\formal_20260910_trained_router_st_norm_seed42\downstream_best.pt
