[2026-09-11 18:10:58] INFO Downstream start | run=cross_dataset_pemsbay/pemsbay_baseonly_st_ssdl_seed42 | device=cuda:0 (requested=cuda:0) | seed=42 | output=C:\Users\clw\projects\researchRep\STAnchor-BlockMemory\artifacts\cross_dataset_pemsbay\pemsbay_baseonly_st_ssdl_seed42
[2026-09-11 18:10:58] INFO Mode | downstream_mode=base_only | training_protocol=staged_joint | candidate_protocol=weekday_radius1_overlap | candidate_ranking=learned_key
[2026-09-11 18:10:58] INFO Downstream initialization | seed=42 | state_hash=9658c2f6a6abf4ee
[2026-09-11 18:10:58] INFO Data | steps=52116 | nodes=325 | channels=1 | training_scope=full_train | memory/post_memory/train_selected/val/test=25327/10855/36182/4912/10125
[2026-09-11 18:10:58] INFO Bank/retrieval | disabled (base_only)
[2026-09-11 18:10:58] INFO Frozen path cache | enabled=no | candidate_ranking=learned_key | fill=first_epoch
[2026-09-11 18:10:58] INFO Parameters | downstream_total=654,106 | downstream_trainable=653,837 | backbone=653,837 | confidence_head=0 | fusion=0 | frozen_pretrained=0
[2026-09-11 18:10:58] INFO Optimization | epochs=100 | batch_size=64 | optimizer=adam | lr=0.01 | weight_decay=0 | scheduler=multi_step_lr | step_size=10 | gamma=0.100 | confidence_weight=0.000 | patience=30 | early_stopping=enabled
[2026-09-11 18:10:59] INFO Stage start | stage=standard | epochs=100 | optimizer_lrs=[0.01]
[2026-09-11 18:17:42] INFO Epoch 001 | stage=standard | train_total=7.290775 | train_forecast=0.980415 | train_confidence=0.000000 | train_risk=0.000000 | train_blend=0.000000 | val_total=2.085426 | val_mae=2.080291 | val_rmse=4.944614 | val_mape=4.750257 | val_confidence=0.000000 | val_risk=0.000000 | val_blend=0.000000 | batches=566/77 | seconds=402.42 | lr=[0.01] | cuda_peak_mb=7948.6
[2026-09-11 18:17:42] INFO Val horizons | 15min_mae=1.508887 15min_rmse=3.234110 15min_mape=3.239543 | 30min_mae=2.077957 30min_rmse=4.768070 30min_mape=4.703312 | 60min_mae=2.935207 60min_rmse=6.763552 60min_mape=6.997650
[2026-09-11 18:17:42] INFO Checkpoint updated | epoch=1 | stage=standard | best_val_mae=2.080291 | path=C:\Users\clw\projects\researchRep\STAnchor-BlockMemory\artifacts\cross_dataset_pemsbay\pemsbay_baseonly_st_ssdl_seed42\downstream_best.pt
[2026-09-11 18:24:29] INFO Epoch 002 | stage=standard | train_total=7.673878 | train_forecast=0.852254 | train_confidence=0.000000 | train_risk=0.000000 | train_blend=0.000000 | val_total=2.020820 | val_mae=2.015554 | val_rmse=4.862767 | val_mape=4.598364 | val_confidence=0.000000 | val_risk=0.000000 | val_blend=0.000000 | batches=566/77 | seconds=407.69 | lr=[0.01] | cuda_peak_mb=7945.2
[2026-09-11 18:24:29] INFO Val horizons | 15min_mae=1.457610 15min_rmse=3.143432 15min_mape=3.100124 | 30min_mae=2.003882 30min_rmse=4.646290 30min_mape=4.536955 | 60min_mae=2.864020 60min_rmse=6.738450 60min_mape=6.822176
[2026-09-11 18:24:29] INFO Checkpoint updated | epoch=2 | stage=standard | best_val_mae=2.015554 | path=C:\Users\clw\projects\researchRep\STAnchor-BlockMemory\artifacts\cross_dataset_pemsbay\pemsbay_baseonly_st_ssdl_seed42\downstream_best.pt
[2026-09-11 18:31:18] INFO Epoch 003 | stage=standard | train_total=8.112251 | train_forecast=0.838063 | train_confidence=0.000000 | train_risk=0.000000 | train_blend=0.000000 | val_total=1.816703 | val_mae=1.811984 | val_rmse=4.282663 | val_mape=4.247579 | val_confidence=0.000000 | val_risk=0.000000 | val_blend=0.000000 | batches=566/77 | seconds=408.95 | lr=[0.01] | cuda_peak_mb=7945.2
[2026-09-11 18:31:18] INFO Val horizons | 15min_mae=1.409325 15min_rmse=3.003142 15min_mape=3.007691 | 30min_mae=1.847622 30min_rmse=4.258596 30min_mape=4.273442 | 60min_mae=2.387380 60min_rmse=5.582821 60min_mape=6.010792
[2026-09-11 18:31:18] INFO Checkpoint updated | epoch=3 | stage=standard | best_val_mae=1.811984 | path=C:\Users\clw\projects\researchRep\STAnchor-BlockMemory\artifacts\cross_dataset_pemsbay\pemsbay_baseonly_st_ssdl_seed42\downstream_best.pt
[2026-09-11 18:38:08] INFO Epoch 004 | stage=standard | train_total=8.359379 | train_forecast=0.828743 | train_confidence=0.000000 | train_risk=0.000000 | train_blend=0.000000 | val_total=1.865933 | val_mae=1.861396 | val_rmse=4.461325 | val_mape=4.278798 | val_confidence=0.000000 | val_risk=0.000000 | val_blend=0.000000 | batches=566/77 | seconds=409.50 | lr=[0.01] | cuda_peak_mb=7945.2
[2026-09-11 18:38:08] INFO Val horizons | 15min_mae=1.399235 15min_rmse=3.008849 15min_mape=2.985308 | 30min_mae=1.870374 30min_rmse=4.349639 30min_mape=4.257675 | 60min_mae=2.549423 60min_rmse=6.004163 60min_mape=6.186050
[2026-09-11 18:44:58] INFO Epoch 005 | stage=standard | train_total=8.790178 | train_forecast=0.823594 | train_confidence=0.000000 | train_risk=0.000000 | train_blend=0.000000 | val_total=1.852488 | val_mae=1.847833 | val_rmse=4.308608 | val_mape=4.384226 | val_confidence=0.000000 | val_risk=0.000000 | val_blend=0.000000 | batches=566/77 | seconds=410.51 | lr=[0.01] | cuda_peak_mb=7945.2
[2026-09-11 18:44:58] INFO Val horizons | 15min_mae=1.404161 15min_rmse=2.990800 15min_mape=3.034368 | 30min_mae=1.873481 30min_rmse=4.269697 30min_mape=4.401338 | 60min_mae=2.493107 60min_rmse=5.671133 60min_mape=6.319190
[2026-09-11 18:51:50] INFO Epoch 006 | stage=standard | train_total=9.066682 | train_forecast=0.820738 | train_confidence=0.000000 | train_risk=0.000000 | train_blend=0.000000 | val_total=1.768248 | val_mae=1.763391 | val_rmse=4.043322 | val_mape=4.148583 | val_confidence=0.000000 | val_risk=0.000000 | val_blend=0.000000 | batches=566/77 | seconds=411.10 | lr=[0.01] | cuda_peak_mb=7945.2
[2026-09-11 18:51:50] INFO Val horizons | 15min_mae=1.382399 15min_rmse=2.910317 15min_mape=2.982077 | 30min_mae=1.798265 30min_rmse=4.061108 30min_mape=4.221236 | 60min_mae=2.317531 60min_rmse=5.185353 60min_mape=5.769563
[2026-09-11 18:51:50] INFO Checkpoint updated | epoch=6 | stage=standard | best_val_mae=1.763391 | path=C:\Users\clw\projects\researchRep\STAnchor-BlockMemory\artifacts\cross_dataset_pemsbay\pemsbay_baseonly_st_ssdl_seed42\downstream_best.pt
[2026-09-11 18:58:40] INFO Epoch 007 | stage=standard | train_total=9.298200 | train_forecast=0.815136 | train_confidence=0.000000 | train_risk=0.000000 | train_blend=0.000000 | val_total=1.815778 | val_mae=1.810795 | val_rmse=4.305930 | val_mape=4.102439 | val_confidence=0.000000 | val_risk=0.000000 | val_blend=0.000000 | batches=566/77 | seconds=410.80 | lr=[0.01] | cuda_peak_mb=7945.2
[2026-09-11 18:58:40] INFO Val horizons | 15min_mae=1.389922 15min_rmse=2.975604 15min_mape=2.948267 | 30min_mae=1.833314 30min_rmse=4.229008 30min_mape=4.149199 | 60min_mae=2.437112 60min_rmse=5.741712 60min_mape=5.750083
[2026-09-11 19:05:31] INFO Epoch 008 | stage=standard | train_total=9.475240 | train_forecast=0.812031 | train_confidence=0.000000 | train_risk=0.000000 | train_blend=0.000000 | val_total=1.773588 | val_mae=1.768427 | val_rmse=4.183613 | val_mape=3.938896 | val_confidence=0.000000 | val_risk=0.000000 | val_blend=0.000000 | batches=566/77 | seconds=410.43 | lr=[0.01] | cuda_peak_mb=7945.2
[2026-09-11 19:05:31] INFO Val horizons | 15min_mae=1.356437 15min_rmse=2.912169 15min_mape=2.863725 | 30min_mae=1.773556 30min_rmse=4.095791 30min_mape=3.967625 | 60min_mae=2.415069 60min_rmse=5.603286 60min_mape=5.520391
[2026-09-11 19:12:21] INFO Epoch 009 | stage=standard | train_total=9.592706 | train_forecast=0.810241 | train_confidence=0.000000 | train_risk=0.000000 | train_blend=0.000000 | val_total=1.878577 | val_mae=1.873571 | val_rmse=4.445383 | val_mape=4.180225 | val_confidence=0.000000 | val_risk=0.000000 | val_blend=0.000000 | batches=566/77 | seconds=410.41 | lr=[0.01] | cuda_peak_mb=7945.2
[2026-09-11 19:12:21] INFO Val horizons | 15min_mae=1.411018 15min_rmse=2.993042 15min_mape=2.971973 | 30min_mae=1.881644 30min_rmse=4.312820 30min_mape=4.198063 | 60min_mae=2.573120 60min_rmse=6.029445 60min_mape=5.925782
[2026-09-11 19:19:12] INFO Epoch 010 | stage=standard | train_total=9.765353 | train_forecast=0.805848 | train_confidence=0.000000 | train_risk=0.000000 | train_blend=0.000000 | val_total=1.952903 | val_mae=1.947663 | val_rmse=4.752136 | val_mape=4.313438 | val_confidence=0.000000 | val_risk=0.000000 | val_blend=0.000000 | batches=566/77 | seconds=410.38 | lr=[0.01] | cuda_peak_mb=7945.2
[2026-09-11 19:19:12] INFO Val horizons | 15min_mae=1.398477 15min_rmse=3.019385 15min_mape=2.957767 | 30min_mae=1.925212 30min_rmse=4.499339 30min_mape=4.282735 | 60min_mae=2.805385 60min_rmse=6.674122 60min_mape=6.336712
[2026-09-11 19:26:02] INFO Epoch 011 | stage=standard | train_total=9.918068 | train_forecast=0.799545 | train_confidence=0.000000 | train_risk=0.000000 | train_blend=0.000000 | val_total=1.667032 | val_mae=1.662832 | val_rmse=3.991214 | val_mape=3.770039 | val_confidence=0.000000 | val_risk=0.000000 | val_blend=0.000000 | batches=566/77 | seconds=410.61 | lr=[0.001] | cuda_peak_mb=7945.2
[2026-09-11 19:26:02] INFO Val horizons | 15min_mae=1.326701 15min_rmse=2.865046 15min_mape=2.807489 | 30min_mae=1.697276 30min_rmse=3.989005 30min_mape=3.839133 | 60min_mae=2.159205 60min_rmse=5.170038 60min_mape=5.141157
[2026-09-11 19:26:02] INFO Checkpoint updated | epoch=11 | stage=standard | best_val_mae=1.662832 | path=C:\Users\clw\projects\researchRep\STAnchor-BlockMemory\artifacts\cross_dataset_pemsbay\pemsbay_baseonly_st_ssdl_seed42\downstream_best.pt
[2026-09-11 19:32:53] INFO Epoch 012 | stage=standard | train_total=9.947276 | train_forecast=0.798935 | train_confidence=0.000000 | train_risk=0.000000 | train_blend=0.000000 | val_total=1.667674 | val_mae=1.663638 | val_rmse=3.979539 | val_mape=3.791619 | val_confidence=0.000000 | val_risk=0.000000 | val_blend=0.000000 | batches=566/77 | seconds=411.09 | lr=[0.001] | cuda_peak_mb=7945.2
[2026-09-11 19:32:53] INFO Val horizons | 15min_mae=1.328076 15min_rmse=2.871210 15min_mape=2.816344 | 30min_mae=1.701668 30min_rmse=3.991926 30min_mape=3.863204 | 60min_mae=2.152644 60min_rmse=5.123212 60min_mape=5.174728
[2026-09-11 19:39:45] INFO Epoch 013 | stage=standard | train_total=9.950564 | train_forecast=0.798508 | train_confidence=0.000000 | train_risk=0.000000 | train_blend=0.000000 | val_total=1.661077 | val_mae=1.656978 | val_rmse=3.962270 | val_mape=3.841176 | val_confidence=0.000000 | val_risk=0.000000 | val_blend=0.000000 | batches=566/77 | seconds=411.30 | lr=[0.001] | cuda_peak_mb=7945.2
[2026-09-11 19:39:45] INFO Val horizons | 15min_mae=1.326825 15min_rmse=2.862923 15min_mape=2.829141 | 30min_mae=1.698102 30min_rmse=3.977753 30min_mape=3.907070 | 60min_mae=2.131969 60min_rmse=5.091495 60min_mape=5.281374
[2026-09-11 19:39:45] INFO Checkpoint updated | epoch=13 | stage=standard | best_val_mae=1.656978 | path=C:\Users\clw\projects\researchRep\STAnchor-BlockMemory\artifacts\cross_dataset_pemsbay\pemsbay_baseonly_st_ssdl_seed42\downstream_best.pt
[2026-09-11 19:46:35] INFO Epoch 014 | stage=standard | train_total=9.968356 | train_forecast=0.798148 | train_confidence=0.000000 | train_risk=0.000000 | train_blend=0.000000 | val_total=1.661824 | val_mae=1.657746 | val_rmse=3.978566 | val_mape=3.787397 | val_confidence=0.000000 | val_risk=0.000000 | val_blend=0.000000 | batches=566/77 | seconds=410.83 | lr=[0.001] | cuda_peak_mb=7945.2
[2026-09-11 19:46:35] INFO Val horizons | 15min_mae=1.327197 15min_rmse=2.865606 15min_mape=2.813843 | 30min_mae=1.699990 30min_rmse=3.991225 30min_mape=3.864594 | 60min_mae=2.129344 60min_rmse=5.112729 60min_mape=5.148747
[2026-09-11 19:53:25] INFO Epoch 015 | stage=standard | train_total=9.970727 | train_forecast=0.797724 | train_confidence=0.000000 | train_risk=0.000000 | train_blend=0.000000 | val_total=1.655324 | val_mae=1.651223 | val_rmse=3.965310 | val_mape=3.766818 | val_confidence=0.000000 | val_risk=0.000000 | val_blend=0.000000 | batches=566/77 | seconds=409.95 | lr=[0.001] | cuda_peak_mb=7945.2
[2026-09-11 19:53:25] INFO Val horizons | 15min_mae=1.324925 15min_rmse=2.864294 15min_mape=2.804830 | 30min_mae=1.693107 30min_rmse=3.982320 30min_mape=3.843521 | 60min_mae=2.119842 60min_rmse=5.091523 60min_mape=5.116926
[2026-09-11 19:53:25] INFO Checkpoint updated | epoch=15 | stage=standard | best_val_mae=1.651223 | path=C:\Users\clw\projects\researchRep\STAnchor-BlockMemory\artifacts\cross_dataset_pemsbay\pemsbay_baseonly_st_ssdl_seed42\downstream_best.pt
[2026-09-11 20:00:16] INFO Epoch 016 | stage=standard | train_total=9.990225 | train_forecast=0.797548 | train_confidence=0.000000 | train_risk=0.000000 | train_blend=0.000000 | val_total=1.658412 | val_mae=1.654340 | val_rmse=3.936808 | val_mape=3.856503 | val_confidence=0.000000 | val_risk=0.000000 | val_blend=0.000000 | batches=566/77 | seconds=410.81 | lr=[0.001] | cuda_peak_mb=7945.2
[2026-09-11 20:00:16] INFO Val horizons | 15min_mae=1.325498 15min_rmse=2.853846 15min_mape=2.832746 | 30min_mae=1.695781 30min_rmse=3.960793 30min_mape=3.921854 | 60min_mae=2.127184 60min_rmse=5.041259 60min_mape=5.311126
[2026-09-11 20:07:08] INFO Epoch 017 | stage=standard | train_total=9.999360 | train_forecast=0.797247 | train_confidence=0.000000 | train_risk=0.000000 | train_blend=0.000000 | val_total=1.667830 | val_mae=1.663790 | val_rmse=3.988872 | val_mape=3.763844 | val_confidence=0.000000 | val_risk=0.000000 | val_blend=0.000000 | batches=566/77 | seconds=411.31 | lr=[0.001] | cuda_peak_mb=7945.2
[2026-09-11 20:07:08] INFO Val horizons | 15min_mae=1.324481 15min_rmse=2.862896 15min_mape=2.799779 | 30min_mae=1.699323 30min_rmse=3.993021 30min_mape=3.831230 | 60min_mae=2.158657 60min_rmse=5.149814 60min_mape=5.132424
[2026-09-11 20:13:59] INFO Epoch 018 | stage=standard | train_total=10.008330 | train_forecast=0.797256 | train_confidence=0.000000 | train_risk=0.000000 | train_blend=0.000000 | val_total=1.647783 | val_mae=1.643746 | val_rmse=3.921887 | val_mape=3.723357 | val_confidence=0.000000 | val_risk=0.000000 | val_blend=0.000000 | batches=566/77 | seconds=411.06 | lr=[0.001] | cuda_peak_mb=7945.2
[2026-09-11 20:13:59] INFO Val horizons | 15min_mae=1.323593 15min_rmse=2.853281 15min_mape=2.802540 | 30min_mae=1.687580 30min_rmse=3.954103 30min_mape=3.814733 | 60min_mae=2.101731 60min_rmse=5.002518 60min_mape=5.002656
[2026-09-11 20:13:59] INFO Checkpoint updated | epoch=18 | stage=standard | best_val_mae=1.643746 | path=C:\Users\clw\projects\researchRep\STAnchor-BlockMemory\artifacts\cross_dataset_pemsbay\pemsbay_baseonly_st_ssdl_seed42\downstream_best.pt
[2026-09-11 20:20:49] INFO Epoch 019 | stage=standard | train_total=10.011625 | train_forecast=0.796694 | train_confidence=0.000000 | train_risk=0.000000 | train_blend=0.000000 | val_total=1.650959 | val_mae=1.646910 | val_rmse=3.976295 | val_mape=3.748427 | val_confidence=0.000000 | val_risk=0.000000 | val_blend=0.000000 | batches=566/77 | seconds=410.88 | lr=[0.001] | cuda_peak_mb=7945.2
[2026-09-11 20:20:49] INFO Val horizons | 15min_mae=1.322252 15min_rmse=2.859893 15min_mape=2.798435 | 30min_mae=1.688881 30min_rmse=3.990986 30min_mape=3.825950 | 60min_mae=2.110204 60min_rmse=5.107721 60min_mape=5.079249
[2026-09-11 20:27:41] INFO Epoch 020 | stage=standard | train_total=10.015766 | train_forecast=0.796474 | train_confidence=0.000000 | train_risk=0.000000 | train_blend=0.000000 | val_total=1.682375 | val_mae=1.678137 | val_rmse=3.958040 | val_mape=3.949394 | val_confidence=0.000000 | val_risk=0.000000 | val_blend=0.000000 | batches=566/77 | seconds=411.79 | lr=[0.001] | cuda_peak_mb=7945.2
[2026-09-11 20:27:41] INFO Val horizons | 15min_mae=1.326595 15min_rmse=2.854207 15min_mape=2.839268 | 30min_mae=1.711634 30min_rmse=3.965992 30min_mape=3.983913 | 60min_mae=2.190978 60min_rmse=5.107360 60min_mape=5.557802
[2026-09-11 20:34:55] INFO Epoch 021 | stage=standard | train_total=10.026405 | train_forecast=0.796270 | train_confidence=0.000000 | train_risk=0.000000 | train_blend=0.000000 | val_total=1.637153 | val_mae=1.633051 | val_rmse=3.917808 | val_mape=3.713360 | val_confidence=0.000000 | val_risk=0.000000 | val_blend=0.000000 | batches=566/77 | seconds=433.30 | lr=[0.001] | cuda_peak_mb=7945.2
[2026-09-11 20:34:55] INFO Val horizons | 15min_mae=1.319917 15min_rmse=2.849545 15min_mape=2.795226 | 30min_mae=1.679497 30min_rmse=3.953781 30min_mape=3.804976 | 60min_mae=2.075290 60min_rmse=4.985207 60min_mape=4.981563
[2026-09-11 20:34:55] INFO Checkpoint updated | epoch=21 | stage=standard | best_val_mae=1.633051 | path=C:\Users\clw\projects\researchRep\STAnchor-BlockMemory\artifacts\cross_dataset_pemsbay\pemsbay_baseonly_st_ssdl_seed42\downstream_best.pt
[2026-09-11 20:41:50] INFO Epoch 022 | stage=standard | train_total=10.036117 | train_forecast=0.795968 | train_confidence=0.000000 | train_risk=0.000000 | train_blend=0.000000 | val_total=1.643771 | val_mae=1.639708 | val_rmse=3.950430 | val_mape=3.758336 | val_confidence=0.000000 | val_risk=0.000000 | val_blend=0.000000 | batches=566/77 | seconds=414.95 | lr=[0.001] | cuda_peak_mb=7945.2
[2026-09-11 20:41:50] INFO Val horizons | 15min_mae=1.320785 15min_rmse=2.856889 15min_mape=2.800435 | 30min_mae=1.683889 30min_rmse=3.972699 30min_mape=3.834547 | 60min_mae=2.094398 60min_rmse=5.060747 60min_mape=5.106739
[2026-09-11 20:48:41] INFO Epoch 023 | stage=standard | train_total=10.043560 | train_forecast=0.795539 | train_confidence=0.000000 | train_risk=0.000000 | train_blend=0.000000 | val_total=1.651034 | val_mae=1.646927 | val_rmse=3.949481 | val_mape=3.756952 | val_confidence=0.000000 | val_risk=0.000000 | val_blend=0.000000 | batches=566/77 | seconds=411.89 | lr=[0.001] | cuda_peak_mb=7945.2
[2026-09-11 20:48:41] INFO Val horizons | 15min_mae=1.320426 15min_rmse=2.852186 15min_mape=2.794362 | 30min_mae=1.686659 30min_rmse=3.965670 30min_mape=3.828999 | 60min_mae=2.117889 60min_rmse=5.069644 60min_mape=5.115395
[2026-09-11 20:55:33] INFO Epoch 024 | stage=standard | train_total=10.066547 | train_forecast=0.795665 | train_confidence=0.000000 | train_risk=0.000000 | train_blend=0.000000 | val_total=1.661658 | val_mae=1.657596 | val_rmse=3.957204 | val_mape=3.791061 | val_confidence=0.000000 | val_risk=0.000000 | val_blend=0.000000 | batches=566/77 | seconds=411.55 | lr=[0.001] | cuda_peak_mb=7945.2
[2026-09-11 20:55:33] INFO Val horizons | 15min_mae=1.324367 15min_rmse=2.857829 15min_mape=2.808774 | 30min_mae=1.699189 30min_rmse=3.977239 30min_mape=3.866187 | 60min_mae=2.133371 60min_rmse=5.073670 60min_mape=5.168695
[2026-09-11 21:02:24] INFO Epoch 025 | stage=standard | train_total=10.072300 | train_forecast=0.794929 | train_confidence=0.000000 | train_risk=0.000000 | train_blend=0.000000 | val_total=1.657460 | val_mae=1.653414 | val_rmse=3.952032 | val_mape=3.854612 | val_confidence=0.000000 | val_risk=0.000000 | val_blend=0.000000 | batches=566/77 | seconds=411.07 | lr=[0.001] | cuda_peak_mb=7945.2
[2026-09-11 21:02:24] INFO Val horizons | 15min_mae=1.321616 15min_rmse=2.849307 15min_mape=2.816656 | 30min_mae=1.692207 30min_rmse=3.962307 30min_mape=3.901969 | 60min_mae=2.133229 60min_rmse=5.094006 60min_mape=5.357852
[2026-09-11 21:09:16] INFO Epoch 026 | stage=standard | train_total=10.074469 | train_forecast=0.795002 | train_confidence=0.000000 | train_risk=0.000000 | train_blend=0.000000 | val_total=1.652787 | val_mae=1.648734 | val_rmse=3.948708 | val_mape=3.785447 | val_confidence=0.000000 | val_risk=0.000000 | val_blend=0.000000 | batches=566/77 | seconds=411.79 | lr=[0.001] | cuda_peak_mb=7945.2
[2026-09-11 21:09:16] INFO Val horizons | 15min_mae=1.320108 15min_rmse=2.848726 15min_mape=2.805007 | 30min_mae=1.687405 30min_rmse=3.961048 30min_mape=3.856209 | 60min_mae=2.125294 60min_rmse=5.083068 60min_mape=5.175389
[2026-09-11 21:16:07] INFO Epoch 027 | stage=standard | train_total=10.085424 | train_forecast=0.794869 | train_confidence=0.000000 | train_risk=0.000000 | train_blend=0.000000 | val_total=1.657493 | val_mae=1.653428 | val_rmse=3.960811 | val_mape=3.780916 | val_confidence=0.000000 | val_risk=0.000000 | val_blend=0.000000 | batches=566/77 | seconds=411.36 | lr=[0.001] | cuda_peak_mb=7945.2
[2026-09-11 21:16:07] INFO Val horizons | 15min_mae=1.323316 15min_rmse=2.857436 15min_mape=2.801196 | 30min_mae=1.694361 30min_rmse=3.975629 30min_mape=3.850427 | 60min_mae=2.128264 60min_rmse=5.094437 60min_mape=5.172462
[2026-09-11 21:22:58] INFO Epoch 028 | stage=standard | train_total=10.094662 | train_forecast=0.794492 | train_confidence=0.000000 | train_risk=0.000000 | train_blend=0.000000 | val_total=1.664867 | val_mae=1.660824 | val_rmse=3.999243 | val_mape=3.731775 | val_confidence=0.000000 | val_risk=0.000000 | val_blend=0.000000 | batches=566/77 | seconds=410.81 | lr=[0.001] | cuda_peak_mb=7945.2
[2026-09-11 21:22:58] INFO Val horizons | 15min_mae=1.321388 15min_rmse=2.855328 15min_mape=2.788641 | 30min_mae=1.696402 30min_rmse=3.994182 30min_mape=3.805628 | 60min_mae=2.154529 60min_rmse=5.181919 60min_mape=5.061367
[2026-09-11 21:29:49] INFO Epoch 029 | stage=standard | train_total=10.110916 | train_forecast=0.794179 | train_confidence=0.000000 | train_risk=0.000000 | train_blend=0.000000 | val_total=1.655443 | val_mae=1.651331 | val_rmse=3.941950 | val_mape=3.831946 | val_confidence=0.000000 | val_risk=0.000000 | val_blend=0.000000 | batches=566/77 | seconds=411.32 | lr=[0.001] | cuda_peak_mb=7945.2
[2026-09-11 21:29:49] INFO Val horizons | 15min_mae=1.319987 15min_rmse=2.840948 15min_mape=2.818687 | 30min_mae=1.688956 30min_rmse=3.952997 30min_mape=3.892003 | 60min_mae=2.133928 60min_rmse=5.081169 60min_mape=5.287055
[2026-09-11 21:36:40] INFO Epoch 030 | stage=standard | train_total=10.109842 | train_forecast=0.794161 | train_confidence=0.000000 | train_risk=0.000000 | train_blend=0.000000 | val_total=1.659778 | val_mae=1.655826 | val_rmse=3.979403 | val_mape=3.801672 | val_confidence=0.000000 | val_risk=0.000000 | val_blend=0.000000 | batches=566/77 | seconds=411.08 | lr=[0.001] | cuda_peak_mb=7945.2
[2026-09-11 21:36:40] INFO Val horizons | 15min_mae=1.319940 15min_rmse=2.850054 15min_mape=2.797043 | 30min_mae=1.691592 30min_rmse=3.975258 30min_mape=3.854735 | 60min_mae=2.146841 60min_rmse=5.160642 60min_mape=5.259501
[2026-09-11 21:43:32] INFO Epoch 031 | stage=standard | train_total=10.130511 | train_forecast=0.793670 | train_confidence=0.000000 | train_risk=0.000000 | train_blend=0.000000 | val_total=1.648324 | val_mae=1.644276 | val_rmse=3.934616 | val_mape=3.771526 | val_confidence=0.000000 | val_risk=0.000000 | val_blend=0.000000 | batches=566/77 | seconds=411.18 | lr=[0.001] | cuda_peak_mb=7945.2
[2026-09-11 21:43:32] INFO Val horizons | 15min_mae=1.316714 15min_rmse=2.842858 15min_mape=2.793986 | 30min_mae=1.682844 30min_rmse=3.951104 30min_mape=3.839523 | 60min_mae=2.117805 60min_rmse=5.051856 60min_mape=5.159424
[2026-09-11 21:50:23] INFO Epoch 032 | stage=standard | train_total=10.140340 | train_forecast=0.793481 | train_confidence=0.000000 | train_risk=0.000000 | train_blend=0.000000 | val_total=1.622816 | val_mae=1.618700 | val_rmse=3.885877 | val_mape=3.700779 | val_confidence=0.000000 | val_risk=0.000000 | val_blend=0.000000 | batches=566/77 | seconds=411.36 | lr=[0.001] | cuda_peak_mb=7945.2
[2026-09-11 21:50:23] INFO Val horizons | 15min_mae=1.313897 15min_rmse=2.833422 15min_mape=2.782101 | 30min_mae=1.665315 30min_rmse=3.920065 30min_mape=3.784015 | 60min_mae=2.051500 60min_rmse=4.949144 60min_mape=4.990886
[2026-09-11 21:50:23] INFO Checkpoint updated | epoch=32 | stage=standard | best_val_mae=1.618700 | path=C:\Users\clw\projects\researchRep\STAnchor-BlockMemory\artifacts\cross_dataset_pemsbay\pemsbay_baseonly_st_ssdl_seed42\downstream_best.pt
[2026-09-11 21:57:11] INFO Epoch 033 | stage=standard | train_total=10.143303 | train_forecast=0.793467 | train_confidence=0.000000 | train_risk=0.000000 | train_blend=0.000000 | val_total=1.657587 | val_mae=1.653555 | val_rmse=3.933083 | val_mape=3.818815 | val_confidence=0.000000 | val_risk=0.000000 | val_blend=0.000000 | batches=566/77 | seconds=407.99 | lr=[0.001] | cuda_peak_mb=7945.2
[2026-09-11 21:57:11] INFO Val horizons | 15min_mae=1.319409 15min_rmse=2.840397 15min_mape=2.808435 | 30min_mae=1.689707 30min_rmse=3.944224 30min_mape=3.877950 | 60min_mae=2.141482 60min_rmse=5.065070 60min_mape=5.266990
[2026-09-11 22:03:54] INFO Epoch 034 | stage=standard | train_total=10.179438 | train_forecast=0.793426 | train_confidence=0.000000 | train_risk=0.000000 | train_blend=0.000000 | val_total=1.665667 | val_mae=1.661609 | val_rmse=3.974478 | val_mape=3.883505 | val_confidence=0.000000 | val_risk=0.000000 | val_blend=0.000000 | batches=566/77 | seconds=403.24 | lr=[0.001] | cuda_peak_mb=7945.2
[2026-09-11 22:03:54] INFO Val horizons | 15min_mae=1.320076 15min_rmse=2.847195 15min_mape=2.818752 | 30min_mae=1.696394 30min_rmse=3.971297 30min_mape=3.918875 | 60min_mae=2.159017 60min_rmse=5.153064 60min_mape=5.441595
[2026-09-11 22:10:37] INFO Epoch 035 | stage=standard | train_total=10.174000 | train_forecast=0.792880 | train_confidence=0.000000 | train_risk=0.000000 | train_blend=0.000000 | val_total=1.646549 | val_mae=1.642499 | val_rmse=3.949465 | val_mape=3.768836 | val_confidence=0.000000 | val_risk=0.000000 | val_blend=0.000000 | batches=566/77 | seconds=402.49 | lr=[0.001] | cuda_peak_mb=7945.2
[2026-09-11 22:10:37] INFO Val horizons | 15min_mae=1.316689 15min_rmse=2.837821 15min_mape=2.805738 | 30min_mae=1.681059 30min_rmse=3.953618 30min_mape=3.841501 | 60min_mae=2.115550 60min_rmse=5.099156 60min_mape=5.141429
[2026-09-11 22:17:16] INFO Epoch 036 | stage=standard | train_total=10.195122 | train_forecast=0.792616 | train_confidence=0.000000 | train_risk=0.000000 | train_blend=0.000000 | val_total=1.639278 | val_mae=1.635200 | val_rmse=3.946114 | val_mape=3.724298 | val_confidence=0.000000 | val_risk=0.000000 | val_blend=0.000000 | batches=566/77 | seconds=399.58 | lr=[0.001] | cuda_peak_mb=7945.2
[2026-09-11 22:17:16] INFO Val horizons | 15min_mae=1.316129 15min_rmse=2.846687 15min_mape=2.776055 | 30min_mae=1.674552 30min_rmse=3.957261 30min_mape=3.792199 | 60min_mae=2.100504 60min_rmse=5.084082 60min_mape=5.083092
[2026-09-11 22:23:56] INFO Epoch 037 | stage=standard | train_total=10.203306 | train_forecast=0.792474 | train_confidence=0.000000 | train_risk=0.000000 | train_blend=0.000000 | val_total=1.625967 | val_mae=1.621885 | val_rmse=3.890727 | val_mape=3.756884 | val_confidence=0.000000 | val_risk=0.000000 | val_blend=0.000000 | batches=566/77 | seconds=400.09 | lr=[0.001] | cuda_peak_mb=7945.2
[2026-09-11 22:23:56] INFO Val horizons | 15min_mae=1.313832 15min_rmse=2.829455 15min_mape=2.793178 | 30min_mae=1.667971 30min_rmse=3.918744 30min_mape=3.838003 | 60min_mae=2.061499 60min_rmse=4.978490 60min_mape=5.108861
[2026-09-11 22:30:37] INFO Epoch 038 | stage=standard | train_total=10.215528 | train_forecast=0.792323 | train_confidence=0.000000 | train_risk=0.000000 | train_blend=0.000000 | val_total=1.639104 | val_mae=1.634931 | val_rmse=3.944311 | val_mape=3.683493 | val_confidence=0.000000 | val_risk=0.000000 | val_blend=0.000000 | batches=566/77 | seconds=400.36 | lr=[0.001] | cuda_peak_mb=7945.2
[2026-09-11 22:30:37] INFO Val horizons | 15min_mae=1.313517 15min_rmse=2.837808 15min_mape=2.771610 | 30min_mae=1.674177 30min_rmse=3.953568 30min_mape=3.765011 | 60min_mae=2.099907 60min_rmse=5.078756 60min_mape=4.961147
[2026-09-11 22:37:18] INFO Epoch 039 | stage=standard | train_total=10.221561 | train_forecast=0.792105 | train_confidence=0.000000 | train_risk=0.000000 | train_blend=0.000000 | val_total=1.620915 | val_mae=1.616894 | val_rmse=3.873358 | val_mape=3.693408 | val_confidence=0.000000 | val_risk=0.000000 | val_blend=0.000000 | batches=566/77 | seconds=400.77 | lr=[0.001] | cuda_peak_mb=7945.2
[2026-09-11 22:37:18] INFO Val horizons | 15min_mae=1.312315 15min_rmse=2.828996 15min_mape=2.778867 | 30min_mae=1.663869 30min_rmse=3.909184 30min_mape=3.777978 | 60min_mae=2.050245 60min_rmse=4.932097 60min_mape=4.981645
[2026-09-11 22:37:18] INFO Checkpoint updated | epoch=39 | stage=standard | best_val_mae=1.616894 | path=C:\Users\clw\projects\researchRep\STAnchor-BlockMemory\artifacts\cross_dataset_pemsbay\pemsbay_baseonly_st_ssdl_seed42\downstream_best.pt
[2026-09-11 22:43:59] INFO Epoch 040 | stage=standard | train_total=10.239883 | train_forecast=0.792181 | train_confidence=0.000000 | train_risk=0.000000 | train_blend=0.000000 | val_total=1.637297 | val_mae=1.633148 | val_rmse=3.958379 | val_mape=3.692437 | val_confidence=0.000000 | val_risk=0.000000 | val_blend=0.000000 | batches=566/77 | seconds=401.10 | lr=[0.001] | cuda_peak_mb=7945.2
[2026-09-11 22:43:59] INFO Val horizons | 15min_mae=1.314180 15min_rmse=2.842374 15min_mape=2.775835 | 30min_mae=1.673790 30min_rmse=3.961826 30min_mape=3.769258 | 60min_mae=2.093080 60min_rmse=5.106560 60min_mape=4.988404
[2026-09-11 22:50:40] INFO Epoch 041 | stage=standard | train_total=10.249470 | train_forecast=0.791830 | train_confidence=0.000000 | train_risk=0.000000 | train_blend=0.000000 | val_total=1.627897 | val_mae=1.623843 | val_rmse=3.911278 | val_mape=3.720012 | val_confidence=0.000000 | val_risk=0.000000 | val_blend=0.000000 | batches=566/77 | seconds=401.10 | lr=[0.001] | cuda_peak_mb=7945.2
[2026-09-11 22:50:40] INFO Val horizons | 15min_mae=1.313608 15min_rmse=2.837865 15min_mape=2.783684 | 30min_mae=1.668440 30min_rmse=3.937018 30min_mape=3.800511 | 60min_mae=2.067821 60min_rmse=5.003943 60min_mape=5.042488
[2026-09-11 22:57:21] INFO Epoch 042 | stage=standard | train_total=10.261611 | train_forecast=0.791295 | train_confidence=0.000000 | train_risk=0.000000 | train_blend=0.000000 | val_total=1.632841 | val_mae=1.628643 | val_rmse=3.898144 | val_mape=3.797975 | val_confidence=0.000000 | val_risk=0.000000 | val_blend=0.000000 | batches=566/77 | seconds=400.82 | lr=[0.001] | cuda_peak_mb=7945.2
[2026-09-11 22:57:21] INFO Val horizons | 15min_mae=1.312308 15min_rmse=2.827644 15min_mape=2.791057 | 30min_mae=1.671691 30min_rmse=3.921550 30min_mape=3.855869 | 60min_mae=2.080950 60min_rmse=4.995107 60min_mape=5.239308
[2026-09-11 23:04:02] INFO Epoch 043 | stage=standard | train_total=10.263418 | train_forecast=0.791536 | train_confidence=0.000000 | train_risk=0.000000 | train_blend=0.000000 | val_total=1.623667 | val_mae=1.619613 | val_rmse=3.885400 | val_mape=3.712954 | val_confidence=0.000000 | val_risk=0.000000 | val_blend=0.000000 | batches=566/77 | seconds=401.07 | lr=[0.001] | cuda_peak_mb=7945.2
[2026-09-11 23:04:02] INFO Val horizons | 15min_mae=1.310184 15min_rmse=2.824954 15min_mape=2.776022 | 30min_mae=1.663858 30min_rmse=3.910750 30min_mape=3.786130 | 60min_mae=2.061518 60min_rmse=4.970190 60min_mape=5.042097
[2026-09-11 23:10:43] INFO Epoch 044 | stage=standard | train_total=10.279584 | train_forecast=0.791263 | train_confidence=0.000000 | train_risk=0.000000 | train_blend=0.000000 | val_total=1.617746 | val_mae=1.613640 | val_rmse=3.882447 | val_mape=3.731408 | val_confidence=0.000000 | val_risk=0.000000 | val_blend=0.000000 | batches=566/77 | seconds=401.28 | lr=[0.001] | cuda_peak_mb=7945.2
[2026-09-11 23:10:43] INFO Val horizons | 15min_mae=1.311703 15min_rmse=2.831957 15min_mape=2.791668 | 30min_mae=1.661027 30min_rmse=3.917088 30min_mape=3.820711 | 60min_mae=2.043446 60min_rmse=4.949085 60min_mape=5.039795
[2026-09-11 23:10:43] INFO Checkpoint updated | epoch=44 | stage=standard | best_val_mae=1.613640 | path=C:\Users\clw\projects\researchRep\STAnchor-BlockMemory\artifacts\cross_dataset_pemsbay\pemsbay_baseonly_st_ssdl_seed42\downstream_best.pt
[2026-09-11 23:17:24] INFO Epoch 045 | stage=standard | train_total=10.297140 | train_forecast=0.791308 | train_confidence=0.000000 | train_risk=0.000000 | train_blend=0.000000 | val_total=1.626778 | val_mae=1.622711 | val_rmse=3.887209 | val_mape=3.702183 | val_confidence=0.000000 | val_risk=0.000000 | val_blend=0.000000 | batches=566/77 | seconds=400.96 | lr=[0.001] | cuda_peak_mb=7945.2
[2026-09-11 23:17:24] INFO Val horizons | 15min_mae=1.311832 15min_rmse=2.827317 15min_mape=2.772598 | 30min_mae=1.666552 30min_rmse=3.912702 30min_mape=3.780324 | 60min_mae=2.068365 60min_rmse=4.971280 60min_mape=5.016291
[2026-09-11 23:24:05] INFO Epoch 046 | stage=standard | train_total=10.306014 | train_forecast=0.790678 | train_confidence=0.000000 | train_risk=0.000000 | train_blend=0.000000 | val_total=1.616936 | val_mae=1.612763 | val_rmse=3.893196 | val_mape=3.702378 | val_confidence=0.000000 | val_risk=0.000000 | val_blend=0.000000 | batches=566/77 | seconds=400.92 | lr=[0.001] | cuda_peak_mb=7945.2
[2026-09-11 23:24:05] INFO Val horizons | 15min_mae=1.308658 15min_rmse=2.825942 15min_mape=2.776715 | 30min_mae=1.657177 30min_rmse=3.916381 30min_mape=3.785104 | 60min_mae=2.049100 60min_rmse=4.983299 60min_mape=5.002919
[2026-09-11 23:24:05] INFO Checkpoint updated | epoch=46 | stage=standard | best_val_mae=1.612763 | path=C:\Users\clw\projects\researchRep\STAnchor-BlockMemory\artifacts\cross_dataset_pemsbay\pemsbay_baseonly_st_ssdl_seed42\downstream_best.pt
[2026-09-11 23:30:46] INFO Epoch 047 | stage=standard | train_total=10.324088 | train_forecast=0.791009 | train_confidence=0.000000 | train_risk=0.000000 | train_blend=0.000000 | val_total=1.612524 | val_mae=1.608367 | val_rmse=3.861156 | val_mape=3.704151 | val_confidence=0.000000 | val_risk=0.000000 | val_blend=0.000000 | batches=566/77 | seconds=401.21 | lr=[0.001] | cuda_peak_mb=7945.2
[2026-09-11 23:30:46] INFO Val horizons | 15min_mae=1.310493 15min_rmse=2.826726 15min_mape=2.779846 | 30min_mae=1.656969 30min_rmse=3.902472 30min_mape=3.792616 | 60min_mae=2.030381 60min_rmse=4.903038 60min_mape=4.993016
[2026-09-11 23:30:46] INFO Checkpoint updated | epoch=47 | stage=standard | best_val_mae=1.608367 | path=C:\Users\clw\projects\researchRep\STAnchor-BlockMemory\artifacts\cross_dataset_pemsbay\pemsbay_baseonly_st_ssdl_seed42\downstream_best.pt
[2026-09-11 23:37:27] INFO Epoch 048 | stage=standard | train_total=10.335428 | train_forecast=0.790645 | train_confidence=0.000000 | train_risk=0.000000 | train_blend=0.000000 | val_total=1.638101 | val_mae=1.633969 | val_rmse=3.914297 | val_mape=3.774823 | val_confidence=0.000000 | val_risk=0.000000 | val_blend=0.000000 | batches=566/77 | seconds=400.93 | lr=[0.001] | cuda_peak_mb=7945.2
[2026-09-11 23:37:27] INFO Val horizons | 15min_mae=1.315158 15min_rmse=2.834866 15min_mape=2.793396 | 30min_mae=1.678775 30min_rmse=3.937758 30min_mape=3.847835 | 60min_mae=2.086250 60min_rmse=5.013078 60min_mape=5.158375
[2026-09-11 23:44:08] INFO Epoch 049 | stage=standard | train_total=10.352612 | train_forecast=0.790515 | train_confidence=0.000000 | train_risk=0.000000 | train_blend=0.000000 | val_total=1.631009 | val_mae=1.626895 | val_rmse=3.924551 | val_mape=3.680219 | val_confidence=0.000000 | val_risk=0.000000 | val_blend=0.000000 | batches=566/77 | seconds=401.02 | lr=[0.001] | cuda_peak_mb=7945.2
[2026-09-11 23:44:08] INFO Val horizons | 15min_mae=1.308709 15min_rmse=2.822069 15min_mape=2.761486 | 30min_mae=1.664691 30min_rmse=3.928553 30min_mape=3.754217 | 60min_mae=2.090306 60min_rmse=5.062201 60min_mape=4.982890
[2026-09-11 23:50:49] INFO Epoch 050 | stage=standard | train_total=10.384963 | train_forecast=0.790159 | train_confidence=0.000000 | train_risk=0.000000 | train_blend=0.000000 | val_total=1.624625 | val_mae=1.620498 | val_rmse=3.890471 | val_mape=3.732161 | val_confidence=0.000000 | val_risk=0.000000 | val_blend=0.000000 | batches=566/77 | seconds=401.07 | lr=[0.001] | cuda_peak_mb=7945.2
[2026-09-11 23:50:49] INFO Val horizons | 15min_mae=1.312550 15min_rmse=2.824997 15min_mape=2.794066 | 30min_mae=1.666394 30min_rmse=3.916707 30min_mape=3.820256 | 60min_mae=2.058761 60min_rmse=4.974449 60min_mape=5.042251
[2026-09-11 23:57:30] INFO Epoch 051 | stage=standard | train_total=10.386131 | train_forecast=0.789724 | train_confidence=0.000000 | train_risk=0.000000 | train_blend=0.000000 | val_total=1.626420 | val_mae=1.622368 | val_rmse=3.896579 | val_mape=3.691592 | val_confidence=0.000000 | val_risk=0.000000 | val_blend=0.000000 | batches=566/77 | seconds=401.01 | lr=[0.001] | cuda_peak_mb=7945.2
[2026-09-11 23:57:30] INFO Val horizons | 15min_mae=1.312315 15min_rmse=2.828299 15min_mape=2.775141 | 30min_mae=1.667934 30min_rmse=3.922566 30min_mape=3.778064 | 60min_mae=2.062971 60min_rmse=4.977101 60min_mape=4.971188
[2026-09-12 00:04:11] INFO Epoch 052 | stage=standard | train_total=10.411281 | train_forecast=0.790145 | train_confidence=0.000000 | train_risk=0.000000 | train_blend=0.000000 | val_total=1.648082 | val_mae=1.643944 | val_rmse=3.938739 | val_mape=3.789870 | val_confidence=0.000000 | val_risk=0.000000 | val_blend=0.000000 | batches=566/77 | seconds=401.08 | lr=[0.001] | cuda_peak_mb=7945.2
[2026-09-12 00:04:11] INFO Val horizons | 15min_mae=1.314461 15min_rmse=2.837921 15min_mape=2.789562 | 30min_mae=1.682383 30min_rmse=3.952345 30min_mape=3.853048 | 60min_mae=2.123552 60min_rmse=5.075383 60min_mape=5.217906
[2026-09-12 00:10:52] INFO Epoch 053 | stage=standard | train_total=10.422020 | train_forecast=0.790179 | train_confidence=0.000000 | train_risk=0.000000 | train_blend=0.000000 | val_total=1.614822 | val_mae=1.610717 | val_rmse=3.869304 | val_mape=3.696878 | val_confidence=0.000000 | val_risk=0.000000 | val_blend=0.000000 | batches=566/77 | seconds=400.93 | lr=[0.001] | cuda_peak_mb=7945.2
[2026-09-12 00:10:52] INFO Val horizons | 15min_mae=1.306964 15min_rmse=2.818735 15min_mape=2.772277 | 30min_mae=1.656764 30min_rmse=3.901355 30min_mape=3.776075 | 60min_mae=2.041460 60min_rmse=4.931396 60min_mape=4.998115
[2026-09-12 00:17:33] INFO Epoch 054 | stage=standard | train_total=10.441827 | train_forecast=0.789692 | train_confidence=0.000000 | train_risk=0.000000 | train_blend=0.000000 | val_total=1.633256 | val_mae=1.629256 | val_rmse=3.916045 | val_mape=3.697586 | val_confidence=0.000000 | val_risk=0.000000 | val_blend=0.000000 | batches=566/77 | seconds=400.83 | lr=[0.001] | cuda_peak_mb=7945.2
[2026-09-12 00:17:33] INFO Val horizons | 15min_mae=1.312713 15min_rmse=2.835461 15min_mape=2.770383 | 30min_mae=1.673252 30min_rmse=3.936942 30min_mape=3.783282 | 60min_mae=2.080500 60min_rmse=5.017913 60min_mape=4.990767
[2026-09-12 00:24:14] INFO Epoch 055 | stage=standard | train_total=10.464020 | train_forecast=0.789658 | train_confidence=0.000000 | train_risk=0.000000 | train_blend=0.000000 | val_total=1.618224 | val_mae=1.613870 | val_rmse=3.879380 | val_mape=3.708925 | val_confidence=0.000000 | val_risk=0.000000 | val_blend=0.000000 | batches=566/77 | seconds=400.90 | lr=[0.001] | cuda_peak_mb=7945.2
[2026-09-12 00:24:14] INFO Val horizons | 15min_mae=1.310732 15min_rmse=2.825143 15min_mape=2.794319 | 30min_mae=1.661770 30min_rmse=3.920870 30min_mape=3.813732 | 60min_mae=2.045285 60min_rmse=4.940698 60min_mape=4.960938
[2026-09-12 00:30:55] INFO Epoch 056 | stage=standard | train_total=10.481111 | train_forecast=0.790122 | train_confidence=0.000000 | train_risk=0.000000 | train_blend=0.000000 | val_total=1.618984 | val_mae=1.614945 | val_rmse=3.847289 | val_mape=3.707533 | val_confidence=0.000000 | val_risk=0.000000 | val_blend=0.000000 | batches=566/77 | seconds=401.06 | lr=[0.001] | cuda_peak_mb=7945.2
[2026-09-12 00:30:55] INFO Val horizons | 15min_mae=1.311036 15min_rmse=2.825196 15min_mape=2.777326 | 30min_mae=1.663197 30min_rmse=3.897524 30min_mape=3.792678 | 60min_mae=2.045166 60min_rmse=4.874723 60min_mape=5.012498
[2026-09-12 00:37:36] INFO Epoch 057 | stage=standard | train_total=10.497092 | train_forecast=0.788995 | train_confidence=0.000000 | train_risk=0.000000 | train_blend=0.000000 | val_total=1.611529 | val_mae=1.607294 | val_rmse=3.851110 | val_mape=3.611391 | val_confidence=0.000000 | val_risk=0.000000 | val_blend=0.000000 | batches=566/77 | seconds=400.66 | lr=[0.001] | cuda_peak_mb=7945.2
[2026-09-12 00:37:36] INFO Val horizons | 15min_mae=1.305179 15min_rmse=2.815400 15min_mape=2.755140 | 30min_mae=1.648906 30min_rmse=3.884722 30min_mape=3.713138 | 60min_mae=2.048948 60min_rmse=4.906072 60min_mape=4.795411
[2026-09-12 00:37:36] INFO Checkpoint updated | epoch=57 | stage=standard | best_val_mae=1.607294 | path=C:\Users\clw\projects\researchRep\STAnchor-BlockMemory\artifacts\cross_dataset_pemsbay\pemsbay_baseonly_st_ssdl_seed42\downstream_best.pt
[2026-09-12 00:44:17] INFO Epoch 058 | stage=standard | train_total=10.514640 | train_forecast=0.789439 | train_confidence=0.000000 | train_risk=0.000000 | train_blend=0.000000 | val_total=1.625585 | val_mae=1.621467 | val_rmse=3.888595 | val_mape=3.760731 | val_confidence=0.000000 | val_risk=0.000000 | val_blend=0.000000 | batches=566/77 | seconds=400.85 | lr=[0.001] | cuda_peak_mb=7945.2
[2026-09-12 00:44:17] INFO Val horizons | 15min_mae=1.309326 15min_rmse=2.818847 15min_mape=2.791497 | 30min_mae=1.663729 30min_rmse=3.905998 30min_mape=3.830780 | 60min_mae=2.072144 60min_rmse=4.994445 60min_mape=5.145326
[2026-09-12 00:50:57] INFO Epoch 059 | stage=standard | train_total=10.533546 | train_forecast=0.789164 | train_confidence=0.000000 | train_risk=0.000000 | train_blend=0.000000 | val_total=1.614958 | val_mae=1.610902 | val_rmse=3.857616 | val_mape=3.698610 | val_confidence=0.000000 | val_risk=0.000000 | val_blend=0.000000 | batches=566/77 | seconds=400.64 | lr=[0.001] | cuda_peak_mb=7945.2
[2026-09-12 00:50:57] INFO Val horizons | 15min_mae=1.310970 15min_rmse=2.826484 15min_mape=2.781922 | 30min_mae=1.662014 30min_rmse=3.908286 30min_mape=3.799949 | 60min_mae=2.031999 60min_rmse=4.888776 60min_mape=4.957268
[2026-09-12 00:57:38] INFO Epoch 060 | stage=standard | train_total=10.557485 | train_forecast=0.789770 | train_confidence=0.000000 | train_risk=0.000000 | train_blend=0.000000 | val_total=1.613012 | val_mae=1.608956 | val_rmse=3.866500 | val_mape=3.708766 | val_confidence=0.000000 | val_risk=0.000000 | val_blend=0.000000 | batches=566/77 | seconds=400.93 | lr=[0.001] | cuda_peak_mb=7945.2
[2026-09-12 00:57:38] INFO Val horizons | 15min_mae=1.308604 15min_rmse=2.817567 15min_mape=2.776003 | 30min_mae=1.655713 30min_rmse=3.895666 30min_mape=3.788748 | 60min_mae=2.039172 60min_rmse=4.944499 60min_mape=5.030885
[2026-09-12 01:04:19] INFO Epoch 061 | stage=standard | train_total=10.572973 | train_forecast=0.789275 | train_confidence=0.000000 | train_risk=0.000000 | train_blend=0.000000 | val_total=1.621968 | val_mae=1.617910 | val_rmse=3.881748 | val_mape=3.696362 | val_confidence=0.000000 | val_risk=0.000000 | val_blend=0.000000 | batches=566/77 | seconds=400.85 | lr=[0.001] | cuda_peak_mb=7945.2
[2026-09-12 01:04:19] INFO Val horizons | 15min_mae=1.312613 15min_rmse=2.833674 15min_mape=2.783263 | 30min_mae=1.666973 30min_rmse=3.926873 30min_mape=3.791798 | 60min_mae=2.048853 60min_rmse=4.932594 60min_mape=4.965369
[2026-09-12 01:11:00] INFO Epoch 062 | stage=standard | train_total=10.583414 | train_forecast=0.789032 | train_confidence=0.000000 | train_risk=0.000000 | train_blend=0.000000 | val_total=1.616955 | val_mae=1.612849 | val_rmse=3.890728 | val_mape=3.753084 | val_confidence=0.000000 | val_risk=0.000000 | val_blend=0.000000 | batches=566/77 | seconds=400.62 | lr=[0.001] | cuda_peak_mb=7945.2
[2026-09-12 01:11:00] INFO Val horizons | 15min_mae=1.307297 15min_rmse=2.817261 15min_mape=2.782382 | 30min_mae=1.658347 30min_rmse=3.911647 30min_mape=3.821653 | 60min_mae=2.049665 60min_rmse=4.996968 60min_mape=5.143327
[2026-09-12 01:17:40] INFO Epoch 063 | stage=standard | train_total=10.593455 | train_forecast=0.788895 | train_confidence=0.000000 | train_risk=0.000000 | train_blend=0.000000 | val_total=1.618527 | val_mae=1.614473 | val_rmse=3.878287 | val_mape=3.760719 | val_confidence=0.000000 | val_risk=0.000000 | val_blend=0.000000 | batches=566/77 | seconds=400.73 | lr=[0.001] | cuda_peak_mb=7945.2
[2026-09-12 01:17:40] INFO Val horizons | 15min_mae=1.307643 15min_rmse=2.820684 15min_mape=2.778570 | 30min_mae=1.660470 30min_rmse=3.904848 30min_mape=3.826666 | 60min_mae=2.052594 60min_rmse=4.967451 60min_mape=5.163579
[2026-09-12 01:24:21] INFO Epoch 064 | stage=standard | train_total=10.605487 | train_forecast=0.789123 | train_confidence=0.000000 | train_risk=0.000000 | train_blend=0.000000 | val_total=1.634014 | val_mae=1.629860 | val_rmse=3.928858 | val_mape=3.714569 | val_confidence=0.000000 | val_risk=0.000000 | val_blend=0.000000 | batches=566/77 | seconds=400.82 | lr=[0.001] | cuda_peak_mb=7945.2
[2026-09-12 01:24:21] INFO Val horizons | 15min_mae=1.310426 15min_rmse=2.830167 15min_mape=2.767445 | 30min_mae=1.673518 30min_rmse=3.949161 30min_mape=3.794319 | 60min_mae=2.082728 60min_rmse=5.041208 60min_mape=5.038871
[2026-09-12 01:31:02] INFO Epoch 065 | stage=standard | train_total=10.626942 | train_forecast=0.788589 | train_confidence=0.000000 | train_risk=0.000000 | train_blend=0.000000 | val_total=1.626643 | val_mae=1.622388 | val_rmse=3.899378 | val_mape=3.688286 | val_confidence=0.000000 | val_risk=0.000000 | val_blend=0.000000 | batches=566/77 | seconds=400.88 | lr=[0.001] | cuda_peak_mb=7945.2
[2026-09-12 01:31:02] INFO Val horizons | 15min_mae=1.310879 15min_rmse=2.828876 15min_mape=2.771922 | 30min_mae=1.667623 30min_rmse=3.932419 30min_mape=3.780568 | 60min_mae=2.067351 60min_rmse=4.982603 60min_mape=4.964232
[2026-09-12 01:37:43] INFO Epoch 066 | stage=standard | train_total=10.630021 | train_forecast=0.789943 | train_confidence=0.000000 | train_risk=0.000000 | train_blend=0.000000 | val_total=1.609189 | val_mae=1.604985 | val_rmse=3.864682 | val_mape=3.673857 | val_confidence=0.000000 | val_risk=0.000000 | val_blend=0.000000 | batches=566/77 | seconds=400.70 | lr=[0.001] | cuda_peak_mb=7945.2
[2026-09-12 01:37:43] INFO Val horizons | 15min_mae=1.305192 15min_rmse=2.813935 15min_mape=2.771911 | 30min_mae=1.652261 30min_rmse=3.902890 30min_mape=3.773955 | 60min_mae=2.031389 60min_rmse=4.921882 60min_mape=4.914734
[2026-09-12 01:37:43] INFO Checkpoint updated | epoch=66 | stage=standard | best_val_mae=1.604985 | path=C:\Users\clw\projects\researchRep\STAnchor-BlockMemory\artifacts\cross_dataset_pemsbay\pemsbay_baseonly_st_ssdl_seed42\downstream_best.pt
[2026-09-12 01:44:24] INFO Epoch 067 | stage=standard | train_total=10.644641 | train_forecast=0.789325 | train_confidence=0.000000 | train_risk=0.000000 | train_blend=0.000000 | val_total=1.610121 | val_mae=1.605967 | val_rmse=3.880671 | val_mape=3.647011 | val_confidence=0.000000 | val_risk=0.000000 | val_blend=0.000000 | batches=566/77 | seconds=400.58 | lr=[0.001] | cuda_peak_mb=7945.2
[2026-09-12 01:44:24] INFO Val horizons | 15min_mae=1.303962 15min_rmse=2.818868 15min_mape=2.741795 | 30min_mae=1.651714 30min_rmse=3.906367 30min_mape=3.720516 | 60min_mae=2.033974 60min_rmse=4.957796 60min_mape=4.929135
[2026-09-12 01:51:04] INFO Epoch 068 | stage=standard | train_total=10.656280 | train_forecast=0.789423 | train_confidence=0.000000 | train_risk=0.000000 | train_blend=0.000000 | val_total=1.634629 | val_mae=1.630343 | val_rmse=3.892850 | val_mape=3.866742 | val_confidence=0.000000 | val_risk=0.000000 | val_blend=0.000000 | batches=566/77 | seconds=400.55 | lr=[0.001] | cuda_peak_mb=7945.2
[2026-09-12 01:51:04] INFO Val horizons | 15min_mae=1.311524 15min_rmse=2.814052 15min_mape=2.820472 | 30min_mae=1.672859 30min_rmse=3.911359 30min_mape=3.927812 | 60min_mae=2.087310 60min_rmse=5.002516 60min_mape=5.346950
[2026-09-12 01:57:45] INFO Epoch 069 | stage=standard | train_total=10.675110 | train_forecast=0.789723 | train_confidence=0.000000 | train_risk=0.000000 | train_blend=0.000000 | val_total=1.610576 | val_mae=1.606480 | val_rmse=3.842579 | val_mape=3.696519 | val_confidence=0.000000 | val_risk=0.000000 | val_blend=0.000000 | batches=566/77 | seconds=400.64 | lr=[0.001] | cuda_peak_mb=7945.2
[2026-09-12 01:57:45] INFO Val horizons | 15min_mae=1.306872 15min_rmse=2.817462 15min_mape=2.770665 | 30min_mae=1.656109 30min_rmse=3.892038 30min_mape=3.789587 | 60min_mae=2.028354 60min_rmse=4.869639 60min_mape=4.975780
[2026-09-12 02:04:25] INFO Epoch 070 | stage=standard | train_total=10.691054 | train_forecast=0.788883 | train_confidence=0.000000 | train_risk=0.000000 | train_blend=0.000000 | val_total=1.598515 | val_mae=1.594351 | val_rmse=3.843106 | val_mape=3.656129 | val_confidence=0.000000 | val_risk=0.000000 | val_blend=0.000000 | batches=566/77 | seconds=400.39 | lr=[0.001] | cuda_peak_mb=7945.2
[2026-09-12 02:04:25] INFO Val horizons | 15min_mae=1.303959 15min_rmse=2.813620 15min_mape=2.769868 | 30min_mae=1.646166 30min_rmse=3.893868 30min_mape=3.763650 | 60min_mae=1.999050 60min_rmse=4.862175 60min_mape=4.863282
[2026-09-12 02:04:25] INFO Checkpoint updated | epoch=70 | stage=standard | best_val_mae=1.594351 | path=C:\Users\clw\projects\researchRep\STAnchor-BlockMemory\artifacts\cross_dataset_pemsbay\pemsbay_baseonly_st_ssdl_seed42\downstream_best.pt
[2026-09-12 02:11:06] INFO Epoch 071 | stage=standard | train_total=10.701717 | train_forecast=0.788793 | train_confidence=0.000000 | train_risk=0.000000 | train_blend=0.000000 | val_total=1.601708 | val_mae=1.597615 | val_rmse=3.852700 | val_mape=3.634021 | val_confidence=0.000000 | val_risk=0.000000 | val_blend=0.000000 | batches=566/77 | seconds=401.08 | lr=[0.0001] | cuda_peak_mb=7945.2
[2026-09-12 02:11:06] INFO Val horizons | 15min_mae=1.302086 15min_rmse=2.811967 15min_mape=2.750246 | 30min_mae=1.646130 30min_rmse=3.892192 30min_mape=3.729811 | 60min_mae=2.014992 60min_rmse=4.898318 60min_mape=4.857508
[2026-09-12 02:17:47] INFO Epoch 072 | stage=standard | train_total=10.697106 | train_forecast=0.788427 | train_confidence=0.000000 | train_risk=0.000000 | train_blend=0.000000 | val_total=1.605339 | val_mae=1.601268 | val_rmse=3.856256 | val_mape=3.674852 | val_confidence=0.000000 | val_risk=0.000000 | val_blend=0.000000 | batches=566/77 | seconds=401.28 | lr=[0.0001] | cuda_peak_mb=7945.2
[2026-09-12 02:17:47] INFO Val horizons | 15min_mae=1.302600 15min_rmse=2.811856 15min_mape=2.761212 | 30min_mae=1.648426 30min_rmse=3.893827 30min_mape=3.763934 | 60min_mae=2.026181 60min_rmse=4.912735 60min_mape=4.951866
[2026-09-12 02:24:29] INFO Epoch 073 | stage=standard | train_total=10.700662 | train_forecast=0.788784 | train_confidence=0.000000 | train_risk=0.000000 | train_blend=0.000000 | val_total=1.602190 | val_mae=1.598122 | val_rmse=3.849453 | val_mape=3.650908 | val_confidence=0.000000 | val_risk=0.000000 | val_blend=0.000000 | batches=566/77 | seconds=401.38 | lr=[0.0001] | cuda_peak_mb=7945.2
[2026-09-12 02:24:29] INFO Val horizons | 15min_mae=1.301747 15min_rmse=2.808901 15min_mape=2.751636 | 30min_mae=1.646004 30min_rmse=3.886526 30min_mape=3.740850 | 60min_mae=2.018320 60min_rmse=4.900891 60min_mape=4.906361
[2026-09-12 02:31:10] INFO Epoch 074 | stage=standard | train_total=10.706987 | train_forecast=0.788882 | train_confidence=0.000000 | train_risk=0.000000 | train_blend=0.000000 | val_total=1.602857 | val_mae=1.598783 | val_rmse=3.858607 | val_mape=3.654272 | val_confidence=0.000000 | val_risk=0.000000 | val_blend=0.000000 | batches=566/77 | seconds=401.25 | lr=[0.0001] | cuda_peak_mb=7945.2
[2026-09-12 02:31:10] INFO Val horizons | 15min_mae=1.301593 15min_rmse=2.811104 15min_mape=2.753762 | 30min_mae=1.645816 30min_rmse=3.892972 30min_mape=3.742342 | 60min_mae=2.021381 60min_rmse=4.919665 60min_mape=4.916185
[2026-09-12 02:37:51] INFO Epoch 075 | stage=standard | train_total=10.707323 | train_forecast=0.790160 | train_confidence=0.000000 | train_risk=0.000000 | train_blend=0.000000 | val_total=1.600586 | val_mae=1.596488 | val_rmse=3.845591 | val_mape=3.641949 | val_confidence=0.000000 | val_risk=0.000000 | val_blend=0.000000 | batches=566/77 | seconds=401.10 | lr=[0.0001] | cuda_peak_mb=7945.2
[2026-09-12 02:37:51] INFO Val horizons | 15min_mae=1.301732 15min_rmse=2.809446 15min_mape=2.755482 | 30min_mae=1.645313 30min_rmse=3.888332 30min_mape=3.740498 | 60min_mae=2.012880 60min_rmse=4.884569 60min_mape=4.866380
[2026-09-12 02:44:33] INFO Epoch 076 | stage=standard | train_total=10.713135 | train_forecast=0.790062 | train_confidence=0.000000 | train_risk=0.000000 | train_blend=0.000000 | val_total=1.602094 | val_mae=1.598028 | val_rmse=3.843910 | val_mape=3.644462 | val_confidence=0.000000 | val_risk=0.000000 | val_blend=0.000000 | batches=566/77 | seconds=401.31 | lr=[0.0001] | cuda_peak_mb=7945.2
[2026-09-12 02:44:33] INFO Val horizons | 15min_mae=1.301654 15min_rmse=2.809262 15min_mape=2.751708 | 30min_mae=1.645928 30min_rmse=3.884442 30min_mape=3.738137 | 60min_mae=2.018311 60min_rmse=4.886879 60min_mape=4.884446
[2026-09-12 02:51:14] INFO Epoch 077 | stage=standard | train_total=10.711469 | train_forecast=0.790627 | train_confidence=0.000000 | train_risk=0.000000 | train_blend=0.000000 | val_total=1.598009 | val_mae=1.593936 | val_rmse=3.839624 | val_mape=3.635884 | val_confidence=0.000000 | val_risk=0.000000 | val_blend=0.000000 | batches=566/77 | seconds=401.29 | lr=[0.0001] | cuda_peak_mb=7945.2
[2026-09-12 02:51:14] INFO Val horizons | 15min_mae=1.301680 15min_rmse=2.809292 15min_mape=2.753624 | 30min_mae=1.642801 30min_rmse=3.882201 30min_mape=3.732366 | 60min_mae=2.008139 60min_rmse=4.877230 60min_mape=4.861467
[2026-09-12 02:51:14] INFO Checkpoint updated | epoch=77 | stage=standard | best_val_mae=1.593936 | path=C:\Users\clw\projects\researchRep\STAnchor-BlockMemory\artifacts\cross_dataset_pemsbay\pemsbay_baseonly_st_ssdl_seed42\downstream_best.pt
[2026-09-12 02:57:55] INFO Epoch 078 | stage=standard | train_total=10.710365 | train_forecast=0.791376 | train_confidence=0.000000 | train_risk=0.000000 | train_blend=0.000000 | val_total=1.602483 | val_mae=1.598426 | val_rmse=3.849923 | val_mape=3.650269 | val_confidence=0.000000 | val_risk=0.000000 | val_blend=0.000000 | batches=566/77 | seconds=401.29 | lr=[0.0001] | cuda_peak_mb=7945.2
[2026-09-12 02:57:55] INFO Val horizons | 15min_mae=1.301857 15min_rmse=2.809857 15min_mape=2.751683 | 30min_mae=1.645936 30min_rmse=3.886538 30min_mape=3.739144 | 60min_mae=2.020152 60min_rmse=4.903953 60min_mape=4.908912
[2026-09-12 03:04:36] INFO Epoch 079 | stage=standard | train_total=10.711140 | train_forecast=0.792460 | train_confidence=0.000000 | train_risk=0.000000 | train_blend=0.000000 | val_total=1.594133 | val_mae=1.590073 | val_rmse=3.829579 | val_mape=3.639964 | val_confidence=0.000000 | val_risk=0.000000 | val_blend=0.000000 | batches=566/77 | seconds=401.32 | lr=[0.0001] | cuda_peak_mb=7945.2
[2026-09-12 03:04:36] INFO Val horizons | 15min_mae=1.301100 15min_rmse=2.808350 15min_mape=2.752963 | 30min_mae=1.641270 30min_rmse=3.877858 30min_mape=3.737999 | 60min_mae=1.995137 60min_rmse=4.850394 60min_mape=4.864791
[2026-09-12 03:04:36] INFO Checkpoint updated | epoch=79 | stage=standard | best_val_mae=1.590073 | path=C:\Users\clw\projects\researchRep\STAnchor-BlockMemory\artifacts\cross_dataset_pemsbay\pemsbay_baseonly_st_ssdl_seed42\downstream_best.pt
[2026-09-12 03:11:17] INFO Epoch 080 | stage=standard | train_total=10.712609 | train_forecast=0.792054 | train_confidence=0.000000 | train_risk=0.000000 | train_blend=0.000000 | val_total=1.601833 | val_mae=1.597780 | val_rmse=3.850504 | val_mape=3.644809 | val_confidence=0.000000 | val_risk=0.000000 | val_blend=0.000000 | batches=566/77 | seconds=400.92 | lr=[0.0001] | cuda_peak_mb=7945.2
[2026-09-12 03:11:17] INFO Val horizons | 15min_mae=1.302120 15min_rmse=2.812365 15min_mape=2.749765 | 30min_mae=1.647062 30min_rmse=3.891566 30min_mape=3.738656 | 60min_mae=2.013670 60min_rmse=4.892517 60min_mape=4.883859
[2026-09-12 03:17:59] INFO Epoch 081 | stage=standard | train_total=10.712842 | train_forecast=0.793423 | train_confidence=0.000000 | train_risk=0.000000 | train_blend=0.000000 | val_total=1.600531 | val_mae=1.596485 | val_rmse=3.841807 | val_mape=3.648737 | val_confidence=0.000000 | val_risk=0.000000 | val_blend=0.000000 | batches=566/77 | seconds=401.12 | lr=[0.0001] | cuda_peak_mb=7945.2
[2026-09-12 03:17:59] INFO Val horizons | 15min_mae=1.301399 15min_rmse=2.808227 15min_mape=2.751354 | 30min_mae=1.645088 30min_rmse=3.882879 30min_mape=3.739258 | 60min_mae=2.013628 60min_rmse=4.883953 60min_mape=4.901414
[2026-09-12 03:24:40] INFO Epoch 082 | stage=standard | train_total=10.710522 | train_forecast=0.792972 | train_confidence=0.000000 | train_risk=0.000000 | train_blend=0.000000 | val_total=1.594779 | val_mae=1.590706 | val_rmse=3.829123 | val_mape=3.635699 | val_confidence=0.000000 | val_risk=0.000000 | val_blend=0.000000 | batches=566/77 | seconds=401.59 | lr=[0.0001] | cuda_peak_mb=7945.2
[2026-09-12 03:24:40] INFO Val horizons | 15min_mae=1.301463 15min_rmse=2.808392 15min_mape=2.752132 | 30min_mae=1.641836 30min_rmse=3.877673 30min_mape=3.734750 | 60min_mae=1.997069 60min_rmse=4.850574 60min_mape=4.854993
[2026-09-12 03:31:22] INFO Epoch 083 | stage=standard | train_total=10.714996 | train_forecast=0.794432 | train_confidence=0.000000 | train_risk=0.000000 | train_blend=0.000000 | val_total=1.594099 | val_mae=1.590048 | val_rmse=3.823557 | val_mape=3.637931 | val_confidence=0.000000 | val_risk=0.000000 | val_blend=0.000000 | batches=566/77 | seconds=401.56 | lr=[0.0001] | cuda_peak_mb=7945.2
[2026-09-12 03:31:22] INFO Val horizons | 15min_mae=1.300496 15min_rmse=2.805909 15min_mape=2.753943 | 30min_mae=1.639596 30min_rmse=3.869919 30min_mape=3.734789 | 60min_mae=1.998975 60min_rmse=4.846103 60min_mape=4.863646
[2026-09-12 03:31:22] INFO Checkpoint updated | epoch=83 | stage=standard | best_val_mae=1.590048 | path=C:\Users\clw\projects\researchRep\STAnchor-BlockMemory\artifacts\cross_dataset_pemsbay\pemsbay_baseonly_st_ssdl_seed42\downstream_best.pt
[2026-09-12 03:38:03] INFO Epoch 084 | stage=standard | train_total=10.715769 | train_forecast=0.795979 | train_confidence=0.000000 | train_risk=0.000000 | train_blend=0.000000 | val_total=1.585594 | val_mae=1.581513 | val_rmse=3.796710 | val_mape=3.621618 | val_confidence=0.000000 | val_risk=0.000000 | val_blend=0.000000 | batches=566/77 | seconds=401.25 | lr=[0.0001] | cuda_peak_mb=7945.2
[2026-09-12 03:38:03] INFO Val horizons | 15min_mae=1.299850 15min_rmse=2.799976 15min_mape=2.751958 | 30min_mae=1.634616 30min_rmse=3.853762 30min_mape=3.726662 | 60min_mae=1.975518 60min_rmse=4.790378 60min_mape=4.815713
[2026-09-12 03:38:03] INFO Checkpoint updated | epoch=84 | stage=standard | best_val_mae=1.581513 | path=C:\Users\clw\projects\researchRep\STAnchor-BlockMemory\artifacts\cross_dataset_pemsbay\pemsbay_baseonly_st_ssdl_seed42\downstream_best.pt
[2026-09-12 03:44:44] INFO Epoch 085 | stage=standard | train_total=10.717968 | train_forecast=0.795158 | train_confidence=0.000000 | train_risk=0.000000 | train_blend=0.000000 | val_total=1.597225 | val_mae=1.593144 | val_rmse=3.834711 | val_mape=3.624176 | val_confidence=0.000000 | val_risk=0.000000 | val_blend=0.000000 | batches=566/77 | seconds=401.11 | lr=[0.0001] | cuda_peak_mb=7945.2
[2026-09-12 03:44:44] INFO Val horizons | 15min_mae=1.301625 15min_rmse=2.809870 15min_mape=2.747724 | 30min_mae=1.643193 30min_rmse=3.881354 30min_mape=3.722583 | 60min_mae=2.003686 60min_rmse=4.860719 60min_mape=4.835247
[2026-09-12 03:51:25] INFO Epoch 086 | stage=standard | train_total=10.715235 | train_forecast=0.796753 | train_confidence=0.000000 | train_risk=0.000000 | train_blend=0.000000 | val_total=1.592201 | val_mae=1.588106 | val_rmse=3.816293 | val_mape=3.616563 | val_confidence=0.000000 | val_risk=0.000000 | val_blend=0.000000 | batches=566/77 | seconds=401.15 | lr=[0.0001] | cuda_peak_mb=7945.2
[2026-09-12 03:51:25] INFO Val horizons | 15min_mae=1.301600 15min_rmse=2.806254 15min_mape=2.751524 | 30min_mae=1.639758 30min_rmse=3.868675 30min_mape=3.723277 | 60min_mae=1.990350 60min_rmse=4.824608 60min_mape=4.800985
[2026-09-12 03:58:07] INFO Epoch 087 | stage=standard | train_total=10.719530 | train_forecast=0.795682 | train_confidence=0.000000 | train_risk=0.000000 | train_blend=0.000000 | val_total=1.603779 | val_mae=1.599765 | val_rmse=3.851683 | val_mape=3.661765 | val_confidence=0.000000 | val_risk=0.000000 | val_blend=0.000000 | batches=566/77 | seconds=401.38 | lr=[0.0001] | cuda_peak_mb=7945.2
[2026-09-12 03:58:07] INFO Val horizons | 15min_mae=1.302170 15min_rmse=2.809979 15min_mape=2.753908 | 30min_mae=1.647605 30min_rmse=3.889903 30min_mape=3.748224 | 60min_mae=2.021023 60min_rmse=4.903646 60min_mape=4.932019
[2026-09-12 04:04:48] INFO Epoch 088 | stage=standard | train_total=10.723060 | train_forecast=0.797446 | train_confidence=0.000000 | train_risk=0.000000 | train_blend=0.000000 | val_total=1.598402 | val_mae=1.594301 | val_rmse=3.837407 | val_mape=3.654011 | val_confidence=0.000000 | val_risk=0.000000 | val_blend=0.000000 | batches=566/77 | seconds=401.53 | lr=[0.0001] | cuda_peak_mb=7945.2
[2026-09-12 04:04:48] INFO Val horizons | 15min_mae=1.302149 15min_rmse=2.809818 15min_mape=2.759461 | 30min_mae=1.644523 30min_rmse=3.883275 30min_mape=3.750676 | 60min_mae=2.005118 60min_rmse=4.866734 60min_mape=4.891224
[2026-09-12 04:11:30] INFO Epoch 089 | stage=standard | train_total=10.720581 | train_forecast=0.799083 | train_confidence=0.000000 | train_risk=0.000000 | train_blend=0.000000 | val_total=1.597358 | val_mae=1.593326 | val_rmse=3.836018 | val_mape=3.644560 | val_confidence=0.000000 | val_risk=0.000000 | val_blend=0.000000 | batches=566/77 | seconds=401.54 | lr=[0.0001] | cuda_peak_mb=7945.2
[2026-09-12 04:11:30] INFO Val horizons | 15min_mae=1.301576 15min_rmse=2.806506 15min_mape=2.760329 | 30min_mae=1.643034 30min_rmse=3.879400 30min_mape=3.744240 | 60min_mae=2.004846 60min_rmse=4.870114 60min_mape=4.867524
[2026-09-12 04:18:11] INFO Epoch 090 | stage=standard | train_total=10.722403 | train_forecast=0.799770 | train_confidence=0.000000 | train_risk=0.000000 | train_blend=0.000000 | val_total=1.600520 | val_mae=1.596476 | val_rmse=3.843798 | val_mape=3.641697 | val_confidence=0.000000 | val_risk=0.000000 | val_blend=0.000000 | batches=566/77 | seconds=401.47 | lr=[0.0001] | cuda_peak_mb=7945.2
[2026-09-12 04:18:11] INFO Val horizons | 15min_mae=1.302558 15min_rmse=2.810194 15min_mape=2.750799 | 30min_mae=1.646327 30min_rmse=3.886215 30min_mape=3.736857 | 60min_mae=2.010410 60min_rmse=4.883628 60min_mape=4.877736
[2026-09-12 04:24:52] INFO Epoch 091 | stage=standard | train_total=10.723465 | train_forecast=0.801144 | train_confidence=0.000000 | train_risk=0.000000 | train_blend=0.000000 | val_total=1.590360 | val_mae=1.586304 | val_rmse=3.813550 | val_mape=3.641975 | val_confidence=0.000000 | val_risk=0.000000 | val_blend=0.000000 | batches=566/77 | seconds=401.06 | lr=[0.0001] | cuda_peak_mb=7945.2
[2026-09-12 04:24:52] INFO Val horizons | 15min_mae=1.300292 15min_rmse=2.801302 15min_mape=2.758875 | 30min_mae=1.637831 30min_rmse=3.864326 30min_mape=3.744070 | 60min_mae=1.987769 60min_rmse=4.825167 60min_mape=4.858498
[2026-09-12 04:31:33] INFO Epoch 092 | stage=standard | train_total=10.723727 | train_forecast=0.803229 | train_confidence=0.000000 | train_risk=0.000000 | train_blend=0.000000 | val_total=1.591426 | val_mae=1.587411 | val_rmse=3.812379 | val_mape=3.625475 | val_confidence=0.000000 | val_risk=0.000000 | val_blend=0.000000 | batches=566/77 | seconds=400.98 | lr=[0.0001] | cuda_peak_mb=7945.2
[2026-09-12 04:31:33] INFO Val horizons | 15min_mae=1.301410 15min_rmse=2.806135 15min_mape=2.755761 | 30min_mae=1.639340 30min_rmse=3.867166 30min_mape=3.731120 | 60min_mae=1.988998 60min_rmse=4.816658 60min_mape=4.821494
[2026-09-12 04:38:14] INFO Epoch 093 | stage=standard | train_total=10.724714 | train_forecast=0.804449 | train_confidence=0.000000 | train_risk=0.000000 | train_blend=0.000000 | val_total=1.596290 | val_mae=1.592234 | val_rmse=3.828487 | val_mape=3.627985 | val_confidence=0.000000 | val_risk=0.000000 | val_blend=0.000000 | batches=566/77 | seconds=401.22 | lr=[0.0001] | cuda_peak_mb=7945.2
[2026-09-12 04:38:14] INFO Val horizons | 15min_mae=1.302013 15min_rmse=2.808488 15min_mape=2.751336 | 30min_mae=1.642607 30min_rmse=3.876718 30min_mape=3.728173 | 60min_mae=2.001262 60min_rmse=4.850604 60min_mape=4.838151
[2026-09-12 04:44:56] INFO Epoch 094 | stage=standard | train_total=10.728178 | train_forecast=0.804459 | train_confidence=0.000000 | train_risk=0.000000 | train_blend=0.000000 | val_total=1.584370 | val_mae=1.580332 | val_rmse=3.796196 | val_mape=3.587226 | val_confidence=0.000000 | val_risk=0.000000 | val_blend=0.000000 | batches=566/77 | seconds=401.51 | lr=[0.0001] | cuda_peak_mb=7945.2
[2026-09-12 04:44:56] INFO Val horizons | 15min_mae=1.298660 15min_rmse=2.799315 15min_mape=2.741902 | 30min_mae=1.631867 30min_rmse=3.850216 30min_mape=3.693618 | 60min_mae=1.977176 60min_rmse=4.793945 60min_mape=4.750449
[2026-09-12 04:44:56] INFO Checkpoint updated | epoch=94 | stage=standard | best_val_mae=1.580332 | path=C:\Users\clw\projects\researchRep\STAnchor-BlockMemory\artifacts\cross_dataset_pemsbay\pemsbay_baseonly_st_ssdl_seed42\downstream_best.pt
[2026-09-12 04:51:37] INFO Epoch 095 | stage=standard | train_total=10.731484 | train_forecast=0.808678 | train_confidence=0.000000 | train_risk=0.000000 | train_blend=0.000000 | val_total=1.597905 | val_mae=1.593857 | val_rmse=3.836932 | val_mape=3.638425 | val_confidence=0.000000 | val_risk=0.000000 | val_blend=0.000000 | batches=566/77 | seconds=401.30 | lr=[0.0001] | cuda_peak_mb=7945.2
[2026-09-12 04:51:37] INFO Val horizons | 15min_mae=1.300555 15min_rmse=2.804240 15min_mape=2.750007 | 30min_mae=1.642545 30min_rmse=3.875700 30min_mape=3.730977 | 60min_mae=2.008328 60min_rmse=4.879472 60min_mape=4.875979
[2026-09-12 04:58:18] INFO Epoch 096 | stage=standard | train_total=10.730147 | train_forecast=0.806376 | train_confidence=0.000000 | train_risk=0.000000 | train_blend=0.000000 | val_total=1.588943 | val_mae=1.584905 | val_rmse=3.808005 | val_mape=3.640058 | val_confidence=0.000000 | val_risk=0.000000 | val_blend=0.000000 | batches=566/77 | seconds=401.11 | lr=[0.0001] | cuda_peak_mb=7945.2
[2026-09-12 04:58:18] INFO Val horizons | 15min_mae=1.299660 15min_rmse=2.799986 15min_mape=2.754901 | 30min_mae=1.636274 30min_rmse=3.858480 30min_mape=3.738476 | 60min_mae=1.986247 60min_rmse=4.819920 60min_mape=4.865681
[2026-09-12 05:04:59] INFO Epoch 097 | stage=standard | train_total=10.734774 | train_forecast=0.807471 | train_confidence=0.000000 | train_risk=0.000000 | train_blend=0.000000 | val_total=1.585737 | val_mae=1.581655 | val_rmse=3.801368 | val_mape=3.621510 | val_confidence=0.000000 | val_risk=0.000000 | val_blend=0.000000 | batches=566/77 | seconds=401.10 | lr=[0.0001] | cuda_peak_mb=7945.2
[2026-09-12 05:04:59] INFO Val horizons | 15min_mae=1.299493 15min_rmse=2.799664 15min_mape=2.755500 | 30min_mae=1.634289 30min_rmse=3.856029 30min_mape=3.730577 | 60min_mae=1.977178 60min_rmse=4.800787 60min_mape=4.805232
[2026-09-12 05:11:40] INFO Epoch 098 | stage=standard | train_total=10.737576 | train_forecast=0.811103 | train_confidence=0.000000 | train_risk=0.000000 | train_blend=0.000000 | val_total=1.588532 | val_mae=1.584474 | val_rmse=3.809805 | val_mape=3.614619 | val_confidence=0.000000 | val_risk=0.000000 | val_blend=0.000000 | batches=566/77 | seconds=400.99 | lr=[0.0001] | cuda_peak_mb=7945.2
[2026-09-12 05:11:40] INFO Val horizons | 15min_mae=1.300661 15min_rmse=2.804855 15min_mape=2.752740 | 30min_mae=1.638500 30min_rmse=3.867455 30min_mape=3.725438 | 60min_mae=1.977802 60min_rmse=4.803463 60min_mape=4.785109
[2026-09-12 05:18:21] INFO Epoch 099 | stage=standard | train_total=10.739428 | train_forecast=0.813771 | train_confidence=0.000000 | train_risk=0.000000 | train_blend=0.000000 | val_total=1.588661 | val_mae=1.584628 | val_rmse=3.798007 | val_mape=3.633088 | val_confidence=0.000000 | val_risk=0.000000 | val_blend=0.000000 | batches=566/77 | seconds=400.93 | lr=[0.0001] | cuda_peak_mb=7945.2
[2026-09-12 05:18:21] INFO Val horizons | 15min_mae=1.299926 15min_rmse=2.798058 15min_mape=2.755600 | 30min_mae=1.636937 30min_rmse=3.851297 30min_mape=3.738546 | 60min_mae=1.983854 60min_rmse=4.800002 60min_mape=4.836676
[2026-09-12 05:25:02] INFO Epoch 100 | stage=standard | train_total=10.743502 | train_forecast=0.816764 | train_confidence=0.000000 | train_risk=0.000000 | train_blend=0.000000 | val_total=1.585540 | val_mae=1.581464 | val_rmse=3.788214 | val_mape=3.581695 | val_confidence=0.000000 | val_risk=0.000000 | val_blend=0.000000 | batches=566/77 | seconds=401.11 | lr=[0.0001] | cuda_peak_mb=7945.2
[2026-09-12 05:25:02] INFO Val horizons | 15min_mae=1.299017 15min_rmse=2.798202 15min_mape=2.746609 | 30min_mae=1.632983 30min_rmse=3.846019 30min_mape=3.695217 | 60min_mae=1.979705 60min_rmse=4.774839 60min_mape=4.721007
[2026-09-12 05:25:02] INFO Downstream training finished | best_val_mae=1.580332 | checkpoint=C:\Users\clw\projects\researchRep\STAnchor-BlockMemory\artifacts\cross_dataset_pemsbay\pemsbay_baseonly_st_ssdl_seed42\downstream_best.pt
