[2026-09-10 04:25:30] INFO Downstream start | run=cross_dataset_final/pems04_finetuned_router_staeformer_seed42 | device=cuda:0 (requested=cuda:0) | seed=42 | output=C:\Users\clw\projects\researchRep\STAnchor-BlockMemory\artifacts\cross_dataset_final\pems04_finetuned_router_staeformer_seed42
[2026-09-10 04:25:30] INFO Mode | downstream_mode=learned_topk_error_aware | training_protocol=posthoc_frozen_base | candidate_protocol=weekday_radius1_overlap
[2026-09-10 04:25:30] INFO STAEformer temporal covariates | mode=calendar | source=dataset slot/weekday
[2026-09-10 04:25:30] INFO Downstream initialization | seed=42 | state_hash=5ea48f0f7ee4bcdc
[2026-09-10 04:25:30] INFO Frozen base | checkpoint=C:\Users\clw\projects\researchRep\STAnchor-BlockMemory\artifacts\cross_dataset_final\pems04_baseonly_staeformer_seed42\downstream_best.pt | fingerprint=3dbff104aa5793ed
[2026-09-10 04:25:30] INFO Data | steps=16992 | nodes=307 | channels=1 | training_scope=full_train | memory/post_memory/train_selected/val/test=8116/3479/11595/1400/3100
[2026-09-10 04:25:30] INFO Bank/retrieval | dataset=pems04_finetuned_queue | events=8116 | nodes=307 | retrieval_dim=64 | event_top_r=96 | node_top_k=12 | key_dtype=float16
[2026-09-10 04:25:30] INFO Parameters | downstream_total=2,234,894 | downstream_trainable=879,693 | backbone=0 | confidence_head=0 | fusion=0 | frozen_pretrained=958,704
[2026-09-10 04:25:30] INFO Optimization | epochs=50 | batch_size=32 | optimizer=adam | lr=0.001 | weight_decay=0.0001 | scheduler=step_lr | step_size=10 | gamma=0.950 | confidence_weight=0.000 | patience=10 | early_stopping=disabled
[2026-09-10 04:25:31] INFO Stage start | stage=posthoc_calibrator | epochs=50 | optimizer_lrs=[0.001]
[2026-09-10 04:30:53] INFO Epoch 001 | stage=posthoc_calibrator | train_total=1.249091 | train_forecast=1.249091 | train_confidence=0.000000 | train_risk=0.000000 | train_blend=0.000000 | val_total=1.651692 | val_mae=1.656655 | val_rmse=3.901786 | val_mape=3.758129 | val_confidence=0.000000 | val_risk=0.000000 | val_blend=0.000000 | batches=363/44 | seconds=321.74 | lr=[0.001] | cuda_peak_mb=2199.6
[2026-09-10 04:30:53] INFO Val horizons | 15min_mae=1.438866 15min_rmse=3.078074 15min_mape=3.074402 | 30min_mae=1.726734 30min_rmse=4.022898 30min_mape=3.931377 | 60min_mae=1.965335 60min_rmse=4.715681 60min_mape=4.681349
[2026-09-10 04:30:53] INFO Checkpoint updated | epoch=1 | stage=posthoc_calibrator | best_val_mae=1.656655 | path=C:\Users\clw\projects\researchRep\STAnchor-BlockMemory\artifacts\cross_dataset_final\pems04_finetuned_router_staeformer_seed42\downstream_best.pt
[2026-09-10 04:31:37] INFO Epoch 002 | stage=posthoc_calibrator | train_total=1.242178 | train_forecast=1.242178 | train_confidence=0.000000 | train_risk=0.000000 | train_blend=0.000000 | val_total=1.652236 | val_mae=1.657207 | val_rmse=3.904958 | val_mape=3.760694 | val_confidence=0.000000 | val_risk=0.000000 | val_blend=0.000000 | batches=363/44 | seconds=43.34 | lr=[0.001] | cuda_peak_mb=2084.0
[2026-09-10 04:31:37] INFO Val horizons | 15min_mae=1.439123 15min_rmse=3.080954 15min_mape=3.078794 | 30min_mae=1.727091 30min_rmse=4.025678 30min_mape=3.934636 | 60min_mae=1.966976 60min_rmse=4.720645 60min_mape=4.679807
[2026-09-10 04:32:20] INFO Epoch 003 | stage=posthoc_calibrator | train_total=1.241116 | train_forecast=1.241116 | train_confidence=0.000000 | train_risk=0.000000 | train_blend=0.000000 | val_total=1.652869 | val_mae=1.657843 | val_rmse=3.903113 | val_mape=3.759240 | val_confidence=0.000000 | val_risk=0.000000 | val_blend=0.000000 | batches=363/44 | seconds=43.37 | lr=[0.001] | cuda_peak_mb=2084.5
[2026-09-10 04:32:20] INFO Val horizons | 15min_mae=1.439185 15min_rmse=3.079107 15min_mape=3.077695 | 30min_mae=1.727670 30min_rmse=4.024213 30min_mape=3.933257 | 60min_mae=1.968366 60min_rmse=4.717884 60min_mape=4.678000
[2026-09-10 04:33:03] INFO Epoch 004 | stage=posthoc_calibrator | train_total=1.241287 | train_forecast=1.241287 | train_confidence=0.000000 | train_risk=0.000000 | train_blend=0.000000 | val_total=1.651191 | val_mae=1.656161 | val_rmse=3.901493 | val_mape=3.756851 | val_confidence=0.000000 | val_risk=0.000000 | val_blend=0.000000 | batches=363/44 | seconds=43.40 | lr=[0.001] | cuda_peak_mb=2083.9
[2026-09-10 04:33:03] INFO Val horizons | 15min_mae=1.437820 15min_rmse=3.076693 15min_mape=3.074436 | 30min_mae=1.726401 30min_rmse=4.022867 30min_mape=3.930787 | 60min_mae=1.964893 60min_rmse=4.714716 60min_mape=4.675492
[2026-09-10 04:33:03] INFO Checkpoint updated | epoch=4 | stage=posthoc_calibrator | best_val_mae=1.656161 | path=C:\Users\clw\projects\researchRep\STAnchor-BlockMemory\artifacts\cross_dataset_final\pems04_finetuned_router_staeformer_seed42\downstream_best.pt
[2026-09-10 04:33:47] INFO Epoch 005 | stage=posthoc_calibrator | train_total=1.241009 | train_forecast=1.241009 | train_confidence=0.000000 | train_risk=0.000000 | train_blend=0.000000 | val_total=1.651345 | val_mae=1.656316 | val_rmse=3.901648 | val_mape=3.757198 | val_confidence=0.000000 | val_risk=0.000000 | val_blend=0.000000 | batches=363/44 | seconds=43.42 | lr=[0.001] | cuda_peak_mb=2083.9
[2026-09-10 04:33:47] INFO Val horizons | 15min_mae=1.437820 15min_rmse=3.077827 15min_mape=3.075478 | 30min_mae=1.726476 30min_rmse=4.023275 30min_mape=3.931374 | 60min_mae=1.965712 60min_rmse=4.714580 60min_mape=4.674820
[2026-09-10 04:34:30] INFO Epoch 006 | stage=posthoc_calibrator | train_total=1.240346 | train_forecast=1.240346 | train_confidence=0.000000 | train_risk=0.000000 | train_blend=0.000000 | val_total=1.650358 | val_mae=1.655321 | val_rmse=3.902527 | val_mape=3.759523 | val_confidence=0.000000 | val_risk=0.000000 | val_blend=0.000000 | batches=363/44 | seconds=43.25 | lr=[0.001] | cuda_peak_mb=2083.9
[2026-09-10 04:34:30] INFO Val horizons | 15min_mae=1.437356 15min_rmse=3.078609 15min_mape=3.076663 | 30min_mae=1.725494 30min_rmse=4.023784 30min_mape=3.933372 | 60min_mae=1.964320 60min_rmse=4.717151 60min_mape=4.681644
[2026-09-10 04:34:30] INFO Checkpoint updated | epoch=6 | stage=posthoc_calibrator | best_val_mae=1.655321 | path=C:\Users\clw\projects\researchRep\STAnchor-BlockMemory\artifacts\cross_dataset_final\pems04_finetuned_router_staeformer_seed42\downstream_best.pt
[2026-09-10 04:35:13] INFO Epoch 007 | stage=posthoc_calibrator | train_total=1.240943 | train_forecast=1.240943 | train_confidence=0.000000 | train_risk=0.000000 | train_blend=0.000000 | val_total=1.649247 | val_mae=1.654208 | val_rmse=3.900734 | val_mape=3.755738 | val_confidence=0.000000 | val_risk=0.000000 | val_blend=0.000000 | batches=363/44 | seconds=43.19 | lr=[0.001] | cuda_peak_mb=2084.7
[2026-09-10 04:35:13] INFO Val horizons | 15min_mae=1.436236 15min_rmse=3.075485 15min_mape=3.074145 | 30min_mae=1.723749 30min_rmse=4.020497 30min_mape=3.928493 | 60min_mae=1.963299 60min_rmse=4.716410 60min_mape=4.676783
[2026-09-10 04:35:13] INFO Checkpoint updated | epoch=7 | stage=posthoc_calibrator | best_val_mae=1.654208 | path=C:\Users\clw\projects\researchRep\STAnchor-BlockMemory\artifacts\cross_dataset_final\pems04_finetuned_router_staeformer_seed42\downstream_best.pt
[2026-09-10 04:35:57] INFO Epoch 008 | stage=posthoc_calibrator | train_total=1.239997 | train_forecast=1.239997 | train_confidence=0.000000 | train_risk=0.000000 | train_blend=0.000000 | val_total=1.649691 | val_mae=1.654658 | val_rmse=3.899404 | val_mape=3.752836 | val_confidence=0.000000 | val_risk=0.000000 | val_blend=0.000000 | batches=363/44 | seconds=43.14 | lr=[0.001] | cuda_peak_mb=2084.5
[2026-09-10 04:35:57] INFO Val horizons | 15min_mae=1.436362 15min_rmse=3.074935 15min_mape=3.074123 | 30min_mae=1.723962 30min_rmse=4.018858 30min_mape=3.926211 | 60min_mae=1.964497 60min_rmse=4.714550 60min_mape=4.666963
[2026-09-10 04:36:40] INFO Epoch 009 | stage=posthoc_calibrator | train_total=1.240190 | train_forecast=1.240190 | train_confidence=0.000000 | train_risk=0.000000 | train_blend=0.000000 | val_total=1.650416 | val_mae=1.655385 | val_rmse=3.903008 | val_mape=3.758232 | val_confidence=0.000000 | val_risk=0.000000 | val_blend=0.000000 | batches=363/44 | seconds=43.13 | lr=[0.001] | cuda_peak_mb=2084.5
[2026-09-10 04:36:40] INFO Val horizons | 15min_mae=1.437338 15min_rmse=3.078279 15min_mape=3.078657 | 30min_mae=1.725179 30min_rmse=4.023235 30min_mape=3.933331 | 60min_mae=1.965369 60min_rmse=4.720634 60min_mape=4.678708
[2026-09-10 04:37:23] INFO Epoch 010 | stage=posthoc_calibrator | train_total=1.239540 | train_forecast=1.239540 | train_confidence=0.000000 | train_risk=0.000000 | train_blend=0.000000 | val_total=1.648932 | val_mae=1.653893 | val_rmse=3.899696 | val_mape=3.756790 | val_confidence=0.000000 | val_risk=0.000000 | val_blend=0.000000 | batches=363/44 | seconds=43.12 | lr=[0.001] | cuda_peak_mb=2084.5
[2026-09-10 04:37:23] INFO Val horizons | 15min_mae=1.436074 15min_rmse=3.075349 15min_mape=3.074638 | 30min_mae=1.723912 30min_rmse=4.020532 30min_mape=3.930593 | 60min_mae=1.962755 60min_rmse=4.714164 60min_mape=4.682410
[2026-09-10 04:37:23] INFO Checkpoint updated | epoch=10 | stage=posthoc_calibrator | best_val_mae=1.653893 | path=C:\Users\clw\projects\researchRep\STAnchor-BlockMemory\artifacts\cross_dataset_final\pems04_finetuned_router_staeformer_seed42\downstream_best.pt
[2026-09-10 04:38:06] INFO Epoch 011 | stage=posthoc_calibrator | train_total=1.239432 | train_forecast=1.239432 | train_confidence=0.000000 | train_risk=0.000000 | train_blend=0.000000 | val_total=1.648995 | val_mae=1.653956 | val_rmse=3.900088 | val_mape=3.762306 | val_confidence=0.000000 | val_risk=0.000000 | val_blend=0.000000 | batches=363/44 | seconds=43.09 | lr=[0.00095] | cuda_peak_mb=2084.5
[2026-09-10 04:38:06] INFO Val horizons | 15min_mae=1.436313 15min_rmse=3.075761 15min_mape=3.080741 | 30min_mae=1.723596 30min_rmse=4.019190 30min_mape=3.937138 | 60min_mae=1.963450 60min_rmse=4.718199 60min_mape=4.688895
[2026-09-10 04:38:49] INFO Epoch 012 | stage=posthoc_calibrator | train_total=1.239418 | train_forecast=1.239418 | train_confidence=0.000000 | train_risk=0.000000 | train_blend=0.000000 | val_total=1.646994 | val_mae=1.651942 | val_rmse=3.894945 | val_mape=3.768727 | val_confidence=0.000000 | val_risk=0.000000 | val_blend=0.000000 | batches=363/44 | seconds=43.08 | lr=[0.00095] | cuda_peak_mb=2084.5
[2026-09-10 04:38:49] INFO Val horizons | 15min_mae=1.434860 15min_rmse=3.071442 15min_mape=3.078833 | 30min_mae=1.721975 30min_rmse=4.015096 30min_mape=3.940652 | 60min_mae=1.962105 60min_rmse=4.713015 60min_mape=4.714864
[2026-09-10 04:38:49] INFO Checkpoint updated | epoch=12 | stage=posthoc_calibrator | best_val_mae=1.651942 | path=C:\Users\clw\projects\researchRep\STAnchor-BlockMemory\artifacts\cross_dataset_final\pems04_finetuned_router_staeformer_seed42\downstream_best.pt
[2026-09-10 04:39:32] INFO Epoch 013 | stage=posthoc_calibrator | train_total=1.239631 | train_forecast=1.239631 | train_confidence=0.000000 | train_risk=0.000000 | train_blend=0.000000 | val_total=1.648800 | val_mae=1.653761 | val_rmse=3.897860 | val_mape=3.760383 | val_confidence=0.000000 | val_risk=0.000000 | val_blend=0.000000 | batches=363/44 | seconds=43.13 | lr=[0.00095] | cuda_peak_mb=2084.5
[2026-09-10 04:39:32] INFO Val horizons | 15min_mae=1.436122 15min_rmse=3.074811 15min_mape=3.079097 | 30min_mae=1.723477 30min_rmse=4.017233 30min_mape=3.936998 | 60min_mae=1.964143 60min_rmse=4.715720 60min_mape=4.683012
[2026-09-10 04:40:15] INFO Epoch 014 | stage=posthoc_calibrator | train_total=1.239264 | train_forecast=1.239264 | train_confidence=0.000000 | train_risk=0.000000 | train_blend=0.000000 | val_total=1.648329 | val_mae=1.653285 | val_rmse=3.898986 | val_mape=3.760426 | val_confidence=0.000000 | val_risk=0.000000 | val_blend=0.000000 | batches=363/44 | seconds=43.03 | lr=[0.00095] | cuda_peak_mb=2084.5
[2026-09-10 04:40:15] INFO Val horizons | 15min_mae=1.435607 15min_rmse=3.074309 15min_mape=3.077902 | 30min_mae=1.723221 30min_rmse=4.019006 30min_mape=3.935182 | 60min_mae=1.963503 60min_rmse=4.717283 60min_mape=4.685301
[2026-09-10 04:40:58] INFO Epoch 015 | stage=posthoc_calibrator | train_total=1.238927 | train_forecast=1.238927 | train_confidence=0.000000 | train_risk=0.000000 | train_blend=0.000000 | val_total=1.647384 | val_mae=1.652334 | val_rmse=3.897021 | val_mape=3.762482 | val_confidence=0.000000 | val_risk=0.000000 | val_blend=0.000000 | batches=363/44 | seconds=43.02 | lr=[0.00095] | cuda_peak_mb=2084.5
[2026-09-10 04:40:58] INFO Val horizons | 15min_mae=1.435172 15min_rmse=3.073065 15min_mape=3.080453 | 30min_mae=1.722304 30min_rmse=4.016443 30min_mape=3.937784 | 60min_mae=1.961886 60min_rmse=4.715678 60min_mape=4.693232
[2026-09-10 04:41:41] INFO Epoch 016 | stage=posthoc_calibrator | train_total=1.239229 | train_forecast=1.239229 | train_confidence=0.000000 | train_risk=0.000000 | train_blend=0.000000 | val_total=1.647586 | val_mae=1.652534 | val_rmse=3.898109 | val_mape=3.764830 | val_confidence=0.000000 | val_risk=0.000000 | val_blend=0.000000 | batches=363/44 | seconds=43.02 | lr=[0.00095] | cuda_peak_mb=2084.5
[2026-09-10 04:41:41] INFO Val horizons | 15min_mae=1.435575 15min_rmse=3.073080 15min_mape=3.083293 | 30min_mae=1.722467 30min_rmse=4.016228 30min_mape=3.942818 | 60min_mae=1.962108 60min_rmse=4.720338 60min_mape=4.692928
[2026-09-10 04:42:24] INFO Epoch 017 | stage=posthoc_calibrator | train_total=1.238573 | train_forecast=1.238573 | train_confidence=0.000000 | train_risk=0.000000 | train_blend=0.000000 | val_total=1.647669 | val_mae=1.652617 | val_rmse=3.899163 | val_mape=3.760613 | val_confidence=0.000000 | val_risk=0.000000 | val_blend=0.000000 | batches=363/44 | seconds=43.03 | lr=[0.00095] | cuda_peak_mb=2084.5
[2026-09-10 04:42:24] INFO Val horizons | 15min_mae=1.435175 15min_rmse=3.073816 15min_mape=3.076190 | 30min_mae=1.722407 30min_rmse=4.018579 30min_mape=3.933983 | 60min_mae=1.962254 60min_rmse=4.717927 60min_mape=4.693038
[2026-09-10 04:43:07] INFO Epoch 018 | stage=posthoc_calibrator | train_total=1.238645 | train_forecast=1.238645 | train_confidence=0.000000 | train_risk=0.000000 | train_blend=0.000000 | val_total=1.648968 | val_mae=1.653928 | val_rmse=3.901425 | val_mape=3.757270 | val_confidence=0.000000 | val_risk=0.000000 | val_blend=0.000000 | batches=363/44 | seconds=42.99 | lr=[0.00095] | cuda_peak_mb=2084.5
[2026-09-10 04:43:07] INFO Val horizons | 15min_mae=1.436375 15min_rmse=3.077298 15min_mape=3.077099 | 30min_mae=1.723829 30min_rmse=4.021433 30min_mape=3.932187 | 60min_mae=1.963222 60min_rmse=4.719111 60min_mape=4.679248
[2026-09-10 04:43:50] INFO Epoch 019 | stage=posthoc_calibrator | train_total=1.238684 | train_forecast=1.238684 | train_confidence=0.000000 | train_risk=0.000000 | train_blend=0.000000 | val_total=1.649711 | val_mae=1.654676 | val_rmse=3.901531 | val_mape=3.757805 | val_confidence=0.000000 | val_risk=0.000000 | val_blend=0.000000 | batches=363/44 | seconds=43.04 | lr=[0.00095] | cuda_peak_mb=2084.5
[2026-09-10 04:43:50] INFO Val horizons | 15min_mae=1.436766 15min_rmse=3.077576 15min_mape=3.077494 | 30min_mae=1.724888 30min_rmse=4.022030 30min_mape=3.933188 | 60min_mae=1.964010 60min_rmse=4.718558 60min_mape=4.679342
[2026-09-10 04:44:33] INFO Epoch 020 | stage=posthoc_calibrator | train_total=1.238386 | train_forecast=1.238386 | train_confidence=0.000000 | train_risk=0.000000 | train_blend=0.000000 | val_total=1.647359 | val_mae=1.652310 | val_rmse=3.894968 | val_mape=3.762334 | val_confidence=0.000000 | val_risk=0.000000 | val_blend=0.000000 | batches=363/44 | seconds=43.03 | lr=[0.00095] | cuda_peak_mb=2084.5
[2026-09-10 04:44:33] INFO Val horizons | 15min_mae=1.435118 15min_rmse=3.069778 15min_mape=3.080323 | 30min_mae=1.722137 30min_rmse=4.013531 30min_mape=3.941439 | 60min_mae=1.962022 60min_rmse=4.716584 60min_mape=4.687113
[2026-09-10 04:45:16] INFO Epoch 021 | stage=posthoc_calibrator | train_total=1.238375 | train_forecast=1.238375 | train_confidence=0.000000 | train_risk=0.000000 | train_blend=0.000000 | val_total=1.648036 | val_mae=1.652990 | val_rmse=3.899575 | val_mape=3.758368 | val_confidence=0.000000 | val_risk=0.000000 | val_blend=0.000000 | batches=363/44 | seconds=43.00 | lr=[0.0009025] | cuda_peak_mb=2084.5
[2026-09-10 04:45:16] INFO Val horizons | 15min_mae=1.435720 15min_rmse=3.074204 15min_mape=3.078472 | 30min_mae=1.723098 30min_rmse=4.018235 30min_mape=3.935336 | 60min_mae=1.962363 60min_rmse=4.721388 60min_mape=4.680868
[2026-09-10 04:45:59] INFO Epoch 022 | stage=posthoc_calibrator | train_total=1.238253 | train_forecast=1.238253 | train_confidence=0.000000 | train_risk=0.000000 | train_blend=0.000000 | val_total=1.647222 | val_mae=1.652172 | val_rmse=3.896042 | val_mape=3.759938 | val_confidence=0.000000 | val_risk=0.000000 | val_blend=0.000000 | batches=363/44 | seconds=43.02 | lr=[0.0009025] | cuda_peak_mb=2084.5
[2026-09-10 04:45:59] INFO Val horizons | 15min_mae=1.435262 15min_rmse=3.073698 15min_mape=3.076575 | 30min_mae=1.722390 30min_rmse=4.016024 30min_mape=3.933938 | 60min_mae=1.961111 60min_rmse=4.712974 60min_mape=4.692408
[2026-09-10 04:46:42] INFO Epoch 023 | stage=posthoc_calibrator | train_total=1.238095 | train_forecast=1.238095 | train_confidence=0.000000 | train_risk=0.000000 | train_blend=0.000000 | val_total=1.648261 | val_mae=1.653218 | val_rmse=3.898088 | val_mape=3.759070 | val_confidence=0.000000 | val_risk=0.000000 | val_blend=0.000000 | batches=363/44 | seconds=43.03 | lr=[0.0009025] | cuda_peak_mb=2084.5
[2026-09-10 04:46:42] INFO Val horizons | 15min_mae=1.436239 15min_rmse=3.075813 15min_mape=3.079146 | 30min_mae=1.723405 30min_rmse=4.017875 30min_mape=3.935401 | 60min_mae=1.962297 60min_rmse=4.715260 60min_mape=4.682060
[2026-09-10 04:47:25] INFO Epoch 024 | stage=posthoc_calibrator | train_total=1.238529 | train_forecast=1.238529 | train_confidence=0.000000 | train_risk=0.000000 | train_blend=0.000000 | val_total=1.648578 | val_mae=1.653536 | val_rmse=3.900724 | val_mape=3.757737 | val_confidence=0.000000 | val_risk=0.000000 | val_blend=0.000000 | batches=363/44 | seconds=43.01 | lr=[0.0009025] | cuda_peak_mb=2084.5
[2026-09-10 04:47:25] INFO Val horizons | 15min_mae=1.436232 15min_rmse=3.076792 15min_mape=3.077269 | 30min_mae=1.723915 30min_rmse=4.021101 30min_mape=3.933192 | 60min_mae=1.962449 60min_rmse=4.718199 60min_mape=4.679084
[2026-09-10 04:48:08] INFO Epoch 025 | stage=posthoc_calibrator | train_total=1.238028 | train_forecast=1.238028 | train_confidence=0.000000 | train_risk=0.000000 | train_blend=0.000000 | val_total=1.647805 | val_mae=1.652760 | val_rmse=3.899238 | val_mape=3.753680 | val_confidence=0.000000 | val_risk=0.000000 | val_blend=0.000000 | batches=363/44 | seconds=43.01 | lr=[0.0009025] | cuda_peak_mb=2084.5
[2026-09-10 04:48:08] INFO Val horizons | 15min_mae=1.435391 15min_rmse=3.073673 15min_mape=3.072926 | 30min_mae=1.723004 30min_rmse=4.019389 30min_mape=3.927746 | 60min_mae=1.961988 60min_rmse=4.717862 60min_mape=4.675079
[2026-09-10 04:48:51] INFO Epoch 026 | stage=posthoc_calibrator | train_total=1.237956 | train_forecast=1.237956 | train_confidence=0.000000 | train_risk=0.000000 | train_blend=0.000000 | val_total=1.647973 | val_mae=1.652929 | val_rmse=3.899746 | val_mape=3.755812 | val_confidence=0.000000 | val_risk=0.000000 | val_blend=0.000000 | batches=363/44 | seconds=43.03 | lr=[0.0009025] | cuda_peak_mb=2084.5
[2026-09-10 04:48:51] INFO Val horizons | 15min_mae=1.435704 15min_rmse=3.075710 15min_mape=3.077456 | 30min_mae=1.722999 30min_rmse=4.019620 30min_mape=3.931769 | 60min_mae=1.962133 60min_rmse=4.718134 60min_mape=4.676357
[2026-09-10 04:49:34] INFO Epoch 027 | stage=posthoc_calibrator | train_total=1.237821 | train_forecast=1.237821 | train_confidence=0.000000 | train_risk=0.000000 | train_blend=0.000000 | val_total=1.647198 | val_mae=1.652149 | val_rmse=3.897289 | val_mape=3.762691 | val_confidence=0.000000 | val_risk=0.000000 | val_blend=0.000000 | batches=363/44 | seconds=43.02 | lr=[0.0009025] | cuda_peak_mb=2084.5
[2026-09-10 04:49:34] INFO Val horizons | 15min_mae=1.435560 15min_rmse=3.074682 15min_mape=3.082261 | 30min_mae=1.722316 30min_rmse=4.016525 30min_mape=3.940073 | 60min_mae=1.960780 60min_rmse=4.716387 60min_mape=4.692024
[2026-09-10 04:50:17] INFO Epoch 028 | stage=posthoc_calibrator | train_total=1.238034 | train_forecast=1.238034 | train_confidence=0.000000 | train_risk=0.000000 | train_blend=0.000000 | val_total=1.646901 | val_mae=1.651844 | val_rmse=3.899230 | val_mape=3.758776 | val_confidence=0.000000 | val_risk=0.000000 | val_blend=0.000000 | batches=363/44 | seconds=43.02 | lr=[0.0009025] | cuda_peak_mb=2084.5
[2026-09-10 04:50:17] INFO Val horizons | 15min_mae=1.435359 15min_rmse=3.074895 15min_mape=3.078221 | 30min_mae=1.722312 30min_rmse=4.018729 30min_mape=3.934766 | 60min_mae=1.960272 60min_rmse=4.719573 60min_mape=4.683269
[2026-09-10 04:50:18] INFO Checkpoint updated | epoch=28 | stage=posthoc_calibrator | best_val_mae=1.651844 | path=C:\Users\clw\projects\researchRep\STAnchor-BlockMemory\artifacts\cross_dataset_final\pems04_finetuned_router_staeformer_seed42\downstream_best.pt
[2026-09-10 04:51:01] INFO Epoch 029 | stage=posthoc_calibrator | train_total=1.237994 | train_forecast=1.237994 | train_confidence=0.000000 | train_risk=0.000000 | train_blend=0.000000 | val_total=1.647618 | val_mae=1.652571 | val_rmse=3.899751 | val_mape=3.758482 | val_confidence=0.000000 | val_risk=0.000000 | val_blend=0.000000 | batches=363/44 | seconds=43.02 | lr=[0.0009025] | cuda_peak_mb=2084.5
[2026-09-10 04:51:01] INFO Val horizons | 15min_mae=1.435648 15min_rmse=3.076361 15min_mape=3.079135 | 30min_mae=1.722938 30min_rmse=4.019896 30min_mape=3.935570 | 60min_mae=1.961474 60min_rmse=4.717695 60min_mape=4.677944
[2026-09-10 04:51:44] INFO Epoch 030 | stage=posthoc_calibrator | train_total=1.238238 | train_forecast=1.238238 | train_confidence=0.000000 | train_risk=0.000000 | train_blend=0.000000 | val_total=1.648841 | val_mae=1.653802 | val_rmse=3.901378 | val_mape=3.756421 | val_confidence=0.000000 | val_risk=0.000000 | val_blend=0.000000 | batches=363/44 | seconds=43.03 | lr=[0.0009025] | cuda_peak_mb=2084.5
[2026-09-10 04:51:44] INFO Val horizons | 15min_mae=1.436486 15min_rmse=3.078084 15min_mape=3.078538 | 30min_mae=1.723834 30min_rmse=4.021339 30min_mape=3.933274 | 60min_mae=1.963204 60min_rmse=4.719605 60min_mape=4.672115
[2026-09-10 04:52:27] INFO Epoch 031 | stage=posthoc_calibrator | train_total=1.237642 | train_forecast=1.237642 | train_confidence=0.000000 | train_risk=0.000000 | train_blend=0.000000 | val_total=1.646098 | val_mae=1.651042 | val_rmse=3.896342 | val_mape=3.762305 | val_confidence=0.000000 | val_risk=0.000000 | val_blend=0.000000 | batches=363/44 | seconds=42.96 | lr=[0.000857375] | cuda_peak_mb=2084.5
[2026-09-10 04:52:27] INFO Val horizons | 15min_mae=1.434536 15min_rmse=3.072305 15min_mape=3.079212 | 30min_mae=1.720916 30min_rmse=4.014025 30min_mape=3.937854 | 60min_mae=1.959945 60min_rmse=4.718120 60min_mape=4.694174
[2026-09-10 04:52:27] INFO Checkpoint updated | epoch=31 | stage=posthoc_calibrator | best_val_mae=1.651042 | path=C:\Users\clw\projects\researchRep\STAnchor-BlockMemory\artifacts\cross_dataset_final\pems04_finetuned_router_staeformer_seed42\downstream_best.pt
[2026-09-10 04:53:10] INFO Epoch 032 | stage=posthoc_calibrator | train_total=1.238346 | train_forecast=1.238346 | train_confidence=0.000000 | train_risk=0.000000 | train_blend=0.000000 | val_total=1.645728 | val_mae=1.650665 | val_rmse=3.896088 | val_mape=3.761798 | val_confidence=0.000000 | val_risk=0.000000 | val_blend=0.000000 | batches=363/44 | seconds=42.93 | lr=[0.000857375] | cuda_peak_mb=2084.5
[2026-09-10 04:53:10] INFO Val horizons | 15min_mae=1.434136 15min_rmse=3.070939 15min_mape=3.079420 | 30min_mae=1.720397 30min_rmse=4.013979 30min_mape=3.937536 | 60min_mae=1.959301 60min_rmse=4.716893 60min_mape=4.690755
[2026-09-10 04:53:10] INFO Checkpoint updated | epoch=32 | stage=posthoc_calibrator | best_val_mae=1.650665 | path=C:\Users\clw\projects\researchRep\STAnchor-BlockMemory\artifacts\cross_dataset_final\pems04_finetuned_router_staeformer_seed42\downstream_best.pt
[2026-09-10 04:53:53] INFO Epoch 033 | stage=posthoc_calibrator | train_total=1.237801 | train_forecast=1.237801 | train_confidence=0.000000 | train_risk=0.000000 | train_blend=0.000000 | val_total=1.645937 | val_mae=1.650879 | val_rmse=3.895188 | val_mape=3.756170 | val_confidence=0.000000 | val_risk=0.000000 | val_blend=0.000000 | batches=363/44 | seconds=42.95 | lr=[0.000857375] | cuda_peak_mb=2084.5
[2026-09-10 04:53:53] INFO Val horizons | 15min_mae=1.434662 15min_rmse=3.072206 15min_mape=3.077628 | 30min_mae=1.720895 30min_rmse=4.013519 30min_mape=3.932189 | 60min_mae=1.959409 60min_rmse=4.715441 60min_mape=4.681298
[2026-09-10 04:54:36] INFO Epoch 034 | stage=posthoc_calibrator | train_total=1.237575 | train_forecast=1.237575 | train_confidence=0.000000 | train_risk=0.000000 | train_blend=0.000000 | val_total=1.646929 | val_mae=1.651876 | val_rmse=3.899020 | val_mape=3.759129 | val_confidence=0.000000 | val_risk=0.000000 | val_blend=0.000000 | batches=363/44 | seconds=42.97 | lr=[0.000857375] | cuda_peak_mb=2084.5
[2026-09-10 04:54:36] INFO Val horizons | 15min_mae=1.435186 15min_rmse=3.074629 15min_mape=3.081432 | 30min_mae=1.722367 30min_rmse=4.018775 30min_mape=3.936262 | 60min_mae=1.960662 60min_rmse=4.720226 60min_mape=4.681212
[2026-09-10 04:55:19] INFO Epoch 035 | stage=posthoc_calibrator | train_total=1.237972 | train_forecast=1.237972 | train_confidence=0.000000 | train_risk=0.000000 | train_blend=0.000000 | val_total=1.645994 | val_mae=1.650939 | val_rmse=3.894879 | val_mape=3.759540 | val_confidence=0.000000 | val_risk=0.000000 | val_blend=0.000000 | batches=363/44 | seconds=43.03 | lr=[0.000857375] | cuda_peak_mb=2084.5
[2026-09-10 04:55:19] INFO Val horizons | 15min_mae=1.434222 15min_rmse=3.071795 15min_mape=3.077288 | 30min_mae=1.721215 30min_rmse=4.014336 30min_mape=3.935627 | 60min_mae=1.959457 60min_rmse=4.713747 60min_mape=4.685840
[2026-09-10 04:56:02] INFO Epoch 036 | stage=posthoc_calibrator | train_total=1.238006 | train_forecast=1.238006 | train_confidence=0.000000 | train_risk=0.000000 | train_blend=0.000000 | val_total=1.647817 | val_mae=1.652772 | val_rmse=3.899994 | val_mape=3.758742 | val_confidence=0.000000 | val_risk=0.000000 | val_blend=0.000000 | batches=363/44 | seconds=42.99 | lr=[0.000857375] | cuda_peak_mb=2084.5
[2026-09-10 04:56:02] INFO Val horizons | 15min_mae=1.436049 15min_rmse=3.077109 15min_mape=3.078934 | 30min_mae=1.723152 30min_rmse=4.019820 30min_mape=3.935423 | 60min_mae=1.960952 60min_rmse=4.717785 60min_mape=4.679156
[2026-09-10 04:56:44] INFO Epoch 037 | stage=posthoc_calibrator | train_total=1.237889 | train_forecast=1.237889 | train_confidence=0.000000 | train_risk=0.000000 | train_blend=0.000000 | val_total=1.647040 | val_mae=1.651991 | val_rmse=3.899007 | val_mape=3.757030 | val_confidence=0.000000 | val_risk=0.000000 | val_blend=0.000000 | batches=363/44 | seconds=42.93 | lr=[0.000857375] | cuda_peak_mb=2084.5
[2026-09-10 04:56:44] INFO Val horizons | 15min_mae=1.435010 15min_rmse=3.074670 15min_mape=3.075864 | 30min_mae=1.722260 30min_rmse=4.018415 30min_mape=3.932664 | 60min_mae=1.960383 60min_rmse=4.717759 60min_mape=4.681031
[2026-09-10 04:57:27] INFO Epoch 038 | stage=posthoc_calibrator | train_total=1.237555 | train_forecast=1.237555 | train_confidence=0.000000 | train_risk=0.000000 | train_blend=0.000000 | val_total=1.646809 | val_mae=1.651758 | val_rmse=3.898045 | val_mape=3.758276 | val_confidence=0.000000 | val_risk=0.000000 | val_blend=0.000000 | batches=363/44 | seconds=43.01 | lr=[0.000857375] | cuda_peak_mb=2084.5
[2026-09-10 04:57:27] INFO Val horizons | 15min_mae=1.435103 15min_rmse=3.074480 15min_mape=3.077973 | 30min_mae=1.722205 30min_rmse=4.017870 30min_mape=3.934310 | 60min_mae=1.960157 60min_rmse=4.716995 60min_mape=4.683475
[2026-09-10 04:58:11] INFO Epoch 039 | stage=posthoc_calibrator | train_total=1.237820 | train_forecast=1.237820 | train_confidence=0.000000 | train_risk=0.000000 | train_blend=0.000000 | val_total=1.648414 | val_mae=1.653372 | val_rmse=3.901657 | val_mape=3.758276 | val_confidence=0.000000 | val_risk=0.000000 | val_blend=0.000000 | batches=363/44 | seconds=43.02 | lr=[0.000857375] | cuda_peak_mb=2084.5
[2026-09-10 04:58:11] INFO Val horizons | 15min_mae=1.436170 15min_rmse=3.077177 15min_mape=3.078588 | 30min_mae=1.723715 30min_rmse=4.021396 30min_mape=3.935852 | 60min_mae=1.961477 60min_rmse=4.720232 60min_mape=4.676516
[2026-09-10 04:58:54] INFO Epoch 040 | stage=posthoc_calibrator | train_total=1.237751 | train_forecast=1.237751 | train_confidence=0.000000 | train_risk=0.000000 | train_blend=0.000000 | val_total=1.646512 | val_mae=1.651458 | val_rmse=3.898232 | val_mape=3.758301 | val_confidence=0.000000 | val_risk=0.000000 | val_blend=0.000000 | batches=363/44 | seconds=43.00 | lr=[0.000857375] | cuda_peak_mb=2084.5
[2026-09-10 04:58:54] INFO Val horizons | 15min_mae=1.434626 15min_rmse=3.073846 15min_mape=3.076352 | 30min_mae=1.721818 30min_rmse=4.017554 30min_mape=3.933106 | 60min_mae=1.959636 60min_rmse=4.717383 60min_mape=4.686856
[2026-09-10 04:59:36] INFO Epoch 041 | stage=posthoc_calibrator | train_total=1.237370 | train_forecast=1.237370 | train_confidence=0.000000 | train_risk=0.000000 | train_blend=0.000000 | val_total=1.647448 | val_mae=1.652402 | val_rmse=3.899020 | val_mape=3.754359 | val_confidence=0.000000 | val_risk=0.000000 | val_blend=0.000000 | batches=363/44 | seconds=42.99 | lr=[0.0008145062499999999] | cuda_peak_mb=2084.5
[2026-09-10 04:59:36] INFO Val horizons | 15min_mae=1.435433 15min_rmse=3.075263 15min_mape=3.073755 | 30min_mae=1.722859 30min_rmse=4.019243 30min_mape=3.930636 | 60min_mae=1.960817 60min_rmse=4.716533 60min_mape=4.673663
[2026-09-10 05:00:20] INFO Epoch 042 | stage=posthoc_calibrator | train_total=1.237724 | train_forecast=1.237724 | train_confidence=0.000000 | train_risk=0.000000 | train_blend=0.000000 | val_total=1.646010 | val_mae=1.650951 | val_rmse=3.896951 | val_mape=3.762240 | val_confidence=0.000000 | val_risk=0.000000 | val_blend=0.000000 | batches=363/44 | seconds=43.00 | lr=[0.0008145062499999999] | cuda_peak_mb=2084.5
[2026-09-10 05:00:20] INFO Val horizons | 15min_mae=1.434568 15min_rmse=3.072350 15min_mape=3.077918 | 30min_mae=1.721074 30min_rmse=4.015333 30min_mape=3.937386 | 60min_mae=1.959355 60min_rmse=4.718127 60min_mape=4.695248
[2026-09-10 05:01:03] INFO Epoch 043 | stage=posthoc_calibrator | train_total=1.237881 | train_forecast=1.237881 | train_confidence=0.000000 | train_risk=0.000000 | train_blend=0.000000 | val_total=1.648161 | val_mae=1.653118 | val_rmse=3.901052 | val_mape=3.757161 | val_confidence=0.000000 | val_risk=0.000000 | val_blend=0.000000 | batches=363/44 | seconds=43.02 | lr=[0.0008145062499999999] | cuda_peak_mb=2084.5
[2026-09-10 05:01:03] INFO Val horizons | 15min_mae=1.435773 15min_rmse=3.076389 15min_mape=3.077267 | 30min_mae=1.723438 30min_rmse=4.020978 30min_mape=3.933138 | 60min_mae=1.962118 60min_rmse=4.719989 60min_mape=4.677116
[2026-09-10 05:01:45] INFO Epoch 044 | stage=posthoc_calibrator | train_total=1.237531 | train_forecast=1.237531 | train_confidence=0.000000 | train_risk=0.000000 | train_blend=0.000000 | val_total=1.646780 | val_mae=1.651729 | val_rmse=3.898215 | val_mape=3.756641 | val_confidence=0.000000 | val_risk=0.000000 | val_blend=0.000000 | batches=363/44 | seconds=42.96 | lr=[0.0008145062499999999] | cuda_peak_mb=2084.5
[2026-09-10 05:01:45] INFO Val horizons | 15min_mae=1.434996 15min_rmse=3.074495 15min_mape=3.076190 | 30min_mae=1.722168 30min_rmse=4.018071 30min_mape=3.932302 | 60min_mae=1.959955 60min_rmse=4.716719 60min_mape=4.681187
[2026-09-10 05:02:28] INFO Epoch 045 | stage=posthoc_calibrator | train_total=1.237606 | train_forecast=1.237606 | train_confidence=0.000000 | train_risk=0.000000 | train_blend=0.000000 | val_total=1.647872 | val_mae=1.652828 | val_rmse=3.900605 | val_mape=3.757984 | val_confidence=0.000000 | val_risk=0.000000 | val_blend=0.000000 | batches=363/44 | seconds=42.95 | lr=[0.0008145062499999999] | cuda_peak_mb=2084.5
[2026-09-10 05:02:28] INFO Val horizons | 15min_mae=1.435557 15min_rmse=3.075998 15min_mape=3.078123 | 30min_mae=1.722963 30min_rmse=4.019892 30min_mape=3.934026 | 60min_mae=1.961634 60min_rmse=4.720267 60min_mape=4.680054
[2026-09-10 05:03:11] INFO Epoch 046 | stage=posthoc_calibrator | train_total=1.237684 | train_forecast=1.237684 | train_confidence=0.000000 | train_risk=0.000000 | train_blend=0.000000 | val_total=1.647263 | val_mae=1.652216 | val_rmse=3.898439 | val_mape=3.758755 | val_confidence=0.000000 | val_risk=0.000000 | val_blend=0.000000 | batches=363/44 | seconds=42.97 | lr=[0.0008145062499999999] | cuda_peak_mb=2084.5
[2026-09-10 05:03:11] INFO Val horizons | 15min_mae=1.435596 15min_rmse=3.075565 15min_mape=3.080214 | 30min_mae=1.722373 30min_rmse=4.017548 30min_mape=3.935496 | 60min_mae=1.960843 60min_rmse=4.718018 60min_mape=4.682394
[2026-09-10 05:03:54] INFO Epoch 047 | stage=posthoc_calibrator | train_total=1.237685 | train_forecast=1.237685 | train_confidence=0.000000 | train_risk=0.000000 | train_blend=0.000000 | val_total=1.646647 | val_mae=1.651595 | val_rmse=3.898260 | val_mape=3.756211 | val_confidence=0.000000 | val_risk=0.000000 | val_blend=0.000000 | batches=363/44 | seconds=42.97 | lr=[0.0008145062499999999] | cuda_peak_mb=2084.5
[2026-09-10 05:03:54] INFO Val horizons | 15min_mae=1.434970 15min_rmse=3.074315 15min_mape=3.076737 | 30min_mae=1.722001 30min_rmse=4.017761 30min_mape=3.933732 | 60min_mae=1.960103 60min_rmse=4.718399 60min_mape=4.676899
[2026-09-10 05:04:37] INFO Epoch 048 | stage=posthoc_calibrator | train_total=1.237550 | train_forecast=1.237550 | train_confidence=0.000000 | train_risk=0.000000 | train_blend=0.000000 | val_total=1.646389 | val_mae=1.651336 | val_rmse=3.897915 | val_mape=3.761120 | val_confidence=0.000000 | val_risk=0.000000 | val_blend=0.000000 | batches=363/44 | seconds=42.93 | lr=[0.0008145062499999999] | cuda_peak_mb=2084.5
[2026-09-10 05:04:37] INFO Val horizons | 15min_mae=1.434764 15min_rmse=3.073668 15min_mape=3.079452 | 30min_mae=1.721501 30min_rmse=4.016579 30min_mape=3.935630 | 60min_mae=1.959753 60min_rmse=4.719002 60min_mape=4.693816
[2026-09-10 05:05:20] INFO Epoch 049 | stage=posthoc_calibrator | train_total=1.237459 | train_forecast=1.237459 | train_confidence=0.000000 | train_risk=0.000000 | train_blend=0.000000 | val_total=1.646436 | val_mae=1.651383 | val_rmse=3.897781 | val_mape=3.760285 | val_confidence=0.000000 | val_risk=0.000000 | val_blend=0.000000 | batches=363/44 | seconds=43.02 | lr=[0.0008145062499999999] | cuda_peak_mb=2084.5
[2026-09-10 05:05:20] INFO Val horizons | 15min_mae=1.435043 15min_rmse=3.074473 15min_mape=3.079792 | 30min_mae=1.721669 30min_rmse=4.016506 30min_mape=3.935996 | 60min_mae=1.959922 60min_rmse=4.718742 60min_mape=4.687192
[2026-09-10 05:06:03] INFO Epoch 050 | stage=posthoc_calibrator | train_total=1.237446 | train_forecast=1.237446 | train_confidence=0.000000 | train_risk=0.000000 | train_blend=0.000000 | val_total=1.646204 | val_mae=1.651151 | val_rmse=3.896565 | val_mape=3.760381 | val_confidence=0.000000 | val_risk=0.000000 | val_blend=0.000000 | batches=363/44 | seconds=42.96 | lr=[0.0008145062499999999] | cuda_peak_mb=2084.5
[2026-09-10 05:06:03] INFO Val horizons | 15min_mae=1.434857 15min_rmse=3.073851 15min_mape=3.079579 | 30min_mae=1.721390 30min_rmse=4.015089 30min_mape=3.936772 | 60min_mae=1.959592 60min_rmse=4.717485 60min_mape=4.686156
[2026-09-10 05:06:03] INFO Downstream training finished | best_val_mae=1.650665 | checkpoint=C:\Users\clw\projects\researchRep\STAnchor-BlockMemory\artifacts\cross_dataset_final\pems04_finetuned_router_staeformer_seed42\downstream_best.pt
