[2026-09-10 09:09:23] INFO Downstream start | run=cross_dataset_final/pems08_source_router_argcn_seed42 | device=cuda:0 (requested=cuda:0) | seed=42 | output=C:\Users\clw\projects\researchRep\STAnchor-BlockMemory\artifacts\cross_dataset_final\pems08_source_router_argcn_seed42
[2026-09-10 09:09:23] INFO Mode | downstream_mode=learned_topk_error_aware | training_protocol=posthoc_frozen_base | candidate_protocol=weekday_radius1_overlap
[2026-09-10 09:09:23] INFO Downstream initialization | seed=42 | state_hash=9ff7602783e29ed5
[2026-09-10 09:09:23] INFO Frozen base | checkpoint=C:\Users\clw\projects\researchRep\STAnchor-BlockMemory\artifacts\cross_dataset_final\pems08_baseonly_argcn_seed42\downstream_best.pt | fingerprint=8c84160341fcf970
[2026-09-10 09:09:23] INFO Data | steps=17856 | nodes=170 | channels=1 | training_scope=full_train | memory/post_memory/train_selected/val/test=8540/3660/12200/1486/3273
[2026-09-10 09:09:23] INFO Bank/retrieval | dataset=pems08_source_queue | events=8540 | nodes=170 | retrieval_dim=64 | event_top_r=96 | node_top_k=12 | key_dtype=float16
[2026-09-10 09:09:23] INFO Parameters | downstream_total=1,030,502 | downstream_trainable=879,693 | backbone=0 | confidence_head=0 | fusion=0 | frozen_pretrained=958,704
[2026-09-10 09:09:23] INFO Optimization | epochs=50 | batch_size=32 | optimizer=adam | lr=0.001 | weight_decay=0.0001 | scheduler=step_lr | step_size=10 | gamma=0.950 | confidence_weight=0.000 | patience=10 | early_stopping=disabled
[2026-09-10 09:09:24] INFO Stage start | stage=posthoc_calibrator | epochs=50 | optimizer_lrs=[0.001]
[2026-09-10 09:12:14] INFO Epoch 001 | stage=posthoc_calibrator | train_total=1.165740 | train_forecast=1.165740 | train_confidence=0.000000 | train_risk=0.000000 | train_blend=0.000000 | val_total=1.382811 | val_mae=1.380331 | val_rmse=3.597936 | val_mape=3.123835 | val_confidence=0.000000 | val_risk=0.000000 | val_blend=0.000000 | batches=382/47 | seconds=170.28 | lr=[0.001] | cuda_peak_mb=1373.4
[2026-09-10 09:12:14] INFO Val horizons | 15min_mae=1.139458 15min_rmse=2.664330 15min_mape=2.377452 | 30min_mae=1.419582 30min_rmse=3.615390 30min_mape=3.218675 | 60min_mae=1.718790 60min_rmse=4.523064 60min_mape=4.103972
[2026-09-10 09:12:14] INFO Checkpoint updated | epoch=1 | stage=posthoc_calibrator | best_val_mae=1.380331 | path=C:\Users\clw\projects\researchRep\STAnchor-BlockMemory\artifacts\cross_dataset_final\pems08_source_router_argcn_seed42\downstream_best.pt
[2026-09-10 09:12:42] INFO Epoch 002 | stage=posthoc_calibrator | train_total=1.142394 | train_forecast=1.142394 | train_confidence=0.000000 | train_risk=0.000000 | train_blend=0.000000 | val_total=1.377555 | val_mae=1.375122 | val_rmse=3.605866 | val_mape=3.119896 | val_confidence=0.000000 | val_risk=0.000000 | val_blend=0.000000 | batches=382/47 | seconds=27.77 | lr=[0.001] | cuda_peak_mb=1172.1
[2026-09-10 09:12:42] INFO Val horizons | 15min_mae=1.134839 15min_rmse=2.659926 15min_mape=2.359690 | 30min_mae=1.414684 30min_rmse=3.619323 30min_mape=3.210856 | 60min_mae=1.712008 60min_rmse=4.549837 60min_mape=4.126810
[2026-09-10 09:12:42] INFO Checkpoint updated | epoch=2 | stage=posthoc_calibrator | best_val_mae=1.375122 | path=C:\Users\clw\projects\researchRep\STAnchor-BlockMemory\artifacts\cross_dataset_final\pems08_source_router_argcn_seed42\downstream_best.pt
[2026-09-10 09:13:10] INFO Epoch 003 | stage=posthoc_calibrator | train_total=1.137519 | train_forecast=1.137519 | train_confidence=0.000000 | train_risk=0.000000 | train_blend=0.000000 | val_total=1.377267 | val_mae=1.374688 | val_rmse=3.597476 | val_mape=3.097234 | val_confidence=0.000000 | val_risk=0.000000 | val_blend=0.000000 | batches=382/47 | seconds=27.86 | lr=[0.001] | cuda_peak_mb=1171.9
[2026-09-10 09:13:10] INFO Val horizons | 15min_mae=1.132333 15min_rmse=2.644889 15min_mape=2.341880 | 30min_mae=1.414586 30min_rmse=3.604098 30min_mape=3.192048 | 60min_mae=1.714832 60min_rmse=4.558522 60min_mape=4.096739
[2026-09-10 09:13:10] INFO Checkpoint updated | epoch=3 | stage=posthoc_calibrator | best_val_mae=1.374688 | path=C:\Users\clw\projects\researchRep\STAnchor-BlockMemory\artifacts\cross_dataset_final\pems08_source_router_argcn_seed42\downstream_best.pt
[2026-09-10 09:13:38] INFO Epoch 004 | stage=posthoc_calibrator | train_total=1.134150 | train_forecast=1.134150 | train_confidence=0.000000 | train_risk=0.000000 | train_blend=0.000000 | val_total=1.381200 | val_mae=1.378683 | val_rmse=3.618619 | val_mape=3.116095 | val_confidence=0.000000 | val_risk=0.000000 | val_blend=0.000000 | batches=382/47 | seconds=27.88 | lr=[0.001] | cuda_peak_mb=1172.9
[2026-09-10 09:13:38] INFO Val horizons | 15min_mae=1.137683 15min_rmse=2.664269 15min_mape=2.362403 | 30min_mae=1.419185 30min_rmse=3.627381 30min_mape=3.213630 | 60min_mae=1.716589 60min_rmse=4.578891 60min_mape=4.106751
[2026-09-10 09:14:06] INFO Epoch 005 | stage=posthoc_calibrator | train_total=1.131687 | train_forecast=1.131687 | train_confidence=0.000000 | train_risk=0.000000 | train_blend=0.000000 | val_total=1.372568 | val_mae=1.370150 | val_rmse=3.591940 | val_mape=3.072402 | val_confidence=0.000000 | val_risk=0.000000 | val_blend=0.000000 | batches=382/47 | seconds=27.96 | lr=[0.001] | cuda_peak_mb=1171.8
[2026-09-10 09:14:06] INFO Val horizons | 15min_mae=1.129405 15min_rmse=2.639346 15min_mape=2.340698 | 30min_mae=1.406947 30min_rmse=3.583856 30min_mape=3.160704 | 60min_mae=1.713492 60min_rmse=4.576847 60min_mape=4.059673
[2026-09-10 09:14:06] INFO Checkpoint updated | epoch=5 | stage=posthoc_calibrator | best_val_mae=1.370150 | path=C:\Users\clw\projects\researchRep\STAnchor-BlockMemory\artifacts\cross_dataset_final\pems08_source_router_argcn_seed42\downstream_best.pt
[2026-09-10 09:14:34] INFO Epoch 006 | stage=posthoc_calibrator | train_total=1.130691 | train_forecast=1.130691 | train_confidence=0.000000 | train_risk=0.000000 | train_blend=0.000000 | val_total=1.374130 | val_mae=1.371527 | val_rmse=3.602775 | val_mape=3.075059 | val_confidence=0.000000 | val_risk=0.000000 | val_blend=0.000000 | batches=382/47 | seconds=27.92 | lr=[0.001] | cuda_peak_mb=1171.8
[2026-09-10 09:14:34] INFO Val horizons | 15min_mae=1.131814 15min_rmse=2.649076 15min_mape=2.347027 | 30min_mae=1.410004 30min_rmse=3.600016 30min_mape=3.168349 | 60min_mae=1.709929 60min_rmse=4.578378 60min_mape=4.045465
[2026-09-10 09:15:02] INFO Epoch 007 | stage=posthoc_calibrator | train_total=1.129642 | train_forecast=1.129642 | train_confidence=0.000000 | train_risk=0.000000 | train_blend=0.000000 | val_total=1.373051 | val_mae=1.370567 | val_rmse=3.593959 | val_mape=3.066079 | val_confidence=0.000000 | val_risk=0.000000 | val_blend=0.000000 | batches=382/47 | seconds=27.99 | lr=[0.001] | cuda_peak_mb=1171.9
[2026-09-10 09:15:02] INFO Val horizons | 15min_mae=1.127098 15min_rmse=2.631104 15min_mape=2.330116 | 30min_mae=1.406987 30min_rmse=3.577773 30min_mape=3.153965 | 60min_mae=1.721243 60min_rmse=4.605969 60min_mape=4.059884
[2026-09-10 09:15:30] INFO Epoch 008 | stage=posthoc_calibrator | train_total=1.129252 | train_forecast=1.129252 | train_confidence=0.000000 | train_risk=0.000000 | train_blend=0.000000 | val_total=1.372436 | val_mae=1.369737 | val_rmse=3.603884 | val_mape=3.101763 | val_confidence=0.000000 | val_risk=0.000000 | val_blend=0.000000 | batches=382/47 | seconds=27.97 | lr=[0.001] | cuda_peak_mb=1172.9
[2026-09-10 09:15:30] INFO Val horizons | 15min_mae=1.126222 15min_rmse=2.628895 15min_mape=2.331282 | 30min_mae=1.406148 30min_rmse=3.582100 30min_mape=3.180408 | 60min_mae=1.719104 60min_rmse=4.630863 60min_mape=4.155826
[2026-09-10 09:15:30] INFO Checkpoint updated | epoch=8 | stage=posthoc_calibrator | best_val_mae=1.369737 | path=C:\Users\clw\projects\researchRep\STAnchor-BlockMemory\artifacts\cross_dataset_final\pems08_source_router_argcn_seed42\downstream_best.pt
[2026-09-10 09:15:58] INFO Epoch 009 | stage=posthoc_calibrator | train_total=1.128761 | train_forecast=1.128761 | train_confidence=0.000000 | train_risk=0.000000 | train_blend=0.000000 | val_total=1.374011 | val_mae=1.371552 | val_rmse=3.576149 | val_mape=3.067686 | val_confidence=0.000000 | val_risk=0.000000 | val_blend=0.000000 | batches=382/47 | seconds=27.92 | lr=[0.001] | cuda_peak_mb=1171.8
[2026-09-10 09:15:58] INFO Val horizons | 15min_mae=1.128584 15min_rmse=2.640722 15min_mape=2.340268 | 30min_mae=1.406625 30min_rmse=3.577561 30min_mape=3.159539 | 60min_mae=1.717401 60min_rmse=4.534807 60min_mape=4.042788
[2026-09-10 09:16:25] INFO Epoch 010 | stage=posthoc_calibrator | train_total=1.127583 | train_forecast=1.127583 | train_confidence=0.000000 | train_risk=0.000000 | train_blend=0.000000 | val_total=1.372497 | val_mae=1.369858 | val_rmse=3.617020 | val_mape=3.098062 | val_confidence=0.000000 | val_risk=0.000000 | val_blend=0.000000 | batches=382/47 | seconds=27.92 | lr=[0.001] | cuda_peak_mb=1171.8
[2026-09-10 09:16:25] INFO Val horizons | 15min_mae=1.126845 15min_rmse=2.640192 15min_mape=2.340171 | 30min_mae=1.406038 30min_rmse=3.601544 30min_mape=3.181737 | 60min_mae=1.718421 60min_rmse=4.633664 60min_mape=4.126968
[2026-09-10 09:16:53] INFO Epoch 011 | stage=posthoc_calibrator | train_total=1.127254 | train_forecast=1.127254 | train_confidence=0.000000 | train_risk=0.000000 | train_blend=0.000000 | val_total=1.372332 | val_mae=1.369619 | val_rmse=3.612358 | val_mape=3.101957 | val_confidence=0.000000 | val_risk=0.000000 | val_blend=0.000000 | batches=382/47 | seconds=27.93 | lr=[0.00095] | cuda_peak_mb=1171.9
[2026-09-10 09:16:53] INFO Val horizons | 15min_mae=1.129065 15min_rmse=2.648990 15min_mape=2.348901 | 30min_mae=1.407138 30min_rmse=3.602623 30min_mape=3.186464 | 60min_mae=1.711750 60min_rmse=4.613131 60min_mape=4.122141
[2026-09-10 09:16:53] INFO Checkpoint updated | epoch=11 | stage=posthoc_calibrator | best_val_mae=1.369619 | path=C:\Users\clw\projects\researchRep\STAnchor-BlockMemory\artifacts\cross_dataset_final\pems08_source_router_argcn_seed42\downstream_best.pt
[2026-09-10 09:17:21] INFO Epoch 012 | stage=posthoc_calibrator | train_total=1.127139 | train_forecast=1.127139 | train_confidence=0.000000 | train_risk=0.000000 | train_blend=0.000000 | val_total=1.370636 | val_mae=1.368064 | val_rmse=3.597401 | val_mape=3.072230 | val_confidence=0.000000 | val_risk=0.000000 | val_blend=0.000000 | batches=382/47 | seconds=28.01 | lr=[0.00095] | cuda_peak_mb=1172.9
[2026-09-10 09:17:21] INFO Val horizons | 15min_mae=1.128583 15min_rmse=2.640450 15min_mape=2.338197 | 30min_mae=1.405549 30min_rmse=3.590820 30min_mape=3.161562 | 60min_mae=1.708100 60min_rmse=4.583166 60min_mape=4.055372
[2026-09-10 09:17:21] INFO Checkpoint updated | epoch=12 | stage=posthoc_calibrator | best_val_mae=1.368064 | path=C:\Users\clw\projects\researchRep\STAnchor-BlockMemory\artifacts\cross_dataset_final\pems08_source_router_argcn_seed42\downstream_best.pt
[2026-09-10 09:17:49] INFO Epoch 013 | stage=posthoc_calibrator | train_total=1.126859 | train_forecast=1.126859 | train_confidence=0.000000 | train_risk=0.000000 | train_blend=0.000000 | val_total=1.369139 | val_mae=1.366627 | val_rmse=3.602265 | val_mape=3.064948 | val_confidence=0.000000 | val_risk=0.000000 | val_blend=0.000000 | batches=382/47 | seconds=27.93 | lr=[0.00095] | cuda_peak_mb=1171.8
[2026-09-10 09:17:49] INFO Val horizons | 15min_mae=1.124663 15min_rmse=2.636169 15min_mape=2.330415 | 30min_mae=1.402087 30min_rmse=3.584718 30min_mape=3.148397 | 60min_mae=1.714927 60min_rmse=4.615462 60min_mape=4.069498
[2026-09-10 09:17:49] INFO Checkpoint updated | epoch=13 | stage=posthoc_calibrator | best_val_mae=1.366627 | path=C:\Users\clw\projects\researchRep\STAnchor-BlockMemory\artifacts\cross_dataset_final\pems08_source_router_argcn_seed42\downstream_best.pt
[2026-09-10 09:18:17] INFO Epoch 014 | stage=posthoc_calibrator | train_total=1.125923 | train_forecast=1.125923 | train_confidence=0.000000 | train_risk=0.000000 | train_blend=0.000000 | val_total=1.370461 | val_mae=1.367863 | val_rmse=3.593252 | val_mape=3.067931 | val_confidence=0.000000 | val_risk=0.000000 | val_blend=0.000000 | batches=382/47 | seconds=27.94 | lr=[0.00095] | cuda_peak_mb=1171.8
[2026-09-10 09:18:17] INFO Val horizons | 15min_mae=1.127259 15min_rmse=2.635307 15min_mape=2.336519 | 30min_mae=1.404313 30min_rmse=3.579814 30min_mape=3.153659 | 60min_mae=1.711675 60min_rmse=4.592262 60min_mape=4.059087
[2026-09-10 09:18:45] INFO Epoch 015 | stage=posthoc_calibrator | train_total=1.125028 | train_forecast=1.125028 | train_confidence=0.000000 | train_risk=0.000000 | train_blend=0.000000 | val_total=1.376901 | val_mae=1.374219 | val_rmse=3.624357 | val_mape=3.101060 | val_confidence=0.000000 | val_risk=0.000000 | val_blend=0.000000 | batches=382/47 | seconds=27.97 | lr=[0.00095] | cuda_peak_mb=1171.9
[2026-09-10 09:18:45] INFO Val horizons | 15min_mae=1.131712 15min_rmse=2.650787 15min_mape=2.354131 | 30min_mae=1.411329 30min_rmse=3.610213 30min_mape=3.190080 | 60min_mae=1.722088 60min_rmse=4.642352 60min_mape=4.116215
[2026-09-10 09:19:13] INFO Epoch 016 | stage=posthoc_calibrator | train_total=1.125155 | train_forecast=1.125155 | train_confidence=0.000000 | train_risk=0.000000 | train_blend=0.000000 | val_total=1.378726 | val_mae=1.376253 | val_rmse=3.600569 | val_mape=3.065994 | val_confidence=0.000000 | val_risk=0.000000 | val_blend=0.000000 | batches=382/47 | seconds=27.92 | lr=[0.00095] | cuda_peak_mb=1172.9
[2026-09-10 09:19:13] INFO Val horizons | 15min_mae=1.128525 15min_rmse=2.639747 15min_mape=2.336186 | 30min_mae=1.412325 30min_rmse=3.589048 30min_mape=3.154973 | 60min_mae=1.728645 60min_rmse=4.599488 60min_mape=4.052689
[2026-09-10 09:19:41] INFO Epoch 017 | stage=posthoc_calibrator | train_total=1.125121 | train_forecast=1.125121 | train_confidence=0.000000 | train_risk=0.000000 | train_blend=0.000000 | val_total=1.375725 | val_mae=1.373111 | val_rmse=3.606542 | val_mape=3.075182 | val_confidence=0.000000 | val_risk=0.000000 | val_blend=0.000000 | batches=382/47 | seconds=27.97 | lr=[0.00095] | cuda_peak_mb=1171.8
[2026-09-10 09:19:41] INFO Val horizons | 15min_mae=1.126709 15min_rmse=2.631578 15min_mape=2.330486 | 30min_mae=1.407881 30min_rmse=3.584268 30min_mape=3.157685 | 60min_mae=1.728333 60min_rmse=4.632911 60min_mape=4.094146
[2026-09-10 09:20:09] INFO Epoch 018 | stage=posthoc_calibrator | train_total=1.124712 | train_forecast=1.124712 | train_confidence=0.000000 | train_risk=0.000000 | train_blend=0.000000 | val_total=1.370472 | val_mae=1.367761 | val_rmse=3.600876 | val_mape=3.088961 | val_confidence=0.000000 | val_risk=0.000000 | val_blend=0.000000 | batches=382/47 | seconds=27.96 | lr=[0.00095] | cuda_peak_mb=1171.8
[2026-09-10 09:20:09] INFO Val horizons | 15min_mae=1.125104 15min_rmse=2.636171 15min_mape=2.333221 | 30min_mae=1.403795 30min_rmse=3.589608 30min_mape=3.170606 | 60min_mae=1.712848 60min_rmse=4.600389 60min_mape=4.114307
[2026-09-10 09:20:37] INFO Epoch 019 | stage=posthoc_calibrator | train_total=1.125207 | train_forecast=1.125207 | train_confidence=0.000000 | train_risk=0.000000 | train_blend=0.000000 | val_total=1.369906 | val_mae=1.367125 | val_rmse=3.610520 | val_mape=3.109646 | val_confidence=0.000000 | val_risk=0.000000 | val_blend=0.000000 | batches=382/47 | seconds=27.92 | lr=[0.00095] | cuda_peak_mb=1171.9
[2026-09-10 09:20:37] INFO Val horizons | 15min_mae=1.127510 15min_rmse=2.647732 15min_mape=2.347520 | 30min_mae=1.405377 30min_rmse=3.607731 30min_mape=3.197523 | 60min_mae=1.706927 60min_rmse=4.600752 60min_mape=4.132096
[2026-09-10 09:21:05] INFO Epoch 020 | stage=posthoc_calibrator | train_total=1.124480 | train_forecast=1.124480 | train_confidence=0.000000 | train_risk=0.000000 | train_blend=0.000000 | val_total=1.365118 | val_mae=1.362602 | val_rmse=3.572497 | val_mape=3.057479 | val_confidence=0.000000 | val_risk=0.000000 | val_blend=0.000000 | batches=382/47 | seconds=27.90 | lr=[0.00095] | cuda_peak_mb=1172.9
[2026-09-10 09:21:05] INFO Val horizons | 15min_mae=1.125312 15min_rmse=2.629936 15min_mape=2.326185 | 30min_mae=1.399869 30min_rmse=3.567703 30min_mape=3.143206 | 60min_mae=1.700989 60min_rmse=4.545906 60min_mape=4.051311
[2026-09-10 09:21:05] INFO Checkpoint updated | epoch=20 | stage=posthoc_calibrator | best_val_mae=1.362602 | path=C:\Users\clw\projects\researchRep\STAnchor-BlockMemory\artifacts\cross_dataset_final\pems08_source_router_argcn_seed42\downstream_best.pt
[2026-09-10 09:21:33] INFO Epoch 021 | stage=posthoc_calibrator | train_total=1.123888 | train_forecast=1.123888 | train_confidence=0.000000 | train_risk=0.000000 | train_blend=0.000000 | val_total=1.367787 | val_mae=1.365174 | val_rmse=3.606531 | val_mape=3.098147 | val_confidence=0.000000 | val_risk=0.000000 | val_blend=0.000000 | batches=382/47 | seconds=27.88 | lr=[0.0009025] | cuda_peak_mb=1171.8
[2026-09-10 09:21:33] INFO Val horizons | 15min_mae=1.126460 15min_rmse=2.647693 15min_mape=2.345287 | 30min_mae=1.403002 30min_rmse=3.607350 30min_mape=3.188043 | 60min_mae=1.704423 60min_rmse=4.587045 60min_mape=4.104839
[2026-09-10 09:22:01] INFO Epoch 022 | stage=posthoc_calibrator | train_total=1.123972 | train_forecast=1.123972 | train_confidence=0.000000 | train_risk=0.000000 | train_blend=0.000000 | val_total=1.365565 | val_mae=1.363020 | val_rmse=3.583471 | val_mape=3.061753 | val_confidence=0.000000 | val_risk=0.000000 | val_blend=0.000000 | batches=382/47 | seconds=27.92 | lr=[0.0009025] | cuda_peak_mb=1171.8
[2026-09-10 09:22:01] INFO Val horizons | 15min_mae=1.124839 15min_rmse=2.637551 15min_mape=2.332407 | 30min_mae=1.400132 30min_rmse=3.581883 30min_mape=3.153890 | 60min_mae=1.702874 60min_rmse=4.560479 60min_mape=4.045681
[2026-09-10 09:22:29] INFO Epoch 023 | stage=posthoc_calibrator | train_total=1.123751 | train_forecast=1.123751 | train_confidence=0.000000 | train_risk=0.000000 | train_blend=0.000000 | val_total=1.366190 | val_mae=1.363595 | val_rmse=3.592236 | val_mape=3.067507 | val_confidence=0.000000 | val_risk=0.000000 | val_blend=0.000000 | batches=382/47 | seconds=27.91 | lr=[0.0009025] | cuda_peak_mb=1171.9
[2026-09-10 09:22:29] INFO Val horizons | 15min_mae=1.122007 15min_rmse=2.621881 15min_mape=2.311605 | 30min_mae=1.398247 30min_rmse=3.568849 30min_mape=3.141557 | 60min_mae=1.713346 60min_rmse=4.616664 60min_mape=4.107920
[2026-09-10 09:22:57] INFO Epoch 024 | stage=posthoc_calibrator | train_total=1.123366 | train_forecast=1.123366 | train_confidence=0.000000 | train_risk=0.000000 | train_blend=0.000000 | val_total=1.369153 | val_mae=1.366567 | val_rmse=3.586787 | val_mape=3.066778 | val_confidence=0.000000 | val_risk=0.000000 | val_blend=0.000000 | batches=382/47 | seconds=27.90 | lr=[0.0009025] | cuda_peak_mb=1172.9
[2026-09-10 09:22:57] INFO Val horizons | 15min_mae=1.125371 15min_rmse=2.630063 15min_mape=2.326481 | 30min_mae=1.402503 30min_rmse=3.573752 30min_mape=3.149617 | 60min_mae=1.712193 60min_rmse=4.581181 60min_mape=4.070023
[2026-09-10 09:23:25] INFO Epoch 025 | stage=posthoc_calibrator | train_total=1.122919 | train_forecast=1.122919 | train_confidence=0.000000 | train_risk=0.000000 | train_blend=0.000000 | val_total=1.365540 | val_mae=1.362841 | val_rmse=3.602245 | val_mape=3.075929 | val_confidence=0.000000 | val_risk=0.000000 | val_blend=0.000000 | batches=382/47 | seconds=27.87 | lr=[0.0009025] | cuda_peak_mb=1171.8
[2026-09-10 09:23:25] INFO Val horizons | 15min_mae=1.123249 15min_rmse=2.633632 15min_mape=2.322863 | 30min_mae=1.399587 30min_rmse=3.586080 30min_mape=3.156756 | 60min_mae=1.705922 60min_rmse=4.617468 60min_mape=4.101913
[2026-09-10 09:23:52] INFO Epoch 026 | stage=posthoc_calibrator | train_total=1.122855 | train_forecast=1.122855 | train_confidence=0.000000 | train_risk=0.000000 | train_blend=0.000000 | val_total=1.366354 | val_mae=1.363726 | val_rmse=3.587422 | val_mape=3.072980 | val_confidence=0.000000 | val_risk=0.000000 | val_blend=0.000000 | batches=382/47 | seconds=27.88 | lr=[0.0009025] | cuda_peak_mb=1171.8
[2026-09-10 09:23:52] INFO Val horizons | 15min_mae=1.124926 15min_rmse=2.631082 15min_mape=2.329963 | 30min_mae=1.400481 30min_rmse=3.576080 30min_mape=3.156693 | 60min_mae=1.704717 60min_rmse=4.583981 60min_mape=4.082756
[2026-09-10 09:24:20] INFO Epoch 027 | stage=posthoc_calibrator | train_total=1.122300 | train_forecast=1.122300 | train_confidence=0.000000 | train_risk=0.000000 | train_blend=0.000000 | val_total=1.365918 | val_mae=1.363462 | val_rmse=3.575291 | val_mape=3.047341 | val_confidence=0.000000 | val_risk=0.000000 | val_blend=0.000000 | batches=382/47 | seconds=27.88 | lr=[0.0009025] | cuda_peak_mb=1171.9
[2026-09-10 09:24:20] INFO Val horizons | 15min_mae=1.121787 15min_rmse=2.621073 15min_mape=2.308289 | 30min_mae=1.398812 30min_rmse=3.561658 30min_mape=3.127026 | 60min_mae=1.709719 60min_rmse=4.569137 60min_mape=4.055218
[2026-09-10 09:24:48] INFO Epoch 028 | stage=posthoc_calibrator | train_total=1.122724 | train_forecast=1.122724 | train_confidence=0.000000 | train_risk=0.000000 | train_blend=0.000000 | val_total=1.371090 | val_mae=1.368418 | val_rmse=3.608226 | val_mape=3.081615 | val_confidence=0.000000 | val_risk=0.000000 | val_blend=0.000000 | batches=382/47 | seconds=27.93 | lr=[0.0009025] | cuda_peak_mb=1172.9
[2026-09-10 09:24:48] INFO Val horizons | 15min_mae=1.124743 15min_rmse=2.635289 15min_mape=2.327769 | 30min_mae=1.403849 30min_rmse=3.588290 30min_mape=3.160353 | 60min_mae=1.717115 60min_rmse=4.626636 60min_mape=4.110206
[2026-09-10 09:25:16] INFO Epoch 029 | stage=posthoc_calibrator | train_total=1.122863 | train_forecast=1.122863 | train_confidence=0.000000 | train_risk=0.000000 | train_blend=0.000000 | val_total=1.372702 | val_mae=1.370095 | val_rmse=3.597098 | val_mape=3.071323 | val_confidence=0.000000 | val_risk=0.000000 | val_blend=0.000000 | batches=382/47 | seconds=27.86 | lr=[0.0009025] | cuda_peak_mb=1171.8
[2026-09-10 09:25:16] INFO Val horizons | 15min_mae=1.123538 15min_rmse=2.617799 15min_mape=2.312095 | 30min_mae=1.403656 30min_rmse=3.562195 30min_mape=3.142717 | 60min_mae=1.728661 60min_rmse=4.647133 60min_mape=4.124374
[2026-09-10 09:25:44] INFO Epoch 030 | stage=posthoc_calibrator | train_total=1.122273 | train_forecast=1.122273 | train_confidence=0.000000 | train_risk=0.000000 | train_blend=0.000000 | val_total=1.368131 | val_mae=1.365412 | val_rmse=3.599653 | val_mape=3.100710 | val_confidence=0.000000 | val_risk=0.000000 | val_blend=0.000000 | batches=382/47 | seconds=27.89 | lr=[0.0009025] | cuda_peak_mb=1171.8
[2026-09-10 09:25:44] INFO Val horizons | 15min_mae=1.126445 15min_rmse=2.646148 15min_mape=2.349116 | 30min_mae=1.402351 30min_rmse=3.595460 30min_mape=3.184495 | 60min_mae=1.706562 60min_rmse=4.583375 60min_mape=4.118974
[2026-09-10 09:26:12] INFO Epoch 031 | stage=posthoc_calibrator | train_total=1.122278 | train_forecast=1.122278 | train_confidence=0.000000 | train_risk=0.000000 | train_blend=0.000000 | val_total=1.366838 | val_mae=1.364102 | val_rmse=3.597865 | val_mape=3.077201 | val_confidence=0.000000 | val_risk=0.000000 | val_blend=0.000000 | batches=382/47 | seconds=27.94 | lr=[0.000857375] | cuda_peak_mb=1171.9
[2026-09-10 09:26:12] INFO Val horizons | 15min_mae=1.125231 15min_rmse=2.639374 15min_mape=2.335437 | 30min_mae=1.400240 30min_rmse=3.581970 30min_mape=3.157869 | 60min_mae=1.706434 60min_rmse=4.601774 60min_mape=4.093211
[2026-09-10 09:26:40] INFO Epoch 032 | stage=posthoc_calibrator | train_total=1.122220 | train_forecast=1.122220 | train_confidence=0.000000 | train_risk=0.000000 | train_blend=0.000000 | val_total=1.369506 | val_mae=1.366871 | val_rmse=3.586993 | val_mape=3.067714 | val_confidence=0.000000 | val_risk=0.000000 | val_blend=0.000000 | batches=382/47 | seconds=27.96 | lr=[0.000857375] | cuda_peak_mb=1172.9
[2026-09-10 09:26:40] INFO Val horizons | 15min_mae=1.126168 15min_rmse=2.632418 15min_mape=2.333801 | 30min_mae=1.403340 30min_rmse=3.577570 30min_mape=3.154116 | 60min_mae=1.709823 60min_rmse=4.576492 60min_mape=4.060198
[2026-09-10 09:27:08] INFO Epoch 033 | stage=posthoc_calibrator | train_total=1.122153 | train_forecast=1.122153 | train_confidence=0.000000 | train_risk=0.000000 | train_blend=0.000000 | val_total=1.368217 | val_mae=1.365997 | val_rmse=3.585162 | val_mape=3.060054 | val_confidence=0.000000 | val_risk=0.000000 | val_blend=0.000000 | batches=382/47 | seconds=27.88 | lr=[0.000857375] | cuda_peak_mb=1171.8
[2026-09-10 09:27:08] INFO Val horizons | 15min_mae=1.127139 15min_rmse=2.640464 15min_mape=2.336198 | 30min_mae=1.402229 30min_rmse=3.580430 30min_mape=3.145900 | 60min_mae=1.708387 60min_rmse=4.556894 60min_mape=4.037168
[2026-09-10 09:27:36] INFO Epoch 034 | stage=posthoc_calibrator | train_total=1.121997 | train_forecast=1.121997 | train_confidence=0.000000 | train_risk=0.000000 | train_blend=0.000000 | val_total=1.366846 | val_mae=1.364101 | val_rmse=3.591940 | val_mape=3.083882 | val_confidence=0.000000 | val_risk=0.000000 | val_blend=0.000000 | batches=382/47 | seconds=27.91 | lr=[0.000857375] | cuda_peak_mb=1171.8
[2026-09-10 09:27:36] INFO Val horizons | 15min_mae=1.125383 15min_rmse=2.639255 15min_mape=2.337064 | 30min_mae=1.401341 30min_rmse=3.588263 30min_mape=3.169111 | 60min_mae=1.704771 60min_rmse=4.573733 60min_mape=4.093392
[2026-09-10 09:28:04] INFO Epoch 035 | stage=posthoc_calibrator | train_total=1.121518 | train_forecast=1.121518 | train_confidence=0.000000 | train_risk=0.000000 | train_blend=0.000000 | val_total=1.367287 | val_mae=1.364675 | val_rmse=3.593717 | val_mape=3.060601 | val_confidence=0.000000 | val_risk=0.000000 | val_blend=0.000000 | batches=382/47 | seconds=28.03 | lr=[0.000857375] | cuda_peak_mb=1171.9
[2026-09-10 09:28:04] INFO Val horizons | 15min_mae=1.123347 15min_rmse=2.627964 15min_mape=2.317563 | 30min_mae=1.399946 30min_rmse=3.571765 30min_mape=3.137321 | 60min_mae=1.710658 60min_rmse=4.610468 60min_mape=4.080792
[2026-09-10 09:28:32] INFO Epoch 036 | stage=posthoc_calibrator | train_total=1.121431 | train_forecast=1.121431 | train_confidence=0.000000 | train_risk=0.000000 | train_blend=0.000000 | val_total=1.364944 | val_mae=1.362368 | val_rmse=3.596803 | val_mape=3.069958 | val_confidence=0.000000 | val_risk=0.000000 | val_blend=0.000000 | batches=382/47 | seconds=27.92 | lr=[0.000857375] | cuda_peak_mb=1172.9
[2026-09-10 09:28:32] INFO Val horizons | 15min_mae=1.123096 15min_rmse=2.637259 15min_mape=2.326994 | 30min_mae=1.398393 30min_rmse=3.585842 30min_mape=3.150839 | 60min_mae=1.706114 60min_rmse=4.596025 60min_mape=4.087604
[2026-09-10 09:28:32] INFO Checkpoint updated | epoch=36 | stage=posthoc_calibrator | best_val_mae=1.362368 | path=C:\Users\clw\projects\researchRep\STAnchor-BlockMemory\artifacts\cross_dataset_final\pems08_source_router_argcn_seed42\downstream_best.pt
[2026-09-10 09:29:00] INFO Epoch 037 | stage=posthoc_calibrator | train_total=1.121618 | train_forecast=1.121618 | train_confidence=0.000000 | train_risk=0.000000 | train_blend=0.000000 | val_total=1.373190 | val_mae=1.370447 | val_rmse=3.621061 | val_mape=3.097299 | val_confidence=0.000000 | val_risk=0.000000 | val_blend=0.000000 | batches=382/47 | seconds=27.87 | lr=[0.000857375] | cuda_peak_mb=1171.8
[2026-09-10 09:29:00] INFO Val horizons | 15min_mae=1.126619 15min_rmse=2.646191 15min_mape=2.344381 | 30min_mae=1.405543 30min_rmse=3.604472 30min_mape=3.182498 | 60min_mae=1.721002 60min_rmse=4.640571 60min_mape=4.121022
[2026-09-10 09:29:27] INFO Epoch 038 | stage=posthoc_calibrator | train_total=1.121567 | train_forecast=1.121567 | train_confidence=0.000000 | train_risk=0.000000 | train_blend=0.000000 | val_total=1.366765 | val_mae=1.364030 | val_rmse=3.588345 | val_mape=3.076975 | val_confidence=0.000000 | val_risk=0.000000 | val_blend=0.000000 | batches=382/47 | seconds=27.88 | lr=[0.000857375] | cuda_peak_mb=1171.8
[2026-09-10 09:29:27] INFO Val horizons | 15min_mae=1.125037 15min_rmse=2.636845 15min_mape=2.329961 | 30min_mae=1.401253 30min_rmse=3.583795 30min_mape=3.162695 | 60min_mae=1.704257 60min_rmse=4.571261 60min_mape=4.087077
[2026-09-10 09:29:55] INFO Epoch 039 | stage=posthoc_calibrator | train_total=1.121476 | train_forecast=1.121476 | train_confidence=0.000000 | train_risk=0.000000 | train_blend=0.000000 | val_total=1.368449 | val_mae=1.365771 | val_rmse=3.589102 | val_mape=3.057822 | val_confidence=0.000000 | val_risk=0.000000 | val_blend=0.000000 | batches=382/47 | seconds=27.89 | lr=[0.000857375] | cuda_peak_mb=1171.9
[2026-09-10 09:29:55] INFO Val horizons | 15min_mae=1.124141 15min_rmse=2.626983 15min_mape=2.320564 | 30min_mae=1.401263 30min_rmse=3.573763 30min_mape=3.139752 | 60min_mae=1.713399 60min_rmse=4.594342 60min_mape=4.062682
[2026-09-10 09:30:23] INFO Epoch 040 | stage=posthoc_calibrator | train_total=1.121479 | train_forecast=1.121479 | train_confidence=0.000000 | train_risk=0.000000 | train_blend=0.000000 | val_total=1.365194 | val_mae=1.362475 | val_rmse=3.598125 | val_mape=3.081144 | val_confidence=0.000000 | val_risk=0.000000 | val_blend=0.000000 | batches=382/47 | seconds=27.88 | lr=[0.000857375] | cuda_peak_mb=1172.9
[2026-09-10 09:30:23] INFO Val horizons | 15min_mae=1.123167 15min_rmse=2.637820 15min_mape=2.329709 | 30min_mae=1.398812 30min_rmse=3.588430 30min_mape=3.161038 | 60min_mae=1.704420 60min_rmse=4.594434 60min_mape=4.104812
[2026-09-10 09:30:51] INFO Epoch 041 | stage=posthoc_calibrator | train_total=1.121307 | train_forecast=1.121307 | train_confidence=0.000000 | train_risk=0.000000 | train_blend=0.000000 | val_total=1.367311 | val_mae=1.364563 | val_rmse=3.596399 | val_mape=3.068983 | val_confidence=0.000000 | val_risk=0.000000 | val_blend=0.000000 | batches=382/47 | seconds=27.89 | lr=[0.0008145062499999999] | cuda_peak_mb=1171.8
[2026-09-10 09:30:51] INFO Val horizons | 15min_mae=1.122658 15min_rmse=2.629091 15min_mape=2.320482 | 30min_mae=1.400217 30min_rmse=3.579370 30min_mape=3.148513 | 60min_mae=1.710801 60min_rmse=4.604936 60min_mape=4.087813
[2026-09-10 09:31:19] INFO Epoch 042 | stage=posthoc_calibrator | train_total=1.120664 | train_forecast=1.120664 | train_confidence=0.000000 | train_risk=0.000000 | train_blend=0.000000 | val_total=1.371019 | val_mae=1.368330 | val_rmse=3.596373 | val_mape=3.054573 | val_confidence=0.000000 | val_risk=0.000000 | val_blend=0.000000 | batches=382/47 | seconds=27.89 | lr=[0.0008145062499999999] | cuda_peak_mb=1171.8
[2026-09-10 09:31:19] INFO Val horizons | 15min_mae=1.124081 15min_rmse=2.629730 15min_mape=2.317830 | 30min_mae=1.403307 30min_rmse=3.579036 30min_mape=3.137193 | 60min_mae=1.717070 60min_rmse=4.604842 60min_mape=4.056601
[2026-09-10 09:31:47] INFO Epoch 043 | stage=posthoc_calibrator | train_total=1.121218 | train_forecast=1.121218 | train_confidence=0.000000 | train_risk=0.000000 | train_blend=0.000000 | val_total=1.362168 | val_mae=1.359493 | val_rmse=3.575253 | val_mape=3.045775 | val_confidence=0.000000 | val_risk=0.000000 | val_blend=0.000000 | batches=382/47 | seconds=27.93 | lr=[0.0008145062499999999] | cuda_peak_mb=1171.9
[2026-09-10 09:31:47] INFO Val horizons | 15min_mae=1.120471 15min_rmse=2.615833 15min_mape=2.307253 | 30min_mae=1.395454 30min_rmse=3.555625 30min_mape=3.124187 | 60min_mae=1.702566 60min_rmse=4.586010 60min_mape=4.062265
[2026-09-10 09:31:47] INFO Checkpoint updated | epoch=43 | stage=posthoc_calibrator | best_val_mae=1.359493 | path=C:\Users\clw\projects\researchRep\STAnchor-BlockMemory\artifacts\cross_dataset_final\pems08_source_router_argcn_seed42\downstream_best.pt
[2026-09-10 09:32:15] INFO Epoch 044 | stage=posthoc_calibrator | train_total=1.120518 | train_forecast=1.120518 | train_confidence=0.000000 | train_risk=0.000000 | train_blend=0.000000 | val_total=1.365956 | val_mae=1.363245 | val_rmse=3.590687 | val_mape=3.064032 | val_confidence=0.000000 | val_risk=0.000000 | val_blend=0.000000 | batches=382/47 | seconds=27.93 | lr=[0.0008145062499999999] | cuda_peak_mb=1172.9
[2026-09-10 09:32:15] INFO Val horizons | 15min_mae=1.123188 15min_rmse=2.629924 15min_mape=2.322552 | 30min_mae=1.399061 30min_rmse=3.576864 30min_mape=3.145288 | 60min_mae=1.708609 60min_rmse=4.594899 60min_mape=4.078874
[2026-09-10 09:32:43] INFO Epoch 045 | stage=posthoc_calibrator | train_total=1.120802 | train_forecast=1.120802 | train_confidence=0.000000 | train_risk=0.000000 | train_blend=0.000000 | val_total=1.368568 | val_mae=1.365995 | val_rmse=3.589053 | val_mape=3.049442 | val_confidence=0.000000 | val_risk=0.000000 | val_blend=0.000000 | batches=382/47 | seconds=27.87 | lr=[0.0008145062499999999] | cuda_peak_mb=1171.8
[2026-09-10 09:32:43] INFO Val horizons | 15min_mae=1.121213 15min_rmse=2.617770 15min_mape=2.305448 | 30min_mae=1.400432 30min_rmse=3.565163 30min_mape=3.125932 | 60min_mae=1.717267 60min_rmse=4.611769 60min_mape=4.072288
[2026-09-10 09:33:11] INFO Epoch 046 | stage=posthoc_calibrator | train_total=1.120705 | train_forecast=1.120705 | train_confidence=0.000000 | train_risk=0.000000 | train_blend=0.000000 | val_total=1.367532 | val_mae=1.364881 | val_rmse=3.602072 | val_mape=3.083837 | val_confidence=0.000000 | val_risk=0.000000 | val_blend=0.000000 | batches=382/47 | seconds=27.91 | lr=[0.0008145062499999999] | cuda_peak_mb=1171.8
[2026-09-10 09:33:11] INFO Val horizons | 15min_mae=1.123990 15min_rmse=2.635785 15min_mape=2.329395 | 30min_mae=1.400532 30min_rmse=3.586661 30min_mape=3.164045 | 60min_mae=1.708903 60min_rmse=4.607037 60min_mape=4.107306
[2026-09-10 09:33:39] INFO Epoch 047 | stage=posthoc_calibrator | train_total=1.120220 | train_forecast=1.120220 | train_confidence=0.000000 | train_risk=0.000000 | train_blend=0.000000 | val_total=1.365992 | val_mae=1.363386 | val_rmse=3.595334 | val_mape=3.066243 | val_confidence=0.000000 | val_risk=0.000000 | val_blend=0.000000 | batches=382/47 | seconds=27.87 | lr=[0.0008145062499999999] | cuda_peak_mb=1171.9
[2026-09-10 09:33:39] INFO Val horizons | 15min_mae=1.123678 15min_rmse=2.635031 15min_mape=2.325800 | 30min_mae=1.399254 30min_rmse=3.579445 30min_mape=3.145335 | 60min_mae=1.707127 60min_rmse=4.598387 60min_mape=4.078683
[2026-09-10 09:34:06] INFO Epoch 048 | stage=posthoc_calibrator | train_total=1.120544 | train_forecast=1.120544 | train_confidence=0.000000 | train_risk=0.000000 | train_blend=0.000000 | val_total=1.367472 | val_mae=1.364769 | val_rmse=3.598723 | val_mape=3.079362 | val_confidence=0.000000 | val_risk=0.000000 | val_blend=0.000000 | batches=382/47 | seconds=27.91 | lr=[0.0008145062499999999] | cuda_peak_mb=1172.9
[2026-09-10 09:34:06] INFO Val horizons | 15min_mae=1.123817 15min_rmse=2.634111 15min_mape=2.334204 | 30min_mae=1.400157 30min_rmse=3.582984 30min_mape=3.161301 | 60min_mae=1.710439 60min_rmse=4.604616 60min_mape=4.094096
[2026-09-10 09:34:34] INFO Epoch 049 | stage=posthoc_calibrator | train_total=1.120240 | train_forecast=1.120240 | train_confidence=0.000000 | train_risk=0.000000 | train_blend=0.000000 | val_total=1.362883 | val_mae=1.360328 | val_rmse=3.571319 | val_mape=3.040393 | val_confidence=0.000000 | val_risk=0.000000 | val_blend=0.000000 | batches=382/47 | seconds=27.91 | lr=[0.0008145062499999999] | cuda_peak_mb=1171.8
[2026-09-10 09:34:34] INFO Val horizons | 15min_mae=1.122489 15min_rmse=2.628404 15min_mape=2.316369 | 30min_mae=1.396911 30min_rmse=3.565309 30min_mape=3.125007 | 60min_mae=1.699872 60min_rmse=4.547353 60min_mape=4.025080
[2026-09-10 09:35:02] INFO Epoch 050 | stage=posthoc_calibrator | train_total=1.120521 | train_forecast=1.120521 | train_confidence=0.000000 | train_risk=0.000000 | train_blend=0.000000 | val_total=1.366115 | val_mae=1.363417 | val_rmse=3.596754 | val_mape=3.091824 | val_confidence=0.000000 | val_risk=0.000000 | val_blend=0.000000 | batches=382/47 | seconds=27.91 | lr=[0.0008145062499999999] | cuda_peak_mb=1171.8
[2026-09-10 09:35:02] INFO Val horizons | 15min_mae=1.123410 15min_rmse=2.636675 15min_mape=2.336376 | 30min_mae=1.399043 30min_rmse=3.586140 30min_mape=3.169393 | 60min_mae=1.706803 60min_rmse=4.591670 60min_mape=4.119302
[2026-09-10 09:35:02] INFO Downstream training finished | best_val_mae=1.359493 | checkpoint=C:\Users\clw\projects\researchRep\STAnchor-BlockMemory\artifacts\cross_dataset_final\pems08_source_router_argcn_seed42\downstream_best.pt
