[2026-09-10 05:46:11] INFO Downstream start | run=cross_dataset_final/pems08_baseonly_gwn_seed42 | device=cuda:0 (requested=cuda:0) | seed=42 | output=C:\Users\clw\projects\researchRep\STAnchor-BlockMemory\artifacts\cross_dataset_final\pems08_baseonly_gwn_seed42
[2026-09-10 05:46:11] INFO Mode | downstream_mode=base_only | training_protocol=staged_joint | candidate_protocol=weekday_radius1_overlap
[2026-09-10 05:46:11] INFO Downstream initialization | seed=42 | state_hash=52978a0d574dde04
[2026-09-10 05:46:11] INFO Data | steps=17856 | nodes=170 | channels=1 | training_scope=full_train | memory/post_memory/train_selected/val/test=8540/3660/12200/1486/3273
[2026-09-10 05:46:11] INFO Bank/retrieval | disabled (base_only)
[2026-09-10 05:46:11] INFO Parameters | downstream_total=308,897 | downstream_trainable=308,628 | backbone=308,628 | confidence_head=0 | fusion=0 | frozen_pretrained=0
[2026-09-10 05:46:11] INFO Optimization | epochs=50 | batch_size=32 | optimizer=adam | lr=0.001 | weight_decay=0.0001 | scheduler=step_lr | step_size=10 | gamma=0.950 | confidence_weight=0.000 | patience=10 | early_stopping=disabled
[2026-09-10 05:46:12] INFO Stage start | stage=standard | epochs=50 | optimizer_lrs=[0.001]
[2026-09-10 05:46:44] INFO Epoch 001 | stage=standard | train_total=1.542781 | train_forecast=1.542781 | train_confidence=0.000000 | train_risk=0.000000 | train_blend=0.000000 | val_total=1.689796 | val_mae=1.681547 | val_rmse=3.875356 | val_mape=3.739962 | val_confidence=0.000000 | val_risk=0.000000 | val_blend=0.000000 | batches=382/47 | seconds=31.69 | lr=[0.001] | cuda_peak_mb=1560.4
[2026-09-10 05:46:44] INFO Val horizons | 15min_mae=1.306175 15min_rmse=2.764402 15min_mape=2.653068 | 30min_mae=1.696257 30min_rmse=3.769326 30min_mape=3.706836 | 60min_mae=2.224593 60min_rmse=5.089301 60min_mape=5.288419
[2026-09-10 05:46:44] INFO Checkpoint updated | epoch=1 | stage=standard | best_val_mae=1.681547 | path=C:\Users\clw\projects\researchRep\STAnchor-BlockMemory\artifacts\cross_dataset_final\pems08_baseonly_gwn_seed42\downstream_best.pt
[2026-09-10 05:47:15] INFO Epoch 002 | stage=standard | train_total=1.415815 | train_forecast=1.415815 | train_confidence=0.000000 | train_risk=0.000000 | train_blend=0.000000 | val_total=1.563216 | val_mae=1.561428 | val_rmse=3.638617 | val_mape=3.264855 | val_confidence=0.000000 | val_risk=0.000000 | val_blend=0.000000 | batches=382/47 | seconds=31.12 | lr=[0.001] | cuda_peak_mb=1559.9
[2026-09-10 05:47:15] INFO Val horizons | 15min_mae=1.231987 15min_rmse=2.672615 15min_mape=2.342076 | 30min_mae=1.590668 30min_rmse=3.614003 30min_mape=3.252722 | 60min_mae=2.033846 60min_rmse=4.679115 60min_mape=4.571281
[2026-09-10 05:47:15] INFO Checkpoint updated | epoch=2 | stage=standard | best_val_mae=1.561428 | path=C:\Users\clw\projects\researchRep\STAnchor-BlockMemory\artifacts\cross_dataset_final\pems08_baseonly_gwn_seed42\downstream_best.pt
[2026-09-10 05:47:46] INFO Epoch 003 | stage=standard | train_total=1.395170 | train_forecast=1.395170 | train_confidence=0.000000 | train_risk=0.000000 | train_blend=0.000000 | val_total=1.543145 | val_mae=1.541055 | val_rmse=3.635935 | val_mape=3.316154 | val_confidence=0.000000 | val_risk=0.000000 | val_blend=0.000000 | batches=382/47 | seconds=31.14 | lr=[0.001] | cuda_peak_mb=1559.9
[2026-09-10 05:47:46] INFO Val horizons | 15min_mae=1.213166 15min_rmse=2.635206 15min_mape=2.366712 | 30min_mae=1.567321 30min_rmse=3.592568 30min_mape=3.314374 | 60min_mae=2.006585 60min_rmse=4.686425 60min_mape=4.612403
[2026-09-10 05:47:46] INFO Checkpoint updated | epoch=3 | stage=standard | best_val_mae=1.541055 | path=C:\Users\clw\projects\researchRep\STAnchor-BlockMemory\artifacts\cross_dataset_final\pems08_baseonly_gwn_seed42\downstream_best.pt
[2026-09-10 05:48:17] INFO Epoch 004 | stage=standard | train_total=1.378485 | train_forecast=1.378485 | train_confidence=0.000000 | train_risk=0.000000 | train_blend=0.000000 | val_total=1.551322 | val_mae=1.549005 | val_rmse=3.688616 | val_mape=3.425790 | val_confidence=0.000000 | val_risk=0.000000 | val_blend=0.000000 | batches=382/47 | seconds=31.13 | lr=[0.001] | cuda_peak_mb=1559.9
[2026-09-10 05:48:17] INFO Val horizons | 15min_mae=1.230770 15min_rmse=2.683540 15min_mape=2.503381 | 30min_mae=1.575142 30min_rmse=3.648772 30min_mape=3.454192 | 60min_mae=2.015551 60min_rmse=4.744395 60min_mape=4.702061
[2026-09-10 05:48:49] INFO Epoch 005 | stage=standard | train_total=1.369349 | train_forecast=1.369349 | train_confidence=0.000000 | train_risk=0.000000 | train_blend=0.000000 | val_total=1.558444 | val_mae=1.553527 | val_rmse=3.648512 | val_mape=3.350435 | val_confidence=0.000000 | val_risk=0.000000 | val_blend=0.000000 | batches=382/47 | seconds=31.14 | lr=[0.001] | cuda_peak_mb=1559.9
[2026-09-10 05:48:49] INFO Val horizons | 15min_mae=1.225578 15min_rmse=2.672922 15min_mape=2.381082 | 30min_mae=1.575366 30min_rmse=3.621926 30min_mape=3.319025 | 60min_mae=2.024024 60min_rmse=4.692939 60min_mape=4.733191
[2026-09-10 05:49:20] INFO Epoch 006 | stage=standard | train_total=1.356131 | train_forecast=1.356131 | train_confidence=0.000000 | train_risk=0.000000 | train_blend=0.000000 | val_total=1.501283 | val_mae=1.498419 | val_rmse=3.561858 | val_mape=3.230214 | val_confidence=0.000000 | val_risk=0.000000 | val_blend=0.000000 | batches=382/47 | seconds=31.09 | lr=[0.001] | cuda_peak_mb=1559.9
[2026-09-10 05:49:20] INFO Val horizons | 15min_mae=1.193190 15min_rmse=2.608955 15min_mape=2.319300 | 30min_mae=1.530473 30min_rmse=3.555794 30min_mape=3.256202 | 60min_mae=1.930575 60min_rmse=4.543182 60min_mape=4.469979
[2026-09-10 05:49:20] INFO Checkpoint updated | epoch=6 | stage=standard | best_val_mae=1.498419 | path=C:\Users\clw\projects\researchRep\STAnchor-BlockMemory\artifacts\cross_dataset_final\pems08_baseonly_gwn_seed42\downstream_best.pt
[2026-09-10 05:49:51] INFO Epoch 007 | stage=standard | train_total=1.338548 | train_forecast=1.338548 | train_confidence=0.000000 | train_risk=0.000000 | train_blend=0.000000 | val_total=1.487140 | val_mae=1.484930 | val_rmse=3.527957 | val_mape=3.085574 | val_confidence=0.000000 | val_risk=0.000000 | val_blend=0.000000 | batches=382/47 | seconds=31.13 | lr=[0.001] | cuda_peak_mb=1559.9
[2026-09-10 05:49:51] INFO Val horizons | 15min_mae=1.190982 15min_rmse=2.627831 15min_mape=2.279040 | 30min_mae=1.515653 30min_rmse=3.546220 30min_mape=3.092971 | 60min_mae=1.907135 60min_rmse=4.453204 60min_mape=4.247493
[2026-09-10 05:49:51] INFO Checkpoint updated | epoch=7 | stage=standard | best_val_mae=1.484930 | path=C:\Users\clw\projects\researchRep\STAnchor-BlockMemory\artifacts\cross_dataset_final\pems08_baseonly_gwn_seed42\downstream_best.pt
[2026-09-10 05:50:22] INFO Epoch 008 | stage=standard | train_total=1.321917 | train_forecast=1.321917 | train_confidence=0.000000 | train_risk=0.000000 | train_blend=0.000000 | val_total=1.497842 | val_mae=1.494895 | val_rmse=3.610877 | val_mape=3.279735 | val_confidence=0.000000 | val_risk=0.000000 | val_blend=0.000000 | batches=382/47 | seconds=31.23 | lr=[0.001] | cuda_peak_mb=1559.9
[2026-09-10 05:50:22] INFO Val horizons | 15min_mae=1.208786 15min_rmse=2.639903 15min_mape=2.428229 | 30min_mae=1.529322 30min_rmse=3.617971 30min_mape=3.328828 | 60min_mae=1.897986 60min_rmse=4.572265 60min_mape=4.429756
[2026-09-10 05:50:53] INFO Epoch 009 | stage=standard | train_total=1.309718 | train_forecast=1.309718 | train_confidence=0.000000 | train_risk=0.000000 | train_blend=0.000000 | val_total=1.496073 | val_mae=1.493866 | val_rmse=3.516244 | val_mape=3.162517 | val_confidence=0.000000 | val_risk=0.000000 | val_blend=0.000000 | batches=382/47 | seconds=31.11 | lr=[0.001] | cuda_peak_mb=1559.9
[2026-09-10 05:50:53] INFO Val horizons | 15min_mae=1.211855 15min_rmse=2.596699 15min_mape=2.310737 | 30min_mae=1.530675 30min_rmse=3.511252 30min_mape=3.187544 | 60min_mae=1.894561 60min_rmse=4.465709 60min_mape=4.322054
[2026-09-10 05:51:24] INFO Epoch 010 | stage=standard | train_total=1.295235 | train_forecast=1.295235 | train_confidence=0.000000 | train_risk=0.000000 | train_blend=0.000000 | val_total=1.485100 | val_mae=1.483084 | val_rmse=3.505883 | val_mape=3.104371 | val_confidence=0.000000 | val_risk=0.000000 | val_blend=0.000000 | batches=382/47 | seconds=31.08 | lr=[0.001] | cuda_peak_mb=1559.9
[2026-09-10 05:51:24] INFO Val horizons | 15min_mae=1.193971 15min_rmse=2.602321 15min_mape=2.285076 | 30min_mae=1.513350 30min_rmse=3.516110 30min_mape=3.119155 | 60min_mae=1.895719 60min_rmse=4.434237 60min_mape=4.243755
[2026-09-10 05:51:24] INFO Checkpoint updated | epoch=10 | stage=standard | best_val_mae=1.483084 | path=C:\Users\clw\projects\researchRep\STAnchor-BlockMemory\artifacts\cross_dataset_final\pems08_baseonly_gwn_seed42\downstream_best.pt
[2026-09-10 05:51:55] INFO Epoch 011 | stage=standard | train_total=1.278511 | train_forecast=1.278511 | train_confidence=0.000000 | train_risk=0.000000 | train_blend=0.000000 | val_total=1.455908 | val_mae=1.452774 | val_rmse=3.537578 | val_mape=3.161495 | val_confidence=0.000000 | val_risk=0.000000 | val_blend=0.000000 | batches=382/47 | seconds=31.13 | lr=[0.00095] | cuda_peak_mb=1559.9
[2026-09-10 05:51:55] INFO Val horizons | 15min_mae=1.179617 15min_rmse=2.585782 15min_mape=2.310491 | 30min_mae=1.498950 30min_rmse=3.560429 30min_mape=3.237290 | 60min_mae=1.828445 60min_rmse=4.469789 60min_mape=4.271481
[2026-09-10 05:51:55] INFO Checkpoint updated | epoch=11 | stage=standard | best_val_mae=1.452774 | path=C:\Users\clw\projects\researchRep\STAnchor-BlockMemory\artifacts\cross_dataset_final\pems08_baseonly_gwn_seed42\downstream_best.pt
[2026-09-10 05:52:27] INFO Epoch 012 | stage=standard | train_total=1.271093 | train_forecast=1.271093 | train_confidence=0.000000 | train_risk=0.000000 | train_blend=0.000000 | val_total=1.467432 | val_mae=1.465336 | val_rmse=3.543457 | val_mape=3.120509 | val_confidence=0.000000 | val_risk=0.000000 | val_blend=0.000000 | batches=382/47 | seconds=31.06 | lr=[0.00095] | cuda_peak_mb=1559.9
[2026-09-10 05:52:27] INFO Val horizons | 15min_mae=1.183194 15min_rmse=2.590347 15min_mape=2.269490 | 30min_mae=1.508039 30min_rmse=3.539729 30min_mape=3.156492 | 60min_mae=1.851920 60min_rmse=4.507461 60min_mape=4.258799
[2026-09-10 05:52:58] INFO Epoch 013 | stage=standard | train_total=1.259156 | train_forecast=1.259156 | train_confidence=0.000000 | train_risk=0.000000 | train_blend=0.000000 | val_total=1.455359 | val_mae=1.452478 | val_rmse=3.559552 | val_mape=3.162437 | val_confidence=0.000000 | val_risk=0.000000 | val_blend=0.000000 | batches=382/47 | seconds=31.11 | lr=[0.00095] | cuda_peak_mb=1559.9
[2026-09-10 05:52:58] INFO Val horizons | 15min_mae=1.184314 15min_rmse=2.588253 15min_mape=2.318299 | 30min_mae=1.498901 30min_rmse=3.597478 30min_mape=3.248871 | 60min_mae=1.822942 60min_rmse=4.467088 60min_mape=4.237647
[2026-09-10 05:52:58] INFO Checkpoint updated | epoch=13 | stage=standard | best_val_mae=1.452478 | path=C:\Users\clw\projects\researchRep\STAnchor-BlockMemory\artifacts\cross_dataset_final\pems08_baseonly_gwn_seed42\downstream_best.pt
[2026-09-10 05:53:29] INFO Epoch 014 | stage=standard | train_total=1.251560 | train_forecast=1.251560 | train_confidence=0.000000 | train_risk=0.000000 | train_blend=0.000000 | val_total=1.473430 | val_mae=1.470684 | val_rmse=3.624050 | val_mape=3.257277 | val_confidence=0.000000 | val_risk=0.000000 | val_blend=0.000000 | batches=382/47 | seconds=31.16 | lr=[0.00095] | cuda_peak_mb=1559.9
[2026-09-10 05:53:29] INFO Val horizons | 15min_mae=1.191323 15min_rmse=2.616873 15min_mape=2.366042 | 30min_mae=1.524314 30min_rmse=3.640344 30min_mape=3.349336 | 60min_mae=1.843570 60min_rmse=4.599713 60min_mape=4.400718
[2026-09-10 05:54:00] INFO Epoch 015 | stage=standard | train_total=1.241915 | train_forecast=1.241915 | train_confidence=0.000000 | train_risk=0.000000 | train_blend=0.000000 | val_total=1.472637 | val_mae=1.469067 | val_rmse=3.656842 | val_mape=3.305580 | val_confidence=0.000000 | val_risk=0.000000 | val_blend=0.000000 | batches=382/47 | seconds=31.11 | lr=[0.00095] | cuda_peak_mb=1559.9
[2026-09-10 05:54:00] INFO Val horizons | 15min_mae=1.201861 15min_rmse=2.678449 15min_mape=2.483125 | 30min_mae=1.514159 30min_rmse=3.696333 30min_mape=3.385421 | 60min_mae=1.840794 60min_rmse=4.592479 60min_mape=4.396336
[2026-09-10 05:54:31] INFO Epoch 016 | stage=standard | train_total=1.235123 | train_forecast=1.235123 | train_confidence=0.000000 | train_risk=0.000000 | train_blend=0.000000 | val_total=1.444602 | val_mae=1.441336 | val_rmse=3.537225 | val_mape=3.106800 | val_confidence=0.000000 | val_risk=0.000000 | val_blend=0.000000 | batches=382/47 | seconds=31.14 | lr=[0.00095] | cuda_peak_mb=1559.9
[2026-09-10 05:54:31] INFO Val horizons | 15min_mae=1.183167 15min_rmse=2.591911 15min_mape=2.306733 | 30min_mae=1.485678 30min_rmse=3.569394 30min_mape=3.190901 | 60min_mae=1.798585 60min_rmse=4.450847 60min_mape=4.145365
[2026-09-10 05:54:31] INFO Checkpoint updated | epoch=16 | stage=standard | best_val_mae=1.441336 | path=C:\Users\clw\projects\researchRep\STAnchor-BlockMemory\artifacts\cross_dataset_final\pems08_baseonly_gwn_seed42\downstream_best.pt
[2026-09-10 05:55:02] INFO Epoch 017 | stage=standard | train_total=1.227922 | train_forecast=1.227922 | train_confidence=0.000000 | train_risk=0.000000 | train_blend=0.000000 | val_total=1.494225 | val_mae=1.491665 | val_rmse=3.705267 | val_mape=3.324881 | val_confidence=0.000000 | val_risk=0.000000 | val_blend=0.000000 | batches=382/47 | seconds=31.17 | lr=[0.00095] | cuda_peak_mb=1559.9
[2026-09-10 05:55:02] INFO Val horizons | 15min_mae=1.208383 15min_rmse=2.671994 15min_mape=2.448363 | 30min_mae=1.545020 30min_rmse=3.767543 30min_mape=3.435582 | 60min_mae=1.876709 60min_rmse=4.662903 60min_mape=4.458389
[2026-09-10 05:55:33] INFO Epoch 018 | stage=standard | train_total=1.224085 | train_forecast=1.224085 | train_confidence=0.000000 | train_risk=0.000000 | train_blend=0.000000 | val_total=1.435306 | val_mae=1.433315 | val_rmse=3.552079 | val_mape=3.128462 | val_confidence=0.000000 | val_risk=0.000000 | val_blend=0.000000 | batches=382/47 | seconds=31.20 | lr=[0.00095] | cuda_peak_mb=1559.9
[2026-09-10 05:55:33] INFO Val horizons | 15min_mae=1.174773 15min_rmse=2.584491 15min_mape=2.312498 | 30min_mae=1.487341 30min_rmse=3.603754 30min_mape=3.242234 | 60min_mae=1.778689 60min_rmse=4.448877 60min_mape=4.146789
[2026-09-10 05:55:33] INFO Checkpoint updated | epoch=18 | stage=standard | best_val_mae=1.433315 | path=C:\Users\clw\projects\researchRep\STAnchor-BlockMemory\artifacts\cross_dataset_final\pems08_baseonly_gwn_seed42\downstream_best.pt
[2026-09-10 05:56:05] INFO Epoch 019 | stage=standard | train_total=1.217284 | train_forecast=1.217284 | train_confidence=0.000000 | train_risk=0.000000 | train_blend=0.000000 | val_total=1.455857 | val_mae=1.453212 | val_rmse=3.598101 | val_mape=3.155657 | val_confidence=0.000000 | val_risk=0.000000 | val_blend=0.000000 | batches=382/47 | seconds=31.14 | lr=[0.00095] | cuda_peak_mb=1559.9
[2026-09-10 05:56:05] INFO Val horizons | 15min_mae=1.182490 15min_rmse=2.615600 15min_mape=2.326290 | 30min_mae=1.510816 30min_rmse=3.670462 30min_mape=3.284499 | 60min_mae=1.810341 60min_rmse=4.494426 60min_mape=4.185055
[2026-09-10 05:56:36] INFO Epoch 020 | stage=standard | train_total=1.211444 | train_forecast=1.211444 | train_confidence=0.000000 | train_risk=0.000000 | train_blend=0.000000 | val_total=1.447308 | val_mae=1.444487 | val_rmse=3.647081 | val_mape=3.218863 | val_confidence=0.000000 | val_risk=0.000000 | val_blend=0.000000 | batches=382/47 | seconds=31.15 | lr=[0.00095] | cuda_peak_mb=1559.9
[2026-09-10 05:56:36] INFO Val horizons | 15min_mae=1.186104 15min_rmse=2.651977 15min_mape=2.404566 | 30min_mae=1.500877 30min_rmse=3.719356 30min_mape=3.347961 | 60min_mae=1.792120 60min_rmse=4.555874 60min_mape=4.236209
[2026-09-10 05:57:07] INFO Epoch 021 | stage=standard | train_total=1.203645 | train_forecast=1.203645 | train_confidence=0.000000 | train_risk=0.000000 | train_blend=0.000000 | val_total=1.452630 | val_mae=1.449702 | val_rmse=3.607804 | val_mape=3.197485 | val_confidence=0.000000 | val_risk=0.000000 | val_blend=0.000000 | batches=382/47 | seconds=31.14 | lr=[0.0009025] | cuda_peak_mb=1559.9
[2026-09-10 05:57:07] INFO Val horizons | 15min_mae=1.188896 15min_rmse=2.609703 15min_mape=2.368337 | 30min_mae=1.498892 30min_rmse=3.645699 30min_mape=3.302413 | 60min_mae=1.807436 60min_rmse=4.538043 60min_mape=4.249208
[2026-09-10 05:57:38] INFO Epoch 022 | stage=standard | train_total=1.197781 | train_forecast=1.197781 | train_confidence=0.000000 | train_risk=0.000000 | train_blend=0.000000 | val_total=1.420813 | val_mae=1.418140 | val_rmse=3.549922 | val_mape=3.080900 | val_confidence=0.000000 | val_risk=0.000000 | val_blend=0.000000 | batches=382/47 | seconds=31.13 | lr=[0.0009025] | cuda_peak_mb=1559.9
[2026-09-10 05:57:38] INFO Val horizons | 15min_mae=1.162388 15min_rmse=2.579985 15min_mape=2.266840 | 30min_mae=1.465743 30min_rmse=3.577626 30min_mape=3.170405 | 60min_mae=1.768566 60min_rmse=4.470562 60min_mape=4.107783
[2026-09-10 05:57:38] INFO Checkpoint updated | epoch=22 | stage=standard | best_val_mae=1.418140 | path=C:\Users\clw\projects\researchRep\STAnchor-BlockMemory\artifacts\cross_dataset_final\pems08_baseonly_gwn_seed42\downstream_best.pt
[2026-09-10 05:58:09] INFO Epoch 023 | stage=standard | train_total=1.194971 | train_forecast=1.194971 | train_confidence=0.000000 | train_risk=0.000000 | train_blend=0.000000 | val_total=1.471894 | val_mae=1.469641 | val_rmse=3.664201 | val_mape=3.265136 | val_confidence=0.000000 | val_risk=0.000000 | val_blend=0.000000 | batches=382/47 | seconds=31.13 | lr=[0.0009025] | cuda_peak_mb=1559.9
[2026-09-10 05:58:09] INFO Val horizons | 15min_mae=1.181685 15min_rmse=2.604129 15min_mape=2.341261 | 30min_mae=1.514874 30min_rmse=3.701133 30min_mape=3.358391 | 60min_mae=1.857290 60min_rmse=4.629333 60min_mape=4.419060
[2026-09-10 05:58:40] INFO Epoch 024 | stage=standard | train_total=1.188703 | train_forecast=1.188703 | train_confidence=0.000000 | train_risk=0.000000 | train_blend=0.000000 | val_total=1.448888 | val_mae=1.446399 | val_rmse=3.657566 | val_mape=3.205387 | val_confidence=0.000000 | val_risk=0.000000 | val_blend=0.000000 | batches=382/47 | seconds=31.10 | lr=[0.0009025] | cuda_peak_mb=1559.9
[2026-09-10 05:58:40] INFO Val horizons | 15min_mae=1.183959 15min_rmse=2.623777 15min_mape=2.362053 | 30min_mae=1.500335 30min_rmse=3.724030 30min_mape=3.330593 | 60min_mae=1.798267 60min_rmse=4.585955 60min_mape=4.245361
[2026-09-10 05:59:11] INFO Epoch 025 | stage=standard | train_total=1.187795 | train_forecast=1.187795 | train_confidence=0.000000 | train_risk=0.000000 | train_blend=0.000000 | val_total=1.440649 | val_mae=1.437243 | val_rmse=3.656901 | val_mape=3.188212 | val_confidence=0.000000 | val_risk=0.000000 | val_blend=0.000000 | batches=382/47 | seconds=31.10 | lr=[0.0009025] | cuda_peak_mb=1559.9
[2026-09-10 05:59:11] INFO Val horizons | 15min_mae=1.179906 15min_rmse=2.640868 15min_mape=2.400680 | 30min_mae=1.491729 30min_rmse=3.745238 30min_mape=3.329369 | 60min_mae=1.786801 60min_rmse=4.557451 60min_mape=4.184935
[2026-09-10 05:59:42] INFO Epoch 026 | stage=standard | train_total=1.182896 | train_forecast=1.182896 | train_confidence=0.000000 | train_risk=0.000000 | train_blend=0.000000 | val_total=1.442533 | val_mae=1.439008 | val_rmse=3.627817 | val_mape=3.133117 | val_confidence=0.000000 | val_risk=0.000000 | val_blend=0.000000 | batches=382/47 | seconds=31.11 | lr=[0.0009025] | cuda_peak_mb=1559.9
[2026-09-10 05:59:42] INFO Val horizons | 15min_mae=1.176308 15min_rmse=2.626422 15min_mape=2.371353 | 30min_mae=1.490647 30min_rmse=3.695476 30min_mape=3.268485 | 60min_mae=1.794566 60min_rmse=4.545894 60min_mape=4.091982
[2026-09-10 06:00:14] INFO Epoch 027 | stage=standard | train_total=1.182370 | train_forecast=1.182370 | train_confidence=0.000000 | train_risk=0.000000 | train_blend=0.000000 | val_total=1.452485 | val_mae=1.450149 | val_rmse=3.652381 | val_mape=3.150584 | val_confidence=0.000000 | val_risk=0.000000 | val_blend=0.000000 | batches=382/47 | seconds=31.13 | lr=[0.0009025] | cuda_peak_mb=1559.9
[2026-09-10 06:00:14] INFO Val horizons | 15min_mae=1.174940 15min_rmse=2.593419 15min_mape=2.300754 | 30min_mae=1.508687 30min_rmse=3.687843 30min_mape=3.281591 | 60min_mae=1.806571 60min_rmse=4.621678 60min_mape=4.177194
[2026-09-10 06:00:45] INFO Epoch 028 | stage=standard | train_total=1.178774 | train_forecast=1.178774 | train_confidence=0.000000 | train_risk=0.000000 | train_blend=0.000000 | val_total=1.408404 | val_mae=1.405951 | val_rmse=3.543676 | val_mape=3.065036 | val_confidence=0.000000 | val_risk=0.000000 | val_blend=0.000000 | batches=382/47 | seconds=31.13 | lr=[0.0009025] | cuda_peak_mb=1559.9
[2026-09-10 06:00:45] INFO Val horizons | 15min_mae=1.160572 15min_rmse=2.584810 15min_mape=2.292613 | 30min_mae=1.458448 30min_rmse=3.612843 30min_mape=3.182977 | 60min_mae=1.738839 60min_rmse=4.420358 60min_mape=4.034901
[2026-09-10 06:00:45] INFO Checkpoint updated | epoch=28 | stage=standard | best_val_mae=1.405951 | path=C:\Users\clw\projects\researchRep\STAnchor-BlockMemory\artifacts\cross_dataset_final\pems08_baseonly_gwn_seed42\downstream_best.pt
[2026-09-10 06:01:16] INFO Epoch 029 | stage=standard | train_total=1.174567 | train_forecast=1.174567 | train_confidence=0.000000 | train_risk=0.000000 | train_blend=0.000000 | val_total=1.453068 | val_mae=1.451124 | val_rmse=3.743167 | val_mape=3.291889 | val_confidence=0.000000 | val_risk=0.000000 | val_blend=0.000000 | batches=382/47 | seconds=31.09 | lr=[0.0009025] | cuda_peak_mb=1559.9
[2026-09-10 06:01:16] INFO Val horizons | 15min_mae=1.189342 15min_rmse=2.692591 15min_mape=2.482211 | 30min_mae=1.508517 30min_rmse=3.852324 30min_mape=3.464577 | 60min_mae=1.803735 60min_rmse=4.648828 60min_mape=4.283451
[2026-09-10 06:01:47] INFO Epoch 030 | stage=standard | train_total=1.173998 | train_forecast=1.173998 | train_confidence=0.000000 | train_risk=0.000000 | train_blend=0.000000 | val_total=1.449307 | val_mae=1.446801 | val_rmse=3.644445 | val_mape=3.142123 | val_confidence=0.000000 | val_risk=0.000000 | val_blend=0.000000 | batches=382/47 | seconds=31.09 | lr=[0.0009025] | cuda_peak_mb=1559.9
[2026-09-10 06:01:47] INFO Val horizons | 15min_mae=1.172324 15min_rmse=2.598471 15min_mape=2.302373 | 30min_mae=1.493036 30min_rmse=3.687960 30min_mape=3.250547 | 60min_mae=1.817432 60min_rmse=4.604786 60min_mape=4.182549
[2026-09-10 06:02:18] INFO Epoch 031 | stage=standard | train_total=1.167425 | train_forecast=1.167425 | train_confidence=0.000000 | train_risk=0.000000 | train_blend=0.000000 | val_total=1.443758 | val_mae=1.441427 | val_rmse=3.654068 | val_mape=3.166859 | val_confidence=0.000000 | val_risk=0.000000 | val_blend=0.000000 | batches=382/47 | seconds=31.11 | lr=[0.000857375] | cuda_peak_mb=1559.9
[2026-09-10 06:02:18] INFO Val horizons | 15min_mae=1.175835 15min_rmse=2.622216 15min_mape=2.354410 | 30min_mae=1.496370 30min_rmse=3.730101 30min_mape=3.304911 | 60min_mae=1.791245 60min_rmse=4.567328 60min_mape=4.152033
[2026-09-10 06:02:49] INFO Epoch 032 | stage=standard | train_total=1.164703 | train_forecast=1.164703 | train_confidence=0.000000 | train_risk=0.000000 | train_blend=0.000000 | val_total=1.457500 | val_mae=1.455044 | val_rmse=3.636502 | val_mape=3.224635 | val_confidence=0.000000 | val_risk=0.000000 | val_blend=0.000000 | batches=382/47 | seconds=31.14 | lr=[0.000857375] | cuda_peak_mb=1559.9
[2026-09-10 06:02:49] INFO Val horizons | 15min_mae=1.195472 15min_rmse=2.629936 15min_mape=2.395502 | 30min_mae=1.513419 30min_rmse=3.722413 30min_mape=3.371264 | 60min_mae=1.800600 60min_rmse=4.530717 60min_mape=4.246528
[2026-09-10 06:03:20] INFO Epoch 033 | stage=standard | train_total=1.162880 | train_forecast=1.162880 | train_confidence=0.000000 | train_risk=0.000000 | train_blend=0.000000 | val_total=1.428346 | val_mae=1.425729 | val_rmse=3.633773 | val_mape=3.165295 | val_confidence=0.000000 | val_risk=0.000000 | val_blend=0.000000 | batches=382/47 | seconds=31.11 | lr=[0.000857375] | cuda_peak_mb=1559.9
[2026-09-10 06:03:20] INFO Val horizons | 15min_mae=1.177605 15min_rmse=2.657913 15min_mape=2.409509 | 30min_mae=1.478220 30min_rmse=3.720111 30min_mape=3.292060 | 60min_mae=1.764622 60min_rmse=4.519429 60min_mape=4.132014
[2026-09-10 06:03:51] INFO Epoch 034 | stage=standard | train_total=1.160865 | train_forecast=1.160865 | train_confidence=0.000000 | train_risk=0.000000 | train_blend=0.000000 | val_total=1.441309 | val_mae=1.438706 | val_rmse=3.717182 | val_mape=3.240832 | val_confidence=0.000000 | val_risk=0.000000 | val_blend=0.000000 | batches=382/47 | seconds=31.09 | lr=[0.000857375] | cuda_peak_mb=1559.9
[2026-09-10 06:03:51] INFO Val horizons | 15min_mae=1.187465 15min_rmse=2.703774 15min_mape=2.469834 | 30min_mae=1.496618 30min_rmse=3.813388 30min_mape=3.388513 | 60min_mae=1.779071 60min_rmse=4.622062 60min_mape=4.215164
[2026-09-10 06:04:23] INFO Epoch 035 | stage=standard | train_total=1.158785 | train_forecast=1.158785 | train_confidence=0.000000 | train_risk=0.000000 | train_blend=0.000000 | val_total=1.417056 | val_mae=1.414475 | val_rmse=3.554553 | val_mape=3.038250 | val_confidence=0.000000 | val_risk=0.000000 | val_blend=0.000000 | batches=382/47 | seconds=31.13 | lr=[0.000857375] | cuda_peak_mb=1559.9
[2026-09-10 06:04:23] INFO Val horizons | 15min_mae=1.165628 15min_rmse=2.583485 15min_mape=2.298257 | 30min_mae=1.464796 30min_rmse=3.596083 30min_mape=3.140207 | 60min_mae=1.756603 60min_rmse=4.469392 60min_mape=4.012541
[2026-09-10 06:04:54] INFO Epoch 036 | stage=standard | train_total=1.157364 | train_forecast=1.157364 | train_confidence=0.000000 | train_risk=0.000000 | train_blend=0.000000 | val_total=1.434033 | val_mae=1.432068 | val_rmse=3.652487 | val_mape=3.141269 | val_confidence=0.000000 | val_risk=0.000000 | val_blend=0.000000 | batches=382/47 | seconds=31.11 | lr=[0.000857375] | cuda_peak_mb=1559.9
[2026-09-10 06:04:54] INFO Val horizons | 15min_mae=1.174338 15min_rmse=2.633000 15min_mape=2.344601 | 30min_mae=1.489365 30min_rmse=3.721301 30min_mape=3.267308 | 60min_mae=1.773953 60min_rmse=4.571782 60min_mape=4.134661
[2026-09-10 06:05:25] INFO Epoch 037 | stage=standard | train_total=1.153518 | train_forecast=1.153518 | train_confidence=0.000000 | train_risk=0.000000 | train_blend=0.000000 | val_total=1.431909 | val_mae=1.429274 | val_rmse=3.633138 | val_mape=3.175783 | val_confidence=0.000000 | val_risk=0.000000 | val_blend=0.000000 | batches=382/47 | seconds=31.13 | lr=[0.000857375] | cuda_peak_mb=1559.9
[2026-09-10 06:05:25] INFO Val horizons | 15min_mae=1.177833 15min_rmse=2.652021 15min_mape=2.400645 | 30min_mae=1.480323 30min_rmse=3.725736 30min_mape=3.302150 | 60min_mae=1.773208 60min_rmse=4.521434 60min_mape=4.179451
[2026-09-10 06:05:56] INFO Epoch 038 | stage=standard | train_total=1.154507 | train_forecast=1.154507 | train_confidence=0.000000 | train_risk=0.000000 | train_blend=0.000000 | val_total=1.453405 | val_mae=1.451158 | val_rmse=3.727104 | val_mape=3.204751 | val_confidence=0.000000 | val_risk=0.000000 | val_blend=0.000000 | batches=382/47 | seconds=31.13 | lr=[0.000857375] | cuda_peak_mb=1559.9
[2026-09-10 06:05:56] INFO Val horizons | 15min_mae=1.185001 15min_rmse=2.643481 15min_mape=2.369104 | 30min_mae=1.506372 30min_rmse=3.785299 30min_mape=3.324418 | 60min_mae=1.807908 60min_rmse=4.685385 60min_mape=4.252839
[2026-09-10 06:06:27] INFO Epoch 039 | stage=standard | train_total=1.151878 | train_forecast=1.151878 | train_confidence=0.000000 | train_risk=0.000000 | train_blend=0.000000 | val_total=1.448546 | val_mae=1.445740 | val_rmse=3.736230 | val_mape=3.276392 | val_confidence=0.000000 | val_risk=0.000000 | val_blend=0.000000 | batches=382/47 | seconds=31.10 | lr=[0.000857375] | cuda_peak_mb=1559.9
[2026-09-10 06:06:27] INFO Val horizons | 15min_mae=1.191852 15min_rmse=2.704458 15min_mape=2.473979 | 30min_mae=1.506645 30min_rmse=3.857193 30min_mape=3.436862 | 60min_mae=1.787747 60min_rmse=4.630028 60min_mape=4.290874
[2026-09-10 06:06:58] INFO Epoch 040 | stage=standard | train_total=1.147721 | train_forecast=1.147721 | train_confidence=0.000000 | train_risk=0.000000 | train_blend=0.000000 | val_total=1.469536 | val_mae=1.466909 | val_rmse=3.801934 | val_mape=3.308811 | val_confidence=0.000000 | val_risk=0.000000 | val_blend=0.000000 | batches=382/47 | seconds=31.12 | lr=[0.000857375] | cuda_peak_mb=1559.9
[2026-09-10 06:06:58] INFO Val horizons | 15min_mae=1.198657 15min_rmse=2.713843 15min_mape=2.476622 | 30min_mae=1.536091 30min_rmse=3.927440 30min_mape=3.485934 | 60min_mae=1.816052 60min_rmse=4.717872 60min_mape=4.324033
[2026-09-10 06:07:29] INFO Epoch 041 | stage=standard | train_total=1.144506 | train_forecast=1.144506 | train_confidence=0.000000 | train_risk=0.000000 | train_blend=0.000000 | val_total=1.438909 | val_mae=1.436479 | val_rmse=3.675789 | val_mape=3.226929 | val_confidence=0.000000 | val_risk=0.000000 | val_blend=0.000000 | batches=382/47 | seconds=31.06 | lr=[0.0008145062499999999] | cuda_peak_mb=1559.9
[2026-09-10 06:07:29] INFO Val horizons | 15min_mae=1.183950 15min_rmse=2.699932 15min_mape=2.457481 | 30min_mae=1.489608 30min_rmse=3.777412 30min_mape=3.362636 | 60min_mae=1.781048 60min_rmse=4.555181 60min_mape=4.204157
[2026-09-10 06:08:00] INFO Epoch 042 | stage=standard | train_total=1.142863 | train_forecast=1.142863 | train_confidence=0.000000 | train_risk=0.000000 | train_blend=0.000000 | val_total=1.428863 | val_mae=1.425812 | val_rmse=3.690864 | val_mape=3.234995 | val_confidence=0.000000 | val_risk=0.000000 | val_blend=0.000000 | batches=382/47 | seconds=31.12 | lr=[0.0008145062499999999] | cuda_peak_mb=1559.9
[2026-09-10 06:08:00] INFO Val horizons | 15min_mae=1.192345 15min_rmse=2.739833 15min_mape=2.507439 | 30min_mae=1.487428 30min_rmse=3.827044 30min_mape=3.403693 | 60min_mae=1.751724 60min_rmse=4.541817 60min_mape=4.172821
[2026-09-10 06:08:31] INFO Epoch 043 | stage=standard | train_total=1.142652 | train_forecast=1.142652 | train_confidence=0.000000 | train_risk=0.000000 | train_blend=0.000000 | val_total=1.432621 | val_mae=1.429938 | val_rmse=3.684059 | val_mape=3.109020 | val_confidence=0.000000 | val_risk=0.000000 | val_blend=0.000000 | batches=382/47 | seconds=31.08 | lr=[0.0008145062499999999] | cuda_peak_mb=1559.9
[2026-09-10 06:08:31] INFO Val horizons | 15min_mae=1.173673 15min_rmse=2.633083 15min_mape=2.329438 | 30min_mae=1.485244 30min_rmse=3.769198 30min_mape=3.225323 | 60min_mae=1.773406 60min_rmse=4.600099 60min_mape=4.097366
[2026-09-10 06:09:03] INFO Epoch 044 | stage=standard | train_total=1.139700 | train_forecast=1.139700 | train_confidence=0.000000 | train_risk=0.000000 | train_blend=0.000000 | val_total=1.421540 | val_mae=1.419156 | val_rmse=3.620760 | val_mape=3.078262 | val_confidence=0.000000 | val_risk=0.000000 | val_blend=0.000000 | batches=382/47 | seconds=31.12 | lr=[0.0008145062499999999] | cuda_peak_mb=1559.9
[2026-09-10 06:09:03] INFO Val horizons | 15min_mae=1.165996 15min_rmse=2.612134 15min_mape=2.325059 | 30min_mae=1.470580 30min_rmse=3.684724 30min_mape=3.199673 | 60min_mae=1.766526 60min_rmse=4.539099 60min_mape=4.042506
[2026-09-10 06:09:34] INFO Epoch 045 | stage=standard | train_total=1.139068 | train_forecast=1.139068 | train_confidence=0.000000 | train_risk=0.000000 | train_blend=0.000000 | val_total=1.437183 | val_mae=1.434977 | val_rmse=3.682547 | val_mape=3.132387 | val_confidence=0.000000 | val_risk=0.000000 | val_blend=0.000000 | batches=382/47 | seconds=31.09 | lr=[0.0008145062499999999] | cuda_peak_mb=1559.9
[2026-09-10 06:09:34] INFO Val horizons | 15min_mae=1.179240 15min_rmse=2.671997 15min_mape=2.376621 | 30min_mae=1.487406 30min_rmse=3.757562 30min_mape=3.247547 | 60min_mae=1.781160 60min_rmse=4.599233 60min_mape=4.113368
[2026-09-10 06:10:05] INFO Epoch 046 | stage=standard | train_total=1.139662 | train_forecast=1.139662 | train_confidence=0.000000 | train_risk=0.000000 | train_blend=0.000000 | val_total=1.468043 | val_mae=1.465419 | val_rmse=3.840779 | val_mape=3.339671 | val_confidence=0.000000 | val_risk=0.000000 | val_blend=0.000000 | batches=382/47 | seconds=31.13 | lr=[0.0008145062499999999] | cuda_peak_mb=1559.9
[2026-09-10 06:10:05] INFO Val horizons | 15min_mae=1.215289 15min_rmse=2.833596 15min_mape=2.619451 | 30min_mae=1.527706 30min_rmse=3.980711 30min_mape=3.514116 | 60min_mae=1.801391 60min_rmse=4.706858 60min_mape=4.244459
[2026-09-10 06:10:36] INFO Epoch 047 | stage=standard | train_total=1.135965 | train_forecast=1.135965 | train_confidence=0.000000 | train_risk=0.000000 | train_blend=0.000000 | val_total=1.433948 | val_mae=1.431393 | val_rmse=3.714303 | val_mape=3.155264 | val_confidence=0.000000 | val_risk=0.000000 | val_blend=0.000000 | batches=382/47 | seconds=31.08 | lr=[0.0008145062499999999] | cuda_peak_mb=1559.9
[2026-09-10 06:10:36] INFO Val horizons | 15min_mae=1.178464 15min_rmse=2.684187 15min_mape=2.412208 | 30min_mae=1.494573 30min_rmse=3.842140 30min_mape=3.317142 | 60min_mae=1.762537 60min_rmse=4.584688 60min_mape=4.075542
[2026-09-10 06:11:07] INFO Epoch 048 | stage=standard | train_total=1.134949 | train_forecast=1.134949 | train_confidence=0.000000 | train_risk=0.000000 | train_blend=0.000000 | val_total=1.415968 | val_mae=1.413772 | val_rmse=3.625433 | val_mape=3.060735 | val_confidence=0.000000 | val_risk=0.000000 | val_blend=0.000000 | batches=382/47 | seconds=31.11 | lr=[0.0008145062499999999] | cuda_peak_mb=1559.9
[2026-09-10 06:11:07] INFO Val horizons | 15min_mae=1.167873 15min_rmse=2.646584 15min_mape=2.339748 | 30min_mae=1.472920 30min_rmse=3.721321 30min_mape=3.191963 | 60min_mae=1.744451 60min_rmse=4.501354 60min_mape=3.986172
[2026-09-10 06:11:38] INFO Epoch 049 | stage=standard | train_total=1.133907 | train_forecast=1.133907 | train_confidence=0.000000 | train_risk=0.000000 | train_blend=0.000000 | val_total=1.440023 | val_mae=1.438100 | val_rmse=3.717246 | val_mape=3.221675 | val_confidence=0.000000 | val_risk=0.000000 | val_blend=0.000000 | batches=382/47 | seconds=31.16 | lr=[0.0008145062499999999] | cuda_peak_mb=1559.9
[2026-09-10 06:11:38] INFO Val horizons | 15min_mae=1.187398 15min_rmse=2.720114 15min_mape=2.472055 | 30min_mae=1.498360 30min_rmse=3.839301 30min_mape=3.383782 | 60min_mae=1.771332 60min_rmse=4.586658 60min_mape=4.156690
[2026-09-10 06:12:09] INFO Epoch 050 | stage=standard | train_total=1.132950 | train_forecast=1.132950 | train_confidence=0.000000 | train_risk=0.000000 | train_blend=0.000000 | val_total=1.413734 | val_mae=1.411046 | val_rmse=3.579270 | val_mape=3.048788 | val_confidence=0.000000 | val_risk=0.000000 | val_blend=0.000000 | batches=382/47 | seconds=31.10 | lr=[0.0008145062499999999] | cuda_peak_mb=1559.9
[2026-09-10 06:12:09] INFO Val horizons | 15min_mae=1.165401 15min_rmse=2.622137 15min_mape=2.330008 | 30min_mae=1.460641 30min_rmse=3.637638 30min_mape=3.148553 | 60min_mae=1.751568 60min_rmse=4.483215 60min_mape=3.996386
[2026-09-10 06:12:09] INFO Downstream training finished | best_val_mae=1.405951 | checkpoint=C:\Users\clw\projects\researchRep\STAnchor-BlockMemory\artifacts\cross_dataset_final\pems08_baseonly_gwn_seed42\downstream_best.pt
