[2026-09-10 10:01:25] INFO Downstream start | run=cross_dataset_final/pems08_finetuned_router_stgcn_seed42 | device=cuda:0 (requested=cuda:0) | seed=42 | output=C:\Users\clw\projects\researchRep\STAnchor-BlockMemory\artifacts\cross_dataset_final\pems08_finetuned_router_stgcn_seed42
[2026-09-10 10:01:25] INFO Mode | downstream_mode=learned_topk_error_aware | training_protocol=posthoc_frozen_base | candidate_protocol=weekday_radius1_overlap
[2026-09-10 10:01:25] INFO Downstream initialization | seed=42 | state_hash=85c4158d2365d26c
[2026-09-10 10:01:25] INFO Frozen base | checkpoint=C:\Users\clw\projects\researchRep\STAnchor-BlockMemory\artifacts\cross_dataset_final\pems08_baseonly_stgcn_seed42\downstream_best.pt | fingerprint=3079af3b02ae69f5
[2026-09-10 10:01:25] INFO Data | steps=17856 | nodes=170 | channels=1 | training_scope=full_train | memory/post_memory/train_selected/val/test=8540/3660/12200/1486/3273
[2026-09-10 10:01:25] INFO Bank/retrieval | dataset=pems08_finetuned_queue | events=8540 | nodes=170 | retrieval_dim=64 | event_top_r=96 | node_top_k=12 | key_dtype=float16
[2026-09-10 10:01:25] INFO Parameters | downstream_total=1,092,262 | downstream_trainable=879,693 | backbone=0 | confidence_head=0 | fusion=0 | frozen_pretrained=958,704
[2026-09-10 10:01:25] INFO Optimization | epochs=50 | batch_size=32 | optimizer=adam | lr=0.001 | weight_decay=0.0001 | scheduler=step_lr | step_size=10 | gamma=0.950 | confidence_weight=0.000 | patience=10 | early_stopping=disabled
[2026-09-10 10:01:26] INFO Stage start | stage=posthoc_calibrator | epochs=50 | optimizer_lrs=[0.001]
[2026-09-10 10:04:12] INFO Epoch 001 | stage=posthoc_calibrator | train_total=1.120499 | train_forecast=1.120499 | train_confidence=0.000000 | train_risk=0.000000 | train_blend=0.000000 | val_total=1.325958 | val_mae=1.322894 | val_rmse=3.461963 | val_mape=2.914176 | val_confidence=0.000000 | val_risk=0.000000 | val_blend=0.000000 | batches=382/47 | seconds=165.91 | lr=[0.001] | cuda_peak_mb=1372.7
[2026-09-10 10:04:12] INFO Val horizons | 15min_mae=1.109723 15min_rmse=2.619312 15min_mape=2.245057 | 30min_mae=1.364422 30min_rmse=3.523213 30min_mape=2.990948 | 60min_mae=1.617450 60min_rmse=4.266175 60min_mape=3.798204
[2026-09-10 10:04:12] INFO Checkpoint updated | epoch=1 | stage=posthoc_calibrator | best_val_mae=1.322894 | path=C:\Users\clw\projects\researchRep\STAnchor-BlockMemory\artifacts\cross_dataset_final\pems08_finetuned_router_stgcn_seed42\downstream_best.pt
[2026-09-10 10:04:40] INFO Epoch 002 | stage=posthoc_calibrator | train_total=1.104883 | train_forecast=1.104883 | train_confidence=0.000000 | train_risk=0.000000 | train_blend=0.000000 | val_total=1.319845 | val_mae=1.316825 | val_rmse=3.460943 | val_mape=2.940697 | val_confidence=0.000000 | val_risk=0.000000 | val_blend=0.000000 | batches=382/47 | seconds=27.81 | lr=[0.001] | cuda_peak_mb=1172.4
[2026-09-10 10:04:40] INFO Val horizons | 15min_mae=1.100452 15min_rmse=2.592143 15min_mape=2.234764 | 30min_mae=1.357955 30min_rmse=3.502310 30min_mape=3.017420 | 60min_mae=1.619322 60min_rmse=4.317232 60min_mape=3.884728
[2026-09-10 10:04:40] INFO Checkpoint updated | epoch=2 | stage=posthoc_calibrator | best_val_mae=1.316825 | path=C:\Users\clw\projects\researchRep\STAnchor-BlockMemory\artifacts\cross_dataset_final\pems08_finetuned_router_stgcn_seed42\downstream_best.pt
[2026-09-10 10:05:08] INFO Epoch 003 | stage=posthoc_calibrator | train_total=1.100717 | train_forecast=1.100717 | train_confidence=0.000000 | train_risk=0.000000 | train_blend=0.000000 | val_total=1.314262 | val_mae=1.311266 | val_rmse=3.450456 | val_mape=2.905945 | val_confidence=0.000000 | val_risk=0.000000 | val_blend=0.000000 | batches=382/47 | seconds=27.85 | lr=[0.001] | cuda_peak_mb=1172.1
[2026-09-10 10:05:08] INFO Val horizons | 15min_mae=1.097238 15min_rmse=2.582984 15min_mape=2.224050 | 30min_mae=1.352403 30min_rmse=3.487032 30min_mape=2.984708 | 60min_mae=1.613048 60min_rmse=4.317312 60min_mape=3.832626
[2026-09-10 10:05:08] INFO Checkpoint updated | epoch=3 | stage=posthoc_calibrator | best_val_mae=1.311266 | path=C:\Users\clw\projects\researchRep\STAnchor-BlockMemory\artifacts\cross_dataset_final\pems08_finetuned_router_stgcn_seed42\downstream_best.pt
[2026-09-10 10:05:36] INFO Epoch 004 | stage=posthoc_calibrator | train_total=1.098217 | train_forecast=1.098217 | train_confidence=0.000000 | train_risk=0.000000 | train_blend=0.000000 | val_total=1.317144 | val_mae=1.314351 | val_rmse=3.431363 | val_mape=2.889552 | val_confidence=0.000000 | val_risk=0.000000 | val_blend=0.000000 | batches=382/47 | seconds=27.87 | lr=[0.001] | cuda_peak_mb=1172.0
[2026-09-10 10:05:36] INFO Val horizons | 15min_mae=1.100140 15min_rmse=2.586814 15min_mape=2.227744 | 30min_mae=1.353691 30min_rmse=3.471747 30min_mape=2.973451 | 60min_mae=1.621762 60min_rmse=4.282221 60min_mape=3.781727
[2026-09-10 10:06:04] INFO Epoch 005 | stage=posthoc_calibrator | train_total=1.096032 | train_forecast=1.096032 | train_confidence=0.000000 | train_risk=0.000000 | train_blend=0.000000 | val_total=1.310532 | val_mae=1.307341 | val_rmse=3.434326 | val_mape=2.896887 | val_confidence=0.000000 | val_risk=0.000000 | val_blend=0.000000 | batches=382/47 | seconds=27.82 | lr=[0.001] | cuda_peak_mb=1172.2
[2026-09-10 10:06:04] INFO Val horizons | 15min_mae=1.094139 15min_rmse=2.576575 15min_mape=2.218155 | 30min_mae=1.347593 30min_rmse=3.469463 30min_mape=2.974783 | 60min_mae=1.609964 60min_rmse=4.297459 60min_mape=3.819583
[2026-09-10 10:06:04] INFO Checkpoint updated | epoch=5 | stage=posthoc_calibrator | best_val_mae=1.307341 | path=C:\Users\clw\projects\researchRep\STAnchor-BlockMemory\artifacts\cross_dataset_final\pems08_finetuned_router_stgcn_seed42\downstream_best.pt
[2026-09-10 10:06:31] INFO Epoch 006 | stage=posthoc_calibrator | train_total=1.095052 | train_forecast=1.095052 | train_confidence=0.000000 | train_risk=0.000000 | train_blend=0.000000 | val_total=1.314014 | val_mae=1.310685 | val_rmse=3.451959 | val_mape=2.914009 | val_confidence=0.000000 | val_risk=0.000000 | val_blend=0.000000 | batches=382/47 | seconds=27.82 | lr=[0.001] | cuda_peak_mb=1173.2
[2026-09-10 10:06:31] INFO Val horizons | 15min_mae=1.098827 15min_rmse=2.589793 15min_mape=2.227903 | 30min_mae=1.350716 30min_rmse=3.490717 30min_mape=2.986940 | 60min_mae=1.610482 60min_rmse=4.313237 60min_mape=3.846569
[2026-09-10 10:06:59] INFO Epoch 007 | stage=posthoc_calibrator | train_total=1.093207 | train_forecast=1.093207 | train_confidence=0.000000 | train_risk=0.000000 | train_blend=0.000000 | val_total=1.308689 | val_mae=1.305452 | val_rmse=3.429758 | val_mape=2.884909 | val_confidence=0.000000 | val_risk=0.000000 | val_blend=0.000000 | batches=382/47 | seconds=27.87 | lr=[0.001] | cuda_peak_mb=1172.0
[2026-09-10 10:06:59] INFO Val horizons | 15min_mae=1.092562 15min_rmse=2.575682 15min_mape=2.210130 | 30min_mae=1.344801 30min_rmse=3.464958 30min_mape=2.958802 | 60min_mae=1.607498 60min_rmse=4.287698 60min_mape=3.801195
[2026-09-10 10:06:59] INFO Checkpoint updated | epoch=7 | stage=posthoc_calibrator | best_val_mae=1.305452 | path=C:\Users\clw\projects\researchRep\STAnchor-BlockMemory\artifacts\cross_dataset_final\pems08_finetuned_router_stgcn_seed42\downstream_best.pt
[2026-09-10 10:07:27] INFO Epoch 008 | stage=posthoc_calibrator | train_total=1.092439 | train_forecast=1.092439 | train_confidence=0.000000 | train_risk=0.000000 | train_blend=0.000000 | val_total=1.309127 | val_mae=1.305909 | val_rmse=3.424128 | val_mape=2.884893 | val_confidence=0.000000 | val_risk=0.000000 | val_blend=0.000000 | batches=382/47 | seconds=27.83 | lr=[0.001] | cuda_peak_mb=1172.0
[2026-09-10 10:07:27] INFO Val horizons | 15min_mae=1.092550 15min_rmse=2.571505 15min_mape=2.209979 | 30min_mae=1.343924 30min_rmse=3.452307 30min_mape=2.958832 | 60min_mae=1.611457 60min_rmse=4.292409 60min_mape=3.805070
[2026-09-10 10:07:55] INFO Epoch 009 | stage=posthoc_calibrator | train_total=1.091659 | train_forecast=1.091659 | train_confidence=0.000000 | train_risk=0.000000 | train_blend=0.000000 | val_total=1.307286 | val_mae=1.304095 | val_rmse=3.413381 | val_mape=2.880422 | val_confidence=0.000000 | val_risk=0.000000 | val_blend=0.000000 | batches=382/47 | seconds=27.79 | lr=[0.001] | cuda_peak_mb=1172.2
[2026-09-10 10:07:55] INFO Val horizons | 15min_mae=1.090905 15min_rmse=2.569577 15min_mape=2.206141 | 30min_mae=1.340978 30min_rmse=3.441307 30min_mape=2.952241 | 60min_mae=1.612701 60min_rmse=4.286048 60min_mape=3.809047
[2026-09-10 10:07:55] INFO Checkpoint updated | epoch=9 | stage=posthoc_calibrator | best_val_mae=1.304095 | path=C:\Users\clw\projects\researchRep\STAnchor-BlockMemory\artifacts\cross_dataset_final\pems08_finetuned_router_stgcn_seed42\downstream_best.pt
[2026-09-10 10:08:23] INFO Epoch 010 | stage=posthoc_calibrator | train_total=1.091210 | train_forecast=1.091210 | train_confidence=0.000000 | train_risk=0.000000 | train_blend=0.000000 | val_total=1.305368 | val_mae=1.302083 | val_rmse=3.424288 | val_mape=2.880746 | val_confidence=0.000000 | val_risk=0.000000 | val_blend=0.000000 | batches=382/47 | seconds=27.80 | lr=[0.001] | cuda_peak_mb=1173.2
[2026-09-10 10:08:23] INFO Val horizons | 15min_mae=1.091702 15min_rmse=2.576501 15min_mape=2.215051 | 30min_mae=1.340845 30min_rmse=3.460169 30min_mape=2.955886 | 60min_mae=1.604027 60min_rmse=4.280895 60min_mape=3.793023
[2026-09-10 10:08:23] INFO Checkpoint updated | epoch=10 | stage=posthoc_calibrator | best_val_mae=1.302083 | path=C:\Users\clw\projects\researchRep\STAnchor-BlockMemory\artifacts\cross_dataset_final\pems08_finetuned_router_stgcn_seed42\downstream_best.pt
[2026-09-10 10:08:51] INFO Epoch 011 | stage=posthoc_calibrator | train_total=1.090254 | train_forecast=1.090254 | train_confidence=0.000000 | train_risk=0.000000 | train_blend=0.000000 | val_total=1.309202 | val_mae=1.306050 | val_rmse=3.442264 | val_mape=2.893722 | val_confidence=0.000000 | val_risk=0.000000 | val_blend=0.000000 | batches=382/47 | seconds=27.81 | lr=[0.00095] | cuda_peak_mb=1172.0
[2026-09-10 10:08:51] INFO Val horizons | 15min_mae=1.097574 15min_rmse=2.594685 15min_mape=2.224203 | 30min_mae=1.348773 30min_rmse=3.495605 30min_mape=2.978942 | 60min_mae=1.598067 60min_rmse=4.270444 60min_mape=3.785876
[2026-09-10 10:09:19] INFO Epoch 012 | stage=posthoc_calibrator | train_total=1.089161 | train_forecast=1.089161 | train_confidence=0.000000 | train_risk=0.000000 | train_blend=0.000000 | val_total=1.305425 | val_mae=1.302187 | val_rmse=3.427637 | val_mape=2.895620 | val_confidence=0.000000 | val_risk=0.000000 | val_blend=0.000000 | batches=382/47 | seconds=27.83 | lr=[0.00095] | cuda_peak_mb=1172.0
[2026-09-10 10:09:19] INFO Val horizons | 15min_mae=1.089521 15min_rmse=2.571894 15min_mape=2.212023 | 30min_mae=1.341582 30min_rmse=3.465639 30min_mape=2.977468 | 60min_mae=1.603411 60min_rmse=4.283142 60min_mape=3.812819
[2026-09-10 10:09:46] INFO Epoch 013 | stage=posthoc_calibrator | train_total=1.089084 | train_forecast=1.089084 | train_confidence=0.000000 | train_risk=0.000000 | train_blend=0.000000 | val_total=1.309087 | val_mae=1.305747 | val_rmse=3.450281 | val_mape=2.917071 | val_confidence=0.000000 | val_risk=0.000000 | val_blend=0.000000 | batches=382/47 | seconds=27.83 | lr=[0.00095] | cuda_peak_mb=1172.2
[2026-09-10 10:09:46] INFO Val horizons | 15min_mae=1.092702 15min_rmse=2.583619 15min_mape=2.219679 | 30min_mae=1.346724 30min_rmse=3.491742 30min_mape=2.998792 | 60min_mae=1.605655 60min_rmse=4.307163 60min_mape=3.848392
[2026-09-10 10:10:14] INFO Epoch 014 | stage=posthoc_calibrator | train_total=1.088917 | train_forecast=1.088917 | train_confidence=0.000000 | train_risk=0.000000 | train_blend=0.000000 | val_total=1.311203 | val_mae=1.307739 | val_rmse=3.461624 | val_mape=2.947935 | val_confidence=0.000000 | val_risk=0.000000 | val_blend=0.000000 | batches=382/47 | seconds=27.77 | lr=[0.00095] | cuda_peak_mb=1173.2
[2026-09-10 10:10:14] INFO Val horizons | 15min_mae=1.090051 15min_rmse=2.569520 15min_mape=2.228404 | 30min_mae=1.345721 30min_rmse=3.478198 30min_mape=3.022410 | 60min_mae=1.618717 60min_rmse=4.375318 60min_mape=3.925197
[2026-09-10 10:10:42] INFO Epoch 015 | stage=posthoc_calibrator | train_total=1.088913 | train_forecast=1.088913 | train_confidence=0.000000 | train_risk=0.000000 | train_blend=0.000000 | val_total=1.306583 | val_mae=1.303362 | val_rmse=3.445965 | val_mape=2.910533 | val_confidence=0.000000 | val_risk=0.000000 | val_blend=0.000000 | batches=382/47 | seconds=27.80 | lr=[0.00095] | cuda_peak_mb=1172.0
[2026-09-10 10:10:42] INFO Val horizons | 15min_mae=1.088697 15min_rmse=2.571326 15min_mape=2.212562 | 30min_mae=1.341686 30min_rmse=3.478285 30min_mape=2.984709 | 60min_mae=1.610035 60min_rmse=4.323783 60min_mape=3.860555
[2026-09-10 10:11:10] INFO Epoch 016 | stage=posthoc_calibrator | train_total=1.088969 | train_forecast=1.088969 | train_confidence=0.000000 | train_risk=0.000000 | train_blend=0.000000 | val_total=1.310172 | val_mae=1.306956 | val_rmse=3.420366 | val_mape=2.879652 | val_confidence=0.000000 | val_risk=0.000000 | val_blend=0.000000 | batches=382/47 | seconds=27.75 | lr=[0.00095] | cuda_peak_mb=1172.0
[2026-09-10 10:11:10] INFO Val horizons | 15min_mae=1.091586 15min_rmse=2.568716 15min_mape=2.205626 | 30min_mae=1.345447 30min_rmse=3.464815 30min_mape=2.961633 | 60min_mae=1.614743 60min_rmse=4.263121 60min_mape=3.785884
[2026-09-10 10:11:37] INFO Epoch 017 | stage=posthoc_calibrator | train_total=1.088070 | train_forecast=1.088070 | train_confidence=0.000000 | train_risk=0.000000 | train_blend=0.000000 | val_total=1.301028 | val_mae=1.297724 | val_rmse=3.414041 | val_mape=2.863747 | val_confidence=0.000000 | val_risk=0.000000 | val_blend=0.000000 | batches=382/47 | seconds=27.80 | lr=[0.00095] | cuda_peak_mb=1172.2
[2026-09-10 10:11:37] INFO Val horizons | 15min_mae=1.087460 15min_rmse=2.568203 15min_mape=2.198489 | 30min_mae=1.335295 30min_rmse=3.440620 30min_mape=2.934972 | 60min_mae=1.600534 60min_rmse=4.280230 60min_mape=3.784138
[2026-09-10 10:11:37] INFO Checkpoint updated | epoch=17 | stage=posthoc_calibrator | best_val_mae=1.297724 | path=C:\Users\clw\projects\researchRep\STAnchor-BlockMemory\artifacts\cross_dataset_final\pems08_finetuned_router_stgcn_seed42\downstream_best.pt
[2026-09-10 10:12:05] INFO Epoch 018 | stage=posthoc_calibrator | train_total=1.087911 | train_forecast=1.087911 | train_confidence=0.000000 | train_risk=0.000000 | train_blend=0.000000 | val_total=1.302053 | val_mae=1.298858 | val_rmse=3.417486 | val_mape=2.863164 | val_confidence=0.000000 | val_risk=0.000000 | val_blend=0.000000 | batches=382/47 | seconds=27.76 | lr=[0.00095] | cuda_peak_mb=1173.2
[2026-09-10 10:12:05] INFO Val horizons | 15min_mae=1.090502 15min_rmse=2.578552 15min_mape=2.205649 | 30min_mae=1.338777 30min_rmse=3.464997 30min_mape=2.940251 | 60min_mae=1.595179 60min_rmse=4.246057 60min_mape=3.756903
[2026-09-10 10:12:33] INFO Epoch 019 | stage=posthoc_calibrator | train_total=1.088453 | train_forecast=1.088453 | train_confidence=0.000000 | train_risk=0.000000 | train_blend=0.000000 | val_total=1.303417 | val_mae=1.300192 | val_rmse=3.420720 | val_mape=2.868049 | val_confidence=0.000000 | val_risk=0.000000 | val_blend=0.000000 | batches=382/47 | seconds=27.73 | lr=[0.00095] | cuda_peak_mb=1172.0
[2026-09-10 10:12:33] INFO Val horizons | 15min_mae=1.090015 15min_rmse=2.575233 15min_mape=2.207050 | 30min_mae=1.339265 30min_rmse=3.463021 30min_mape=2.945749 | 60min_mae=1.601195 60min_rmse=4.266662 60min_mape=3.770346
[2026-09-10 10:13:01] INFO Epoch 020 | stage=posthoc_calibrator | train_total=1.087521 | train_forecast=1.087521 | train_confidence=0.000000 | train_risk=0.000000 | train_blend=0.000000 | val_total=1.306969 | val_mae=1.303760 | val_rmse=3.450579 | val_mape=2.903814 | val_confidence=0.000000 | val_risk=0.000000 | val_blend=0.000000 | batches=382/47 | seconds=27.82 | lr=[0.00095] | cuda_peak_mb=1172.0
[2026-09-10 10:13:01] INFO Val horizons | 15min_mae=1.093027 15min_rmse=2.588878 15min_mape=2.224225 | 30min_mae=1.344871 30min_rmse=3.496971 30min_mape=2.984208 | 60min_mae=1.601241 60min_rmse=4.294236 60min_mape=3.816020
[2026-09-10 10:13:29] INFO Epoch 021 | stage=posthoc_calibrator | train_total=1.087673 | train_forecast=1.087673 | train_confidence=0.000000 | train_risk=0.000000 | train_blend=0.000000 | val_total=1.301503 | val_mae=1.298125 | val_rmse=3.413382 | val_mape=2.872507 | val_confidence=0.000000 | val_risk=0.000000 | val_blend=0.000000 | batches=382/47 | seconds=27.77 | lr=[0.0009025] | cuda_peak_mb=1172.2
[2026-09-10 10:13:29] INFO Val horizons | 15min_mae=1.087466 15min_rmse=2.561706 15min_mape=2.201662 | 30min_mae=1.336553 30min_rmse=3.438972 30min_mape=2.947550 | 60min_mae=1.600784 60min_rmse=4.284306 60min_mape=3.794640
[2026-09-10 10:13:56] INFO Epoch 022 | stage=posthoc_calibrator | train_total=1.087470 | train_forecast=1.087470 | train_confidence=0.000000 | train_risk=0.000000 | train_blend=0.000000 | val_total=1.306650 | val_mae=1.303335 | val_rmse=3.434983 | val_mape=2.927456 | val_confidence=0.000000 | val_risk=0.000000 | val_blend=0.000000 | batches=382/47 | seconds=27.81 | lr=[0.0009025] | cuda_peak_mb=1173.2
[2026-09-10 10:13:56] INFO Val horizons | 15min_mae=1.087325 15min_rmse=2.560468 15min_mape=2.216813 | 30min_mae=1.342177 30min_rmse=3.459866 30min_mape=3.009643 | 60min_mae=1.610493 60min_rmse=4.323141 60min_mape=3.882427
[2026-09-10 10:14:24] INFO Epoch 023 | stage=posthoc_calibrator | train_total=1.087355 | train_forecast=1.087355 | train_confidence=0.000000 | train_risk=0.000000 | train_blend=0.000000 | val_total=1.301942 | val_mae=1.298735 | val_rmse=3.415964 | val_mape=2.884149 | val_confidence=0.000000 | val_risk=0.000000 | val_blend=0.000000 | batches=382/47 | seconds=27.81 | lr=[0.0009025] | cuda_peak_mb=1172.0
[2026-09-10 10:14:24] INFO Val horizons | 15min_mae=1.087823 15min_rmse=2.566588 15min_mape=2.209802 | 30min_mae=1.337933 30min_rmse=3.452269 30min_mape=2.962918 | 60min_mae=1.600072 60min_rmse=4.269296 60min_mape=3.804304
[2026-09-10 10:14:52] INFO Epoch 024 | stage=posthoc_calibrator | train_total=1.087280 | train_forecast=1.087280 | train_confidence=0.000000 | train_risk=0.000000 | train_blend=0.000000 | val_total=1.305056 | val_mae=1.301756 | val_rmse=3.442233 | val_mape=2.899307 | val_confidence=0.000000 | val_risk=0.000000 | val_blend=0.000000 | batches=382/47 | seconds=27.86 | lr=[0.0009025] | cuda_peak_mb=1172.0
[2026-09-10 10:14:52] INFO Val horizons | 15min_mae=1.091617 15min_rmse=2.577306 15min_mape=2.219567 | 30min_mae=1.342329 30min_rmse=3.479434 30min_mape=2.979225 | 60min_mae=1.600484 60min_rmse=4.310032 60min_mape=3.824408
[2026-09-10 10:15:20] INFO Epoch 025 | stage=posthoc_calibrator | train_total=1.087391 | train_forecast=1.087391 | train_confidence=0.000000 | train_risk=0.000000 | train_blend=0.000000 | val_total=1.307350 | val_mae=1.303906 | val_rmse=3.446902 | val_mape=2.927622 | val_confidence=0.000000 | val_risk=0.000000 | val_blend=0.000000 | batches=382/47 | seconds=27.85 | lr=[0.0009025] | cuda_peak_mb=1172.2
[2026-09-10 10:15:20] INFO Val horizons | 15min_mae=1.088446 15min_rmse=2.565951 15min_mape=2.222696 | 30min_mae=1.343008 30min_rmse=3.472444 30min_mape=3.008232 | 60min_mae=1.610441 60min_rmse=4.339111 60min_mape=3.884738
[2026-09-10 10:15:48] INFO Epoch 026 | stage=posthoc_calibrator | train_total=1.086751 | train_forecast=1.086751 | train_confidence=0.000000 | train_risk=0.000000 | train_blend=0.000000 | val_total=1.303596 | val_mae=1.300369 | val_rmse=3.436285 | val_mape=2.892936 | val_confidence=0.000000 | val_risk=0.000000 | val_blend=0.000000 | batches=382/47 | seconds=27.81 | lr=[0.0009025] | cuda_peak_mb=1173.2
[2026-09-10 10:15:48] INFO Val horizons | 15min_mae=1.089635 15min_rmse=2.574965 15min_mape=2.213431 | 30min_mae=1.341420 30min_rmse=3.481547 30min_mape=2.978139 | 60min_mae=1.600595 60min_rmse=4.289503 60min_mape=3.813201
[2026-09-10 10:16:16] INFO Epoch 027 | stage=posthoc_calibrator | train_total=1.086857 | train_forecast=1.086857 | train_confidence=0.000000 | train_risk=0.000000 | train_blend=0.000000 | val_total=1.303461 | val_mae=1.300108 | val_rmse=3.432787 | val_mape=2.888310 | val_confidence=0.000000 | val_risk=0.000000 | val_blend=0.000000 | batches=382/47 | seconds=27.82 | lr=[0.0009025] | cuda_peak_mb=1172.0
[2026-09-10 10:16:16] INFO Val horizons | 15min_mae=1.088728 15min_rmse=2.571004 15min_mape=2.212632 | 30min_mae=1.339729 30min_rmse=3.469262 30min_mape=2.965965 | 60min_mae=1.602141 60min_rmse=4.297631 60min_mape=3.812363
[2026-09-10 10:16:43] INFO Epoch 028 | stage=posthoc_calibrator | train_total=1.086782 | train_forecast=1.086782 | train_confidence=0.000000 | train_risk=0.000000 | train_blend=0.000000 | val_total=1.304490 | val_mae=1.301098 | val_rmse=3.438777 | val_mape=2.889049 | val_confidence=0.000000 | val_risk=0.000000 | val_blend=0.000000 | batches=382/47 | seconds=27.83 | lr=[0.0009025] | cuda_peak_mb=1172.0
[2026-09-10 10:16:43] INFO Val horizons | 15min_mae=1.091368 15min_rmse=2.578080 15min_mape=2.215273 | 30min_mae=1.342033 30min_rmse=3.480841 30min_mape=2.972493 | 60min_mae=1.597948 60min_rmse=4.288547 60min_mape=3.799019
[2026-09-10 10:17:11] INFO Epoch 029 | stage=posthoc_calibrator | train_total=1.086349 | train_forecast=1.086349 | train_confidence=0.000000 | train_risk=0.000000 | train_blend=0.000000 | val_total=1.304784 | val_mae=1.301395 | val_rmse=3.445449 | val_mape=2.901013 | val_confidence=0.000000 | val_risk=0.000000 | val_blend=0.000000 | batches=382/47 | seconds=27.83 | lr=[0.0009025] | cuda_peak_mb=1172.2
[2026-09-10 10:17:11] INFO Val horizons | 15min_mae=1.090293 15min_rmse=2.575825 15min_mape=2.217734 | 30min_mae=1.342600 30min_rmse=3.484634 30min_mape=2.983405 | 60min_mae=1.601120 60min_rmse=4.314680 60min_mape=3.830093
[2026-09-10 10:17:39] INFO Epoch 030 | stage=posthoc_calibrator | train_total=1.086645 | train_forecast=1.086645 | train_confidence=0.000000 | train_risk=0.000000 | train_blend=0.000000 | val_total=1.301309 | val_mae=1.298049 | val_rmse=3.419030 | val_mape=2.870316 | val_confidence=0.000000 | val_risk=0.000000 | val_blend=0.000000 | batches=382/47 | seconds=27.83 | lr=[0.0009025] | cuda_peak_mb=1173.2
[2026-09-10 10:17:39] INFO Val horizons | 15min_mae=1.087175 15min_rmse=2.564398 15min_mape=2.203915 | 30min_mae=1.337420 30min_rmse=3.457352 30min_mape=2.952075 | 60min_mae=1.600139 60min_rmse=4.275658 60min_mape=3.783139
[2026-09-10 10:18:07] INFO Epoch 031 | stage=posthoc_calibrator | train_total=1.086526 | train_forecast=1.086526 | train_confidence=0.000000 | train_risk=0.000000 | train_blend=0.000000 | val_total=1.299914 | val_mae=1.296552 | val_rmse=3.414416 | val_mape=2.859521 | val_confidence=0.000000 | val_risk=0.000000 | val_blend=0.000000 | batches=382/47 | seconds=27.83 | lr=[0.000857375] | cuda_peak_mb=1172.0
[2026-09-10 10:18:07] INFO Val horizons | 15min_mae=1.088482 15min_rmse=2.568714 15min_mape=2.199347 | 30min_mae=1.335890 30min_rmse=3.452217 30min_mape=2.935902 | 60min_mae=1.595591 60min_rmse=4.268329 60min_mape=3.772083
[2026-09-10 10:18:07] INFO Checkpoint updated | epoch=31 | stage=posthoc_calibrator | best_val_mae=1.296552 | path=C:\Users\clw\projects\researchRep\STAnchor-BlockMemory\artifacts\cross_dataset_final\pems08_finetuned_router_stgcn_seed42\downstream_best.pt
[2026-09-10 10:18:35] INFO Epoch 032 | stage=posthoc_calibrator | train_total=1.086026 | train_forecast=1.086026 | train_confidence=0.000000 | train_risk=0.000000 | train_blend=0.000000 | val_total=1.302021 | val_mae=1.298802 | val_rmse=3.418093 | val_mape=2.874025 | val_confidence=0.000000 | val_risk=0.000000 | val_blend=0.000000 | batches=382/47 | seconds=27.79 | lr=[0.000857375] | cuda_peak_mb=1172.0
[2026-09-10 10:18:35] INFO Val horizons | 15min_mae=1.086904 15min_rmse=2.563135 15min_mape=2.204414 | 30min_mae=1.337983 30min_rmse=3.458619 30min_mape=2.953512 | 60min_mae=1.602129 60min_rmse=4.272933 60min_mape=3.791380
[2026-09-10 10:19:03] INFO Epoch 033 | stage=posthoc_calibrator | train_total=1.085982 | train_forecast=1.085982 | train_confidence=0.000000 | train_risk=0.000000 | train_blend=0.000000 | val_total=1.303694 | val_mae=1.300305 | val_rmse=3.428163 | val_mape=2.884269 | val_confidence=0.000000 | val_risk=0.000000 | val_blend=0.000000 | batches=382/47 | seconds=27.81 | lr=[0.000857375] | cuda_peak_mb=1172.2
[2026-09-10 10:19:03] INFO Val horizons | 15min_mae=1.088787 15min_rmse=2.569986 15min_mape=2.215644 | 30min_mae=1.340509 30min_rmse=3.469768 30min_mape=2.968641 | 60min_mae=1.602034 60min_rmse=4.283472 60min_mape=3.798263
[2026-09-10 10:19:30] INFO Epoch 034 | stage=posthoc_calibrator | train_total=1.085933 | train_forecast=1.085933 | train_confidence=0.000000 | train_risk=0.000000 | train_blend=0.000000 | val_total=1.301551 | val_mae=1.298225 | val_rmse=3.422765 | val_mape=2.875763 | val_confidence=0.000000 | val_risk=0.000000 | val_blend=0.000000 | batches=382/47 | seconds=27.84 | lr=[0.000857375] | cuda_peak_mb=1173.2
[2026-09-10 10:19:30] INFO Val horizons | 15min_mae=1.089446 15min_rmse=2.574648 15min_mape=2.208724 | 30min_mae=1.338503 30min_rmse=3.468268 30min_mape=2.954028 | 60min_mae=1.595028 60min_rmse=4.261900 60min_mape=3.782503
[2026-09-10 10:19:58] INFO Epoch 035 | stage=posthoc_calibrator | train_total=1.085355 | train_forecast=1.085355 | train_confidence=0.000000 | train_risk=0.000000 | train_blend=0.000000 | val_total=1.300919 | val_mae=1.297558 | val_rmse=3.417654 | val_mape=2.880031 | val_confidence=0.000000 | val_risk=0.000000 | val_blend=0.000000 | batches=382/47 | seconds=27.85 | lr=[0.000857375] | cuda_peak_mb=1172.0
[2026-09-10 10:19:58] INFO Val horizons | 15min_mae=1.085954 15min_rmse=2.557045 15min_mape=2.202750 | 30min_mae=1.335723 30min_rmse=3.440581 30min_mape=2.954496 | 60min_mae=1.602670 60min_rmse=4.302769 60min_mape=3.816111
[2026-09-10 10:20:26] INFO Epoch 036 | stage=posthoc_calibrator | train_total=1.085427 | train_forecast=1.085427 | train_confidence=0.000000 | train_risk=0.000000 | train_blend=0.000000 | val_total=1.302438 | val_mae=1.299068 | val_rmse=3.425846 | val_mape=2.874133 | val_confidence=0.000000 | val_risk=0.000000 | val_blend=0.000000 | batches=382/47 | seconds=27.84 | lr=[0.000857375] | cuda_peak_mb=1172.0
[2026-09-10 10:20:26] INFO Val horizons | 15min_mae=1.088778 15min_rmse=2.571437 15min_mape=2.208753 | 30min_mae=1.339413 30min_rmse=3.471119 30min_mape=2.960086 | 60min_mae=1.598824 60min_rmse=4.270536 60min_mape=3.774891
[2026-09-10 10:20:54] INFO Epoch 037 | stage=posthoc_calibrator | train_total=1.085323 | train_forecast=1.085323 | train_confidence=0.000000 | train_risk=0.000000 | train_blend=0.000000 | val_total=1.306564 | val_mae=1.303151 | val_rmse=3.452566 | val_mape=2.911744 | val_confidence=0.000000 | val_risk=0.000000 | val_blend=0.000000 | batches=382/47 | seconds=27.83 | lr=[0.000857375] | cuda_peak_mb=1172.2
[2026-09-10 10:20:54] INFO Val horizons | 15min_mae=1.089346 15min_rmse=2.574563 15min_mape=2.221149 | 30min_mae=1.344122 30min_rmse=3.492580 30min_mape=2.994783 | 60min_mae=1.604844 60min_rmse=4.316994 60min_mape=3.841604
[2026-09-10 10:21:22] INFO Epoch 038 | stage=posthoc_calibrator | train_total=1.085516 | train_forecast=1.085516 | train_confidence=0.000000 | train_risk=0.000000 | train_blend=0.000000 | val_total=1.303821 | val_mae=1.300404 | val_rmse=3.437620 | val_mape=2.892026 | val_confidence=0.000000 | val_risk=0.000000 | val_blend=0.000000 | batches=382/47 | seconds=27.84 | lr=[0.000857375] | cuda_peak_mb=1173.2
[2026-09-10 10:21:22] INFO Val horizons | 15min_mae=1.089945 15min_rmse=2.575788 15min_mape=2.219771 | 30min_mae=1.341740 30min_rmse=3.483505 30min_mape=2.978873 | 60min_mae=1.598356 60min_rmse=4.283483 60min_mape=3.797301
[2026-09-10 10:21:50] INFO Epoch 039 | stage=posthoc_calibrator | train_total=1.085549 | train_forecast=1.085549 | train_confidence=0.000000 | train_risk=0.000000 | train_blend=0.000000 | val_total=1.303154 | val_mae=1.300097 | val_rmse=3.422883 | val_mape=2.879578 | val_confidence=0.000000 | val_risk=0.000000 | val_blend=0.000000 | batches=382/47 | seconds=27.85 | lr=[0.000857375] | cuda_peak_mb=1172.0
[2026-09-10 10:21:50] INFO Val horizons | 15min_mae=1.086536 15min_rmse=2.559400 15min_mape=2.205617 | 30min_mae=1.338312 30min_rmse=3.457074 30min_mape=2.957690 | 60min_mae=1.607715 60min_rmse=4.292647 60min_mape=3.808306
[2026-09-10 10:22:17] INFO Epoch 040 | stage=posthoc_calibrator | train_total=1.085235 | train_forecast=1.085235 | train_confidence=0.000000 | train_risk=0.000000 | train_blend=0.000000 | val_total=1.301407 | val_mae=1.298008 | val_rmse=3.428951 | val_mape=2.866575 | val_confidence=0.000000 | val_risk=0.000000 | val_blend=0.000000 | batches=382/47 | seconds=27.81 | lr=[0.000857375] | cuda_peak_mb=1172.0
[2026-09-10 10:22:17] INFO Val horizons | 15min_mae=1.089316 15min_rmse=2.577827 15min_mape=2.206946 | 30min_mae=1.338162 30min_rmse=3.475044 30min_mape=2.945813 | 60min_mae=1.596018 60min_rmse=4.274112 60min_mape=3.770438
[2026-09-10 10:22:45] INFO Epoch 041 | stage=posthoc_calibrator | train_total=1.085140 | train_forecast=1.085140 | train_confidence=0.000000 | train_risk=0.000000 | train_blend=0.000000 | val_total=1.306570 | val_mae=1.303159 | val_rmse=3.450425 | val_mape=2.914577 | val_confidence=0.000000 | val_risk=0.000000 | val_blend=0.000000 | batches=382/47 | seconds=27.83 | lr=[0.0008145062499999999] | cuda_peak_mb=1172.2
[2026-09-10 10:22:45] INFO Val horizons | 15min_mae=1.090924 15min_rmse=2.575262 15min_mape=2.230053 | 30min_mae=1.343759 30min_rmse=3.487054 30min_mape=2.997274 | 60min_mae=1.603227 60min_rmse=4.318184 60min_mape=3.840181
[2026-09-10 10:23:13] INFO Epoch 042 | stage=posthoc_calibrator | train_total=1.085849 | train_forecast=1.085849 | train_confidence=0.000000 | train_risk=0.000000 | train_blend=0.000000 | val_total=1.303741 | val_mae=1.300342 | val_rmse=3.437870 | val_mape=2.891713 | val_confidence=0.000000 | val_risk=0.000000 | val_blend=0.000000 | batches=382/47 | seconds=27.83 | lr=[0.0008145062499999999] | cuda_peak_mb=1173.2
[2026-09-10 10:23:13] INFO Val horizons | 15min_mae=1.089784 15min_rmse=2.569916 15min_mape=2.215187 | 30min_mae=1.340867 30min_rmse=3.474229 30min_mape=2.973214 | 60min_mae=1.600856 60min_rmse=4.309035 60min_mape=3.818757
[2026-09-10 10:23:41] INFO Epoch 043 | stage=posthoc_calibrator | train_total=1.085344 | train_forecast=1.085344 | train_confidence=0.000000 | train_risk=0.000000 | train_blend=0.000000 | val_total=1.305041 | val_mae=1.301730 | val_rmse=3.444657 | val_mape=2.894857 | val_confidence=0.000000 | val_risk=0.000000 | val_blend=0.000000 | batches=382/47 | seconds=27.89 | lr=[0.0008145062499999999] | cuda_peak_mb=1172.0
[2026-09-10 10:23:41] INFO Val horizons | 15min_mae=1.091400 15min_rmse=2.582489 15min_mape=2.218671 | 30min_mae=1.342711 30min_rmse=3.488748 30min_mape=2.975938 | 60min_mae=1.600127 60min_rmse=4.297691 60min_mape=3.814539
[2026-09-10 10:24:09] INFO Epoch 044 | stage=posthoc_calibrator | train_total=1.085153 | train_forecast=1.085153 | train_confidence=0.000000 | train_risk=0.000000 | train_blend=0.000000 | val_total=1.301841 | val_mae=1.298597 | val_rmse=3.430967 | val_mape=2.886761 | val_confidence=0.000000 | val_risk=0.000000 | val_blend=0.000000 | batches=382/47 | seconds=27.85 | lr=[0.0008145062499999999] | cuda_peak_mb=1172.0
[2026-09-10 10:24:09] INFO Val horizons | 15min_mae=1.088799 15min_rmse=2.571862 15min_mape=2.215363 | 30min_mae=1.339094 30min_rmse=3.473851 30min_mape=2.968918 | 60min_mae=1.597722 60min_rmse=4.284474 60min_mape=3.803074
[2026-09-10 10:24:37] INFO Epoch 045 | stage=posthoc_calibrator | train_total=1.084760 | train_forecast=1.084760 | train_confidence=0.000000 | train_risk=0.000000 | train_blend=0.000000 | val_total=1.300038 | val_mae=1.296684 | val_rmse=3.413266 | val_mape=2.858870 | val_confidence=0.000000 | val_risk=0.000000 | val_blend=0.000000 | batches=382/47 | seconds=27.85 | lr=[0.0008145062499999999] | cuda_peak_mb=1172.2
[2026-09-10 10:24:37] INFO Val horizons | 15min_mae=1.086519 15min_rmse=2.564460 15min_mape=2.199808 | 30min_mae=1.335966 30min_rmse=3.454229 30min_mape=2.938616 | 60min_mae=1.599218 60min_rmse=4.269635 60min_mape=3.768922
[2026-09-10 10:25:04] INFO Epoch 046 | stage=posthoc_calibrator | train_total=1.085425 | train_forecast=1.085425 | train_confidence=0.000000 | train_risk=0.000000 | train_blend=0.000000 | val_total=1.305882 | val_mae=1.302456 | val_rmse=3.449548 | val_mape=2.913282 | val_confidence=0.000000 | val_risk=0.000000 | val_blend=0.000000 | batches=382/47 | seconds=27.82 | lr=[0.0008145062499999999] | cuda_peak_mb=1173.2
[2026-09-10 10:25:04] INFO Val horizons | 15min_mae=1.089477 15min_rmse=2.570047 15min_mape=2.225599 | 30min_mae=1.342650 30min_rmse=3.480757 30min_mape=2.995153 | 60min_mae=1.604822 60min_rmse=4.329436 60min_mape=3.847340
[2026-09-10 10:25:32] INFO Epoch 047 | stage=posthoc_calibrator | train_total=1.084867 | train_forecast=1.084867 | train_confidence=0.000000 | train_risk=0.000000 | train_blend=0.000000 | val_total=1.305703 | val_mae=1.302255 | val_rmse=3.445331 | val_mape=2.903376 | val_confidence=0.000000 | val_risk=0.000000 | val_blend=0.000000 | batches=382/47 | seconds=27.85 | lr=[0.0008145062499999999] | cuda_peak_mb=1172.0
[2026-09-10 10:25:32] INFO Val horizons | 15min_mae=1.091454 15min_rmse=2.576757 15min_mape=2.225805 | 30min_mae=1.343404 30min_rmse=3.485476 30min_mape=2.988545 | 60min_mae=1.601557 60min_rmse=4.310968 60min_mape=3.827104
[2026-09-10 10:26:00] INFO Epoch 048 | stage=posthoc_calibrator | train_total=1.085537 | train_forecast=1.085537 | train_confidence=0.000000 | train_risk=0.000000 | train_blend=0.000000 | val_total=1.304364 | val_mae=1.300941 | val_rmse=3.439928 | val_mape=2.900562 | val_confidence=0.000000 | val_risk=0.000000 | val_blend=0.000000 | batches=382/47 | seconds=27.87 | lr=[0.0008145062499999999] | cuda_peak_mb=1172.0
[2026-09-10 10:26:00] INFO Val horizons | 15min_mae=1.088769 15min_rmse=2.568502 15min_mape=2.217349 | 30min_mae=1.340527 30min_rmse=3.470756 30min_mape=2.981707 | 60min_mae=1.603894 60min_rmse=4.316391 60min_mape=3.832517
[2026-09-10 10:26:28] INFO Epoch 049 | stage=posthoc_calibrator | train_total=1.085307 | train_forecast=1.085307 | train_confidence=0.000000 | train_risk=0.000000 | train_blend=0.000000 | val_total=1.304554 | val_mae=1.301155 | val_rmse=3.441679 | val_mape=2.900154 | val_confidence=0.000000 | val_risk=0.000000 | val_blend=0.000000 | batches=382/47 | seconds=27.87 | lr=[0.0008145062499999999] | cuda_peak_mb=1172.2
[2026-09-10 10:26:28] INFO Val horizons | 15min_mae=1.090273 15min_rmse=2.572639 15min_mape=2.221344 | 30min_mae=1.341717 30min_rmse=3.476047 30min_mape=2.982331 | 60min_mae=1.600943 60min_rmse=4.312391 60min_mape=3.827380
[2026-09-10 10:26:56] INFO Epoch 050 | stage=posthoc_calibrator | train_total=1.084346 | train_forecast=1.084346 | train_confidence=0.000000 | train_risk=0.000000 | train_blend=0.000000 | val_total=1.300574 | val_mae=1.297274 | val_rmse=3.421665 | val_mape=2.874524 | val_confidence=0.000000 | val_risk=0.000000 | val_blend=0.000000 | batches=382/47 | seconds=27.80 | lr=[0.0008145062499999999] | cuda_peak_mb=1173.2
[2026-09-10 10:26:56] INFO Val horizons | 15min_mae=1.087810 15min_rmse=2.567141 15min_mape=2.206417 | 30min_mae=1.337474 30min_rmse=3.460797 30min_mape=2.956027 | 60min_mae=1.596757 60min_rmse=4.278433 60min_mape=3.788028
[2026-09-10 10:26:56] INFO Downstream training finished | best_val_mae=1.296552 | checkpoint=C:\Users\clw\projects\researchRep\STAnchor-BlockMemory\artifacts\cross_dataset_final\pems08_finetuned_router_stgcn_seed42\downstream_best.pt
