[2026-09-17 20:17:18] INFO Downstream start | run=paper_final_joint_context_offset_only_seed42/thesis_only/simple_fusion_retrieval_comparison/metrla/gwn/raw_l1 | device=cuda:0 (requested=cuda:0) | seed=42 | output=D:\projects\researchProjects\TrafficRobustST\STAnchor-BlockMemory\artifacts\paper_final_joint_context_offset_only_seed42\thesis_only\simple_fusion_retrieval_comparison\metrla\gwn\raw_l1
[2026-09-17 20:17:18] INFO Mode | downstream_mode=learned_topk_offset_only_horizon | training_protocol=posthoc_frozen_base | candidate_protocol=weekday_radius1_overlap | candidate_ranking=raw_l1 | candidate_payload=offset_only
[2026-09-17 20:17:18] INFO Downstream initialization | seed=42 | state_hash=a682355d6fe84ee1
[2026-09-17 20:17:18] INFO Frozen base | checkpoint=D:\projects\researchProjects\TrafficRobustST\STAnchor-BlockMemory\artifacts\convergence\downstream_tgge_v3_matched_fulltrain_queue\downstream_tgge_v3_graphwavenet_base_only_fulltrain_seed42\downstream_best.pt | fingerprint=7833628cfbf8cde5
[2026-09-17 20:17:18] INFO Data | steps=34272 | nodes=207 | channels=1 | training_scope=full_train | memory/post_memory/train_selected/val/test=15876/6805/22681/2993/6025
[2026-09-17 20:17:18] INFO Frozen path cache | enabled=True | storage=disk_mmap | train_samples=22681 | val_samples=2993 | allocated_mib=1520.5
[2026-09-17 20:17:18] INFO Bank/retrieval | dataset=metrla_joint_context_offset_only_seed42_epoch34 | events=15876 | nodes=207 | retrieval_dim=64 | event_top_r=32 | node_top_k=12 | key_dtype=float16
[2026-09-17 20:17:18] INFO Frozen path cache | enabled=yes | candidate_ranking=raw_l1 | fill=first_epoch
[2026-09-17 20:17:18] INFO Parameters | downstream_total=309,637 | downstream_trainable=12 | backbone=0 | confidence_head=0 | fusion=12 | frozen_pretrained=958,704
[2026-09-17 20:17:18] INFO Optimization | epochs=10 | batch_size=32 | optimizer=adam | lr=0.0005 | weight_decay=0.0001 | scheduler=step_lr | step_size=10 | gamma=0.500 | confidence_weight=0.000 | patience=20 | early_stopping=disabled
[2026-09-17 20:17:20] INFO Stage start | stage=posthoc_calibrator | epochs=10 | optimizer_lrs=[0.0005]
[2026-09-17 20:21:12] INFO Released raw-L1 context window cache | windows=2048 | frozen_train=22681 | frozen_val=2993
[2026-09-17 20:21:12] INFO Epoch 001 | stage=posthoc_calibrator | train_total=3.020912 | train_forecast=3.020912 | train_confidence=0.000000 | train_risk=0.000000 | train_blend=0.000000 | val_total=2.867636 | val_mae=2.864041 | val_rmse=5.812690 | val_mape=8.179298 | val_confidence=0.000000 | val_risk=0.000000 | val_blend=0.000000 | batches=709/94 | seconds=232.19 | lr=[0.0005] | cuda_peak_mb=311.7
[2026-09-17 20:21:12] INFO Val horizons | 15min_mae=2.549590 15min_rmse=4.950461 15min_mape=6.838408 | 30min_mae=2.894989 30min_rmse=5.859721 30min_mape=8.312474 | 60min_mae=3.323727 60min_rmse=6.869235 60min_mape=10.039039
[2026-09-17 20:21:12] INFO Checkpoint updated | epoch=1 | stage=posthoc_calibrator | best_val_mae=2.864041 | path=D:\projects\researchProjects\TrafficRobustST\STAnchor-BlockMemory\artifacts\paper_final_joint_context_offset_only_seed42\thesis_only\simple_fusion_retrieval_comparison\metrla\gwn\raw_l1\downstream_best.pt
[2026-09-17 20:22:17] INFO Epoch 002 | stage=posthoc_calibrator | train_total=3.017081 | train_forecast=3.017081 | train_confidence=0.000000 | train_risk=0.000000 | train_blend=0.000000 | val_total=2.866114 | val_mae=2.862499 | val_rmse=5.817742 | val_mape=8.186362 | val_confidence=0.000000 | val_risk=0.000000 | val_blend=0.000000 | batches=709/94 | seconds=65.75 | lr=[0.0005] | cuda_peak_mb=97.1
[2026-09-17 20:22:17] INFO Val horizons | 15min_mae=2.548391 15min_rmse=4.951615 15min_mape=6.844257 | 30min_mae=2.893481 30min_rmse=5.864050 30min_mape=8.319976 | 60min_mae=3.322010 60min_rmse=6.878083 60min_mape=10.048145
[2026-09-17 20:22:18] INFO Checkpoint updated | epoch=2 | stage=posthoc_calibrator | best_val_mae=2.862499 | path=D:\projects\researchProjects\TrafficRobustST\STAnchor-BlockMemory\artifacts\paper_final_joint_context_offset_only_seed42\thesis_only\simple_fusion_retrieval_comparison\metrla\gwn\raw_l1\downstream_best.pt
[2026-09-17 20:23:23] INFO Epoch 003 | stage=posthoc_calibrator | train_total=3.015705 | train_forecast=3.015705 | train_confidence=0.000000 | train_risk=0.000000 | train_blend=0.000000 | val_total=2.865503 | val_mae=2.861880 | val_rmse=5.821001 | val_mape=8.191036 | val_confidence=0.000000 | val_risk=0.000000 | val_blend=0.000000 | batches=709/94 | seconds=65.17 | lr=[0.0005] | cuda_peak_mb=97.1
[2026-09-17 20:23:23] INFO Val horizons | 15min_mae=2.547882 15min_rmse=4.952479 15min_mape=6.848045 | 30min_mae=2.892867 30min_rmse=5.866897 30min_mape=8.324965 | 60min_mae=3.321401 60min_rmse=6.883409 60min_mape=10.053963
[2026-09-17 20:23:23] INFO Checkpoint updated | epoch=3 | stage=posthoc_calibrator | best_val_mae=2.861880 | path=D:\projects\researchProjects\TrafficRobustST\STAnchor-BlockMemory\artifacts\paper_final_joint_context_offset_only_seed42\thesis_only\simple_fusion_retrieval_comparison\metrla\gwn\raw_l1\downstream_best.pt
[2026-09-17 20:24:27] INFO Epoch 004 | stage=posthoc_calibrator | train_total=3.015143 | train_forecast=3.015143 | train_confidence=0.000000 | train_risk=0.000000 | train_blend=0.000000 | val_total=2.865247 | val_mae=2.861619 | val_rmse=5.823034 | val_mape=8.193980 | val_confidence=0.000000 | val_risk=0.000000 | val_blend=0.000000 | batches=709/94 | seconds=64.46 | lr=[0.0005] | cuda_peak_mb=97.1
[2026-09-17 20:24:27] INFO Val horizons | 15min_mae=2.547658 15min_rmse=4.953030 15min_mape=6.850305 | 30min_mae=2.892601 30min_rmse=5.868708 30min_mape=8.328161 | 60min_mae=3.321184 60min_rmse=6.886470 60min_mape=10.057421
[2026-09-17 20:24:27] INFO Checkpoint updated | epoch=4 | stage=posthoc_calibrator | best_val_mae=2.861619 | path=D:\projects\researchProjects\TrafficRobustST\STAnchor-BlockMemory\artifacts\paper_final_joint_context_offset_only_seed42\thesis_only\simple_fusion_retrieval_comparison\metrla\gwn\raw_l1\downstream_best.pt
[2026-09-17 20:25:37] INFO Epoch 005 | stage=posthoc_calibrator | train_total=3.014787 | train_forecast=3.014787 | train_confidence=0.000000 | train_risk=0.000000 | train_blend=0.000000 | val_total=2.865134 | val_mae=2.861503 | val_rmse=5.824268 | val_mape=8.195770 | val_confidence=0.000000 | val_risk=0.000000 | val_blend=0.000000 | batches=709/94 | seconds=69.83 | lr=[0.0005] | cuda_peak_mb=97.1
[2026-09-17 20:25:37] INFO Val horizons | 15min_mae=2.547547 15min_rmse=4.953372 15min_mape=6.851661 | 30min_mae=2.892489 30min_rmse=5.869748 30min_mape=8.330015 | 60min_mae=3.321094 60min_rmse=6.888348 60min_mape=10.059587
[2026-09-17 20:25:37] INFO Checkpoint updated | epoch=5 | stage=posthoc_calibrator | best_val_mae=2.861503 | path=D:\projects\researchProjects\TrafficRobustST\STAnchor-BlockMemory\artifacts\paper_final_joint_context_offset_only_seed42\thesis_only\simple_fusion_retrieval_comparison\metrla\gwn\raw_l1\downstream_best.pt
[2026-09-17 20:26:42] INFO Epoch 006 | stage=posthoc_calibrator | train_total=3.014620 | train_forecast=3.014620 | train_confidence=0.000000 | train_risk=0.000000 | train_blend=0.000000 | val_total=2.865090 | val_mae=2.861458 | val_rmse=5.824863 | val_mape=8.196635 | val_confidence=0.000000 | val_risk=0.000000 | val_blend=0.000000 | batches=709/94 | seconds=65.31 | lr=[0.0005] | cuda_peak_mb=97.1
[2026-09-17 20:26:42] INFO Val horizons | 15min_mae=2.547499 15min_rmse=4.953540 15min_mape=6.852317 | 30min_mae=2.892445 30min_rmse=5.870244 30min_mape=8.330899 | 60min_mae=3.321067 60min_rmse=6.889130 60min_mape=10.060498
[2026-09-17 20:26:42] INFO Checkpoint updated | epoch=6 | stage=posthoc_calibrator | best_val_mae=2.861458 | path=D:\projects\researchProjects\TrafficRobustST\STAnchor-BlockMemory\artifacts\paper_final_joint_context_offset_only_seed42\thesis_only\simple_fusion_retrieval_comparison\metrla\gwn\raw_l1\downstream_best.pt
[2026-09-17 20:27:46] INFO Epoch 007 | stage=posthoc_calibrator | train_total=3.014573 | train_forecast=3.014573 | train_confidence=0.000000 | train_risk=0.000000 | train_blend=0.000000 | val_total=2.865075 | val_mae=2.861442 | val_rmse=5.825092 | val_mape=8.196971 | val_confidence=0.000000 | val_risk=0.000000 | val_blend=0.000000 | batches=709/94 | seconds=63.32 | lr=[0.0005] | cuda_peak_mb=97.1
[2026-09-17 20:27:46] INFO Val horizons | 15min_mae=2.547479 15min_rmse=4.953615 15min_mape=6.852606 | 30min_mae=2.892428 30min_rmse=5.870447 30min_mape=8.331262 | 60min_mae=3.321062 60min_rmse=6.889283 60min_mape=10.060677
[2026-09-17 20:27:46] INFO Checkpoint updated | epoch=7 | stage=posthoc_calibrator | best_val_mae=2.861442 | path=D:\projects\researchProjects\TrafficRobustST\STAnchor-BlockMemory\artifacts\paper_final_joint_context_offset_only_seed42\thesis_only\simple_fusion_retrieval_comparison\metrla\gwn\raw_l1\downstream_best.pt
[2026-09-17 20:28:51] INFO Epoch 008 | stage=posthoc_calibrator | train_total=3.014657 | train_forecast=3.014657 | train_confidence=0.000000 | train_risk=0.000000 | train_blend=0.000000 | val_total=2.865067 | val_mae=2.861434 | val_rmse=5.825243 | val_mape=8.197182 | val_confidence=0.000000 | val_risk=0.000000 | val_blend=0.000000 | batches=709/94 | seconds=65.17 | lr=[0.0005] | cuda_peak_mb=97.1
[2026-09-17 20:28:51] INFO Val horizons | 15min_mae=2.547471 15min_rmse=4.953648 15min_mape=6.852736 | 30min_mae=2.892414 30min_rmse=5.870626 30min_mape=8.331583 | 60min_mae=3.321056 60min_rmse=6.889479 60min_mape=10.060906
[2026-09-17 20:28:51] INFO Checkpoint updated | epoch=8 | stage=posthoc_calibrator | best_val_mae=2.861434 | path=D:\projects\researchProjects\TrafficRobustST\STAnchor-BlockMemory\artifacts\paper_final_joint_context_offset_only_seed42\thesis_only\simple_fusion_retrieval_comparison\metrla\gwn\raw_l1\downstream_best.pt
[2026-09-17 20:29:55] INFO Epoch 009 | stage=posthoc_calibrator | train_total=3.014557 | train_forecast=3.014557 | train_confidence=0.000000 | train_risk=0.000000 | train_blend=0.000000 | val_total=2.865062 | val_mae=2.861429 | val_rmse=5.825306 | val_mape=8.197277 | val_confidence=0.000000 | val_risk=0.000000 | val_blend=0.000000 | batches=709/94 | seconds=64.55 | lr=[0.0005] | cuda_peak_mb=97.1
[2026-09-17 20:29:55] INFO Val horizons | 15min_mae=2.547467 15min_rmse=4.953662 15min_mape=6.852788 | 30min_mae=2.892412 30min_rmse=5.870662 30min_mape=8.331647 | 60min_mae=3.321051 60min_rmse=6.889676 60min_mape=10.061137
[2026-09-17 20:29:55] INFO Checkpoint updated | epoch=9 | stage=posthoc_calibrator | best_val_mae=2.861429 | path=D:\projects\researchProjects\TrafficRobustST\STAnchor-BlockMemory\artifacts\paper_final_joint_context_offset_only_seed42\thesis_only\simple_fusion_retrieval_comparison\metrla\gwn\raw_l1\downstream_best.pt
[2026-09-17 20:30:59] INFO Epoch 010 | stage=posthoc_calibrator | train_total=3.014503 | train_forecast=3.014503 | train_confidence=0.000000 | train_risk=0.000000 | train_blend=0.000000 | val_total=2.865061 | val_mae=2.861428 | val_rmse=5.825327 | val_mape=8.197309 | val_confidence=0.000000 | val_risk=0.000000 | val_blend=0.000000 | batches=709/94 | seconds=63.55 | lr=[0.0005] | cuda_peak_mb=97.1
[2026-09-17 20:30:59] INFO Val horizons | 15min_mae=2.547464 15min_rmse=4.953675 15min_mape=6.852839 | 30min_mae=2.892409 30min_rmse=5.870703 30min_mape=8.331720 | 60min_mae=3.321051 60min_rmse=6.889663 60min_mape=10.061121
[2026-09-17 20:30:59] INFO Checkpoint updated | epoch=10 | stage=posthoc_calibrator | best_val_mae=2.861428 | path=D:\projects\researchProjects\TrafficRobustST\STAnchor-BlockMemory\artifacts\paper_final_joint_context_offset_only_seed42\thesis_only\simple_fusion_retrieval_comparison\metrla\gwn\raw_l1\downstream_best.pt
[2026-09-17 20:30:59] INFO Downstream training finished | best_val_mae=2.861428 | checkpoint=D:\projects\researchProjects\TrafficRobustST\STAnchor-BlockMemory\artifacts\paper_final_joint_context_offset_only_seed42\thesis_only\simple_fusion_retrieval_comparison\metrla\gwn\raw_l1\downstream_best.pt
