[2026-09-15 20:28:02] INFO Downstream start | run=paper_final_joint_context_offset_only_seed42/main_table/metrla/ours/st_norm | device=cuda:0 (requested=cuda:0) | seed=42 | output=C:\Users\clw\projects\researchRep\STAnchor-BlockMemory\artifacts\paper_final_joint_context_offset_only_seed42\main_table\metrla\ours\st_norm
[2026-09-15 20:28:02] INFO Mode | downstream_mode=learned_topk_error_aware | training_protocol=posthoc_frozen_base | candidate_protocol=weekday_radius1_overlap | candidate_ranking=learned_key | candidate_payload=offset_only
[2026-09-15 20:28:02] INFO Downstream initialization | seed=42 | state_hash=1b04c3d856da4895
[2026-09-15 20:28:02] INFO Frozen base | checkpoint=C:\Users\clw\projects\researchRep\STAnchor-BlockMemory\artifacts\convergence\formal_20260910_baseonly_st_norm_seed42\downstream_best.pt | fingerprint=f86786cb3485fb10
[2026-09-15 20:28:02] INFO Data | steps=34272 | nodes=207 | channels=1 | training_scope=full_train | memory/post_memory/train_selected/val/test=15876/6805/22681/2993/6025
[2026-09-15 20:28:02] INFO Frozen path cache | enabled=True | storage=disk_mmap | train_samples=22681 | val_samples=2993 | allocated_mib=2818.0
[2026-09-15 20:28:02] INFO Bank/retrieval | dataset=metrla_final_joint_context_offset_only | events=15876 | nodes=207 | retrieval_dim=64 | event_top_r=32 | node_top_k=12 | key_dtype=float16
[2026-09-15 20:28:02] INFO Frozen path cache | enabled=yes | candidate_ranking=learned_key | fill=first_epoch
[2026-09-15 20:28:02] INFO Parameters | downstream_total=927,078 | downstream_trainable=885,085 | backbone=0 | confidence_head=0 | fusion=0 | frozen_pretrained=958,704
[2026-09-15 20:28:02] INFO Optimization | epochs=50 | batch_size=32 | optimizer=adam | lr=0.0005 | weight_decay=0.0001 | scheduler=step_lr | step_size=10 | gamma=0.500 | confidence_weight=0.000 | patience=20 | early_stopping=disabled
[2026-09-15 20:28:03] INFO Stage start | stage=posthoc_calibrator | epochs=50 | optimizer_lrs=[0.0005]
[2026-09-15 20:33:21] INFO Epoch 001 | stage=posthoc_calibrator | train_total=2.993956 | train_forecast=2.993956 | train_confidence=0.000000 | train_risk=0.000000 | train_blend=0.000000 | val_total=2.904006 | val_mae=2.899383 | val_rmse=5.830208 | val_mape=8.283331 | val_confidence=0.000000 | val_risk=0.000000 | val_blend=0.000000 | batches=709/94 | seconds=317.91 | lr=[0.0005] | cuda_peak_mb=3503.9
[2026-09-15 20:33:21] INFO Val horizons | 15min_mae=2.599850 15min_rmse=4.995715 15min_mape=6.940699 | 30min_mae=2.937041 30min_rmse=5.898856 30min_mape=8.462459 | 60min_mae=3.322703 60min_rmse=6.793418 60min_mape=10.026049
[2026-09-15 20:33:21] INFO Checkpoint updated | epoch=1 | stage=posthoc_calibrator | best_val_mae=2.899383 | path=C:\Users\clw\projects\researchRep\STAnchor-BlockMemory\artifacts\paper_final_joint_context_offset_only_seed42\main_table\metrla\ours\st_norm\downstream_best.pt
[2026-09-15 20:35:29] INFO Epoch 002 | stage=posthoc_calibrator | train_total=2.938628 | train_forecast=2.938628 | train_confidence=0.000000 | train_risk=0.000000 | train_blend=0.000000 | val_total=2.891241 | val_mae=2.886926 | val_rmse=5.846392 | val_mape=8.139153 | val_confidence=0.000000 | val_risk=0.000000 | val_blend=0.000000 | batches=709/94 | seconds=128.21 | lr=[0.0005] | cuda_peak_mb=1469.1
[2026-09-15 20:35:29] INFO Val horizons | 15min_mae=2.582956 15min_rmse=4.982274 15min_mape=6.802256 | 30min_mae=2.923436 30min_rmse=5.913707 30min_mape=8.267746 | 60min_mae=3.314023 60min_rmse=6.831762 60min_mape=9.944545
[2026-09-15 20:35:29] INFO Checkpoint updated | epoch=2 | stage=posthoc_calibrator | best_val_mae=2.886926 | path=C:\Users\clw\projects\researchRep\STAnchor-BlockMemory\artifacts\paper_final_joint_context_offset_only_seed42\main_table\metrla\ours\st_norm\downstream_best.pt
[2026-09-15 20:37:37] INFO Epoch 003 | stage=posthoc_calibrator | train_total=2.926619 | train_forecast=2.926619 | train_confidence=0.000000 | train_risk=0.000000 | train_blend=0.000000 | val_total=2.912611 | val_mae=2.908468 | val_rmse=5.837412 | val_mape=8.043180 | val_confidence=0.000000 | val_risk=0.000000 | val_blend=0.000000 | batches=709/94 | seconds=127.35 | lr=[0.0005] | cuda_peak_mb=1468.3
[2026-09-15 20:37:37] INFO Val horizons | 15min_mae=2.592870 15min_rmse=4.969190 15min_mape=6.729083 | 30min_mae=2.944751 30min_rmse=5.898574 30min_mape=8.168844 | 60min_mae=3.352208 60min_rmse=6.838645 60min_mape=9.816933
[2026-09-15 20:39:44] INFO Epoch 004 | stage=posthoc_calibrator | train_total=2.920597 | train_forecast=2.920597 | train_confidence=0.000000 | train_risk=0.000000 | train_blend=0.000000 | val_total=2.892869 | val_mae=2.888717 | val_rmse=5.863977 | val_mape=8.106473 | val_confidence=0.000000 | val_risk=0.000000 | val_blend=0.000000 | batches=709/94 | seconds=127.37 | lr=[0.0005] | cuda_peak_mb=1469.7
[2026-09-15 20:39:44] INFO Val horizons | 15min_mae=2.576524 15min_rmse=4.983408 15min_mape=6.713031 | 30min_mae=2.925042 30min_rmse=5.924706 30min_mape=8.242418 | 60min_mae=3.320927 60min_rmse=6.863753 60min_mape=9.908731
[2026-09-15 20:41:51] INFO Epoch 005 | stage=posthoc_calibrator | train_total=2.915927 | train_forecast=2.915927 | train_confidence=0.000000 | train_risk=0.000000 | train_blend=0.000000 | val_total=2.876180 | val_mae=2.871565 | val_rmse=5.826377 | val_mape=8.126554 | val_confidence=0.000000 | val_risk=0.000000 | val_blend=0.000000 | batches=709/94 | seconds=127.39 | lr=[0.0005] | cuda_peak_mb=1468.3
[2026-09-15 20:41:51] INFO Val horizons | 15min_mae=2.569868 15min_rmse=4.985955 15min_mape=6.762347 | 30min_mae=2.911068 30min_rmse=5.897535 30min_mape=8.272530 | 60min_mae=3.295234 60min_rmse=6.805232 60min_mape=9.934010
[2026-09-15 20:41:51] INFO Checkpoint updated | epoch=5 | stage=posthoc_calibrator | best_val_mae=2.871565 | path=C:\Users\clw\projects\researchRep\STAnchor-BlockMemory\artifacts\paper_final_joint_context_offset_only_seed42\main_table\metrla\ours\st_norm\downstream_best.pt
[2026-09-15 20:43:59] INFO Epoch 006 | stage=posthoc_calibrator | train_total=2.912039 | train_forecast=2.912039 | train_confidence=0.000000 | train_risk=0.000000 | train_blend=0.000000 | val_total=2.866415 | val_mae=2.861768 | val_rmse=5.768174 | val_mape=7.960577 | val_confidence=0.000000 | val_risk=0.000000 | val_blend=0.000000 | batches=709/94 | seconds=127.10 | lr=[0.0005] | cuda_peak_mb=1469.1
[2026-09-15 20:43:59] INFO Val horizons | 15min_mae=2.558698 15min_rmse=4.951820 15min_mape=6.639549 | 30min_mae=2.893727 30min_rmse=5.824404 30min_mape=8.055419 | 60min_mae=3.294192 60min_rmse=6.743707 60min_mape=9.763537
[2026-09-15 20:43:59] INFO Checkpoint updated | epoch=6 | stage=posthoc_calibrator | best_val_mae=2.861768 | path=C:\Users\clw\projects\researchRep\STAnchor-BlockMemory\artifacts\paper_final_joint_context_offset_only_seed42\main_table\metrla\ours\st_norm\downstream_best.pt
[2026-09-15 20:46:05] INFO Epoch 007 | stage=posthoc_calibrator | train_total=2.909786 | train_forecast=2.909786 | train_confidence=0.000000 | train_risk=0.000000 | train_blend=0.000000 | val_total=2.871628 | val_mae=2.866999 | val_rmse=5.784621 | val_mape=8.016642 | val_confidence=0.000000 | val_risk=0.000000 | val_blend=0.000000 | batches=709/94 | seconds=126.85 | lr=[0.0005] | cuda_peak_mb=1468.9
[2026-09-15 20:46:05] INFO Val horizons | 15min_mae=2.558972 15min_rmse=4.941448 15min_mape=6.670165 | 30min_mae=2.897895 30min_rmse=5.832608 30min_mape=8.127595 | 60min_mae=3.307649 60min_rmse=6.786649 60min_mape=9.806026
[2026-09-15 20:48:13] INFO Epoch 008 | stage=posthoc_calibrator | train_total=2.907109 | train_forecast=2.907109 | train_confidence=0.000000 | train_risk=0.000000 | train_blend=0.000000 | val_total=2.876831 | val_mae=2.872161 | val_rmse=5.836221 | val_mape=8.133785 | val_confidence=0.000000 | val_risk=0.000000 | val_blend=0.000000 | batches=709/94 | seconds=127.46 | lr=[0.0005] | cuda_peak_mb=1469.1
[2026-09-15 20:48:13] INFO Val horizons | 15min_mae=2.565715 15min_rmse=4.974038 15min_mape=6.742710 | 30min_mae=2.906717 30min_rmse=5.897532 30min_mape=8.249754 | 60min_mae=3.304281 60min_rmse=6.830847 60min_mape=9.975705
[2026-09-15 20:50:21] INFO Epoch 009 | stage=posthoc_calibrator | train_total=2.905732 | train_forecast=2.905732 | train_confidence=0.000000 | train_risk=0.000000 | train_blend=0.000000 | val_total=2.886737 | val_mae=2.882376 | val_rmse=5.880111 | val_mape=8.145504 | val_confidence=0.000000 | val_risk=0.000000 | val_blend=0.000000 | batches=709/94 | seconds=127.62 | lr=[0.0005] | cuda_peak_mb=1468.8
[2026-09-15 20:50:21] INFO Val horizons | 15min_mae=2.566307 15min_rmse=4.981547 15min_mape=6.692903 | 30min_mae=2.918219 30min_rmse=5.942330 30min_mape=8.243208 | 60min_mae=3.323868 60min_rmse=6.906517 60min_mape=10.109578
[2026-09-15 20:52:28] INFO Epoch 010 | stage=posthoc_calibrator | train_total=2.903296 | train_forecast=2.903296 | train_confidence=0.000000 | train_risk=0.000000 | train_blend=0.000000 | val_total=2.879801 | val_mae=2.875751 | val_rmse=5.830865 | val_mape=7.916772 | val_confidence=0.000000 | val_risk=0.000000 | val_blend=0.000000 | batches=709/94 | seconds=127.61 | lr=[0.0005] | cuda_peak_mb=1469.6
[2026-09-15 20:52:28] INFO Val horizons | 15min_mae=2.562831 15min_rmse=4.968222 15min_mape=6.567848 | 30min_mae=2.912179 30min_rmse=5.893280 30min_mape=8.010755 | 60min_mae=3.314711 60min_rmse=6.834557 60min_mape=9.719026
[2026-09-15 20:54:35] INFO Epoch 011 | stage=posthoc_calibrator | train_total=2.897637 | train_forecast=2.897637 | train_confidence=0.000000 | train_risk=0.000000 | train_blend=0.000000 | val_total=2.868694 | val_mae=2.864083 | val_rmse=5.816952 | val_mape=8.047549 | val_confidence=0.000000 | val_risk=0.000000 | val_blend=0.000000 | batches=709/94 | seconds=127.30 | lr=[0.00025] | cuda_peak_mb=1468.5
[2026-09-15 20:54:35] INFO Val horizons | 15min_mae=2.557450 15min_rmse=4.962787 15min_mape=6.736180 | 30min_mae=2.899357 30min_rmse=5.881043 30min_mape=8.185414 | 60min_mae=3.298771 60min_rmse=6.814559 60min_mape=9.821364
[2026-09-15 20:56:43] INFO Epoch 012 | stage=posthoc_calibrator | train_total=2.896237 | train_forecast=2.896237 | train_confidence=0.000000 | train_risk=0.000000 | train_blend=0.000000 | val_total=2.871112 | val_mae=2.866551 | val_rmse=5.812548 | val_mape=8.079898 | val_confidence=0.000000 | val_risk=0.000000 | val_blend=0.000000 | batches=709/94 | seconds=127.39 | lr=[0.00025] | cuda_peak_mb=1469.5
[2026-09-15 20:56:43] INFO Val horizons | 15min_mae=2.557968 15min_rmse=4.960247 15min_mape=6.752406 | 30min_mae=2.902295 30min_rmse=5.880090 30min_mape=8.222076 | 60min_mae=3.301897 60min_rmse=6.796331 60min_mape=9.842138
[2026-09-15 20:58:50] INFO Epoch 013 | stage=posthoc_calibrator | train_total=2.895265 | train_forecast=2.895265 | train_confidence=0.000000 | train_risk=0.000000 | train_blend=0.000000 | val_total=2.867160 | val_mae=2.862701 | val_rmse=5.832644 | val_mape=7.968671 | val_confidence=0.000000 | val_risk=0.000000 | val_blend=0.000000 | batches=709/94 | seconds=127.54 | lr=[0.00025] | cuda_peak_mb=1469.6
[2026-09-15 20:58:50] INFO Val horizons | 15min_mae=2.549369 15min_rmse=4.958699 15min_mape=6.562437 | 30min_mae=2.895792 30min_rmse=5.885334 30min_mape=8.050778 | 60min_mae=3.303967 60min_rmse=6.851232 60min_mape=9.850602
[2026-09-15 21:00:58] INFO Epoch 014 | stage=posthoc_calibrator | train_total=2.895022 | train_forecast=2.895022 | train_confidence=0.000000 | train_risk=0.000000 | train_blend=0.000000 | val_total=2.857743 | val_mae=2.852988 | val_rmse=5.812441 | val_mape=8.057229 | val_confidence=0.000000 | val_risk=0.000000 | val_blend=0.000000 | batches=709/94 | seconds=127.24 | lr=[0.00025] | cuda_peak_mb=1468.5
[2026-09-15 21:00:58] INFO Val horizons | 15min_mae=2.543963 15min_rmse=4.950072 15min_mape=6.668554 | 30min_mae=2.885690 30min_rmse=5.868520 30min_mape=8.168342 | 60min_mae=3.289687 60min_rmse=6.818071 60min_mape=9.908939
[2026-09-15 21:00:58] INFO Checkpoint updated | epoch=14 | stage=posthoc_calibrator | best_val_mae=2.852988 | path=C:\Users\clw\projects\researchRep\STAnchor-BlockMemory\artifacts\paper_final_joint_context_offset_only_seed42\main_table\metrla\ours\st_norm\downstream_best.pt
[2026-09-15 21:03:05] INFO Epoch 015 | stage=posthoc_calibrator | train_total=2.894112 | train_forecast=2.894112 | train_confidence=0.000000 | train_risk=0.000000 | train_blend=0.000000 | val_total=2.870411 | val_mae=2.865814 | val_rmse=5.821007 | val_mape=8.068841 | val_confidence=0.000000 | val_risk=0.000000 | val_blend=0.000000 | batches=709/94 | seconds=127.13 | lr=[0.00025] | cuda_peak_mb=1469.5
[2026-09-15 21:03:05] INFO Val horizons | 15min_mae=2.553757 15min_rmse=4.965047 15min_mape=6.732612 | 30min_mae=2.898403 30min_rmse=5.886148 30min_mape=8.211463 | 60min_mae=3.309134 60min_rmse=6.817814 60min_mape=9.851106
[2026-09-15 21:05:11] INFO Epoch 016 | stage=posthoc_calibrator | train_total=2.892849 | train_forecast=2.892849 | train_confidence=0.000000 | train_risk=0.000000 | train_blend=0.000000 | val_total=2.863924 | val_mae=2.859278 | val_rmse=5.800092 | val_mape=8.058146 | val_confidence=0.000000 | val_risk=0.000000 | val_blend=0.000000 | batches=709/94 | seconds=126.28 | lr=[0.00025] | cuda_peak_mb=1469.6
[2026-09-15 21:05:11] INFO Val horizons | 15min_mae=2.546590 15min_rmse=4.936397 15min_mape=6.684517 | 30min_mae=2.893337 30min_rmse=5.855760 30min_mape=8.191996 | 60min_mae=3.297655 60min_rmse=6.803922 60min_mape=9.869943
[2026-09-15 21:07:17] INFO Epoch 017 | stage=posthoc_calibrator | train_total=2.892535 | train_forecast=2.892535 | train_confidence=0.000000 | train_risk=0.000000 | train_blend=0.000000 | val_total=2.859288 | val_mae=2.854662 | val_rmse=5.813790 | val_mape=7.951764 | val_confidence=0.000000 | val_risk=0.000000 | val_blend=0.000000 | batches=709/94 | seconds=126.20 | lr=[0.00025] | cuda_peak_mb=1468.5
[2026-09-15 21:07:17] INFO Val horizons | 15min_mae=2.540027 15min_rmse=4.946849 15min_mape=6.561351 | 30min_mae=2.885561 30min_rmse=5.865004 30min_mape=8.030294 | 60min_mae=3.296658 60min_rmse=6.824053 60min_mape=9.828179
[2026-09-15 21:09:23] INFO Epoch 018 | stage=posthoc_calibrator | train_total=2.891668 | train_forecast=2.891668 | train_confidence=0.000000 | train_risk=0.000000 | train_blend=0.000000 | val_total=2.871288 | val_mae=2.866997 | val_rmse=5.823097 | val_mape=7.933076 | val_confidence=0.000000 | val_risk=0.000000 | val_blend=0.000000 | batches=709/94 | seconds=126.03 | lr=[0.00025] | cuda_peak_mb=1469.5
[2026-09-15 21:09:23] INFO Val horizons | 15min_mae=2.550472 15min_rmse=4.947243 15min_mape=6.619484 | 30min_mae=2.901405 30min_rmse=5.881255 30min_mape=8.049379 | 60min_mae=3.310369 60min_rmse=6.836117 60min_mape=9.694506
[2026-09-15 21:11:30] INFO Epoch 019 | stage=posthoc_calibrator | train_total=2.890974 | train_forecast=2.890974 | train_confidence=0.000000 | train_risk=0.000000 | train_blend=0.000000 | val_total=2.863790 | val_mae=2.859047 | val_rmse=5.813391 | val_mape=8.010372 | val_confidence=0.000000 | val_risk=0.000000 | val_blend=0.000000 | batches=709/94 | seconds=126.29 | lr=[0.00025] | cuda_peak_mb=1469.6
[2026-09-15 21:11:30] INFO Val horizons | 15min_mae=2.545649 15min_rmse=4.938523 15min_mape=6.646047 | 30min_mae=2.891964 30min_rmse=5.864338 30min_mape=8.114696 | 60min_mae=3.298903 60min_rmse=6.828172 60min_mape=9.829902
[2026-09-15 21:13:35] INFO Epoch 020 | stage=posthoc_calibrator | train_total=2.890594 | train_forecast=2.890594 | train_confidence=0.000000 | train_risk=0.000000 | train_blend=0.000000 | val_total=2.859193 | val_mae=2.854415 | val_rmse=5.797160 | val_mape=8.031997 | val_confidence=0.000000 | val_risk=0.000000 | val_blend=0.000000 | batches=709/94 | seconds=125.66 | lr=[0.00025] | cuda_peak_mb=1468.5
[2026-09-15 21:13:35] INFO Val horizons | 15min_mae=2.543733 15min_rmse=4.935089 15min_mape=6.642044 | 30min_mae=2.884893 30min_rmse=5.845296 30min_mape=8.106907 | 60min_mae=3.294423 60min_rmse=6.808399 60min_mape=9.932308
[2026-09-15 21:15:41] INFO Epoch 021 | stage=posthoc_calibrator | train_total=2.887676 | train_forecast=2.887676 | train_confidence=0.000000 | train_risk=0.000000 | train_blend=0.000000 | val_total=2.863919 | val_mae=2.859389 | val_rmse=5.827985 | val_mape=7.997229 | val_confidence=0.000000 | val_risk=0.000000 | val_blend=0.000000 | batches=709/94 | seconds=125.69 | lr=[0.000125] | cuda_peak_mb=1469.5
[2026-09-15 21:15:41] INFO Val horizons | 15min_mae=2.541759 15min_rmse=4.945296 15min_mape=6.607478 | 30min_mae=2.890415 30min_rmse=5.880905 30min_mape=8.102748 | 60min_mae=3.305158 60min_rmse=6.846099 60min_mape=9.836182
[2026-09-15 21:17:47] INFO Epoch 022 | stage=posthoc_calibrator | train_total=2.887167 | train_forecast=2.887167 | train_confidence=0.000000 | train_risk=0.000000 | train_blend=0.000000 | val_total=2.867817 | val_mae=2.863162 | val_rmse=5.845589 | val_mape=8.109750 | val_confidence=0.000000 | val_risk=0.000000 | val_blend=0.000000 | batches=709/94 | seconds=126.16 | lr=[0.000125] | cuda_peak_mb=1469.6
[2026-09-15 21:17:47] INFO Val horizons | 15min_mae=2.547370 15min_rmse=4.959303 15min_mape=6.705302 | 30min_mae=2.897553 30min_rmse=5.909301 30min_mape=8.242206 | 60min_mae=3.303541 60min_rmse=6.856060 60min_mape=9.946702
[2026-09-15 21:19:53] INFO Epoch 023 | stage=posthoc_calibrator | train_total=2.886750 | train_forecast=2.886750 | train_confidence=0.000000 | train_risk=0.000000 | train_blend=0.000000 | val_total=2.858819 | val_mae=2.854277 | val_rmse=5.826451 | val_mape=7.936895 | val_confidence=0.000000 | val_risk=0.000000 | val_blend=0.000000 | batches=709/94 | seconds=125.74 | lr=[0.000125] | cuda_peak_mb=1468.5
[2026-09-15 21:19:53] INFO Val horizons | 15min_mae=2.538500 15min_rmse=4.948503 15min_mape=6.573469 | 30min_mae=2.885101 30min_rmse=5.880071 30min_mape=8.026650 | 60min_mae=3.297497 60min_rmse=6.842679 60min_mape=9.774190
[2026-09-15 21:21:58] INFO Epoch 024 | stage=posthoc_calibrator | train_total=2.886207 | train_forecast=2.886207 | train_confidence=0.000000 | train_risk=0.000000 | train_blend=0.000000 | val_total=2.860939 | val_mae=2.856428 | val_rmse=5.830302 | val_mape=8.016649 | val_confidence=0.000000 | val_risk=0.000000 | val_blend=0.000000 | batches=709/94 | seconds=125.60 | lr=[0.000125] | cuda_peak_mb=1469.5
[2026-09-15 21:21:58] INFO Val horizons | 15min_mae=2.541438 15min_rmse=4.950099 15min_mape=6.632265 | 30min_mae=2.889330 30min_rmse=5.889344 30min_mape=8.130504 | 60min_mae=3.297875 60min_rmse=6.841357 60min_mape=9.838646
[2026-09-15 21:24:04] INFO Epoch 025 | stage=posthoc_calibrator | train_total=2.886330 | train_forecast=2.886330 | train_confidence=0.000000 | train_risk=0.000000 | train_blend=0.000000 | val_total=2.860413 | val_mae=2.855736 | val_rmse=5.817811 | val_mape=8.017425 | val_confidence=0.000000 | val_risk=0.000000 | val_blend=0.000000 | batches=709/94 | seconds=125.74 | lr=[0.000125] | cuda_peak_mb=1469.6
[2026-09-15 21:24:04] INFO Val horizons | 15min_mae=2.541885 15min_rmse=4.939654 15min_mape=6.656381 | 30min_mae=2.887233 30min_rmse=5.873910 30min_mape=8.133565 | 60min_mae=3.298244 60min_rmse=6.830189 60min_mape=9.825765
[2026-09-15 21:26:10] INFO Epoch 026 | stage=posthoc_calibrator | train_total=2.885731 | train_forecast=2.885731 | train_confidence=0.000000 | train_risk=0.000000 | train_blend=0.000000 | val_total=2.864686 | val_mae=2.860156 | val_rmse=5.823612 | val_mape=8.058029 | val_confidence=0.000000 | val_risk=0.000000 | val_blend=0.000000 | batches=709/94 | seconds=125.76 | lr=[0.000125] | cuda_peak_mb=1469.5
[2026-09-15 21:26:10] INFO Val horizons | 15min_mae=2.544476 15min_rmse=4.942415 15min_mape=6.682962 | 30min_mae=2.892758 30min_rmse=5.881595 30min_mape=8.184667 | 60min_mae=3.303785 60min_rmse=6.836070 60min_mape=9.869192
[2026-09-15 21:28:16] INFO Epoch 027 | stage=posthoc_calibrator | train_total=2.885668 | train_forecast=2.885668 | train_confidence=0.000000 | train_risk=0.000000 | train_blend=0.000000 | val_total=2.856520 | val_mae=2.851810 | val_rmse=5.801002 | val_mape=7.975436 | val_confidence=0.000000 | val_risk=0.000000 | val_blend=0.000000 | batches=709/94 | seconds=125.92 | lr=[0.000125] | cuda_peak_mb=1468.5
[2026-09-15 21:28:16] INFO Val horizons | 15min_mae=2.536966 15min_rmse=4.930830 15min_mape=6.601883 | 30min_mae=2.882245 30min_rmse=5.854298 30min_mape=8.076907 | 60min_mae=3.294037 60min_rmse=6.806567 60min_mape=9.798335
[2026-09-15 21:28:16] INFO Checkpoint updated | epoch=27 | stage=posthoc_calibrator | best_val_mae=2.851810 | path=C:\Users\clw\projects\researchRep\STAnchor-BlockMemory\artifacts\paper_final_joint_context_offset_only_seed42\main_table\metrla\ours\st_norm\downstream_best.pt
[2026-09-15 21:30:22] INFO Epoch 028 | stage=posthoc_calibrator | train_total=2.885094 | train_forecast=2.885094 | train_confidence=0.000000 | train_risk=0.000000 | train_blend=0.000000 | val_total=2.864786 | val_mae=2.860286 | val_rmse=5.834737 | val_mape=8.047553 | val_confidence=0.000000 | val_risk=0.000000 | val_blend=0.000000 | batches=709/94 | seconds=125.99 | lr=[0.000125] | cuda_peak_mb=1469.6
[2026-09-15 21:30:22] INFO Val horizons | 15min_mae=2.544334 15min_rmse=4.947449 15min_mape=6.655494 | 30min_mae=2.894146 30min_rmse=5.892303 30min_mape=8.155902 | 60min_mae=3.303215 60min_rmse=6.854069 60min_mape=9.896539
[2026-09-15 21:32:28] INFO Epoch 029 | stage=posthoc_calibrator | train_total=2.885028 | train_forecast=2.885028 | train_confidence=0.000000 | train_risk=0.000000 | train_blend=0.000000 | val_total=2.860237 | val_mae=2.855748 | val_rmse=5.818381 | val_mape=8.004471 | val_confidence=0.000000 | val_risk=0.000000 | val_blend=0.000000 | batches=709/94 | seconds=126.37 | lr=[0.000125] | cuda_peak_mb=1469.6
[2026-09-15 21:32:28] INFO Val horizons | 15min_mae=2.538547 15min_rmse=4.933516 15min_mape=6.628664 | 30min_mae=2.887486 30min_rmse=5.868521 30min_mape=8.105177 | 60min_mae=3.301875 60min_rmse=6.845182 60min_mape=9.859874
[2026-09-15 21:34:34] INFO Epoch 030 | stage=posthoc_calibrator | train_total=2.884701 | train_forecast=2.884701 | train_confidence=0.000000 | train_risk=0.000000 | train_blend=0.000000 | val_total=2.861018 | val_mae=2.856519 | val_rmse=5.828391 | val_mape=8.017617 | val_confidence=0.000000 | val_risk=0.000000 | val_blend=0.000000 | batches=709/94 | seconds=125.96 | lr=[0.000125] | cuda_peak_mb=1468.5
[2026-09-15 21:34:34] INFO Val horizons | 15min_mae=2.540611 15min_rmse=4.942471 15min_mape=6.645322 | 30min_mae=2.888122 30min_rmse=5.878686 30min_mape=8.121138 | 60min_mae=3.299457 60min_rmse=6.850098 60min_mape=9.850627
[2026-09-15 21:36:40] INFO Epoch 031 | stage=posthoc_calibrator | train_total=2.882785 | train_forecast=2.882785 | train_confidence=0.000000 | train_risk=0.000000 | train_blend=0.000000 | val_total=2.861037 | val_mae=2.856419 | val_rmse=5.821113 | val_mape=8.019645 | val_confidence=0.000000 | val_risk=0.000000 | val_blend=0.000000 | batches=709/94 | seconds=125.99 | lr=[6.25e-05] | cuda_peak_mb=1469.6
[2026-09-15 21:36:40] INFO Val horizons | 15min_mae=2.540819 15min_rmse=4.942173 15min_mape=6.649386 | 30min_mae=2.888161 30min_rmse=5.877777 30min_mape=8.134379 | 60min_mae=3.299210 60min_rmse=6.833121 60min_mape=9.840405
[2026-09-15 21:38:46] INFO Epoch 032 | stage=posthoc_calibrator | train_total=2.882786 | train_forecast=2.882786 | train_confidence=0.000000 | train_risk=0.000000 | train_blend=0.000000 | val_total=2.862422 | val_mae=2.857824 | val_rmse=5.814187 | val_mape=7.982614 | val_confidence=0.000000 | val_risk=0.000000 | val_blend=0.000000 | batches=709/94 | seconds=125.85 | lr=[6.25e-05] | cuda_peak_mb=1469.6
[2026-09-15 21:38:46] INFO Val horizons | 15min_mae=2.539728 15min_rmse=4.930313 15min_mape=6.615348 | 30min_mae=2.888529 30min_rmse=5.865913 30min_mape=8.071338 | 60min_mae=3.303635 60min_rmse=6.834456 60min_mape=9.831388
[2026-09-15 21:40:52] INFO Epoch 033 | stage=posthoc_calibrator | train_total=2.882380 | train_forecast=2.882380 | train_confidence=0.000000 | train_risk=0.000000 | train_blend=0.000000 | val_total=2.855743 | val_mae=2.851089 | val_rmse=5.805857 | val_mape=7.982993 | val_confidence=0.000000 | val_risk=0.000000 | val_blend=0.000000 | batches=709/94 | seconds=125.71 | lr=[6.25e-05] | cuda_peak_mb=1468.5
[2026-09-15 21:40:52] INFO Val horizons | 15min_mae=2.535966 15min_rmse=4.929622 15min_mape=6.604116 | 30min_mae=2.881825 30min_rmse=5.857050 30min_mape=8.086658 | 60min_mae=3.294353 60min_rmse=6.820325 60min_mape=9.817240
[2026-09-15 21:40:52] INFO Checkpoint updated | epoch=33 | stage=posthoc_calibrator | best_val_mae=2.851089 | path=C:\Users\clw\projects\researchRep\STAnchor-BlockMemory\artifacts\paper_final_joint_context_offset_only_seed42\main_table\metrla\ours\st_norm\downstream_best.pt
[2026-09-15 21:42:58] INFO Epoch 034 | stage=posthoc_calibrator | train_total=2.882354 | train_forecast=2.882354 | train_confidence=0.000000 | train_risk=0.000000 | train_blend=0.000000 | val_total=2.859457 | val_mae=2.854908 | val_rmse=5.817955 | val_mape=7.953401 | val_confidence=0.000000 | val_risk=0.000000 | val_blend=0.000000 | batches=709/94 | seconds=126.08 | lr=[6.25e-05] | cuda_peak_mb=1469.6
[2026-09-15 21:42:58] INFO Val horizons | 15min_mae=2.537940 15min_rmse=4.935213 15min_mape=6.591650 | 30min_mae=2.886166 30min_rmse=5.868425 30min_mape=8.047549 | 60min_mae=3.299263 60min_rmse=6.837220 60min_mape=9.780136
[2026-09-15 21:45:04] INFO Epoch 035 | stage=posthoc_calibrator | train_total=2.882112 | train_forecast=2.882112 | train_confidence=0.000000 | train_risk=0.000000 | train_blend=0.000000 | val_total=2.857057 | val_mae=2.852412 | val_rmse=5.809702 | val_mape=8.015004 | val_confidence=0.000000 | val_risk=0.000000 | val_blend=0.000000 | batches=709/94 | seconds=125.76 | lr=[6.25e-05] | cuda_peak_mb=1469.6
[2026-09-15 21:45:04] INFO Val horizons | 15min_mae=2.538950 15min_rmse=4.933745 15min_mape=6.658718 | 30min_mae=2.883414 30min_rmse=5.857314 30min_mape=8.121950 | 60min_mae=3.293391 60min_rmse=6.826725 60min_mape=9.826945
[2026-09-15 21:47:10] INFO Epoch 036 | stage=posthoc_calibrator | train_total=2.882020 | train_forecast=2.882020 | train_confidence=0.000000 | train_risk=0.000000 | train_blend=0.000000 | val_total=2.862390 | val_mae=2.857947 | val_rmse=5.836047 | val_mape=7.998713 | val_confidence=0.000000 | val_risk=0.000000 | val_blend=0.000000 | batches=709/94 | seconds=126.02 | lr=[6.25e-05] | cuda_peak_mb=1468.5
[2026-09-15 21:47:10] INFO Val horizons | 15min_mae=2.539580 15min_rmse=4.947958 15min_mape=6.619891 | 30min_mae=2.889562 30min_rmse=5.889666 30min_mape=8.094751 | 60min_mae=3.304163 60min_rmse=6.860696 60min_mape=9.860680
[2026-09-15 21:49:16] INFO Epoch 037 | stage=posthoc_calibrator | train_total=2.881880 | train_forecast=2.881880 | train_confidence=0.000000 | train_risk=0.000000 | train_blend=0.000000 | val_total=2.853301 | val_mae=2.848604 | val_rmse=5.812924 | val_mape=7.973189 | val_confidence=0.000000 | val_risk=0.000000 | val_blend=0.000000 | batches=709/94 | seconds=125.97 | lr=[6.25e-05] | cuda_peak_mb=1469.6
[2026-09-15 21:49:16] INFO Val horizons | 15min_mae=2.535663 15min_rmse=4.941826 15min_mape=6.598666 | 30min_mae=2.880339 30min_rmse=5.870791 30min_mape=8.080018 | 60min_mae=3.288568 60min_rmse=6.820706 60min_mape=9.803997
[2026-09-15 21:49:16] INFO Checkpoint updated | epoch=37 | stage=posthoc_calibrator | best_val_mae=2.848604 | path=C:\Users\clw\projects\researchRep\STAnchor-BlockMemory\artifacts\paper_final_joint_context_offset_only_seed42\main_table\metrla\ours\st_norm\downstream_best.pt
[2026-09-15 21:51:22] INFO Epoch 038 | stage=posthoc_calibrator | train_total=2.881754 | train_forecast=2.881754 | train_confidence=0.000000 | train_risk=0.000000 | train_blend=0.000000 | val_total=2.859235 | val_mae=2.854657 | val_rmse=5.827325 | val_mape=7.978530 | val_confidence=0.000000 | val_risk=0.000000 | val_blend=0.000000 | batches=709/94 | seconds=125.97 | lr=[6.25e-05] | cuda_peak_mb=1469.6
[2026-09-15 21:51:22] INFO Val horizons | 15min_mae=2.540641 15min_rmse=4.944669 15min_mape=6.628040 | 30min_mae=2.887490 30min_rmse=5.886160 30min_mape=8.089415 | 60min_mae=3.294350 60min_rmse=6.840473 60min_mape=9.788660
[2026-09-15 21:53:28] INFO Epoch 039 | stage=posthoc_calibrator | train_total=2.881809 | train_forecast=2.881809 | train_confidence=0.000000 | train_risk=0.000000 | train_blend=0.000000 | val_total=2.852586 | val_mae=2.847873 | val_rmse=5.814542 | val_mape=7.985775 | val_confidence=0.000000 | val_risk=0.000000 | val_blend=0.000000 | batches=709/94 | seconds=125.90 | lr=[6.25e-05] | cuda_peak_mb=1468.5
[2026-09-15 21:53:28] INFO Val horizons | 15min_mae=2.533564 15min_rmse=4.936500 15min_mape=6.568999 | 30min_mae=2.878166 30min_rmse=5.862682 30min_mape=8.061202 | 60min_mae=3.289464 60min_rmse=6.836069 60min_mape=9.889205
[2026-09-15 21:53:28] INFO Checkpoint updated | epoch=39 | stage=posthoc_calibrator | best_val_mae=2.847873 | path=C:\Users\clw\projects\researchRep\STAnchor-BlockMemory\artifacts\paper_final_joint_context_offset_only_seed42\main_table\metrla\ours\st_norm\downstream_best.pt
[2026-09-15 21:55:34] INFO Epoch 040 | stage=posthoc_calibrator | train_total=2.881643 | train_forecast=2.881643 | train_confidence=0.000000 | train_risk=0.000000 | train_blend=0.000000 | val_total=2.860098 | val_mae=2.855541 | val_rmse=5.820939 | val_mape=7.981662 | val_confidence=0.000000 | val_risk=0.000000 | val_blend=0.000000 | batches=709/94 | seconds=125.88 | lr=[6.25e-05] | cuda_peak_mb=1469.6
[2026-09-15 21:55:34] INFO Val horizons | 15min_mae=2.540285 15min_rmse=4.940280 15min_mape=6.628170 | 30min_mae=2.888856 30min_rmse=5.881070 30min_mape=8.091282 | 60min_mae=3.296443 60min_rmse=6.833322 60min_mape=9.802631
[2026-09-15 21:57:39] INFO Epoch 041 | stage=posthoc_calibrator | train_total=2.880496 | train_forecast=2.880496 | train_confidence=0.000000 | train_risk=0.000000 | train_blend=0.000000 | val_total=2.859487 | val_mae=2.854938 | val_rmse=5.824283 | val_mape=8.008296 | val_confidence=0.000000 | val_risk=0.000000 | val_blend=0.000000 | batches=709/94 | seconds=125.92 | lr=[3.125e-05] | cuda_peak_mb=1469.6
[2026-09-15 21:57:39] INFO Val horizons | 15min_mae=2.537470 15min_rmse=4.936728 15min_mape=6.619396 | 30min_mae=2.885678 30min_rmse=5.873455 30min_mape=8.105345 | 60min_mae=3.299983 60min_rmse=6.846004 60min_mape=9.856842
[2026-09-15 21:59:45] INFO Epoch 042 | stage=posthoc_calibrator | train_total=2.880378 | train_forecast=2.880378 | train_confidence=0.000000 | train_risk=0.000000 | train_blend=0.000000 | val_total=2.859087 | val_mae=2.854546 | val_rmse=5.830052 | val_mape=7.998464 | val_confidence=0.000000 | val_risk=0.000000 | val_blend=0.000000 | batches=709/94 | seconds=125.83 | lr=[3.125e-05] | cuda_peak_mb=1468.5
[2026-09-15 21:59:45] INFO Val horizons | 15min_mae=2.538461 15min_rmse=4.943067 15min_mape=6.623907 | 30min_mae=2.886688 30min_rmse=5.886074 30min_mape=8.100342 | 60min_mae=3.297478 60min_rmse=6.849178 60min_mape=9.840410
[2026-09-15 22:01:51] INFO Epoch 043 | stage=posthoc_calibrator | train_total=2.880512 | train_forecast=2.880512 | train_confidence=0.000000 | train_risk=0.000000 | train_blend=0.000000 | val_total=2.856645 | val_mae=2.852032 | val_rmse=5.806488 | val_mape=7.994602 | val_confidence=0.000000 | val_risk=0.000000 | val_blend=0.000000 | batches=709/94 | seconds=125.85 | lr=[3.125e-05] | cuda_peak_mb=1469.6
[2026-09-15 22:01:51] INFO Val horizons | 15min_mae=2.537403 15min_rmse=4.933391 15min_mape=6.619409 | 30min_mae=2.883308 30min_rmse=5.859370 30min_mape=8.094635 | 60min_mae=3.294628 60min_rmse=6.819489 60min_mape=9.840294
[2026-09-15 22:03:57] INFO Epoch 044 | stage=posthoc_calibrator | train_total=2.880335 | train_forecast=2.880335 | train_confidence=0.000000 | train_risk=0.000000 | train_blend=0.000000 | val_total=2.857497 | val_mae=2.852866 | val_rmse=5.819747 | val_mape=8.017838 | val_confidence=0.000000 | val_risk=0.000000 | val_blend=0.000000 | batches=709/94 | seconds=125.90 | lr=[3.125e-05] | cuda_peak_mb=1469.6
[2026-09-15 22:03:57] INFO Val horizons | 15min_mae=2.537927 15min_rmse=4.942120 15min_mape=6.642114 | 30min_mae=2.884373 30min_rmse=5.874061 30min_mape=8.123021 | 60min_mae=3.295020 60min_rmse=6.833495 60min_mape=9.860018
[2026-09-15 22:06:03] INFO Epoch 045 | stage=posthoc_calibrator | train_total=2.880429 | train_forecast=2.880429 | train_confidence=0.000000 | train_risk=0.000000 | train_blend=0.000000 | val_total=2.859842 | val_mae=2.855349 | val_rmse=5.817773 | val_mape=7.967915 | val_confidence=0.000000 | val_risk=0.000000 | val_blend=0.000000 | batches=709/94 | seconds=126.07 | lr=[3.125e-05] | cuda_peak_mb=1468.5
[2026-09-15 22:06:03] INFO Val horizons | 15min_mae=2.538960 15min_rmse=4.938179 15min_mape=6.601836 | 30min_mae=2.887236 30min_rmse=5.872353 30min_mape=8.057874 | 60min_mae=3.299253 60min_rmse=6.834538 60min_mape=9.815646
[2026-09-15 22:08:09] INFO Epoch 046 | stage=posthoc_calibrator | train_total=2.880395 | train_forecast=2.880395 | train_confidence=0.000000 | train_risk=0.000000 | train_blend=0.000000 | val_total=2.861250 | val_mae=2.856708 | val_rmse=5.823083 | val_mape=7.988124 | val_confidence=0.000000 | val_risk=0.000000 | val_blend=0.000000 | batches=709/94 | seconds=125.68 | lr=[3.125e-05] | cuda_peak_mb=1469.6
[2026-09-15 22:08:09] INFO Val horizons | 15min_mae=2.538518 15min_rmse=4.941096 15min_mape=6.629408 | 30min_mae=2.887516 30min_rmse=5.876935 30min_mape=8.095627 | 60min_mae=3.303447 60min_rmse=6.840668 60min_mape=9.802994
[2026-09-15 22:10:15] INFO Epoch 047 | stage=posthoc_calibrator | train_total=2.880055 | train_forecast=2.880055 | train_confidence=0.000000 | train_risk=0.000000 | train_blend=0.000000 | val_total=2.856266 | val_mae=2.851700 | val_rmse=5.810038 | val_mape=7.961157 | val_confidence=0.000000 | val_risk=0.000000 | val_blend=0.000000 | batches=709/94 | seconds=125.81 | lr=[3.125e-05] | cuda_peak_mb=1469.6
[2026-09-15 22:10:15] INFO Val horizons | 15min_mae=2.536050 15min_rmse=4.935706 15min_mape=6.598683 | 30min_mae=2.882501 30min_rmse=5.862942 30min_mape=8.059802 | 60min_mae=3.295728 60min_rmse=6.822957 60min_mape=9.783612
[2026-09-15 22:12:20] INFO Epoch 048 | stage=posthoc_calibrator | train_total=2.879997 | train_forecast=2.879997 | train_confidence=0.000000 | train_risk=0.000000 | train_blend=0.000000 | val_total=2.866531 | val_mae=2.862126 | val_rmse=5.833697 | val_mape=7.976678 | val_confidence=0.000000 | val_risk=0.000000 | val_blend=0.000000 | batches=709/94 | seconds=125.46 | lr=[3.125e-05] | cuda_peak_mb=1468.5
[2026-09-15 22:12:20] INFO Val horizons | 15min_mae=2.540409 15min_rmse=4.945600 15min_mape=6.611252 | 30min_mae=2.893576 30min_rmse=5.890221 30min_mape=8.083590 | 60min_mae=3.311736 60min_rmse=6.851555 60min_mape=9.792779
[2026-09-15 22:14:26] INFO Epoch 049 | stage=posthoc_calibrator | train_total=2.879817 | train_forecast=2.879817 | train_confidence=0.000000 | train_risk=0.000000 | train_blend=0.000000 | val_total=2.858936 | val_mae=2.854398 | val_rmse=5.822030 | val_mape=8.011762 | val_confidence=0.000000 | val_risk=0.000000 | val_blend=0.000000 | batches=709/94 | seconds=126.22 | lr=[3.125e-05] | cuda_peak_mb=1469.6
[2026-09-15 22:14:26] INFO Val horizons | 15min_mae=2.537929 15min_rmse=4.935156 15min_mape=6.618026 | 30min_mae=2.886272 30min_rmse=5.873256 30min_mape=8.106608 | 60min_mae=3.297571 60min_rmse=6.842393 60min_mape=9.873639
[2026-09-15 22:16:32] INFO Epoch 050 | stage=posthoc_calibrator | train_total=2.880045 | train_forecast=2.880045 | train_confidence=0.000000 | train_risk=0.000000 | train_blend=0.000000 | val_total=2.864265 | val_mae=2.859802 | val_rmse=5.833139 | val_mape=8.008173 | val_confidence=0.000000 | val_risk=0.000000 | val_blend=0.000000 | batches=709/94 | seconds=125.64 | lr=[3.125e-05] | cuda_peak_mb=1469.6
[2026-09-15 22:16:32] INFO Val horizons | 15min_mae=2.539308 15min_rmse=4.940163 15min_mape=6.604310 | 30min_mae=2.892299 30min_rmse=5.888773 30min_mape=8.103216 | 60min_mae=3.305949 60min_rmse=6.852447 60min_mape=9.878800
[2026-09-15 22:16:32] INFO Downstream training finished | best_val_mae=2.847873 | checkpoint=C:\Users\clw\projects\researchRep\STAnchor-BlockMemory\artifacts\paper_final_joint_context_offset_only_seed42\main_table\metrla\ours\st_norm\downstream_best.pt
