[2026-09-10 10:53:04] INFO Downstream start | run=cross_dataset_final/pems08_finetuned_router_argcn_seed42 | device=cuda:0 (requested=cuda:0) | seed=42 | output=C:\Users\clw\projects\researchRep\STAnchor-BlockMemory\artifacts\cross_dataset_final\pems08_finetuned_router_argcn_seed42
[2026-09-10 10:53:04] INFO Mode | downstream_mode=learned_topk_error_aware | training_protocol=posthoc_frozen_base | candidate_protocol=weekday_radius1_overlap
[2026-09-10 10:53:04] INFO Downstream initialization | seed=42 | state_hash=9ff7602783e29ed5
[2026-09-10 10:53:04] INFO Frozen base | checkpoint=C:\Users\clw\projects\researchRep\STAnchor-BlockMemory\artifacts\cross_dataset_final\pems08_baseonly_argcn_seed42\downstream_best.pt | fingerprint=8c84160341fcf970
[2026-09-10 10:53:04] INFO Data | steps=17856 | nodes=170 | channels=1 | training_scope=full_train | memory/post_memory/train_selected/val/test=8540/3660/12200/1486/3273
[2026-09-10 10:53:04] INFO Bank/retrieval | dataset=pems08_finetuned_queue | events=8540 | nodes=170 | retrieval_dim=64 | event_top_r=96 | node_top_k=12 | key_dtype=float16
[2026-09-10 10:53:04] INFO Parameters | downstream_total=1,030,502 | downstream_trainable=879,693 | backbone=0 | confidence_head=0 | fusion=0 | frozen_pretrained=958,704
[2026-09-10 10:53:04] INFO Optimization | epochs=50 | batch_size=32 | optimizer=adam | lr=0.001 | weight_decay=0.0001 | scheduler=step_lr | step_size=10 | gamma=0.950 | confidence_weight=0.000 | patience=10 | early_stopping=disabled
[2026-09-10 10:53:06] INFO Stage start | stage=posthoc_calibrator | epochs=50 | optimizer_lrs=[0.001]
[2026-09-10 10:56:03] INFO Epoch 001 | stage=posthoc_calibrator | train_total=1.155322 | train_forecast=1.155322 | train_confidence=0.000000 | train_risk=0.000000 | train_blend=0.000000 | val_total=1.367633 | val_mae=1.365178 | val_rmse=3.550781 | val_mape=3.087836 | val_confidence=0.000000 | val_risk=0.000000 | val_blend=0.000000 | batches=382/47 | seconds=177.17 | lr=[0.001] | cuda_peak_mb=1373.4
[2026-09-10 10:56:03] INFO Val horizons | 15min_mae=1.131866 15min_rmse=2.636249 15min_mape=2.345664 | 30min_mae=1.405499 30min_rmse=3.575874 30min_mape=3.185231 | 60min_mae=1.695280 60min_rmse=4.460029 60min_mape=4.063844
[2026-09-10 10:56:03] INFO Checkpoint updated | epoch=1 | stage=posthoc_calibrator | best_val_mae=1.365178 | path=C:\Users\clw\projects\researchRep\STAnchor-BlockMemory\artifacts\cross_dataset_final\pems08_finetuned_router_argcn_seed42\downstream_best.pt
[2026-09-10 10:56:32] INFO Epoch 002 | stage=posthoc_calibrator | train_total=1.129764 | train_forecast=1.129764 | train_confidence=0.000000 | train_risk=0.000000 | train_blend=0.000000 | val_total=1.359001 | val_mae=1.356657 | val_rmse=3.556398 | val_mape=3.073201 | val_confidence=0.000000 | val_risk=0.000000 | val_blend=0.000000 | batches=382/47 | seconds=29.34 | lr=[0.001] | cuda_peak_mb=1172.1
[2026-09-10 10:56:32] INFO Val horizons | 15min_mae=1.126822 15min_rmse=2.642576 15min_mape=2.341849 | 30min_mae=1.395604 30min_rmse=3.571252 30min_mape=3.164204 | 60min_mae=1.683881 60min_rmse=4.481399 60min_mape=4.053984
[2026-09-10 10:56:32] INFO Checkpoint updated | epoch=2 | stage=posthoc_calibrator | best_val_mae=1.356657 | path=C:\Users\clw\projects\researchRep\STAnchor-BlockMemory\artifacts\cross_dataset_final\pems08_finetuned_router_argcn_seed42\downstream_best.pt
[2026-09-10 10:57:01] INFO Epoch 003 | stage=posthoc_calibrator | train_total=1.124170 | train_forecast=1.124170 | train_confidence=0.000000 | train_risk=0.000000 | train_blend=0.000000 | val_total=1.357319 | val_mae=1.354724 | val_rmse=3.566903 | val_mape=3.093711 | val_confidence=0.000000 | val_risk=0.000000 | val_blend=0.000000 | batches=382/47 | seconds=28.91 | lr=[0.001] | cuda_peak_mb=1171.9
[2026-09-10 10:57:01] INFO Val horizons | 15min_mae=1.125338 15min_rmse=2.642407 15min_mape=2.342918 | 30min_mae=1.395509 30min_rmse=3.583518 30min_mape=3.187394 | 60min_mae=1.679642 60min_rmse=4.502216 60min_mape=4.094391
[2026-09-10 10:57:01] INFO Checkpoint updated | epoch=3 | stage=posthoc_calibrator | best_val_mae=1.354724 | path=C:\Users\clw\projects\researchRep\STAnchor-BlockMemory\artifacts\cross_dataset_final\pems08_finetuned_router_argcn_seed42\downstream_best.pt
[2026-09-10 10:57:30] INFO Epoch 004 | stage=posthoc_calibrator | train_total=1.121872 | train_forecast=1.121872 | train_confidence=0.000000 | train_risk=0.000000 | train_blend=0.000000 | val_total=1.357881 | val_mae=1.355450 | val_rmse=3.557871 | val_mape=3.080851 | val_confidence=0.000000 | val_risk=0.000000 | val_blend=0.000000 | batches=382/47 | seconds=28.53 | lr=[0.001] | cuda_peak_mb=1172.9
[2026-09-10 10:57:30] INFO Val horizons | 15min_mae=1.126873 15min_rmse=2.645376 15min_mape=2.346146 | 30min_mae=1.396061 30min_rmse=3.580400 30min_mape=3.175672 | 60min_mae=1.676824 60min_rmse=4.466224 60min_mape=4.050761
[2026-09-10 10:57:58] INFO Epoch 005 | stage=posthoc_calibrator | train_total=1.119775 | train_forecast=1.119775 | train_confidence=0.000000 | train_risk=0.000000 | train_blend=0.000000 | val_total=1.351309 | val_mae=1.349139 | val_rmse=3.533939 | val_mape=3.041713 | val_confidence=0.000000 | val_risk=0.000000 | val_blend=0.000000 | batches=382/47 | seconds=28.56 | lr=[0.001] | cuda_peak_mb=1171.8
[2026-09-10 10:57:58] INFO Val horizons | 15min_mae=1.120913 15min_rmse=2.625148 15min_mape=2.323723 | 30min_mae=1.386349 30min_rmse=3.545126 30min_mape=3.128829 | 60min_mae=1.677437 60min_rmse=4.458566 60min_mape=4.009977
[2026-09-10 10:57:58] INFO Checkpoint updated | epoch=5 | stage=posthoc_calibrator | best_val_mae=1.349139 | path=C:\Users\clw\projects\researchRep\STAnchor-BlockMemory\artifacts\cross_dataset_final\pems08_finetuned_router_argcn_seed42\downstream_best.pt
[2026-09-10 10:58:27] INFO Epoch 006 | stage=posthoc_calibrator | train_total=1.118011 | train_forecast=1.118011 | train_confidence=0.000000 | train_risk=0.000000 | train_blend=0.000000 | val_total=1.358374 | val_mae=1.356209 | val_rmse=3.559413 | val_mape=3.059224 | val_confidence=0.000000 | val_risk=0.000000 | val_blend=0.000000 | batches=382/47 | seconds=28.43 | lr=[0.001] | cuda_peak_mb=1171.8
[2026-09-10 10:58:27] INFO Val horizons | 15min_mae=1.122615 15min_rmse=2.626268 15min_mape=2.331812 | 30min_mae=1.392471 30min_rmse=3.557245 30min_mape=3.143910 | 60min_mae=1.690513 60min_rmse=4.518650 60min_mape=4.042316
[2026-09-10 10:58:55] INFO Epoch 007 | stage=posthoc_calibrator | train_total=1.117080 | train_forecast=1.117080 | train_confidence=0.000000 | train_risk=0.000000 | train_blend=0.000000 | val_total=1.348968 | val_mae=1.346736 | val_rmse=3.540976 | val_mape=3.059431 | val_confidence=0.000000 | val_risk=0.000000 | val_blend=0.000000 | batches=382/47 | seconds=28.55 | lr=[0.001] | cuda_peak_mb=1171.9
[2026-09-10 10:58:55] INFO Val horizons | 15min_mae=1.119702 15min_rmse=2.626202 15min_mape=2.328211 | 30min_mae=1.385172 30min_rmse=3.550139 30min_mape=3.148368 | 60min_mae=1.671946 60min_rmse=4.478314 60min_mape=4.043232
[2026-09-10 10:58:55] INFO Checkpoint updated | epoch=7 | stage=posthoc_calibrator | best_val_mae=1.346736 | path=C:\Users\clw\projects\researchRep\STAnchor-BlockMemory\artifacts\cross_dataset_final\pems08_finetuned_router_argcn_seed42\downstream_best.pt
[2026-09-10 10:59:24] INFO Epoch 008 | stage=posthoc_calibrator | train_total=1.116874 | train_forecast=1.116874 | train_confidence=0.000000 | train_risk=0.000000 | train_blend=0.000000 | val_total=1.348796 | val_mae=1.346692 | val_rmse=3.513102 | val_mape=3.022388 | val_confidence=0.000000 | val_risk=0.000000 | val_blend=0.000000 | batches=382/47 | seconds=28.56 | lr=[0.001] | cuda_peak_mb=1172.9
[2026-09-10 10:59:24] INFO Val horizons | 15min_mae=1.118597 15min_rmse=2.607043 15min_mape=2.308867 | 30min_mae=1.384288 30min_rmse=3.519559 30min_mape=3.108430 | 60min_mae=1.673379 60min_rmse=4.444057 60min_mape=3.987256
[2026-09-10 10:59:24] INFO Checkpoint updated | epoch=8 | stage=posthoc_calibrator | best_val_mae=1.346692 | path=C:\Users\clw\projects\researchRep\STAnchor-BlockMemory\artifacts\cross_dataset_final\pems08_finetuned_router_argcn_seed42\downstream_best.pt
[2026-09-10 10:59:52] INFO Epoch 009 | stage=posthoc_calibrator | train_total=1.116198 | train_forecast=1.116198 | train_confidence=0.000000 | train_risk=0.000000 | train_blend=0.000000 | val_total=1.351476 | val_mae=1.349021 | val_rmse=3.543802 | val_mape=3.060855 | val_confidence=0.000000 | val_risk=0.000000 | val_blend=0.000000 | batches=382/47 | seconds=28.53 | lr=[0.001] | cuda_peak_mb=1171.8
[2026-09-10 10:59:52] INFO Val horizons | 15min_mae=1.120994 15min_rmse=2.633974 15min_mape=2.332930 | 30min_mae=1.387372 30min_rmse=3.560953 30min_mape=3.154163 | 60min_mae=1.675527 60min_rmse=4.468238 60min_mape=4.036857
[2026-09-10 11:00:21] INFO Epoch 010 | stage=posthoc_calibrator | train_total=1.115372 | train_forecast=1.115372 | train_confidence=0.000000 | train_risk=0.000000 | train_blend=0.000000 | val_total=1.353919 | val_mae=1.351649 | val_rmse=3.570295 | val_mape=3.075063 | val_confidence=0.000000 | val_risk=0.000000 | val_blend=0.000000 | batches=382/47 | seconds=28.56 | lr=[0.001] | cuda_peak_mb=1171.8
[2026-09-10 11:00:21] INFO Val horizons | 15min_mae=1.121517 15min_rmse=2.638037 15min_mape=2.339960 | 30min_mae=1.389714 30min_rmse=3.578809 30min_mape=3.166935 | 60min_mae=1.681348 60min_rmse=4.521990 60min_mape=4.063167
[2026-09-10 11:00:50] INFO Epoch 011 | stage=posthoc_calibrator | train_total=1.115196 | train_forecast=1.115196 | train_confidence=0.000000 | train_risk=0.000000 | train_blend=0.000000 | val_total=1.354254 | val_mae=1.351623 | val_rmse=3.557946 | val_mape=3.073923 | val_confidence=0.000000 | val_risk=0.000000 | val_blend=0.000000 | batches=382/47 | seconds=28.58 | lr=[0.00095] | cuda_peak_mb=1171.9
[2026-09-10 11:00:50] INFO Val horizons | 15min_mae=1.123721 15min_rmse=2.637860 15min_mape=2.339893 | 30min_mae=1.391257 30min_rmse=3.573101 30min_mape=3.164462 | 60min_mae=1.674118 60min_rmse=4.488589 60min_mape=4.056279
[2026-09-10 11:01:18] INFO Epoch 012 | stage=posthoc_calibrator | train_total=1.114832 | train_forecast=1.114832 | train_confidence=0.000000 | train_risk=0.000000 | train_blend=0.000000 | val_total=1.349721 | val_mae=1.347082 | val_rmse=3.549349 | val_mape=3.062065 | val_confidence=0.000000 | val_risk=0.000000 | val_blend=0.000000 | batches=382/47 | seconds=28.63 | lr=[0.00095] | cuda_peak_mb=1172.9
[2026-09-10 11:01:18] INFO Val horizons | 15min_mae=1.120417 15min_rmse=2.633019 15min_mape=2.332840 | 30min_mae=1.386650 30min_rmse=3.567079 30min_mape=3.155448 | 60min_mae=1.667640 60min_rmse=4.470670 60min_mape=4.032610
[2026-09-10 11:01:47] INFO Epoch 013 | stage=posthoc_calibrator | train_total=1.113986 | train_forecast=1.113986 | train_confidence=0.000000 | train_risk=0.000000 | train_blend=0.000000 | val_total=1.345312 | val_mae=1.342962 | val_rmse=3.527379 | val_mape=3.029904 | val_confidence=0.000000 | val_risk=0.000000 | val_blend=0.000000 | batches=382/47 | seconds=28.59 | lr=[0.00095] | cuda_peak_mb=1171.8
[2026-09-10 11:01:47] INFO Val horizons | 15min_mae=1.116264 15min_rmse=2.615978 15min_mape=2.314766 | 30min_mae=1.380365 30min_rmse=3.536217 30min_mape=3.119200 | 60min_mae=1.668445 60min_rmse=4.461079 60min_mape=3.999244
[2026-09-10 11:01:47] INFO Checkpoint updated | epoch=13 | stage=posthoc_calibrator | best_val_mae=1.342962 | path=C:\Users\clw\projects\researchRep\STAnchor-BlockMemory\artifacts\cross_dataset_final\pems08_finetuned_router_argcn_seed42\downstream_best.pt
[2026-09-10 11:02:15] INFO Epoch 014 | stage=posthoc_calibrator | train_total=1.113956 | train_forecast=1.113956 | train_confidence=0.000000 | train_risk=0.000000 | train_blend=0.000000 | val_total=1.349352 | val_mae=1.346946 | val_rmse=3.549998 | val_mape=3.066524 | val_confidence=0.000000 | val_risk=0.000000 | val_blend=0.000000 | batches=382/47 | seconds=28.54 | lr=[0.00095] | cuda_peak_mb=1171.8
[2026-09-10 11:02:15] INFO Val horizons | 15min_mae=1.121497 15min_rmse=2.632836 15min_mape=2.338524 | 30min_mae=1.386489 30min_rmse=3.562400 30min_mape=3.157820 | 60min_mae=1.669058 60min_rmse=4.485638 60min_mape=4.046589
[2026-09-10 11:02:44] INFO Epoch 015 | stage=posthoc_calibrator | train_total=1.113296 | train_forecast=1.113296 | train_confidence=0.000000 | train_risk=0.000000 | train_blend=0.000000 | val_total=1.353355 | val_mae=1.351091 | val_rmse=3.576277 | val_mape=3.085553 | val_confidence=0.000000 | val_risk=0.000000 | val_blend=0.000000 | batches=382/47 | seconds=28.62 | lr=[0.00095] | cuda_peak_mb=1171.9
[2026-09-10 11:02:44] INFO Val horizons | 15min_mae=1.122183 15min_rmse=2.638450 15min_mape=2.347684 | 30min_mae=1.391266 30min_rmse=3.584353 30min_mape=3.179869 | 60min_mae=1.678149 60min_rmse=4.538537 60min_mape=4.087900
[2026-09-10 11:03:13] INFO Epoch 016 | stage=posthoc_calibrator | train_total=1.112929 | train_forecast=1.112929 | train_confidence=0.000000 | train_risk=0.000000 | train_blend=0.000000 | val_total=1.350834 | val_mae=1.348777 | val_rmse=3.529672 | val_mape=3.026222 | val_confidence=0.000000 | val_risk=0.000000 | val_blend=0.000000 | batches=382/47 | seconds=28.59 | lr=[0.00095] | cuda_peak_mb=1172.9
[2026-09-10 11:03:13] INFO Val horizons | 15min_mae=1.118564 15min_rmse=2.619510 15min_mape=2.320811 | 30min_mae=1.385612 30min_rmse=3.543843 30min_mape=3.121869 | 60min_mae=1.679203 60min_rmse=4.452853 60min_mape=3.975974
[2026-09-10 11:03:41] INFO Epoch 017 | stage=posthoc_calibrator | train_total=1.113124 | train_forecast=1.113124 | train_confidence=0.000000 | train_risk=0.000000 | train_blend=0.000000 | val_total=1.355101 | val_mae=1.352685 | val_rmse=3.536358 | val_mape=3.046692 | val_confidence=0.000000 | val_risk=0.000000 | val_blend=0.000000 | batches=382/47 | seconds=28.64 | lr=[0.00095] | cuda_peak_mb=1171.8
[2026-09-10 11:03:41] INFO Val horizons | 15min_mae=1.117850 15min_rmse=2.606648 15min_mape=2.321346 | 30min_mae=1.387319 30min_rmse=3.530690 30min_mape=3.133198 | 60min_mae=1.692983 60min_rmse=4.502085 60min_mape=4.032988
[2026-09-10 11:04:10] INFO Epoch 018 | stage=posthoc_calibrator | train_total=1.112115 | train_forecast=1.112115 | train_confidence=0.000000 | train_risk=0.000000 | train_blend=0.000000 | val_total=1.352396 | val_mae=1.350020 | val_rmse=3.532811 | val_mape=3.036220 | val_confidence=0.000000 | val_risk=0.000000 | val_blend=0.000000 | batches=382/47 | seconds=28.53 | lr=[0.00095] | cuda_peak_mb=1171.8
[2026-09-10 11:04:10] INFO Val horizons | 15min_mae=1.118359 15min_rmse=2.609651 15min_mape=2.314270 | 30min_mae=1.388656 30min_rmse=3.541758 30min_mape=3.128467 | 60min_mae=1.678125 60min_rmse=4.471175 60min_mape=4.009041
[2026-09-10 11:04:38] INFO Epoch 019 | stage=posthoc_calibrator | train_total=1.113221 | train_forecast=1.113221 | train_confidence=0.000000 | train_risk=0.000000 | train_blend=0.000000 | val_total=1.347643 | val_mae=1.345071 | val_rmse=3.547335 | val_mape=3.066938 | val_confidence=0.000000 | val_risk=0.000000 | val_blend=0.000000 | batches=382/47 | seconds=28.55 | lr=[0.00095] | cuda_peak_mb=1171.9
[2026-09-10 11:04:38] INFO Val horizons | 15min_mae=1.118360 15min_rmse=2.627975 15min_mape=2.339471 | 30min_mae=1.382872 30min_rmse=3.558188 30min_mape=3.159867 | 60min_mae=1.670148 60min_rmse=4.483532 60min_mape=4.043877
[2026-09-10 11:05:07] INFO Epoch 020 | stage=posthoc_calibrator | train_total=1.111667 | train_forecast=1.111667 | train_confidence=0.000000 | train_risk=0.000000 | train_blend=0.000000 | val_total=1.345665 | val_mae=1.343211 | val_rmse=3.542575 | val_mape=3.053432 | val_confidence=0.000000 | val_risk=0.000000 | val_blend=0.000000 | batches=382/47 | seconds=28.62 | lr=[0.00095] | cuda_peak_mb=1172.9
[2026-09-10 11:05:07] INFO Val horizons | 15min_mae=1.118026 15min_rmse=2.624070 15min_mape=2.326456 | 30min_mae=1.382342 30min_rmse=3.554471 30min_mape=3.144303 | 60min_mae=1.665085 60min_rmse=4.477969 60min_mape=4.035628
[2026-09-10 11:05:35] INFO Epoch 021 | stage=posthoc_calibrator | train_total=1.111413 | train_forecast=1.111413 | train_confidence=0.000000 | train_risk=0.000000 | train_blend=0.000000 | val_total=1.347508 | val_mae=1.345071 | val_rmse=3.560574 | val_mape=3.064070 | val_confidence=0.000000 | val_risk=0.000000 | val_blend=0.000000 | batches=382/47 | seconds=28.57 | lr=[0.0009025] | cuda_peak_mb=1171.8
[2026-09-10 11:05:35] INFO Val horizons | 15min_mae=1.119401 15min_rmse=2.636822 15min_mape=2.337350 | 30min_mae=1.385470 30min_rmse=3.583702 30min_mape=3.165545 | 60min_mae=1.665089 60min_rmse=4.479921 60min_mape=4.026822
[2026-09-10 11:06:04] INFO Epoch 022 | stage=posthoc_calibrator | train_total=1.111443 | train_forecast=1.111443 | train_confidence=0.000000 | train_risk=0.000000 | train_blend=0.000000 | val_total=1.345562 | val_mae=1.343461 | val_rmse=3.547364 | val_mape=3.049523 | val_confidence=0.000000 | val_risk=0.000000 | val_blend=0.000000 | batches=382/47 | seconds=28.54 | lr=[0.0009025] | cuda_peak_mb=1171.8
[2026-09-10 11:06:04] INFO Val horizons | 15min_mae=1.117369 15min_rmse=2.626390 15min_mape=2.329617 | 30min_mae=1.382001 30min_rmse=3.562171 30min_mape=3.145181 | 60min_mae=1.667786 60min_rmse=4.483410 60min_mape=4.019467
[2026-09-10 11:06:33] INFO Epoch 023 | stage=posthoc_calibrator | train_total=1.111174 | train_forecast=1.111174 | train_confidence=0.000000 | train_risk=0.000000 | train_blend=0.000000 | val_total=1.343835 | val_mae=1.341433 | val_rmse=3.533661 | val_mape=3.043989 | val_confidence=0.000000 | val_risk=0.000000 | val_blend=0.000000 | batches=382/47 | seconds=28.55 | lr=[0.0009025] | cuda_peak_mb=1171.9
[2026-09-10 11:06:33] INFO Val horizons | 15min_mae=1.116505 15min_rmse=2.618496 15min_mape=2.320599 | 30min_mae=1.380224 30min_rmse=3.543262 30min_mape=3.134917 | 60min_mae=1.663425 60min_rmse=4.466283 60min_mape=4.015907
[2026-09-10 11:06:33] INFO Checkpoint updated | epoch=23 | stage=posthoc_calibrator | best_val_mae=1.341433 | path=C:\Users\clw\projects\researchRep\STAnchor-BlockMemory\artifacts\cross_dataset_final\pems08_finetuned_router_argcn_seed42\downstream_best.pt
[2026-09-10 11:07:01] INFO Epoch 024 | stage=posthoc_calibrator | train_total=1.110662 | train_forecast=1.110662 | train_confidence=0.000000 | train_risk=0.000000 | train_blend=0.000000 | val_total=1.345944 | val_mae=1.343841 | val_rmse=3.532991 | val_mape=3.034044 | val_confidence=0.000000 | val_risk=0.000000 | val_blend=0.000000 | batches=382/47 | seconds=28.55 | lr=[0.0009025] | cuda_peak_mb=1172.9
[2026-09-10 11:07:01] INFO Val horizons | 15min_mae=1.118056 15min_rmse=2.620319 15min_mape=2.323809 | 30min_mae=1.381827 30min_rmse=3.544637 30min_mape=3.127967 | 60min_mae=1.667697 60min_rmse=4.460743 60min_mape=3.989676
[2026-09-10 11:07:30] INFO Epoch 025 | stage=posthoc_calibrator | train_total=1.110506 | train_forecast=1.110506 | train_confidence=0.000000 | train_risk=0.000000 | train_blend=0.000000 | val_total=1.347448 | val_mae=1.345003 | val_rmse=3.563992 | val_mape=3.073193 | val_confidence=0.000000 | val_risk=0.000000 | val_blend=0.000000 | batches=382/47 | seconds=28.57 | lr=[0.0009025] | cuda_peak_mb=1171.8
[2026-09-10 11:07:30] INFO Val horizons | 15min_mae=1.118312 15min_rmse=2.632413 15min_mape=2.337228 | 30min_mae=1.382858 30min_rmse=3.570173 30min_mape=3.160696 | 60min_mae=1.670259 60min_rmse=4.518678 60min_mape=4.070267
[2026-09-10 11:07:58] INFO Epoch 026 | stage=posthoc_calibrator | train_total=1.110592 | train_forecast=1.110592 | train_confidence=0.000000 | train_risk=0.000000 | train_blend=0.000000 | val_total=1.346174 | val_mae=1.343677 | val_rmse=3.540822 | val_mape=3.046725 | val_confidence=0.000000 | val_risk=0.000000 | val_blend=0.000000 | batches=382/47 | seconds=28.57 | lr=[0.0009025] | cuda_peak_mb=1171.8
[2026-09-10 11:07:58] INFO Val horizons | 15min_mae=1.116672 15min_rmse=2.618813 15min_mape=2.324036 | 30min_mae=1.381376 30min_rmse=3.547903 30min_mape=3.138354 | 60min_mae=1.667927 60min_rmse=4.481020 60min_mape=4.020109
[2026-09-10 11:08:27] INFO Epoch 027 | stage=posthoc_calibrator | train_total=1.109949 | train_forecast=1.109949 | train_confidence=0.000000 | train_risk=0.000000 | train_blend=0.000000 | val_total=1.346080 | val_mae=1.343649 | val_rmse=3.540095 | val_mape=3.040015 | val_confidence=0.000000 | val_risk=0.000000 | val_blend=0.000000 | batches=382/47 | seconds=28.58 | lr=[0.0009025] | cuda_peak_mb=1171.9
[2026-09-10 11:08:27] INFO Val horizons | 15min_mae=1.117221 15min_rmse=2.623077 15min_mape=2.323670 | 30min_mae=1.381700 30min_rmse=3.551365 30min_mape=3.131273 | 60min_mae=1.668538 60min_rmse=4.472877 60min_mape=4.008173
[2026-09-10 11:08:55] INFO Epoch 028 | stage=posthoc_calibrator | train_total=1.110841 | train_forecast=1.110841 | train_confidence=0.000000 | train_risk=0.000000 | train_blend=0.000000 | val_total=1.347613 | val_mae=1.345120 | val_rmse=3.544024 | val_mape=3.049341 | val_confidence=0.000000 | val_risk=0.000000 | val_blend=0.000000 | batches=382/47 | seconds=28.53 | lr=[0.0009025] | cuda_peak_mb=1172.9
[2026-09-10 11:08:55] INFO Val horizons | 15min_mae=1.118664 15min_rmse=2.629324 15min_mape=2.331140 | 30min_mae=1.383382 30min_rmse=3.556961 30min_mape=3.142248 | 60min_mae=1.669168 60min_rmse=4.476146 60min_mape=4.017463
[2026-09-10 11:09:24] INFO Epoch 029 | stage=posthoc_calibrator | train_total=1.110090 | train_forecast=1.110090 | train_confidence=0.000000 | train_risk=0.000000 | train_blend=0.000000 | val_total=1.347258 | val_mae=1.345167 | val_rmse=3.525339 | val_mape=3.018639 | val_confidence=0.000000 | val_risk=0.000000 | val_blend=0.000000 | batches=382/47 | seconds=28.48 | lr=[0.0009025] | cuda_peak_mb=1171.8
[2026-09-10 11:09:24] INFO Val horizons | 15min_mae=1.115499 15min_rmse=2.605561 15min_mape=2.312800 | 30min_mae=1.380315 30min_rmse=3.523681 30min_mape=3.109076 | 60min_mae=1.679635 60min_rmse=4.480737 60min_mape=3.980911
[2026-09-10 11:09:53] INFO Epoch 030 | stage=posthoc_calibrator | train_total=1.109566 | train_forecast=1.109566 | train_confidence=0.000000 | train_risk=0.000000 | train_blend=0.000000 | val_total=1.344860 | val_mae=1.342574 | val_rmse=3.528478 | val_mape=3.036259 | val_confidence=0.000000 | val_risk=0.000000 | val_blend=0.000000 | batches=382/47 | seconds=28.62 | lr=[0.0009025] | cuda_peak_mb=1171.8
[2026-09-10 11:09:53] INFO Val horizons | 15min_mae=1.117560 15min_rmse=2.620074 15min_mape=2.327630 | 30min_mae=1.380337 30min_rmse=3.539672 30min_mape=3.125708 | 60min_mae=1.665132 60min_rmse=4.452687 60min_mape=3.995369
[2026-09-10 11:10:21] INFO Epoch 031 | stage=posthoc_calibrator | train_total=1.109715 | train_forecast=1.109715 | train_confidence=0.000000 | train_risk=0.000000 | train_blend=0.000000 | val_total=1.346290 | val_mae=1.343636 | val_rmse=3.561176 | val_mape=3.069812 | val_confidence=0.000000 | val_risk=0.000000 | val_blend=0.000000 | batches=382/47 | seconds=28.74 | lr=[0.000857375] | cuda_peak_mb=1171.9
[2026-09-10 11:10:21] INFO Val horizons | 15min_mae=1.117848 15min_rmse=2.632569 15min_mape=2.340474 | 30min_mae=1.382128 30min_rmse=3.568621 30min_mape=3.159870 | 60min_mae=1.667044 60min_rmse=4.511281 60min_mape=4.058526
[2026-09-10 11:10:50] INFO Epoch 032 | stage=posthoc_calibrator | train_total=1.110147 | train_forecast=1.110147 | train_confidence=0.000000 | train_risk=0.000000 | train_blend=0.000000 | val_total=1.349071 | val_mae=1.346773 | val_rmse=3.544767 | val_mape=3.040246 | val_confidence=0.000000 | val_risk=0.000000 | val_blend=0.000000 | batches=382/47 | seconds=28.56 | lr=[0.000857375] | cuda_peak_mb=1172.9
[2026-09-10 11:10:50] INFO Val horizons | 15min_mae=1.118613 15min_rmse=2.629430 15min_mape=2.331430 | 30min_mae=1.382944 30min_rmse=3.551322 30min_mape=3.133440 | 60min_mae=1.675872 60min_rmse=4.488055 60min_mape=3.998738
[2026-09-10 11:11:18] INFO Epoch 033 | stage=posthoc_calibrator | train_total=1.109828 | train_forecast=1.109828 | train_confidence=0.000000 | train_risk=0.000000 | train_blend=0.000000 | val_total=1.347756 | val_mae=1.345592 | val_rmse=3.545491 | val_mape=3.032954 | val_confidence=0.000000 | val_risk=0.000000 | val_blend=0.000000 | batches=382/47 | seconds=28.55 | lr=[0.000857375] | cuda_peak_mb=1171.8
[2026-09-10 11:11:18] INFO Val horizons | 15min_mae=1.117128 15min_rmse=2.621855 15min_mape=2.319430 | 30min_mae=1.382372 30min_rmse=3.549511 30min_mape=3.122624 | 60min_mae=1.672418 60min_rmse=4.488660 60min_mape=3.994567
[2026-09-10 11:11:47] INFO Epoch 034 | stage=posthoc_calibrator | train_total=1.109381 | train_forecast=1.109381 | train_confidence=0.000000 | train_risk=0.000000 | train_blend=0.000000 | val_total=1.345888 | val_mae=1.343294 | val_rmse=3.554750 | val_mape=3.058163 | val_confidence=0.000000 | val_risk=0.000000 | val_blend=0.000000 | batches=382/47 | seconds=28.54 | lr=[0.000857375] | cuda_peak_mb=1171.8
[2026-09-10 11:11:47] INFO Val horizons | 15min_mae=1.118003 15min_rmse=2.633667 15min_mape=2.336487 | 30min_mae=1.383150 30min_rmse=3.571440 30min_mape=3.154320 | 60min_mae=1.664039 60min_rmse=4.488381 60min_mape=4.028911
[2026-09-10 11:12:15] INFO Epoch 035 | stage=posthoc_calibrator | train_total=1.109204 | train_forecast=1.109204 | train_confidence=0.000000 | train_risk=0.000000 | train_blend=0.000000 | val_total=1.344815 | val_mae=1.342476 | val_rmse=3.545135 | val_mape=3.045956 | val_confidence=0.000000 | val_risk=0.000000 | val_blend=0.000000 | batches=382/47 | seconds=28.53 | lr=[0.000857375] | cuda_peak_mb=1171.9
[2026-09-10 11:12:15] INFO Val horizons | 15min_mae=1.115276 15min_rmse=2.618533 15min_mape=2.322674 | 30min_mae=1.379358 30min_rmse=3.545618 30min_mape=3.132647 | 60min_mae=1.670631 60min_rmse=4.505626 60min_mape=4.031721
[2026-09-10 11:12:44] INFO Epoch 036 | stage=posthoc_calibrator | train_total=1.109144 | train_forecast=1.109144 | train_confidence=0.000000 | train_risk=0.000000 | train_blend=0.000000 | val_total=1.343673 | val_mae=1.341397 | val_rmse=3.547497 | val_mape=3.045145 | val_confidence=0.000000 | val_risk=0.000000 | val_blend=0.000000 | batches=382/47 | seconds=28.55 | lr=[0.000857375] | cuda_peak_mb=1172.9
[2026-09-10 11:12:44] INFO Val horizons | 15min_mae=1.117024 15min_rmse=2.632007 15min_mape=2.328581 | 30min_mae=1.379742 30min_rmse=3.562605 30min_mape=3.135610 | 60min_mae=1.661758 60min_rmse=4.473674 60min_mape=4.009767
[2026-09-10 11:12:44] INFO Checkpoint updated | epoch=36 | stage=posthoc_calibrator | best_val_mae=1.341397 | path=C:\Users\clw\projects\researchRep\STAnchor-BlockMemory\artifacts\cross_dataset_final\pems08_finetuned_router_argcn_seed42\downstream_best.pt
[2026-09-10 11:13:13] INFO Epoch 037 | stage=posthoc_calibrator | train_total=1.109143 | train_forecast=1.109143 | train_confidence=0.000000 | train_risk=0.000000 | train_blend=0.000000 | val_total=1.347566 | val_mae=1.345053 | val_rmse=3.556973 | val_mape=3.055715 | val_confidence=0.000000 | val_risk=0.000000 | val_blend=0.000000 | batches=382/47 | seconds=28.56 | lr=[0.000857375] | cuda_peak_mb=1171.8
[2026-09-10 11:13:13] INFO Val horizons | 15min_mae=1.116357 15min_rmse=2.621913 15min_mape=2.325711 | 30min_mae=1.381526 30min_rmse=3.555944 30min_mape=3.146345 | 60min_mae=1.675757 60min_rmse=4.527268 60min_mape=4.048354
[2026-09-10 11:13:41] INFO Epoch 038 | stage=posthoc_calibrator | train_total=1.108946 | train_forecast=1.108946 | train_confidence=0.000000 | train_risk=0.000000 | train_blend=0.000000 | val_total=1.348069 | val_mae=1.345382 | val_rmse=3.568041 | val_mape=3.077443 | val_confidence=0.000000 | val_risk=0.000000 | val_blend=0.000000 | batches=382/47 | seconds=28.53 | lr=[0.000857375] | cuda_peak_mb=1171.8
[2026-09-10 11:13:41] INFO Val horizons | 15min_mae=1.117978 15min_rmse=2.638163 15min_mape=2.341586 | 30min_mae=1.383591 30min_rmse=3.579986 30min_mape=3.169678 | 60min_mae=1.669471 60min_rmse=4.510142 60min_mape=4.065527
[2026-09-10 11:14:10] INFO Epoch 039 | stage=posthoc_calibrator | train_total=1.108739 | train_forecast=1.108739 | train_confidence=0.000000 | train_risk=0.000000 | train_blend=0.000000 | val_total=1.342771 | val_mae=1.340396 | val_rmse=3.537616 | val_mape=3.038846 | val_confidence=0.000000 | val_risk=0.000000 | val_blend=0.000000 | batches=382/47 | seconds=28.52 | lr=[0.000857375] | cuda_peak_mb=1171.9
[2026-09-10 11:14:10] INFO Val horizons | 15min_mae=1.115966 15min_rmse=2.623283 15min_mape=2.323150 | 30min_mae=1.378923 30min_rmse=3.551717 30min_mape=3.131306 | 60min_mae=1.662609 60min_rmse=4.470940 60min_mape=4.006521
[2026-09-10 11:14:10] INFO Checkpoint updated | epoch=39 | stage=posthoc_calibrator | best_val_mae=1.340396 | path=C:\Users\clw\projects\researchRep\STAnchor-BlockMemory\artifacts\cross_dataset_final\pems08_finetuned_router_argcn_seed42\downstream_best.pt
[2026-09-10 11:14:38] INFO Epoch 040 | stage=posthoc_calibrator | train_total=1.108759 | train_forecast=1.108759 | train_confidence=0.000000 | train_risk=0.000000 | train_blend=0.000000 | val_total=1.342647 | val_mae=1.340180 | val_rmse=3.540717 | val_mape=3.046516 | val_confidence=0.000000 | val_risk=0.000000 | val_blend=0.000000 | batches=382/47 | seconds=28.53 | lr=[0.000857375] | cuda_peak_mb=1172.9
[2026-09-10 11:14:38] INFO Val horizons | 15min_mae=1.114727 15min_rmse=2.624097 15min_mape=2.320700 | 30min_mae=1.377936 30min_rmse=3.553315 30min_mape=3.140471 | 60min_mae=1.663491 60min_rmse=4.477152 60min_mape=4.023119
[2026-09-10 11:14:38] INFO Checkpoint updated | epoch=40 | stage=posthoc_calibrator | best_val_mae=1.340180 | path=C:\Users\clw\projects\researchRep\STAnchor-BlockMemory\artifacts\cross_dataset_final\pems08_finetuned_router_argcn_seed42\downstream_best.pt
[2026-09-10 11:15:07] INFO Epoch 041 | stage=posthoc_calibrator | train_total=1.108585 | train_forecast=1.108585 | train_confidence=0.000000 | train_risk=0.000000 | train_blend=0.000000 | val_total=1.343325 | val_mae=1.340924 | val_rmse=3.542422 | val_mape=3.042611 | val_confidence=0.000000 | val_risk=0.000000 | val_blend=0.000000 | batches=382/47 | seconds=28.53 | lr=[0.0008145062499999999] | cuda_peak_mb=1171.8
[2026-09-10 11:15:07] INFO Val horizons | 15min_mae=1.114646 15min_rmse=2.617017 15min_mape=2.313002 | 30min_mae=1.378951 30min_rmse=3.549313 30min_mape=3.129745 | 60min_mae=1.664204 60min_rmse=4.485104 60min_mape=4.023537
[2026-09-10 11:15:35] INFO Epoch 042 | stage=posthoc_calibrator | train_total=1.108066 | train_forecast=1.108066 | train_confidence=0.000000 | train_risk=0.000000 | train_blend=0.000000 | val_total=1.343173 | val_mae=1.340895 | val_rmse=3.530965 | val_mape=3.017001 | val_confidence=0.000000 | val_risk=0.000000 | val_blend=0.000000 | batches=382/47 | seconds=28.60 | lr=[0.0008145062499999999] | cuda_peak_mb=1171.8
[2026-09-10 11:15:35] INFO Val horizons | 15min_mae=1.113374 15min_rmse=2.610152 15min_mape=2.307305 | 30min_mae=1.377348 30min_rmse=3.533856 30min_mape=3.103163 | 60min_mae=1.669289 60min_rmse=4.478321 60min_mape=3.984818
[2026-09-10 11:16:04] INFO Epoch 043 | stage=posthoc_calibrator | train_total=1.108543 | train_forecast=1.108543 | train_confidence=0.000000 | train_risk=0.000000 | train_blend=0.000000 | val_total=1.340022 | val_mae=1.337780 | val_rmse=3.527690 | val_mape=3.022750 | val_confidence=0.000000 | val_risk=0.000000 | val_blend=0.000000 | batches=382/47 | seconds=28.58 | lr=[0.0008145062499999999] | cuda_peak_mb=1171.9
[2026-09-10 11:16:04] INFO Val horizons | 15min_mae=1.112702 15min_rmse=2.606619 15min_mape=2.304428 | 30min_mae=1.375558 30min_rmse=3.530019 30min_mape=3.110231 | 60min_mae=1.660462 60min_rmse=4.473525 60min_mape=3.998483
[2026-09-10 11:16:04] INFO Checkpoint updated | epoch=43 | stage=posthoc_calibrator | best_val_mae=1.337780 | path=C:\Users\clw\projects\researchRep\STAnchor-BlockMemory\artifacts\cross_dataset_final\pems08_finetuned_router_argcn_seed42\downstream_best.pt
[2026-09-10 11:16:33] INFO Epoch 044 | stage=posthoc_calibrator | train_total=1.108225 | train_forecast=1.108225 | train_confidence=0.000000 | train_risk=0.000000 | train_blend=0.000000 | val_total=1.342492 | val_mae=1.340117 | val_rmse=3.533083 | val_mape=3.023339 | val_confidence=0.000000 | val_risk=0.000000 | val_blend=0.000000 | batches=382/47 | seconds=28.59 | lr=[0.0008145062499999999] | cuda_peak_mb=1172.9
[2026-09-10 11:16:33] INFO Val horizons | 15min_mae=1.114896 15min_rmse=2.617524 15min_mape=2.312066 | 30min_mae=1.377392 30min_rmse=3.540938 30min_mape=3.113841 | 60min_mae=1.663968 60min_rmse=4.472926 60min_mape=3.985646
[2026-09-10 11:17:01] INFO Epoch 045 | stage=posthoc_calibrator | train_total=1.107869 | train_forecast=1.107869 | train_confidence=0.000000 | train_risk=0.000000 | train_blend=0.000000 | val_total=1.343389 | val_mae=1.340840 | val_rmse=3.543660 | val_mape=3.033313 | val_confidence=0.000000 | val_risk=0.000000 | val_blend=0.000000 | batches=382/47 | seconds=28.55 | lr=[0.0008145062499999999] | cuda_peak_mb=1171.8
[2026-09-10 11:17:01] INFO Val horizons | 15min_mae=1.115370 15min_rmse=2.625550 15min_mape=2.316293 | 30min_mae=1.378270 30min_rmse=3.552397 30min_mape=3.121484 | 60min_mae=1.663786 60min_rmse=4.481459 60min_mape=4.005062
[2026-09-10 11:17:30] INFO Epoch 046 | stage=posthoc_calibrator | train_total=1.107965 | train_forecast=1.107965 | train_confidence=0.000000 | train_risk=0.000000 | train_blend=0.000000 | val_total=1.342809 | val_mae=1.340250 | val_rmse=3.540564 | val_mape=3.041115 | val_confidence=0.000000 | val_risk=0.000000 | val_blend=0.000000 | batches=382/47 | seconds=28.56 | lr=[0.0008145062499999999] | cuda_peak_mb=1171.8
[2026-09-10 11:17:30] INFO Val horizons | 15min_mae=1.114648 15min_rmse=2.622185 15min_mape=2.319838 | 30min_mae=1.377570 30min_rmse=3.548612 30min_mape=3.131272 | 60min_mae=1.664584 60min_rmse=4.483164 60min_mape=4.017710
[2026-09-10 11:17:58] INFO Epoch 047 | stage=posthoc_calibrator | train_total=1.107480 | train_forecast=1.107480 | train_confidence=0.000000 | train_risk=0.000000 | train_blend=0.000000 | val_total=1.345437 | val_mae=1.342843 | val_rmse=3.559717 | val_mape=3.053368 | val_confidence=0.000000 | val_risk=0.000000 | val_blend=0.000000 | batches=382/47 | seconds=28.69 | lr=[0.0008145062499999999] | cuda_peak_mb=1171.9
[2026-09-10 11:17:58] INFO Val horizons | 15min_mae=1.116435 15min_rmse=2.627909 15min_mape=2.324910 | 30min_mae=1.380425 30min_rmse=3.562096 30min_mape=3.138278 | 60min_mae=1.666724 60min_rmse=4.517295 60min_mape=4.040397
[2026-09-10 11:18:28] INFO Epoch 048 | stage=posthoc_calibrator | train_total=1.107883 | train_forecast=1.107883 | train_confidence=0.000000 | train_risk=0.000000 | train_blend=0.000000 | val_total=1.343452 | val_mae=1.340949 | val_rmse=3.546387 | val_mape=3.047887 | val_confidence=0.000000 | val_risk=0.000000 | val_blend=0.000000 | batches=382/47 | seconds=29.25 | lr=[0.0008145062499999999] | cuda_peak_mb=1172.9
[2026-09-10 11:18:28] INFO Val horizons | 15min_mae=1.114117 15min_rmse=2.623413 15min_mape=2.321550 | 30min_mae=1.377606 30min_rmse=3.551808 30min_mape=3.139345 | 60min_mae=1.667354 60min_rmse=4.495718 60min_mape=4.029946
[2026-09-10 11:18:56] INFO Epoch 049 | stage=posthoc_calibrator | train_total=1.107320 | train_forecast=1.107320 | train_confidence=0.000000 | train_risk=0.000000 | train_blend=0.000000 | val_total=1.340298 | val_mae=1.338105 | val_rmse=3.521634 | val_mape=3.007562 | val_confidence=0.000000 | val_risk=0.000000 | val_blend=0.000000 | batches=382/47 | seconds=28.58 | lr=[0.0008145062499999999] | cuda_peak_mb=1171.8
[2026-09-10 11:18:56] INFO Val horizons | 15min_mae=1.113881 15min_rmse=2.614280 15min_mape=2.307495 | 30min_mae=1.374655 30min_rmse=3.527490 30min_mape=3.096004 | 60min_mae=1.661885 60min_rmse=4.458296 60min_mape=3.960563
[2026-09-10 11:19:25] INFO Epoch 050 | stage=posthoc_calibrator | train_total=1.107833 | train_forecast=1.107833 | train_confidence=0.000000 | train_risk=0.000000 | train_blend=0.000000 | val_total=1.343475 | val_mae=1.341239 | val_rmse=3.547019 | val_mape=3.048860 | val_confidence=0.000000 | val_risk=0.000000 | val_blend=0.000000 | batches=382/47 | seconds=28.58 | lr=[0.0008145062499999999] | cuda_peak_mb=1171.8
[2026-09-10 11:19:25] INFO Val horizons | 15min_mae=1.114731 15min_rmse=2.625361 15min_mape=2.321104 | 30min_mae=1.378833 30min_rmse=3.556163 30min_mape=3.135003 | 60min_mae=1.664865 60min_rmse=4.486088 60min_mape=4.031392
[2026-09-10 11:19:25] INFO Downstream training finished | best_val_mae=1.337780 | checkpoint=C:\Users\clw\projects\researchRep\STAnchor-BlockMemory\artifacts\cross_dataset_final\pems08_finetuned_router_argcn_seed42\downstream_best.pt
