[2026-09-17 19:30:11] INFO Downstream start | run=paper_final_joint_context_offset_only_seed42/thesis_only/simple_fusion_retrieval_comparison/metrla/gwn/random | device=cuda:0 (requested=cuda:0) | seed=42 | output=D:\projects\researchProjects\TrafficRobustST\STAnchor-BlockMemory\artifacts\paper_final_joint_context_offset_only_seed42\thesis_only\simple_fusion_retrieval_comparison\metrla\gwn\random
[2026-09-17 19:30:11] INFO Mode | downstream_mode=learned_topk_offset_only_horizon | training_protocol=posthoc_frozen_base | candidate_protocol=weekday_radius1_overlap | candidate_ranking=learned_key | candidate_payload=offset_only
[2026-09-17 19:30:11] INFO Downstream initialization | seed=42 | state_hash=a682355d6fe84ee1
[2026-09-17 19:30:11] INFO Frozen base | checkpoint=D:\projects\researchProjects\TrafficRobustST\STAnchor-BlockMemory\artifacts\convergence\downstream_tgge_v3_matched_fulltrain_queue\downstream_tgge_v3_graphwavenet_base_only_fulltrain_seed42\downstream_best.pt | fingerprint=7833628cfbf8cde5
[2026-09-17 19:30:11] INFO Data | steps=34272 | nodes=207 | channels=1 | training_scope=full_train | memory/post_memory/train_selected/val/test=15876/6805/22681/2993/6025
[2026-09-17 19:30:11] INFO Frozen path cache | enabled=True | storage=disk_mmap | train_samples=22681 | val_samples=2993 | allocated_mib=1520.5
[2026-09-17 19:30:11] INFO Bank/retrieval | dataset=metrla_random_encoder_seed42_simple_fusion | events=15876 | nodes=207 | retrieval_dim=64 | event_top_r=32 | node_top_k=12 | key_dtype=float16
[2026-09-17 19:30:11] INFO Frozen path cache | enabled=yes | candidate_ranking=learned_key | fill=first_epoch
[2026-09-17 19:30:11] INFO Parameters | downstream_total=309,637 | downstream_trainable=12 | backbone=0 | confidence_head=0 | fusion=12 | frozen_pretrained=958,704
[2026-09-17 19:30:11] INFO Optimization | epochs=50 | batch_size=32 | optimizer=adam | lr=0.0005 | weight_decay=0.0001 | scheduler=step_lr | step_size=10 | gamma=0.500 | confidence_weight=0.000 | patience=20 | early_stopping=disabled
[2026-09-17 19:33:24] INFO Downstream start | run=paper_final_joint_context_offset_only_seed42/thesis_only/simple_fusion_retrieval_comparison/metrla/gwn/random | device=cuda:0 (requested=cuda:0) | seed=42 | output=D:\projects\researchProjects\TrafficRobustST\STAnchor-BlockMemory\artifacts\paper_final_joint_context_offset_only_seed42\thesis_only\simple_fusion_retrieval_comparison\metrla\gwn\random
[2026-09-17 19:33:24] INFO Mode | downstream_mode=learned_topk_offset_only_horizon | training_protocol=posthoc_frozen_base | candidate_protocol=weekday_radius1_overlap | candidate_ranking=learned_key | candidate_payload=offset_only
[2026-09-17 19:33:24] INFO Downstream initialization | seed=42 | state_hash=a682355d6fe84ee1
[2026-09-17 19:33:24] INFO Frozen base | checkpoint=D:\projects\researchProjects\TrafficRobustST\STAnchor-BlockMemory\artifacts\convergence\downstream_tgge_v3_matched_fulltrain_queue\downstream_tgge_v3_graphwavenet_base_only_fulltrain_seed42\downstream_best.pt | fingerprint=7833628cfbf8cde5
[2026-09-17 19:33:24] INFO Data | steps=34272 | nodes=207 | channels=1 | training_scope=full_train | memory/post_memory/train_selected/val/test=15876/6805/22681/2993/6025
[2026-09-17 19:33:24] INFO Frozen path cache | enabled=True | storage=disk_mmap | train_samples=22681 | val_samples=2993 | allocated_mib=1520.5
[2026-09-17 19:33:24] INFO Bank/retrieval | dataset=metrla_random_encoder_seed42_simple_fusion | events=15876 | nodes=207 | retrieval_dim=64 | event_top_r=32 | node_top_k=12 | key_dtype=float16
[2026-09-17 19:33:24] INFO Frozen path cache | enabled=yes | candidate_ranking=learned_key | fill=first_epoch
[2026-09-17 19:33:24] INFO Parameters | downstream_total=309,637 | downstream_trainable=12 | backbone=0 | confidence_head=0 | fusion=12 | frozen_pretrained=958,704
[2026-09-17 19:33:24] INFO Optimization | epochs=10 | batch_size=32 | optimizer=adam | lr=0.0005 | weight_decay=0.0001 | scheduler=step_lr | step_size=10 | gamma=0.500 | confidence_weight=0.000 | patience=20 | early_stopping=disabled
[2026-09-17 19:33:25] INFO Stage start | stage=posthoc_calibrator | epochs=10 | optimizer_lrs=[0.0005]
[2026-09-17 19:38:39] INFO Epoch 001 | stage=posthoc_calibrator | train_total=3.017114 | train_forecast=3.017114 | train_confidence=0.000000 | train_risk=0.000000 | train_blend=0.000000 | val_total=2.865466 | val_mae=2.861929 | val_rmse=5.798510 | val_mape=8.199226 | val_confidence=0.000000 | val_risk=0.000000 | val_blend=0.000000 | batches=709/94 | seconds=313.36 | lr=[0.0005] | cuda_peak_mb=3453.4
[2026-09-17 19:38:39] INFO Val horizons | 15min_mae=2.549759 15min_rmse=4.941878 15min_mape=6.859368 | 30min_mae=2.894307 30min_rmse=5.846708 30min_mape=8.338552 | 60min_mae=3.317178 60min_rmse=6.844410 60min_mape=10.053008
[2026-09-17 19:38:39] INFO Checkpoint updated | epoch=1 | stage=posthoc_calibrator | best_val_mae=2.861929 | path=D:\projects\researchProjects\TrafficRobustST\STAnchor-BlockMemory\artifacts\paper_final_joint_context_offset_only_seed42\thesis_only\simple_fusion_retrieval_comparison\metrla\gwn\random\downstream_best.pt
[2026-09-17 19:39:42] INFO Epoch 002 | stage=posthoc_calibrator | train_total=3.014156 | train_forecast=3.014156 | train_confidence=0.000000 | train_risk=0.000000 | train_blend=0.000000 | val_total=2.864517 | val_mae=2.860959 | val_rmse=5.804353 | val_mape=8.202769 | val_confidence=0.000000 | val_risk=0.000000 | val_blend=0.000000 | batches=709/94 | seconds=63.21 | lr=[0.0005] | cuda_peak_mb=109.8
[2026-09-17 19:39:42] INFO Val horizons | 15min_mae=2.548526 15min_rmse=4.944473 15min_mape=6.862037 | 30min_mae=2.893132 30min_rmse=5.852740 30min_mape=8.342077 | 60min_mae=3.316843 60min_rmse=6.851400 60min_mape=10.057138
[2026-09-17 19:39:42] INFO Checkpoint updated | epoch=2 | stage=posthoc_calibrator | best_val_mae=2.860959 | path=D:\projects\researchProjects\TrafficRobustST\STAnchor-BlockMemory\artifacts\paper_final_joint_context_offset_only_seed42\thesis_only\simple_fusion_retrieval_comparison\metrla\gwn\random\downstream_best.pt
[2026-09-17 19:40:45] INFO Epoch 003 | stage=posthoc_calibrator | train_total=3.013226 | train_forecast=3.013226 | train_confidence=0.000000 | train_risk=0.000000 | train_blend=0.000000 | val_total=2.864153 | val_mae=2.860585 | val_rmse=5.807625 | val_mape=8.205013 | val_confidence=0.000000 | val_risk=0.000000 | val_blend=0.000000 | batches=709/94 | seconds=63.25 | lr=[0.0005] | cuda_peak_mb=109.8
[2026-09-17 19:40:45] INFO Val horizons | 15min_mae=2.547984 15min_rmse=4.946232 15min_mape=6.864019 | 30min_mae=2.892672 30min_rmse=5.856402 30min_mape=8.344513 | 60min_mae=3.316761 60min_rmse=6.854477 60min_mape=10.059037
[2026-09-17 19:40:45] INFO Checkpoint updated | epoch=3 | stage=posthoc_calibrator | best_val_mae=2.860585 | path=D:\projects\researchProjects\TrafficRobustST\STAnchor-BlockMemory\artifacts\paper_final_joint_context_offset_only_seed42\thesis_only\simple_fusion_retrieval_comparison\metrla\gwn\random\downstream_best.pt
[2026-09-17 19:41:49] INFO Epoch 004 | stage=posthoc_calibrator | train_total=3.012879 | train_forecast=3.012879 | train_confidence=0.000000 | train_risk=0.000000 | train_blend=0.000000 | val_total=2.864005 | val_mae=2.860432 | val_rmse=5.809329 | val_mape=8.206279 | val_confidence=0.000000 | val_risk=0.000000 | val_blend=0.000000 | batches=709/94 | seconds=63.61 | lr=[0.0005] | cuda_peak_mb=109.8
[2026-09-17 19:41:49] INFO Val horizons | 15min_mae=2.547739 15min_rmse=4.947323 15min_mape=6.865304 | 30min_mae=2.892482 30min_rmse=5.858518 30min_mape=8.346001 | 60min_mae=3.316741 60min_rmse=6.855566 60min_mape=10.059721
[2026-09-17 19:41:49] INFO Checkpoint updated | epoch=4 | stage=posthoc_calibrator | best_val_mae=2.860432 | path=D:\projects\researchProjects\TrafficRobustST\STAnchor-BlockMemory\artifacts\paper_final_joint_context_offset_only_seed42\thesis_only\simple_fusion_retrieval_comparison\metrla\gwn\random\downstream_best.pt
[2026-09-17 19:42:52] INFO Epoch 005 | stage=posthoc_calibrator | train_total=3.012637 | train_forecast=3.012637 | train_confidence=0.000000 | train_risk=0.000000 | train_blend=0.000000 | val_total=2.863938 | val_mae=2.860363 | val_rmse=5.810290 | val_mape=8.207017 | val_confidence=0.000000 | val_risk=0.000000 | val_blend=0.000000 | batches=709/94 | seconds=63.28 | lr=[0.0005] | cuda_peak_mb=109.8
[2026-09-17 19:42:52] INFO Val horizons | 15min_mae=2.547617 15min_rmse=4.947997 15min_mape=6.866116 | 30min_mae=2.892403 30min_rmse=5.859644 30min_mape=8.346818 | 60min_mae=3.316730 60min_rmse=6.856358 60min_mape=10.060223
[2026-09-17 19:42:52] INFO Checkpoint updated | epoch=5 | stage=posthoc_calibrator | best_val_mae=2.860363 | path=D:\projects\researchProjects\TrafficRobustST\STAnchor-BlockMemory\artifacts\paper_final_joint_context_offset_only_seed42\thesis_only\simple_fusion_retrieval_comparison\metrla\gwn\random\downstream_best.pt
[2026-09-17 19:43:54] INFO Epoch 006 | stage=posthoc_calibrator | train_total=3.012530 | train_forecast=3.012530 | train_confidence=0.000000 | train_risk=0.000000 | train_blend=0.000000 | val_total=2.863912 | val_mae=2.860335 | val_rmse=5.810738 | val_mape=8.207361 | val_confidence=0.000000 | val_risk=0.000000 | val_blend=0.000000 | batches=709/94 | seconds=62.06 | lr=[0.0005] | cuda_peak_mb=109.8
[2026-09-17 19:43:54] INFO Val horizons | 15min_mae=2.547564 15min_rmse=4.948326 15min_mape=6.866515 | 30min_mae=2.892375 30min_rmse=5.860111 30min_mape=8.347162 | 60min_mae=3.316725 60min_rmse=6.856799 60min_mape=10.060503
[2026-09-17 19:43:54] INFO Checkpoint updated | epoch=6 | stage=posthoc_calibrator | best_val_mae=2.860335 | path=D:\projects\researchProjects\TrafficRobustST\STAnchor-BlockMemory\artifacts\paper_final_joint_context_offset_only_seed42\thesis_only\simple_fusion_retrieval_comparison\metrla\gwn\random\downstream_best.pt
[2026-09-17 19:44:58] INFO Epoch 007 | stage=posthoc_calibrator | train_total=3.012503 | train_forecast=3.012503 | train_confidence=0.000000 | train_risk=0.000000 | train_blend=0.000000 | val_total=2.863905 | val_mae=2.860328 | val_rmse=5.810778 | val_mape=8.207413 | val_confidence=0.000000 | val_risk=0.000000 | val_blend=0.000000 | batches=709/94 | seconds=63.59 | lr=[0.0005] | cuda_peak_mb=109.8
[2026-09-17 19:44:58] INFO Val horizons | 15min_mae=2.547544 15min_rmse=4.948461 15min_mape=6.866680 | 30min_mae=2.892364 30min_rmse=5.860288 30min_mape=8.347292 | 60min_mae=3.316730 60min_rmse=6.856387 60min_mape=10.060241
[2026-09-17 19:44:58] INFO Checkpoint updated | epoch=7 | stage=posthoc_calibrator | best_val_mae=2.860328 | path=D:\projects\researchProjects\TrafficRobustST\STAnchor-BlockMemory\artifacts\paper_final_joint_context_offset_only_seed42\thesis_only\simple_fusion_retrieval_comparison\metrla\gwn\random\downstream_best.pt
[2026-09-17 19:46:01] INFO Epoch 008 | stage=posthoc_calibrator | train_total=3.012596 | train_forecast=3.012596 | train_confidence=0.000000 | train_risk=0.000000 | train_blend=0.000000 | val_total=2.863900 | val_mae=2.860323 | val_rmse=5.810861 | val_mape=8.207477 | val_confidence=0.000000 | val_risk=0.000000 | val_blend=0.000000 | batches=709/94 | seconds=63.10 | lr=[0.0005] | cuda_peak_mb=109.8
[2026-09-17 19:46:01] INFO Val horizons | 15min_mae=2.547536 15min_rmse=4.948514 15min_mape=6.866744 | 30min_mae=2.892356 30min_rmse=5.860433 30min_mape=8.347400 | 60min_mae=3.316727 60min_rmse=6.856592 60min_mape=10.060372
[2026-09-17 19:46:01] INFO Checkpoint updated | epoch=8 | stage=posthoc_calibrator | best_val_mae=2.860323 | path=D:\projects\researchProjects\TrafficRobustST\STAnchor-BlockMemory\artifacts\paper_final_joint_context_offset_only_seed42\thesis_only\simple_fusion_retrieval_comparison\metrla\gwn\random\downstream_best.pt
[2026-09-17 19:47:03] INFO Epoch 009 | stage=posthoc_calibrator | train_total=3.012510 | train_forecast=3.012510 | train_confidence=0.000000 | train_risk=0.000000 | train_blend=0.000000 | val_total=2.863896 | val_mae=2.860319 | val_rmse=5.810943 | val_mape=8.207539 | val_confidence=0.000000 | val_risk=0.000000 | val_blend=0.000000 | batches=709/94 | seconds=62.28 | lr=[0.0005] | cuda_peak_mb=109.8
[2026-09-17 19:47:03] INFO Val horizons | 15min_mae=2.547529 15min_rmse=4.948561 15min_mape=6.866802 | 30min_mae=2.892354 30min_rmse=5.860468 30min_mape=8.347426 | 60min_mae=3.316726 60min_rmse=6.856761 60min_mape=10.060480
[2026-09-17 19:47:03] INFO Checkpoint updated | epoch=9 | stage=posthoc_calibrator | best_val_mae=2.860319 | path=D:\projects\researchProjects\TrafficRobustST\STAnchor-BlockMemory\artifacts\paper_final_joint_context_offset_only_seed42\thesis_only\simple_fusion_retrieval_comparison\metrla\gwn\random\downstream_best.pt
[2026-09-17 19:48:07] INFO Epoch 010 | stage=posthoc_calibrator | train_total=3.012456 | train_forecast=3.012456 | train_confidence=0.000000 | train_risk=0.000000 | train_blend=0.000000 | val_total=2.863895 | val_mae=2.860318 | val_rmse=5.810939 | val_mape=8.207540 | val_confidence=0.000000 | val_risk=0.000000 | val_blend=0.000000 | batches=709/94 | seconds=63.62 | lr=[0.0005] | cuda_peak_mb=109.8
[2026-09-17 19:48:07] INFO Val horizons | 15min_mae=2.547526 15min_rmse=4.948585 15min_mape=6.866832 | 30min_mae=2.892353 30min_rmse=5.860494 30min_mape=8.347446 | 60min_mae=3.316726 60min_rmse=6.856695 60min_mape=10.060437
[2026-09-17 19:48:07] INFO Checkpoint updated | epoch=10 | stage=posthoc_calibrator | best_val_mae=2.860318 | path=D:\projects\researchProjects\TrafficRobustST\STAnchor-BlockMemory\artifacts\paper_final_joint_context_offset_only_seed42\thesis_only\simple_fusion_retrieval_comparison\metrla\gwn\random\downstream_best.pt
[2026-09-17 19:48:07] INFO Downstream training finished | best_val_mae=2.860318 | checkpoint=D:\projects\researchProjects\TrafficRobustST\STAnchor-BlockMemory\artifacts\paper_final_joint_context_offset_only_seed42\thesis_only\simple_fusion_retrieval_comparison\metrla\gwn\random\downstream_best.pt
