[2026-07-22 18:35:22] INFO Pretraining start | run=metrla_e2_day96_seed42 | device=cuda:0 (requested=cuda:0) | seed=42 | output=C:\Users\clw\projects\researchRep\STAnchor-BlockMemory\artifacts\metrla_e2_day96_seed42
[2026-07-22 18:35:22] INFO Data | steps=34272 | nodes=207 | channels=1 | train/val/test=22681/2993/6025 | dropped_unobserved=1010/135/531
[2026-07-22 18:35:22] INFO Tensor contract | retrieval_x=[B,288,207,1] | forecast_x=[B,12,207,1] | patches=24 | hidden=96 | retrieval_dim=48 | y=[B,12,207,1] | graph_edges=1722
[2026-07-22 18:35:22] INFO Parameters | total=391,836 | trainable=391,836 | embedding=30,432 | encoder=336,864 | retrieval_head=23,376 | reconstruction_head=1,164
[2026-07-22 18:35:22] INFO Optimization | epochs=50 | batch_size=16 | lr=0.001 | weight_decay=0.0001 | time_mask=0.250 | time_mask_block=36 steps | space_mask=0.250 | retrieval_weight=0.100 | patience=10
[2026-07-22 18:46:15] INFO Epoch 001 | train_total=0.492246 | val_total=0.435975 | val_mask=0.287579 | val_retrieval=1.483954 | val_anchors=611214 | val_positive_pairs=1136039 | val_hard_negatives=291940 | val_masked_positions=42204974 | skipped(train/val)=0/0
[2026-07-22 18:46:15] INFO Checkpoint updated | epoch=1 | best_val=0.435975 | path=C:\Users\clw\projects\researchRep\STAnchor-BlockMemory\artifacts\metrla_e2_day96_seed42\pretrain_best.pt
[2026-07-22 18:57:03] INFO Epoch 002 | train_total=0.434888 | val_total=0.408991 | val_mask=0.266906 | val_retrieval=1.420850 | val_anchors=611214 | val_positive_pairs=1136039 | val_hard_negatives=291940 | val_masked_positions=42178385 | skipped(train/val)=0/0
[2026-07-22 18:57:03] INFO Checkpoint updated | epoch=2 | best_val=0.408991 | path=C:\Users\clw\projects\researchRep\STAnchor-BlockMemory\artifacts\metrla_e2_day96_seed42\pretrain_best.pt
[2026-07-22 19:07:52] INFO Epoch 003 | train_total=0.409312 | val_total=0.398644 | val_mask=0.261749 | val_retrieval=1.368954 | val_anchors=611214 | val_positive_pairs=1136039 | val_hard_negatives=291940 | val_masked_positions=42199203 | skipped(train/val)=0/0
[2026-07-22 19:07:52] INFO Checkpoint updated | epoch=3 | best_val=0.398644 | path=C:\Users\clw\projects\researchRep\STAnchor-BlockMemory\artifacts\metrla_e2_day96_seed42\pretrain_best.pt
[2026-07-22 19:18:37] INFO Epoch 004 | train_total=0.398763 | val_total=0.388239 | val_mask=0.253500 | val_retrieval=1.347388 | val_anchors=611214 | val_positive_pairs=1136039 | val_hard_negatives=291940 | val_masked_positions=42212243 | skipped(train/val)=0/0
[2026-07-22 19:18:37] INFO Checkpoint updated | epoch=4 | best_val=0.388239 | path=C:\Users\clw\projects\researchRep\STAnchor-BlockMemory\artifacts\metrla_e2_day96_seed42\pretrain_best.pt
[2026-07-22 19:29:20] INFO Epoch 005 | train_total=0.394948 | val_total=0.386947 | val_mask=0.255496 | val_retrieval=1.314514 | val_anchors=611214 | val_positive_pairs=1136039 | val_hard_negatives=291940 | val_masked_positions=42180108 | skipped(train/val)=0/0
[2026-07-22 19:29:20] INFO Checkpoint updated | epoch=5 | best_val=0.386947 | path=C:\Users\clw\projects\researchRep\STAnchor-BlockMemory\artifacts\metrla_e2_day96_seed42\pretrain_best.pt
[2026-07-22 19:40:06] INFO Epoch 006 | train_total=0.382275 | val_total=0.373815 | val_mask=0.241908 | val_retrieval=1.319069 | val_anchors=611214 | val_positive_pairs=1136039 | val_hard_negatives=291940 | val_masked_positions=42176649 | skipped(train/val)=0/0
[2026-07-22 19:40:06] INFO Checkpoint updated | epoch=6 | best_val=0.373815 | path=C:\Users\clw\projects\researchRep\STAnchor-BlockMemory\artifacts\metrla_e2_day96_seed42\pretrain_best.pt
[2026-07-22 19:50:55] INFO Epoch 007 | train_total=0.414523 | val_total=0.377936 | val_mask=0.246794 | val_retrieval=1.311416 | val_anchors=611214 | val_positive_pairs=1136039 | val_hard_negatives=291940 | val_masked_positions=42120865 | skipped(train/val)=0/0
[2026-07-22 20:01:44] INFO Epoch 008 | train_total=0.369304 | val_total=0.370755 | val_mask=0.242078 | val_retrieval=1.286770 | val_anchors=611214 | val_positive_pairs=1136039 | val_hard_negatives=291940 | val_masked_positions=42218624 | skipped(train/val)=0/0
[2026-07-22 20:01:44] INFO Checkpoint updated | epoch=8 | best_val=0.370755 | path=C:\Users\clw\projects\researchRep\STAnchor-BlockMemory\artifacts\metrla_e2_day96_seed42\pretrain_best.pt
[2026-07-22 20:12:35] INFO Epoch 009 | train_total=0.366673 | val_total=0.367982 | val_mask=0.238988 | val_retrieval=1.289939 | val_anchors=611214 | val_positive_pairs=1136039 | val_hard_negatives=291940 | val_masked_positions=42172325 | skipped(train/val)=0/0
[2026-07-22 20:12:35] INFO Checkpoint updated | epoch=9 | best_val=0.367982 | path=C:\Users\clw\projects\researchRep\STAnchor-BlockMemory\artifacts\metrla_e2_day96_seed42\pretrain_best.pt
[2026-07-22 20:23:26] INFO Epoch 010 | train_total=0.368531 | val_total=0.362896 | val_mask=0.234409 | val_retrieval=1.284863 | val_anchors=611214 | val_positive_pairs=1136039 | val_hard_negatives=291940 | val_masked_positions=42138022 | skipped(train/val)=0/0
[2026-07-22 20:23:26] INFO Checkpoint updated | epoch=10 | best_val=0.362896 | path=C:\Users\clw\projects\researchRep\STAnchor-BlockMemory\artifacts\metrla_e2_day96_seed42\pretrain_best.pt
[2026-07-22 20:34:14] INFO Epoch 011 | train_total=0.360590 | val_total=0.368002 | val_mask=0.238002 | val_retrieval=1.299995 | val_anchors=611214 | val_positive_pairs=1136039 | val_hard_negatives=291940 | val_masked_positions=42193153 | skipped(train/val)=0/0
[2026-07-22 20:45:02] INFO Epoch 012 | train_total=0.363307 | val_total=0.361416 | val_mask=0.233881 | val_retrieval=1.275344 | val_anchors=611214 | val_positive_pairs=1136039 | val_hard_negatives=291940 | val_masked_positions=42185966 | skipped(train/val)=0/0
[2026-07-22 20:45:02] INFO Checkpoint updated | epoch=12 | best_val=0.361416 | path=C:\Users\clw\projects\researchRep\STAnchor-BlockMemory\artifacts\metrla_e2_day96_seed42\pretrain_best.pt
[2026-07-22 20:55:51] INFO Epoch 013 | train_total=0.359184 | val_total=0.353284 | val_mask=0.225950 | val_retrieval=1.273341 | val_anchors=611214 | val_positive_pairs=1136039 | val_hard_negatives=291940 | val_masked_positions=42191306 | skipped(train/val)=0/0
[2026-07-22 20:55:51] INFO Checkpoint updated | epoch=13 | best_val=0.353284 | path=C:\Users\clw\projects\researchRep\STAnchor-BlockMemory\artifacts\metrla_e2_day96_seed42\pretrain_best.pt
[2026-07-22 21:06:41] INFO Epoch 014 | train_total=0.353751 | val_total=0.355526 | val_mask=0.228960 | val_retrieval=1.265662 | val_anchors=611214 | val_positive_pairs=1136039 | val_hard_negatives=291940 | val_masked_positions=42202929 | skipped(train/val)=0/0
[2026-07-22 21:17:32] INFO Epoch 015 | train_total=0.350002 | val_total=0.360568 | val_mask=0.229550 | val_retrieval=1.310176 | val_anchors=611214 | val_positive_pairs=1136039 | val_hard_negatives=291940 | val_masked_positions=42171185 | skipped(train/val)=0/0
[2026-07-22 21:28:23] INFO Epoch 016 | train_total=0.349438 | val_total=0.356006 | val_mask=0.227059 | val_retrieval=1.289463 | val_anchors=611214 | val_positive_pairs=1136039 | val_hard_negatives=291940 | val_masked_positions=42263114 | skipped(train/val)=0/0
[2026-07-22 21:39:11] INFO Epoch 017 | train_total=0.357776 | val_total=0.351416 | val_mask=0.224481 | val_retrieval=1.269350 | val_anchors=611214 | val_positive_pairs=1136039 | val_hard_negatives=291940 | val_masked_positions=42146254 | skipped(train/val)=0/0
[2026-07-22 21:39:11] INFO Checkpoint updated | epoch=17 | best_val=0.351416 | path=C:\Users\clw\projects\researchRep\STAnchor-BlockMemory\artifacts\metrla_e2_day96_seed42\pretrain_best.pt
[2026-07-22 21:50:02] INFO Epoch 018 | train_total=0.358492 | val_total=0.355822 | val_mask=0.228351 | val_retrieval=1.274710 | val_anchors=611214 | val_positive_pairs=1136039 | val_hard_negatives=291940 | val_masked_positions=42202077 | skipped(train/val)=0/0
[2026-07-22 22:00:51] INFO Epoch 019 | train_total=0.348935 | val_total=0.352391 | val_mask=0.225829 | val_retrieval=1.265622 | val_anchors=611214 | val_positive_pairs=1136039 | val_hard_negatives=291940 | val_masked_positions=42192022 | skipped(train/val)=0/0
[2026-07-22 22:11:42] INFO Epoch 020 | train_total=0.340162 | val_total=0.364146 | val_mask=0.236820 | val_retrieval=1.273263 | val_anchors=611214 | val_positive_pairs=1136039 | val_hard_negatives=291940 | val_masked_positions=42173756 | skipped(train/val)=0/0
[2026-07-22 22:22:33] INFO Epoch 021 | train_total=0.344482 | val_total=0.350469 | val_mask=0.223887 | val_retrieval=1.265821 | val_anchors=611214 | val_positive_pairs=1136039 | val_hard_negatives=291940 | val_masked_positions=42219633 | skipped(train/val)=0/0
[2026-07-22 22:22:33] INFO Checkpoint updated | epoch=21 | best_val=0.350469 | path=C:\Users\clw\projects\researchRep\STAnchor-BlockMemory\artifacts\metrla_e2_day96_seed42\pretrain_best.pt
[2026-07-22 22:33:23] INFO Epoch 022 | train_total=0.342486 | val_total=0.355184 | val_mask=0.227930 | val_retrieval=1.272538 | val_anchors=611214 | val_positive_pairs=1136039 | val_hard_negatives=291940 | val_masked_positions=42142095 | skipped(train/val)=0/0
[2026-07-22 22:44:12] INFO Epoch 023 | train_total=0.341664 | val_total=0.352405 | val_mask=0.225477 | val_retrieval=1.269284 | val_anchors=611214 | val_positive_pairs=1136039 | val_hard_negatives=291940 | val_masked_positions=42121499 | skipped(train/val)=0/0
[2026-07-22 22:55:04] INFO Epoch 024 | train_total=0.336384 | val_total=0.351508 | val_mask=0.224014 | val_retrieval=1.274948 | val_anchors=611214 | val_positive_pairs=1136039 | val_hard_negatives=291940 | val_masked_positions=42231109 | skipped(train/val)=0/0
[2026-07-22 23:05:56] INFO Epoch 025 | train_total=0.332463 | val_total=0.350777 | val_mask=0.224591 | val_retrieval=1.261859 | val_anchors=611214 | val_positive_pairs=1136039 | val_hard_negatives=291940 | val_masked_positions=42160856 | skipped(train/val)=0/0
[2026-07-22 23:16:48] INFO Epoch 026 | train_total=0.333228 | val_total=0.350042 | val_mask=0.222879 | val_retrieval=1.271627 | val_anchors=611214 | val_positive_pairs=1136039 | val_hard_negatives=291940 | val_masked_positions=42235576 | skipped(train/val)=0/0
[2026-07-22 23:16:49] INFO Checkpoint updated | epoch=26 | best_val=0.350042 | path=C:\Users\clw\projects\researchRep\STAnchor-BlockMemory\artifacts\metrla_e2_day96_seed42\pretrain_best.pt
[2026-07-22 23:27:36] INFO Epoch 027 | train_total=0.338854 | val_total=0.353615 | val_mask=0.227642 | val_retrieval=1.259735 | val_anchors=611214 | val_positive_pairs=1136039 | val_hard_negatives=291940 | val_masked_positions=42192090 | skipped(train/val)=0/0
[2026-07-22 23:38:23] INFO Epoch 028 | train_total=0.337694 | val_total=0.355486 | val_mask=0.227689 | val_retrieval=1.277968 | val_anchors=611214 | val_positive_pairs=1136039 | val_hard_negatives=291940 | val_masked_positions=42153866 | skipped(train/val)=0/0
[2026-07-22 23:49:12] INFO Epoch 029 | train_total=0.335791 | val_total=0.342755 | val_mask=0.214888 | val_retrieval=1.278666 | val_anchors=611214 | val_positive_pairs=1136039 | val_hard_negatives=291940 | val_masked_positions=42128790 | skipped(train/val)=0/0
[2026-07-22 23:49:12] INFO Checkpoint updated | epoch=29 | best_val=0.342755 | path=C:\Users\clw\projects\researchRep\STAnchor-BlockMemory\artifacts\metrla_e2_day96_seed42\pretrain_best.pt
[2026-07-23 00:00:02] INFO Epoch 030 | train_total=0.334481 | val_total=0.352493 | val_mask=0.225285 | val_retrieval=1.272086 | val_anchors=611214 | val_positive_pairs=1136039 | val_hard_negatives=291940 | val_masked_positions=42160514 | skipped(train/val)=0/0
[2026-07-23 00:10:53] INFO Epoch 031 | train_total=0.340117 | val_total=0.349409 | val_mask=0.223772 | val_retrieval=1.256362 | val_anchors=611214 | val_positive_pairs=1136039 | val_hard_negatives=291940 | val_masked_positions=42209009 | skipped(train/val)=0/0
[2026-07-23 00:21:47] INFO Epoch 032 | train_total=0.337318 | val_total=0.345397 | val_mask=0.218839 | val_retrieval=1.265576 | val_anchors=611214 | val_positive_pairs=1136039 | val_hard_negatives=291940 | val_masked_positions=42146735 | skipped(train/val)=0/0
[2026-07-23 00:32:35] INFO Epoch 033 | train_total=0.332750 | val_total=0.352184 | val_mask=0.223912 | val_retrieval=1.282719 | val_anchors=611214 | val_positive_pairs=1136039 | val_hard_negatives=291940 | val_masked_positions=42200053 | skipped(train/val)=0/0
[2026-07-23 00:43:20] INFO Epoch 034 | train_total=0.328612 | val_total=0.353786 | val_mask=0.224674 | val_retrieval=1.291116 | val_anchors=611214 | val_positive_pairs=1136039 | val_hard_negatives=291940 | val_masked_positions=42211306 | skipped(train/val)=0/0
[2026-07-23 00:53:50] INFO Epoch 035 | train_total=0.335106 | val_total=0.349464 | val_mask=0.222326 | val_retrieval=1.271380 | val_anchors=611214 | val_positive_pairs=1136039 | val_hard_negatives=291940 | val_masked_positions=42212770 | skipped(train/val)=0/0
[2026-07-23 01:04:20] INFO Epoch 036 | train_total=0.327443 | val_total=0.350700 | val_mask=0.223232 | val_retrieval=1.274685 | val_anchors=611214 | val_positive_pairs=1136039 | val_hard_negatives=291940 | val_masked_positions=42193191 | skipped(train/val)=0/0
[2026-07-23 01:14:52] INFO Epoch 037 | train_total=0.334881 | val_total=0.349537 | val_mask=0.223734 | val_retrieval=1.258026 | val_anchors=611214 | val_positive_pairs=1136039 | val_hard_negatives=291940 | val_masked_positions=42152998 | skipped(train/val)=0/0
[2026-07-23 01:25:22] INFO Epoch 038 | train_total=0.326545 | val_total=0.347122 | val_mask=0.220085 | val_retrieval=1.270371 | val_anchors=611214 | val_positive_pairs=1136039 | val_hard_negatives=291940 | val_masked_positions=42135768 | skipped(train/val)=0/0
[2026-07-23 01:35:53] INFO Epoch 039 | train_total=0.325233 | val_total=0.348081 | val_mask=0.221458 | val_retrieval=1.266227 | val_anchors=611214 | val_positive_pairs=1136039 | val_hard_negatives=291940 | val_masked_positions=42166634 | skipped(train/val)=0/0
[2026-07-23 01:35:53] INFO Early stopping | epoch=39 | stale_epochs=10 | best_val=0.342755
[2026-07-23 01:35:53] INFO Pretraining finished | best_val=0.342755 | checkpoint=C:\Users\clw\projects\researchRep\STAnchor-BlockMemory\artifacts\metrla_e2_day96_seed42\pretrain_best.pt
