[2026-09-09 09:55:58] INFO Downstream start | run=cross_dataset_final/pemsbay_finetuned_router_stgcn_seed42 | device=cuda:0 (requested=cuda:0) | seed=42 | output=C:\Users\clw\projects\researchRep\STAnchor-BlockMemory\artifacts\cross_dataset_final\pemsbay_finetuned_router_stgcn_seed42
[2026-09-09 09:55:58] INFO Mode | downstream_mode=learned_topk_error_aware | training_protocol=posthoc_frozen_base | candidate_protocol=weekday_radius1_overlap
[2026-09-09 09:55:58] INFO Downstream initialization | seed=42 | state_hash=15f9a55797718fc1
[2026-09-09 09:55:58] INFO Frozen base | checkpoint=C:\Users\clw\projects\researchRep\STAnchor-BlockMemory\artifacts\cross_dataset_stage1\pemsbay_baseonly_stgcn_seed42\downstream_best.pt | fingerprint=a206400ca9644f42
[2026-09-09 09:55:58] INFO Data | steps=52116 | nodes=325 | channels=1 | training_scope=full_train | memory/post_memory/train_selected/val/test=25327/10855/36182/4912/10125
[2026-09-09 09:55:58] INFO Bank/retrieval | dataset=PEMS-BAY-T1 | events=25327 | nodes=325 | retrieval_dim=64 | event_top_r=96 | node_top_k=12 | key_dtype=float16
[2026-09-09 09:55:58] INFO Parameters | downstream_total=1,171,622 | downstream_trainable=879,693 | backbone=0 | confidence_head=0 | fusion=0 | frozen_pretrained=958,704
[2026-09-09 09:55:58] INFO Optimization | epochs=50 | batch_size=32 | optimizer=adam | lr=0.001 | weight_decay=0.0001 | scheduler=step_lr | step_size=10 | gamma=0.950 | confidence_weight=0.000 | patience=10 | early_stopping=disabled
[2026-09-09 09:55:59] INFO Stage start | stage=posthoc_calibrator | epochs=50 | optimizer_lrs=[0.001]
[2026-09-09 10:13:17] INFO Epoch 001 | stage=posthoc_calibrator | train_total=1.421845 | train_forecast=1.421845 | train_confidence=0.000000 | train_risk=0.000000 | train_blend=0.000000 | val_total=1.596851 | val_mae=1.592104 | val_rmse=3.688606 | val_mape=3.660175 | val_confidence=0.000000 | val_risk=0.000000 | val_blend=0.000000 | batches=1131/154 | seconds=1037.37 | lr=[0.001] | cuda_peak_mb=5432.0
[2026-09-09 10:13:17] INFO Val horizons | 15min_mae=1.342818 15min_rmse=2.808153 15min_mape=2.912273 | 30min_mae=1.659580 30min_rmse=3.778509 30min_mape=3.847265 | 60min_mae=1.928512 60min_rmse=4.532478 60min_mape=4.592128
[2026-09-09 10:13:17] INFO Checkpoint updated | epoch=1 | stage=posthoc_calibrator | best_val_mae=1.592104 | path=C:\Users\clw\projects\researchRep\STAnchor-BlockMemory\artifacts\cross_dataset_final\pemsbay_finetuned_router_stgcn_seed42\downstream_best.pt
[2026-09-09 10:15:48] INFO Epoch 002 | stage=posthoc_calibrator | train_total=1.416336 | train_forecast=1.416336 | train_confidence=0.000000 | train_risk=0.000000 | train_blend=0.000000 | val_total=1.592284 | val_mae=1.587543 | val_rmse=3.677944 | val_mape=3.650183 | val_confidence=0.000000 | val_risk=0.000000 | val_blend=0.000000 | batches=1131/154 | seconds=151.21 | lr=[0.001] | cuda_peak_mb=2203.0
[2026-09-09 10:15:48] INFO Val horizons | 15min_mae=1.340546 15min_rmse=2.806460 15min_mape=2.903538 | 30min_mae=1.655304 30min_rmse=3.770638 30min_mape=3.837924 | 60min_mae=1.920411 60min_rmse=4.512306 60min_mape=4.574477
[2026-09-09 10:15:48] INFO Checkpoint updated | epoch=2 | stage=posthoc_calibrator | best_val_mae=1.587543 | path=C:\Users\clw\projects\researchRep\STAnchor-BlockMemory\artifacts\cross_dataset_final\pemsbay_finetuned_router_stgcn_seed42\downstream_best.pt
[2026-09-09 10:18:18] INFO Epoch 003 | stage=posthoc_calibrator | train_total=1.414804 | train_forecast=1.414804 | train_confidence=0.000000 | train_risk=0.000000 | train_blend=0.000000 | val_total=1.591837 | val_mae=1.587028 | val_rmse=3.679810 | val_mape=3.672623 | val_confidence=0.000000 | val_risk=0.000000 | val_blend=0.000000 | batches=1131/154 | seconds=149.73 | lr=[0.001] | cuda_peak_mb=2203.1
[2026-09-09 10:18:18] INFO Val horizons | 15min_mae=1.340216 15min_rmse=2.805830 15min_mape=2.920292 | 30min_mae=1.654790 30min_rmse=3.773713 30min_mape=3.858146 | 60min_mae=1.919999 60min_rmse=4.516494 60min_mape=4.614840
[2026-09-09 10:18:18] INFO Checkpoint updated | epoch=3 | stage=posthoc_calibrator | best_val_mae=1.587028 | path=C:\Users\clw\projects\researchRep\STAnchor-BlockMemory\artifacts\cross_dataset_final\pemsbay_finetuned_router_stgcn_seed42\downstream_best.pt
[2026-09-09 10:20:47] INFO Epoch 004 | stage=posthoc_calibrator | train_total=1.413349 | train_forecast=1.413349 | train_confidence=0.000000 | train_risk=0.000000 | train_blend=0.000000 | val_total=1.592460 | val_mae=1.587685 | val_rmse=3.680274 | val_mape=3.643511 | val_confidence=0.000000 | val_risk=0.000000 | val_blend=0.000000 | batches=1131/154 | seconds=149.32 | lr=[0.001] | cuda_peak_mb=2203.4
[2026-09-09 10:20:47] INFO Val horizons | 15min_mae=1.338110 15min_rmse=2.803009 15min_mape=2.894044 | 30min_mae=1.655153 30min_rmse=3.772611 30min_mape=3.827084 | 60min_mae=1.924109 60min_rmse=4.521190 60min_mape=4.577078
[2026-09-09 10:23:16] INFO Epoch 005 | stage=posthoc_calibrator | train_total=1.412357 | train_forecast=1.412357 | train_confidence=0.000000 | train_risk=0.000000 | train_blend=0.000000 | val_total=1.589429 | val_mae=1.584691 | val_rmse=3.675247 | val_mape=3.647550 | val_confidence=0.000000 | val_risk=0.000000 | val_blend=0.000000 | batches=1131/154 | seconds=149.27 | lr=[0.001] | cuda_peak_mb=2202.8
[2026-09-09 10:23:16] INFO Val horizons | 15min_mae=1.337370 15min_rmse=2.804699 15min_mape=2.894678 | 30min_mae=1.652938 30min_rmse=3.771407 30min_mape=3.831168 | 60min_mae=1.916790 60min_rmse=4.505137 60min_mape=4.586912
[2026-09-09 10:23:16] INFO Checkpoint updated | epoch=5 | stage=posthoc_calibrator | best_val_mae=1.584691 | path=C:\Users\clw\projects\researchRep\STAnchor-BlockMemory\artifacts\cross_dataset_final\pemsbay_finetuned_router_stgcn_seed42\downstream_best.pt
[2026-09-09 10:25:45] INFO Epoch 006 | stage=posthoc_calibrator | train_total=1.411519 | train_forecast=1.411519 | train_confidence=0.000000 | train_risk=0.000000 | train_blend=0.000000 | val_total=1.590057 | val_mae=1.585300 | val_rmse=3.678300 | val_mape=3.645833 | val_confidence=0.000000 | val_risk=0.000000 | val_blend=0.000000 | batches=1131/154 | seconds=149.05 | lr=[0.001] | cuda_peak_mb=2202.6
[2026-09-09 10:25:45] INFO Val horizons | 15min_mae=1.337371 15min_rmse=2.804779 15min_mape=2.897259 | 30min_mae=1.653145 30min_rmse=3.776950 30min_mape=3.826647 | 60min_mae=1.918007 60min_rmse=4.509340 60min_mape=4.580341
[2026-09-09 10:28:15] INFO Epoch 007 | stage=posthoc_calibrator | train_total=1.410806 | train_forecast=1.410806 | train_confidence=0.000000 | train_risk=0.000000 | train_blend=0.000000 | val_total=1.588572 | val_mae=1.583841 | val_rmse=3.660205 | val_mape=3.654750 | val_confidence=0.000000 | val_risk=0.000000 | val_blend=0.000000 | batches=1131/154 | seconds=149.39 | lr=[0.001] | cuda_peak_mb=2202.8
[2026-09-09 10:28:15] INFO Val horizons | 15min_mae=1.340037 15min_rmse=2.803999 15min_mape=2.912365 | 30min_mae=1.653000 30min_rmse=3.764361 30min_mape=3.850240 | 60min_mae=1.912271 60min_rmse=4.472691 60min_mape=4.571470
[2026-09-09 10:28:15] INFO Checkpoint updated | epoch=7 | stage=posthoc_calibrator | best_val_mae=1.583841 | path=C:\Users\clw\projects\researchRep\STAnchor-BlockMemory\artifacts\cross_dataset_final\pemsbay_finetuned_router_stgcn_seed42\downstream_best.pt
[2026-09-09 10:30:44] INFO Epoch 008 | stage=posthoc_calibrator | train_total=1.410153 | train_forecast=1.410153 | train_confidence=0.000000 | train_risk=0.000000 | train_blend=0.000000 | val_total=1.589159 | val_mae=1.584412 | val_rmse=3.672609 | val_mape=3.640191 | val_confidence=0.000000 | val_risk=0.000000 | val_blend=0.000000 | batches=1131/154 | seconds=149.35 | lr=[0.001] | cuda_peak_mb=2203.0
[2026-09-09 10:30:44] INFO Val horizons | 15min_mae=1.336876 15min_rmse=2.801944 15min_mape=2.887613 | 30min_mae=1.652146 30min_rmse=3.769645 30min_mape=3.816447 | 60min_mae=1.917359 60min_rmse=4.502830 60min_mape=4.584493
[2026-09-09 10:33:13] INFO Epoch 009 | stage=posthoc_calibrator | train_total=1.409513 | train_forecast=1.409513 | train_confidence=0.000000 | train_risk=0.000000 | train_blend=0.000000 | val_total=1.587330 | val_mae=1.582608 | val_rmse=3.662953 | val_mape=3.667471 | val_confidence=0.000000 | val_risk=0.000000 | val_blend=0.000000 | batches=1131/154 | seconds=149.31 | lr=[0.001] | cuda_peak_mb=2202.8
[2026-09-09 10:33:13] INFO Val horizons | 15min_mae=1.338582 15min_rmse=2.801657 15min_mape=2.920045 | 30min_mae=1.650738 30min_rmse=3.763467 30min_mape=3.858234 | 60min_mae=1.912753 60min_rmse=4.488338 60min_mape=4.602040
[2026-09-09 10:33:14] INFO Checkpoint updated | epoch=9 | stage=posthoc_calibrator | best_val_mae=1.582608 | path=C:\Users\clw\projects\researchRep\STAnchor-BlockMemory\artifacts\cross_dataset_final\pemsbay_finetuned_router_stgcn_seed42\downstream_best.pt
[2026-09-09 10:35:43] INFO Epoch 010 | stage=posthoc_calibrator | train_total=1.408837 | train_forecast=1.408837 | train_confidence=0.000000 | train_risk=0.000000 | train_blend=0.000000 | val_total=1.587494 | val_mae=1.582726 | val_rmse=3.671468 | val_mape=3.650650 | val_confidence=0.000000 | val_risk=0.000000 | val_blend=0.000000 | batches=1131/154 | seconds=149.30 | lr=[0.001] | cuda_peak_mb=2203.1
[2026-09-09 10:35:43] INFO Val horizons | 15min_mae=1.336554 15min_rmse=2.802330 15min_mape=2.897625 | 30min_mae=1.651344 30min_rmse=3.772489 30min_mape=3.834045 | 60min_mae=1.912488 60min_rmse=4.495967 60min_mape=4.587031
[2026-09-09 10:38:13] INFO Epoch 011 | stage=posthoc_calibrator | train_total=1.408431 | train_forecast=1.408431 | train_confidence=0.000000 | train_risk=0.000000 | train_blend=0.000000 | val_total=1.591620 | val_mae=1.586877 | val_rmse=3.678562 | val_mape=3.698469 | val_confidence=0.000000 | val_risk=0.000000 | val_blend=0.000000 | batches=1131/154 | seconds=150.46 | lr=[0.00095] | cuda_peak_mb=2203.4
[2026-09-09 10:38:13] INFO Val horizons | 15min_mae=1.341071 15min_rmse=2.811822 15min_mape=2.931825 | 30min_mae=1.655254 30min_rmse=3.780939 30min_mape=3.892176 | 60min_mae=1.918808 60min_rmse=4.506478 60min_mape=4.645391
[2026-09-09 10:40:50] INFO Epoch 012 | stage=posthoc_calibrator | train_total=1.408008 | train_forecast=1.408008 | train_confidence=0.000000 | train_risk=0.000000 | train_blend=0.000000 | val_total=1.588068 | val_mae=1.583366 | val_rmse=3.670711 | val_mape=3.661385 | val_confidence=0.000000 | val_risk=0.000000 | val_blend=0.000000 | batches=1131/154 | seconds=156.77 | lr=[0.00095] | cuda_peak_mb=2202.8
[2026-09-09 10:40:50] INFO Val horizons | 15min_mae=1.336514 15min_rmse=2.804882 15min_mape=2.898440 | 30min_mae=1.651437 30min_rmse=3.772265 30min_mape=3.838260 | 60min_mae=1.914803 60min_rmse=4.495088 60min_mape=4.618643
[2026-09-09 10:43:25] INFO Epoch 013 | stage=posthoc_calibrator | train_total=1.407602 | train_forecast=1.407602 | train_confidence=0.000000 | train_risk=0.000000 | train_blend=0.000000 | val_total=1.586372 | val_mae=1.581622 | val_rmse=3.663457 | val_mape=3.644601 | val_confidence=0.000000 | val_risk=0.000000 | val_blend=0.000000 | batches=1131/154 | seconds=155.02 | lr=[0.00095] | cuda_peak_mb=2202.6
[2026-09-09 10:43:25] INFO Val horizons | 15min_mae=1.336075 15min_rmse=2.801290 15min_mape=2.899497 | 30min_mae=1.650155 30min_rmse=3.767705 30min_mape=3.831425 | 60min_mae=1.911486 60min_rmse=4.482172 60min_mape=4.566638
[2026-09-09 10:43:25] INFO Checkpoint updated | epoch=13 | stage=posthoc_calibrator | best_val_mae=1.581622 | path=C:\Users\clw\projects\researchRep\STAnchor-BlockMemory\artifacts\cross_dataset_final\pemsbay_finetuned_router_stgcn_seed42\downstream_best.pt
[2026-09-09 10:45:59] INFO Epoch 014 | stage=posthoc_calibrator | train_total=1.407229 | train_forecast=1.407229 | train_confidence=0.000000 | train_risk=0.000000 | train_blend=0.000000 | val_total=1.586314 | val_mae=1.581591 | val_rmse=3.669522 | val_mape=3.649825 | val_confidence=0.000000 | val_risk=0.000000 | val_blend=0.000000 | batches=1131/154 | seconds=153.81 | lr=[0.00095] | cuda_peak_mb=2202.8
[2026-09-09 10:45:59] INFO Val horizons | 15min_mae=1.336181 15min_rmse=2.803904 15min_mape=2.901168 | 30min_mae=1.649564 30min_rmse=3.770393 30min_mape=3.832036 | 60min_mae=1.912462 60min_rmse=4.495088 60min_mape=4.586353
[2026-09-09 10:45:59] INFO Checkpoint updated | epoch=14 | stage=posthoc_calibrator | best_val_mae=1.581591 | path=C:\Users\clw\projects\researchRep\STAnchor-BlockMemory\artifacts\cross_dataset_final\pemsbay_finetuned_router_stgcn_seed42\downstream_best.pt
[2026-09-09 10:48:33] INFO Epoch 015 | stage=posthoc_calibrator | train_total=1.407095 | train_forecast=1.407095 | train_confidence=0.000000 | train_risk=0.000000 | train_blend=0.000000 | val_total=1.589998 | val_mae=1.585206 | val_rmse=3.674930 | val_mape=3.636556 | val_confidence=0.000000 | val_risk=0.000000 | val_blend=0.000000 | batches=1131/154 | seconds=153.79 | lr=[0.00095] | cuda_peak_mb=2203.0
[2026-09-09 10:48:33] INFO Val horizons | 15min_mae=1.337340 15min_rmse=2.799364 15min_mape=2.885749 | 30min_mae=1.652933 30min_rmse=3.769390 30min_mape=3.810642 | 60min_mae=1.918825 60min_rmse=4.514872 60min_mape=4.580650
[2026-09-09 10:51:07] INFO Epoch 016 | stage=posthoc_calibrator | train_total=1.406754 | train_forecast=1.406754 | train_confidence=0.000000 | train_risk=0.000000 | train_blend=0.000000 | val_total=1.585600 | val_mae=1.580850 | val_rmse=3.665050 | val_mape=3.655765 | val_confidence=0.000000 | val_risk=0.000000 | val_blend=0.000000 | batches=1131/154 | seconds=154.14 | lr=[0.00095] | cuda_peak_mb=2202.8
[2026-09-09 10:51:07] INFO Val horizons | 15min_mae=1.335963 15min_rmse=2.799269 15min_mape=2.908226 | 30min_mae=1.648914 30min_rmse=3.767276 30min_mape=3.839791 | 60min_mae=1.909860 60min_rmse=4.487151 60min_mape=4.584123
[2026-09-09 10:51:07] INFO Checkpoint updated | epoch=16 | stage=posthoc_calibrator | best_val_mae=1.580850 | path=C:\Users\clw\projects\researchRep\STAnchor-BlockMemory\artifacts\cross_dataset_final\pemsbay_finetuned_router_stgcn_seed42\downstream_best.pt
[2026-09-09 10:53:41] INFO Epoch 017 | stage=posthoc_calibrator | train_total=1.406650 | train_forecast=1.406650 | train_confidence=0.000000 | train_risk=0.000000 | train_blend=0.000000 | val_total=1.588134 | val_mae=1.583378 | val_rmse=3.681656 | val_mape=3.651216 | val_confidence=0.000000 | val_risk=0.000000 | val_blend=0.000000 | batches=1131/154 | seconds=153.81 | lr=[0.00095] | cuda_peak_mb=2203.1
[2026-09-09 10:53:41] INFO Val horizons | 15min_mae=1.334660 15min_rmse=2.803567 15min_mape=2.887942 | 30min_mae=1.651255 30min_rmse=3.781520 30min_mape=3.826010 | 60min_mae=1.916785 60min_rmse=4.517783 60min_mape=4.605294
[2026-09-09 10:56:14] INFO Epoch 018 | stage=posthoc_calibrator | train_total=1.406184 | train_forecast=1.406184 | train_confidence=0.000000 | train_risk=0.000000 | train_blend=0.000000 | val_total=1.587622 | val_mae=1.582868 | val_rmse=3.681911 | val_mape=3.650292 | val_confidence=0.000000 | val_risk=0.000000 | val_blend=0.000000 | batches=1131/154 | seconds=153.50 | lr=[0.00095] | cuda_peak_mb=2203.4
[2026-09-09 10:56:14] INFO Val horizons | 15min_mae=1.336366 15min_rmse=2.802945 15min_mape=2.903499 | 30min_mae=1.650456 30min_rmse=3.783724 30min_mape=3.836241 | 60min_mae=1.914181 60min_rmse=4.512666 60min_mape=4.581258
[2026-09-09 10:58:48] INFO Epoch 019 | stage=posthoc_calibrator | train_total=1.406209 | train_forecast=1.406209 | train_confidence=0.000000 | train_risk=0.000000 | train_blend=0.000000 | val_total=1.587264 | val_mae=1.582514 | val_rmse=3.665040 | val_mape=3.634923 | val_confidence=0.000000 | val_risk=0.000000 | val_blend=0.000000 | batches=1131/154 | seconds=153.69 | lr=[0.00095] | cuda_peak_mb=2202.8
[2026-09-09 10:58:48] INFO Val horizons | 15min_mae=1.336483 15min_rmse=2.800634 15min_mape=2.894265 | 30min_mae=1.651358 30min_rmse=3.771983 30min_mape=3.812430 | 60min_mae=1.910715 60min_rmse=4.483225 60min_mape=4.567159
[2026-09-09 11:01:22] INFO Epoch 020 | stage=posthoc_calibrator | train_total=1.405942 | train_forecast=1.405942 | train_confidence=0.000000 | train_risk=0.000000 | train_blend=0.000000 | val_total=1.588018 | val_mae=1.583276 | val_rmse=3.678512 | val_mape=3.654676 | val_confidence=0.000000 | val_risk=0.000000 | val_blend=0.000000 | batches=1131/154 | seconds=153.65 | lr=[0.00095] | cuda_peak_mb=2202.6
[2026-09-09 11:01:22] INFO Val horizons | 15min_mae=1.335984 15min_rmse=2.803396 15min_mape=2.900355 | 30min_mae=1.651119 30min_rmse=3.775534 30min_mape=3.830998 | 60min_mae=1.915177 60min_rmse=4.513529 60min_mape=4.600513
[2026-09-09 11:03:59] INFO Epoch 021 | stage=posthoc_calibrator | train_total=1.405453 | train_forecast=1.405453 | train_confidence=0.000000 | train_risk=0.000000 | train_blend=0.000000 | val_total=1.589490 | val_mae=1.584746 | val_rmse=3.681724 | val_mape=3.640054 | val_confidence=0.000000 | val_risk=0.000000 | val_blend=0.000000 | batches=1131/154 | seconds=157.07 | lr=[0.0009025] | cuda_peak_mb=2202.8
[2026-09-09 11:03:59] INFO Val horizons | 15min_mae=1.335607 15min_rmse=2.804028 15min_mape=2.895422 | 30min_mae=1.651202 30min_rmse=3.777671 30min_mape=3.820422 | 60min_mae=1.920738 60min_rmse=4.521440 60min_mape=4.571314
[2026-09-09 11:06:31] INFO Epoch 022 | stage=posthoc_calibrator | train_total=1.405454 | train_forecast=1.405454 | train_confidence=0.000000 | train_risk=0.000000 | train_blend=0.000000 | val_total=1.586089 | val_mae=1.581335 | val_rmse=3.676502 | val_mape=3.671325 | val_confidence=0.000000 | val_risk=0.000000 | val_blend=0.000000 | batches=1131/154 | seconds=152.29 | lr=[0.0009025] | cuda_peak_mb=2203.0
[2026-09-09 11:06:31] INFO Val horizons | 15min_mae=1.335994 15min_rmse=2.804678 15min_mape=2.909261 | 30min_mae=1.649326 30min_rmse=3.782288 30min_mape=3.847713 | 60min_mae=1.910530 60min_rmse=4.495481 60min_mape=4.636919
[2026-09-09 11:09:03] INFO Epoch 023 | stage=posthoc_calibrator | train_total=1.405300 | train_forecast=1.405300 | train_confidence=0.000000 | train_risk=0.000000 | train_blend=0.000000 | val_total=1.588418 | val_mae=1.583679 | val_rmse=3.686236 | val_mape=3.652716 | val_confidence=0.000000 | val_risk=0.000000 | val_blend=0.000000 | batches=1131/154 | seconds=151.73 | lr=[0.0009025] | cuda_peak_mb=2202.8
[2026-09-09 11:09:03] INFO Val horizons | 15min_mae=1.334834 15min_rmse=2.802780 15min_mape=2.882228 | 30min_mae=1.650719 30min_rmse=3.781071 30min_mape=3.811723 | 60min_mae=1.917026 60min_rmse=4.527511 60min_mape=4.629925
[2026-09-09 11:11:34] INFO Epoch 024 | stage=posthoc_calibrator | train_total=1.405190 | train_forecast=1.405190 | train_confidence=0.000000 | train_risk=0.000000 | train_blend=0.000000 | val_total=1.586689 | val_mae=1.581930 | val_rmse=3.679165 | val_mape=3.647251 | val_confidence=0.000000 | val_risk=0.000000 | val_blend=0.000000 | batches=1131/154 | seconds=151.75 | lr=[0.0009025] | cuda_peak_mb=2203.1
[2026-09-09 11:11:34] INFO Val horizons | 15min_mae=1.335213 15min_rmse=2.801836 15min_mape=2.896423 | 30min_mae=1.649267 30min_rmse=3.777558 30min_mape=3.823036 | 60min_mae=1.913998 60min_rmse=4.513896 60min_mape=4.590498
[2026-09-09 11:14:06] INFO Epoch 025 | stage=posthoc_calibrator | train_total=1.405200 | train_forecast=1.405200 | train_confidence=0.000000 | train_risk=0.000000 | train_blend=0.000000 | val_total=1.585931 | val_mae=1.581221 | val_rmse=3.676418 | val_mape=3.641599 | val_confidence=0.000000 | val_risk=0.000000 | val_blend=0.000000 | batches=1131/154 | seconds=151.55 | lr=[0.0009025] | cuda_peak_mb=2203.4
[2026-09-09 11:14:06] INFO Val horizons | 15min_mae=1.334011 15min_rmse=2.800448 15min_mape=2.890621 | 30min_mae=1.648367 30min_rmse=3.775153 30min_mape=3.813943 | 60min_mae=1.914127 60min_rmse=4.512263 60min_mape=4.593595
[2026-09-09 11:16:37] INFO Epoch 026 | stage=posthoc_calibrator | train_total=1.405203 | train_forecast=1.405203 | train_confidence=0.000000 | train_risk=0.000000 | train_blend=0.000000 | val_total=1.587697 | val_mae=1.582895 | val_rmse=3.680466 | val_mape=3.673044 | val_confidence=0.000000 | val_risk=0.000000 | val_blend=0.000000 | batches=1131/154 | seconds=151.38 | lr=[0.0009025] | cuda_peak_mb=2202.8
[2026-09-09 11:16:37] INFO Val horizons | 15min_mae=1.335880 15min_rmse=2.804055 15min_mape=2.907234 | 30min_mae=1.650843 30min_rmse=3.779471 30min_mape=3.851266 | 60min_mae=1.913193 60min_rmse=4.507801 60min_mape=4.626292
[2026-09-09 11:19:09] INFO Epoch 027 | stage=posthoc_calibrator | train_total=1.405025 | train_forecast=1.405025 | train_confidence=0.000000 | train_risk=0.000000 | train_blend=0.000000 | val_total=1.590014 | val_mae=1.585249 | val_rmse=3.679653 | val_mape=3.634731 | val_confidence=0.000000 | val_risk=0.000000 | val_blend=0.000000 | batches=1131/154 | seconds=151.62 | lr=[0.0009025] | cuda_peak_mb=2202.6
[2026-09-09 11:19:09] INFO Val horizons | 15min_mae=1.336369 15min_rmse=2.803923 15min_mape=2.885403 | 30min_mae=1.652862 30min_rmse=3.780906 30min_mape=3.803306 | 60min_mae=1.917758 60min_rmse=4.508251 60min_mape=4.585199
[2026-09-09 11:21:40] INFO Epoch 028 | stage=posthoc_calibrator | train_total=1.404876 | train_forecast=1.404876 | train_confidence=0.000000 | train_risk=0.000000 | train_blend=0.000000 | val_total=1.586010 | val_mae=1.581244 | val_rmse=3.677840 | val_mape=3.654308 | val_confidence=0.000000 | val_risk=0.000000 | val_blend=0.000000 | batches=1131/154 | seconds=150.49 | lr=[0.0009025] | cuda_peak_mb=2202.8
[2026-09-09 11:21:40] INFO Val horizons | 15min_mae=1.334409 15min_rmse=2.799161 15min_mape=2.888928 | 30min_mae=1.648729 30min_rmse=3.781100 30min_mape=3.822691 | 60min_mae=1.912691 60min_rmse=4.505658 60min_mape=4.630723
[2026-09-09 11:24:10] INFO Epoch 029 | stage=posthoc_calibrator | train_total=1.404846 | train_forecast=1.404846 | train_confidence=0.000000 | train_risk=0.000000 | train_blend=0.000000 | val_total=1.583698 | val_mae=1.578964 | val_rmse=3.663816 | val_mape=3.637890 | val_confidence=0.000000 | val_risk=0.000000 | val_blend=0.000000 | batches=1131/154 | seconds=150.32 | lr=[0.0009025] | cuda_peak_mb=2203.0
[2026-09-09 11:24:10] INFO Val horizons | 15min_mae=1.334110 15min_rmse=2.800560 15min_mape=2.894351 | 30min_mae=1.647057 30min_rmse=3.766683 30min_mape=3.817233 | 60min_mae=1.906351 60min_rmse=4.483036 60min_mape=4.568834
[2026-09-09 11:24:10] INFO Checkpoint updated | epoch=29 | stage=posthoc_calibrator | best_val_mae=1.578964 | path=C:\Users\clw\projects\researchRep\STAnchor-BlockMemory\artifacts\cross_dataset_final\pemsbay_finetuned_router_stgcn_seed42\downstream_best.pt
[2026-09-09 11:26:40] INFO Epoch 030 | stage=posthoc_calibrator | train_total=1.404724 | train_forecast=1.404724 | train_confidence=0.000000 | train_risk=0.000000 | train_blend=0.000000 | val_total=1.586592 | val_mae=1.581747 | val_rmse=3.671613 | val_mape=3.665216 | val_confidence=0.000000 | val_risk=0.000000 | val_blend=0.000000 | batches=1131/154 | seconds=150.12 | lr=[0.0009025] | cuda_peak_mb=2202.8
[2026-09-09 11:26:40] INFO Val horizons | 15min_mae=1.336996 15min_rmse=2.802722 15min_mape=2.916356 | 30min_mae=1.650028 30min_rmse=3.774807 30min_mape=3.852427 | 60min_mae=1.909143 60min_rmse=4.489853 60min_mape=4.592235
[2026-09-09 11:29:11] INFO Epoch 031 | stage=posthoc_calibrator | train_total=1.404634 | train_forecast=1.404634 | train_confidence=0.000000 | train_risk=0.000000 | train_blend=0.000000 | val_total=1.586216 | val_mae=1.581473 | val_rmse=3.676620 | val_mape=3.660202 | val_confidence=0.000000 | val_risk=0.000000 | val_blend=0.000000 | batches=1131/154 | seconds=150.53 | lr=[0.000857375] | cuda_peak_mb=2203.1
[2026-09-09 11:29:11] INFO Val horizons | 15min_mae=1.335278 15min_rmse=2.803480 15min_mape=2.904073 | 30min_mae=1.649732 30min_rmse=3.780831 30min_mape=3.837084 | 60min_mae=1.910980 60min_rmse=4.501410 60min_mape=4.610096
[2026-09-09 11:31:41] INFO Epoch 032 | stage=posthoc_calibrator | train_total=1.404312 | train_forecast=1.404312 | train_confidence=0.000000 | train_risk=0.000000 | train_blend=0.000000 | val_total=1.588388 | val_mae=1.583607 | val_rmse=3.687199 | val_mape=3.667149 | val_confidence=0.000000 | val_risk=0.000000 | val_blend=0.000000 | batches=1131/154 | seconds=150.48 | lr=[0.000857375] | cuda_peak_mb=2203.4
[2026-09-09 11:31:41] INFO Val horizons | 15min_mae=1.336027 15min_rmse=2.806401 15min_mape=2.899408 | 30min_mae=1.651350 30min_rmse=3.789330 30min_mape=3.836067 | 60min_mae=1.914399 60min_rmse=4.515611 60min_mape=4.645961
[2026-09-09 11:34:12] INFO Epoch 033 | stage=posthoc_calibrator | train_total=1.404331 | train_forecast=1.404331 | train_confidence=0.000000 | train_risk=0.000000 | train_blend=0.000000 | val_total=1.585022 | val_mae=1.580277 | val_rmse=3.670929 | val_mape=3.649635 | val_confidence=0.000000 | val_risk=0.000000 | val_blend=0.000000 | batches=1131/154 | seconds=150.53 | lr=[0.000857375] | cuda_peak_mb=2202.8
[2026-09-09 11:34:12] INFO Val horizons | 15min_mae=1.335529 15min_rmse=2.797159 15min_mape=2.898804 | 30min_mae=1.647945 30min_rmse=3.769568 30min_mape=3.822900 | 60min_mae=1.909764 60min_rmse=4.500873 60min_mape=4.605473
[2026-09-09 11:36:42] INFO Epoch 034 | stage=posthoc_calibrator | train_total=1.404038 | train_forecast=1.404038 | train_confidence=0.000000 | train_risk=0.000000 | train_blend=0.000000 | val_total=1.580926 | val_mae=1.576190 | val_rmse=3.664493 | val_mape=3.641855 | val_confidence=0.000000 | val_risk=0.000000 | val_blend=0.000000 | batches=1131/154 | seconds=150.40 | lr=[0.000857375] | cuda_peak_mb=2202.6
[2026-09-09 11:36:42] INFO Val horizons | 15min_mae=1.332283 15min_rmse=2.794115 15min_mape=2.891644 | 30min_mae=1.643719 30min_rmse=3.764701 30min_mape=3.814036 | 60min_mae=1.902756 60min_rmse=4.485679 60min_mape=4.592842
[2026-09-09 11:36:42] INFO Checkpoint updated | epoch=34 | stage=posthoc_calibrator | best_val_mae=1.576190 | path=C:\Users\clw\projects\researchRep\STAnchor-BlockMemory\artifacts\cross_dataset_final\pemsbay_finetuned_router_stgcn_seed42\downstream_best.pt
[2026-09-09 11:39:12] INFO Epoch 035 | stage=posthoc_calibrator | train_total=1.402335 | train_forecast=1.402335 | train_confidence=0.000000 | train_risk=0.000000 | train_blend=0.000000 | val_total=1.579372 | val_mae=1.574696 | val_rmse=3.662202 | val_mape=3.641904 | val_confidence=0.000000 | val_risk=0.000000 | val_blend=0.000000 | batches=1131/154 | seconds=150.27 | lr=[0.000857375] | cuda_peak_mb=2202.8
[2026-09-09 11:39:12] INFO Val horizons | 15min_mae=1.331720 15min_rmse=2.795086 15min_mape=2.892528 | 30min_mae=1.641740 30min_rmse=3.764655 30min_mape=3.813899 | 60min_mae=1.901374 60min_rmse=4.480182 60min_mape=4.597164
[2026-09-09 11:39:12] INFO Checkpoint updated | epoch=35 | stage=posthoc_calibrator | best_val_mae=1.574696 | path=C:\Users\clw\projects\researchRep\STAnchor-BlockMemory\artifacts\cross_dataset_final\pemsbay_finetuned_router_stgcn_seed42\downstream_best.pt
[2026-09-09 11:41:43] INFO Epoch 036 | stage=posthoc_calibrator | train_total=1.401635 | train_forecast=1.401635 | train_confidence=0.000000 | train_risk=0.000000 | train_blend=0.000000 | val_total=1.581041 | val_mae=1.576366 | val_rmse=3.673633 | val_mape=3.626080 | val_confidence=0.000000 | val_risk=0.000000 | val_blend=0.000000 | batches=1131/154 | seconds=150.39 | lr=[0.000857375] | cuda_peak_mb=2203.0
[2026-09-09 11:41:43] INFO Val horizons | 15min_mae=1.332141 15min_rmse=2.799699 15min_mape=2.883122 | 30min_mae=1.643665 30min_rmse=3.774708 30min_mape=3.798012 | 60min_mae=1.902856 60min_rmse=4.495570 60min_mape=4.564849
[2026-09-09 11:44:13] INFO Epoch 037 | stage=posthoc_calibrator | train_total=1.401732 | train_forecast=1.401732 | train_confidence=0.000000 | train_risk=0.000000 | train_blend=0.000000 | val_total=1.578542 | val_mae=1.573861 | val_rmse=3.659119 | val_mape=3.623122 | val_confidence=0.000000 | val_risk=0.000000 | val_blend=0.000000 | batches=1131/154 | seconds=150.52 | lr=[0.000857375] | cuda_peak_mb=2202.8
[2026-09-09 11:44:13] INFO Val horizons | 15min_mae=1.331071 15min_rmse=2.792037 15min_mape=2.881748 | 30min_mae=1.641699 30min_rmse=3.757995 30min_mape=3.798200 | 60min_mae=1.899099 60min_rmse=4.482438 60min_mape=4.560677
[2026-09-09 11:44:13] INFO Checkpoint updated | epoch=37 | stage=posthoc_calibrator | best_val_mae=1.573861 | path=C:\Users\clw\projects\researchRep\STAnchor-BlockMemory\artifacts\cross_dataset_final\pemsbay_finetuned_router_stgcn_seed42\downstream_best.pt
[2026-09-09 11:46:44] INFO Epoch 038 | stage=posthoc_calibrator | train_total=1.401373 | train_forecast=1.401373 | train_confidence=0.000000 | train_risk=0.000000 | train_blend=0.000000 | val_total=1.580495 | val_mae=1.575795 | val_rmse=3.674683 | val_mape=3.632311 | val_confidence=0.000000 | val_risk=0.000000 | val_blend=0.000000 | batches=1131/154 | seconds=150.28 | lr=[0.000857375] | cuda_peak_mb=2203.1
[2026-09-09 11:46:44] INFO Val horizons | 15min_mae=1.332116 15min_rmse=2.799222 15min_mape=2.872558 | 30min_mae=1.642758 30min_rmse=3.774444 30min_mape=3.787413 | 60min_mae=1.903142 60min_rmse=4.501138 60min_mape=4.624961
[2026-09-09 11:49:14] INFO Epoch 039 | stage=posthoc_calibrator | train_total=1.401506 | train_forecast=1.401506 | train_confidence=0.000000 | train_risk=0.000000 | train_blend=0.000000 | val_total=1.578796 | val_mae=1.574123 | val_rmse=3.665995 | val_mape=3.641969 | val_confidence=0.000000 | val_risk=0.000000 | val_blend=0.000000 | batches=1131/154 | seconds=150.27 | lr=[0.000857375] | cuda_peak_mb=2203.4
[2026-09-09 11:49:14] INFO Val horizons | 15min_mae=1.331375 15min_rmse=2.795926 15min_mape=2.889829 | 30min_mae=1.641864 30min_rmse=3.769970 30min_mape=3.815346 | 60min_mae=1.899201 60min_rmse=4.482508 60min_mape=4.586007
[2026-09-09 11:51:44] INFO Epoch 040 | stage=posthoc_calibrator | train_total=1.401163 | train_forecast=1.401163 | train_confidence=0.000000 | train_risk=0.000000 | train_blend=0.000000 | val_total=1.582353 | val_mae=1.577610 | val_rmse=3.671264 | val_mape=3.665320 | val_confidence=0.000000 | val_risk=0.000000 | val_blend=0.000000 | batches=1131/154 | seconds=150.35 | lr=[0.000857375] | cuda_peak_mb=2202.8
[2026-09-09 11:51:44] INFO Val horizons | 15min_mae=1.332996 15min_rmse=2.794217 15min_mape=2.899861 | 30min_mae=1.645472 30min_rmse=3.772029 30min_mape=3.842315 | 60min_mae=1.904562 60min_rmse=4.490404 60min_mape=4.627997
[2026-09-09 11:54:15] INFO Epoch 041 | stage=posthoc_calibrator | train_total=1.400854 | train_forecast=1.400854 | train_confidence=0.000000 | train_risk=0.000000 | train_blend=0.000000 | val_total=1.579641 | val_mae=1.574912 | val_rmse=3.674552 | val_mape=3.657302 | val_confidence=0.000000 | val_risk=0.000000 | val_blend=0.000000 | batches=1131/154 | seconds=150.46 | lr=[0.0008145062499999999] | cuda_peak_mb=2202.6
[2026-09-09 11:54:15] INFO Val horizons | 15min_mae=1.333775 15min_rmse=2.799917 15min_mape=2.911669 | 30min_mae=1.642946 30min_rmse=3.773670 30min_mape=3.840231 | 60min_mae=1.898255 60min_rmse=4.497593 60min_mape=4.582841
[2026-09-09 11:56:45] INFO Epoch 042 | stage=posthoc_calibrator | train_total=1.400679 | train_forecast=1.400679 | train_confidence=0.000000 | train_risk=0.000000 | train_blend=0.000000 | val_total=1.581077 | val_mae=1.576414 | val_rmse=3.676644 | val_mape=3.637638 | val_confidence=0.000000 | val_risk=0.000000 | val_blend=0.000000 | batches=1131/154 | seconds=150.34 | lr=[0.0008145062499999999] | cuda_peak_mb=2202.8
[2026-09-09 11:56:45] INFO Val horizons | 15min_mae=1.332444 15min_rmse=2.800055 15min_mape=2.890277 | 30min_mae=1.643366 30min_rmse=3.773876 30min_mape=3.809019 | 60min_mae=1.904517 60min_rmse=4.506060 60min_mape=4.580104
[2026-09-09 11:59:15] INFO Epoch 043 | stage=posthoc_calibrator | train_total=1.400626 | train_forecast=1.400626 | train_confidence=0.000000 | train_risk=0.000000 | train_blend=0.000000 | val_total=1.577961 | val_mae=1.573289 | val_rmse=3.646908 | val_mape=3.641071 | val_confidence=0.000000 | val_risk=0.000000 | val_blend=0.000000 | batches=1131/154 | seconds=150.36 | lr=[0.0008145062499999999] | cuda_peak_mb=2203.0
[2026-09-09 11:59:15] INFO Val horizons | 15min_mae=1.331566 15min_rmse=2.790126 15min_mape=2.878401 | 30min_mae=1.641019 30min_rmse=3.751387 30min_mape=3.801699 | 60min_mae=1.898728 60min_rmse=4.452067 60min_mape=4.628839
[2026-09-09 11:59:15] INFO Checkpoint updated | epoch=43 | stage=posthoc_calibrator | best_val_mae=1.573289 | path=C:\Users\clw\projects\researchRep\STAnchor-BlockMemory\artifacts\cross_dataset_final\pemsbay_finetuned_router_stgcn_seed42\downstream_best.pt
[2026-09-09 12:01:46] INFO Epoch 044 | stage=posthoc_calibrator | train_total=1.400368 | train_forecast=1.400368 | train_confidence=0.000000 | train_risk=0.000000 | train_blend=0.000000 | val_total=1.579730 | val_mae=1.574974 | val_rmse=3.671037 | val_mape=3.671246 | val_confidence=0.000000 | val_risk=0.000000 | val_blend=0.000000 | batches=1131/154 | seconds=150.34 | lr=[0.0008145062499999999] | cuda_peak_mb=2202.8
[2026-09-09 12:01:46] INFO Val horizons | 15min_mae=1.331166 15min_rmse=2.793640 15min_mape=2.889326 | 30min_mae=1.641252 30min_rmse=3.763561 30min_mape=3.828387 | 60min_mae=1.903791 60min_rmse=4.503806 60min_mape=4.683528
[2026-09-09 12:04:16] INFO Epoch 045 | stage=posthoc_calibrator | train_total=1.400139 | train_forecast=1.400139 | train_confidence=0.000000 | train_risk=0.000000 | train_blend=0.000000 | val_total=1.576952 | val_mae=1.572300 | val_rmse=3.661713 | val_mape=3.618807 | val_confidence=0.000000 | val_risk=0.000000 | val_blend=0.000000 | batches=1131/154 | seconds=150.39 | lr=[0.0008145062499999999] | cuda_peak_mb=2203.1
[2026-09-09 12:04:16] INFO Val horizons | 15min_mae=1.331044 15min_rmse=2.793129 15min_mape=2.876540 | 30min_mae=1.639057 30min_rmse=3.762259 30min_mape=3.784920 | 60min_mae=1.897141 60min_rmse=4.483602 60min_mape=4.573192
[2026-09-09 12:04:16] INFO Checkpoint updated | epoch=45 | stage=posthoc_calibrator | best_val_mae=1.572300 | path=C:\Users\clw\projects\researchRep\STAnchor-BlockMemory\artifacts\cross_dataset_final\pemsbay_finetuned_router_stgcn_seed42\downstream_best.pt
[2026-09-09 12:06:46] INFO Epoch 046 | stage=posthoc_calibrator | train_total=1.400043 | train_forecast=1.400043 | train_confidence=0.000000 | train_risk=0.000000 | train_blend=0.000000 | val_total=1.578751 | val_mae=1.574088 | val_rmse=3.671399 | val_mape=3.652743 | val_confidence=0.000000 | val_risk=0.000000 | val_blend=0.000000 | batches=1131/154 | seconds=150.19 | lr=[0.0008145062499999999] | cuda_peak_mb=2203.4
[2026-09-09 12:06:46] INFO Val horizons | 15min_mae=1.331337 15min_rmse=2.796484 15min_mape=2.885044 | 30min_mae=1.640045 30min_rmse=3.767335 30min_mape=3.812654 | 60min_mae=1.902718 60min_rmse=4.506011 60min_mape=4.637520
[2026-09-09 12:09:17] INFO Epoch 047 | stage=posthoc_calibrator | train_total=1.399754 | train_forecast=1.399754 | train_confidence=0.000000 | train_risk=0.000000 | train_blend=0.000000 | val_total=1.579782 | val_mae=1.575127 | val_rmse=3.676797 | val_mape=3.638282 | val_confidence=0.000000 | val_risk=0.000000 | val_blend=0.000000 | batches=1131/154 | seconds=150.34 | lr=[0.0008145062499999999] | cuda_peak_mb=2202.8
[2026-09-09 12:09:17] INFO Val horizons | 15min_mae=1.332848 15min_rmse=2.799363 15min_mape=2.900364 | 30min_mae=1.641612 30min_rmse=3.775231 30min_mape=3.814750 | 60min_mae=1.902703 60min_rmse=4.508659 60min_mape=4.566012
[2026-09-09 12:11:47] INFO Epoch 048 | stage=posthoc_calibrator | train_total=1.399922 | train_forecast=1.399922 | train_confidence=0.000000 | train_risk=0.000000 | train_blend=0.000000 | val_total=1.579817 | val_mae=1.575154 | val_rmse=3.665708 | val_mape=3.601595 | val_confidence=0.000000 | val_risk=0.000000 | val_blend=0.000000 | batches=1131/154 | seconds=150.29 | lr=[0.0008145062499999999] | cuda_peak_mb=2202.6
[2026-09-09 12:11:47] INFO Val horizons | 15min_mae=1.331978 15min_rmse=2.797109 15min_mape=2.873747 | 30min_mae=1.643444 30min_rmse=3.768031 30min_mape=3.776138 | 60min_mae=1.900686 60min_rmse=4.486865 60min_mape=4.519495
[2026-09-09 12:14:17] INFO Epoch 049 | stage=posthoc_calibrator | train_total=1.399861 | train_forecast=1.399861 | train_confidence=0.000000 | train_risk=0.000000 | train_blend=0.000000 | val_total=1.577021 | val_mae=1.572335 | val_rmse=3.666978 | val_mape=3.624378 | val_confidence=0.000000 | val_risk=0.000000 | val_blend=0.000000 | batches=1131/154 | seconds=150.22 | lr=[0.0008145062499999999] | cuda_peak_mb=2202.8
[2026-09-09 12:14:17] INFO Val horizons | 15min_mae=1.331487 15min_rmse=2.793862 15min_mape=2.887644 | 30min_mae=1.639606 30min_rmse=3.765652 30min_mape=3.798656 | 60min_mae=1.896960 60min_rmse=4.491297 60min_mape=4.553727
[2026-09-09 12:16:48] INFO Epoch 050 | stage=posthoc_calibrator | train_total=1.399460 | train_forecast=1.399460 | train_confidence=0.000000 | train_risk=0.000000 | train_blend=0.000000 | val_total=1.579744 | val_mae=1.575079 | val_rmse=3.678172 | val_mape=3.647946 | val_confidence=0.000000 | val_risk=0.000000 | val_blend=0.000000 | batches=1131/154 | seconds=150.40 | lr=[0.0008145062499999999] | cuda_peak_mb=2203.0
[2026-09-09 12:16:48] INFO Val horizons | 15min_mae=1.333447 15min_rmse=2.804095 15min_mape=2.902048 | 30min_mae=1.642867 30min_rmse=3.781916 30min_mape=3.823590 | 60min_mae=1.899612 60min_rmse=4.498636 60min_mape=4.590381
[2026-09-09 12:16:48] INFO Downstream training finished | best_val_mae=1.572300 | checkpoint=C:\Users\clw\projects\researchRep\STAnchor-BlockMemory\artifacts\cross_dataset_final\pemsbay_finetuned_router_stgcn_seed42\downstream_best.pt
