[2026-09-10 08:17:38] INFO Downstream start | run=cross_dataset_final/pems08_source_router_stgcn_seed42 | device=cuda:0 (requested=cuda:0) | seed=42 | output=C:\Users\clw\projects\researchRep\STAnchor-BlockMemory\artifacts\cross_dataset_final\pems08_source_router_stgcn_seed42
[2026-09-10 08:17:38] INFO Mode | downstream_mode=learned_topk_error_aware | training_protocol=posthoc_frozen_base | candidate_protocol=weekday_radius1_overlap
[2026-09-10 08:17:38] INFO Downstream initialization | seed=42 | state_hash=85c4158d2365d26c
[2026-09-10 08:17:38] INFO Frozen base | checkpoint=C:\Users\clw\projects\researchRep\STAnchor-BlockMemory\artifacts\cross_dataset_final\pems08_baseonly_stgcn_seed42\downstream_best.pt | fingerprint=3079af3b02ae69f5
[2026-09-10 08:17:38] INFO Data | steps=17856 | nodes=170 | channels=1 | training_scope=full_train | memory/post_memory/train_selected/val/test=8540/3660/12200/1486/3273
[2026-09-10 08:17:38] INFO Bank/retrieval | dataset=pems08_source_queue | events=8540 | nodes=170 | retrieval_dim=64 | event_top_r=96 | node_top_k=12 | key_dtype=float16
[2026-09-10 08:17:38] INFO Parameters | downstream_total=1,092,262 | downstream_trainable=879,693 | backbone=0 | confidence_head=0 | fusion=0 | frozen_pretrained=958,704
[2026-09-10 08:17:38] INFO Optimization | epochs=50 | batch_size=32 | optimizer=adam | lr=0.001 | weight_decay=0.0001 | scheduler=step_lr | step_size=10 | gamma=0.950 | confidence_weight=0.000 | patience=10 | early_stopping=disabled
[2026-09-10 08:17:39] INFO Stage start | stage=posthoc_calibrator | epochs=50 | optimizer_lrs=[0.001]
[2026-09-10 08:20:25] INFO Epoch 001 | stage=posthoc_calibrator | train_total=1.128183 | train_forecast=1.128183 | train_confidence=0.000000 | train_risk=0.000000 | train_blend=0.000000 | val_total=1.334579 | val_mae=1.331500 | val_rmse=3.468701 | val_mape=2.927485 | val_confidence=0.000000 | val_risk=0.000000 | val_blend=0.000000 | batches=382/47 | seconds=165.63 | lr=[0.001] | cuda_peak_mb=1372.7
[2026-09-10 08:20:25] INFO Val horizons | 15min_mae=1.116195 15min_rmse=2.620314 15min_mape=2.253558 | 30min_mae=1.372957 30min_rmse=3.525683 30min_mape=3.004900 | 60min_mae=1.631497 60min_rmse=4.287722 60min_mape=3.823995
[2026-09-10 08:20:25] INFO Checkpoint updated | epoch=1 | stage=posthoc_calibrator | best_val_mae=1.331500 | path=C:\Users\clw\projects\researchRep\STAnchor-BlockMemory\artifacts\cross_dataset_final\pems08_source_router_stgcn_seed42\downstream_best.pt
[2026-09-10 08:20:53] INFO Epoch 002 | stage=posthoc_calibrator | train_total=1.112618 | train_forecast=1.112618 | train_confidence=0.000000 | train_risk=0.000000 | train_blend=0.000000 | val_total=1.316690 | val_mae=1.313784 | val_rmse=3.424583 | val_mape=2.901609 | val_confidence=0.000000 | val_risk=0.000000 | val_blend=0.000000 | batches=382/47 | seconds=27.96 | lr=[0.001] | cuda_peak_mb=1172.4
[2026-09-10 08:20:53] INFO Val horizons | 15min_mae=1.097356 15min_rmse=2.576448 15min_mape=2.217063 | 30min_mae=1.351838 30min_rmse=3.451652 30min_mape=2.967771 | 60min_mae=1.626278 60min_rmse=4.300688 60min_mape=3.853640
[2026-09-10 08:20:53] INFO Checkpoint updated | epoch=2 | stage=posthoc_calibrator | best_val_mae=1.313784 | path=C:\Users\clw\projects\researchRep\STAnchor-BlockMemory\artifacts\cross_dataset_final\pems08_source_router_stgcn_seed42\downstream_best.pt
[2026-09-10 08:21:21] INFO Epoch 003 | stage=posthoc_calibrator | train_total=1.104996 | train_forecast=1.104996 | train_confidence=0.000000 | train_risk=0.000000 | train_blend=0.000000 | val_total=1.316727 | val_mae=1.313537 | val_rmse=3.443460 | val_mape=2.892220 | val_confidence=0.000000 | val_risk=0.000000 | val_blend=0.000000 | batches=382/47 | seconds=28.06 | lr=[0.001] | cuda_peak_mb=1172.1
[2026-09-10 08:21:21] INFO Val horizons | 15min_mae=1.100889 15min_rmse=2.602635 15min_mape=2.229188 | 30min_mae=1.355579 30min_rmse=3.503409 30min_mape=2.973095 | 60min_mae=1.609819 60min_rmse=4.249719 60min_mape=3.772083
[2026-09-10 08:21:21] INFO Checkpoint updated | epoch=3 | stage=posthoc_calibrator | best_val_mae=1.313537 | path=C:\Users\clw\projects\researchRep\STAnchor-BlockMemory\artifacts\cross_dataset_final\pems08_source_router_stgcn_seed42\downstream_best.pt
[2026-09-10 08:21:49] INFO Epoch 004 | stage=posthoc_calibrator | train_total=1.102879 | train_forecast=1.102879 | train_confidence=0.000000 | train_risk=0.000000 | train_blend=0.000000 | val_total=1.316108 | val_mae=1.313258 | val_rmse=3.439955 | val_mape=2.889486 | val_confidence=0.000000 | val_risk=0.000000 | val_blend=0.000000 | batches=382/47 | seconds=28.10 | lr=[0.001] | cuda_peak_mb=1172.0
[2026-09-10 08:21:49] INFO Val horizons | 15min_mae=1.100119 15min_rmse=2.594283 15min_mape=2.225824 | 30min_mae=1.354682 30min_rmse=3.491288 30min_mape=2.971832 | 60min_mae=1.613614 60min_rmse=4.268836 60min_mape=3.779793
[2026-09-10 08:21:49] INFO Checkpoint updated | epoch=4 | stage=posthoc_calibrator | best_val_mae=1.313258 | path=C:\Users\clw\projects\researchRep\STAnchor-BlockMemory\artifacts\cross_dataset_final\pems08_source_router_stgcn_seed42\downstream_best.pt
[2026-09-10 08:22:17] INFO Epoch 005 | stage=posthoc_calibrator | train_total=1.100835 | train_forecast=1.100835 | train_confidence=0.000000 | train_risk=0.000000 | train_blend=0.000000 | val_total=1.317379 | val_mae=1.314272 | val_rmse=3.445659 | val_mape=2.875904 | val_confidence=0.000000 | val_risk=0.000000 | val_blend=0.000000 | batches=382/47 | seconds=28.11 | lr=[0.001] | cuda_peak_mb=1172.2
[2026-09-10 08:22:17] INFO Val horizons | 15min_mae=1.097764 15min_rmse=2.588568 15min_mape=2.218582 | 30min_mae=1.353605 30min_rmse=3.488432 30min_mape=2.954392 | 60min_mae=1.622230 60min_rmse=4.294775 60min_mape=3.767367
[2026-09-10 08:22:45] INFO Epoch 006 | stage=posthoc_calibrator | train_total=1.098951 | train_forecast=1.098951 | train_confidence=0.000000 | train_risk=0.000000 | train_blend=0.000000 | val_total=1.314877 | val_mae=1.311669 | val_rmse=3.452416 | val_mape=2.897704 | val_confidence=0.000000 | val_risk=0.000000 | val_blend=0.000000 | batches=382/47 | seconds=28.13 | lr=[0.001] | cuda_peak_mb=1173.2
[2026-09-10 08:22:45] INFO Val horizons | 15min_mae=1.094666 15min_rmse=2.585550 15min_mape=2.217073 | 30min_mae=1.351097 30min_rmse=3.495141 30min_mape=2.973376 | 60min_mae=1.617964 60min_rmse=4.305497 60min_mape=3.815469
[2026-09-10 08:22:45] INFO Checkpoint updated | epoch=6 | stage=posthoc_calibrator | best_val_mae=1.311669 | path=C:\Users\clw\projects\researchRep\STAnchor-BlockMemory\artifacts\cross_dataset_final\pems08_source_router_stgcn_seed42\downstream_best.pt
[2026-09-10 08:23:13] INFO Epoch 007 | stage=posthoc_calibrator | train_total=1.097799 | train_forecast=1.097799 | train_confidence=0.000000 | train_risk=0.000000 | train_blend=0.000000 | val_total=1.316716 | val_mae=1.313485 | val_rmse=3.462010 | val_mape=2.901725 | val_confidence=0.000000 | val_risk=0.000000 | val_blend=0.000000 | batches=382/47 | seconds=28.06 | lr=[0.001] | cuda_peak_mb=1172.0
[2026-09-10 08:23:13] INFO Val horizons | 15min_mae=1.097191 15min_rmse=2.589234 15min_mape=2.226113 | 30min_mae=1.353952 30min_rmse=3.503517 30min_mape=2.985581 | 60min_mae=1.618485 60min_rmse=4.321417 60min_mape=3.807433
[2026-09-10 08:23:41] INFO Epoch 008 | stage=posthoc_calibrator | train_total=1.097253 | train_forecast=1.097253 | train_confidence=0.000000 | train_risk=0.000000 | train_blend=0.000000 | val_total=1.317770 | val_mae=1.314512 | val_rmse=3.452029 | val_mape=2.907405 | val_confidence=0.000000 | val_risk=0.000000 | val_blend=0.000000 | batches=382/47 | seconds=28.09 | lr=[0.001] | cuda_peak_mb=1172.0
[2026-09-10 08:23:41] INFO Val horizons | 15min_mae=1.094847 15min_rmse=2.573818 15min_mape=2.221967 | 30min_mae=1.352282 30min_rmse=3.471729 30min_mape=2.985479 | 60min_mae=1.627266 60min_rmse=4.348867 60min_mape=3.841837
[2026-09-10 08:24:09] INFO Epoch 009 | stage=posthoc_calibrator | train_total=1.096188 | train_forecast=1.096188 | train_confidence=0.000000 | train_risk=0.000000 | train_blend=0.000000 | val_total=1.320987 | val_mae=1.317833 | val_rmse=3.451002 | val_mape=2.908197 | val_confidence=0.000000 | val_risk=0.000000 | val_blend=0.000000 | batches=382/47 | seconds=28.07 | lr=[0.001] | cuda_peak_mb=1172.2
[2026-09-10 08:24:09] INFO Val horizons | 15min_mae=1.093804 15min_rmse=2.569883 15min_mape=2.218732 | 30min_mae=1.353317 30min_rmse=3.470730 30min_mape=2.981655 | 60min_mae=1.638708 60min_rmse=4.348647 60min_mape=3.851730
[2026-09-10 08:24:37] INFO Epoch 010 | stage=posthoc_calibrator | train_total=1.096659 | train_forecast=1.096659 | train_confidence=0.000000 | train_risk=0.000000 | train_blend=0.000000 | val_total=1.319046 | val_mae=1.315822 | val_rmse=3.465241 | val_mape=2.921174 | val_confidence=0.000000 | val_risk=0.000000 | val_blend=0.000000 | batches=382/47 | seconds=28.05 | lr=[0.001] | cuda_peak_mb=1173.2
[2026-09-10 08:24:37] INFO Val horizons | 15min_mae=1.096730 15min_rmse=2.581310 15min_mape=2.238342 | 30min_mae=1.355487 30min_rmse=3.494393 30min_mape=3.005124 | 60min_mae=1.625625 60min_rmse=4.349775 60min_mape=3.845975
[2026-09-10 08:25:06] INFO Epoch 011 | stage=posthoc_calibrator | train_total=1.095490 | train_forecast=1.095490 | train_confidence=0.000000 | train_risk=0.000000 | train_blend=0.000000 | val_total=1.315085 | val_mae=1.311926 | val_rmse=3.457384 | val_mape=2.912630 | val_confidence=0.000000 | val_risk=0.000000 | val_blend=0.000000 | batches=382/47 | seconds=28.08 | lr=[0.00095] | cuda_peak_mb=1172.0
[2026-09-10 08:25:06] INFO Val horizons | 15min_mae=1.098321 15min_rmse=2.591705 15min_mape=2.233293 | 30min_mae=1.353557 30min_rmse=3.502072 30min_mape=2.998415 | 60min_mae=1.611498 60min_rmse=4.306464 60min_mape=3.821532
[2026-09-10 08:25:34] INFO Epoch 012 | stage=posthoc_calibrator | train_total=1.094213 | train_forecast=1.094213 | train_confidence=0.000000 | train_risk=0.000000 | train_blend=0.000000 | val_total=1.313711 | val_mae=1.310504 | val_rmse=3.451893 | val_mape=2.905618 | val_confidence=0.000000 | val_risk=0.000000 | val_blend=0.000000 | batches=382/47 | seconds=28.02 | lr=[0.00095] | cuda_peak_mb=1172.0
[2026-09-10 08:25:34] INFO Val horizons | 15min_mae=1.095481 15min_rmse=2.585332 15min_mape=2.231288 | 30min_mae=1.350813 30min_rmse=3.494432 30min_mape=2.991934 | 60min_mae=1.614120 60min_rmse=4.305203 60min_mape=3.815253
[2026-09-10 08:25:34] INFO Checkpoint updated | epoch=12 | stage=posthoc_calibrator | best_val_mae=1.310504 | path=C:\Users\clw\projects\researchRep\STAnchor-BlockMemory\artifacts\cross_dataset_final\pems08_source_router_stgcn_seed42\downstream_best.pt
[2026-09-10 08:26:02] INFO Epoch 013 | stage=posthoc_calibrator | train_total=1.094213 | train_forecast=1.094213 | train_confidence=0.000000 | train_risk=0.000000 | train_blend=0.000000 | val_total=1.316375 | val_mae=1.313329 | val_rmse=3.460091 | val_mape=2.938970 | val_confidence=0.000000 | val_risk=0.000000 | val_blend=0.000000 | batches=382/47 | seconds=27.96 | lr=[0.00095] | cuda_peak_mb=1172.2
[2026-09-10 08:26:02] INFO Val horizons | 15min_mae=1.095407 15min_rmse=2.580147 15min_mape=2.241090 | 30min_mae=1.353838 30min_rmse=3.496921 30min_mape=3.025505 | 60min_mae=1.621080 60min_rmse=4.331822 60min_mape=3.880585
[2026-09-10 08:26:30] INFO Epoch 014 | stage=posthoc_calibrator | train_total=1.094237 | train_forecast=1.094237 | train_confidence=0.000000 | train_risk=0.000000 | train_blend=0.000000 | val_total=1.316361 | val_mae=1.313208 | val_rmse=3.469484 | val_mape=2.931968 | val_confidence=0.000000 | val_risk=0.000000 | val_blend=0.000000 | batches=382/47 | seconds=28.00 | lr=[0.00095] | cuda_peak_mb=1173.2
[2026-09-10 08:26:30] INFO Val horizons | 15min_mae=1.094557 15min_rmse=2.576089 15min_mape=2.239038 | 30min_mae=1.352161 30min_rmse=3.487551 30min_mape=3.013568 | 60min_mae=1.625428 60min_rmse=4.380946 60min_mape=3.879574
[2026-09-10 08:26:58] INFO Epoch 015 | stage=posthoc_calibrator | train_total=1.093978 | train_forecast=1.093978 | train_confidence=0.000000 | train_risk=0.000000 | train_blend=0.000000 | val_total=1.316233 | val_mae=1.313032 | val_rmse=3.474852 | val_mape=2.934914 | val_confidence=0.000000 | val_risk=0.000000 | val_blend=0.000000 | batches=382/47 | seconds=28.00 | lr=[0.00095] | cuda_peak_mb=1172.0
[2026-09-10 08:26:58] INFO Val horizons | 15min_mae=1.095112 15min_rmse=2.581100 15min_mape=2.240762 | 30min_mae=1.353124 30min_rmse=3.504194 30min_mape=3.018360 | 60min_mae=1.622521 60min_rmse=4.367165 60min_mape=3.880995
[2026-09-10 08:27:26] INFO Epoch 016 | stage=posthoc_calibrator | train_total=1.093873 | train_forecast=1.093873 | train_confidence=0.000000 | train_risk=0.000000 | train_blend=0.000000 | val_total=1.318900 | val_mae=1.315823 | val_rmse=3.440371 | val_mape=2.881689 | val_confidence=0.000000 | val_risk=0.000000 | val_blend=0.000000 | batches=382/47 | seconds=28.18 | lr=[0.00095] | cuda_peak_mb=1172.0
[2026-09-10 08:27:26] INFO Val horizons | 15min_mae=1.093886 15min_rmse=2.569273 15min_mape=2.215584 | 30min_mae=1.353277 30min_rmse=3.471911 30min_mape=2.964689 | 60min_mae=1.631198 60min_rmse=4.310837 60min_mape=3.786051
[2026-09-10 08:27:54] INFO Epoch 017 | stage=posthoc_calibrator | train_total=1.093060 | train_forecast=1.093060 | train_confidence=0.000000 | train_risk=0.000000 | train_blend=0.000000 | val_total=1.308474 | val_mae=1.305305 | val_rmse=3.432286 | val_mape=2.878840 | val_confidence=0.000000 | val_risk=0.000000 | val_blend=0.000000 | batches=382/47 | seconds=28.03 | lr=[0.00095] | cuda_peak_mb=1172.2
[2026-09-10 08:27:54] INFO Val horizons | 15min_mae=1.090604 15min_rmse=2.567723 15min_mape=2.212505 | 30min_mae=1.344027 30min_rmse=3.465854 30min_mape=2.959760 | 60min_mae=1.611459 60min_rmse=4.296889 60min_mape=3.790959
[2026-09-10 08:27:54] INFO Checkpoint updated | epoch=17 | stage=posthoc_calibrator | best_val_mae=1.305305 | path=C:\Users\clw\projects\researchRep\STAnchor-BlockMemory\artifacts\cross_dataset_final\pems08_source_router_stgcn_seed42\downstream_best.pt
[2026-09-10 08:28:22] INFO Epoch 018 | stage=posthoc_calibrator | train_total=1.093311 | train_forecast=1.093311 | train_confidence=0.000000 | train_risk=0.000000 | train_blend=0.000000 | val_total=1.311459 | val_mae=1.308318 | val_rmse=3.433180 | val_mape=2.880200 | val_confidence=0.000000 | val_risk=0.000000 | val_blend=0.000000 | batches=382/47 | seconds=28.02 | lr=[0.00095] | cuda_peak_mb=1173.2
[2026-09-10 08:28:22] INFO Val horizons | 15min_mae=1.091358 15min_rmse=2.560381 15min_mape=2.213166 | 30min_mae=1.346358 30min_rmse=3.461100 30min_mape=2.957901 | 60min_mae=1.617852 60min_rmse=4.310173 60min_mape=3.798749
[2026-09-10 08:28:50] INFO Epoch 019 | stage=posthoc_calibrator | train_total=1.093868 | train_forecast=1.093868 | train_confidence=0.000000 | train_risk=0.000000 | train_blend=0.000000 | val_total=1.311514 | val_mae=1.308396 | val_rmse=3.428627 | val_mape=2.874080 | val_confidence=0.000000 | val_risk=0.000000 | val_blend=0.000000 | batches=382/47 | seconds=28.02 | lr=[0.00095] | cuda_peak_mb=1172.0
[2026-09-10 08:28:50] INFO Val horizons | 15min_mae=1.091499 15min_rmse=2.568168 15min_mape=2.211635 | 30min_mae=1.346372 30min_rmse=3.462419 30min_mape=2.955507 | 60min_mae=1.617635 60min_rmse=4.293284 60min_mape=3.778608
[2026-09-10 08:29:18] INFO Epoch 020 | stage=posthoc_calibrator | train_total=1.092572 | train_forecast=1.092572 | train_confidence=0.000000 | train_risk=0.000000 | train_blend=0.000000 | val_total=1.313701 | val_mae=1.310622 | val_rmse=3.459091 | val_mape=2.912175 | val_confidence=0.000000 | val_risk=0.000000 | val_blend=0.000000 | batches=382/47 | seconds=28.00 | lr=[0.00095] | cuda_peak_mb=1172.0
[2026-09-10 08:29:18] INFO Val horizons | 15min_mae=1.096229 15min_rmse=2.587294 15min_mape=2.235493 | 30min_mae=1.350629 30min_rmse=3.496815 30min_mape=2.994159 | 60min_mae=1.615051 60min_rmse=4.325462 60min_mape=3.832447
[2026-09-10 08:29:46] INFO Epoch 021 | stage=posthoc_calibrator | train_total=1.092952 | train_forecast=1.092952 | train_confidence=0.000000 | train_risk=0.000000 | train_blend=0.000000 | val_total=1.312787 | val_mae=1.309625 | val_rmse=3.442458 | val_mape=2.905632 | val_confidence=0.000000 | val_risk=0.000000 | val_blend=0.000000 | batches=382/47 | seconds=27.96 | lr=[0.0009025] | cuda_peak_mb=1172.2
[2026-09-10 08:29:46] INFO Val horizons | 15min_mae=1.092938 15min_rmse=2.569077 15min_mape=2.230171 | 30min_mae=1.349463 30min_rmse=3.475864 30min_mape=2.995474 | 60min_mae=1.615976 60min_rmse=4.308637 60min_mape=3.813920
[2026-09-10 08:30:14] INFO Epoch 022 | stage=posthoc_calibrator | train_total=1.092658 | train_forecast=1.092658 | train_confidence=0.000000 | train_risk=0.000000 | train_blend=0.000000 | val_total=1.311827 | val_mae=1.308764 | val_rmse=3.446933 | val_mape=2.910783 | val_confidence=0.000000 | val_risk=0.000000 | val_blend=0.000000 | batches=382/47 | seconds=27.98 | lr=[0.0009025] | cuda_peak_mb=1173.2
[2026-09-10 08:30:14] INFO Val horizons | 15min_mae=1.091875 15min_rmse=2.571344 15min_mape=2.227173 | 30min_mae=1.347499 30min_rmse=3.477779 30min_mape=2.993061 | 60min_mae=1.617513 60min_rmse=4.325208 60min_mape=3.841816
[2026-09-10 08:30:42] INFO Epoch 023 | stage=posthoc_calibrator | train_total=1.092581 | train_forecast=1.092581 | train_confidence=0.000000 | train_risk=0.000000 | train_blend=0.000000 | val_total=1.310077 | val_mae=1.307097 | val_rmse=3.428410 | val_mape=2.878210 | val_confidence=0.000000 | val_risk=0.000000 | val_blend=0.000000 | batches=382/47 | seconds=27.96 | lr=[0.0009025] | cuda_peak_mb=1172.0
[2026-09-10 08:30:42] INFO Val horizons | 15min_mae=1.091376 15min_rmse=2.568126 15min_mape=2.215633 | 30min_mae=1.345321 30min_rmse=3.464672 30min_mape=2.961150 | 60min_mae=1.615714 60min_rmse=4.288664 60min_mape=3.785026
[2026-09-10 08:31:10] INFO Epoch 024 | stage=posthoc_calibrator | train_total=1.092508 | train_forecast=1.092508 | train_confidence=0.000000 | train_risk=0.000000 | train_blend=0.000000 | val_total=1.313336 | val_mae=1.310177 | val_rmse=3.451768 | val_mape=2.910857 | val_confidence=0.000000 | val_risk=0.000000 | val_blend=0.000000 | batches=382/47 | seconds=27.97 | lr=[0.0009025] | cuda_peak_mb=1172.0
[2026-09-10 08:31:10] INFO Val horizons | 15min_mae=1.094967 15min_rmse=2.573121 15min_mape=2.224546 | 30min_mae=1.350954 30min_rmse=3.486004 30min_mape=2.998880 | 60min_mae=1.614870 60min_rmse=4.330453 60min_mape=3.840375
[2026-09-10 08:31:38] INFO Epoch 025 | stage=posthoc_calibrator | train_total=1.092570 | train_forecast=1.092570 | train_confidence=0.000000 | train_risk=0.000000 | train_blend=0.000000 | val_total=1.317126 | val_mae=1.313967 | val_rmse=3.473076 | val_mape=2.949361 | val_confidence=0.000000 | val_risk=0.000000 | val_blend=0.000000 | batches=382/47 | seconds=27.97 | lr=[0.0009025] | cuda_peak_mb=1172.2
[2026-09-10 08:31:38] INFO Val horizons | 15min_mae=1.092980 15min_rmse=2.572448 15min_mape=2.239279 | 30min_mae=1.351718 30min_rmse=3.489470 30min_mape=3.027078 | 60min_mae=1.629418 60min_rmse=4.389111 60min_mape=3.920146
[2026-09-10 08:32:06] INFO Epoch 026 | stage=posthoc_calibrator | train_total=1.092361 | train_forecast=1.092361 | train_confidence=0.000000 | train_risk=0.000000 | train_blend=0.000000 | val_total=1.314758 | val_mae=1.311770 | val_rmse=3.464987 | val_mape=2.929074 | val_confidence=0.000000 | val_risk=0.000000 | val_blend=0.000000 | batches=382/47 | seconds=27.97 | lr=[0.0009025] | cuda_peak_mb=1173.2
[2026-09-10 08:32:06] INFO Val horizons | 15min_mae=1.094507 15min_rmse=2.580494 15min_mape=2.237141 | 30min_mae=1.351427 30min_rmse=3.495564 30min_mape=3.015503 | 60min_mae=1.620712 60min_rmse=4.349656 60min_mape=3.864453
[2026-09-10 08:32:34] INFO Epoch 027 | stage=posthoc_calibrator | train_total=1.092351 | train_forecast=1.092351 | train_confidence=0.000000 | train_risk=0.000000 | train_blend=0.000000 | val_total=1.312249 | val_mae=1.309357 | val_rmse=3.445578 | val_mape=2.906356 | val_confidence=0.000000 | val_risk=0.000000 | val_blend=0.000000 | batches=382/47 | seconds=28.01 | lr=[0.0009025] | cuda_peak_mb=1172.0
[2026-09-10 08:32:34] INFO Val horizons | 15min_mae=1.093741 15min_rmse=2.578321 15min_mape=2.233193 | 30min_mae=1.348424 30min_rmse=3.483169 30min_mape=2.990955 | 60min_mae=1.616115 60min_rmse=4.307925 60min_mape=3.820894
[2026-09-10 08:33:02] INFO Epoch 028 | stage=posthoc_calibrator | train_total=1.092080 | train_forecast=1.092080 | train_confidence=0.000000 | train_risk=0.000000 | train_blend=0.000000 | val_total=1.316297 | val_mae=1.313152 | val_rmse=3.473381 | val_mape=2.931200 | val_confidence=0.000000 | val_risk=0.000000 | val_blend=0.000000 | batches=382/47 | seconds=27.98 | lr=[0.0009025] | cuda_peak_mb=1172.0
[2026-09-10 08:33:02] INFO Val horizons | 15min_mae=1.096502 15min_rmse=2.584630 15min_mape=2.242607 | 30min_mae=1.353328 30min_rmse=3.504829 30min_mape=3.018874 | 60min_mae=1.620016 60min_rmse=4.356721 60min_mape=3.863063
[2026-09-10 08:33:30] INFO Epoch 029 | stage=posthoc_calibrator | train_total=1.091997 | train_forecast=1.091997 | train_confidence=0.000000 | train_risk=0.000000 | train_blend=0.000000 | val_total=1.313308 | val_mae=1.310484 | val_rmse=3.458000 | val_mape=2.908413 | val_confidence=0.000000 | val_risk=0.000000 | val_blend=0.000000 | batches=382/47 | seconds=27.95 | lr=[0.0009025] | cuda_peak_mb=1172.2
[2026-09-10 08:33:30] INFO Val horizons | 15min_mae=1.096929 15min_rmse=2.589632 15min_mape=2.232181 | 30min_mae=1.351338 30min_rmse=3.502030 30min_mape=2.993444 | 60min_mae=1.611491 60min_rmse=4.310452 60min_mape=3.819672
[2026-09-10 08:33:58] INFO Epoch 030 | stage=posthoc_calibrator | train_total=1.092430 | train_forecast=1.092430 | train_confidence=0.000000 | train_risk=0.000000 | train_blend=0.000000 | val_total=1.308338 | val_mae=1.305283 | val_rmse=3.435779 | val_mape=2.876023 | val_confidence=0.000000 | val_risk=0.000000 | val_blend=0.000000 | batches=382/47 | seconds=27.99 | lr=[0.0009025] | cuda_peak_mb=1173.2
[2026-09-10 08:33:58] INFO Val horizons | 15min_mae=1.092003 15min_rmse=2.573910 15min_mape=2.217313 | 30min_mae=1.344748 30min_rmse=3.474662 30min_mape=2.961742 | 60min_mae=1.610056 60min_rmse=4.295137 60min_mape=3.779078
[2026-09-10 08:33:58] INFO Checkpoint updated | epoch=30 | stage=posthoc_calibrator | best_val_mae=1.305283 | path=C:\Users\clw\projects\researchRep\STAnchor-BlockMemory\artifacts\cross_dataset_final\pems08_source_router_stgcn_seed42\downstream_best.pt
[2026-09-10 08:34:26] INFO Epoch 031 | stage=posthoc_calibrator | train_total=1.092249 | train_forecast=1.092249 | train_confidence=0.000000 | train_risk=0.000000 | train_blend=0.000000 | val_total=1.310783 | val_mae=1.307672 | val_rmse=3.443338 | val_mape=2.900774 | val_confidence=0.000000 | val_risk=0.000000 | val_blend=0.000000 | batches=382/47 | seconds=27.96 | lr=[0.000857375] | cuda_peak_mb=1172.0
[2026-09-10 08:34:26] INFO Val horizons | 15min_mae=1.093116 15min_rmse=2.576284 15min_mape=2.226952 | 30min_mae=1.346433 30min_rmse=3.476314 30min_mape=2.981640 | 60min_mae=1.614375 60min_rmse=4.315280 60min_mape=3.824473
[2026-09-10 08:34:54] INFO Epoch 032 | stage=posthoc_calibrator | train_total=1.091711 | train_forecast=1.091711 | train_confidence=0.000000 | train_risk=0.000000 | train_blend=0.000000 | val_total=1.310362 | val_mae=1.307682 | val_rmse=3.430400 | val_mape=2.888829 | val_confidence=0.000000 | val_risk=0.000000 | val_blend=0.000000 | batches=382/47 | seconds=27.99 | lr=[0.000857375] | cuda_peak_mb=1172.0
[2026-09-10 08:34:54] INFO Val horizons | 15min_mae=1.091786 15min_rmse=2.572198 15min_mape=2.224850 | 30min_mae=1.345674 30min_rmse=3.468570 30min_mape=2.970917 | 60min_mae=1.615351 60min_rmse=4.286150 60min_mape=3.794801
[2026-09-10 08:35:22] INFO Epoch 033 | stage=posthoc_calibrator | train_total=1.091816 | train_forecast=1.091816 | train_confidence=0.000000 | train_risk=0.000000 | train_blend=0.000000 | val_total=1.313805 | val_mae=1.310712 | val_rmse=3.451844 | val_mape=2.911832 | val_confidence=0.000000 | val_risk=0.000000 | val_blend=0.000000 | batches=382/47 | seconds=27.95 | lr=[0.000857375] | cuda_peak_mb=1172.2
[2026-09-10 08:35:22] INFO Val horizons | 15min_mae=1.091876 15min_rmse=2.570811 15min_mape=2.230553 | 30min_mae=1.348669 30min_rmse=3.478510 30min_mape=2.994117 | 60min_mae=1.622722 60min_rmse=4.336996 60min_mape=3.845158
[2026-09-10 08:35:50] INFO Epoch 034 | stage=posthoc_calibrator | train_total=1.091744 | train_forecast=1.091744 | train_confidence=0.000000 | train_risk=0.000000 | train_blend=0.000000 | val_total=1.307764 | val_mae=1.304850 | val_rmse=3.437177 | val_mape=2.895613 | val_confidence=0.000000 | val_risk=0.000000 | val_blend=0.000000 | batches=382/47 | seconds=27.97 | lr=[0.000857375] | cuda_peak_mb=1173.2
[2026-09-10 08:35:50] INFO Val horizons | 15min_mae=1.089148 15min_rmse=2.564741 15min_mape=2.209951 | 30min_mae=1.342615 30min_rmse=3.460146 30min_mape=2.967647 | 60min_mae=1.613141 60min_rmse=4.323406 60min_mape=3.838692
[2026-09-10 08:35:50] INFO Checkpoint updated | epoch=34 | stage=posthoc_calibrator | best_val_mae=1.304850 | path=C:\Users\clw\projects\researchRep\STAnchor-BlockMemory\artifacts\cross_dataset_final\pems08_source_router_stgcn_seed42\downstream_best.pt
[2026-09-10 08:36:18] INFO Epoch 035 | stage=posthoc_calibrator | train_total=1.091109 | train_forecast=1.091109 | train_confidence=0.000000 | train_risk=0.000000 | train_blend=0.000000 | val_total=1.311477 | val_mae=1.308417 | val_rmse=3.440332 | val_mape=2.903605 | val_confidence=0.000000 | val_risk=0.000000 | val_blend=0.000000 | batches=382/47 | seconds=27.95 | lr=[0.000857375] | cuda_peak_mb=1172.0
[2026-09-10 08:36:18] INFO Val horizons | 15min_mae=1.091797 15min_rmse=2.568003 15min_mape=2.232599 | 30min_mae=1.346799 30min_rmse=3.471413 30min_mape=2.984836 | 60min_mae=1.616914 60min_rmse=4.310760 60min_mape=3.820658
[2026-09-10 08:36:46] INFO Epoch 036 | stage=posthoc_calibrator | train_total=1.090872 | train_forecast=1.090872 | train_confidence=0.000000 | train_risk=0.000000 | train_blend=0.000000 | val_total=1.312194 | val_mae=1.308971 | val_rmse=3.439236 | val_mape=2.883588 | val_confidence=0.000000 | val_risk=0.000000 | val_blend=0.000000 | batches=382/47 | seconds=27.99 | lr=[0.000857375] | cuda_peak_mb=1172.0
[2026-09-10 08:36:46] INFO Val horizons | 15min_mae=1.092358 15min_rmse=2.575013 15min_mape=2.218806 | 30min_mae=1.347397 30min_rmse=3.477645 30min_mape=2.968213 | 60min_mae=1.617037 60min_rmse=4.294980 60min_mape=3.787827
[2026-09-10 08:37:14] INFO Epoch 037 | stage=posthoc_calibrator | train_total=1.090770 | train_forecast=1.090770 | train_confidence=0.000000 | train_risk=0.000000 | train_blend=0.000000 | val_total=1.312942 | val_mae=1.309850 | val_rmse=3.458923 | val_mape=2.918508 | val_confidence=0.000000 | val_risk=0.000000 | val_blend=0.000000 | batches=382/47 | seconds=28.01 | lr=[0.000857375] | cuda_peak_mb=1172.2
[2026-09-10 08:37:14] INFO Val horizons | 15min_mae=1.093895 15min_rmse=2.580241 15min_mape=2.236802 | 30min_mae=1.349317 30min_rmse=3.493965 30min_mape=3.001998 | 60min_mae=1.615824 60min_rmse=4.329034 60min_mape=3.842227
[2026-09-10 08:37:42] INFO Epoch 038 | stage=posthoc_calibrator | train_total=1.090971 | train_forecast=1.090971 | train_confidence=0.000000 | train_risk=0.000000 | train_blend=0.000000 | val_total=1.310315 | val_mae=1.307492 | val_rmse=3.445783 | val_mape=2.903251 | val_confidence=0.000000 | val_risk=0.000000 | val_blend=0.000000 | batches=382/47 | seconds=28.04 | lr=[0.000857375] | cuda_peak_mb=1173.2
[2026-09-10 08:37:42] INFO Val horizons | 15min_mae=1.094884 15min_rmse=2.584549 15min_mape=2.233291 | 30min_mae=1.348523 30min_rmse=3.492087 30min_mape=2.990357 | 60min_mae=1.607652 60min_rmse=4.288788 60min_mape=3.803969
[2026-09-10 08:38:10] INFO Epoch 039 | stage=posthoc_calibrator | train_total=1.090806 | train_forecast=1.090806 | train_confidence=0.000000 | train_risk=0.000000 | train_blend=0.000000 | val_total=1.308460 | val_mae=1.305639 | val_rmse=3.427964 | val_mape=2.874746 | val_confidence=0.000000 | val_risk=0.000000 | val_blend=0.000000 | batches=382/47 | seconds=28.02 | lr=[0.000857375] | cuda_peak_mb=1172.0
[2026-09-10 08:38:10] INFO Val horizons | 15min_mae=1.089775 15min_rmse=2.565100 15min_mape=2.209505 | 30min_mae=1.342910 30min_rmse=3.461322 30min_mape=2.952004 | 60min_mae=1.615121 60min_rmse=4.292128 60min_mape=3.789690
[2026-09-10 08:38:38] INFO Epoch 040 | stage=posthoc_calibrator | train_total=1.090434 | train_forecast=1.090434 | train_confidence=0.000000 | train_risk=0.000000 | train_blend=0.000000 | val_total=1.309041 | val_mae=1.306134 | val_rmse=3.453900 | val_mape=2.884963 | val_confidence=0.000000 | val_risk=0.000000 | val_blend=0.000000 | batches=382/47 | seconds=27.98 | lr=[0.000857375] | cuda_peak_mb=1172.0
[2026-09-10 08:38:38] INFO Val horizons | 15min_mae=1.091118 15min_rmse=2.577598 15min_mape=2.211817 | 30min_mae=1.344478 30min_rmse=3.487536 30min_mape=2.958231 | 60min_mae=1.613243 60min_rmse=4.328481 60min_mape=3.814154
[2026-09-10 08:39:06] INFO Epoch 041 | stage=posthoc_calibrator | train_total=1.090705 | train_forecast=1.090705 | train_confidence=0.000000 | train_risk=0.000000 | train_blend=0.000000 | val_total=1.319360 | val_mae=1.316088 | val_rmse=3.481115 | val_mape=2.971205 | val_confidence=0.000000 | val_risk=0.000000 | val_blend=0.000000 | batches=382/47 | seconds=27.97 | lr=[0.0008145062499999999] | cuda_peak_mb=1172.2
[2026-09-10 08:39:06] INFO Val horizons | 15min_mae=1.095187 15min_rmse=2.576496 15min_mape=2.256008 | 30min_mae=1.354684 30min_rmse=3.502279 30min_mape=3.054435 | 60min_mae=1.628710 60min_rmse=4.388681 60min_mape=3.936116
[2026-09-10 08:39:34] INFO Epoch 042 | stage=posthoc_calibrator | train_total=1.091300 | train_forecast=1.091300 | train_confidence=0.000000 | train_risk=0.000000 | train_blend=0.000000 | val_total=1.314733 | val_mae=1.311518 | val_rmse=3.468864 | val_mape=2.932876 | val_confidence=0.000000 | val_risk=0.000000 | val_blend=0.000000 | batches=382/47 | seconds=28.03 | lr=[0.0008145062499999999] | cuda_peak_mb=1173.2
[2026-09-10 08:39:34] INFO Val horizons | 15min_mae=1.094640 15min_rmse=2.576974 15min_mape=2.237642 | 30min_mae=1.350475 30min_rmse=3.490455 30min_mape=3.012438 | 60min_mae=1.620663 60min_rmse=4.371896 60min_mape=3.885472
[2026-09-10 08:40:02] INFO Epoch 043 | stage=posthoc_calibrator | train_total=1.090766 | train_forecast=1.090766 | train_confidence=0.000000 | train_risk=0.000000 | train_blend=0.000000 | val_total=1.309113 | val_mae=1.306341 | val_rmse=3.438517 | val_mape=2.893800 | val_confidence=0.000000 | val_risk=0.000000 | val_blend=0.000000 | batches=382/47 | seconds=27.96 | lr=[0.0008145062499999999] | cuda_peak_mb=1172.0
[2026-09-10 08:40:02] INFO Val horizons | 15min_mae=1.091420 15min_rmse=2.572393 15min_mape=2.222339 | 30min_mae=1.345357 30min_rmse=3.475355 30min_mape=2.977363 | 60min_mae=1.612048 60min_rmse=4.299687 60min_mape=3.808774
[2026-09-10 08:40:30] INFO Epoch 044 | stage=posthoc_calibrator | train_total=1.090590 | train_forecast=1.090590 | train_confidence=0.000000 | train_risk=0.000000 | train_blend=0.000000 | val_total=1.311084 | val_mae=1.307854 | val_rmse=3.441414 | val_mape=2.893591 | val_confidence=0.000000 | val_risk=0.000000 | val_blend=0.000000 | batches=382/47 | seconds=27.98 | lr=[0.0008145062499999999] | cuda_peak_mb=1172.0
[2026-09-10 08:40:30] INFO Val horizons | 15min_mae=1.093514 15min_rmse=2.578893 15min_mape=2.228445 | 30min_mae=1.346860 30min_rmse=3.481103 30min_mape=2.977919 | 60min_mae=1.613336 60min_rmse=4.296756 60min_mape=3.798169
[2026-09-10 08:40:58] INFO Epoch 045 | stage=posthoc_calibrator | train_total=1.090386 | train_forecast=1.090386 | train_confidence=0.000000 | train_risk=0.000000 | train_blend=0.000000 | val_total=1.311093 | val_mae=1.307796 | val_rmse=3.445156 | val_mape=2.893649 | val_confidence=0.000000 | val_risk=0.000000 | val_blend=0.000000 | batches=382/47 | seconds=27.98 | lr=[0.0008145062499999999] | cuda_peak_mb=1172.2
[2026-09-10 08:40:58] INFO Val horizons | 15min_mae=1.091518 15min_rmse=2.572061 15min_mape=2.221486 | 30min_mae=1.345769 30min_rmse=3.478127 30min_mape=2.974387 | 60min_mae=1.617207 60min_rmse=4.318220 60min_mape=3.817853
[2026-09-10 08:41:25] INFO Epoch 046 | stage=posthoc_calibrator | train_total=1.090708 | train_forecast=1.090708 | train_confidence=0.000000 | train_risk=0.000000 | train_blend=0.000000 | val_total=1.314249 | val_mae=1.310851 | val_rmse=3.470091 | val_mape=2.927335 | val_confidence=0.000000 | val_risk=0.000000 | val_blend=0.000000 | batches=382/47 | seconds=27.96 | lr=[0.0008145062499999999] | cuda_peak_mb=1173.2
[2026-09-10 08:41:25] INFO Val horizons | 15min_mae=1.092594 15min_rmse=2.576983 15min_mape=2.234622 | 30min_mae=1.349096 30min_rmse=3.493741 30min_mape=3.006239 | 60min_mae=1.621998 60min_rmse=4.369400 60min_mape=3.876365
[2026-09-10 08:41:53] INFO Epoch 047 | stage=posthoc_calibrator | train_total=1.090374 | train_forecast=1.090374 | train_confidence=0.000000 | train_risk=0.000000 | train_blend=0.000000 | val_total=1.314697 | val_mae=1.311549 | val_rmse=3.454353 | val_mape=2.932249 | val_confidence=0.000000 | val_risk=0.000000 | val_blend=0.000000 | batches=382/47 | seconds=27.99 | lr=[0.0008145062499999999] | cuda_peak_mb=1172.0
[2026-09-10 08:41:53] INFO Val horizons | 15min_mae=1.095906 15min_rmse=2.580492 15min_mape=2.246625 | 30min_mae=1.350811 30min_rmse=3.487883 30min_mape=3.017668 | 60min_mae=1.617653 60min_rmse=4.326584 60min_mape=3.864377
[2026-09-10 08:42:21] INFO Epoch 048 | stage=posthoc_calibrator | train_total=1.091211 | train_forecast=1.091211 | train_confidence=0.000000 | train_risk=0.000000 | train_blend=0.000000 | val_total=1.310812 | val_mae=1.307600 | val_rmse=3.446345 | val_mape=2.911733 | val_confidence=0.000000 | val_risk=0.000000 | val_blend=0.000000 | batches=382/47 | seconds=27.94 | lr=[0.0008145062499999999] | cuda_peak_mb=1172.0
[2026-09-10 08:42:21] INFO Val horizons | 15min_mae=1.093012 15min_rmse=2.576128 15min_mape=2.233933 | 30min_mae=1.346795 30min_rmse=3.478864 30min_mape=2.994910 | 60min_mae=1.612606 60min_rmse=4.314869 60min_mape=3.832975
[2026-09-10 08:42:49] INFO Epoch 049 | stage=posthoc_calibrator | train_total=1.090749 | train_forecast=1.090749 | train_confidence=0.000000 | train_risk=0.000000 | train_blend=0.000000 | val_total=1.310443 | val_mae=1.307325 | val_rmse=3.450816 | val_mape=2.900427 | val_confidence=0.000000 | val_risk=0.000000 | val_blend=0.000000 | batches=382/47 | seconds=28.01 | lr=[0.0008145062499999999] | cuda_peak_mb=1172.2
[2026-09-10 08:42:49] INFO Val horizons | 15min_mae=1.093430 15min_rmse=2.582309 15min_mape=2.226818 | 30min_mae=1.347048 30min_rmse=3.491234 30min_mape=2.984022 | 60min_mae=1.610775 60min_rmse=4.308932 60min_mape=3.814159
[2026-09-10 08:43:17] INFO Epoch 050 | stage=posthoc_calibrator | train_total=1.089969 | train_forecast=1.089969 | train_confidence=0.000000 | train_risk=0.000000 | train_blend=0.000000 | val_total=1.311019 | val_mae=1.307787 | val_rmse=3.443171 | val_mape=2.896029 | val_confidence=0.000000 | val_risk=0.000000 | val_blend=0.000000 | batches=382/47 | seconds=27.99 | lr=[0.0008145062499999999] | cuda_peak_mb=1173.2
[2026-09-10 08:43:17] INFO Val horizons | 15min_mae=1.091962 15min_rmse=2.572920 15min_mape=2.220712 | 30min_mae=1.346472 30min_rmse=3.474608 30min_mape=2.975547 | 60min_mae=1.615063 60min_rmse=4.314727 60min_mape=3.819287
[2026-09-10 08:43:17] INFO Downstream training finished | best_val_mae=1.304850 | checkpoint=C:\Users\clw\projects\researchRep\STAnchor-BlockMemory\artifacts\cross_dataset_final\pems08_source_router_stgcn_seed42\downstream_best.pt
