[2026-09-10 23:25:45] INFO Downstream start | run=convergence/formal_20260910_baseonly_st_norm_seed42 | device=cuda:0 (requested=cuda:0) | seed=42 | output=C:\Users\clw\projects\researchRep\STAnchor-BlockMemory\artifacts\convergence\formal_20260910_baseonly_st_norm_seed42
[2026-09-10 23:25:45] INFO Mode | downstream_mode=base_only | training_protocol=staged_joint | candidate_protocol=weekday_radius1_overlap | candidate_ranking=learned_key
[2026-09-10 23:25:45] INFO Downstream initialization | seed=42 | state_hash=0886452b106bb3fa
[2026-09-10 23:25:45] INFO Data | steps=34272 | nodes=207 | channels=1 | training_scope=full_train | memory/post_memory/train_selected/val/test=15876/6805/22681/2993/6025
[2026-09-10 23:25:45] INFO Bank/retrieval | disabled (base_only)
[2026-09-10 23:25:45] INFO Frozen path cache | enabled=no | candidate_ranking=learned_key | fill=first_epoch
[2026-09-10 23:25:45] INFO Parameters | downstream_total=41,993 | downstream_trainable=41,724 | backbone=41,724 | confidence_head=0 | fusion=0 | frozen_pretrained=0
[2026-09-10 23:25:45] INFO Optimization | epochs=100 | batch_size=8 | optimizer=adam | lr=0.0001 | weight_decay=0 | scheduler=none | step_size=10 | gamma=0.950 | confidence_weight=0.000 | patience=50 | early_stopping=enabled
[2026-09-10 23:25:46] INFO Stage start | stage=standard | epochs=100 | optimizer_lrs=[0.0001]
[2026-09-10 23:26:54] INFO Epoch 001 | stage=standard | train_total=0.549161 | train_forecast=0.549161 | train_confidence=0.000000 | train_risk=0.000000 | train_blend=0.000000 | val_total=0.470249 | val_mae=3.551025 | val_rmse=6.568968 | val_mape=10.380286 | val_confidence=0.000000 | val_risk=0.000000 | val_blend=0.000000 | batches=2836/375 | seconds=67.76 | lr=[0.0001] | cuda_peak_mb=392.2
[2026-09-10 23:26:54] INFO Val horizons | 15min_mae=2.991465 15min_rmse=5.436911 15min_mape=8.265711 | 30min_mae=3.511640 30min_rmse=6.546373 30min_mape=10.375381 | 60min_mae=4.361699 60min_rmse=7.911895 60min_mape=13.433450
[2026-09-10 23:26:54] INFO Checkpoint updated | epoch=1 | stage=standard | best_val_mae=3.551025 | path=C:\Users\clw\projects\researchRep\STAnchor-BlockMemory\artifacts\convergence\formal_20260910_baseonly_st_norm_seed42\downstream_best.pt
[2026-09-10 23:28:02] INFO Epoch 002 | stage=standard | train_total=0.466351 | train_forecast=0.466351 | train_confidence=0.000000 | train_risk=0.000000 | train_blend=0.000000 | val_total=0.454176 | val_mae=3.455744 | val_rmse=6.414826 | val_mape=9.859573 | val_confidence=0.000000 | val_risk=0.000000 | val_blend=0.000000 | batches=2836/375 | seconds=68.03 | lr=[0.0001] | cuda_peak_mb=392.2
[2026-09-10 23:28:02] INFO Val horizons | 15min_mae=2.919576 15min_rmse=5.332236 15min_mape=7.863966 | 30min_mae=3.427238 30min_rmse=6.403309 30min_mape=9.818909 | 60min_mae=4.256276 60min_rmse=7.706505 60min_mape=12.832171
[2026-09-10 23:28:02] INFO Checkpoint updated | epoch=2 | stage=standard | best_val_mae=3.455744 | path=C:\Users\clw\projects\researchRep\STAnchor-BlockMemory\artifacts\convergence\formal_20260910_baseonly_st_norm_seed42\downstream_best.pt
[2026-09-10 23:29:10] INFO Epoch 003 | stage=standard | train_total=0.454781 | train_forecast=0.454781 | train_confidence=0.000000 | train_risk=0.000000 | train_blend=0.000000 | val_total=0.448935 | val_mae=3.542898 | val_rmse=6.361291 | val_mape=10.017633 | val_confidence=0.000000 | val_risk=0.000000 | val_blend=0.000000 | batches=2836/375 | seconds=67.74 | lr=[0.0001] | cuda_peak_mb=392.2
[2026-09-10 23:29:10] INFO Val horizons | 15min_mae=2.989479 15min_rmse=5.326348 15min_mape=8.089012 | 30min_mae=3.540469 30min_rmse=6.361540 30min_mape=10.015882 | 60min_mae=4.354147 60min_rmse=7.615516 60min_mape=12.906860
[2026-09-10 23:30:18] INFO Epoch 004 | stage=standard | train_total=0.446441 | train_forecast=0.446441 | train_confidence=0.000000 | train_risk=0.000000 | train_blend=0.000000 | val_total=0.440593 | val_mae=3.416634 | val_rmse=6.300780 | val_mape=9.718447 | val_confidence=0.000000 | val_risk=0.000000 | val_blend=0.000000 | batches=2836/375 | seconds=67.94 | lr=[0.0001] | cuda_peak_mb=392.2
[2026-09-10 23:30:18] INFO Val horizons | 15min_mae=2.894538 15min_rmse=5.278878 15min_mape=7.857293 | 30min_mae=3.420078 30min_rmse=6.305993 30min_mape=9.759377 | 60min_mae=4.181048 60min_rmse=7.536609 60min_mape=12.497831
[2026-09-10 23:30:18] INFO Checkpoint updated | epoch=4 | stage=standard | best_val_mae=3.416634 | path=C:\Users\clw\projects\researchRep\STAnchor-BlockMemory\artifacts\convergence\formal_20260910_baseonly_st_norm_seed42\downstream_best.pt
[2026-09-10 23:31:25] INFO Epoch 005 | stage=standard | train_total=0.439585 | train_forecast=0.439585 | train_confidence=0.000000 | train_risk=0.000000 | train_blend=0.000000 | val_total=0.436305 | val_mae=3.501923 | val_rmse=6.259147 | val_mape=9.523821 | val_confidence=0.000000 | val_risk=0.000000 | val_blend=0.000000 | batches=2836/375 | seconds=67.74 | lr=[0.0001] | cuda_peak_mb=392.2
[2026-09-10 23:31:25] INFO Val horizons | 15min_mae=2.988139 15min_rmse=5.274648 15min_mape=7.814990 | 30min_mae=3.485549 30min_rmse=6.269696 30min_mape=9.529557 | 60min_mae=4.259963 60min_rmse=7.445310 60min_mape=12.069924
[2026-09-10 23:32:33] INFO Epoch 006 | stage=standard | train_total=0.434008 | train_forecast=0.434008 | train_confidence=0.000000 | train_risk=0.000000 | train_blend=0.000000 | val_total=0.433424 | val_mae=3.356731 | val_rmse=6.245849 | val_mape=9.821615 | val_confidence=0.000000 | val_risk=0.000000 | val_blend=0.000000 | batches=2836/375 | seconds=67.70 | lr=[0.0001] | cuda_peak_mb=392.2
[2026-09-10 23:32:33] INFO Val horizons | 15min_mae=2.859788 15min_rmse=5.259456 15min_mape=7.902391 | 30min_mae=3.357489 30min_rmse=6.267797 30min_mape=9.910329 | 60min_mae=4.087053 60min_rmse=7.449917 60min_mape=12.626127
[2026-09-10 23:32:33] INFO Checkpoint updated | epoch=6 | stage=standard | best_val_mae=3.356731 | path=C:\Users\clw\projects\researchRep\STAnchor-BlockMemory\artifacts\convergence\formal_20260910_baseonly_st_norm_seed42\downstream_best.pt
[2026-09-10 23:33:41] INFO Epoch 007 | stage=standard | train_total=0.428784 | train_forecast=0.428784 | train_confidence=0.000000 | train_risk=0.000000 | train_blend=0.000000 | val_total=0.429649 | val_mae=3.390769 | val_rmse=6.189427 | val_mape=9.454827 | val_confidence=0.000000 | val_risk=0.000000 | val_blend=0.000000 | batches=2836/375 | seconds=67.55 | lr=[0.0001] | cuda_peak_mb=392.2
[2026-09-10 23:33:41] INFO Val horizons | 15min_mae=2.893299 15min_rmse=5.230378 15min_mape=7.693942 | 30min_mae=3.401521 30min_rmse=6.213403 30min_mape=9.514406 | 60min_mae=4.123774 60min_rmse=7.353437 60min_mape=12.022661
[2026-09-10 23:34:48] INFO Epoch 008 | stage=standard | train_total=0.424423 | train_forecast=0.424423 | train_confidence=0.000000 | train_risk=0.000000 | train_blend=0.000000 | val_total=0.426128 | val_mae=3.346260 | val_rmse=6.167901 | val_mape=9.446173 | val_confidence=0.000000 | val_risk=0.000000 | val_blend=0.000000 | batches=2836/375 | seconds=67.69 | lr=[0.0001] | cuda_peak_mb=392.2
[2026-09-10 23:34:48] INFO Val horizons | 15min_mae=2.853286 15min_rmse=5.220290 15min_mape=7.630010 | 30min_mae=3.356734 30min_rmse=6.196456 30min_mape=9.508899 | 60min_mae=4.068293 60min_rmse=7.315665 60min_mape=12.031919
[2026-09-10 23:34:48] INFO Checkpoint updated | epoch=8 | stage=standard | best_val_mae=3.346260 | path=C:\Users\clw\projects\researchRep\STAnchor-BlockMemory\artifacts\convergence\formal_20260910_baseonly_st_norm_seed42\downstream_best.pt
[2026-09-10 23:35:56] INFO Epoch 009 | stage=standard | train_total=0.420593 | train_forecast=0.420593 | train_confidence=0.000000 | train_risk=0.000000 | train_blend=0.000000 | val_total=0.422885 | val_mae=3.288691 | val_rmse=6.140926 | val_mape=9.245618 | val_confidence=0.000000 | val_risk=0.000000 | val_blend=0.000000 | batches=2836/375 | seconds=68.04 | lr=[0.0001] | cuda_peak_mb=392.2
[2026-09-10 23:35:56] INFO Val horizons | 15min_mae=2.815259 15min_rmse=5.201344 15min_mape=7.480212 | 30min_mae=3.300109 30min_rmse=6.172530 30min_mape=9.306342 | 60min_mae=3.963619 60min_rmse=7.275336 60min_mape=11.753356
[2026-09-10 23:35:56] INFO Checkpoint updated | epoch=9 | stage=standard | best_val_mae=3.288691 | path=C:\Users\clw\projects\researchRep\STAnchor-BlockMemory\artifacts\convergence\formal_20260910_baseonly_st_norm_seed42\downstream_best.pt
[2026-09-10 23:37:04] INFO Epoch 010 | stage=standard | train_total=0.417606 | train_forecast=0.417606 | train_confidence=0.000000 | train_risk=0.000000 | train_blend=0.000000 | val_total=0.417908 | val_mae=3.293857 | val_rmse=6.094919 | val_mape=9.217640 | val_confidence=0.000000 | val_risk=0.000000 | val_blend=0.000000 | batches=2836/375 | seconds=68.10 | lr=[0.0001] | cuda_peak_mb=392.2
[2026-09-10 23:37:04] INFO Val horizons | 15min_mae=2.822919 15min_rmse=5.181493 15min_mape=7.554960 | 30min_mae=3.300692 30min_rmse=6.135399 30min_mape=9.278030 | 60min_mae=3.970660 60min_rmse=7.194697 60min_mape=11.577987
[2026-09-10 23:38:13] INFO Epoch 011 | stage=standard | train_total=0.414820 | train_forecast=0.414820 | train_confidence=0.000000 | train_risk=0.000000 | train_blend=0.000000 | val_total=0.415562 | val_mae=3.240743 | val_rmse=6.076956 | val_mape=9.143237 | val_confidence=0.000000 | val_risk=0.000000 | val_blend=0.000000 | batches=2836/375 | seconds=68.12 | lr=[0.0001] | cuda_peak_mb=392.2
[2026-09-10 23:38:13] INFO Val horizons | 15min_mae=2.781378 15min_rmse=5.175637 15min_mape=7.417030 | 30min_mae=3.260662 30min_rmse=6.118962 30min_mape=9.221347 | 60min_mae=3.886965 60min_rmse=7.175514 60min_mape=11.624001
[2026-09-10 23:38:13] INFO Checkpoint updated | epoch=11 | stage=standard | best_val_mae=3.240743 | path=C:\Users\clw\projects\researchRep\STAnchor-BlockMemory\artifacts\convergence\formal_20260910_baseonly_st_norm_seed42\downstream_best.pt
[2026-09-10 23:39:21] INFO Epoch 012 | stage=standard | train_total=0.413023 | train_forecast=0.413023 | train_confidence=0.000000 | train_risk=0.000000 | train_blend=0.000000 | val_total=0.414568 | val_mae=3.272269 | val_rmse=6.065191 | val_mape=9.355713 | val_confidence=0.000000 | val_risk=0.000000 | val_blend=0.000000 | batches=2836/375 | seconds=67.93 | lr=[0.0001] | cuda_peak_mb=392.2
[2026-09-10 23:39:21] INFO Val horizons | 15min_mae=2.845558 15min_rmse=5.167626 15min_mape=7.604016 | 30min_mae=3.296639 30min_rmse=6.113867 30min_mape=9.485630 | 60min_mae=3.891896 60min_rmse=7.147038 60min_mape=11.797911
[2026-09-10 23:40:28] INFO Epoch 013 | stage=standard | train_total=0.410706 | train_forecast=0.410706 | train_confidence=0.000000 | train_risk=0.000000 | train_blend=0.000000 | val_total=0.419666 | val_mae=3.277188 | val_rmse=6.116836 | val_mape=9.242986 | val_confidence=0.000000 | val_risk=0.000000 | val_blend=0.000000 | batches=2836/375 | seconds=67.84 | lr=[0.0001] | cuda_peak_mb=392.2
[2026-09-10 23:40:28] INFO Val horizons | 15min_mae=2.808237 15min_rmse=5.213000 15min_mape=7.525578 | 30min_mae=3.305735 30min_rmse=6.161623 30min_mape=9.349479 | 60min_mae=3.938650 60min_rmse=7.212080 60min_mape=11.660289
[2026-09-10 23:41:36] INFO Epoch 014 | stage=standard | train_total=0.409129 | train_forecast=0.409129 | train_confidence=0.000000 | train_risk=0.000000 | train_blend=0.000000 | val_total=0.412621 | val_mae=3.272519 | val_rmse=6.064136 | val_mape=9.487645 | val_confidence=0.000000 | val_risk=0.000000 | val_blend=0.000000 | batches=2836/375 | seconds=67.45 | lr=[0.0001] | cuda_peak_mb=392.2
[2026-09-10 23:41:36] INFO Val horizons | 15min_mae=2.845729 15min_rmse=5.178714 15min_mape=7.750322 | 30min_mae=3.290380 30min_rmse=6.118124 30min_mape=9.605125 | 60min_mae=3.906828 60min_rmse=7.130608 60min_mape=11.912454
[2026-09-10 23:42:42] INFO Epoch 015 | stage=standard | train_total=0.407073 | train_forecast=0.407073 | train_confidence=0.000000 | train_risk=0.000000 | train_blend=0.000000 | val_total=0.412622 | val_mae=3.355571 | val_rmse=6.049528 | val_mape=9.278858 | val_confidence=0.000000 | val_risk=0.000000 | val_blend=0.000000 | batches=2836/375 | seconds=66.49 | lr=[0.0001] | cuda_peak_mb=392.2
[2026-09-10 23:42:42] INFO Val horizons | 15min_mae=2.910087 15min_rmse=5.182133 15min_mape=7.668554 | 30min_mae=3.372746 30min_rmse=6.104320 30min_mape=9.388989 | 60min_mae=4.005079 60min_rmse=7.093032 60min_mape=11.502590
[2026-09-10 23:43:49] INFO Epoch 016 | stage=standard | train_total=0.405636 | train_forecast=0.405636 | train_confidence=0.000000 | train_risk=0.000000 | train_blend=0.000000 | val_total=0.410278 | val_mae=3.276741 | val_rmse=6.034268 | val_mape=8.974389 | val_confidence=0.000000 | val_risk=0.000000 | val_blend=0.000000 | batches=2836/375 | seconds=66.78 | lr=[0.0001] | cuda_peak_mb=392.2
[2026-09-10 23:43:49] INFO Val horizons | 15min_mae=2.835498 15min_rmse=5.173384 15min_mape=7.298854 | 30min_mae=3.310408 30min_rmse=6.091433 30min_mape=9.069928 | 60min_mae=3.894929 60min_rmse=7.071359 60min_mape=11.282925
[2026-09-10 23:44:56] INFO Epoch 017 | stage=standard | train_total=0.404053 | train_forecast=0.404053 | train_confidence=0.000000 | train_risk=0.000000 | train_blend=0.000000 | val_total=0.411541 | val_mae=3.320637 | val_rmse=6.047200 | val_mape=9.353466 | val_confidence=0.000000 | val_risk=0.000000 | val_blend=0.000000 | batches=2836/375 | seconds=66.76 | lr=[0.0001] | cuda_peak_mb=392.2
[2026-09-10 23:44:56] INFO Val horizons | 15min_mae=2.883383 15min_rmse=5.173066 15min_mape=7.701207 | 30min_mae=3.351428 30min_rmse=6.100894 30min_mape=9.485052 | 60min_mae=3.938858 60min_rmse=7.103091 60min_mape=11.664006
[2026-09-10 23:46:03] INFO Epoch 018 | stage=standard | train_total=0.403039 | train_forecast=0.403039 | train_confidence=0.000000 | train_risk=0.000000 | train_blend=0.000000 | val_total=0.410459 | val_mae=3.307372 | val_rmse=6.057072 | val_mape=8.929360 | val_confidence=0.000000 | val_risk=0.000000 | val_blend=0.000000 | batches=2836/375 | seconds=66.66 | lr=[0.0001] | cuda_peak_mb=392.2
[2026-09-10 23:46:03] INFO Val horizons | 15min_mae=2.837058 15min_rmse=5.169509 15min_mape=7.373206 | 30min_mae=3.335052 30min_rmse=6.113873 30min_mape=9.044053 | 60min_mae=3.971555 60min_rmse=7.115271 60min_mape=11.079561
[2026-09-10 23:47:10] INFO Epoch 019 | stage=standard | train_total=0.402246 | train_forecast=0.402246 | train_confidence=0.000000 | train_risk=0.000000 | train_blend=0.000000 | val_total=0.407523 | val_mae=3.242086 | val_rmse=6.009110 | val_mape=9.092930 | val_confidence=0.000000 | val_risk=0.000000 | val_blend=0.000000 | batches=2836/375 | seconds=66.98 | lr=[0.0001] | cuda_peak_mb=392.2
[2026-09-10 23:47:10] INFO Val horizons | 15min_mae=2.822181 15min_rmse=5.154670 15min_mape=7.579887 | 30min_mae=3.271960 30min_rmse=6.070935 30min_mape=9.231511 | 60min_mae=3.848727 60min_rmse=7.034796 60min_mape=11.202358
[2026-09-10 23:48:16] INFO Epoch 020 | stage=standard | train_total=0.400343 | train_forecast=0.400343 | train_confidence=0.000000 | train_risk=0.000000 | train_blend=0.000000 | val_total=0.409797 | val_mae=3.285057 | val_rmse=6.032295 | val_mape=9.167621 | val_confidence=0.000000 | val_risk=0.000000 | val_blend=0.000000 | batches=2836/375 | seconds=66.65 | lr=[0.0001] | cuda_peak_mb=392.2
[2026-09-10 23:48:16] INFO Val horizons | 15min_mae=2.834742 15min_rmse=5.159917 15min_mape=7.555160 | 30min_mae=3.309302 30min_rmse=6.087867 30min_mape=9.318631 | 60min_mae=3.924559 60min_rmse=7.079573 60min_mape=11.366241
[2026-09-10 23:49:23] INFO Epoch 021 | stage=standard | train_total=0.399749 | train_forecast=0.399749 | train_confidence=0.000000 | train_risk=0.000000 | train_blend=0.000000 | val_total=0.406838 | val_mae=3.264603 | val_rmse=6.009890 | val_mape=9.026659 | val_confidence=0.000000 | val_risk=0.000000 | val_blend=0.000000 | batches=2836/375 | seconds=66.65 | lr=[0.0001] | cuda_peak_mb=392.2
[2026-09-10 23:49:23] INFO Val horizons | 15min_mae=2.830739 15min_rmse=5.153242 15min_mape=7.389592 | 30min_mae=3.297616 30min_rmse=6.070804 30min_mape=9.162209 | 60min_mae=3.872112 60min_rmse=7.040520 60min_mape=11.239064
[2026-09-10 23:50:30] INFO Epoch 022 | stage=standard | train_total=0.398531 | train_forecast=0.398531 | train_confidence=0.000000 | train_risk=0.000000 | train_blend=0.000000 | val_total=0.409258 | val_mae=3.246853 | val_rmse=6.050913 | val_mape=8.893854 | val_confidence=0.000000 | val_risk=0.000000 | val_blend=0.000000 | batches=2836/375 | seconds=66.75 | lr=[0.0001] | cuda_peak_mb=392.2
[2026-09-10 23:50:30] INFO Val horizons | 15min_mae=2.815402 15min_rmse=5.182104 15min_mape=7.347618 | 30min_mae=3.273651 30min_rmse=6.108184 30min_mape=9.017949 | 60min_mae=3.864933 60min_rmse=7.093732 60min_mape=10.988670
[2026-09-10 23:51:37] INFO Epoch 023 | stage=standard | train_total=0.397519 | train_forecast=0.397519 | train_confidence=0.000000 | train_risk=0.000000 | train_blend=0.000000 | val_total=0.414474 | val_mae=3.319628 | val_rmse=6.065566 | val_mape=9.379484 | val_confidence=0.000000 | val_risk=0.000000 | val_blend=0.000000 | batches=2836/375 | seconds=66.96 | lr=[0.0001] | cuda_peak_mb=392.2
[2026-09-10 23:51:37] INFO Val horizons | 15min_mae=2.864161 15min_rmse=5.176455 15min_mape=7.650550 | 30min_mae=3.347331 30min_rmse=6.121118 30min_mape=9.511950 | 60min_mae=3.956276 60min_rmse=7.124562 60min_mape=11.705699
[2026-09-10 23:52:43] INFO Epoch 024 | stage=standard | train_total=0.396849 | train_forecast=0.396849 | train_confidence=0.000000 | train_risk=0.000000 | train_blend=0.000000 | val_total=0.405819 | val_mae=3.324396 | val_rmse=5.995666 | val_mape=9.177320 | val_confidence=0.000000 | val_risk=0.000000 | val_blend=0.000000 | batches=2836/375 | seconds=66.75 | lr=[0.0001] | cuda_peak_mb=392.2
[2026-09-10 23:52:43] INFO Val horizons | 15min_mae=2.867449 15min_rmse=5.143073 15min_mape=7.537392 | 30min_mae=3.361632 30min_rmse=6.059038 30min_mape=9.336279 | 60min_mae=3.961899 60min_rmse=7.017448 60min_mape=11.384543
[2026-09-10 23:53:50] INFO Epoch 025 | stage=standard | train_total=0.396037 | train_forecast=0.396037 | train_confidence=0.000000 | train_risk=0.000000 | train_blend=0.000000 | val_total=0.410862 | val_mae=3.273524 | val_rmse=6.037976 | val_mape=9.298634 | val_confidence=0.000000 | val_risk=0.000000 | val_blend=0.000000 | batches=2836/375 | seconds=66.82 | lr=[0.0001] | cuda_peak_mb=392.2
[2026-09-10 23:53:50] INFO Val horizons | 15min_mae=2.838949 15min_rmse=5.165777 15min_mape=7.635392 | 30min_mae=3.309377 30min_rmse=6.103989 30min_mape=9.484085 | 60min_mae=3.895598 60min_rmse=7.074884 60min_mape=11.518942
[2026-09-10 23:54:57] INFO Epoch 026 | stage=standard | train_total=0.395220 | train_forecast=0.395220 | train_confidence=0.000000 | train_risk=0.000000 | train_blend=0.000000 | val_total=0.405924 | val_mae=3.275956 | val_rmse=6.008143 | val_mape=9.051347 | val_confidence=0.000000 | val_risk=0.000000 | val_blend=0.000000 | batches=2836/375 | seconds=66.85 | lr=[0.0001] | cuda_peak_mb=392.2
[2026-09-10 23:54:57] INFO Val horizons | 15min_mae=2.841320 15min_rmse=5.149138 15min_mape=7.458069 | 30min_mae=3.301334 30min_rmse=6.065246 30min_mape=9.181537 | 60min_mae=3.905479 60min_rmse=7.045687 60min_mape=11.206977
[2026-09-10 23:56:04] INFO Epoch 027 | stage=standard | train_total=0.394259 | train_forecast=0.394259 | train_confidence=0.000000 | train_risk=0.000000 | train_blend=0.000000 | val_total=0.407457 | val_mae=3.252959 | val_rmse=6.004014 | val_mape=9.020349 | val_confidence=0.000000 | val_risk=0.000000 | val_blend=0.000000 | batches=2836/375 | seconds=67.02 | lr=[0.0001] | cuda_peak_mb=392.2
[2026-09-10 23:56:04] INFO Val horizons | 15min_mae=2.811863 15min_rmse=5.143317 15min_mape=7.445213 | 30min_mae=3.276412 30min_rmse=6.061697 30min_mape=9.157425 | 60min_mae=3.872833 60min_rmse=7.031252 60min_mape=11.133336
[2026-09-10 23:57:11] INFO Epoch 028 | stage=standard | train_total=0.393746 | train_forecast=0.393746 | train_confidence=0.000000 | train_risk=0.000000 | train_blend=0.000000 | val_total=0.409242 | val_mae=3.318594 | val_rmse=6.019714 | val_mape=9.268305 | val_confidence=0.000000 | val_risk=0.000000 | val_blend=0.000000 | batches=2836/375 | seconds=67.03 | lr=[0.0001] | cuda_peak_mb=392.2
[2026-09-10 23:57:11] INFO Val horizons | 15min_mae=2.861395 15min_rmse=5.144563 15min_mape=7.629003 | 30min_mae=3.352189 30min_rmse=6.077082 30min_mape=9.446539 | 60min_mae=3.965734 60min_rmse=7.069862 60min_mape=11.472727
[2026-09-10 23:58:18] INFO Epoch 029 | stage=standard | train_total=0.392782 | train_forecast=0.392782 | train_confidence=0.000000 | train_risk=0.000000 | train_blend=0.000000 | val_total=0.403057 | val_mae=3.210815 | val_rmse=5.975127 | val_mape=9.064136 | val_confidence=0.000000 | val_risk=0.000000 | val_blend=0.000000 | batches=2836/375 | seconds=66.80 | lr=[0.0001] | cuda_peak_mb=392.2
[2026-09-10 23:58:18] INFO Val horizons | 15min_mae=2.786333 15min_rmse=5.118588 15min_mape=7.475091 | 30min_mae=3.238910 30min_rmse=6.032487 30min_mape=9.217332 | 60min_mae=3.821817 60min_rmse=7.007500 60min_mape=11.201502
[2026-09-10 23:58:18] INFO Checkpoint updated | epoch=29 | stage=standard | best_val_mae=3.210815 | path=C:\Users\clw\projects\researchRep\STAnchor-BlockMemory\artifacts\convergence\formal_20260910_baseonly_st_norm_seed42\downstream_best.pt
[2026-09-10 23:59:25] INFO Epoch 030 | stage=standard | train_total=0.392362 | train_forecast=0.392362 | train_confidence=0.000000 | train_risk=0.000000 | train_blend=0.000000 | val_total=0.400299 | val_mae=3.226358 | val_rmse=5.953424 | val_mape=8.969900 | val_confidence=0.000000 | val_risk=0.000000 | val_blend=0.000000 | batches=2836/375 | seconds=66.80 | lr=[0.0001] | cuda_peak_mb=392.2
[2026-09-10 23:59:25] INFO Val horizons | 15min_mae=2.806372 15min_rmse=5.112263 15min_mape=7.413392 | 30min_mae=3.258996 30min_rmse=6.013094 30min_mape=9.105357 | 60min_mae=3.821459 60min_rmse=6.970190 60min_mape=11.070963
[2026-09-11 00:00:32] INFO Epoch 031 | stage=standard | train_total=0.391645 | train_forecast=0.391645 | train_confidence=0.000000 | train_risk=0.000000 | train_blend=0.000000 | val_total=0.400715 | val_mae=3.265866 | val_rmse=5.957713 | val_mape=9.154413 | val_confidence=0.000000 | val_risk=0.000000 | val_blend=0.000000 | batches=2836/375 | seconds=67.08 | lr=[0.0001] | cuda_peak_mb=392.2
[2026-09-11 00:00:32] INFO Val horizons | 15min_mae=2.846284 15min_rmse=5.121866 15min_mape=7.606542 | 30min_mae=3.302514 30min_rmse=6.024959 30min_mape=9.320560 | 60min_mae=3.865308 60min_rmse=6.958323 60min_mape=11.279370
[2026-09-11 00:01:39] INFO Epoch 032 | stage=standard | train_total=0.391193 | train_forecast=0.391193 | train_confidence=0.000000 | train_risk=0.000000 | train_blend=0.000000 | val_total=0.402283 | val_mae=3.259693 | val_rmse=5.961235 | val_mape=9.017704 | val_confidence=0.000000 | val_risk=0.000000 | val_blend=0.000000 | batches=2836/375 | seconds=67.20 | lr=[0.0001] | cuda_peak_mb=392.2
[2026-09-11 00:01:39] INFO Val horizons | 15min_mae=2.818217 15min_rmse=5.120229 15min_mape=7.441678 | 30min_mae=3.298510 30min_rmse=6.028474 30min_mape=9.186335 | 60min_mae=3.866151 60min_rmse=6.963463 60min_mape=11.124277
[2026-09-11 00:02:46] INFO Epoch 033 | stage=standard | train_total=0.390444 | train_forecast=0.390444 | train_confidence=0.000000 | train_risk=0.000000 | train_blend=0.000000 | val_total=0.403117 | val_mae=3.271651 | val_rmse=5.981853 | val_mape=9.108992 | val_confidence=0.000000 | val_risk=0.000000 | val_blend=0.000000 | batches=2836/375 | seconds=66.82 | lr=[0.0001] | cuda_peak_mb=392.2
[2026-09-11 00:02:46] INFO Val horizons | 15min_mae=2.838138 15min_rmse=5.130551 15min_mape=7.509444 | 30min_mae=3.309116 30min_rmse=6.041825 30min_mape=9.271855 | 60min_mae=3.884522 60min_rmse=7.003958 60min_mape=11.233544
[2026-09-11 00:03:53] INFO Epoch 034 | stage=standard | train_total=0.389818 | train_forecast=0.389818 | train_confidence=0.000000 | train_risk=0.000000 | train_blend=0.000000 | val_total=0.402680 | val_mae=3.263292 | val_rmse=5.989236 | val_mape=8.972808 | val_confidence=0.000000 | val_risk=0.000000 | val_blend=0.000000 | batches=2836/375 | seconds=67.16 | lr=[0.0001] | cuda_peak_mb=392.2
[2026-09-11 00:03:53] INFO Val horizons | 15min_mae=2.819041 15min_rmse=5.125943 15min_mape=7.363009 | 30min_mae=3.297330 30min_rmse=6.043813 30min_mape=9.121275 | 60min_mae=3.899997 60min_rmse=7.034029 60min_mape=11.147874
[2026-09-11 00:05:00] INFO Epoch 035 | stage=standard | train_total=0.388931 | train_forecast=0.388931 | train_confidence=0.000000 | train_risk=0.000000 | train_blend=0.000000 | val_total=0.407453 | val_mae=3.251769 | val_rmse=6.009650 | val_mape=9.281511 | val_confidence=0.000000 | val_risk=0.000000 | val_blend=0.000000 | batches=2836/375 | seconds=66.94 | lr=[0.0001] | cuda_peak_mb=392.2
[2026-09-11 00:05:00] INFO Val horizons | 15min_mae=2.814967 15min_rmse=5.139960 15min_mape=7.646664 | 30min_mae=3.286294 30min_rmse=6.065083 30min_mape=9.465322 | 60min_mae=3.869130 60min_rmse=7.053890 60min_mape=11.465883
[2026-09-11 00:06:07] INFO Epoch 036 | stage=standard | train_total=0.388489 | train_forecast=0.388489 | train_confidence=0.000000 | train_risk=0.000000 | train_blend=0.000000 | val_total=0.402646 | val_mae=3.237442 | val_rmse=5.953605 | val_mape=9.043242 | val_confidence=0.000000 | val_risk=0.000000 | val_blend=0.000000 | batches=2836/375 | seconds=66.97 | lr=[0.0001] | cuda_peak_mb=392.2
[2026-09-11 00:06:07] INFO Val horizons | 15min_mae=2.814793 15min_rmse=5.116778 15min_mape=7.500659 | 30min_mae=3.281859 30min_rmse=6.014517 30min_mape=9.210079 | 60min_mae=3.845020 60min_rmse=6.966421 60min_mape=11.116920
[2026-09-11 00:07:14] INFO Epoch 037 | stage=standard | train_total=0.387965 | train_forecast=0.387965 | train_confidence=0.000000 | train_risk=0.000000 | train_blend=0.000000 | val_total=0.400023 | val_mae=3.230046 | val_rmse=5.942716 | val_mape=8.847626 | val_confidence=0.000000 | val_risk=0.000000 | val_blend=0.000000 | batches=2836/375 | seconds=67.18 | lr=[0.0001] | cuda_peak_mb=392.2
[2026-09-11 00:07:14] INFO Val horizons | 15min_mae=2.797822 15min_rmse=5.100699 15min_mape=7.335557 | 30min_mae=3.259223 30min_rmse=5.998441 30min_mape=9.003057 | 60min_mae=3.866653 60min_rmse=6.967914 60min_mape=10.906450
[2026-09-11 00:08:21] INFO Epoch 038 | stage=standard | train_total=0.387152 | train_forecast=0.387152 | train_confidence=0.000000 | train_risk=0.000000 | train_blend=0.000000 | val_total=0.402610 | val_mae=3.190350 | val_rmse=5.957426 | val_mape=9.026531 | val_confidence=0.000000 | val_risk=0.000000 | val_blend=0.000000 | batches=2836/375 | seconds=66.98 | lr=[0.0001] | cuda_peak_mb=392.2
[2026-09-11 00:08:21] INFO Val horizons | 15min_mae=2.777569 15min_rmse=5.113145 15min_mape=7.414959 | 30min_mae=3.227275 30min_rmse=6.016857 30min_mape=9.172633 | 60min_mae=3.766969 60min_rmse=6.972570 60min_mape=11.174609
[2026-09-11 00:08:21] INFO Checkpoint updated | epoch=38 | stage=standard | best_val_mae=3.190350 | path=C:\Users\clw\projects\researchRep\STAnchor-BlockMemory\artifacts\convergence\formal_20260910_baseonly_st_norm_seed42\downstream_best.pt
[2026-09-11 00:09:28] INFO Epoch 039 | stage=standard | train_total=0.386865 | train_forecast=0.386865 | train_confidence=0.000000 | train_risk=0.000000 | train_blend=0.000000 | val_total=0.400568 | val_mae=3.265225 | val_rmse=5.958150 | val_mape=8.920663 | val_confidence=0.000000 | val_risk=0.000000 | val_blend=0.000000 | batches=2836/375 | seconds=66.88 | lr=[0.0001] | cuda_peak_mb=392.2
[2026-09-11 00:09:28] INFO Val horizons | 15min_mae=2.827155 15min_rmse=5.118795 15min_mape=7.355201 | 30min_mae=3.297371 30min_rmse=6.015883 30min_mape=9.064964 | 60min_mae=3.896354 60min_rmse=6.975423 60min_mape=11.048471
[2026-09-11 00:10:35] INFO Epoch 040 | stage=standard | train_total=0.386678 | train_forecast=0.386678 | train_confidence=0.000000 | train_risk=0.000000 | train_blend=0.000000 | val_total=0.400667 | val_mae=3.300265 | val_rmse=5.981898 | val_mape=8.919267 | val_confidence=0.000000 | val_risk=0.000000 | val_blend=0.000000 | batches=2836/375 | seconds=67.01 | lr=[0.0001] | cuda_peak_mb=392.2
[2026-09-11 00:10:35] INFO Val horizons | 15min_mae=2.834532 15min_rmse=5.108296 15min_mape=7.372199 | 30min_mae=3.331076 30min_rmse=6.034071 30min_mape=9.079998 | 60min_mae=3.959869 60min_rmse=7.028676 60min_mape=11.005172
[2026-09-11 00:11:42] INFO Epoch 041 | stage=standard | train_total=0.385982 | train_forecast=0.385982 | train_confidence=0.000000 | train_risk=0.000000 | train_blend=0.000000 | val_total=0.399559 | val_mae=3.163045 | val_rmse=5.931919 | val_mape=9.075324 | val_confidence=0.000000 | val_risk=0.000000 | val_blend=0.000000 | batches=2836/375 | seconds=67.23 | lr=[0.0001] | cuda_peak_mb=392.2
[2026-09-11 00:11:42] INFO Val horizons | 15min_mae=2.763819 15min_rmse=5.099161 15min_mape=7.464437 | 30min_mae=3.197861 30min_rmse=5.987365 30min_mape=9.222555 | 60min_mae=3.733215 60min_rmse=6.944010 60min_mape=11.256974
[2026-09-11 00:11:42] INFO Checkpoint updated | epoch=41 | stage=standard | best_val_mae=3.163045 | path=C:\Users\clw\projects\researchRep\STAnchor-BlockMemory\artifacts\convergence\formal_20260910_baseonly_st_norm_seed42\downstream_best.pt
[2026-09-11 00:12:49] INFO Epoch 042 | stage=standard | train_total=0.385067 | train_forecast=0.385067 | train_confidence=0.000000 | train_risk=0.000000 | train_blend=0.000000 | val_total=0.403646 | val_mae=3.228391 | val_rmse=5.960392 | val_mape=8.983137 | val_confidence=0.000000 | val_risk=0.000000 | val_blend=0.000000 | batches=2836/375 | seconds=67.19 | lr=[0.0001] | cuda_peak_mb=392.2
[2026-09-11 00:12:49] INFO Val horizons | 15min_mae=2.812949 15min_rmse=5.115790 15min_mape=7.470352 | 30min_mae=3.271603 30min_rmse=6.016295 30min_mape=9.154968 | 60min_mae=3.814680 60min_rmse=6.982380 60min_mape=11.013415
[2026-09-11 00:13:56] INFO Epoch 043 | stage=standard | train_total=0.384937 | train_forecast=0.384937 | train_confidence=0.000000 | train_risk=0.000000 | train_blend=0.000000 | val_total=0.397846 | val_mae=3.271305 | val_rmse=5.936687 | val_mape=8.800606 | val_confidence=0.000000 | val_risk=0.000000 | val_blend=0.000000 | batches=2836/375 | seconds=67.01 | lr=[0.0001] | cuda_peak_mb=392.2
[2026-09-11 00:13:56] INFO Val horizons | 15min_mae=2.831268 15min_rmse=5.101587 15min_mape=7.267259 | 30min_mae=3.296430 30min_rmse=5.993822 30min_mape=8.937186 | 60min_mae=3.916108 60min_rmse=6.952962 60min_mape=10.925296
[2026-09-11 00:15:03] INFO Epoch 044 | stage=standard | train_total=0.384479 | train_forecast=0.384479 | train_confidence=0.000000 | train_risk=0.000000 | train_blend=0.000000 | val_total=0.400286 | val_mae=3.195085 | val_rmse=5.932408 | val_mape=8.766741 | val_confidence=0.000000 | val_risk=0.000000 | val_blend=0.000000 | batches=2836/375 | seconds=67.04 | lr=[0.0001] | cuda_peak_mb=392.2
[2026-09-11 00:15:03] INFO Val horizons | 15min_mae=2.774835 15min_rmse=5.101511 15min_mape=7.247380 | 30min_mae=3.221411 30min_rmse=5.991457 30min_mape=8.911802 | 60min_mae=3.792190 60min_rmse=6.931077 60min_mape=10.844108
[2026-09-11 00:16:10] INFO Epoch 045 | stage=standard | train_total=0.383964 | train_forecast=0.383964 | train_confidence=0.000000 | train_risk=0.000000 | train_blend=0.000000 | val_total=0.397592 | val_mae=3.191550 | val_rmse=5.923061 | val_mape=8.951340 | val_confidence=0.000000 | val_risk=0.000000 | val_blend=0.000000 | batches=2836/375 | seconds=66.80 | lr=[0.0001] | cuda_peak_mb=392.2
[2026-09-11 00:16:10] INFO Val horizons | 15min_mae=2.787047 15min_rmse=5.090106 15min_mape=7.407297 | 30min_mae=3.226966 30min_rmse=5.979801 30min_mape=9.097549 | 60min_mae=3.774121 60min_rmse=6.938374 60min_mape=11.088373
[2026-09-11 00:17:17] INFO Epoch 046 | stage=standard | train_total=0.383628 | train_forecast=0.383628 | train_confidence=0.000000 | train_risk=0.000000 | train_blend=0.000000 | val_total=0.398997 | val_mae=3.224905 | val_rmse=5.935196 | val_mape=8.999289 | val_confidence=0.000000 | val_risk=0.000000 | val_blend=0.000000 | batches=2836/375 | seconds=67.13 | lr=[0.0001] | cuda_peak_mb=392.2
[2026-09-11 00:17:17] INFO Val horizons | 15min_mae=2.819814 15min_rmse=5.099107 15min_mape=7.440927 | 30min_mae=3.262365 30min_rmse=5.993859 30min_mape=9.143687 | 60min_mae=3.808128 60min_rmse=6.946999 60min_mape=11.129437
[2026-09-11 00:18:24] INFO Epoch 047 | stage=standard | train_total=0.383113 | train_forecast=0.383113 | train_confidence=0.000000 | train_risk=0.000000 | train_blend=0.000000 | val_total=0.397092 | val_mae=3.228543 | val_rmse=5.926723 | val_mape=8.965642 | val_confidence=0.000000 | val_risk=0.000000 | val_blend=0.000000 | batches=2836/375 | seconds=67.02 | lr=[0.0001] | cuda_peak_mb=392.2
[2026-09-11 00:18:24] INFO Val horizons | 15min_mae=2.818398 15min_rmse=5.093172 15min_mape=7.383989 | 30min_mae=3.268699 30min_rmse=5.986400 30min_mape=9.127394 | 60min_mae=3.820317 60min_rmse=6.939711 60min_mape=11.142198
[2026-09-11 00:19:31] INFO Epoch 048 | stage=standard | train_total=0.382655 | train_forecast=0.382655 | train_confidence=0.000000 | train_risk=0.000000 | train_blend=0.000000 | val_total=0.402039 | val_mae=3.247003 | val_rmse=5.953382 | val_mape=9.043315 | val_confidence=0.000000 | val_risk=0.000000 | val_blend=0.000000 | batches=2836/375 | seconds=66.89 | lr=[0.0001] | cuda_peak_mb=392.2
[2026-09-11 00:19:31] INFO Val horizons | 15min_mae=2.810912 15min_rmse=5.095132 15min_mape=7.408757 | 30min_mae=3.285540 30min_rmse=6.004510 30min_mape=9.198108 | 60min_mae=3.866370 60min_rmse=6.997250 60min_mape=11.286480
[2026-09-11 00:20:38] INFO Epoch 049 | stage=standard | train_total=0.382346 | train_forecast=0.382346 | train_confidence=0.000000 | train_risk=0.000000 | train_blend=0.000000 | val_total=0.400725 | val_mae=3.211876 | val_rmse=5.942344 | val_mape=8.784236 | val_confidence=0.000000 | val_risk=0.000000 | val_blend=0.000000 | batches=2836/375 | seconds=67.12 | lr=[0.0001] | cuda_peak_mb=392.2
[2026-09-11 00:20:38] INFO Val horizons | 15min_mae=2.788267 15min_rmse=5.102221 15min_mape=7.252213 | 30min_mae=3.245354 30min_rmse=5.997727 30min_mape=8.926311 | 60min_mae=3.807883 60min_rmse=6.960538 60min_mape=10.891702
[2026-09-11 00:21:45] INFO Epoch 050 | stage=standard | train_total=0.381671 | train_forecast=0.381671 | train_confidence=0.000000 | train_risk=0.000000 | train_blend=0.000000 | val_total=0.399386 | val_mae=3.196275 | val_rmse=5.957690 | val_mape=8.671829 | val_confidence=0.000000 | val_risk=0.000000 | val_blend=0.000000 | batches=2836/375 | seconds=67.02 | lr=[0.0001] | cuda_peak_mb=392.2
[2026-09-11 00:21:45] INFO Val horizons | 15min_mae=2.776466 15min_rmse=5.102934 15min_mape=7.216861 | 30min_mae=3.221473 30min_rmse=6.011627 30min_mape=8.802351 | 60min_mae=3.802145 60min_rmse=6.991352 60min_mape=10.683534
[2026-09-11 00:22:52] INFO Epoch 051 | stage=standard | train_total=0.381483 | train_forecast=0.381483 | train_confidence=0.000000 | train_risk=0.000000 | train_blend=0.000000 | val_total=0.395563 | val_mae=3.202490 | val_rmse=5.900963 | val_mape=9.005317 | val_confidence=0.000000 | val_risk=0.000000 | val_blend=0.000000 | batches=2836/375 | seconds=67.01 | lr=[0.0001] | cuda_peak_mb=392.2
[2026-09-11 00:22:52] INFO Val horizons | 15min_mae=2.780834 15min_rmse=5.075196 15min_mape=7.448591 | 30min_mae=3.233519 30min_rmse=5.960073 30min_mape=9.180085 | 60min_mae=3.807034 60min_rmse=6.906404 60min_mape=11.119163
[2026-09-11 00:23:59] INFO Epoch 052 | stage=standard | train_total=0.380891 | train_forecast=0.380891 | train_confidence=0.000000 | train_risk=0.000000 | train_blend=0.000000 | val_total=0.398202 | val_mae=3.228576 | val_rmse=5.965366 | val_mape=8.628620 | val_confidence=0.000000 | val_risk=0.000000 | val_blend=0.000000 | batches=2836/375 | seconds=67.02 | lr=[0.0001] | cuda_peak_mb=392.2
[2026-09-11 00:23:59] INFO Val horizons | 15min_mae=2.796277 15min_rmse=5.106520 15min_mape=7.167609 | 30min_mae=3.260075 30min_rmse=6.021348 30min_mape=8.771579 | 60min_mae=3.858918 60min_rmse=7.007388 60min_mape=10.635231
[2026-09-11 00:25:07] INFO Epoch 053 | stage=standard | train_total=0.380662 | train_forecast=0.380662 | train_confidence=0.000000 | train_risk=0.000000 | train_blend=0.000000 | val_total=0.400439 | val_mae=3.202669 | val_rmse=5.961547 | val_mape=8.794533 | val_confidence=0.000000 | val_risk=0.000000 | val_blend=0.000000 | batches=2836/375 | seconds=67.22 | lr=[0.0001] | cuda_peak_mb=392.2
[2026-09-11 00:25:07] INFO Val horizons | 15min_mae=2.772858 15min_rmse=5.098459 15min_mape=7.265162 | 30min_mae=3.239069 30min_rmse=6.014712 30min_mape=8.936381 | 60min_mae=3.809059 60min_rmse=7.000485 60min_mape=10.879455
[2026-09-11 00:26:13] INFO Epoch 054 | stage=standard | train_total=0.380393 | train_forecast=0.380393 | train_confidence=0.000000 | train_risk=0.000000 | train_blend=0.000000 | val_total=0.401612 | val_mae=3.236880 | val_rmse=5.954564 | val_mape=8.991524 | val_confidence=0.000000 | val_risk=0.000000 | val_blend=0.000000 | batches=2836/375 | seconds=66.66 | lr=[0.0001] | cuda_peak_mb=392.2
[2026-09-11 00:26:13] INFO Val horizons | 15min_mae=2.805314 15min_rmse=5.094013 15min_mape=7.399752 | 30min_mae=3.274189 30min_rmse=6.008476 30min_mape=9.157432 | 60min_mae=3.852577 60min_rmse=6.993388 60min_mape=11.171991
[2026-09-11 00:27:20] INFO Epoch 055 | stage=standard | train_total=0.380256 | train_forecast=0.380256 | train_confidence=0.000000 | train_risk=0.000000 | train_blend=0.000000 | val_total=0.399920 | val_mae=3.229648 | val_rmse=5.945684 | val_mape=8.931395 | val_confidence=0.000000 | val_risk=0.000000 | val_blend=0.000000 | batches=2836/375 | seconds=66.68 | lr=[0.0001] | cuda_peak_mb=392.2
[2026-09-11 00:27:20] INFO Val horizons | 15min_mae=2.811703 15min_rmse=5.093182 15min_mape=7.440290 | 30min_mae=3.262540 30min_rmse=5.996377 30min_mape=9.091744 | 60min_mae=3.844410 60min_rmse=6.984524 60min_mape=10.950769
[2026-09-11 00:28:27] INFO Epoch 056 | stage=standard | train_total=0.379704 | train_forecast=0.379704 | train_confidence=0.000000 | train_risk=0.000000 | train_blend=0.000000 | val_total=0.404959 | val_mae=3.211535 | val_rmse=5.974917 | val_mape=8.758404 | val_confidence=0.000000 | val_risk=0.000000 | val_blend=0.000000 | batches=2836/375 | seconds=67.10 | lr=[0.0001] | cuda_peak_mb=392.2
[2026-09-11 00:28:27] INFO Val horizons | 15min_mae=2.806348 15min_rmse=5.117288 15min_mape=7.253044 | 30min_mae=3.245265 30min_rmse=6.024057 30min_mape=8.887413 | 60min_mae=3.807133 60min_rmse=7.022256 60min_mape=10.853096
[2026-09-11 00:29:34] INFO Epoch 057 | stage=standard | train_total=0.379418 | train_forecast=0.379418 | train_confidence=0.000000 | train_risk=0.000000 | train_blend=0.000000 | val_total=0.394635 | val_mae=3.189519 | val_rmse=5.896497 | val_mape=9.001051 | val_confidence=0.000000 | val_risk=0.000000 | val_blend=0.000000 | batches=2836/375 | seconds=66.91 | lr=[0.0001] | cuda_peak_mb=392.2
[2026-09-11 00:29:34] INFO Val horizons | 15min_mae=2.788105 15min_rmse=5.075461 15min_mape=7.463027 | 30min_mae=3.228651 30min_rmse=5.958516 30min_mape=9.178046 | 60min_mae=3.771735 60min_rmse=6.891039 60min_mape=11.111849
[2026-09-11 00:30:41] INFO Epoch 058 | stage=standard | train_total=0.378530 | train_forecast=0.378530 | train_confidence=0.000000 | train_risk=0.000000 | train_blend=0.000000 | val_total=0.398744 | val_mae=3.173009 | val_rmse=5.921196 | val_mape=9.093840 | val_confidence=0.000000 | val_risk=0.000000 | val_blend=0.000000 | batches=2836/375 | seconds=66.87 | lr=[0.0001] | cuda_peak_mb=392.2
[2026-09-11 00:30:41] INFO Val horizons | 15min_mae=2.767120 15min_rmse=5.080947 15min_mape=7.489400 | 30min_mae=3.200365 30min_rmse=5.976836 30min_mape=9.248068 | 60min_mae=3.772732 60min_rmse=6.943375 60min_mape=11.310332
[2026-09-11 00:31:48] INFO Epoch 059 | stage=standard | train_total=0.378754 | train_forecast=0.378754 | train_confidence=0.000000 | train_risk=0.000000 | train_blend=0.000000 | val_total=0.400029 | val_mae=3.196670 | val_rmse=5.928673 | val_mape=8.895497 | val_confidence=0.000000 | val_risk=0.000000 | val_blend=0.000000 | batches=2836/375 | seconds=66.73 | lr=[0.0001] | cuda_peak_mb=392.2
[2026-09-11 00:31:48] INFO Val horizons | 15min_mae=2.781284 15min_rmse=5.083459 15min_mape=7.365159 | 30min_mae=3.228196 30min_rmse=5.981368 30min_mape=9.036526 | 60min_mae=3.788709 60min_rmse=6.951414 60min_mape=10.964103
[2026-09-11 00:32:55] INFO Epoch 060 | stage=standard | train_total=0.378372 | train_forecast=0.378372 | train_confidence=0.000000 | train_risk=0.000000 | train_blend=0.000000 | val_total=0.402368 | val_mae=3.156461 | val_rmse=5.944288 | val_mape=8.702826 | val_confidence=0.000000 | val_risk=0.000000 | val_blend=0.000000 | batches=2836/375 | seconds=67.22 | lr=[0.0001] | cuda_peak_mb=392.2
[2026-09-11 00:32:55] INFO Val horizons | 15min_mae=2.757413 15min_rmse=5.089600 15min_mape=7.251930 | 30min_mae=3.189416 30min_rmse=5.993861 30min_mape=8.838914 | 60min_mae=3.734863 60min_rmse=6.985604 60min_mape=10.702058
[2026-09-11 00:32:55] INFO Checkpoint updated | epoch=60 | stage=standard | best_val_mae=3.156461 | path=C:\Users\clw\projects\researchRep\STAnchor-BlockMemory\artifacts\convergence\formal_20260910_baseonly_st_norm_seed42\downstream_best.pt
[2026-09-11 00:34:02] INFO Epoch 061 | stage=standard | train_total=0.378032 | train_forecast=0.378032 | train_confidence=0.000000 | train_risk=0.000000 | train_blend=0.000000 | val_total=0.397472 | val_mae=3.126516 | val_rmse=5.903552 | val_mape=8.859129 | val_confidence=0.000000 | val_risk=0.000000 | val_blend=0.000000 | batches=2836/375 | seconds=66.71 | lr=[0.0001] | cuda_peak_mb=392.2
[2026-09-11 00:34:02] INFO Val horizons | 15min_mae=2.739300 15min_rmse=5.078537 15min_mape=7.378638 | 30min_mae=3.157328 30min_rmse=5.959382 30min_mape=9.005627 | 60min_mae=3.690957 60min_rmse=6.910714 60min_mape=10.898808
[2026-09-11 00:34:02] INFO Checkpoint updated | epoch=61 | stage=standard | best_val_mae=3.126516 | path=C:\Users\clw\projects\researchRep\STAnchor-BlockMemory\artifacts\convergence\formal_20260910_baseonly_st_norm_seed42\downstream_best.pt
[2026-09-11 00:35:09] INFO Epoch 062 | stage=standard | train_total=0.377499 | train_forecast=0.377499 | train_confidence=0.000000 | train_risk=0.000000 | train_blend=0.000000 | val_total=0.397515 | val_mae=3.171240 | val_rmse=5.911181 | val_mape=8.806157 | val_confidence=0.000000 | val_risk=0.000000 | val_blend=0.000000 | batches=2836/375 | seconds=67.12 | lr=[0.0001] | cuda_peak_mb=392.2
[2026-09-11 00:35:09] INFO Val horizons | 15min_mae=2.761348 15min_rmse=5.074887 15min_mape=7.366272 | 30min_mae=3.197888 30min_rmse=5.963592 30min_mape=8.954442 | 60min_mae=3.760906 60min_rmse=6.930694 60min_mape=10.805301
[2026-09-11 00:36:15] INFO Epoch 063 | stage=standard | train_total=0.377216 | train_forecast=0.377216 | train_confidence=0.000000 | train_risk=0.000000 | train_blend=0.000000 | val_total=0.400591 | val_mae=3.232509 | val_rmse=5.967953 | val_mape=8.870094 | val_confidence=0.000000 | val_risk=0.000000 | val_blend=0.000000 | batches=2836/375 | seconds=66.66 | lr=[0.0001] | cuda_peak_mb=392.2
[2026-09-11 00:36:15] INFO Val horizons | 15min_mae=2.799225 15min_rmse=5.100414 15min_mape=7.332957 | 30min_mae=3.262795 30min_rmse=6.016585 30min_mape=9.005510 | 60min_mae=3.842017 60min_rmse=7.014935 60min_mape=10.959927
[2026-09-11 00:37:22] INFO Epoch 064 | stage=standard | train_total=0.376785 | train_forecast=0.376785 | train_confidence=0.000000 | train_risk=0.000000 | train_blend=0.000000 | val_total=0.400023 | val_mae=3.230263 | val_rmse=5.938078 | val_mape=8.882631 | val_confidence=0.000000 | val_risk=0.000000 | val_blend=0.000000 | batches=2836/375 | seconds=66.90 | lr=[0.0001] | cuda_peak_mb=392.2
[2026-09-11 00:37:22] INFO Val horizons | 15min_mae=2.819388 15min_rmse=5.090095 15min_mape=7.409688 | 30min_mae=3.261958 30min_rmse=5.991278 30min_mape=9.022499 | 60min_mae=3.825563 60min_rmse=6.964774 60min_mape=10.925202
[2026-09-11 00:38:29] INFO Epoch 065 | stage=standard | train_total=0.376707 | train_forecast=0.376707 | train_confidence=0.000000 | train_risk=0.000000 | train_blend=0.000000 | val_total=0.402495 | val_mae=3.331389 | val_rmse=5.993982 | val_mape=8.766380 | val_confidence=0.000000 | val_risk=0.000000 | val_blend=0.000000 | batches=2836/375 | seconds=66.83 | lr=[0.0001] | cuda_peak_mb=392.2
[2026-09-11 00:38:29] INFO Val horizons | 15min_mae=2.894160 15min_rmse=5.128807 15min_mape=7.331428 | 30min_mae=3.362954 30min_rmse=6.044144 30min_mape=8.912430 | 60min_mae=3.961286 60min_rmse=7.037590 60min_mape=10.753087
[2026-09-11 00:39:36] INFO Epoch 066 | stage=standard | train_total=0.376451 | train_forecast=0.376451 | train_confidence=0.000000 | train_risk=0.000000 | train_blend=0.000000 | val_total=0.396104 | val_mae=3.142669 | val_rmse=5.891697 | val_mape=8.863468 | val_confidence=0.000000 | val_risk=0.000000 | val_blend=0.000000 | batches=2836/375 | seconds=67.11 | lr=[0.0001] | cuda_peak_mb=392.2
[2026-09-11 00:39:36] INFO Val horizons | 15min_mae=2.739777 15min_rmse=5.068565 15min_mape=7.409845 | 30min_mae=3.170377 30min_rmse=5.949148 30min_mape=9.033536 | 60min_mae=3.725065 60min_rmse=6.895697 60min_mape=10.891526
[2026-09-11 00:40:43] INFO Epoch 067 | stage=standard | train_total=0.376102 | train_forecast=0.376102 | train_confidence=0.000000 | train_risk=0.000000 | train_blend=0.000000 | val_total=0.397896 | val_mae=3.147235 | val_rmse=5.915255 | val_mape=8.818990 | val_confidence=0.000000 | val_risk=0.000000 | val_blend=0.000000 | batches=2836/375 | seconds=67.04 | lr=[0.0001] | cuda_peak_mb=392.2
[2026-09-11 00:40:43] INFO Val horizons | 15min_mae=2.742924 15min_rmse=5.075206 15min_mape=7.301551 | 30min_mae=3.173465 30min_rmse=5.967655 30min_mape=8.970374 | 60min_mae=3.732908 60min_rmse=6.936190 60min_mape=10.879855
[2026-09-11 00:41:50] INFO Epoch 068 | stage=standard | train_total=0.376076 | train_forecast=0.376076 | train_confidence=0.000000 | train_risk=0.000000 | train_blend=0.000000 | val_total=0.394658 | val_mae=3.215738 | val_rmse=5.923957 | val_mape=8.768049 | val_confidence=0.000000 | val_risk=0.000000 | val_blend=0.000000 | batches=2836/375 | seconds=66.94 | lr=[0.0001] | cuda_peak_mb=392.2
[2026-09-11 00:41:50] INFO Val horizons | 15min_mae=2.789795 15min_rmse=5.067019 15min_mape=7.317373 | 30min_mae=3.249552 30min_rmse=5.968509 30min_mape=8.911274 | 60min_mae=3.836694 60min_rmse=6.972576 60min_mape=10.782384
[2026-09-11 00:42:57] INFO Epoch 069 | stage=standard | train_total=0.375227 | train_forecast=0.375227 | train_confidence=0.000000 | train_risk=0.000000 | train_blend=0.000000 | val_total=0.397762 | val_mae=3.281294 | val_rmse=5.955565 | val_mape=8.969356 | val_confidence=0.000000 | val_risk=0.000000 | val_blend=0.000000 | batches=2836/375 | seconds=66.94 | lr=[0.0001] | cuda_peak_mb=392.2
[2026-09-11 00:42:57] INFO Val horizons | 15min_mae=2.832494 15min_rmse=5.090389 15min_mape=7.434618 | 30min_mae=3.317938 30min_rmse=6.006335 30min_mape=9.134812 | 60min_mae=3.920982 60min_rmse=7.000109 60min_mape=11.057044
[2026-09-11 00:44:04] INFO Epoch 070 | stage=standard | train_total=0.375181 | train_forecast=0.375181 | train_confidence=0.000000 | train_risk=0.000000 | train_blend=0.000000 | val_total=0.405395 | val_mae=3.197142 | val_rmse=5.982964 | val_mape=8.876023 | val_confidence=0.000000 | val_risk=0.000000 | val_blend=0.000000 | batches=2836/375 | seconds=66.93 | lr=[0.0001] | cuda_peak_mb=392.2
[2026-09-11 00:44:04] INFO Val horizons | 15min_mae=2.786688 15min_rmse=5.114972 15min_mape=7.405740 | 30min_mae=3.231177 30min_rmse=6.032912 30min_mape=9.054940 | 60min_mae=3.783313 60min_rmse=7.034008 60min_mape=10.878147
[2026-09-11 00:45:11] INFO Epoch 071 | stage=standard | train_total=0.374949 | train_forecast=0.374949 | train_confidence=0.000000 | train_risk=0.000000 | train_blend=0.000000 | val_total=0.393490 | val_mae=3.114103 | val_rmse=5.876790 | val_mape=8.678969 | val_confidence=0.000000 | val_risk=0.000000 | val_blend=0.000000 | batches=2836/375 | seconds=66.93 | lr=[0.0001] | cuda_peak_mb=392.2
[2026-09-11 00:45:11] INFO Val horizons | 15min_mae=2.736880 15min_rmse=5.055201 15min_mape=7.193240 | 30min_mae=3.143764 30min_rmse=5.930138 30min_mape=8.812590 | 60min_mae=3.660953 60min_rmse=6.884137 60min_mape=10.720108
[2026-09-11 00:45:11] INFO Checkpoint updated | epoch=71 | stage=standard | best_val_mae=3.114103 | path=C:\Users\clw\projects\researchRep\STAnchor-BlockMemory\artifacts\convergence\formal_20260910_baseonly_st_norm_seed42\downstream_best.pt
[2026-09-11 00:46:18] INFO Epoch 072 | stage=standard | train_total=0.374752 | train_forecast=0.374752 | train_confidence=0.000000 | train_risk=0.000000 | train_blend=0.000000 | val_total=0.395330 | val_mae=3.159773 | val_rmse=5.892582 | val_mape=8.963437 | val_confidence=0.000000 | val_risk=0.000000 | val_blend=0.000000 | batches=2836/375 | seconds=66.96 | lr=[0.0001] | cuda_peak_mb=392.2
[2026-09-11 00:46:18] INFO Val horizons | 15min_mae=2.764411 15min_rmse=5.069173 15min_mape=7.455528 | 30min_mae=3.189945 30min_rmse=5.949589 30min_mape=9.112143 | 60min_mae=3.727817 60min_rmse=6.890243 60min_mape=11.027697
[2026-09-11 00:47:25] INFO Epoch 073 | stage=standard | train_total=0.374524 | train_forecast=0.374524 | train_confidence=0.000000 | train_risk=0.000000 | train_blend=0.000000 | val_total=0.404208 | val_mae=3.222149 | val_rmse=5.999170 | val_mape=8.847128 | val_confidence=0.000000 | val_risk=0.000000 | val_blend=0.000000 | batches=2836/375 | seconds=67.30 | lr=[0.0001] | cuda_peak_mb=392.2
[2026-09-11 00:47:25] INFO Val horizons | 15min_mae=2.786012 15min_rmse=5.106494 15min_mape=7.337388 | 30min_mae=3.257587 30min_rmse=6.046038 30min_mape=8.993443 | 60min_mae=3.856587 60min_rmse=7.077348 60min_mape=10.917004
[2026-09-11 00:48:32] INFO Epoch 074 | stage=standard | train_total=0.373895 | train_forecast=0.373895 | train_confidence=0.000000 | train_risk=0.000000 | train_blend=0.000000 | val_total=0.398220 | val_mae=3.134962 | val_rmse=5.912607 | val_mape=8.779028 | val_confidence=0.000000 | val_risk=0.000000 | val_blend=0.000000 | batches=2836/375 | seconds=66.87 | lr=[0.0001] | cuda_peak_mb=392.2
[2026-09-11 00:48:32] INFO Val horizons | 15min_mae=2.750417 15min_rmse=5.077659 15min_mape=7.308923 | 30min_mae=3.169193 30min_rmse=5.967095 30min_mape=8.930598 | 60min_mae=3.693059 60min_rmse=6.929844 60min_mape=10.805868
[2026-09-11 00:49:39] INFO Epoch 075 | stage=standard | train_total=0.373847 | train_forecast=0.373847 | train_confidence=0.000000 | train_risk=0.000000 | train_blend=0.000000 | val_total=0.401101 | val_mae=3.158964 | val_rmse=5.958269 | val_mape=9.049255 | val_confidence=0.000000 | val_risk=0.000000 | val_blend=0.000000 | batches=2836/375 | seconds=66.97 | lr=[0.0001] | cuda_peak_mb=392.2
[2026-09-11 00:49:39] INFO Val horizons | 15min_mae=2.773314 15min_rmse=5.107396 15min_mape=7.529753 | 30min_mae=3.195286 30min_rmse=6.008541 30min_mape=9.207062 | 60min_mae=3.705631 60min_rmse=6.991439 60min_mape=11.124193
[2026-09-11 00:50:46] INFO Epoch 076 | stage=standard | train_total=0.373524 | train_forecast=0.373524 | train_confidence=0.000000 | train_risk=0.000000 | train_blend=0.000000 | val_total=0.396566 | val_mae=3.232430 | val_rmse=5.920539 | val_mape=8.949847 | val_confidence=0.000000 | val_risk=0.000000 | val_blend=0.000000 | batches=2836/375 | seconds=66.61 | lr=[0.0001] | cuda_peak_mb=392.2
[2026-09-11 00:50:46] INFO Val horizons | 15min_mae=2.827195 15min_rmse=5.081420 15min_mape=7.435666 | 30min_mae=3.271277 30min_rmse=5.976508 30min_mape=9.121448 | 60min_mae=3.810028 60min_rmse=6.932562 60min_mape=10.982733
[2026-09-11 00:51:53] INFO Epoch 077 | stage=standard | train_total=0.373277 | train_forecast=0.373277 | train_confidence=0.000000 | train_risk=0.000000 | train_blend=0.000000 | val_total=0.397986 | val_mae=3.167321 | val_rmse=5.910182 | val_mape=8.873720 | val_confidence=0.000000 | val_risk=0.000000 | val_blend=0.000000 | batches=2836/375 | seconds=66.98 | lr=[0.0001] | cuda_peak_mb=392.2
[2026-09-11 00:51:53] INFO Val horizons | 15min_mae=2.751551 15min_rmse=5.066954 15min_mape=7.354347 | 30min_mae=3.204430 30min_rmse=5.963132 30min_mape=9.040754 | 60min_mae=3.758399 60min_rmse=6.933594 60min_mape=10.923900
[2026-09-11 00:53:00] INFO Epoch 078 | stage=standard | train_total=0.372945 | train_forecast=0.372945 | train_confidence=0.000000 | train_risk=0.000000 | train_blend=0.000000 | val_total=0.400272 | val_mae=3.175135 | val_rmse=5.933885 | val_mape=8.993754 | val_confidence=0.000000 | val_risk=0.000000 | val_blend=0.000000 | batches=2836/375 | seconds=67.07 | lr=[0.0001] | cuda_peak_mb=392.2
[2026-09-11 00:53:00] INFO Val horizons | 15min_mae=2.772495 15min_rmse=5.084418 15min_mape=7.439752 | 30min_mae=3.210599 30min_rmse=5.982907 30min_mape=9.145372 | 60min_mae=3.746919 60min_rmse=6.964373 60min_mape=11.111481
[2026-09-11 00:54:07] INFO Epoch 079 | stage=standard | train_total=0.372742 | train_forecast=0.372742 | train_confidence=0.000000 | train_risk=0.000000 | train_blend=0.000000 | val_total=0.405551 | val_mae=3.269198 | val_rmse=6.017335 | val_mape=8.757546 | val_confidence=0.000000 | val_risk=0.000000 | val_blend=0.000000 | batches=2836/375 | seconds=66.84 | lr=[0.0001] | cuda_peak_mb=392.2
[2026-09-11 00:54:07] INFO Val horizons | 15min_mae=2.836449 15min_rmse=5.128829 15min_mape=7.330622 | 30min_mae=3.316442 30min_rmse=6.072980 30min_mape=8.932107 | 60min_mae=3.883465 60min_rmse=7.073401 60min_mape=10.678135
[2026-09-11 00:55:14] INFO Epoch 080 | stage=standard | train_total=0.372692 | train_forecast=0.372692 | train_confidence=0.000000 | train_risk=0.000000 | train_blend=0.000000 | val_total=0.399516 | val_mae=3.171654 | val_rmse=5.936227 | val_mape=8.782402 | val_confidence=0.000000 | val_risk=0.000000 | val_blend=0.000000 | batches=2836/375 | seconds=66.95 | lr=[0.0001] | cuda_peak_mb=392.2
[2026-09-11 00:55:14] INFO Val horizons | 15min_mae=2.760653 15min_rmse=5.084302 15min_mape=7.336593 | 30min_mae=3.206825 30min_rmse=5.988345 30min_mape=8.934249 | 60min_mae=3.748054 60min_rmse=6.961769 60min_mape=10.745120
[2026-09-11 00:56:20] INFO Epoch 081 | stage=standard | train_total=0.372454 | train_forecast=0.372454 | train_confidence=0.000000 | train_risk=0.000000 | train_blend=0.000000 | val_total=0.396069 | val_mae=3.167337 | val_rmse=5.894045 | val_mape=8.998978 | val_confidence=0.000000 | val_risk=0.000000 | val_blend=0.000000 | batches=2836/375 | seconds=66.81 | lr=[0.0001] | cuda_peak_mb=392.2
[2026-09-11 00:56:20] INFO Val horizons | 15min_mae=2.780392 15min_rmse=5.065646 15min_mape=7.480254 | 30min_mae=3.203914 30min_rmse=5.947976 30min_mape=9.174765 | 60min_mae=3.728891 60min_rmse=6.898650 60min_mape=11.052174
[2026-09-11 00:57:28] INFO Epoch 082 | stage=standard | train_total=0.371841 | train_forecast=0.371841 | train_confidence=0.000000 | train_risk=0.000000 | train_blend=0.000000 | val_total=0.399714 | val_mae=3.210198 | val_rmse=5.953618 | val_mape=8.662252 | val_confidence=0.000000 | val_risk=0.000000 | val_blend=0.000000 | batches=2836/375 | seconds=67.18 | lr=[0.0001] | cuda_peak_mb=392.2
[2026-09-11 00:57:28] INFO Val horizons | 15min_mae=2.778553 15min_rmse=5.082956 15min_mape=7.222744 | 30min_mae=3.248352 30min_rmse=6.003910 30min_mape=8.841166 | 60min_mae=3.832621 60min_rmse=7.001420 60min_mape=10.589376
[2026-09-11 00:58:35] INFO Epoch 083 | stage=standard | train_total=0.371781 | train_forecast=0.371781 | train_confidence=0.000000 | train_risk=0.000000 | train_blend=0.000000 | val_total=0.401477 | val_mae=3.189403 | val_rmse=5.953769 | val_mape=8.768043 | val_confidence=0.000000 | val_risk=0.000000 | val_blend=0.000000 | batches=2836/375 | seconds=67.46 | lr=[0.0001] | cuda_peak_mb=392.2
[2026-09-11 00:58:35] INFO Val horizons | 15min_mae=2.780125 15min_rmse=5.091768 15min_mape=7.328397 | 30min_mae=3.227245 30min_rmse=6.003166 30min_mape=8.927002 | 60min_mae=3.781292 60min_rmse=6.996815 60min_mape=10.751475
[2026-09-11 00:59:42] INFO Epoch 084 | stage=standard | train_total=0.371445 | train_forecast=0.371445 | train_confidence=0.000000 | train_risk=0.000000 | train_blend=0.000000 | val_total=0.395922 | val_mae=3.156773 | val_rmse=5.890056 | val_mape=8.711448 | val_confidence=0.000000 | val_risk=0.000000 | val_blend=0.000000 | batches=2836/375 | seconds=67.04 | lr=[0.0001] | cuda_peak_mb=392.2
[2026-09-11 00:59:42] INFO Val horizons | 15min_mae=2.764168 15min_rmse=5.063681 15min_mape=7.265655 | 30min_mae=3.189678 30min_rmse=5.944772 30min_mape=8.850877 | 60min_mae=3.719328 60min_rmse=6.897525 60min_mape=10.684145
[2026-09-11 01:00:49] INFO Epoch 085 | stage=standard | train_total=0.371158 | train_forecast=0.371158 | train_confidence=0.000000 | train_risk=0.000000 | train_blend=0.000000 | val_total=0.393443 | val_mae=3.175348 | val_rmse=5.887195 | val_mape=8.672684 | val_confidence=0.000000 | val_risk=0.000000 | val_blend=0.000000 | batches=2836/375 | seconds=67.37 | lr=[0.0001] | cuda_peak_mb=392.2
[2026-09-11 01:00:49] INFO Val horizons | 15min_mae=2.763780 15min_rmse=5.062808 15min_mape=7.213453 | 30min_mae=3.217387 30min_rmse=5.946398 30min_mape=8.810942 | 60min_mae=3.759025 60min_rmse=6.888641 60min_mape=10.682830
[2026-09-11 01:01:56] INFO Epoch 086 | stage=standard | train_total=0.371012 | train_forecast=0.371012 | train_confidence=0.000000 | train_risk=0.000000 | train_blend=0.000000 | val_total=0.396456 | val_mae=3.125620 | val_rmse=5.914987 | val_mape=8.898433 | val_confidence=0.000000 | val_risk=0.000000 | val_blend=0.000000 | batches=2836/375 | seconds=66.86 | lr=[0.0001] | cuda_peak_mb=392.2
[2026-09-11 01:01:56] INFO Val horizons | 15min_mae=2.742826 15min_rmse=5.071747 15min_mape=7.315541 | 30min_mae=3.161046 30min_rmse=5.962904 30min_mape=9.046861 | 60min_mae=3.678264 60min_rmse=6.944764 60min_mape=11.051425
[2026-09-11 01:03:03] INFO Epoch 087 | stage=standard | train_total=0.370577 | train_forecast=0.370577 | train_confidence=0.000000 | train_risk=0.000000 | train_blend=0.000000 | val_total=0.391288 | val_mae=3.176071 | val_rmse=5.877450 | val_mape=8.650082 | val_confidence=0.000000 | val_risk=0.000000 | val_blend=0.000000 | batches=2836/375 | seconds=67.06 | lr=[0.0001] | cuda_peak_mb=392.2
[2026-09-11 01:03:03] INFO Val horizons | 15min_mae=2.763539 15min_rmse=5.051341 15min_mape=7.202246 | 30min_mae=3.205821 30min_rmse=5.932650 30min_mape=8.787351 | 60min_mae=3.753112 60min_rmse=6.880627 60min_mape=10.630985
[2026-09-11 01:04:11] INFO Epoch 088 | stage=standard | train_total=0.370682 | train_forecast=0.370682 | train_confidence=0.000000 | train_risk=0.000000 | train_blend=0.000000 | val_total=0.401888 | val_mae=3.199487 | val_rmse=5.950051 | val_mape=8.834561 | val_confidence=0.000000 | val_risk=0.000000 | val_blend=0.000000 | batches=2836/375 | seconds=67.29 | lr=[0.0001] | cuda_peak_mb=392.2
[2026-09-11 01:04:11] INFO Val horizons | 15min_mae=2.793152 15min_rmse=5.088174 15min_mape=7.323498 | 30min_mae=3.236360 30min_rmse=5.998019 30min_mape=8.991997 | 60min_mae=3.785003 60min_rmse=6.991851 60min_mape=10.869565
[2026-09-11 01:05:23] INFO Epoch 089 | stage=standard | train_total=0.370172 | train_forecast=0.370172 | train_confidence=0.000000 | train_risk=0.000000 | train_blend=0.000000 | val_total=0.397515 | val_mae=3.171540 | val_rmse=5.904628 | val_mape=8.748907 | val_confidence=0.000000 | val_risk=0.000000 | val_blend=0.000000 | batches=2836/375 | seconds=71.95 | lr=[0.0001] | cuda_peak_mb=392.2
[2026-09-11 01:05:23] INFO Val horizons | 15min_mae=2.769332 15min_rmse=5.067549 15min_mape=7.247213 | 30min_mae=3.212640 30min_rmse=5.960350 30min_mape=8.905217 | 60min_mae=3.749808 60min_rmse=6.921341 60min_mape=10.777548
[2026-09-11 01:06:30] INFO Epoch 090 | stage=standard | train_total=0.370140 | train_forecast=0.370140 | train_confidence=0.000000 | train_risk=0.000000 | train_blend=0.000000 | val_total=0.395526 | val_mae=3.129913 | val_rmse=5.906985 | val_mape=9.017778 | val_confidence=0.000000 | val_risk=0.000000 | val_blend=0.000000 | batches=2836/375 | seconds=67.70 | lr=[0.0001] | cuda_peak_mb=392.2
[2026-09-11 01:06:30] INFO Val horizons | 15min_mae=2.742324 15min_rmse=5.082352 15min_mape=7.502334 | 30min_mae=3.158288 30min_rmse=5.962946 30min_mape=9.171566 | 60min_mae=3.689943 60min_rmse=6.911480 60min_mape=11.112712
[2026-09-11 01:07:38] INFO Epoch 091 | stage=standard | train_total=0.369936 | train_forecast=0.369936 | train_confidence=0.000000 | train_risk=0.000000 | train_blend=0.000000 | val_total=0.399834 | val_mae=3.206173 | val_rmse=5.945740 | val_mape=8.839936 | val_confidence=0.000000 | val_risk=0.000000 | val_blend=0.000000 | batches=2836/375 | seconds=67.25 | lr=[0.0001] | cuda_peak_mb=392.2
[2026-09-11 01:07:38] INFO Val horizons | 15min_mae=2.783525 15min_rmse=5.080800 15min_mape=7.341447 | 30min_mae=3.235930 30min_rmse=5.995235 30min_mape=8.979590 | 60min_mae=3.803778 60min_rmse=6.987320 60min_mape=10.878044
[2026-09-11 01:08:45] INFO Epoch 092 | stage=standard | train_total=0.369753 | train_forecast=0.369753 | train_confidence=0.000000 | train_risk=0.000000 | train_blend=0.000000 | val_total=0.393750 | val_mae=3.176557 | val_rmse=5.897012 | val_mape=8.776982 | val_confidence=0.000000 | val_risk=0.000000 | val_blend=0.000000 | batches=2836/375 | seconds=67.19 | lr=[0.0001] | cuda_peak_mb=392.2
[2026-09-11 01:08:45] INFO Val horizons | 15min_mae=2.768821 15min_rmse=5.061588 15min_mape=7.316222 | 30min_mae=3.212551 30min_rmse=5.955842 30min_mape=8.932805 | 60min_mae=3.755608 60min_rmse=6.902156 60min_mape=10.769891
[2026-09-11 01:09:52] INFO Epoch 093 | stage=standard | train_total=0.369545 | train_forecast=0.369545 | train_confidence=0.000000 | train_risk=0.000000 | train_blend=0.000000 | val_total=0.393805 | val_mae=3.176560 | val_rmse=5.896319 | val_mape=8.850343 | val_confidence=0.000000 | val_risk=0.000000 | val_blend=0.000000 | batches=2836/375 | seconds=67.50 | lr=[0.0001] | cuda_peak_mb=392.2
[2026-09-11 01:09:52] INFO Val horizons | 15min_mae=2.773738 15min_rmse=5.060569 15min_mape=7.348587 | 30min_mae=3.207854 30min_rmse=5.950713 30min_mape=9.015752 | 60min_mae=3.748843 60min_rmse=6.905679 60min_mape=10.881672
[2026-09-11 01:10:59] INFO Epoch 094 | stage=standard | train_total=0.369483 | train_forecast=0.369483 | train_confidence=0.000000 | train_risk=0.000000 | train_blend=0.000000 | val_total=0.397719 | val_mae=3.149325 | val_rmse=5.909808 | val_mape=8.714248 | val_confidence=0.000000 | val_risk=0.000000 | val_blend=0.000000 | batches=2836/375 | seconds=67.28 | lr=[0.0001] | cuda_peak_mb=392.2
[2026-09-11 01:10:59] INFO Val horizons | 15min_mae=2.751749 15min_rmse=5.068802 15min_mape=7.241653 | 30min_mae=3.192229 30min_rmse=5.964661 30min_mape=8.866161 | 60min_mae=3.710005 60min_rmse=6.928531 60min_mape=10.742069
[2026-09-11 01:12:06] INFO Epoch 095 | stage=standard | train_total=0.369295 | train_forecast=0.369295 | train_confidence=0.000000 | train_risk=0.000000 | train_blend=0.000000 | val_total=0.400530 | val_mae=3.236714 | val_rmse=5.943578 | val_mape=9.052520 | val_confidence=0.000000 | val_risk=0.000000 | val_blend=0.000000 | batches=2836/375 | seconds=66.80 | lr=[0.0001] | cuda_peak_mb=392.2
[2026-09-11 01:12:06] INFO Val horizons | 15min_mae=2.833014 15min_rmse=5.088188 15min_mape=7.514799 | 30min_mae=3.278591 30min_rmse=5.996236 30min_mape=9.232098 | 60min_mae=3.823533 60min_rmse=6.975905 60min_mape=11.134075
[2026-09-11 01:13:13] INFO Epoch 096 | stage=standard | train_total=0.368722 | train_forecast=0.368722 | train_confidence=0.000000 | train_risk=0.000000 | train_blend=0.000000 | val_total=0.397017 | val_mae=3.139463 | val_rmse=5.899010 | val_mape=8.766100 | val_confidence=0.000000 | val_risk=0.000000 | val_blend=0.000000 | batches=2836/375 | seconds=67.09 | lr=[0.0001] | cuda_peak_mb=392.2
[2026-09-11 01:13:13] INFO Val horizons | 15min_mae=2.746704 15min_rmse=5.061821 15min_mape=7.269917 | 30min_mae=3.180780 30min_rmse=5.950026 30min_mape=8.922867 | 60min_mae=3.698618 60min_rmse=6.916434 60min_mape=10.794030
[2026-09-11 01:14:21] INFO Epoch 097 | stage=standard | train_total=0.368766 | train_forecast=0.368766 | train_confidence=0.000000 | train_risk=0.000000 | train_blend=0.000000 | val_total=0.397219 | val_mae=3.140160 | val_rmse=5.911197 | val_mape=8.797558 | val_confidence=0.000000 | val_risk=0.000000 | val_blend=0.000000 | batches=2836/375 | seconds=67.15 | lr=[0.0001] | cuda_peak_mb=392.2
[2026-09-11 01:14:21] INFO Val horizons | 15min_mae=2.761480 15min_rmse=5.075451 15min_mape=7.293219 | 30min_mae=3.176515 30min_rmse=5.965180 30min_mape=8.961153 | 60min_mae=3.694016 60min_rmse=6.922306 60min_mape=10.807385
[2026-09-11 01:15:28] INFO Epoch 098 | stage=standard | train_total=0.368819 | train_forecast=0.368819 | train_confidence=0.000000 | train_risk=0.000000 | train_blend=0.000000 | val_total=0.399006 | val_mae=3.162983 | val_rmse=5.928755 | val_mape=8.989226 | val_confidence=0.000000 | val_risk=0.000000 | val_blend=0.000000 | batches=2836/375 | seconds=67.12 | lr=[0.0001] | cuda_peak_mb=392.2
[2026-09-11 01:15:28] INFO Val horizons | 15min_mae=2.766126 15min_rmse=5.078167 15min_mape=7.369511 | 30min_mae=3.200787 30min_rmse=5.977802 30min_mape=9.135424 | 60min_mae=3.725346 60min_rmse=6.957308 60min_mape=11.165181
[2026-09-11 01:16:35] INFO Epoch 099 | stage=standard | train_total=0.368777 | train_forecast=0.368777 | train_confidence=0.000000 | train_risk=0.000000 | train_blend=0.000000 | val_total=0.396867 | val_mae=3.154811 | val_rmse=5.902975 | val_mape=8.747632 | val_confidence=0.000000 | val_risk=0.000000 | val_blend=0.000000 | batches=2836/375 | seconds=67.34 | lr=[0.0001] | cuda_peak_mb=392.2
[2026-09-11 01:16:35] INFO Val horizons | 15min_mae=2.761246 15min_rmse=5.062968 15min_mape=7.333234 | 30min_mae=3.194200 30min_rmse=5.955091 30min_mape=8.919005 | 60min_mae=3.719227 60min_rmse=6.921384 60min_mape=10.693526
[2026-09-11 01:17:43] INFO Epoch 100 | stage=standard | train_total=0.368088 | train_forecast=0.368088 | train_confidence=0.000000 | train_risk=0.000000 | train_blend=0.000000 | val_total=0.395557 | val_mae=3.155467 | val_rmse=5.907519 | val_mape=8.874937 | val_confidence=0.000000 | val_risk=0.000000 | val_blend=0.000000 | batches=2836/375 | seconds=67.62 | lr=[0.0001] | cuda_peak_mb=392.2
[2026-09-11 01:17:43] INFO Val horizons | 15min_mae=2.762997 15min_rmse=5.066050 15min_mape=7.400139 | 30min_mae=3.183020 30min_rmse=5.959909 30min_mape=9.024583 | 60min_mae=3.731464 60min_rmse=6.925774 60min_mape=10.908244
[2026-09-11 01:17:43] INFO Downstream training finished | best_val_mae=3.114103 | checkpoint=C:\Users\clw\projects\researchRep\STAnchor-BlockMemory\artifacts\convergence\formal_20260910_baseonly_st_norm_seed42\downstream_best.pt
