[2026-09-10 06:12:13] INFO Downstream start | run=cross_dataset_final/pems08_baseonly_stgcn_seed42 | device=cuda:0 (requested=cuda:0) | seed=42 | output=C:\Users\clw\projects\researchRep\STAnchor-BlockMemory\artifacts\cross_dataset_final\pems08_baseonly_stgcn_seed42
[2026-09-10 06:12:13] INFO Mode | downstream_mode=base_only | training_protocol=staged_joint | candidate_protocol=weekday_radius1_overlap
[2026-09-10 06:12:13] INFO Downstream initialization | seed=42 | state_hash=2acaac57466ab332
[2026-09-10 06:12:13] INFO Data | steps=17856 | nodes=170 | channels=1 | training_scope=full_train | memory/post_memory/train_selected/val/test=8540/3660/12200/1486/3273
[2026-09-10 06:12:13] INFO Bank/retrieval | disabled (base_only)
[2026-09-10 06:12:13] INFO Parameters | downstream_total=212,569 | downstream_trainable=212,300 | backbone=212,300 | confidence_head=0 | fusion=0 | frozen_pretrained=0
[2026-09-10 06:12:13] INFO Optimization | epochs=50 | batch_size=32 | optimizer=adam | lr=0.001 | weight_decay=0.0001 | scheduler=step_lr | step_size=10 | gamma=0.950 | confidence_weight=0.000 | patience=10 | early_stopping=disabled
[2026-09-10 06:12:14] INFO Stage start | stage=standard | epochs=50 | optimizer_lrs=[0.001]
[2026-09-10 06:12:25] INFO Epoch 001 | stage=standard | train_total=1.580327 | train_forecast=1.580327 | train_confidence=0.000000 | train_risk=0.000000 | train_blend=0.000000 | val_total=1.586219 | val_mae=1.584181 | val_rmse=3.690402 | val_mape=3.372720 | val_confidence=0.000000 | val_risk=0.000000 | val_blend=0.000000 | batches=382/47 | seconds=11.01 | lr=[0.001] | cuda_peak_mb=206.7
[2026-09-10 06:12:25] INFO Val horizons | 15min_mae=1.267472 15min_rmse=2.743417 15min_mape=2.524118 | 30min_mae=1.596912 30min_rmse=3.669791 30min_mape=3.374926 | 60min_mae=2.041937 60min_rmse=4.695662 60min_mape=4.581036
[2026-09-10 06:12:25] INFO Checkpoint updated | epoch=1 | stage=standard | best_val_mae=1.584181 | path=C:\Users\clw\projects\researchRep\STAnchor-BlockMemory\artifacts\cross_dataset_final\pems08_baseonly_stgcn_seed42\downstream_best.pt
[2026-09-10 06:12:35] INFO Epoch 002 | stage=standard | train_total=1.443515 | train_forecast=1.443515 | train_confidence=0.000000 | train_risk=0.000000 | train_blend=0.000000 | val_total=1.565653 | val_mae=1.563636 | val_rmse=3.659878 | val_mape=3.410766 | val_confidence=0.000000 | val_risk=0.000000 | val_blend=0.000000 | batches=382/47 | seconds=10.61 | lr=[0.001] | cuda_peak_mb=206.7
[2026-09-10 06:12:35] INFO Val horizons | 15min_mae=1.259433 15min_rmse=2.742255 15min_mape=2.573295 | 30min_mae=1.575295 30min_rmse=3.626843 30min_mape=3.393431 | 60min_mae=2.002471 60min_rmse=4.648590 60min_mape=4.600399
[2026-09-10 06:12:35] INFO Checkpoint updated | epoch=2 | stage=standard | best_val_mae=1.563636 | path=C:\Users\clw\projects\researchRep\STAnchor-BlockMemory\artifacts\cross_dataset_final\pems08_baseonly_stgcn_seed42\downstream_best.pt
[2026-09-10 06:12:46] INFO Epoch 003 | stage=standard | train_total=1.405843 | train_forecast=1.405843 | train_confidence=0.000000 | train_risk=0.000000 | train_blend=0.000000 | val_total=1.615042 | val_mae=1.613421 | val_rmse=3.660506 | val_mape=3.395795 | val_confidence=0.000000 | val_risk=0.000000 | val_blend=0.000000 | batches=382/47 | seconds=10.69 | lr=[0.001] | cuda_peak_mb=206.7
[2026-09-10 06:12:46] INFO Val horizons | 15min_mae=1.316352 15min_rmse=2.750598 15min_mape=2.533033 | 30min_mae=1.625291 30min_rmse=3.625000 30min_mape=3.356277 | 60min_mae=2.027643 60min_rmse=4.636703 60min_mape=4.579185
[2026-09-10 06:12:57] INFO Epoch 004 | stage=standard | train_total=1.386823 | train_forecast=1.386823 | train_confidence=0.000000 | train_risk=0.000000 | train_blend=0.000000 | val_total=1.535659 | val_mae=1.533749 | val_rmse=3.624150 | val_mape=3.268551 | val_confidence=0.000000 | val_risk=0.000000 | val_blend=0.000000 | batches=382/47 | seconds=10.67 | lr=[0.001] | cuda_peak_mb=206.7
[2026-09-10 06:12:57] INFO Val horizons | 15min_mae=1.235024 15min_rmse=2.687936 15min_mape=2.431119 | 30min_mae=1.553536 30min_rmse=3.598094 30min_mape=3.266389 | 60min_mae=1.960114 60min_rmse=4.611126 60min_mape=4.440265
[2026-09-10 06:12:57] INFO Checkpoint updated | epoch=4 | stage=standard | best_val_mae=1.533749 | path=C:\Users\clw\projects\researchRep\STAnchor-BlockMemory\artifacts\cross_dataset_final\pems08_baseonly_stgcn_seed42\downstream_best.pt
[2026-09-10 06:13:07] INFO Epoch 005 | stage=standard | train_total=1.371113 | train_forecast=1.371113 | train_confidence=0.000000 | train_risk=0.000000 | train_blend=0.000000 | val_total=1.553353 | val_mae=1.551184 | val_rmse=3.719119 | val_mape=3.464970 | val_confidence=0.000000 | val_risk=0.000000 | val_blend=0.000000 | batches=382/47 | seconds=10.64 | lr=[0.001] | cuda_peak_mb=206.7
[2026-09-10 06:13:07] INFO Val horizons | 15min_mae=1.257539 15min_rmse=2.769528 15min_mape=2.629092 | 30min_mae=1.570341 30min_rmse=3.684925 30min_mape=3.487528 | 60min_mae=1.972453 60min_rmse=4.719429 60min_mape=4.618608
[2026-09-10 06:13:18] INFO Epoch 006 | stage=standard | train_total=1.357156 | train_forecast=1.357156 | train_confidence=0.000000 | train_risk=0.000000 | train_blend=0.000000 | val_total=1.522333 | val_mae=1.520265 | val_rmse=3.603314 | val_mape=3.240787 | val_confidence=0.000000 | val_risk=0.000000 | val_blend=0.000000 | batches=382/47 | seconds=10.62 | lr=[0.001] | cuda_peak_mb=206.7
[2026-09-10 06:13:18] INFO Val horizons | 15min_mae=1.235594 15min_rmse=2.697480 15min_mape=2.456094 | 30min_mae=1.542848 30min_rmse=3.597685 30min_mape=3.263205 | 60min_mae=1.928878 60min_rmse=4.555869 60min_mape=4.338217
[2026-09-10 06:13:18] INFO Checkpoint updated | epoch=6 | stage=standard | best_val_mae=1.520265 | path=C:\Users\clw\projects\researchRep\STAnchor-BlockMemory\artifacts\cross_dataset_final\pems08_baseonly_stgcn_seed42\downstream_best.pt
[2026-09-10 06:13:29] INFO Epoch 007 | stage=standard | train_total=1.347034 | train_forecast=1.347034 | train_confidence=0.000000 | train_risk=0.000000 | train_blend=0.000000 | val_total=1.511977 | val_mae=1.509673 | val_rmse=3.609133 | val_mape=3.255964 | val_confidence=0.000000 | val_risk=0.000000 | val_blend=0.000000 | batches=382/47 | seconds=10.65 | lr=[0.001] | cuda_peak_mb=206.7
[2026-09-10 06:13:29] INFO Val horizons | 15min_mae=1.224058 15min_rmse=2.683026 15min_mape=2.418404 | 30min_mae=1.529989 30min_rmse=3.583268 30min_mape=3.264449 | 60min_mae=1.910191 60min_rmse=4.578042 60min_mape=4.390364
[2026-09-10 06:13:29] INFO Checkpoint updated | epoch=7 | stage=standard | best_val_mae=1.509673 | path=C:\Users\clw\projects\researchRep\STAnchor-BlockMemory\artifacts\cross_dataset_final\pems08_baseonly_stgcn_seed42\downstream_best.pt
[2026-09-10 06:13:39] INFO Epoch 008 | stage=standard | train_total=1.339423 | train_forecast=1.339423 | train_confidence=0.000000 | train_risk=0.000000 | train_blend=0.000000 | val_total=1.515716 | val_mae=1.513298 | val_rmse=3.584397 | val_mape=3.176007 | val_confidence=0.000000 | val_risk=0.000000 | val_blend=0.000000 | batches=382/47 | seconds=10.76 | lr=[0.001] | cuda_peak_mb=206.7
[2026-09-10 06:13:39] INFO Val horizons | 15min_mae=1.238092 15min_rmse=2.685386 15min_mape=2.393491 | 30min_mae=1.533078 30min_rmse=3.564448 30min_mape=3.179899 | 60min_mae=1.906693 60min_rmse=4.536308 60min_mape=4.255188
[2026-09-10 06:13:50] INFO Epoch 009 | stage=standard | train_total=1.328403 | train_forecast=1.328403 | train_confidence=0.000000 | train_risk=0.000000 | train_blend=0.000000 | val_total=1.507230 | val_mae=1.503988 | val_rmse=3.651103 | val_mape=3.326833 | val_confidence=0.000000 | val_risk=0.000000 | val_blend=0.000000 | batches=382/47 | seconds=10.64 | lr=[0.001] | cuda_peak_mb=206.7
[2026-09-10 06:13:50] INFO Val horizons | 15min_mae=1.220714 15min_rmse=2.675842 15min_mape=2.434903 | 30min_mae=1.527998 30min_rmse=3.621776 30min_mape=3.353967 | 60min_mae=1.901355 60min_rmse=4.652823 60min_mape=4.505649
[2026-09-10 06:13:50] INFO Checkpoint updated | epoch=9 | stage=standard | best_val_mae=1.503988 | path=C:\Users\clw\projects\researchRep\STAnchor-BlockMemory\artifacts\cross_dataset_final\pems08_baseonly_stgcn_seed42\downstream_best.pt
[2026-09-10 06:14:01] INFO Epoch 010 | stage=standard | train_total=1.321014 | train_forecast=1.321014 | train_confidence=0.000000 | train_risk=0.000000 | train_blend=0.000000 | val_total=1.500699 | val_mae=1.497732 | val_rmse=3.580985 | val_mape=3.227126 | val_confidence=0.000000 | val_risk=0.000000 | val_blend=0.000000 | batches=382/47 | seconds=10.71 | lr=[0.001] | cuda_peak_mb=206.7
[2026-09-10 06:14:01] INFO Val horizons | 15min_mae=1.230165 15min_rmse=2.676471 15min_mape=2.426807 | 30min_mae=1.523359 30min_rmse=3.565551 30min_mape=3.245862 | 60min_mae=1.875270 60min_rmse=4.523834 60min_mape=4.305653
[2026-09-10 06:14:01] INFO Checkpoint updated | epoch=10 | stage=standard | best_val_mae=1.497732 | path=C:\Users\clw\projects\researchRep\STAnchor-BlockMemory\artifacts\cross_dataset_final\pems08_baseonly_stgcn_seed42\downstream_best.pt
[2026-09-10 06:14:12] INFO Epoch 011 | stage=standard | train_total=1.308786 | train_forecast=1.308786 | train_confidence=0.000000 | train_risk=0.000000 | train_blend=0.000000 | val_total=1.496323 | val_mae=1.493793 | val_rmse=3.620934 | val_mape=3.256740 | val_confidence=0.000000 | val_risk=0.000000 | val_blend=0.000000 | batches=382/47 | seconds=10.69 | lr=[0.00095] | cuda_peak_mb=206.7
[2026-09-10 06:14:12] INFO Val horizons | 15min_mae=1.218333 15min_rmse=2.683244 15min_mape=2.420306 | 30min_mae=1.518035 30min_rmse=3.602200 30min_mape=3.281117 | 60min_mae=1.881761 60min_rmse=4.588599 60min_mape=4.380323
[2026-09-10 06:14:12] INFO Checkpoint updated | epoch=11 | stage=standard | best_val_mae=1.493793 | path=C:\Users\clw\projects\researchRep\STAnchor-BlockMemory\artifacts\cross_dataset_final\pems08_baseonly_stgcn_seed42\downstream_best.pt
[2026-09-10 06:14:22] INFO Epoch 012 | stage=standard | train_total=1.300929 | train_forecast=1.300929 | train_confidence=0.000000 | train_risk=0.000000 | train_blend=0.000000 | val_total=1.496194 | val_mae=1.493605 | val_rmse=3.602310 | val_mape=3.247899 | val_confidence=0.000000 | val_risk=0.000000 | val_blend=0.000000 | batches=382/47 | seconds=10.68 | lr=[0.00095] | cuda_peak_mb=206.7
[2026-09-10 06:14:22] INFO Val horizons | 15min_mae=1.225789 15min_rmse=2.661523 15min_mape=2.418981 | 30min_mae=1.526368 30min_rmse=3.588671 30min_mape=3.282541 | 60min_mae=1.866498 60min_rmse=4.566716 60min_mape=4.354961
[2026-09-10 06:14:22] INFO Checkpoint updated | epoch=12 | stage=standard | best_val_mae=1.493605 | path=C:\Users\clw\projects\researchRep\STAnchor-BlockMemory\artifacts\cross_dataset_final\pems08_baseonly_stgcn_seed42\downstream_best.pt
[2026-09-10 06:14:33] INFO Epoch 013 | stage=standard | train_total=1.294273 | train_forecast=1.294273 | train_confidence=0.000000 | train_risk=0.000000 | train_blend=0.000000 | val_total=1.490619 | val_mae=1.487096 | val_rmse=3.610846 | val_mape=3.289654 | val_confidence=0.000000 | val_risk=0.000000 | val_blend=0.000000 | batches=382/47 | seconds=10.69 | lr=[0.00095] | cuda_peak_mb=206.7
[2026-09-10 06:14:33] INFO Val horizons | 15min_mae=1.227836 15min_rmse=2.710975 15min_mape=2.504491 | 30min_mae=1.513793 30min_rmse=3.600458 30min_mape=3.318800 | 60min_mae=1.856775 60min_rmse=4.548548 60min_mape=4.359660
[2026-09-10 06:14:33] INFO Checkpoint updated | epoch=13 | stage=standard | best_val_mae=1.487096 | path=C:\Users\clw\projects\researchRep\STAnchor-BlockMemory\artifacts\cross_dataset_final\pems08_baseonly_stgcn_seed42\downstream_best.pt
[2026-09-10 06:14:44] INFO Epoch 014 | stage=standard | train_total=1.287105 | train_forecast=1.287105 | train_confidence=0.000000 | train_risk=0.000000 | train_blend=0.000000 | val_total=1.490368 | val_mae=1.487063 | val_rmse=3.598479 | val_mape=3.241624 | val_confidence=0.000000 | val_risk=0.000000 | val_blend=0.000000 | batches=382/47 | seconds=10.72 | lr=[0.00095] | cuda_peak_mb=206.7
[2026-09-10 06:14:44] INFO Val horizons | 15min_mae=1.216815 15min_rmse=2.653277 15min_mape=2.396988 | 30min_mae=1.511473 30min_rmse=3.579018 30min_mape=3.259046 | 60min_mae=1.874049 60min_rmse=4.576088 60min_mape=4.396464
[2026-09-10 06:14:44] INFO Checkpoint updated | epoch=14 | stage=standard | best_val_mae=1.487063 | path=C:\Users\clw\projects\researchRep\STAnchor-BlockMemory\artifacts\cross_dataset_final\pems08_baseonly_stgcn_seed42\downstream_best.pt
[2026-09-10 06:14:54] INFO Epoch 015 | stage=standard | train_total=1.280656 | train_forecast=1.280656 | train_confidence=0.000000 | train_risk=0.000000 | train_blend=0.000000 | val_total=1.483222 | val_mae=1.479632 | val_rmse=3.614322 | val_mape=3.258521 | val_confidence=0.000000 | val_risk=0.000000 | val_blend=0.000000 | batches=382/47 | seconds=10.64 | lr=[0.00095] | cuda_peak_mb=206.7
[2026-09-10 06:14:54] INFO Val horizons | 15min_mae=1.219823 15min_rmse=2.686037 15min_mape=2.448134 | 30min_mae=1.509041 30min_rmse=3.614879 30min_mape=3.299748 | 60min_mae=1.840516 60min_rmse=4.540176 60min_mape=4.320816
[2026-09-10 06:14:54] INFO Checkpoint updated | epoch=15 | stage=standard | best_val_mae=1.479632 | path=C:\Users\clw\projects\researchRep\STAnchor-BlockMemory\artifacts\cross_dataset_final\pems08_baseonly_stgcn_seed42\downstream_best.pt
[2026-09-10 06:15:05] INFO Epoch 016 | stage=standard | train_total=1.275620 | train_forecast=1.275620 | train_confidence=0.000000 | train_risk=0.000000 | train_blend=0.000000 | val_total=1.487276 | val_mae=1.483773 | val_rmse=3.593219 | val_mape=3.239626 | val_confidence=0.000000 | val_risk=0.000000 | val_blend=0.000000 | batches=382/47 | seconds=10.64 | lr=[0.00095] | cuda_peak_mb=206.7
[2026-09-10 06:15:05] INFO Val horizons | 15min_mae=1.223090 15min_rmse=2.682990 15min_mape=2.452853 | 30min_mae=1.519329 30min_rmse=3.604972 30min_mape=3.296438 | 60min_mae=1.852188 60min_rmse=4.520344 60min_mape=4.302130
[2026-09-10 06:15:16] INFO Epoch 017 | stage=standard | train_total=1.271585 | train_forecast=1.271585 | train_confidence=0.000000 | train_risk=0.000000 | train_blend=0.000000 | val_total=1.463743 | val_mae=1.460168 | val_rmse=3.566525 | val_mape=3.180481 | val_confidence=0.000000 | val_risk=0.000000 | val_blend=0.000000 | batches=382/47 | seconds=10.74 | lr=[0.00095] | cuda_peak_mb=206.7
[2026-09-10 06:15:16] INFO Val horizons | 15min_mae=1.207568 15min_rmse=2.654112 15min_mape=2.401896 | 30min_mae=1.492173 30min_rmse=3.572817 30min_mape=3.230937 | 60min_mae=1.817734 60min_rmse=4.491046 60min_mape=4.222980
[2026-09-10 06:15:16] INFO Checkpoint updated | epoch=17 | stage=standard | best_val_mae=1.460168 | path=C:\Users\clw\projects\researchRep\STAnchor-BlockMemory\artifacts\cross_dataset_final\pems08_baseonly_stgcn_seed42\downstream_best.pt
[2026-09-10 06:15:26] INFO Epoch 018 | stage=standard | train_total=1.265023 | train_forecast=1.265023 | train_confidence=0.000000 | train_risk=0.000000 | train_blend=0.000000 | val_total=1.461797 | val_mae=1.458047 | val_rmse=3.555398 | val_mape=3.166903 | val_confidence=0.000000 | val_risk=0.000000 | val_blend=0.000000 | batches=382/47 | seconds=10.68 | lr=[0.00095] | cuda_peak_mb=206.7
[2026-09-10 06:15:26] INFO Val horizons | 15min_mae=1.210379 15min_rmse=2.661147 15min_mape=2.400530 | 30min_mae=1.493212 30min_rmse=3.572471 30min_mape=3.225830 | 60min_mae=1.807525 60min_rmse=4.457785 60min_mape=4.190745
[2026-09-10 06:15:26] INFO Checkpoint updated | epoch=18 | stage=standard | best_val_mae=1.458047 | path=C:\Users\clw\projects\researchRep\STAnchor-BlockMemory\artifacts\cross_dataset_final\pems08_baseonly_stgcn_seed42\downstream_best.pt
[2026-09-10 06:15:37] INFO Epoch 019 | stage=standard | train_total=1.263320 | train_forecast=1.263320 | train_confidence=0.000000 | train_risk=0.000000 | train_blend=0.000000 | val_total=1.473005 | val_mae=1.468680 | val_rmse=3.586976 | val_mape=3.183417 | val_confidence=0.000000 | val_risk=0.000000 | val_blend=0.000000 | batches=382/47 | seconds=10.66 | lr=[0.00095] | cuda_peak_mb=206.7
[2026-09-10 06:15:37] INFO Val horizons | 15min_mae=1.224881 15min_rmse=2.697487 15min_mape=2.439983 | 30min_mae=1.503669 30min_rmse=3.599776 30min_mape=3.220394 | 60min_mae=1.813360 60min_rmse=4.494236 60min_mape=4.203899
[2026-09-10 06:15:48] INFO Epoch 020 | stage=standard | train_total=1.259180 | train_forecast=1.259180 | train_confidence=0.000000 | train_risk=0.000000 | train_blend=0.000000 | val_total=1.466676 | val_mae=1.463710 | val_rmse=3.601863 | val_mape=3.214879 | val_confidence=0.000000 | val_risk=0.000000 | val_blend=0.000000 | batches=382/47 | seconds=10.68 | lr=[0.00095] | cuda_peak_mb=206.7
[2026-09-10 06:15:48] INFO Val horizons | 15min_mae=1.216430 15min_rmse=2.695937 15min_mape=2.429143 | 30min_mae=1.499964 30min_rmse=3.618242 30min_mape=3.263636 | 60min_mae=1.813378 60min_rmse=4.517483 60min_mape=4.262497
[2026-09-10 06:15:58] INFO Epoch 021 | stage=standard | train_total=1.253186 | train_forecast=1.253186 | train_confidence=0.000000 | train_risk=0.000000 | train_blend=0.000000 | val_total=1.447237 | val_mae=1.443713 | val_rmse=3.531237 | val_mape=3.105362 | val_confidence=0.000000 | val_risk=0.000000 | val_blend=0.000000 | batches=382/47 | seconds=10.70 | lr=[0.0009025] | cuda_peak_mb=206.7
[2026-09-10 06:15:58] INFO Val horizons | 15min_mae=1.202655 15min_rmse=2.661739 15min_mape=2.378434 | 30min_mae=1.480277 30min_rmse=3.554460 30min_mape=3.147614 | 60min_mae=1.787751 60min_rmse=4.417608 60min_mape=4.102541
[2026-09-10 06:15:58] INFO Checkpoint updated | epoch=21 | stage=standard | best_val_mae=1.443713 | path=C:\Users\clw\projects\researchRep\STAnchor-BlockMemory\artifacts\cross_dataset_final\pems08_baseonly_stgcn_seed42\downstream_best.pt
[2026-09-10 06:16:09] INFO Epoch 022 | stage=standard | train_total=1.250948 | train_forecast=1.250948 | train_confidence=0.000000 | train_risk=0.000000 | train_blend=0.000000 | val_total=1.482896 | val_mae=1.479892 | val_rmse=3.599430 | val_mape=3.259956 | val_confidence=0.000000 | val_risk=0.000000 | val_blend=0.000000 | batches=382/47 | seconds=10.70 | lr=[0.0009025] | cuda_peak_mb=206.7
[2026-09-10 06:16:09] INFO Val horizons | 15min_mae=1.242484 15min_rmse=2.723901 15min_mape=2.513650 | 30min_mae=1.515722 30min_rmse=3.620498 30min_mape=3.311833 | 60min_mae=1.815785 60min_rmse=4.481214 60min_mape=4.256535
[2026-09-10 06:16:20] INFO Epoch 023 | stage=standard | train_total=1.249497 | train_forecast=1.249497 | train_confidence=0.000000 | train_risk=0.000000 | train_blend=0.000000 | val_total=1.439397 | val_mae=1.435886 | val_rmse=3.528088 | val_mape=3.130965 | val_confidence=0.000000 | val_risk=0.000000 | val_blend=0.000000 | batches=382/47 | seconds=10.60 | lr=[0.0009025] | cuda_peak_mb=206.7
[2026-09-10 06:16:20] INFO Val horizons | 15min_mae=1.200532 15min_rmse=2.662509 15min_mape=2.402647 | 30min_mae=1.476296 30min_rmse=3.566772 30min_mape=3.204790 | 60min_mae=1.767113 60min_rmse=4.388252 60min_mape=4.097348
[2026-09-10 06:16:20] INFO Checkpoint updated | epoch=23 | stage=standard | best_val_mae=1.435886 | path=C:\Users\clw\projects\researchRep\STAnchor-BlockMemory\artifacts\cross_dataset_final\pems08_baseonly_stgcn_seed42\downstream_best.pt
[2026-09-10 06:16:30] INFO Epoch 024 | stage=standard | train_total=1.246189 | train_forecast=1.246189 | train_confidence=0.000000 | train_risk=0.000000 | train_blend=0.000000 | val_total=1.477641 | val_mae=1.474353 | val_rmse=3.624782 | val_mape=3.230347 | val_confidence=0.000000 | val_risk=0.000000 | val_blend=0.000000 | batches=382/47 | seconds=10.66 | lr=[0.0009025] | cuda_peak_mb=206.7
[2026-09-10 06:16:30] INFO Val horizons | 15min_mae=1.225093 15min_rmse=2.702070 15min_mape=2.453880 | 30min_mae=1.509412 30min_rmse=3.645569 30min_mape=3.275768 | 60min_mae=1.830512 60min_rmse=4.547518 60min_mape=4.285037
[2026-09-10 06:16:41] INFO Epoch 025 | stage=standard | train_total=1.242726 | train_forecast=1.242726 | train_confidence=0.000000 | train_risk=0.000000 | train_blend=0.000000 | val_total=1.465810 | val_mae=1.462233 | val_rmse=3.581679 | val_mape=3.176962 | val_confidence=0.000000 | val_risk=0.000000 | val_blend=0.000000 | batches=382/47 | seconds=10.67 | lr=[0.0009025] | cuda_peak_mb=206.7
[2026-09-10 06:16:41] INFO Val horizons | 15min_mae=1.211416 15min_rmse=2.685442 15min_mape=2.422262 | 30min_mae=1.505431 30min_rmse=3.619156 30min_mape=3.241191 | 60min_mae=1.808109 60min_rmse=4.470024 60min_mape=4.184790
[2026-09-10 06:16:52] INFO Epoch 026 | stage=standard | train_total=1.240945 | train_forecast=1.240945 | train_confidence=0.000000 | train_risk=0.000000 | train_blend=0.000000 | val_total=1.445344 | val_mae=1.441543 | val_rmse=3.514590 | val_mape=3.102349 | val_confidence=0.000000 | val_risk=0.000000 | val_blend=0.000000 | batches=382/47 | seconds=10.60 | lr=[0.0009025] | cuda_peak_mb=206.7
[2026-09-10 06:16:52] INFO Val horizons | 15min_mae=1.205638 15min_rmse=2.658856 15min_mape=2.401347 | 30min_mae=1.477168 30min_rmse=3.536964 30min_mape=3.144502 | 60min_mae=1.778972 60min_rmse=4.388510 60min_mape=4.077932
[2026-09-10 06:17:02] INFO Epoch 027 | stage=standard | train_total=1.238338 | train_forecast=1.238338 | train_confidence=0.000000 | train_risk=0.000000 | train_blend=0.000000 | val_total=1.486424 | val_mae=1.483139 | val_rmse=3.637485 | val_mape=3.300032 | val_confidence=0.000000 | val_risk=0.000000 | val_blend=0.000000 | batches=382/47 | seconds=10.72 | lr=[0.0009025] | cuda_peak_mb=206.7
[2026-09-10 06:17:02] INFO Val horizons | 15min_mae=1.237213 15min_rmse=2.727611 15min_mape=2.513113 | 30min_mae=1.525842 30min_rmse=3.670976 30min_mape=3.372683 | 60min_mae=1.825473 60min_rmse=4.542070 60min_mape=4.339383
[2026-09-10 06:17:13] INFO Epoch 028 | stage=standard | train_total=1.238685 | train_forecast=1.238685 | train_confidence=0.000000 | train_risk=0.000000 | train_blend=0.000000 | val_total=1.463457 | val_mae=1.459429 | val_rmse=3.557687 | val_mape=3.170162 | val_confidence=0.000000 | val_risk=0.000000 | val_blend=0.000000 | batches=382/47 | seconds=10.68 | lr=[0.0009025] | cuda_peak_mb=206.7
[2026-09-10 06:17:13] INFO Val horizons | 15min_mae=1.217280 15min_rmse=2.682762 15min_mape=2.433549 | 30min_mae=1.499440 30min_rmse=3.591793 30min_mape=3.234527 | 60min_mae=1.797808 60min_rmse=4.433617 60min_mape=4.157282
[2026-09-10 06:17:24] INFO Epoch 029 | stage=standard | train_total=1.234899 | train_forecast=1.234899 | train_confidence=0.000000 | train_risk=0.000000 | train_blend=0.000000 | val_total=1.459339 | val_mae=1.455892 | val_rmse=3.568373 | val_mape=3.180911 | val_confidence=0.000000 | val_risk=0.000000 | val_blend=0.000000 | batches=382/47 | seconds=10.67 | lr=[0.0009025] | cuda_peak_mb=206.7
[2026-09-10 06:17:24] INFO Val horizons | 15min_mae=1.215306 15min_rmse=2.694648 15min_mape=2.438099 | 30min_mae=1.493639 30min_rmse=3.596761 30min_mape=3.231859 | 60min_mae=1.799833 60min_rmse=4.458257 60min_mape=4.196953
[2026-09-10 06:17:34] INFO Epoch 030 | stage=standard | train_total=1.232536 | train_forecast=1.232536 | train_confidence=0.000000 | train_risk=0.000000 | train_blend=0.000000 | val_total=1.440384 | val_mae=1.436747 | val_rmse=3.528799 | val_mape=3.098576 | val_confidence=0.000000 | val_risk=0.000000 | val_blend=0.000000 | batches=382/47 | seconds=10.68 | lr=[0.0009025] | cuda_peak_mb=206.7
[2026-09-10 06:17:34] INFO Val horizons | 15min_mae=1.205902 15min_rmse=2.683783 15min_mape=2.416647 | 30min_mae=1.475302 30min_rmse=3.564744 30min_mape=3.151248 | 60min_mae=1.767230 60min_rmse=4.385766 60min_mape=4.037137
[2026-09-10 06:17:45] INFO Epoch 031 | stage=standard | train_total=1.229570 | train_forecast=1.229570 | train_confidence=0.000000 | train_risk=0.000000 | train_blend=0.000000 | val_total=1.444062 | val_mae=1.440500 | val_rmse=3.504920 | val_mape=3.097193 | val_confidence=0.000000 | val_risk=0.000000 | val_blend=0.000000 | batches=382/47 | seconds=10.66 | lr=[0.000857375] | cuda_peak_mb=206.7
[2026-09-10 06:17:45] INFO Val horizons | 15min_mae=1.201850 15min_rmse=2.653195 15min_mape=2.391244 | 30min_mae=1.477977 30min_rmse=3.531615 30min_mape=3.151814 | 60min_mae=1.781084 60min_rmse=4.378301 60min_mape=4.075241
[2026-09-10 06:17:56] INFO Epoch 032 | stage=standard | train_total=1.228298 | train_forecast=1.228298 | train_confidence=0.000000 | train_risk=0.000000 | train_blend=0.000000 | val_total=1.453291 | val_mae=1.449559 | val_rmse=3.568570 | val_mape=3.179912 | val_confidence=0.000000 | val_risk=0.000000 | val_blend=0.000000 | batches=382/47 | seconds=10.67 | lr=[0.000857375] | cuda_peak_mb=206.7
[2026-09-10 06:17:56] INFO Val horizons | 15min_mae=1.211942 15min_rmse=2.710768 15min_mape=2.450235 | 30min_mae=1.489952 30min_rmse=3.612884 30min_mape=3.253005 | 60min_mae=1.783759 60min_rmse=4.424446 60min_mape=4.151764
[2026-09-10 06:18:06] INFO Epoch 033 | stage=standard | train_total=1.225363 | train_forecast=1.225363 | train_confidence=0.000000 | train_risk=0.000000 | train_blend=0.000000 | val_total=1.466705 | val_mae=1.463358 | val_rmse=3.579444 | val_mape=3.180600 | val_confidence=0.000000 | val_risk=0.000000 | val_blend=0.000000 | batches=382/47 | seconds=10.62 | lr=[0.000857375] | cuda_peak_mb=206.7
[2026-09-10 06:18:06] INFO Val horizons | 15min_mae=1.212135 15min_rmse=2.710524 15min_mape=2.445669 | 30min_mae=1.500960 30min_rmse=3.623754 30min_mape=3.238103 | 60min_mae=1.820255 60min_rmse=4.446680 60min_mape=4.178794
[2026-09-10 06:18:17] INFO Epoch 034 | stage=standard | train_total=1.224634 | train_forecast=1.224634 | train_confidence=0.000000 | train_risk=0.000000 | train_blend=0.000000 | val_total=1.436865 | val_mae=1.432623 | val_rmse=3.520450 | val_mape=3.100367 | val_confidence=0.000000 | val_risk=0.000000 | val_blend=0.000000 | batches=382/47 | seconds=10.64 | lr=[0.000857375] | cuda_peak_mb=206.7
[2026-09-10 06:18:17] INFO Val horizons | 15min_mae=1.200660 15min_rmse=2.656166 15min_mape=2.389103 | 30min_mae=1.471617 30min_rmse=3.564845 30min_mape=3.166088 | 60min_mae=1.764928 60min_rmse=4.377777 60min_mape=4.069527
[2026-09-10 06:18:17] INFO Checkpoint updated | epoch=34 | stage=standard | best_val_mae=1.432623 | path=C:\Users\clw\projects\researchRep\STAnchor-BlockMemory\artifacts\cross_dataset_final\pems08_baseonly_stgcn_seed42\downstream_best.pt
[2026-09-10 06:18:28] INFO Epoch 035 | stage=standard | train_total=1.224374 | train_forecast=1.224374 | train_confidence=0.000000 | train_risk=0.000000 | train_blend=0.000000 | val_total=1.441006 | val_mae=1.437452 | val_rmse=3.538240 | val_mape=3.156190 | val_confidence=0.000000 | val_risk=0.000000 | val_blend=0.000000 | batches=382/47 | seconds=10.75 | lr=[0.000857375] | cuda_peak_mb=206.7
[2026-09-10 06:18:28] INFO Val horizons | 15min_mae=1.199508 15min_rmse=2.675743 15min_mape=2.423055 | 30min_mae=1.478290 30min_rmse=3.575894 30min_mape=3.224311 | 60min_mae=1.774005 60min_rmse=4.402380 60min_mape=4.142879
[2026-09-10 06:18:38] INFO Epoch 036 | stage=standard | train_total=1.223221 | train_forecast=1.223221 | train_confidence=0.000000 | train_risk=0.000000 | train_blend=0.000000 | val_total=1.448877 | val_mae=1.445292 | val_rmse=3.554491 | val_mape=3.138666 | val_confidence=0.000000 | val_risk=0.000000 | val_blend=0.000000 | batches=382/47 | seconds=10.69 | lr=[0.000857375] | cuda_peak_mb=206.7
[2026-09-10 06:18:38] INFO Val horizons | 15min_mae=1.205356 15min_rmse=2.684160 15min_mape=2.426422 | 30min_mae=1.487731 30min_rmse=3.599548 30min_mape=3.204545 | 60min_mae=1.780763 60min_rmse=4.414680 60min_mape=4.099493
[2026-09-10 06:18:49] INFO Epoch 037 | stage=standard | train_total=1.221342 | train_forecast=1.221342 | train_confidence=0.000000 | train_risk=0.000000 | train_blend=0.000000 | val_total=1.465844 | val_mae=1.462443 | val_rmse=3.571876 | val_mape=3.187650 | val_confidence=0.000000 | val_risk=0.000000 | val_blend=0.000000 | batches=382/47 | seconds=10.63 | lr=[0.000857375] | cuda_peak_mb=206.7
[2026-09-10 06:18:49] INFO Val horizons | 15min_mae=1.229492 15min_rmse=2.709949 15min_mape=2.472068 | 30min_mae=1.504441 30min_rmse=3.617968 30min_mape=3.256313 | 60min_mae=1.796150 60min_rmse=4.432346 60min_mape=4.160208
[2026-09-10 06:19:00] INFO Epoch 038 | stage=standard | train_total=1.220847 | train_forecast=1.220847 | train_confidence=0.000000 | train_risk=0.000000 | train_blend=0.000000 | val_total=1.456641 | val_mae=1.452875 | val_rmse=3.565796 | val_mape=3.155916 | val_confidence=0.000000 | val_risk=0.000000 | val_blend=0.000000 | batches=382/47 | seconds=10.66 | lr=[0.000857375] | cuda_peak_mb=206.7
[2026-09-10 06:19:00] INFO Val horizons | 15min_mae=1.212351 15min_rmse=2.694704 15min_mape=2.432369 | 30min_mae=1.493417 30min_rmse=3.616849 30min_mape=3.221905 | 60min_mae=1.794719 60min_rmse=4.422504 60min_mape=4.140621
[2026-09-10 06:19:10] INFO Epoch 039 | stage=standard | train_total=1.218243 | train_forecast=1.218243 | train_confidence=0.000000 | train_risk=0.000000 | train_blend=0.000000 | val_total=1.465336 | val_mae=1.461411 | val_rmse=3.554406 | val_mape=3.165188 | val_confidence=0.000000 | val_risk=0.000000 | val_blend=0.000000 | batches=382/47 | seconds=10.68 | lr=[0.000857375] | cuda_peak_mb=206.7
[2026-09-10 06:19:10] INFO Val horizons | 15min_mae=1.218068 15min_rmse=2.686974 15min_mape=2.451011 | 30min_mae=1.505429 30min_rmse=3.597027 30min_mape=3.242310 | 60min_mae=1.800874 60min_rmse=4.417707 60min_mape=4.122232
[2026-09-10 06:19:21] INFO Epoch 040 | stage=standard | train_total=1.217968 | train_forecast=1.217968 | train_confidence=0.000000 | train_risk=0.000000 | train_blend=0.000000 | val_total=1.456575 | val_mae=1.453288 | val_rmse=3.543465 | val_mape=3.157874 | val_confidence=0.000000 | val_risk=0.000000 | val_blend=0.000000 | batches=382/47 | seconds=10.61 | lr=[0.000857375] | cuda_peak_mb=206.7
[2026-09-10 06:19:21] INFO Val horizons | 15min_mae=1.227319 15min_rmse=2.697103 15min_mape=2.462358 | 30min_mae=1.494709 30min_rmse=3.589697 30min_mape=3.229728 | 60min_mae=1.772657 60min_rmse=4.382973 60min_mape=4.087232
[2026-09-10 06:19:32] INFO Epoch 041 | stage=standard | train_total=1.214802 | train_forecast=1.214802 | train_confidence=0.000000 | train_risk=0.000000 | train_blend=0.000000 | val_total=1.442186 | val_mae=1.438254 | val_rmse=3.531127 | val_mape=3.086856 | val_confidence=0.000000 | val_risk=0.000000 | val_blend=0.000000 | batches=382/47 | seconds=10.73 | lr=[0.0008145062499999999] | cuda_peak_mb=206.7
[2026-09-10 06:19:32] INFO Val horizons | 15min_mae=1.199928 15min_rmse=2.667001 15min_mape=2.392677 | 30min_mae=1.480155 30min_rmse=3.574110 30min_mape=3.153286 | 60min_mae=1.771248 60min_rmse=4.385976 60min_mape=4.025771
[2026-09-10 06:19:42] INFO Epoch 042 | stage=standard | train_total=1.214364 | train_forecast=1.214364 | train_confidence=0.000000 | train_risk=0.000000 | train_blend=0.000000 | val_total=1.437205 | val_mae=1.433589 | val_rmse=3.531208 | val_mape=3.101970 | val_confidence=0.000000 | val_risk=0.000000 | val_blend=0.000000 | batches=382/47 | seconds=10.70 | lr=[0.0008145062499999999] | cuda_peak_mb=206.7
[2026-09-10 06:19:42] INFO Val horizons | 15min_mae=1.202463 15min_rmse=2.683045 15min_mape=2.423782 | 30min_mae=1.474349 30min_rmse=3.570955 30min_mape=3.172194 | 60min_mae=1.762233 60min_rmse=4.389562 60min_mape=4.024597
[2026-09-10 06:19:53] INFO Epoch 043 | stage=standard | train_total=1.213339 | train_forecast=1.213339 | train_confidence=0.000000 | train_risk=0.000000 | train_blend=0.000000 | val_total=1.446788 | val_mae=1.442845 | val_rmse=3.555891 | val_mape=3.146800 | val_confidence=0.000000 | val_risk=0.000000 | val_blend=0.000000 | batches=382/47 | seconds=10.65 | lr=[0.0008145062499999999] | cuda_peak_mb=206.7
[2026-09-10 06:19:53] INFO Val horizons | 15min_mae=1.209033 15min_rmse=2.695978 15min_mape=2.441033 | 30min_mae=1.486371 30min_rmse=3.606836 30min_mape=3.227506 | 60min_mae=1.769466 60min_rmse=4.405103 60min_mape=4.084791
[2026-09-10 06:20:04] INFO Epoch 044 | stage=standard | train_total=1.212534 | train_forecast=1.212534 | train_confidence=0.000000 | train_risk=0.000000 | train_blend=0.000000 | val_total=1.451222 | val_mae=1.447501 | val_rmse=3.576552 | val_mape=3.160227 | val_confidence=0.000000 | val_risk=0.000000 | val_blend=0.000000 | batches=382/47 | seconds=10.63 | lr=[0.0008145062499999999] | cuda_peak_mb=206.7
[2026-09-10 06:20:04] INFO Val horizons | 15min_mae=1.206015 15min_rmse=2.689425 15min_mape=2.424931 | 30min_mae=1.488357 30min_rmse=3.622314 30min_mape=3.217727 | 60min_mae=1.781997 60min_rmse=4.440795 60min_mape=4.139637
[2026-09-10 06:20:14] INFO Epoch 045 | stage=standard | train_total=1.210695 | train_forecast=1.210695 | train_confidence=0.000000 | train_risk=0.000000 | train_blend=0.000000 | val_total=1.463691 | val_mae=1.459915 | val_rmse=3.607490 | val_mape=3.202854 | val_confidence=0.000000 | val_risk=0.000000 | val_blend=0.000000 | batches=382/47 | seconds=10.66 | lr=[0.0008145062499999999] | cuda_peak_mb=206.7
[2026-09-10 06:20:14] INFO Val horizons | 15min_mae=1.207699 15min_rmse=2.692491 15min_mape=2.435561 | 30min_mae=1.500929 30min_rmse=3.645987 30min_mape=3.266757 | 60min_mae=1.813615 60min_rmse=4.507461 60min_mape=4.234088
[2026-09-10 06:20:25] INFO Epoch 046 | stage=standard | train_total=1.209168 | train_forecast=1.209168 | train_confidence=0.000000 | train_risk=0.000000 | train_blend=0.000000 | val_total=1.457898 | val_mae=1.454028 | val_rmse=3.634899 | val_mape=3.234787 | val_confidence=0.000000 | val_risk=0.000000 | val_blend=0.000000 | batches=382/47 | seconds=10.66 | lr=[0.0008145062499999999] | cuda_peak_mb=206.7
[2026-09-10 06:20:25] INFO Val horizons | 15min_mae=1.211357 15min_rmse=2.746244 15min_mape=2.481368 | 30min_mae=1.498246 30min_rmse=3.691654 30min_mape=3.323232 | 60min_mae=1.792165 60min_rmse=4.509355 60min_mape=4.229184
[2026-09-10 06:20:36] INFO Epoch 047 | stage=standard | train_total=1.209414 | train_forecast=1.209414 | train_confidence=0.000000 | train_risk=0.000000 | train_blend=0.000000 | val_total=1.448888 | val_mae=1.445268 | val_rmse=3.564426 | val_mape=3.112739 | val_confidence=0.000000 | val_risk=0.000000 | val_blend=0.000000 | batches=382/47 | seconds=10.65 | lr=[0.0008145062499999999] | cuda_peak_mb=206.7
[2026-09-10 06:20:36] INFO Val horizons | 15min_mae=1.216643 15min_rmse=2.713100 15min_mape=2.427453 | 30min_mae=1.485522 30min_rmse=3.605355 30min_mape=3.170736 | 60min_mae=1.763409 60min_rmse=4.413256 60min_mape=4.038480
[2026-09-10 06:20:46] INFO Epoch 048 | stage=standard | train_total=1.206955 | train_forecast=1.206955 | train_confidence=0.000000 | train_risk=0.000000 | train_blend=0.000000 | val_total=1.476766 | val_mae=1.472938 | val_rmse=3.611149 | val_mape=3.232337 | val_confidence=0.000000 | val_risk=0.000000 | val_blend=0.000000 | batches=382/47 | seconds=10.69 | lr=[0.0008145062499999999] | cuda_peak_mb=206.7
[2026-09-10 06:20:46] INFO Val horizons | 15min_mae=1.219422 15min_rmse=2.719582 15min_mape=2.472396 | 30min_mae=1.512674 30min_rmse=3.650838 30min_mape=3.305606 | 60min_mae=1.826403 60min_rmse=4.496422 60min_mape=4.241991
[2026-09-10 06:20:57] INFO Epoch 049 | stage=standard | train_total=1.207571 | train_forecast=1.207571 | train_confidence=0.000000 | train_risk=0.000000 | train_blend=0.000000 | val_total=1.470964 | val_mae=1.467501 | val_rmse=3.630771 | val_mape=3.251129 | val_confidence=0.000000 | val_risk=0.000000 | val_blend=0.000000 | batches=382/47 | seconds=10.70 | lr=[0.0008145062499999999] | cuda_peak_mb=206.7
[2026-09-10 06:20:57] INFO Val horizons | 15min_mae=1.222575 15min_rmse=2.747906 15min_mape=2.497361 | 30min_mae=1.510734 30min_rmse=3.690270 30min_mape=3.342712 | 60min_mae=1.806427 60min_rmse=4.488179 60min_mape=4.228352
[2026-09-10 06:21:08] INFO Epoch 050 | stage=standard | train_total=1.205955 | train_forecast=1.205955 | train_confidence=0.000000 | train_risk=0.000000 | train_blend=0.000000 | val_total=1.461542 | val_mae=1.457333 | val_rmse=3.576662 | val_mape=3.168137 | val_confidence=0.000000 | val_risk=0.000000 | val_blend=0.000000 | batches=382/47 | seconds=10.64 | lr=[0.0008145062499999999] | cuda_peak_mb=206.7
[2026-09-10 06:21:08] INFO Val horizons | 15min_mae=1.214613 15min_rmse=2.708303 15min_mape=2.453556 | 30min_mae=1.497942 30min_rmse=3.624977 30min_mape=3.235680 | 60min_mae=1.793505 60min_rmse=4.427826 60min_mape=4.121527
[2026-09-10 06:21:08] INFO Downstream training finished | best_val_mae=1.432623 | checkpoint=C:\Users\clw\projects\researchRep\STAnchor-BlockMemory\artifacts\cross_dataset_final\pems08_baseonly_stgcn_seed42\downstream_best.pt
