[2026-09-09 21:30:45] INFO Downstream start | run=cross_dataset_final/pems04_baseonly_stgcn_seed42 | device=cuda:0 (requested=cuda:0) | seed=42 | output=C:\Users\clw\projects\researchRep\STAnchor-BlockMemory\artifacts\cross_dataset_final\pems04_baseonly_stgcn_seed42
[2026-09-09 21:30:45] INFO Mode | downstream_mode=base_only | training_protocol=staged_joint | candidate_protocol=weekday_radius1_overlap
[2026-09-09 21:30:45] INFO Downstream initialization | seed=42 | state_hash=1057230b2dccc32c
[2026-09-09 21:30:45] INFO Data | steps=16992 | nodes=307 | channels=1 | training_scope=full_train | memory/post_memory/train_selected/val/test=8116/3479/11595/1400/3100
[2026-09-09 21:30:45] INFO Bank/retrieval | disabled (base_only)
[2026-09-09 21:30:45] INFO Parameters | downstream_total=282,713 | downstream_trainable=282,444 | backbone=282,444 | confidence_head=0 | fusion=0 | frozen_pretrained=0
[2026-09-09 21:30:45] INFO Optimization | epochs=50 | batch_size=32 | optimizer=adam | lr=0.001 | weight_decay=0.0001 | scheduler=step_lr | step_size=10 | gamma=0.950 | confidence_weight=0.000 | patience=10 | early_stopping=disabled
[2026-09-09 21:30:46] INFO Stage start | stage=standard | epochs=50 | optimizer_lrs=[0.001]
[2026-09-09 21:31:02] INFO Epoch 001 | stage=standard | train_total=2.030598 | train_forecast=2.030598 | train_confidence=0.000000 | train_risk=0.000000 | train_blend=0.000000 | val_total=2.187626 | val_mae=2.194482 | val_rmse=4.867608 | val_mape=5.151752 | val_confidence=0.000000 | val_risk=0.000000 | val_blend=0.000000 | batches=363/44 | seconds=15.47 | lr=[0.001] | cuda_peak_mb=355.9
[2026-09-09 21:31:02] INFO Val horizons | 15min_mae=1.721403 15min_rmse=3.462131 15min_mape=3.782854 | 30min_mae=2.191885 30min_rmse=4.765550 30min_mape=5.069347 | 60min_mae=2.882199 60min_rmse=6.360804 60min_mape=7.201792
[2026-09-09 21:31:02] INFO Checkpoint updated | epoch=1 | stage=standard | best_val_mae=2.194482 | path=C:\Users\clw\projects\researchRep\STAnchor-BlockMemory\artifacts\cross_dataset_final\pems04_baseonly_stgcn_seed42\downstream_best.pt
[2026-09-09 21:31:17] INFO Epoch 002 | stage=standard | train_total=1.820069 | train_forecast=1.820069 | train_confidence=0.000000 | train_risk=0.000000 | train_blend=0.000000 | val_total=2.198875 | val_mae=2.206554 | val_rmse=4.919531 | val_mape=5.051597 | val_confidence=0.000000 | val_risk=0.000000 | val_blend=0.000000 | batches=363/44 | seconds=14.98 | lr=[0.001] | cuda_peak_mb=355.9
[2026-09-09 21:31:17] INFO Val horizons | 15min_mae=1.731906 15min_rmse=3.527657 15min_mape=3.755004 | 30min_mae=2.226537 30min_rmse=4.864719 30min_mape=5.027345 | 60min_mae=2.871035 60min_rmse=6.344563 60min_mape=6.900152
[2026-09-09 21:31:32] INFO Epoch 003 | stage=standard | train_total=1.766116 | train_forecast=1.766116 | train_confidence=0.000000 | train_risk=0.000000 | train_blend=0.000000 | val_total=2.105145 | val_mae=2.111940 | val_rmse=4.704802 | val_mape=4.911103 | val_confidence=0.000000 | val_risk=0.000000 | val_blend=0.000000 | batches=363/44 | seconds=15.04 | lr=[0.001] | cuda_peak_mb=355.9
[2026-09-09 21:31:32] INFO Val horizons | 15min_mae=1.692017 15min_rmse=3.446294 15min_mape=3.690511 | 30min_mae=2.146589 30min_rmse=4.675592 30min_mape=4.927766 | 60min_mae=2.695465 60min_rmse=6.029825 60min_mape=6.612387
[2026-09-09 21:31:32] INFO Checkpoint updated | epoch=3 | stage=standard | best_val_mae=2.111940 | path=C:\Users\clw\projects\researchRep\STAnchor-BlockMemory\artifacts\cross_dataset_final\pems04_baseonly_stgcn_seed42\downstream_best.pt
[2026-09-09 21:31:47] INFO Epoch 004 | stage=standard | train_total=1.727055 | train_forecast=1.727055 | train_confidence=0.000000 | train_risk=0.000000 | train_blend=0.000000 | val_total=2.045162 | val_mae=2.052069 | val_rmse=4.527569 | val_mape=4.709285 | val_confidence=0.000000 | val_risk=0.000000 | val_blend=0.000000 | batches=363/44 | seconds=14.95 | lr=[0.001] | cuda_peak_mb=355.9
[2026-09-09 21:31:47] INFO Val horizons | 15min_mae=1.664321 15min_rmse=3.398739 15min_mape=3.570636 | 30min_mae=2.079977 30min_rmse=4.519454 30min_mape=4.695790 | 60min_mae=2.598809 60min_rmse=5.742958 60min_mape=6.297881
[2026-09-09 21:31:47] INFO Checkpoint updated | epoch=4 | stage=standard | best_val_mae=2.052069 | path=C:\Users\clw\projects\researchRep\STAnchor-BlockMemory\artifacts\cross_dataset_final\pems04_baseonly_stgcn_seed42\downstream_best.pt
[2026-09-09 21:32:02] INFO Epoch 005 | stage=standard | train_total=1.700329 | train_forecast=1.700329 | train_confidence=0.000000 | train_risk=0.000000 | train_blend=0.000000 | val_total=1.986883 | val_mae=1.993325 | val_rmse=4.431483 | val_mape=4.591557 | val_confidence=0.000000 | val_risk=0.000000 | val_blend=0.000000 | batches=363/44 | seconds=15.05 | lr=[0.001] | cuda_peak_mb=355.9
[2026-09-09 21:32:02] INFO Val horizons | 15min_mae=1.611276 15min_rmse=3.312266 15min_mape=3.401437 | 30min_mae=2.035633 30min_rmse=4.438810 30min_mape=4.615962 | 60min_mae=2.526794 60min_rmse=5.628180 60min_mape=6.210809
[2026-09-09 21:32:02] INFO Checkpoint updated | epoch=5 | stage=standard | best_val_mae=1.993325 | path=C:\Users\clw\projects\researchRep\STAnchor-BlockMemory\artifacts\cross_dataset_final\pems04_baseonly_stgcn_seed42\downstream_best.pt
[2026-09-09 21:32:17] INFO Epoch 006 | stage=standard | train_total=1.676656 | train_forecast=1.676656 | train_confidence=0.000000 | train_risk=0.000000 | train_blend=0.000000 | val_total=1.955795 | val_mae=1.961881 | val_rmse=4.343535 | val_mape=4.535272 | val_confidence=0.000000 | val_risk=0.000000 | val_blend=0.000000 | batches=363/44 | seconds=14.99 | lr=[0.001] | cuda_peak_mb=355.9
[2026-09-09 21:32:17] INFO Val horizons | 15min_mae=1.598780 15min_rmse=3.259043 15min_mape=3.400705 | 30min_mae=2.004021 30min_rmse=4.358412 30min_mape=4.594227 | 60min_mae=2.468520 60min_rmse=5.487884 60min_mape=6.053994
[2026-09-09 21:32:17] INFO Checkpoint updated | epoch=6 | stage=standard | best_val_mae=1.961881 | path=C:\Users\clw\projects\researchRep\STAnchor-BlockMemory\artifacts\cross_dataset_final\pems04_baseonly_stgcn_seed42\downstream_best.pt
[2026-09-09 21:32:32] INFO Epoch 007 | stage=standard | train_total=1.661102 | train_forecast=1.661102 | train_confidence=0.000000 | train_risk=0.000000 | train_blend=0.000000 | val_total=1.928590 | val_mae=1.934787 | val_rmse=4.311319 | val_mape=4.529145 | val_confidence=0.000000 | val_risk=0.000000 | val_blend=0.000000 | batches=363/44 | seconds=15.03 | lr=[0.001] | cuda_peak_mb=355.9
[2026-09-09 21:32:32] INFO Val horizons | 15min_mae=1.580382 15min_rmse=3.243069 15min_mape=3.359527 | 30min_mae=1.972206 30min_rmse=4.309453 30min_mape=4.556712 | 60min_mae=2.432498 60min_rmse=5.461274 60min_mape=6.111256
[2026-09-09 21:32:32] INFO Checkpoint updated | epoch=7 | stage=standard | best_val_mae=1.934787 | path=C:\Users\clw\projects\researchRep\STAnchor-BlockMemory\artifacts\cross_dataset_final\pems04_baseonly_stgcn_seed42\downstream_best.pt
[2026-09-09 21:32:47] INFO Epoch 008 | stage=standard | train_total=1.645758 | train_forecast=1.645758 | train_confidence=0.000000 | train_risk=0.000000 | train_blend=0.000000 | val_total=1.915680 | val_mae=1.921948 | val_rmse=4.274576 | val_mape=4.410936 | val_confidence=0.000000 | val_risk=0.000000 | val_blend=0.000000 | batches=363/44 | seconds=15.04 | lr=[0.001] | cuda_peak_mb=355.9
[2026-09-09 21:32:47] INFO Val horizons | 15min_mae=1.567235 15min_rmse=3.230090 15min_mape=3.321003 | 30min_mae=1.963576 30min_rmse=4.294831 30min_mape=4.460055 | 60min_mae=2.417615 60min_rmse=5.381617 60min_mape=5.888363
[2026-09-09 21:32:47] INFO Checkpoint updated | epoch=8 | stage=standard | best_val_mae=1.921948 | path=C:\Users\clw\projects\researchRep\STAnchor-BlockMemory\artifacts\cross_dataset_final\pems04_baseonly_stgcn_seed42\downstream_best.pt
[2026-09-09 21:33:02] INFO Epoch 009 | stage=standard | train_total=1.633914 | train_forecast=1.633914 | train_confidence=0.000000 | train_risk=0.000000 | train_blend=0.000000 | val_total=1.903718 | val_mae=1.909756 | val_rmse=4.277542 | val_mape=4.387932 | val_confidence=0.000000 | val_risk=0.000000 | val_blend=0.000000 | batches=363/44 | seconds=15.00 | lr=[0.001] | cuda_peak_mb=355.9
[2026-09-09 21:33:02] INFO Val horizons | 15min_mae=1.565354 15min_rmse=3.245049 15min_mape=3.319156 | 30min_mae=1.950667 30min_rmse=4.305090 30min_mape=4.438657 | 60min_mae=2.400748 60min_rmse=5.382703 60min_mape=5.868774
[2026-09-09 21:33:02] INFO Checkpoint updated | epoch=9 | stage=standard | best_val_mae=1.909756 | path=C:\Users\clw\projects\researchRep\STAnchor-BlockMemory\artifacts\cross_dataset_final\pems04_baseonly_stgcn_seed42\downstream_best.pt
[2026-09-09 21:33:17] INFO Epoch 010 | stage=standard | train_total=1.621698 | train_forecast=1.621698 | train_confidence=0.000000 | train_risk=0.000000 | train_blend=0.000000 | val_total=1.906812 | val_mae=1.912950 | val_rmse=4.260284 | val_mape=4.357648 | val_confidence=0.000000 | val_risk=0.000000 | val_blend=0.000000 | batches=363/44 | seconds=15.01 | lr=[0.001] | cuda_peak_mb=355.9
[2026-09-09 21:33:17] INFO Val horizons | 15min_mae=1.577856 15min_rmse=3.250822 15min_mape=3.320504 | 30min_mae=1.955071 30min_rmse=4.292864 30min_mape=4.402132 | 60min_mae=2.386363 60min_rmse=5.343694 60min_mape=5.775216
[2026-09-09 21:33:32] INFO Epoch 011 | stage=standard | train_total=1.609870 | train_forecast=1.609870 | train_confidence=0.000000 | train_risk=0.000000 | train_blend=0.000000 | val_total=1.887543 | val_mae=1.893439 | val_rmse=4.199697 | val_mape=4.414438 | val_confidence=0.000000 | val_risk=0.000000 | val_blend=0.000000 | batches=363/44 | seconds=15.02 | lr=[0.00095] | cuda_peak_mb=355.9
[2026-09-09 21:33:32] INFO Val horizons | 15min_mae=1.583144 15min_rmse=3.241469 15min_mape=3.402811 | 30min_mae=1.940817 30min_rmse=4.237881 30min_mape=4.481155 | 60min_mae=2.326934 60min_rmse=5.223019 60min_mape=5.763318
[2026-09-09 21:33:32] INFO Checkpoint updated | epoch=11 | stage=standard | best_val_mae=1.893439 | path=C:\Users\clw\projects\researchRep\STAnchor-BlockMemory\artifacts\cross_dataset_final\pems04_baseonly_stgcn_seed42\downstream_best.pt
[2026-09-09 21:33:47] INFO Epoch 012 | stage=standard | train_total=1.602547 | train_forecast=1.602547 | train_confidence=0.000000 | train_risk=0.000000 | train_blend=0.000000 | val_total=1.895390 | val_mae=1.901216 | val_rmse=4.157792 | val_mape=4.309039 | val_confidence=0.000000 | val_risk=0.000000 | val_blend=0.000000 | batches=363/44 | seconds=14.96 | lr=[0.00095] | cuda_peak_mb=355.9
[2026-09-09 21:33:47] INFO Val horizons | 15min_mae=1.572519 15min_rmse=3.192903 15min_mape=3.314591 | 30min_mae=1.942595 30min_rmse=4.196148 30min_mape=4.380970 | 60min_mae=2.357483 60min_rmse=5.178508 60min_mape=5.645541
[2026-09-09 21:34:02] INFO Epoch 013 | stage=standard | train_total=1.594967 | train_forecast=1.594967 | train_confidence=0.000000 | train_risk=0.000000 | train_blend=0.000000 | val_total=1.886857 | val_mae=1.892710 | val_rmse=4.179163 | val_mape=4.346670 | val_confidence=0.000000 | val_risk=0.000000 | val_blend=0.000000 | batches=363/44 | seconds=15.00 | lr=[0.00095] | cuda_peak_mb=355.9
[2026-09-09 21:34:02] INFO Val horizons | 15min_mae=1.597015 15min_rmse=3.255395 15min_mape=3.398737 | 30min_mae=1.945227 30min_rmse=4.233817 30min_mape=4.430686 | 60min_mae=2.307442 60min_rmse=5.173391 60min_mape=5.626655
[2026-09-09 21:34:02] INFO Checkpoint updated | epoch=13 | stage=standard | best_val_mae=1.892710 | path=C:\Users\clw\projects\researchRep\STAnchor-BlockMemory\artifacts\cross_dataset_final\pems04_baseonly_stgcn_seed42\downstream_best.pt
[2026-09-09 21:34:17] INFO Epoch 014 | stage=standard | train_total=1.587929 | train_forecast=1.587929 | train_confidence=0.000000 | train_risk=0.000000 | train_blend=0.000000 | val_total=1.908778 | val_mae=1.914920 | val_rmse=4.223464 | val_mape=4.401786 | val_confidence=0.000000 | val_risk=0.000000 | val_blend=0.000000 | batches=363/44 | seconds=14.98 | lr=[0.00095] | cuda_peak_mb=355.9
[2026-09-09 21:34:17] INFO Val horizons | 15min_mae=1.623770 15min_rmse=3.325755 15min_mape=3.505729 | 30min_mae=1.962008 30min_rmse=4.279283 30min_mape=4.462692 | 60min_mae=2.322837 60min_rmse=5.190402 60min_mape=5.602941
[2026-09-09 21:34:32] INFO Epoch 015 | stage=standard | train_total=1.580544 | train_forecast=1.580544 | train_confidence=0.000000 | train_risk=0.000000 | train_blend=0.000000 | val_total=1.864275 | val_mae=1.870005 | val_rmse=4.104004 | val_mape=4.261467 | val_confidence=0.000000 | val_risk=0.000000 | val_blend=0.000000 | batches=363/44 | seconds=14.99 | lr=[0.00095] | cuda_peak_mb=355.9
[2026-09-09 21:34:32] INFO Val horizons | 15min_mae=1.565568 15min_rmse=3.181264 15min_mape=3.300228 | 30min_mae=1.923304 30min_rmse=4.157897 30min_mape=4.358628 | 60min_mae=2.297856 60min_rmse=5.091776 60min_mape=5.539047
[2026-09-09 21:34:32] INFO Checkpoint updated | epoch=15 | stage=standard | best_val_mae=1.870005 | path=C:\Users\clw\projects\researchRep\STAnchor-BlockMemory\artifacts\cross_dataset_final\pems04_baseonly_stgcn_seed42\downstream_best.pt
[2026-09-09 21:34:47] INFO Epoch 016 | stage=standard | train_total=1.574607 | train_forecast=1.574607 | train_confidence=0.000000 | train_risk=0.000000 | train_blend=0.000000 | val_total=1.854116 | val_mae=1.859753 | val_rmse=4.120203 | val_mape=4.341032 | val_confidence=0.000000 | val_risk=0.000000 | val_blend=0.000000 | batches=363/44 | seconds=15.00 | lr=[0.00095] | cuda_peak_mb=355.9
[2026-09-09 21:34:47] INFO Val horizons | 15min_mae=1.563572 15min_rmse=3.200115 15min_mape=3.345530 | 30min_mae=1.913661 30min_rmse=4.172923 30min_mape=4.422763 | 60min_mae=2.269107 60min_rmse=5.098887 60min_mape=5.649505
[2026-09-09 21:34:47] INFO Checkpoint updated | epoch=16 | stage=standard | best_val_mae=1.859753 | path=C:\Users\clw\projects\researchRep\STAnchor-BlockMemory\artifacts\cross_dataset_final\pems04_baseonly_stgcn_seed42\downstream_best.pt
[2026-09-09 21:35:02] INFO Epoch 017 | stage=standard | train_total=1.568127 | train_forecast=1.568127 | train_confidence=0.000000 | train_risk=0.000000 | train_blend=0.000000 | val_total=1.849229 | val_mae=1.855118 | val_rmse=4.116336 | val_mape=4.226196 | val_confidence=0.000000 | val_risk=0.000000 | val_blend=0.000000 | batches=363/44 | seconds=15.04 | lr=[0.00095] | cuda_peak_mb=355.9
[2026-09-09 21:35:02] INFO Val horizons | 15min_mae=1.550826 15min_rmse=3.199500 15min_mape=3.292307 | 30min_mae=1.906962 30min_rmse=4.169943 30min_mape=4.323417 | 60min_mae=2.291542 60min_rmse=5.119932 60min_mape=5.490110
[2026-09-09 21:35:02] INFO Checkpoint updated | epoch=17 | stage=standard | best_val_mae=1.855118 | path=C:\Users\clw\projects\researchRep\STAnchor-BlockMemory\artifacts\cross_dataset_final\pems04_baseonly_stgcn_seed42\downstream_best.pt
[2026-09-09 21:35:17] INFO Epoch 018 | stage=standard | train_total=1.561475 | train_forecast=1.561475 | train_confidence=0.000000 | train_risk=0.000000 | train_blend=0.000000 | val_total=1.866673 | val_mae=1.872270 | val_rmse=4.153551 | val_mape=4.251370 | val_confidence=0.000000 | val_risk=0.000000 | val_blend=0.000000 | batches=363/44 | seconds=15.02 | lr=[0.00095] | cuda_peak_mb=355.9
[2026-09-09 21:35:17] INFO Val horizons | 15min_mae=1.567515 15min_rmse=3.220344 15min_mape=3.316320 | 30min_mae=1.921364 30min_rmse=4.203299 30min_mape=4.339806 | 60min_mae=2.310537 60min_rmse=5.170416 60min_mape=5.520781
[2026-09-09 21:35:32] INFO Epoch 019 | stage=standard | train_total=1.559183 | train_forecast=1.559183 | train_confidence=0.000000 | train_risk=0.000000 | train_blend=0.000000 | val_total=1.822721 | val_mae=1.828353 | val_rmse=4.049520 | val_mape=4.196317 | val_confidence=0.000000 | val_risk=0.000000 | val_blend=0.000000 | batches=363/44 | seconds=15.02 | lr=[0.00095] | cuda_peak_mb=355.9
[2026-09-09 21:35:32] INFO Val horizons | 15min_mae=1.534192 15min_rmse=3.146219 15min_mape=3.262744 | 30min_mae=1.881895 30min_rmse=4.104668 30min_mape=4.297547 | 60min_mae=2.246823 60min_rmse=5.024701 60min_mape=5.454676
[2026-09-09 21:35:32] INFO Checkpoint updated | epoch=19 | stage=standard | best_val_mae=1.828353 | path=C:\Users\clw\projects\researchRep\STAnchor-BlockMemory\artifacts\cross_dataset_final\pems04_baseonly_stgcn_seed42\downstream_best.pt
[2026-09-09 21:35:47] INFO Epoch 020 | stage=standard | train_total=1.554819 | train_forecast=1.554819 | train_confidence=0.000000 | train_risk=0.000000 | train_blend=0.000000 | val_total=1.860418 | val_mae=1.866106 | val_rmse=4.149271 | val_mape=4.230802 | val_confidence=0.000000 | val_risk=0.000000 | val_blend=0.000000 | batches=363/44 | seconds=15.03 | lr=[0.00095] | cuda_peak_mb=355.9
[2026-09-09 21:35:47] INFO Val horizons | 15min_mae=1.566182 15min_rmse=3.247208 15min_mape=3.329323 | 30min_mae=1.916188 30min_rmse=4.209537 30min_mape=4.307568 | 60min_mae=2.291124 60min_rmse=5.132912 60min_mape=5.448839
[2026-09-09 21:36:02] INFO Epoch 021 | stage=standard | train_total=1.545636 | train_forecast=1.545636 | train_confidence=0.000000 | train_risk=0.000000 | train_blend=0.000000 | val_total=1.829880 | val_mae=1.835230 | val_rmse=4.060826 | val_mape=4.281070 | val_confidence=0.000000 | val_risk=0.000000 | val_blend=0.000000 | batches=363/44 | seconds=14.99 | lr=[0.0009025] | cuda_peak_mb=355.9
[2026-09-09 21:36:02] INFO Val horizons | 15min_mae=1.551987 15min_rmse=3.160989 15min_mape=3.335072 | 30min_mae=1.894483 30min_rmse=4.127405 30min_mape=4.403486 | 60min_mae=2.223030 60min_rmse=4.999374 60min_mape=5.497793
[2026-09-09 21:36:17] INFO Epoch 022 | stage=standard | train_total=1.542637 | train_forecast=1.542637 | train_confidence=0.000000 | train_risk=0.000000 | train_blend=0.000000 | val_total=1.843206 | val_mae=1.848302 | val_rmse=4.082611 | val_mape=4.266639 | val_confidence=0.000000 | val_risk=0.000000 | val_blend=0.000000 | batches=363/44 | seconds=14.99 | lr=[0.0009025] | cuda_peak_mb=355.9
[2026-09-09 21:36:17] INFO Val horizons | 15min_mae=1.560425 15min_rmse=3.185107 15min_mape=3.308224 | 30min_mae=1.908135 30min_rmse=4.139750 30min_mape=4.374206 | 60min_mae=2.249567 60min_rmse=5.044285 60min_mape=5.515322
[2026-09-09 21:36:32] INFO Epoch 023 | stage=standard | train_total=1.540222 | train_forecast=1.540222 | train_confidence=0.000000 | train_risk=0.000000 | train_blend=0.000000 | val_total=1.827595 | val_mae=1.833153 | val_rmse=4.063714 | val_mape=4.133625 | val_confidence=0.000000 | val_risk=0.000000 | val_blend=0.000000 | batches=363/44 | seconds=15.00 | lr=[0.0009025] | cuda_peak_mb=355.9
[2026-09-09 21:36:32] INFO Val horizons | 15min_mae=1.543975 15min_rmse=3.182851 15min_mape=3.242002 | 30min_mae=1.889731 30min_rmse=4.127534 30min_mape=4.234699 | 60min_mae=2.245357 60min_rmse=5.025538 60min_mape=5.333905
[2026-09-09 21:36:47] INFO Epoch 024 | stage=standard | train_total=1.532150 | train_forecast=1.532150 | train_confidence=0.000000 | train_risk=0.000000 | train_blend=0.000000 | val_total=1.813430 | val_mae=1.818919 | val_rmse=4.052669 | val_mape=4.295212 | val_confidence=0.000000 | val_risk=0.000000 | val_blend=0.000000 | batches=363/44 | seconds=15.02 | lr=[0.0009025] | cuda_peak_mb=355.9
[2026-09-09 21:36:47] INFO Val horizons | 15min_mae=1.527928 15min_rmse=3.130544 15min_mape=3.304821 | 30min_mae=1.879024 30min_rmse=4.113510 30min_mape=4.420933 | 60min_mae=2.219001 60min_rmse=5.005514 60min_mape=5.569319
[2026-09-09 21:36:47] INFO Checkpoint updated | epoch=24 | stage=standard | best_val_mae=1.818919 | path=C:\Users\clw\projects\researchRep\STAnchor-BlockMemory\artifacts\cross_dataset_final\pems04_baseonly_stgcn_seed42\downstream_best.pt
[2026-09-09 21:37:02] INFO Epoch 025 | stage=standard | train_total=1.531387 | train_forecast=1.531387 | train_confidence=0.000000 | train_risk=0.000000 | train_blend=0.000000 | val_total=1.844127 | val_mae=1.849782 | val_rmse=4.093235 | val_mape=4.185382 | val_confidence=0.000000 | val_risk=0.000000 | val_blend=0.000000 | batches=363/44 | seconds=15.00 | lr=[0.0009025] | cuda_peak_mb=355.9
[2026-09-09 21:37:02] INFO Val horizons | 15min_mae=1.562484 15min_rmse=3.224440 15min_mape=3.310532 | 30min_mae=1.904618 30min_rmse=4.160986 30min_mape=4.284826 | 60min_mae=2.250373 60min_rmse=5.032822 60min_mape=5.331108
[2026-09-09 21:37:17] INFO Epoch 026 | stage=standard | train_total=1.531175 | train_forecast=1.531175 | train_confidence=0.000000 | train_risk=0.000000 | train_blend=0.000000 | val_total=1.819625 | val_mae=1.825070 | val_rmse=3.992790 | val_mape=4.139908 | val_confidence=0.000000 | val_risk=0.000000 | val_blend=0.000000 | batches=363/44 | seconds=14.98 | lr=[0.0009025] | cuda_peak_mb=355.9
[2026-09-09 21:37:17] INFO Val horizons | 15min_mae=1.537597 15min_rmse=3.116456 15min_mape=3.248341 | 30min_mae=1.887260 30min_rmse=4.062811 30min_mape=4.266674 | 60min_mae=2.219488 60min_rmse=4.911756 60min_mape=5.294494
[2026-09-09 21:37:32] INFO Epoch 027 | stage=standard | train_total=1.527829 | train_forecast=1.527829 | train_confidence=0.000000 | train_risk=0.000000 | train_blend=0.000000 | val_total=1.787385 | val_mae=1.792910 | val_rmse=3.992396 | val_mape=4.117472 | val_confidence=0.000000 | val_risk=0.000000 | val_blend=0.000000 | batches=363/44 | seconds=15.07 | lr=[0.0009025] | cuda_peak_mb=355.9
[2026-09-09 21:37:32] INFO Val horizons | 15min_mae=1.514256 15min_rmse=3.114246 15min_mape=3.201383 | 30min_mae=1.854487 30min_rmse=4.056158 30min_mape=4.239994 | 60min_mae=2.174911 60min_rmse=4.913067 60min_mape=5.294377
[2026-09-09 21:37:32] INFO Checkpoint updated | epoch=27 | stage=standard | best_val_mae=1.792910 | path=C:\Users\clw\projects\researchRep\STAnchor-BlockMemory\artifacts\cross_dataset_final\pems04_baseonly_stgcn_seed42\downstream_best.pt
[2026-09-09 21:37:47] INFO Epoch 028 | stage=standard | train_total=1.525634 | train_forecast=1.525634 | train_confidence=0.000000 | train_risk=0.000000 | train_blend=0.000000 | val_total=1.796546 | val_mae=1.802117 | val_rmse=4.023965 | val_mape=4.063955 | val_confidence=0.000000 | val_risk=0.000000 | val_blend=0.000000 | batches=363/44 | seconds=14.97 | lr=[0.0009025] | cuda_peak_mb=355.9
[2026-09-09 21:37:47] INFO Val horizons | 15min_mae=1.517369 15min_rmse=3.142336 15min_mape=3.181541 | 30min_mae=1.858094 30min_rmse=4.082909 30min_mape=4.167533 | 60min_mae=2.203986 60min_rmse=4.974388 60min_mape=5.246613
[2026-09-09 21:38:02] INFO Epoch 029 | stage=standard | train_total=1.521755 | train_forecast=1.521755 | train_confidence=0.000000 | train_risk=0.000000 | train_blend=0.000000 | val_total=1.799797 | val_mae=1.805256 | val_rmse=4.041035 | val_mape=4.209251 | val_confidence=0.000000 | val_risk=0.000000 | val_blend=0.000000 | batches=363/44 | seconds=15.03 | lr=[0.0009025] | cuda_peak_mb=355.9
[2026-09-09 21:38:02] INFO Val horizons | 15min_mae=1.521206 15min_rmse=3.133019 15min_mape=3.250966 | 30min_mae=1.864615 30min_rmse=4.104702 30min_mape=4.345941 | 60min_mae=2.197871 60min_rmse=4.982880 60min_mape=5.425422
[2026-09-09 21:38:17] INFO Epoch 030 | stage=standard | train_total=1.517934 | train_forecast=1.517934 | train_confidence=0.000000 | train_risk=0.000000 | train_blend=0.000000 | val_total=1.827488 | val_mae=1.833063 | val_rmse=4.039897 | val_mape=4.119525 | val_confidence=0.000000 | val_risk=0.000000 | val_blend=0.000000 | batches=363/44 | seconds=15.12 | lr=[0.0009025] | cuda_peak_mb=355.9
[2026-09-09 21:38:17] INFO Val horizons | 15min_mae=1.545709 15min_rmse=3.168099 15min_mape=3.249130 | 30min_mae=1.893214 30min_rmse=4.106567 30min_mape=4.248224 | 60min_mae=2.224280 60min_rmse=4.969301 60min_mape=5.226543
[2026-09-09 21:38:32] INFO Epoch 031 | stage=standard | train_total=1.512868 | train_forecast=1.512868 | train_confidence=0.000000 | train_risk=0.000000 | train_blend=0.000000 | val_total=1.812924 | val_mae=1.818568 | val_rmse=4.009706 | val_mape=4.086832 | val_confidence=0.000000 | val_risk=0.000000 | val_blend=0.000000 | batches=363/44 | seconds=14.99 | lr=[0.000857375] | cuda_peak_mb=355.9
[2026-09-09 21:38:32] INFO Val horizons | 15min_mae=1.539311 15min_rmse=3.144463 15min_mape=3.234691 | 30min_mae=1.873257 30min_rmse=4.070823 30min_mape=4.196191 | 60min_mae=2.212569 60min_rmse=4.941671 60min_mape=5.207344
[2026-09-09 21:38:47] INFO Epoch 032 | stage=standard | train_total=1.512321 | train_forecast=1.512321 | train_confidence=0.000000 | train_risk=0.000000 | train_blend=0.000000 | val_total=1.818941 | val_mae=1.824530 | val_rmse=4.066742 | val_mape=4.066664 | val_confidence=0.000000 | val_risk=0.000000 | val_blend=0.000000 | batches=363/44 | seconds=15.01 | lr=[0.000857375] | cuda_peak_mb=355.9
[2026-09-09 21:38:47] INFO Val horizons | 15min_mae=1.531508 15min_rmse=3.179282 15min_mape=3.206263 | 30min_mae=1.877545 30min_rmse=4.127305 30min_mape=4.177342 | 60min_mae=2.243944 60min_rmse=5.033113 60min_mape=5.219726
[2026-09-09 21:39:03] INFO Epoch 033 | stage=standard | train_total=1.510206 | train_forecast=1.510206 | train_confidence=0.000000 | train_risk=0.000000 | train_blend=0.000000 | val_total=1.791630 | val_mae=1.797179 | val_rmse=4.002674 | val_mape=4.067885 | val_confidence=0.000000 | val_risk=0.000000 | val_blend=0.000000 | batches=363/44 | seconds=15.09 | lr=[0.000857375] | cuda_peak_mb=355.9
[2026-09-09 21:39:03] INFO Val horizons | 15min_mae=1.515210 15min_rmse=3.125827 15min_mape=3.193401 | 30min_mae=1.851558 30min_rmse=4.060621 30min_mape=4.186567 | 60min_mae=2.203657 60min_rmse=4.955301 60min_mape=5.226697
[2026-09-09 21:39:18] INFO Epoch 034 | stage=standard | train_total=1.508258 | train_forecast=1.508258 | train_confidence=0.000000 | train_risk=0.000000 | train_blend=0.000000 | val_total=1.812861 | val_mae=1.818197 | val_rmse=4.011187 | val_mape=4.157348 | val_confidence=0.000000 | val_risk=0.000000 | val_blend=0.000000 | batches=363/44 | seconds=14.96 | lr=[0.000857375] | cuda_peak_mb=355.9
[2026-09-09 21:39:18] INFO Val horizons | 15min_mae=1.545261 15min_rmse=3.141702 15min_mape=3.247410 | 30min_mae=1.876405 30min_rmse=4.069322 30min_mape=4.275454 | 60min_mae=2.202374 60min_rmse=4.933004 60min_mape=5.331127
[2026-09-09 21:39:33] INFO Epoch 035 | stage=standard | train_total=1.508228 | train_forecast=1.508228 | train_confidence=0.000000 | train_risk=0.000000 | train_blend=0.000000 | val_total=1.794434 | val_mae=1.799853 | val_rmse=4.025754 | val_mape=4.116312 | val_confidence=0.000000 | val_risk=0.000000 | val_blend=0.000000 | batches=363/44 | seconds=15.01 | lr=[0.000857375] | cuda_peak_mb=355.9
[2026-09-09 21:39:33] INFO Val horizons | 15min_mae=1.526005 15min_rmse=3.165040 15min_mape=3.226770 | 30min_mae=1.854582 30min_rmse=4.086604 30min_mape=4.226914 | 60min_mae=2.189670 60min_rmse=4.957614 60min_mape=5.280840
[2026-09-09 21:39:48] INFO Epoch 036 | stage=standard | train_total=1.504898 | train_forecast=1.504898 | train_confidence=0.000000 | train_risk=0.000000 | train_blend=0.000000 | val_total=1.794904 | val_mae=1.800516 | val_rmse=4.005484 | val_mape=4.058963 | val_confidence=0.000000 | val_risk=0.000000 | val_blend=0.000000 | batches=363/44 | seconds=15.01 | lr=[0.000857375] | cuda_peak_mb=355.9
[2026-09-09 21:39:48] INFO Val horizons | 15min_mae=1.522517 15min_rmse=3.132738 15min_mape=3.185110 | 30min_mae=1.857022 30min_rmse=4.062403 30min_mape=4.169713 | 60min_mae=2.200489 60min_rmse=4.958180 60min_mape=5.240668
[2026-09-09 21:40:03] INFO Epoch 037 | stage=standard | train_total=1.501992 | train_forecast=1.501992 | train_confidence=0.000000 | train_risk=0.000000 | train_blend=0.000000 | val_total=1.819565 | val_mae=1.825096 | val_rmse=4.024101 | val_mape=4.064156 | val_confidence=0.000000 | val_risk=0.000000 | val_blend=0.000000 | batches=363/44 | seconds=15.01 | lr=[0.000857375] | cuda_peak_mb=355.9
[2026-09-09 21:40:03] INFO Val horizons | 15min_mae=1.551895 15min_rmse=3.172287 15min_mape=3.244690 | 30min_mae=1.876397 30min_rmse=4.082451 30min_mape=4.162134 | 60min_mae=2.212284 60min_rmse=4.950416 60min_mape=5.157103
[2026-09-09 21:40:18] INFO Epoch 038 | stage=standard | train_total=1.502193 | train_forecast=1.502193 | train_confidence=0.000000 | train_risk=0.000000 | train_blend=0.000000 | val_total=1.808297 | val_mae=1.813717 | val_rmse=3.997124 | val_mape=4.081595 | val_confidence=0.000000 | val_risk=0.000000 | val_blend=0.000000 | batches=363/44 | seconds=14.98 | lr=[0.000857375] | cuda_peak_mb=355.9
[2026-09-09 21:40:18] INFO Val horizons | 15min_mae=1.543569 15min_rmse=3.158450 15min_mape=3.263609 | 30min_mae=1.869499 30min_rmse=4.061755 30min_mape=4.192215 | 60min_mae=2.198036 60min_rmse=4.905113 60min_mape=5.169001
[2026-09-09 21:40:33] INFO Epoch 039 | stage=standard | train_total=1.501214 | train_forecast=1.501214 | train_confidence=0.000000 | train_risk=0.000000 | train_blend=0.000000 | val_total=1.809294 | val_mae=1.814679 | val_rmse=4.015759 | val_mape=4.097143 | val_confidence=0.000000 | val_risk=0.000000 | val_blend=0.000000 | batches=363/44 | seconds=15.00 | lr=[0.000857375] | cuda_peak_mb=355.9
[2026-09-09 21:40:33] INFO Val horizons | 15min_mae=1.535553 15min_rmse=3.148785 15min_mape=3.248472 | 30min_mae=1.867339 30min_rmse=4.069940 30min_mape=4.212041 | 60min_mae=2.214778 60min_rmse=4.962681 60min_mape=5.221860
[2026-09-09 21:40:48] INFO Epoch 040 | stage=standard | train_total=1.497839 | train_forecast=1.497839 | train_confidence=0.000000 | train_risk=0.000000 | train_blend=0.000000 | val_total=1.800530 | val_mae=1.805763 | val_rmse=4.014816 | val_mape=4.077526 | val_confidence=0.000000 | val_risk=0.000000 | val_blend=0.000000 | batches=363/44 | seconds=14.97 | lr=[0.000857375] | cuda_peak_mb=355.9
[2026-09-09 21:40:48] INFO Val horizons | 15min_mae=1.525083 15min_rmse=3.148599 15min_mape=3.207611 | 30min_mae=1.858106 30min_rmse=4.073313 30min_mape=4.192478 | 60min_mae=2.209770 60min_rmse=4.957427 60min_mape=5.229090
[2026-09-09 21:41:03] INFO Epoch 041 | stage=standard | train_total=1.494706 | train_forecast=1.494706 | train_confidence=0.000000 | train_risk=0.000000 | train_blend=0.000000 | val_total=1.776854 | val_mae=1.782365 | val_rmse=3.980138 | val_mape=4.031076 | val_confidence=0.000000 | val_risk=0.000000 | val_blend=0.000000 | batches=363/44 | seconds=15.03 | lr=[0.0008145062499999999] | cuda_peak_mb=355.9
[2026-09-09 21:41:03] INFO Val horizons | 15min_mae=1.510425 15min_rmse=3.121781 15min_mape=3.190240 | 30min_mae=1.838180 30min_rmse=4.044503 30min_mape=4.153767 | 60min_mae=2.169145 60min_rmse=4.900522 60min_mape=5.136534
[2026-09-09 21:41:03] INFO Checkpoint updated | epoch=41 | stage=standard | best_val_mae=1.782365 | path=C:\Users\clw\projects\researchRep\STAnchor-BlockMemory\artifacts\cross_dataset_final\pems04_baseonly_stgcn_seed42\downstream_best.pt
[2026-09-09 21:41:18] INFO Epoch 042 | stage=standard | train_total=1.492040 | train_forecast=1.492040 | train_confidence=0.000000 | train_risk=0.000000 | train_blend=0.000000 | val_total=1.834253 | val_mae=1.839873 | val_rmse=4.062022 | val_mape=4.146496 | val_confidence=0.000000 | val_risk=0.000000 | val_blend=0.000000 | batches=363/44 | seconds=15.01 | lr=[0.0008145062499999999] | cuda_peak_mb=355.9
[2026-09-09 21:41:18] INFO Val horizons | 15min_mae=1.566348 15min_rmse=3.219390 15min_mape=3.322566 | 30min_mae=1.894072 30min_rmse=4.125820 30min_mape=4.258198 | 60min_mae=2.225917 60min_rmse=4.977960 60min_mape=5.223408
[2026-09-09 21:41:33] INFO Epoch 043 | stage=standard | train_total=1.491207 | train_forecast=1.491207 | train_confidence=0.000000 | train_risk=0.000000 | train_blend=0.000000 | val_total=1.793982 | val_mae=1.799244 | val_rmse=4.019568 | val_mape=4.119954 | val_confidence=0.000000 | val_risk=0.000000 | val_blend=0.000000 | batches=363/44 | seconds=14.97 | lr=[0.0008145062499999999] | cuda_peak_mb=355.9
[2026-09-09 21:41:33] INFO Val horizons | 15min_mae=1.521813 15min_rmse=3.127049 15min_mape=3.220173 | 30min_mae=1.857079 30min_rmse=4.075380 30min_mape=4.252827 | 60min_mae=2.187748 60min_rmse=4.960106 60min_mape=5.273269
[2026-09-09 21:41:48] INFO Epoch 044 | stage=standard | train_total=1.492713 | train_forecast=1.492713 | train_confidence=0.000000 | train_risk=0.000000 | train_blend=0.000000 | val_total=1.822581 | val_mae=1.828346 | val_rmse=4.047655 | val_mape=4.088305 | val_confidence=0.000000 | val_risk=0.000000 | val_blend=0.000000 | batches=363/44 | seconds=15.00 | lr=[0.0008145062499999999] | cuda_peak_mb=355.9
[2026-09-09 21:41:48] INFO Val horizons | 15min_mae=1.535231 15min_rmse=3.150173 15min_mape=3.240090 | 30min_mae=1.883250 30min_rmse=4.106758 30min_mape=4.217924 | 60min_mae=2.246574 60min_rmse=5.004859 60min_mape=5.205446
[2026-09-09 21:42:03] INFO Epoch 045 | stage=standard | train_total=1.489938 | train_forecast=1.489938 | train_confidence=0.000000 | train_risk=0.000000 | train_blend=0.000000 | val_total=1.809668 | val_mae=1.815154 | val_rmse=4.009151 | val_mape=4.090132 | val_confidence=0.000000 | val_risk=0.000000 | val_blend=0.000000 | batches=363/44 | seconds=15.02 | lr=[0.0008145062499999999] | cuda_peak_mb=355.9
[2026-09-09 21:42:03] INFO Val horizons | 15min_mae=1.542240 15min_rmse=3.165912 15min_mape=3.244705 | 30min_mae=1.869911 30min_rmse=4.075288 30min_mape=4.205373 | 60min_mae=2.198696 60min_rmse=4.917026 60min_mape=5.193178
[2026-09-09 21:42:18] INFO Epoch 046 | stage=standard | train_total=1.486992 | train_forecast=1.486992 | train_confidence=0.000000 | train_risk=0.000000 | train_blend=0.000000 | val_total=1.794119 | val_mae=1.799452 | val_rmse=4.013888 | val_mape=4.042694 | val_confidence=0.000000 | val_risk=0.000000 | val_blend=0.000000 | batches=363/44 | seconds=14.97 | lr=[0.0008145062499999999] | cuda_peak_mb=355.9
[2026-09-09 21:42:18] INFO Val horizons | 15min_mae=1.518641 15min_rmse=3.139336 15min_mape=3.183841 | 30min_mae=1.853089 30min_rmse=4.071528 30min_mape=4.158543 | 60min_mae=2.203170 60min_rmse=4.963152 60min_mape=5.186481
[2026-09-09 21:42:33] INFO Epoch 047 | stage=standard | train_total=1.488591 | train_forecast=1.488591 | train_confidence=0.000000 | train_risk=0.000000 | train_blend=0.000000 | val_total=1.829285 | val_mae=1.834786 | val_rmse=4.062307 | val_mape=4.134523 | val_confidence=0.000000 | val_risk=0.000000 | val_blend=0.000000 | batches=363/44 | seconds=15.01 | lr=[0.0008145062499999999] | cuda_peak_mb=355.9
[2026-09-09 21:42:33] INFO Val horizons | 15min_mae=1.553493 15min_rmse=3.181989 15min_mape=3.297313 | 30min_mae=1.888212 30min_rmse=4.121756 30min_mape=4.257412 | 60min_mae=2.237184 60min_rmse=5.010385 60min_mape=5.247550
[2026-09-09 21:42:48] INFO Epoch 048 | stage=standard | train_total=1.488070 | train_forecast=1.488070 | train_confidence=0.000000 | train_risk=0.000000 | train_blend=0.000000 | val_total=1.790047 | val_mae=1.795608 | val_rmse=4.013193 | val_mape=4.052366 | val_confidence=0.000000 | val_risk=0.000000 | val_blend=0.000000 | batches=363/44 | seconds=14.99 | lr=[0.0008145062499999999] | cuda_peak_mb=355.9
[2026-09-09 21:42:48] INFO Val horizons | 15min_mae=1.516931 15min_rmse=3.130259 15min_mape=3.188076 | 30min_mae=1.851259 30min_rmse=4.065599 30min_mape=4.173093 | 60min_mae=2.192206 60min_rmse=4.969507 60min_mape=5.188988
[2026-09-09 21:43:03] INFO Epoch 049 | stage=standard | train_total=1.484843 | train_forecast=1.484843 | train_confidence=0.000000 | train_risk=0.000000 | train_blend=0.000000 | val_total=1.776451 | val_mae=1.781938 | val_rmse=3.995841 | val_mape=4.081856 | val_confidence=0.000000 | val_risk=0.000000 | val_blend=0.000000 | batches=363/44 | seconds=14.97 | lr=[0.0008145062499999999] | cuda_peak_mb=355.9
[2026-09-09 21:43:03] INFO Val horizons | 15min_mae=1.513615 15min_rmse=3.128805 15min_mape=3.221611 | 30min_mae=1.840081 30min_rmse=4.060204 30min_mape=4.208072 | 60min_mae=2.161671 60min_rmse=4.918582 60min_mape=5.219111
[2026-09-09 21:43:03] INFO Checkpoint updated | epoch=49 | stage=standard | best_val_mae=1.781938 | path=C:\Users\clw\projects\researchRep\STAnchor-BlockMemory\artifacts\cross_dataset_final\pems04_baseonly_stgcn_seed42\downstream_best.pt
[2026-09-09 21:43:18] INFO Epoch 050 | stage=standard | train_total=1.483095 | train_forecast=1.483095 | train_confidence=0.000000 | train_risk=0.000000 | train_blend=0.000000 | val_total=1.789233 | val_mae=1.794737 | val_rmse=4.000981 | val_mape=4.059150 | val_confidence=0.000000 | val_risk=0.000000 | val_blend=0.000000 | batches=363/44 | seconds=15.04 | lr=[0.0008145062499999999] | cuda_peak_mb=355.9
[2026-09-09 21:43:18] INFO Val horizons | 15min_mae=1.532143 15min_rmse=3.160944 15min_mape=3.234764 | 30min_mae=1.854393 30min_rmse=4.071035 30min_mape=4.182412 | 60min_mae=2.166139 60min_rmse=4.905819 60min_mape=5.142226
[2026-09-09 21:43:18] INFO Downstream training finished | best_val_mae=1.781938 | checkpoint=C:\Users\clw\projects\researchRep\STAnchor-BlockMemory\artifacts\cross_dataset_final\pems04_baseonly_stgcn_seed42\downstream_best.pt
