[2026-09-12 05:25:09] INFO Downstream start | run=cross_dataset_pemsbay/pemsbay_baseonly_dcrnn_seed42 | device=cuda:0 (requested=cuda:0) | seed=42 | output=C:\Users\clw\projects\researchRep\STAnchor-BlockMemory\artifacts\cross_dataset_pemsbay\pemsbay_baseonly_dcrnn_seed42
[2026-09-12 05:25:09] INFO Mode | downstream_mode=base_only | training_protocol=staged_joint | candidate_protocol=weekday_radius1_overlap | candidate_ranking=learned_key | candidate_payload=offset_decay
[2026-09-12 05:25:09] INFO Downstream initialization | seed=42 | state_hash=147bc6e1771aa1f4
[2026-09-12 05:25:09] INFO Data | steps=52116 | nodes=325 | channels=1 | training_scope=full_train | memory/post_memory/train_selected/val/test=25327/10855/36182/4912/10125
[2026-09-12 05:25:09] INFO Bank/retrieval | disabled (base_only)
[2026-09-12 05:25:09] INFO Frozen path cache | enabled=no | candidate_ranking=learned_key | fill=first_epoch
[2026-09-12 05:25:09] INFO Parameters | downstream_total=372,621 | downstream_trainable=372,352 | backbone=372,352 | confidence_head=0 | fusion=0 | frozen_pretrained=0
[2026-09-12 05:25:09] INFO Optimization | epochs=100 | batch_size=64 | optimizer=adam | lr=0.01 | weight_decay=0 | scheduler=multi_step_lr | step_size=10 | gamma=0.100 | confidence_weight=0.000 | patience=50 | early_stopping=enabled
[2026-09-12 05:25:10] INFO Stage start | stage=standard | epochs=100 | optimizer_lrs=[0.01]
[2026-09-12 05:31:32] INFO Epoch 001 | stage=standard | train_total=1.019463 | train_forecast=1.019463 | train_confidence=0.000000 | train_risk=0.000000 | train_blend=0.000000 | val_total=2.251580 | val_mae=2.243456 | val_rmse=5.061141 | val_mape=5.700760 | val_confidence=0.000000 | val_risk=0.000000 | val_blend=0.000000 | batches=566/77 | seconds=382.14 | lr=[0.01] | cuda_peak_mb=5078.2
[2026-09-12 05:31:32] INFO Val horizons | 15min_mae=1.591689 15min_rmse=3.315248 15min_mape=3.581927 | 30min_mae=2.249162 30min_rmse=4.906647 30min_mape=5.599009 | 60min_mae=3.182185 60min_rmse=6.884280 60min_mape=8.812008
[2026-09-12 05:31:32] INFO Checkpoint updated | epoch=1 | stage=standard | best_val_mae=2.243456 | path=C:\Users\clw\projects\researchRep\STAnchor-BlockMemory\artifacts\cross_dataset_pemsbay\pemsbay_baseonly_dcrnn_seed42\downstream_best.pt
[2026-09-12 05:37:54] INFO Epoch 002 | stage=standard | train_total=0.870980 | train_forecast=0.870980 | train_confidence=0.000000 | train_risk=0.000000 | train_blend=0.000000 | val_total=2.176692 | val_mae=2.171130 | val_rmse=5.174948 | val_mape=4.902581 | val_confidence=0.000000 | val_risk=0.000000 | val_blend=0.000000 | batches=566/77 | seconds=381.85 | lr=[0.01] | cuda_peak_mb=5077.6
[2026-09-12 05:37:54] INFO Val horizons | 15min_mae=1.529181 15min_rmse=3.260809 15min_mape=3.254615 | 30min_mae=2.143876 30min_rmse=4.901595 30min_mape=4.819689 | 60min_mae=3.154587 60min_rmse=7.249723 60min_mape=7.369709
[2026-09-12 05:37:54] INFO Checkpoint updated | epoch=2 | stage=standard | best_val_mae=2.171130 | path=C:\Users\clw\projects\researchRep\STAnchor-BlockMemory\artifacts\cross_dataset_pemsbay\pemsbay_baseonly_dcrnn_seed42\downstream_best.pt
[2026-09-12 05:44:16] INFO Epoch 003 | stage=standard | train_total=0.859591 | train_forecast=0.859591 | train_confidence=0.000000 | train_risk=0.000000 | train_blend=0.000000 | val_total=2.050150 | val_mae=2.044617 | val_rmse=4.876862 | val_mape=4.741345 | val_confidence=0.000000 | val_risk=0.000000 | val_blend=0.000000 | batches=566/77 | seconds=381.82 | lr=[0.01] | cuda_peak_mb=5077.6
[2026-09-12 05:44:16] INFO Val horizons | 15min_mae=1.504602 15min_rmse=3.181227 15min_mape=3.245480 | 30min_mae=2.054814 30min_rmse=4.709281 30min_mape=4.737193 | 60min_mae=2.841972 60min_rmse=6.658154 60min_mape=6.904053
[2026-09-12 05:44:16] INFO Checkpoint updated | epoch=3 | stage=standard | best_val_mae=2.044617 | path=C:\Users\clw\projects\researchRep\STAnchor-BlockMemory\artifacts\cross_dataset_pemsbay\pemsbay_baseonly_dcrnn_seed42\downstream_best.pt
[2026-09-12 05:50:37] INFO Epoch 004 | stage=standard | train_total=0.849535 | train_forecast=0.849535 | train_confidence=0.000000 | train_risk=0.000000 | train_blend=0.000000 | val_total=2.001513 | val_mae=1.995335 | val_rmse=4.715967 | val_mape=4.824305 | val_confidence=0.000000 | val_risk=0.000000 | val_blend=0.000000 | batches=566/77 | seconds=381.67 | lr=[0.01] | cuda_peak_mb=5077.6
[2026-09-12 05:50:37] INFO Val horizons | 15min_mae=1.476048 15min_rmse=3.153405 15min_mape=3.191973 | 30min_mae=2.017642 30min_rmse=4.618217 30min_mape=4.796729 | 60min_mae=2.735076 60min_rmse=6.298111 60min_mape=7.142187
[2026-09-12 05:50:38] INFO Checkpoint updated | epoch=4 | stage=standard | best_val_mae=1.995335 | path=C:\Users\clw\projects\researchRep\STAnchor-BlockMemory\artifacts\cross_dataset_pemsbay\pemsbay_baseonly_dcrnn_seed42\downstream_best.pt
[2026-09-12 05:56:59] INFO Epoch 005 | stage=standard | train_total=0.843767 | train_forecast=0.843767 | train_confidence=0.000000 | train_risk=0.000000 | train_blend=0.000000 | val_total=2.018863 | val_mae=2.013418 | val_rmse=4.749132 | val_mape=4.840344 | val_confidence=0.000000 | val_risk=0.000000 | val_blend=0.000000 | batches=566/77 | seconds=381.65 | lr=[0.01] | cuda_peak_mb=5077.6
[2026-09-12 05:56:59] INFO Val horizons | 15min_mae=1.488836 15min_rmse=3.133650 15min_mape=3.281278 | 30min_mae=2.028140 30min_rmse=4.612545 30min_mape=4.818101 | 60min_mae=2.774804 60min_rmse=6.417688 60min_mape=7.088055
[2026-09-12 06:03:21] INFO Epoch 006 | stage=standard | train_total=0.836444 | train_forecast=0.836444 | train_confidence=0.000000 | train_risk=0.000000 | train_blend=0.000000 | val_total=1.979601 | val_mae=1.974445 | val_rmse=4.751536 | val_mape=4.557821 | val_confidence=0.000000 | val_risk=0.000000 | val_blend=0.000000 | batches=566/77 | seconds=381.64 | lr=[0.01] | cuda_peak_mb=5077.6
[2026-09-12 06:03:21] INFO Val horizons | 15min_mae=1.463536 15min_rmse=3.124674 15min_mape=3.126458 | 30min_mae=1.992703 30min_rmse=4.613936 30min_mape=4.562273 | 60min_mae=2.720304 60min_rmse=6.443289 60min_mape=6.609157
[2026-09-12 06:03:21] INFO Checkpoint updated | epoch=6 | stage=standard | best_val_mae=1.974445 | path=C:\Users\clw\projects\researchRep\STAnchor-BlockMemory\artifacts\cross_dataset_pemsbay\pemsbay_baseonly_dcrnn_seed42\downstream_best.pt
[2026-09-12 06:09:43] INFO Epoch 007 | stage=standard | train_total=0.830790 | train_forecast=0.830790 | train_confidence=0.000000 | train_risk=0.000000 | train_blend=0.000000 | val_total=1.978648 | val_mae=1.973182 | val_rmse=4.794673 | val_mape=4.501275 | val_confidence=0.000000 | val_risk=0.000000 | val_blend=0.000000 | batches=566/77 | seconds=381.77 | lr=[0.01] | cuda_peak_mb=5077.6
[2026-09-12 06:09:43] INFO Val horizons | 15min_mae=1.454005 15min_rmse=3.118138 15min_mape=3.104207 | 30min_mae=1.981107 30min_rmse=4.629107 30min_mape=4.499471 | 60min_mae=2.739461 60min_rmse=6.547395 60min_mape=6.512272
[2026-09-12 06:09:43] INFO Checkpoint updated | epoch=7 | stage=standard | best_val_mae=1.973182 | path=C:\Users\clw\projects\researchRep\STAnchor-BlockMemory\artifacts\cross_dataset_pemsbay\pemsbay_baseonly_dcrnn_seed42\downstream_best.pt
[2026-09-12 06:16:04] INFO Epoch 008 | stage=standard | train_total=0.829124 | train_forecast=0.829124 | train_confidence=0.000000 | train_risk=0.000000 | train_blend=0.000000 | val_total=2.033878 | val_mae=2.028096 | val_rmse=4.995801 | val_mape=4.659500 | val_confidence=0.000000 | val_risk=0.000000 | val_blend=0.000000 | batches=566/77 | seconds=381.81 | lr=[0.01] | cuda_peak_mb=5077.6
[2026-09-12 06:16:04] INFO Val horizons | 15min_mae=1.442634 15min_rmse=3.109887 15min_mape=3.073326 | 30min_mae=2.008542 30min_rmse=4.715953 30min_mape=4.580632 | 60min_mae=2.918818 60min_rmse=7.037235 60min_mape=7.015734
[2026-09-12 06:22:26] INFO Epoch 009 | stage=standard | train_total=0.824788 | train_forecast=0.824788 | train_confidence=0.000000 | train_risk=0.000000 | train_blend=0.000000 | val_total=1.922238 | val_mae=1.916858 | val_rmse=4.624451 | val_mape=4.323754 | val_confidence=0.000000 | val_risk=0.000000 | val_blend=0.000000 | batches=566/77 | seconds=381.90 | lr=[0.01] | cuda_peak_mb=5077.6
[2026-09-12 06:22:26] INFO Val horizons | 15min_mae=1.425017 15min_rmse=3.034389 15min_mape=3.014510 | 30min_mae=1.925222 30min_rmse=4.468238 30min_mape=4.331511 | 60min_mae=2.646091 60min_rmse=6.313038 60min_mape=6.196116
[2026-09-12 06:22:26] INFO Checkpoint updated | epoch=9 | stage=standard | best_val_mae=1.916858 | path=C:\Users\clw\projects\researchRep\STAnchor-BlockMemory\artifacts\cross_dataset_pemsbay\pemsbay_baseonly_dcrnn_seed42\downstream_best.pt
[2026-09-12 06:28:48] INFO Epoch 010 | stage=standard | train_total=0.822426 | train_forecast=0.822426 | train_confidence=0.000000 | train_risk=0.000000 | train_blend=0.000000 | val_total=1.904463 | val_mae=1.899408 | val_rmse=4.572986 | val_mape=4.454575 | val_confidence=0.000000 | val_risk=0.000000 | val_blend=0.000000 | batches=566/77 | seconds=381.92 | lr=[0.01] | cuda_peak_mb=5077.6
[2026-09-12 06:28:48] INFO Val horizons | 15min_mae=1.418765 15min_rmse=3.039072 15min_mape=3.060852 | 30min_mae=1.913789 30min_rmse=4.456027 30min_mape=4.439713 | 60min_mae=2.603587 60min_rmse=6.160284 60min_mape=6.476071
[2026-09-12 06:28:48] INFO Checkpoint updated | epoch=10 | stage=standard | best_val_mae=1.899408 | path=C:\Users\clw\projects\researchRep\STAnchor-BlockMemory\artifacts\cross_dataset_pemsbay\pemsbay_baseonly_dcrnn_seed42\downstream_best.pt
[2026-09-12 06:35:10] INFO Epoch 011 | stage=standard | train_total=0.820928 | train_forecast=0.820928 | train_confidence=0.000000 | train_risk=0.000000 | train_blend=0.000000 | val_total=1.987497 | val_mae=1.979989 | val_rmse=4.675313 | val_mape=5.361085 | val_confidence=0.000000 | val_risk=0.000000 | val_blend=0.000000 | batches=566/77 | seconds=381.90 | lr=[0.01] | cuda_peak_mb=5077.6
[2026-09-12 06:35:10] INFO Val horizons | 15min_mae=1.486880 15min_rmse=3.096511 15min_mape=3.507943 | 30min_mae=2.041723 30min_rmse=4.653313 30min_mape=5.518205 | 60min_mae=2.636971 60min_rmse=6.151736 60min_mape=7.739372
[2026-09-12 06:41:32] INFO Epoch 012 | stage=standard | train_total=0.819742 | train_forecast=0.819742 | train_confidence=0.000000 | train_risk=0.000000 | train_blend=0.000000 | val_total=1.895788 | val_mae=1.890476 | val_rmse=4.495974 | val_mape=4.244025 | val_confidence=0.000000 | val_risk=0.000000 | val_blend=0.000000 | batches=566/77 | seconds=381.90 | lr=[0.01] | cuda_peak_mb=5077.6
[2026-09-12 06:41:32] INFO Val horizons | 15min_mae=1.419131 15min_rmse=3.020862 15min_mape=2.999255 | 30min_mae=1.910603 30min_rmse=4.408512 30min_mape=4.281957 | 60min_mae=2.577463 60min_rmse=6.005649 60min_mape=6.003593
[2026-09-12 06:41:32] INFO Checkpoint updated | epoch=12 | stage=standard | best_val_mae=1.890476 | path=C:\Users\clw\projects\researchRep\STAnchor-BlockMemory\artifacts\cross_dataset_pemsbay\pemsbay_baseonly_dcrnn_seed42\downstream_best.pt
[2026-09-12 06:47:54] INFO Epoch 013 | stage=standard | train_total=0.817291 | train_forecast=0.817291 | train_confidence=0.000000 | train_risk=0.000000 | train_blend=0.000000 | val_total=1.839978 | val_mae=1.834658 | val_rmse=4.474707 | val_mape=4.322434 | val_confidence=0.000000 | val_risk=0.000000 | val_blend=0.000000 | batches=566/77 | seconds=381.97 | lr=[0.01] | cuda_peak_mb=5077.6
[2026-09-12 06:47:54] INFO Val horizons | 15min_mae=1.399928 15min_rmse=3.008289 15min_mape=3.028218 | 30min_mae=1.860715 30min_rmse=4.378480 30min_mape=4.355023 | 60min_mae=2.470127 60min_rmse=6.000678 60min_mape=6.161901
[2026-09-12 06:47:54] INFO Checkpoint updated | epoch=13 | stage=standard | best_val_mae=1.834658 | path=C:\Users\clw\projects\researchRep\STAnchor-BlockMemory\artifacts\cross_dataset_pemsbay\pemsbay_baseonly_dcrnn_seed42\downstream_best.pt
[2026-09-12 06:54:16] INFO Epoch 014 | stage=standard | train_total=0.816747 | train_forecast=0.816747 | train_confidence=0.000000 | train_risk=0.000000 | train_blend=0.000000 | val_total=2.561891 | val_mae=2.549165 | val_rmse=6.528087 | val_mape=6.160591 | val_confidence=0.000000 | val_risk=0.000000 | val_blend=0.000000 | batches=566/77 | seconds=382.14 | lr=[0.01] | cuda_peak_mb=5077.6
[2026-09-12 06:54:16] INFO Val horizons | 15min_mae=1.559989 15min_rmse=3.283114 15min_mape=3.484294 | 30min_mae=2.395984 30min_rmse=5.524588 30min_mape=5.825795 | 60min_mae=4.183278 60min_rmse=10.276612 60min_mape=10.309242
[2026-09-12 07:00:38] INFO Epoch 015 | stage=standard | train_total=0.819010 | train_forecast=0.819010 | train_confidence=0.000000 | train_risk=0.000000 | train_blend=0.000000 | val_total=1.906075 | val_mae=1.900737 | val_rmse=4.556337 | val_mape=4.297811 | val_confidence=0.000000 | val_risk=0.000000 | val_blend=0.000000 | batches=566/77 | seconds=381.86 | lr=[0.01] | cuda_peak_mb=5077.6
[2026-09-12 07:00:38] INFO Val horizons | 15min_mae=1.419421 15min_rmse=3.007302 15min_mape=3.017643 | 30min_mae=1.918700 30min_rmse=4.410716 30min_mape=4.344111 | 60min_mae=2.604820 60min_rmse=6.198219 60min_mape=6.077434
[2026-09-12 07:07:00] INFO Epoch 016 | stage=standard | train_total=0.818712 | train_forecast=0.818712 | train_confidence=0.000000 | train_risk=0.000000 | train_blend=0.000000 | val_total=1.870876 | val_mae=1.866175 | val_rmse=4.467736 | val_mape=4.182761 | val_confidence=0.000000 | val_risk=0.000000 | val_blend=0.000000 | batches=566/77 | seconds=382.25 | lr=[0.01] | cuda_peak_mb=5077.6
[2026-09-12 07:07:00] INFO Val horizons | 15min_mae=1.407269 15min_rmse=2.998489 15min_mape=2.962368 | 30min_mae=1.886195 30min_rmse=4.366272 30min_mape=4.210872 | 60min_mae=2.538751 60min_rmse=5.995994 60min_mape=5.928032
[2026-09-12 07:13:22] INFO Epoch 017 | stage=standard | train_total=0.821069 | train_forecast=0.821069 | train_confidence=0.000000 | train_risk=0.000000 | train_blend=0.000000 | val_total=2.128584 | val_mae=2.122809 | val_rmse=5.231070 | val_mape=4.738884 | val_confidence=0.000000 | val_risk=0.000000 | val_blend=0.000000 | batches=566/77 | seconds=381.98 | lr=[0.01] | cuda_peak_mb=5077.6
[2026-09-12 07:13:22] INFO Val horizons | 15min_mae=1.463983 15min_rmse=3.131648 15min_mape=3.108812 | 30min_mae=2.087798 30min_rmse=4.867948 30min_mape=4.662250 | 60min_mae=3.137537 60min_rmse=7.511005 60min_mape=7.169258
[2026-09-12 07:19:44] INFO Epoch 018 | stage=standard | train_total=0.823350 | train_forecast=0.823350 | train_confidence=0.000000 | train_risk=0.000000 | train_blend=0.000000 | val_total=1.942728 | val_mae=1.938060 | val_rmse=4.522624 | val_mape=4.474836 | val_confidence=0.000000 | val_risk=0.000000 | val_blend=0.000000 | batches=566/77 | seconds=382.04 | lr=[0.01] | cuda_peak_mb=5077.6
[2026-09-12 07:19:44] INFO Val horizons | 15min_mae=1.448906 15min_rmse=3.024349 15min_mape=3.075601 | 30min_mae=1.958766 30min_rmse=4.417697 30min_mape=4.482600 | 60min_mae=2.654718 60min_rmse=6.068624 60min_mape=6.477772
[2026-09-12 07:26:06] INFO Epoch 019 | stage=standard | train_total=0.827882 | train_forecast=0.827882 | train_confidence=0.000000 | train_risk=0.000000 | train_blend=0.000000 | val_total=1.807369 | val_mae=1.802761 | val_rmse=4.291024 | val_mape=4.116128 | val_confidence=0.000000 | val_risk=0.000000 | val_blend=0.000000 | batches=566/77 | seconds=382.01 | lr=[0.01] | cuda_peak_mb=5077.6
[2026-09-12 07:26:06] INFO Val horizons | 15min_mae=1.382515 15min_rmse=2.957388 15min_mape=2.922141 | 30min_mae=1.832720 30min_rmse=4.251807 30min_mape=4.147524 | 60min_mae=2.403458 60min_rmse=5.634633 60min_mape=5.801534
[2026-09-12 07:26:06] INFO Checkpoint updated | epoch=19 | stage=standard | best_val_mae=1.802761 | path=C:\Users\clw\projects\researchRep\STAnchor-BlockMemory\artifacts\cross_dataset_pemsbay\pemsbay_baseonly_dcrnn_seed42\downstream_best.pt
[2026-09-12 07:32:28] INFO Epoch 020 | stage=standard | train_total=0.842192 | train_forecast=0.842192 | train_confidence=0.000000 | train_risk=0.000000 | train_blend=0.000000 | val_total=1.873830 | val_mae=1.868755 | val_rmse=4.262877 | val_mape=4.338208 | val_confidence=0.000000 | val_risk=0.000000 | val_blend=0.000000 | batches=566/77 | seconds=381.96 | lr=[0.01] | cuda_peak_mb=5077.6
[2026-09-12 07:32:28] INFO Val horizons | 15min_mae=1.441711 15min_rmse=2.965696 15min_mape=3.077689 | 30min_mae=1.918539 30min_rmse=4.253364 30min_mape=4.435318 | 60min_mae=2.456766 60min_rmse=5.538998 60min_mape=6.013334
[2026-09-12 07:38:50] INFO Epoch 021 | stage=standard | train_total=0.837701 | train_forecast=0.837701 | train_confidence=0.000000 | train_risk=0.000000 | train_blend=0.000000 | val_total=1.725892 | val_mae=1.721343 | val_rmse=4.139374 | val_mape=3.942891 | val_confidence=0.000000 | val_risk=0.000000 | val_blend=0.000000 | batches=566/77 | seconds=382.00 | lr=[0.001] | cuda_peak_mb=5077.6
[2026-09-12 07:38:50] INFO Val horizons | 15min_mae=1.358628 15min_rmse=2.902518 15min_mape=2.892307 | 30min_mae=1.761598 30min_rmse=4.117546 30min_mape=4.022924 | 60min_mae=2.237040 60min_rmse=5.392340 60min_mape=5.384917
[2026-09-12 07:38:50] INFO Checkpoint updated | epoch=21 | stage=standard | best_val_mae=1.721343 | path=C:\Users\clw\projects\researchRep\STAnchor-BlockMemory\artifacts\cross_dataset_pemsbay\pemsbay_baseonly_dcrnn_seed42\downstream_best.pt
[2026-09-12 07:45:12] INFO Epoch 022 | stage=standard | train_total=0.850850 | train_forecast=0.850850 | train_confidence=0.000000 | train_risk=0.000000 | train_blend=0.000000 | val_total=1.705485 | val_mae=1.700885 | val_rmse=4.060780 | val_mape=3.964743 | val_confidence=0.000000 | val_risk=0.000000 | val_blend=0.000000 | batches=566/77 | seconds=382.08 | lr=[0.001] | cuda_peak_mb=5077.6
[2026-09-12 07:45:12] INFO Val horizons | 15min_mae=1.357304 15min_rmse=2.897429 15min_mape=2.908155 | 30min_mae=1.752778 30min_rmse=4.082690 30min_mape=4.069815 | 60min_mae=2.171792 60min_rmse=5.190727 60min_mape=5.357066
[2026-09-12 07:45:12] INFO Checkpoint updated | epoch=22 | stage=standard | best_val_mae=1.700885 | path=C:\Users\clw\projects\researchRep\STAnchor-BlockMemory\artifacts\cross_dataset_pemsbay\pemsbay_baseonly_dcrnn_seed42\downstream_best.pt
[2026-09-12 07:51:35] INFO Epoch 023 | stage=standard | train_total=0.863442 | train_forecast=0.863442 | train_confidence=0.000000 | train_risk=0.000000 | train_blend=0.000000 | val_total=1.698749 | val_mae=1.694224 | val_rmse=4.040165 | val_mape=3.937574 | val_confidence=0.000000 | val_risk=0.000000 | val_blend=0.000000 | batches=566/77 | seconds=382.08 | lr=[0.001] | cuda_peak_mb=5077.6
[2026-09-12 07:51:35] INFO Val horizons | 15min_mae=1.355264 15min_rmse=2.885565 15min_mape=2.893550 | 30min_mae=1.747998 30min_rmse=4.066824 30min_mape=4.050312 | 60min_mae=2.156009 60min_rmse=5.155895 60min_mape=5.297906
[2026-09-12 07:51:35] INFO Checkpoint updated | epoch=23 | stage=standard | best_val_mae=1.694224 | path=C:\Users\clw\projects\researchRep\STAnchor-BlockMemory\artifacts\cross_dataset_pemsbay\pemsbay_baseonly_dcrnn_seed42\downstream_best.pt
[2026-09-12 07:57:57] INFO Epoch 024 | stage=standard | train_total=0.883723 | train_forecast=0.883723 | train_confidence=0.000000 | train_risk=0.000000 | train_blend=0.000000 | val_total=1.731522 | val_mae=1.726636 | val_rmse=4.115739 | val_mape=4.208430 | val_confidence=0.000000 | val_risk=0.000000 | val_blend=0.000000 | batches=566/77 | seconds=382.15 | lr=[0.001] | cuda_peak_mb=5077.6
[2026-09-12 07:57:57] INFO Val horizons | 15min_mae=1.364919 15min_rmse=2.904464 15min_mape=2.968341 | 30min_mae=1.780865 30min_rmse=4.136223 30min_mape=4.299541 | 60min_mae=2.213035 60min_rmse=5.274638 60min_mape=5.835711
[2026-09-12 08:04:19] INFO Epoch 025 | stage=standard | train_total=0.907399 | train_forecast=0.907399 | train_confidence=0.000000 | train_risk=0.000000 | train_blend=0.000000 | val_total=1.726312 | val_mae=1.720947 | val_rmse=4.099775 | val_mape=4.231072 | val_confidence=0.000000 | val_risk=0.000000 | val_blend=0.000000 | batches=566/77 | seconds=382.13 | lr=[0.001] | cuda_peak_mb=5077.6
[2026-09-12 08:04:19] INFO Val horizons | 15min_mae=1.358613 15min_rmse=2.880881 15min_mape=2.943140 | 30min_mae=1.768211 30min_rmse=4.092690 30min_mape=4.285371 | 60min_mae=2.219776 60min_rmse=5.306032 60min_mape=5.974083
[2026-09-12 08:10:41] INFO Epoch 026 | stage=standard | train_total=0.937485 | train_forecast=0.937485 | train_confidence=0.000000 | train_risk=0.000000 | train_blend=0.000000 | val_total=1.689571 | val_mae=1.684990 | val_rmse=3.995722 | val_mape=3.870817 | val_confidence=0.000000 | val_risk=0.000000 | val_blend=0.000000 | batches=566/77 | seconds=382.15 | lr=[0.001] | cuda_peak_mb=5077.6
[2026-09-12 08:10:41] INFO Val horizons | 15min_mae=1.353627 15min_rmse=2.871916 15min_mape=2.891074 | 30min_mae=1.738036 30min_rmse=4.024431 30min_mape=3.996872 | 60min_mae=2.141785 60min_rmse=5.094359 60min_mape=5.146150
[2026-09-12 08:10:41] INFO Checkpoint updated | epoch=26 | stage=standard | best_val_mae=1.684990 | path=C:\Users\clw\projects\researchRep\STAnchor-BlockMemory\artifacts\cross_dataset_pemsbay\pemsbay_baseonly_dcrnn_seed42\downstream_best.pt
[2026-09-12 08:17:03] INFO Epoch 027 | stage=standard | train_total=0.975260 | train_forecast=0.975260 | train_confidence=0.000000 | train_risk=0.000000 | train_blend=0.000000 | val_total=1.682288 | val_mae=1.677307 | val_rmse=3.937007 | val_mape=3.900689 | val_confidence=0.000000 | val_risk=0.000000 | val_blend=0.000000 | batches=566/77 | seconds=382.14 | lr=[0.001] | cuda_peak_mb=5077.6
[2026-09-12 08:17:03] INFO Val horizons | 15min_mae=1.357254 15min_rmse=2.869795 15min_mape=2.911620 | 30min_mae=1.740759 30min_rmse=4.000625 30min_mape=4.046117 | 60min_mae=2.100924 60min_rmse=4.943131 60min_mape=5.149583
[2026-09-12 08:17:03] INFO Checkpoint updated | epoch=27 | stage=standard | best_val_mae=1.677307 | path=C:\Users\clw\projects\researchRep\STAnchor-BlockMemory\artifacts\cross_dataset_pemsbay\pemsbay_baseonly_dcrnn_seed42\downstream_best.pt
[2026-09-12 08:23:25] INFO Epoch 028 | stage=standard | train_total=1.021043 | train_forecast=1.021043 | train_confidence=0.000000 | train_risk=0.000000 | train_blend=0.000000 | val_total=1.721591 | val_mae=1.716464 | val_rmse=4.079361 | val_mape=4.167573 | val_confidence=0.000000 | val_risk=0.000000 | val_blend=0.000000 | batches=566/77 | seconds=382.18 | lr=[0.001] | cuda_peak_mb=5077.6
[2026-09-12 08:23:25] INFO Val horizons | 15min_mae=1.363987 15min_rmse=2.897200 15min_mape=2.973712 | 30min_mae=1.765556 30min_rmse=4.097032 30min_mape=4.242473 | 60min_mae=2.201682 60min_rmse=5.233883 60min_mape=5.781649
[2026-09-12 08:29:48] INFO Epoch 029 | stage=standard | train_total=1.061335 | train_forecast=1.061335 | train_confidence=0.000000 | train_risk=0.000000 | train_blend=0.000000 | val_total=1.666753 | val_mae=1.662053 | val_rmse=3.908414 | val_mape=3.886655 | val_confidence=0.000000 | val_risk=0.000000 | val_blend=0.000000 | batches=566/77 | seconds=382.26 | lr=[0.001] | cuda_peak_mb=5077.6
[2026-09-12 08:29:48] INFO Val horizons | 15min_mae=1.357054 15min_rmse=2.870643 15min_mape=2.922278 | 30min_mae=1.724526 30min_rmse=3.978273 30min_mape=4.011813 | 60min_mae=2.076041 60min_rmse=4.903185 60min_mape=5.177594
[2026-09-12 08:29:48] INFO Checkpoint updated | epoch=29 | stage=standard | best_val_mae=1.662053 | path=C:\Users\clw\projects\researchRep\STAnchor-BlockMemory\artifacts\cross_dataset_pemsbay\pemsbay_baseonly_dcrnn_seed42\downstream_best.pt
[2026-09-12 08:36:10] INFO Epoch 030 | stage=standard | train_total=1.101371 | train_forecast=1.101371 | train_confidence=0.000000 | train_risk=0.000000 | train_blend=0.000000 | val_total=1.705510 | val_mae=1.700979 | val_rmse=4.001900 | val_mape=3.822981 | val_confidence=0.000000 | val_risk=0.000000 | val_blend=0.000000 | batches=566/77 | seconds=382.24 | lr=[0.001] | cuda_peak_mb=5077.6
[2026-09-12 08:36:10] INFO Val horizons | 15min_mae=1.364826 15min_rmse=2.887263 15min_mape=2.882396 | 30min_mae=1.752571 30min_rmse=4.026313 30min_mape=3.940765 | 60min_mae=2.167751 60min_rmse=5.113845 60min_mape=5.071447
[2026-09-12 08:42:32] INFO Epoch 031 | stage=standard | train_total=1.135981 | train_forecast=1.135981 | train_confidence=0.000000 | train_risk=0.000000 | train_blend=0.000000 | val_total=1.647660 | val_mae=1.643296 | val_rmse=3.850784 | val_mape=3.779250 | val_confidence=0.000000 | val_risk=0.000000 | val_blend=0.000000 | batches=566/77 | seconds=382.14 | lr=[0.0001] | cuda_peak_mb=5077.6
[2026-09-12 08:42:32] INFO Val horizons | 15min_mae=1.346132 15min_rmse=2.840143 15min_mape=2.871262 | 30min_mae=1.705276 30min_rmse=3.915552 30min_mape=3.923736 | 60min_mae=2.046212 60min_rmse=4.828856 60min_mape=4.948468
[2026-09-12 08:42:32] INFO Checkpoint updated | epoch=31 | stage=standard | best_val_mae=1.643296 | path=C:\Users\clw\projects\researchRep\STAnchor-BlockMemory\artifacts\cross_dataset_pemsbay\pemsbay_baseonly_dcrnn_seed42\downstream_best.pt
[2026-09-12 08:48:54] INFO Epoch 032 | stage=standard | train_total=1.193945 | train_forecast=1.193945 | train_confidence=0.000000 | train_risk=0.000000 | train_blend=0.000000 | val_total=1.640478 | val_mae=1.636038 | val_rmse=3.822757 | val_mape=3.761905 | val_confidence=0.000000 | val_risk=0.000000 | val_blend=0.000000 | batches=566/77 | seconds=382.27 | lr=[0.0001] | cuda_peak_mb=5077.6
[2026-09-12 08:48:54] INFO Val horizons | 15min_mae=1.344474 15min_rmse=2.834692 15min_mape=2.863006 | 30min_mae=1.699151 30min_rmse=3.892883 30min_mape=3.906793 | 60min_mae=2.030822 60min_rmse=4.779082 60min_mape=4.919602
[2026-09-12 08:48:54] INFO Checkpoint updated | epoch=32 | stage=standard | best_val_mae=1.636038 | path=C:\Users\clw\projects\researchRep\STAnchor-BlockMemory\artifacts\cross_dataset_pemsbay\pemsbay_baseonly_dcrnn_seed42\downstream_best.pt
[2026-09-12 08:55:16] INFO Epoch 033 | stage=standard | train_total=1.229964 | train_forecast=1.229964 | train_confidence=0.000000 | train_risk=0.000000 | train_blend=0.000000 | val_total=1.639924 | val_mae=1.635347 | val_rmse=3.824111 | val_mape=3.809973 | val_confidence=0.000000 | val_risk=0.000000 | val_blend=0.000000 | batches=566/77 | seconds=382.13 | lr=[0.0001] | cuda_peak_mb=5077.6
[2026-09-12 08:55:16] INFO Val horizons | 15min_mae=1.347338 15min_rmse=2.836204 15min_mape=2.900126 | 30min_mae=1.701518 30min_rmse=3.902311 30min_mape=3.970410 | 60min_mae=2.020551 60min_rmse=4.766725 60min_mape=4.962544
[2026-09-12 08:55:16] INFO Checkpoint updated | epoch=33 | stage=standard | best_val_mae=1.635347 | path=C:\Users\clw\projects\researchRep\STAnchor-BlockMemory\artifacts\cross_dataset_pemsbay\pemsbay_baseonly_dcrnn_seed42\downstream_best.pt
[2026-09-12 09:01:39] INFO Epoch 034 | stage=standard | train_total=1.275034 | train_forecast=1.275034 | train_confidence=0.000000 | train_risk=0.000000 | train_blend=0.000000 | val_total=1.634754 | val_mae=1.630280 | val_rmse=3.796431 | val_mape=3.766474 | val_confidence=0.000000 | val_risk=0.000000 | val_blend=0.000000 | batches=566/77 | seconds=382.01 | lr=[0.0001] | cuda_peak_mb=5077.6
[2026-09-12 09:01:39] INFO Val horizons | 15min_mae=1.345199 15min_rmse=2.832272 15min_mape=2.874852 | 30min_mae=1.697132 30min_rmse=3.881103 30min_mape=3.927144 | 60min_mae=2.010644 60min_rmse=4.714694 60min_mape=4.890343
[2026-09-12 09:01:39] INFO Checkpoint updated | epoch=34 | stage=standard | best_val_mae=1.630280 | path=C:\Users\clw\projects\researchRep\STAnchor-BlockMemory\artifacts\cross_dataset_pemsbay\pemsbay_baseonly_dcrnn_seed42\downstream_best.pt
[2026-09-12 09:08:01] INFO Epoch 035 | stage=standard | train_total=1.304600 | train_forecast=1.304600 | train_confidence=0.000000 | train_risk=0.000000 | train_blend=0.000000 | val_total=1.633424 | val_mae=1.628970 | val_rmse=3.790872 | val_mape=3.779749 | val_confidence=0.000000 | val_risk=0.000000 | val_blend=0.000000 | batches=566/77 | seconds=382.24 | lr=[0.0001] | cuda_peak_mb=5077.6
[2026-09-12 09:08:01] INFO Val horizons | 15min_mae=1.346118 15min_rmse=2.832889 15min_mape=2.887609 | 30min_mae=1.697163 30min_rmse=3.880744 30min_mape=3.946753 | 60min_mae=2.004715 60min_rmse=4.698534 60min_mape=4.898586
[2026-09-12 09:08:01] INFO Checkpoint updated | epoch=35 | stage=standard | best_val_mae=1.628970 | path=C:\Users\clw\projects\researchRep\STAnchor-BlockMemory\artifacts\cross_dataset_pemsbay\pemsbay_baseonly_dcrnn_seed42\downstream_best.pt
[2026-09-12 09:14:23] INFO Epoch 036 | stage=standard | train_total=1.334739 | train_forecast=1.334739 | train_confidence=0.000000 | train_risk=0.000000 | train_blend=0.000000 | val_total=1.635242 | val_mae=1.630961 | val_rmse=3.789272 | val_mape=3.705702 | val_confidence=0.000000 | val_risk=0.000000 | val_blend=0.000000 | batches=566/77 | seconds=381.94 | lr=[0.0001] | cuda_peak_mb=5077.6
[2026-09-12 09:14:23] INFO Val horizons | 15min_mae=1.346440 15min_rmse=2.833403 15min_mape=2.857028 | 30min_mae=1.696532 30min_rmse=3.869386 30min_mape=3.861898 | 60min_mae=2.014753 60min_rmse=4.715245 60min_mape=4.790012
[2026-09-12 09:20:45] INFO Epoch 037 | stage=standard | train_total=1.360974 | train_forecast=1.360974 | train_confidence=0.000000 | train_risk=0.000000 | train_blend=0.000000 | val_total=1.631028 | val_mae=1.626632 | val_rmse=3.772792 | val_mape=3.762231 | val_confidence=0.000000 | val_risk=0.000000 | val_blend=0.000000 | batches=566/77 | seconds=382.00 | lr=[0.0001] | cuda_peak_mb=5077.6
[2026-09-12 09:20:45] INFO Val horizons | 15min_mae=1.345987 15min_rmse=2.827264 15min_mape=2.884738 | 30min_mae=1.694983 30min_rmse=3.863668 30min_mape=3.930730 | 60min_mae=1.999877 60min_rmse=4.670425 60min_mape=4.863458
[2026-09-12 09:20:45] INFO Checkpoint updated | epoch=37 | stage=standard | best_val_mae=1.626632 | path=C:\Users\clw\projects\researchRep\STAnchor-BlockMemory\artifacts\cross_dataset_pemsbay\pemsbay_baseonly_dcrnn_seed42\downstream_best.pt
[2026-09-12 09:27:11] INFO Epoch 038 | stage=standard | train_total=1.389465 | train_forecast=1.389465 | train_confidence=0.000000 | train_risk=0.000000 | train_blend=0.000000 | val_total=1.629542 | val_mae=1.625201 | val_rmse=3.770597 | val_mape=3.757845 | val_confidence=0.000000 | val_risk=0.000000 | val_blend=0.000000 | batches=566/77 | seconds=386.11 | lr=[0.0001] | cuda_peak_mb=5077.6
[2026-09-12 09:27:11] INFO Val horizons | 15min_mae=1.346496 15min_rmse=2.828251 15min_mape=2.890173 | 30min_mae=1.693323 30min_rmse=3.862982 30min_mape=3.929098 | 60min_mae=1.996946 60min_rmse=4.664119 60min_mape=4.844361
[2026-09-12 09:27:11] INFO Checkpoint updated | epoch=38 | stage=standard | best_val_mae=1.625201 | path=C:\Users\clw\projects\researchRep\STAnchor-BlockMemory\artifacts\cross_dataset_pemsbay\pemsbay_baseonly_dcrnn_seed42\downstream_best.pt
[2026-09-12 09:33:37] INFO Epoch 039 | stage=standard | train_total=1.393459 | train_forecast=1.393459 | train_confidence=0.000000 | train_risk=0.000000 | train_blend=0.000000 | val_total=1.631687 | val_mae=1.627417 | val_rmse=3.793545 | val_mape=3.749620 | val_confidence=0.000000 | val_risk=0.000000 | val_blend=0.000000 | batches=566/77 | seconds=386.18 | lr=[0.0001] | cuda_peak_mb=5077.6
[2026-09-12 09:33:37] INFO Val horizons | 15min_mae=1.346981 15min_rmse=2.838645 15min_mape=2.885276 | 30min_mae=1.694605 30min_rmse=3.881580 30min_mape=3.918877 | 60min_mae=2.003022 60min_rmse=4.704651 60min_mape=4.833659
[2026-09-12 09:40:03] INFO Epoch 040 | stage=standard | train_total=1.405241 | train_forecast=1.405241 | train_confidence=0.000000 | train_risk=0.000000 | train_blend=0.000000 | val_total=1.630695 | val_mae=1.626350 | val_rmse=3.789421 | val_mape=3.769302 | val_confidence=0.000000 | val_risk=0.000000 | val_blend=0.000000 | batches=566/77 | seconds=385.98 | lr=[0.0001] | cuda_peak_mb=5077.6
[2026-09-12 09:40:03] INFO Val horizons | 15min_mae=1.346505 15min_rmse=2.833240 15min_mape=2.886037 | 30min_mae=1.693936 30min_rmse=3.876500 30min_mape=3.932848 | 60min_mae=2.000692 60min_rmse=4.701265 60min_mape=4.886351
[2026-09-12 09:46:25] INFO Epoch 041 | stage=standard | train_total=1.418227 | train_forecast=1.418227 | train_confidence=0.000000 | train_risk=0.000000 | train_blend=0.000000 | val_total=1.626607 | val_mae=1.622335 | val_rmse=3.771882 | val_mape=3.723741 | val_confidence=0.000000 | val_risk=0.000000 | val_blend=0.000000 | batches=566/77 | seconds=382.37 | lr=[1e-05] | cuda_peak_mb=5077.6
[2026-09-12 09:46:25] INFO Val horizons | 15min_mae=1.345559 15min_rmse=2.830782 15min_mape=2.875895 | 30min_mae=1.690008 30min_rmse=3.862088 30min_mape=3.893363 | 60min_mae=1.992931 60min_rmse=4.670488 60min_mape=4.789131
[2026-09-12 09:46:25] INFO Checkpoint updated | epoch=41 | stage=standard | best_val_mae=1.622335 | path=C:\Users\clw\projects\researchRep\STAnchor-BlockMemory\artifacts\cross_dataset_pemsbay\pemsbay_baseonly_dcrnn_seed42\downstream_best.pt
[2026-09-12 09:52:48] INFO Epoch 042 | stage=standard | train_total=1.419912 | train_forecast=1.419912 | train_confidence=0.000000 | train_risk=0.000000 | train_blend=0.000000 | val_total=1.626163 | val_mae=1.621846 | val_rmse=3.771635 | val_mape=3.733233 | val_confidence=0.000000 | val_risk=0.000000 | val_blend=0.000000 | batches=566/77 | seconds=382.08 | lr=[1e-05] | cuda_peak_mb=5077.6
[2026-09-12 09:52:48] INFO Val horizons | 15min_mae=1.345842 15min_rmse=2.831062 15min_mape=2.880147 | 30min_mae=1.690211 30min_rmse=3.863583 30min_mape=3.904358 | 60min_mae=1.990253 60min_rmse=4.667173 60min_mape=4.802415
[2026-09-12 09:52:48] INFO Checkpoint updated | epoch=42 | stage=standard | best_val_mae=1.621846 | path=C:\Users\clw\projects\researchRep\STAnchor-BlockMemory\artifacts\cross_dataset_pemsbay\pemsbay_baseonly_dcrnn_seed42\downstream_best.pt
[2026-09-12 09:59:10] INFO Epoch 043 | stage=standard | train_total=1.421110 | train_forecast=1.421110 | train_confidence=0.000000 | train_risk=0.000000 | train_blend=0.000000 | val_total=1.626510 | val_mae=1.622158 | val_rmse=3.771419 | val_mape=3.743922 | val_confidence=0.000000 | val_risk=0.000000 | val_blend=0.000000 | batches=566/77 | seconds=382.27 | lr=[1e-05] | cuda_peak_mb=5077.6
[2026-09-12 09:59:10] INFO Val horizons | 15min_mae=1.346125 15min_rmse=2.830884 15min_mape=2.883267 | 30min_mae=1.690952 30min_rmse=3.864524 30min_mape=3.915816 | 60min_mae=1.989832 60min_rmse=4.665262 60min_mape=4.820690
[2026-09-12 10:05:32] INFO Epoch 044 | stage=standard | train_total=1.428759 | train_forecast=1.428759 | train_confidence=0.000000 | train_risk=0.000000 | train_blend=0.000000 | val_total=1.626493 | val_mae=1.622189 | val_rmse=3.772776 | val_mape=3.741366 | val_confidence=0.000000 | val_risk=0.000000 | val_blend=0.000000 | batches=566/77 | seconds=382.29 | lr=[1e-05] | cuda_peak_mb=5077.6
[2026-09-12 10:05:32] INFO Val horizons | 15min_mae=1.345933 15min_rmse=2.831520 15min_mape=2.880826 | 30min_mae=1.690750 30min_rmse=3.864768 30min_mape=3.911245 | 60min_mae=1.990481 60min_rmse=4.668365 60min_mape=4.819614
[2026-09-12 10:11:54] INFO Epoch 045 | stage=standard | train_total=1.431367 | train_forecast=1.431367 | train_confidence=0.000000 | train_risk=0.000000 | train_blend=0.000000 | val_total=1.626282 | val_mae=1.621916 | val_rmse=3.770789 | val_mape=3.753710 | val_confidence=0.000000 | val_risk=0.000000 | val_blend=0.000000 | batches=566/77 | seconds=382.32 | lr=[1e-05] | cuda_peak_mb=5077.6
[2026-09-12 10:11:54] INFO Val horizons | 15min_mae=1.346210 15min_rmse=2.830490 15min_mape=2.886501 | 30min_mae=1.690870 30min_rmse=3.864105 30min_mape=3.925783 | 60min_mae=1.988828 60min_rmse=4.663415 60min_mape=4.837658
[2026-09-12 10:18:17] INFO Epoch 046 | stage=standard | train_total=1.436001 | train_forecast=1.436001 | train_confidence=0.000000 | train_risk=0.000000 | train_blend=0.000000 | val_total=1.626310 | val_mae=1.622002 | val_rmse=3.772438 | val_mape=3.745733 | val_confidence=0.000000 | val_risk=0.000000 | val_blend=0.000000 | batches=566/77 | seconds=382.25 | lr=[1e-05] | cuda_peak_mb=5077.6
[2026-09-12 10:18:17] INFO Val horizons | 15min_mae=1.346451 15min_rmse=2.833305 15min_mape=2.885782 | 30min_mae=1.691269 30min_rmse=3.868260 30min_mape=3.920656 | 60min_mae=1.988491 60min_rmse=4.661807 60min_mape=4.818298
[2026-09-12 10:24:39] INFO Epoch 047 | stage=standard | train_total=1.435386 | train_forecast=1.435386 | train_confidence=0.000000 | train_risk=0.000000 | train_blend=0.000000 | val_total=1.626602 | val_mae=1.622326 | val_rmse=3.773108 | val_mape=3.727882 | val_confidence=0.000000 | val_risk=0.000000 | val_blend=0.000000 | batches=566/77 | seconds=382.20 | lr=[1e-05] | cuda_peak_mb=5077.6
[2026-09-12 10:24:39] INFO Val horizons | 15min_mae=1.346024 15min_rmse=2.833052 15min_mape=2.876093 | 30min_mae=1.690577 30min_rmse=3.865551 30min_mape=3.897868 | 60min_mae=1.991670 60min_rmse=4.669190 60min_mape=4.797975
[2026-09-12 10:31:01] INFO Epoch 048 | stage=standard | train_total=1.437728 | train_forecast=1.437728 | train_confidence=0.000000 | train_risk=0.000000 | train_blend=0.000000 | val_total=1.627136 | val_mae=1.622826 | val_rmse=3.775875 | val_mape=3.747448 | val_confidence=0.000000 | val_risk=0.000000 | val_blend=0.000000 | batches=566/77 | seconds=382.27 | lr=[1e-05] | cuda_peak_mb=5077.6
[2026-09-12 10:31:01] INFO Val horizons | 15min_mae=1.346599 15min_rmse=2.834263 15min_mape=2.884676 | 30min_mae=1.691568 30min_rmse=3.869207 30min_mape=3.919101 | 60min_mae=1.990992 60min_rmse=4.671005 60min_mape=4.827609
[2026-09-12 10:37:24] INFO Epoch 049 | stage=standard | train_total=1.437999 | train_forecast=1.437999 | train_confidence=0.000000 | train_risk=0.000000 | train_blend=0.000000 | val_total=1.626616 | val_mae=1.622314 | val_rmse=3.773277 | val_mape=3.744013 | val_confidence=0.000000 | val_risk=0.000000 | val_blend=0.000000 | batches=566/77 | seconds=382.63 | lr=[1e-05] | cuda_peak_mb=5077.6
[2026-09-12 10:37:24] INFO Val horizons | 15min_mae=1.346526 15min_rmse=2.832927 15min_mape=2.884559 | 30min_mae=1.691108 30min_rmse=3.866763 30min_mape=3.917077 | 60min_mae=1.990073 60min_rmse=4.667081 60min_mape=4.818073
[2026-09-12 10:43:46] INFO Epoch 050 | stage=standard | train_total=1.439035 | train_forecast=1.439035 | train_confidence=0.000000 | train_risk=0.000000 | train_blend=0.000000 | val_total=1.626074 | val_mae=1.621756 | val_rmse=3.769666 | val_mape=3.746382 | val_confidence=0.000000 | val_risk=0.000000 | val_blend=0.000000 | batches=566/77 | seconds=382.49 | lr=[1e-05] | cuda_peak_mb=5077.6
[2026-09-12 10:43:46] INFO Val horizons | 15min_mae=1.346657 15min_rmse=2.832771 15min_mape=2.886256 | 30min_mae=1.691023 30min_rmse=3.865831 30min_mape=3.920627 | 60min_mae=1.987967 60min_rmse=4.657682 60min_mape=4.820538
[2026-09-12 10:43:46] INFO Checkpoint updated | epoch=50 | stage=standard | best_val_mae=1.621756 | path=C:\Users\clw\projects\researchRep\STAnchor-BlockMemory\artifacts\cross_dataset_pemsbay\pemsbay_baseonly_dcrnn_seed42\downstream_best.pt
[2026-09-12 10:50:12] INFO Epoch 051 | stage=standard | train_total=1.438212 | train_forecast=1.438212 | train_confidence=0.000000 | train_risk=0.000000 | train_blend=0.000000 | val_total=1.626039 | val_mae=1.621732 | val_rmse=3.771655 | val_mape=3.739959 | val_confidence=0.000000 | val_risk=0.000000 | val_blend=0.000000 | batches=566/77 | seconds=385.72 | lr=[1.0000000000000002e-06] | cuda_peak_mb=5077.6
[2026-09-12 10:50:12] INFO Val horizons | 15min_mae=1.346418 15min_rmse=2.833096 15min_mape=2.883165 | 30min_mae=1.690715 30min_rmse=3.866505 30min_mape=3.913336 | 60min_mae=1.988629 60min_rmse=4.662830 60min_mape=4.811198
[2026-09-12 10:50:12] INFO Checkpoint updated | epoch=51 | stage=standard | best_val_mae=1.621732 | path=C:\Users\clw\projects\researchRep\STAnchor-BlockMemory\artifacts\cross_dataset_pemsbay\pemsbay_baseonly_dcrnn_seed42\downstream_best.pt
[2026-09-12 10:56:46] INFO Epoch 052 | stage=standard | train_total=1.439198 | train_forecast=1.439198 | train_confidence=0.000000 | train_risk=0.000000 | train_blend=0.000000 | val_total=1.626208 | val_mae=1.621915 | val_rmse=3.772638 | val_mape=3.737861 | val_confidence=0.000000 | val_risk=0.000000 | val_blend=0.000000 | batches=566/77 | seconds=394.26 | lr=[1.0000000000000002e-06] | cuda_peak_mb=5077.6
[2026-09-12 10:56:46] INFO Val horizons | 15min_mae=1.346411 15min_rmse=2.833486 15min_mape=2.882272 | 30min_mae=1.690758 30min_rmse=3.867139 30min_mape=3.910965 | 60min_mae=1.989238 60min_rmse=4.664658 60min_mape=4.807873
[2026-09-12 11:03:19] INFO Epoch 053 | stage=standard | train_total=1.439066 | train_forecast=1.439066 | train_confidence=0.000000 | train_risk=0.000000 | train_blend=0.000000 | val_total=1.626187 | val_mae=1.621888 | val_rmse=3.772117 | val_mape=3.739072 | val_confidence=0.000000 | val_risk=0.000000 | val_blend=0.000000 | batches=566/77 | seconds=392.89 | lr=[1.0000000000000002e-06] | cuda_peak_mb=5077.6
[2026-09-12 11:03:19] INFO Val horizons | 15min_mae=1.346431 15min_rmse=2.833265 15min_mape=2.882701 | 30min_mae=1.690798 30min_rmse=3.866797 30min_mape=3.912296 | 60min_mae=1.988997 60min_rmse=4.663532 60min_mape=4.809667
[2026-09-12 11:09:53] INFO Epoch 054 | stage=standard | train_total=1.439740 | train_forecast=1.439740 | train_confidence=0.000000 | train_risk=0.000000 | train_blend=0.000000 | val_total=1.625899 | val_mae=1.621603 | val_rmse=3.770569 | val_mape=3.735110 | val_confidence=0.000000 | val_risk=0.000000 | val_blend=0.000000 | batches=566/77 | seconds=393.34 | lr=[1.0000000000000002e-06] | cuda_peak_mb=5077.6
[2026-09-12 11:09:53] INFO Val horizons | 15min_mae=1.346304 15min_rmse=2.832745 15min_mape=2.881346 | 30min_mae=1.690423 30min_rmse=3.865065 30min_mape=3.908161 | 60min_mae=1.988758 60min_rmse=4.661815 60min_mape=4.803058
[2026-09-12 11:09:53] INFO Checkpoint updated | epoch=54 | stage=standard | best_val_mae=1.621603 | path=C:\Users\clw\projects\researchRep\STAnchor-BlockMemory\artifacts\cross_dataset_pemsbay\pemsbay_baseonly_dcrnn_seed42\downstream_best.pt
[2026-09-12 11:16:26] INFO Epoch 055 | stage=standard | train_total=1.440117 | train_forecast=1.440117 | train_confidence=0.000000 | train_risk=0.000000 | train_blend=0.000000 | val_total=1.626376 | val_mae=1.622069 | val_rmse=3.773540 | val_mape=3.740128 | val_confidence=0.000000 | val_risk=0.000000 | val_blend=0.000000 | batches=566/77 | seconds=392.95 | lr=[1.0000000000000002e-06] | cuda_peak_mb=5077.6
[2026-09-12 11:16:26] INFO Val horizons | 15min_mae=1.346482 15min_rmse=2.833660 15min_mape=2.882932 | 30min_mae=1.690924 30min_rmse=3.867751 30min_mape=3.913009 | 60min_mae=1.989450 60min_rmse=4.666494 60min_mape=4.812248
[2026-09-12 11:22:59] INFO Epoch 056 | stage=standard | train_total=1.439229 | train_forecast=1.439229 | train_confidence=0.000000 | train_risk=0.000000 | train_blend=0.000000 | val_total=1.626015 | val_mae=1.621708 | val_rmse=3.771189 | val_mape=3.739567 | val_confidence=0.000000 | val_risk=0.000000 | val_blend=0.000000 | batches=566/77 | seconds=393.20 | lr=[1.0000000000000002e-06] | cuda_peak_mb=5077.6
[2026-09-12 11:22:59] INFO Val horizons | 15min_mae=1.346389 15min_rmse=2.832983 15min_mape=2.882889 | 30min_mae=1.690640 30min_rmse=3.865895 30min_mape=3.912708 | 60min_mae=1.988608 60min_rmse=4.662144 60min_mape=4.810575
[2026-09-12 11:29:32] INFO Epoch 057 | stage=standard | train_total=1.439037 | train_forecast=1.439037 | train_confidence=0.000000 | train_risk=0.000000 | train_blend=0.000000 | val_total=1.626019 | val_mae=1.621729 | val_rmse=3.771099 | val_mape=3.733736 | val_confidence=0.000000 | val_risk=0.000000 | val_blend=0.000000 | batches=566/77 | seconds=393.30 | lr=[1.0000000000000002e-06] | cuda_peak_mb=5077.6
[2026-09-12 11:29:32] INFO Val horizons | 15min_mae=1.346343 15min_rmse=2.832967 15min_mape=2.881054 | 30min_mae=1.690506 30min_rmse=3.865553 30min_mape=3.906910 | 60min_mae=1.989043 60min_rmse=4.662620 60min_mape=4.800256
[2026-09-12 11:36:05] INFO Epoch 058 | stage=standard | train_total=1.440044 | train_forecast=1.440044 | train_confidence=0.000000 | train_risk=0.000000 | train_blend=0.000000 | val_total=1.626322 | val_mae=1.622005 | val_rmse=3.772695 | val_mape=3.742882 | val_confidence=0.000000 | val_risk=0.000000 | val_blend=0.000000 | batches=566/77 | seconds=393.05 | lr=[1.0000000000000002e-06] | cuda_peak_mb=5077.6
[2026-09-12 11:36:05] INFO Val horizons | 15min_mae=1.346499 15min_rmse=2.833354 15min_mape=2.884037 | 30min_mae=1.690980 30min_rmse=3.867514 30min_mape=3.916127 | 60min_mae=1.989079 60min_rmse=4.664353 60min_mape=4.816545
[2026-09-12 11:42:38] INFO Epoch 059 | stage=standard | train_total=1.440218 | train_forecast=1.440218 | train_confidence=0.000000 | train_risk=0.000000 | train_blend=0.000000 | val_total=1.626136 | val_mae=1.621840 | val_rmse=3.772001 | val_mape=3.737620 | val_confidence=0.000000 | val_risk=0.000000 | val_blend=0.000000 | batches=566/77 | seconds=392.95 | lr=[1.0000000000000002e-06] | cuda_peak_mb=5077.6
[2026-09-12 11:42:38] INFO Val horizons | 15min_mae=1.346434 15min_rmse=2.833345 15min_mape=2.882549 | 30min_mae=1.690711 30min_rmse=3.866727 30min_mape=3.911052 | 60min_mae=1.989037 60min_rmse=4.663511 60min_mape=4.806774
[2026-09-12 11:49:11] INFO Epoch 060 | stage=standard | train_total=1.440136 | train_forecast=1.440136 | train_confidence=0.000000 | train_risk=0.000000 | train_blend=0.000000 | val_total=1.626091 | val_mae=1.621779 | val_rmse=3.771180 | val_mape=3.740690 | val_confidence=0.000000 | val_risk=0.000000 | val_blend=0.000000 | batches=566/77 | seconds=393.34 | lr=[1.0000000000000002e-06] | cuda_peak_mb=5077.6
[2026-09-12 11:49:11] INFO Val horizons | 15min_mae=1.346474 15min_rmse=2.832931 15min_mape=2.883781 | 30min_mae=1.690796 30min_rmse=3.866293 30min_mape=3.914483 | 60min_mae=1.988538 60min_rmse=4.661564 60min_mape=4.811225
[2026-09-12 11:55:44] INFO Epoch 061 | stage=standard | train_total=1.439766 | train_forecast=1.439766 | train_confidence=0.000000 | train_risk=0.000000 | train_blend=0.000000 | val_total=1.626177 | val_mae=1.621866 | val_rmse=3.771830 | val_mape=3.741460 | val_confidence=0.000000 | val_risk=0.000000 | val_blend=0.000000 | batches=566/77 | seconds=392.90 | lr=[1.0000000000000002e-06] | cuda_peak_mb=5077.6
[2026-09-12 11:55:44] INFO Val horizons | 15min_mae=1.346524 15min_rmse=2.833220 15min_mape=2.884120 | 30min_mae=1.690884 30min_rmse=3.866947 30min_mape=3.915284 | 60min_mae=1.988655 60min_rmse=4.662428 60min_mape=4.812446
[2026-09-12 12:02:10] INFO Epoch 062 | stage=standard | train_total=1.440009 | train_forecast=1.440009 | train_confidence=0.000000 | train_risk=0.000000 | train_blend=0.000000 | val_total=1.626151 | val_mae=1.621866 | val_rmse=3.772502 | val_mape=3.734483 | val_confidence=0.000000 | val_risk=0.000000 | val_blend=0.000000 | batches=566/77 | seconds=385.89 | lr=[1.0000000000000002e-06] | cuda_peak_mb=5077.6
[2026-09-12 12:02:10] INFO Val horizons | 15min_mae=1.346396 15min_rmse=2.833495 15min_mape=2.881401 | 30min_mae=1.690569 30min_rmse=3.866672 30min_mape=3.907483 | 60min_mae=1.989466 60min_rmse=4.665214 60min_mape=4.802019
[2026-09-12 12:08:36] INFO Epoch 063 | stage=standard | train_total=1.439900 | train_forecast=1.439900 | train_confidence=0.000000 | train_risk=0.000000 | train_blend=0.000000 | val_total=1.626182 | val_mae=1.621890 | val_rmse=3.772198 | val_mape=3.738422 | val_confidence=0.000000 | val_risk=0.000000 | val_blend=0.000000 | batches=566/77 | seconds=385.40 | lr=[1.0000000000000002e-06] | cuda_peak_mb=5077.6
[2026-09-12 12:08:36] INFO Val horizons | 15min_mae=1.346475 15min_rmse=2.833491 15min_mape=2.882928 | 30min_mae=1.690738 30min_rmse=3.866965 30min_mape=3.911786 | 60min_mae=1.989183 60min_rmse=4.663770 60min_mape=4.808391
[2026-09-12 12:14:59] INFO Epoch 064 | stage=standard | train_total=1.439734 | train_forecast=1.439734 | train_confidence=0.000000 | train_risk=0.000000 | train_blend=0.000000 | val_total=1.626324 | val_mae=1.622019 | val_rmse=3.772823 | val_mape=3.741327 | val_confidence=0.000000 | val_risk=0.000000 | val_blend=0.000000 | batches=566/77 | seconds=383.48 | lr=[1.0000000000000002e-06] | cuda_peak_mb=5077.6
[2026-09-12 12:14:59] INFO Val horizons | 15min_mae=1.346556 15min_rmse=2.833583 15min_mape=2.883995 | 30min_mae=1.690974 30min_rmse=3.867796 30min_mape=3.914953 | 60min_mae=1.989124 60min_rmse=4.664303 60min_mape=4.812938
[2026-09-12 12:21:21] INFO Epoch 065 | stage=standard | train_total=1.440025 | train_forecast=1.440025 | train_confidence=0.000000 | train_risk=0.000000 | train_blend=0.000000 | val_total=1.626168 | val_mae=1.621858 | val_rmse=3.772026 | val_mape=3.741013 | val_confidence=0.000000 | val_risk=0.000000 | val_blend=0.000000 | batches=566/77 | seconds=381.80 | lr=[1.0000000000000002e-06] | cuda_peak_mb=5077.6
[2026-09-12 12:21:21] INFO Val horizons | 15min_mae=1.346512 15min_rmse=2.833339 15min_mape=2.883813 | 30min_mae=1.690848 30min_rmse=3.867044 30min_mape=3.914640 | 60min_mae=1.988737 60min_rmse=4.662951 60min_mape=4.812240
[2026-09-12 12:27:43] INFO Epoch 066 | stage=standard | train_total=1.439971 | train_forecast=1.439971 | train_confidence=0.000000 | train_risk=0.000000 | train_blend=0.000000 | val_total=1.626085 | val_mae=1.621774 | val_rmse=3.771399 | val_mape=3.742117 | val_confidence=0.000000 | val_risk=0.000000 | val_blend=0.000000 | batches=566/77 | seconds=381.77 | lr=[1.0000000000000002e-06] | cuda_peak_mb=5077.6
[2026-09-12 12:27:43] INFO Val horizons | 15min_mae=1.346525 15min_rmse=2.833149 15min_mape=2.884334 | 30min_mae=1.690797 30min_rmse=3.866619 30min_mape=3.915808 | 60min_mae=1.988506 60min_rmse=4.661766 60min_mape=4.814130
[2026-09-12 12:34:04] INFO Epoch 067 | stage=standard | train_total=1.439799 | train_forecast=1.439799 | train_confidence=0.000000 | train_risk=0.000000 | train_blend=0.000000 | val_total=1.626274 | val_mae=1.621974 | val_rmse=3.772768 | val_mape=3.741758 | val_confidence=0.000000 | val_risk=0.000000 | val_blend=0.000000 | batches=566/77 | seconds=381.80 | lr=[1.0000000000000002e-06] | cuda_peak_mb=5077.6
[2026-09-12 12:34:04] INFO Val horizons | 15min_mae=1.346586 15min_rmse=2.833717 15min_mape=2.884244 | 30min_mae=1.690974 30min_rmse=3.867961 30min_mape=3.915565 | 60min_mae=1.988903 60min_rmse=4.663717 60min_mape=4.813296
[2026-09-12 12:40:26] INFO Epoch 068 | stage=standard | train_total=1.440032 | train_forecast=1.440032 | train_confidence=0.000000 | train_risk=0.000000 | train_blend=0.000000 | val_total=1.626029 | val_mae=1.621735 | val_rmse=3.771310 | val_mape=3.735134 | val_confidence=0.000000 | val_risk=0.000000 | val_blend=0.000000 | batches=566/77 | seconds=381.73 | lr=[1.0000000000000002e-06] | cuda_peak_mb=5077.6
[2026-09-12 12:40:26] INFO Val horizons | 15min_mae=1.346419 15min_rmse=2.833180 15min_mape=2.881812 | 30min_mae=1.690543 30min_rmse=3.865973 30min_mape=3.908457 | 60min_mae=1.988973 60min_rmse=4.662712 60min_mape=4.802440
[2026-09-12 12:46:48] INFO Epoch 069 | stage=standard | train_total=1.439781 | train_forecast=1.439781 | train_confidence=0.000000 | train_risk=0.000000 | train_blend=0.000000 | val_total=1.626195 | val_mae=1.621890 | val_rmse=3.772285 | val_mape=3.741195 | val_confidence=0.000000 | val_risk=0.000000 | val_blend=0.000000 | batches=566/77 | seconds=381.92 | lr=[1.0000000000000002e-06] | cuda_peak_mb=5077.6
[2026-09-12 12:46:48] INFO Val horizons | 15min_mae=1.346516 15min_rmse=2.833505 15min_mape=2.883920 | 30min_mae=1.690821 30min_rmse=3.867207 30min_mape=3.914629 | 60min_mae=1.988916 60min_rmse=4.663529 60min_mape=4.812981
[2026-09-12 12:53:10] INFO Epoch 070 | stage=standard | train_total=1.439759 | train_forecast=1.439759 | train_confidence=0.000000 | train_risk=0.000000 | train_blend=0.000000 | val_total=1.626199 | val_mae=1.621904 | val_rmse=3.772148 | val_mape=3.738468 | val_confidence=0.000000 | val_risk=0.000000 | val_blend=0.000000 | batches=566/77 | seconds=381.89 | lr=[1.0000000000000002e-06] | cuda_peak_mb=5077.6
[2026-09-12 12:53:10] INFO Val horizons | 15min_mae=1.346572 15min_rmse=2.833522 15min_mape=2.883420 | 30min_mae=1.690831 30min_rmse=3.867213 30min_mape=3.912360 | 60min_mae=1.988980 60min_rmse=4.663249 60min_mape=4.807286
[2026-09-12 12:59:32] INFO Epoch 071 | stage=standard | train_total=1.439465 | train_forecast=1.439465 | train_confidence=0.000000 | train_risk=0.000000 | train_blend=0.000000 | val_total=1.626194 | val_mae=1.621889 | val_rmse=3.771877 | val_mape=3.741457 | val_confidence=0.000000 | val_risk=0.000000 | val_blend=0.000000 | batches=566/77 | seconds=381.95 | lr=[1.0000000000000002e-06] | cuda_peak_mb=5077.6
[2026-09-12 12:59:32] INFO Val horizons | 15min_mae=1.346569 15min_rmse=2.833417 15min_mape=2.884225 | 30min_mae=1.690891 30min_rmse=3.867103 30min_mape=3.915270 | 60min_mae=1.988725 60min_rmse=4.662391 60min_mape=4.812626
[2026-09-12 13:05:54] INFO Epoch 072 | stage=standard | train_total=1.439284 | train_forecast=1.439284 | train_confidence=0.000000 | train_risk=0.000000 | train_blend=0.000000 | val_total=1.626238 | val_mae=1.621923 | val_rmse=3.771781 | val_mape=3.743465 | val_confidence=0.000000 | val_risk=0.000000 | val_blend=0.000000 | batches=566/77 | seconds=381.92 | lr=[1.0000000000000002e-06] | cuda_peak_mb=5077.6
[2026-09-12 13:05:54] INFO Val horizons | 15min_mae=1.346618 15min_rmse=2.833315 15min_mape=2.884969 | 30min_mae=1.690986 30min_rmse=3.867129 30min_mape=3.917353 | 60min_mae=1.988616 60min_rmse=4.662035 60min_mape=4.815987
[2026-09-12 13:12:16] INFO Epoch 073 | stage=standard | train_total=1.439856 | train_forecast=1.439856 | train_confidence=0.000000 | train_risk=0.000000 | train_blend=0.000000 | val_total=1.626160 | val_mae=1.621858 | val_rmse=3.772401 | val_mape=3.738801 | val_confidence=0.000000 | val_risk=0.000000 | val_blend=0.000000 | batches=566/77 | seconds=382.04 | lr=[1.0000000000000002e-06] | cuda_peak_mb=5077.6
[2026-09-12 13:12:16] INFO Val horizons | 15min_mae=1.346541 15min_rmse=2.833532 15min_mape=2.883372 | 30min_mae=1.690774 30min_rmse=3.867238 30min_mape=3.912558 | 60min_mae=1.988856 60min_rmse=4.663800 60min_mape=4.807861
[2026-09-12 13:18:38] INFO Epoch 074 | stage=standard | train_total=1.439370 | train_forecast=1.439370 | train_confidence=0.000000 | train_risk=0.000000 | train_blend=0.000000 | val_total=1.626362 | val_mae=1.622052 | val_rmse=3.773405 | val_mape=3.743035 | val_confidence=0.000000 | val_risk=0.000000 | val_blend=0.000000 | batches=566/77 | seconds=381.98 | lr=[1.0000000000000002e-06] | cuda_peak_mb=5077.6
[2026-09-12 13:18:38] INFO Val horizons | 15min_mae=1.346662 15min_rmse=2.833852 15min_mape=2.884889 | 30min_mae=1.691058 30min_rmse=3.868445 30min_mape=3.916888 | 60min_mae=1.988996 60min_rmse=4.664985 60min_mape=4.815412
[2026-09-12 13:25:00] INFO Epoch 075 | stage=standard | train_total=1.439695 | train_forecast=1.439695 | train_confidence=0.000000 | train_risk=0.000000 | train_blend=0.000000 | val_total=1.626268 | val_mae=1.621971 | val_rmse=3.773234 | val_mape=3.739446 | val_confidence=0.000000 | val_risk=0.000000 | val_blend=0.000000 | batches=566/77 | seconds=381.71 | lr=[1.0000000000000002e-06] | cuda_peak_mb=5077.6
[2026-09-12 13:25:00] INFO Val horizons | 15min_mae=1.346587 15min_rmse=2.833921 15min_mape=2.883555 | 30min_mae=1.690846 30min_rmse=3.867957 30min_mape=3.912952 | 60min_mae=1.989164 60min_rmse=4.665275 60min_mape=4.809620
[2026-09-12 13:31:21] INFO Epoch 076 | stage=standard | train_total=1.439444 | train_forecast=1.439444 | train_confidence=0.000000 | train_risk=0.000000 | train_blend=0.000000 | val_total=1.626246 | val_mae=1.621956 | val_rmse=3.772623 | val_mape=3.736632 | val_confidence=0.000000 | val_risk=0.000000 | val_blend=0.000000 | batches=566/77 | seconds=381.52 | lr=[1.0000000000000002e-06] | cuda_peak_mb=5077.6
[2026-09-12 13:31:21] INFO Val horizons | 15min_mae=1.346576 15min_rmse=2.833723 15min_mape=2.882837 | 30min_mae=1.690770 30min_rmse=3.867286 30min_mape=3.910337 | 60min_mae=1.989290 60min_rmse=4.664581 60min_mape=4.804265
[2026-09-12 13:37:43] INFO Epoch 077 | stage=standard | train_total=1.439854 | train_forecast=1.439854 | train_confidence=0.000000 | train_risk=0.000000 | train_blend=0.000000 | val_total=1.626079 | val_mae=1.621769 | val_rmse=3.771169 | val_mape=3.742344 | val_confidence=0.000000 | val_risk=0.000000 | val_blend=0.000000 | batches=566/77 | seconds=381.79 | lr=[1.0000000000000002e-06] | cuda_peak_mb=5077.6
[2026-09-12 13:37:43] INFO Val horizons | 15min_mae=1.346633 15min_rmse=2.833220 15min_mape=2.885167 | 30min_mae=1.690905 30min_rmse=3.866938 30min_mape=3.916986 | 60min_mae=1.988185 60min_rmse=4.660437 60min_mape=4.812363
[2026-09-12 13:44:04] INFO Epoch 078 | stage=standard | train_total=1.439191 | train_forecast=1.439191 | train_confidence=0.000000 | train_risk=0.000000 | train_blend=0.000000 | val_total=1.626318 | val_mae=1.622012 | val_rmse=3.773542 | val_mape=3.741722 | val_confidence=0.000000 | val_risk=0.000000 | val_blend=0.000000 | batches=566/77 | seconds=381.32 | lr=[1.0000000000000002e-06] | cuda_peak_mb=5077.6
[2026-09-12 13:44:04] INFO Val horizons | 15min_mae=1.346628 15min_rmse=2.833901 15min_mape=2.884315 | 30min_mae=1.690944 30min_rmse=3.868269 30min_mape=3.915298 | 60min_mae=1.989077 60min_rmse=4.665677 60min_mape=4.813558
[2026-09-12 13:50:26] INFO Epoch 079 | stage=standard | train_total=1.439411 | train_forecast=1.439411 | train_confidence=0.000000 | train_risk=0.000000 | train_blend=0.000000 | val_total=1.626137 | val_mae=1.621838 | val_rmse=3.772740 | val_mape=3.737238 | val_confidence=0.000000 | val_risk=0.000000 | val_blend=0.000000 | batches=566/77 | seconds=381.67 | lr=[1.0000000000000002e-06] | cuda_peak_mb=5077.6
[2026-09-12 13:50:26] INFO Val horizons | 15min_mae=1.346515 15min_rmse=2.833646 15min_mape=2.882636 | 30min_mae=1.690641 30min_rmse=3.867146 30min_mape=3.910482 | 60min_mae=1.989148 60min_rmse=4.665314 60min_mape=4.806435
[2026-09-12 13:56:48] INFO Epoch 080 | stage=standard | train_total=1.439523 | train_forecast=1.439523 | train_confidence=0.000000 | train_risk=0.000000 | train_blend=0.000000 | val_total=1.626255 | val_mae=1.621950 | val_rmse=3.772593 | val_mape=3.742692 | val_confidence=0.000000 | val_risk=0.000000 | val_blend=0.000000 | batches=566/77 | seconds=381.76 | lr=[1.0000000000000002e-06] | cuda_peak_mb=5077.6
[2026-09-12 13:56:48] INFO Val horizons | 15min_mae=1.346627 15min_rmse=2.833652 15min_mape=2.884774 | 30min_mae=1.690968 30min_rmse=3.867925 30min_mape=3.916618 | 60min_mae=1.988814 60min_rmse=4.663348 60min_mape=4.814766
[2026-09-12 14:03:10] INFO Epoch 081 | stage=standard | train_total=1.439415 | train_forecast=1.439415 | train_confidence=0.000000 | train_risk=0.000000 | train_blend=0.000000 | val_total=1.626548 | val_mae=1.622235 | val_rmse=3.774157 | val_mape=3.745569 | val_confidence=0.000000 | val_risk=0.000000 | val_blend=0.000000 | batches=566/77 | seconds=381.97 | lr=[1.0000000000000002e-06] | cuda_peak_mb=5077.6
[2026-09-12 14:03:10] INFO Val horizons | 15min_mae=1.346750 15min_rmse=2.834148 15min_mape=2.885569 | 30min_mae=1.691261 30min_rmse=3.869180 30min_mape=3.919218 | 60min_mae=1.989222 60min_rmse=4.665990 60min_mape=4.820279
[2026-09-12 14:09:31] INFO Epoch 082 | stage=standard | train_total=1.439214 | train_forecast=1.439214 | train_confidence=0.000000 | train_risk=0.000000 | train_blend=0.000000 | val_total=1.626265 | val_mae=1.621961 | val_rmse=3.772904 | val_mape=3.740647 | val_confidence=0.000000 | val_risk=0.000000 | val_blend=0.000000 | batches=566/77 | seconds=381.75 | lr=[1.0000000000000002e-06] | cuda_peak_mb=5077.6
[2026-09-12 14:09:31] INFO Val horizons | 15min_mae=1.346571 15min_rmse=2.833760 15min_mape=2.883650 | 30min_mae=1.690830 30min_rmse=3.867610 30min_mape=3.913770 | 60min_mae=1.989197 60min_rmse=4.664964 60min_mape=4.812849
[2026-09-12 14:15:53] INFO Epoch 083 | stage=standard | train_total=1.439222 | train_forecast=1.439222 | train_confidence=0.000000 | train_risk=0.000000 | train_blend=0.000000 | val_total=1.626366 | val_mae=1.622066 | val_rmse=3.773729 | val_mape=3.740224 | val_confidence=0.000000 | val_risk=0.000000 | val_blend=0.000000 | batches=566/77 | seconds=381.73 | lr=[1.0000000000000002e-06] | cuda_peak_mb=5077.6
[2026-09-12 14:15:53] INFO Val horizons | 15min_mae=1.346654 15min_rmse=2.834029 15min_mape=2.883850 | 30min_mae=1.690954 30min_rmse=3.868428 30min_mape=3.913795 | 60min_mae=1.989313 60min_rmse=4.666141 60min_mape=4.811102
[2026-09-12 14:22:15] INFO Epoch 084 | stage=standard | train_total=1.439285 | train_forecast=1.439285 | train_confidence=0.000000 | train_risk=0.000000 | train_blend=0.000000 | val_total=1.626488 | val_mae=1.622168 | val_rmse=3.774293 | val_mape=3.745521 | val_confidence=0.000000 | val_risk=0.000000 | val_blend=0.000000 | batches=566/77 | seconds=381.62 | lr=[1.0000000000000002e-06] | cuda_peak_mb=5077.6
[2026-09-12 14:22:15] INFO Val horizons | 15min_mae=1.346684 15min_rmse=2.834076 15min_mape=2.885480 | 30min_mae=1.691148 30min_rmse=3.869170 30min_mape=3.919007 | 60min_mae=1.989273 60min_rmse=4.666690 60min_mape=4.820797
[2026-09-12 14:28:36] INFO Epoch 085 | stage=standard | train_total=1.439415 | train_forecast=1.439415 | train_confidence=0.000000 | train_risk=0.000000 | train_blend=0.000000 | val_total=1.626215 | val_mae=1.621912 | val_rmse=3.772632 | val_mape=3.739761 | val_confidence=0.000000 | val_risk=0.000000 | val_blend=0.000000 | batches=566/77 | seconds=381.63 | lr=[1.0000000000000002e-06] | cuda_peak_mb=5077.6
[2026-09-12 14:28:36] INFO Val horizons | 15min_mae=1.346598 15min_rmse=2.833747 15min_mape=2.883799 | 30min_mae=1.690840 30min_rmse=3.867657 30min_mape=3.913552 | 60min_mae=1.988931 60min_rmse=4.663970 60min_mape=4.809772
[2026-09-12 14:34:58] INFO Epoch 086 | stage=standard | train_total=1.439179 | train_forecast=1.439179 | train_confidence=0.000000 | train_risk=0.000000 | train_blend=0.000000 | val_total=1.625965 | val_mae=1.621693 | val_rmse=3.771178 | val_mape=3.729899 | val_confidence=0.000000 | val_risk=0.000000 | val_blend=0.000000 | batches=566/77 | seconds=381.18 | lr=[1.0000000000000002e-06] | cuda_peak_mb=5077.6
[2026-09-12 14:34:58] INFO Val horizons | 15min_mae=1.346439 15min_rmse=2.833364 15min_mape=2.880459 | 30min_mae=1.690335 30min_rmse=3.865585 30min_mape=3.903322 | 60min_mae=1.989340 60min_rmse=4.663202 60min_mape=4.793260
[2026-09-12 14:41:19] INFO Epoch 087 | stage=standard | train_total=1.439130 | train_forecast=1.439130 | train_confidence=0.000000 | train_risk=0.000000 | train_blend=0.000000 | val_total=1.626438 | val_mae=1.622114 | val_rmse=3.773511 | val_mape=3.746727 | val_confidence=0.000000 | val_risk=0.000000 | val_blend=0.000000 | batches=566/77 | seconds=381.40 | lr=[1.0000000000000002e-06] | cuda_peak_mb=5077.6
[2026-09-12 14:41:19] INFO Val horizons | 15min_mae=1.346767 15min_rmse=2.833931 15min_mape=2.886364 | 30min_mae=1.691235 30min_rmse=3.868908 30min_mape=3.920877 | 60min_mae=1.988830 60min_rmse=4.664619 60min_mape=4.821512
[2026-09-12 14:47:40] INFO Epoch 088 | stage=standard | train_total=1.439137 | train_forecast=1.439137 | train_confidence=0.000000 | train_risk=0.000000 | train_blend=0.000000 | val_total=1.626228 | val_mae=1.621929 | val_rmse=3.772349 | val_mape=3.739096 | val_confidence=0.000000 | val_risk=0.000000 | val_blend=0.000000 | batches=566/77 | seconds=381.31 | lr=[1.0000000000000002e-06] | cuda_peak_mb=5077.6
[2026-09-12 14:47:40] INFO Val horizons | 15min_mae=1.346649 15min_rmse=2.833689 15min_mape=2.883865 | 30min_mae=1.690889 30min_rmse=3.867602 30min_mape=3.913253 | 60min_mae=1.988894 60min_rmse=4.663211 60min_mape=4.807885
[2026-09-12 14:54:01] INFO Epoch 089 | stage=standard | train_total=1.439042 | train_forecast=1.439042 | train_confidence=0.000000 | train_risk=0.000000 | train_blend=0.000000 | val_total=1.626228 | val_mae=1.621924 | val_rmse=3.772540 | val_mape=3.740226 | val_confidence=0.000000 | val_risk=0.000000 | val_blend=0.000000 | batches=566/77 | seconds=381.07 | lr=[1.0000000000000002e-06] | cuda_peak_mb=5077.6
[2026-09-12 14:54:01] INFO Val horizons | 15min_mae=1.346632 15min_rmse=2.833692 15min_mape=2.884103 | 30min_mae=1.690854 30min_rmse=3.867601 30min_mape=3.914107 | 60min_mae=1.988949 60min_rmse=4.663837 60min_mape=4.810457
[2026-09-12 15:00:22] INFO Epoch 090 | stage=standard | train_total=1.439317 | train_forecast=1.439317 | train_confidence=0.000000 | train_risk=0.000000 | train_blend=0.000000 | val_total=1.626340 | val_mae=1.622035 | val_rmse=3.773410 | val_mape=3.741980 | val_confidence=0.000000 | val_risk=0.000000 | val_blend=0.000000 | batches=566/77 | seconds=380.99 | lr=[1.0000000000000002e-06] | cuda_peak_mb=5077.6
[2026-09-12 15:00:22] INFO Val horizons | 15min_mae=1.346672 15min_rmse=2.833934 15min_mape=2.884547 | 30min_mae=1.690974 30min_rmse=3.868295 30min_mape=3.915656 | 60min_mae=1.989106 60min_rmse=4.665327 60min_mape=4.813933
[2026-09-12 15:06:44] INFO Epoch 091 | stage=standard | train_total=1.438975 | train_forecast=1.438975 | train_confidence=0.000000 | train_risk=0.000000 | train_blend=0.000000 | val_total=1.626285 | val_mae=1.621977 | val_rmse=3.773014 | val_mape=3.740081 | val_confidence=0.000000 | val_risk=0.000000 | val_blend=0.000000 | batches=566/77 | seconds=381.21 | lr=[1.0000000000000002e-06] | cuda_peak_mb=5077.6
[2026-09-12 15:06:44] INFO Val horizons | 15min_mae=1.346660 15min_rmse=2.833794 15min_mape=2.883887 | 30min_mae=1.690909 30min_rmse=3.867956 30min_mape=3.913833 | 60min_mae=1.989060 60min_rmse=4.664846 60min_mape=4.810625
[2026-09-12 15:13:04] INFO Epoch 092 | stage=standard | train_total=1.438988 | train_forecast=1.438988 | train_confidence=0.000000 | train_risk=0.000000 | train_blend=0.000000 | val_total=1.626280 | val_mae=1.621984 | val_rmse=3.772585 | val_mape=3.739568 | val_confidence=0.000000 | val_risk=0.000000 | val_blend=0.000000 | batches=566/77 | seconds=380.77 | lr=[1.0000000000000002e-06] | cuda_peak_mb=5077.6
[2026-09-12 15:13:04] INFO Val horizons | 15min_mae=1.346685 15min_rmse=2.833829 15min_mape=2.884103 | 30min_mae=1.690903 30min_rmse=3.867725 30min_mape=3.913581 | 60min_mae=1.989058 60min_rmse=4.663728 60min_mape=4.808961
[2026-09-12 15:19:25] INFO Epoch 093 | stage=standard | train_total=1.438943 | train_forecast=1.438943 | train_confidence=0.000000 | train_risk=0.000000 | train_blend=0.000000 | val_total=1.626233 | val_mae=1.621943 | val_rmse=3.772735 | val_mape=3.737087 | val_confidence=0.000000 | val_risk=0.000000 | val_blend=0.000000 | batches=566/77 | seconds=381.07 | lr=[1.0000000000000002e-06] | cuda_peak_mb=5077.6
[2026-09-12 15:19:25] INFO Val horizons | 15min_mae=1.346628 15min_rmse=2.833829 15min_mape=2.883098 | 30min_mae=1.690779 30min_rmse=3.867563 30min_mape=3.910862 | 60min_mae=1.989212 60min_rmse=4.664563 60min_mape=4.805117
[2026-09-12 15:25:46] INFO Epoch 094 | stage=standard | train_total=1.438975 | train_forecast=1.438975 | train_confidence=0.000000 | train_risk=0.000000 | train_blend=0.000000 | val_total=1.626469 | val_mae=1.622165 | val_rmse=3.774222 | val_mape=3.741523 | val_confidence=0.000000 | val_risk=0.000000 | val_blend=0.000000 | batches=566/77 | seconds=381.09 | lr=[1.0000000000000002e-06] | cuda_peak_mb=5077.6
[2026-09-12 15:25:46] INFO Val horizons | 15min_mae=1.346726 15min_rmse=2.834268 15min_mape=2.884520 | 30min_mae=1.691060 30min_rmse=3.869027 30min_mape=3.915160 | 60min_mae=1.989438 60min_rmse=4.666709 60min_mape=4.813187
[2026-09-12 15:32:08] INFO Epoch 095 | stage=standard | train_total=1.438599 | train_forecast=1.438599 | train_confidence=0.000000 | train_risk=0.000000 | train_blend=0.000000 | val_total=1.626161 | val_mae=1.621859 | val_rmse=3.772688 | val_mape=3.738555 | val_confidence=0.000000 | val_risk=0.000000 | val_blend=0.000000 | batches=566/77 | seconds=381.15 | lr=[1.0000000000000002e-06] | cuda_peak_mb=5077.6
[2026-09-12 15:32:08] INFO Val horizons | 15min_mae=1.346642 15min_rmse=2.833802 15min_mape=2.883657 | 30min_mae=1.690754 30min_rmse=3.867542 30min_mape=3.912431 | 60min_mae=1.988866 60min_rmse=4.664383 60min_mape=4.807412
[2026-09-12 15:38:29] INFO Epoch 096 | stage=standard | train_total=1.438824 | train_forecast=1.438824 | train_confidence=0.000000 | train_risk=0.000000 | train_blend=0.000000 | val_total=1.626318 | val_mae=1.622026 | val_rmse=3.773843 | val_mape=3.737365 | val_confidence=0.000000 | val_risk=0.000000 | val_blend=0.000000 | batches=566/77 | seconds=381.34 | lr=[1.0000000000000002e-06] | cuda_peak_mb=5077.6
[2026-09-12 15:38:29] INFO Val horizons | 15min_mae=1.346636 15min_rmse=2.834167 15min_mape=2.882983 | 30min_mae=1.690785 30min_rmse=3.868295 30min_mape=3.910734 | 60min_mae=1.989528 60min_rmse=4.666894 60min_mape=4.806559
[2026-09-12 15:44:50] INFO Epoch 097 | stage=standard | train_total=1.438854 | train_forecast=1.438854 | train_confidence=0.000000 | train_risk=0.000000 | train_blend=0.000000 | val_total=1.626329 | val_mae=1.622019 | val_rmse=3.773429 | val_mape=3.743545 | val_confidence=0.000000 | val_risk=0.000000 | val_blend=0.000000 | batches=566/77 | seconds=381.11 | lr=[1.0000000000000002e-06] | cuda_peak_mb=5077.6
[2026-09-12 15:44:50] INFO Val horizons | 15min_mae=1.346748 15min_rmse=2.833999 15min_mape=2.885501 | 30min_mae=1.691060 30min_rmse=3.868768 30min_mape=3.917814 | 60min_mae=1.988826 60min_rmse=4.664670 60min_mape=4.815684
[2026-09-12 15:51:11] INFO Epoch 098 | stage=standard | train_total=1.438682 | train_forecast=1.438682 | train_confidence=0.000000 | train_risk=0.000000 | train_blend=0.000000 | val_total=1.626323 | val_mae=1.622020 | val_rmse=3.773312 | val_mape=3.743695 | val_confidence=0.000000 | val_risk=0.000000 | val_blend=0.000000 | batches=566/77 | seconds=380.96 | lr=[1.0000000000000002e-06] | cuda_peak_mb=5077.6
[2026-09-12 15:51:11] INFO Val horizons | 15min_mae=1.346808 15min_rmse=2.834081 15min_mape=2.886034 | 30min_mae=1.691130 30min_rmse=3.869044 30min_mape=3.918554 | 60min_mae=1.988634 60min_rmse=4.663706 60min_mape=4.814507
[2026-09-12 15:57:32] INFO Epoch 099 | stage=standard | train_total=1.438757 | train_forecast=1.438757 | train_confidence=0.000000 | train_risk=0.000000 | train_blend=0.000000 | val_total=1.626286 | val_mae=1.621994 | val_rmse=3.773804 | val_mape=3.738486 | val_confidence=0.000000 | val_risk=0.000000 | val_blend=0.000000 | batches=566/77 | seconds=381.28 | lr=[1.0000000000000002e-06] | cuda_peak_mb=5077.6
[2026-09-12 15:57:32] INFO Val horizons | 15min_mae=1.346684 15min_rmse=2.834181 15min_mape=2.883747 | 30min_mae=1.690838 30min_rmse=3.868570 30min_mape=3.912395 | 60min_mae=1.989252 60min_rmse=4.666249 60min_mape=4.807418
[2026-09-12 16:03:53] INFO Epoch 100 | stage=standard | train_total=1.438628 | train_forecast=1.438628 | train_confidence=0.000000 | train_risk=0.000000 | train_blend=0.000000 | val_total=1.626391 | val_mae=1.622092 | val_rmse=3.773579 | val_mape=3.741711 | val_confidence=0.000000 | val_risk=0.000000 | val_blend=0.000000 | batches=566/77 | seconds=381.01 | lr=[1.0000000000000002e-06] | cuda_peak_mb=5077.6
[2026-09-12 16:03:53] INFO Val horizons | 15min_mae=1.346761 15min_rmse=2.834181 15min_mape=2.884792 | 30min_mae=1.691036 30min_rmse=3.868699 30min_mape=3.915681 | 60min_mae=1.989128 60min_rmse=4.665132 60min_mape=4.812835
[2026-09-12 16:03:53] INFO Downstream training finished | best_val_mae=1.621603 | checkpoint=C:\Users\clw\projects\researchRep\STAnchor-BlockMemory\artifacts\cross_dataset_pemsbay\pemsbay_baseonly_dcrnn_seed42\downstream_best.pt
