[2026-09-12 20:49:05] INFO Downstream start | run=cross_dataset_pemsbay/pemsbay_source_router_st_ssdl_seed42 | device=cuda:0 (requested=cuda:0) | seed=42 | output=C:\Users\clw\projects\researchRep\STAnchor-BlockMemory\artifacts\cross_dataset_pemsbay\pemsbay_source_router_st_ssdl_seed42
[2026-09-12 20:49:05] INFO Mode | downstream_mode=learned_topk_error_aware | training_protocol=posthoc_frozen_base | candidate_protocol=weekday_radius1_overlap | candidate_ranking=learned_key | candidate_payload=offset_decay
[2026-09-12 20:49:05] INFO Downstream initialization | seed=42 | state_hash=c5d07ec490320274
[2026-09-12 20:49:05] INFO Frozen base | checkpoint=C:\Users\clw\projects\researchRep\STAnchor-BlockMemory\artifacts\cross_dataset_pemsbay\pemsbay_baseonly_st_ssdl_seed42\downstream_best.pt | fingerprint=e7f7e1e95d3b57c9
[2026-09-12 20:49:05] INFO Data | steps=52116 | nodes=325 | channels=1 | training_scope=full_train | memory/post_memory/train_selected/val/test=25327/10855/36182/4912/10125
[2026-09-12 20:49:05] INFO Bank/retrieval | dataset=pemsbay_source_queue | events=25327 | nodes=325 | retrieval_dim=64 | event_top_r=96 | node_top_k=12 | key_dtype=float16
[2026-09-12 20:49:05] INFO Frozen path cache | enabled=yes | candidate_ranking=learned_key | fill=first_epoch
[2026-09-12 20:49:05] INFO Parameters | downstream_total=1,533,799 | downstream_trainable=879,693 | backbone=0 | confidence_head=0 | fusion=0 | frozen_pretrained=958,704
[2026-09-12 20:49:05] INFO Optimization | epochs=50 | batch_size=32 | optimizer=adam | lr=0.0005 | weight_decay=0.0001 | scheduler=step_lr | step_size=10 | gamma=0.500 | confidence_weight=0.000 | patience=20 | early_stopping=disabled
[2026-09-12 20:49:07] INFO Stage start | stage=posthoc_calibrator | epochs=50 | optimizer_lrs=[0.0005]
[2026-09-12 21:09:14] INFO Epoch 001 | stage=posthoc_calibrator | train_total=1.381871 | train_forecast=1.381871 | train_confidence=0.000000 | train_risk=0.000000 | train_blend=0.000000 | val_total=1.549886 | val_mae=1.545228 | val_rmse=3.658189 | val_mape=3.506402 | val_confidence=0.000000 | val_risk=0.000000 | val_blend=0.000000 | batches=1131/154 | seconds=1207.20 | lr=[0.0005] | cuda_peak_mb=5436.3
[2026-09-12 21:09:14] INFO Val horizons | 15min_mae=1.289929 15min_rmse=2.763260 15min_mape=2.736000 | 30min_mae=1.605752 30min_rmse=3.743989 30min_mape=3.653114 | 60min_mae=1.895264 60min_rmse=4.532081 60min_mape=4.506987
[2026-09-12 21:09:14] INFO Checkpoint updated | epoch=1 | stage=posthoc_calibrator | best_val_mae=1.545228 | path=C:\Users\clw\projects\researchRep\STAnchor-BlockMemory\artifacts\cross_dataset_pemsbay\pemsbay_source_router_st_ssdl_seed42\downstream_best.pt
[2026-09-12 21:11:48] INFO Epoch 002 | stage=posthoc_calibrator | train_total=1.374923 | train_forecast=1.374923 | train_confidence=0.000000 | train_risk=0.000000 | train_blend=0.000000 | val_total=1.548879 | val_mae=1.544194 | val_rmse=3.647207 | val_mape=3.492016 | val_confidence=0.000000 | val_risk=0.000000 | val_blend=0.000000 | batches=1131/154 | seconds=154.35 | lr=[0.0005] | cuda_peak_mb=2208.0
[2026-09-12 21:11:48] INFO Val horizons | 15min_mae=1.289545 15min_rmse=2.765330 15min_mape=2.734490 | 30min_mae=1.603920 30min_rmse=3.734285 30min_mape=3.641954 | 60min_mae=1.894796 60min_rmse=4.512379 60min_mape=4.474739
[2026-09-12 21:11:48] INFO Checkpoint updated | epoch=2 | stage=posthoc_calibrator | best_val_mae=1.544194 | path=C:\Users\clw\projects\researchRep\STAnchor-BlockMemory\artifacts\cross_dataset_pemsbay\pemsbay_source_router_st_ssdl_seed42\downstream_best.pt
[2026-09-12 21:14:21] INFO Epoch 003 | stage=posthoc_calibrator | train_total=1.373782 | train_forecast=1.373782 | train_confidence=0.000000 | train_risk=0.000000 | train_blend=0.000000 | val_total=1.548769 | val_mae=1.544114 | val_rmse=3.668920 | val_mape=3.490884 | val_confidence=0.000000 | val_risk=0.000000 | val_blend=0.000000 | batches=1131/154 | seconds=153.14 | lr=[0.0005] | cuda_peak_mb=2208.4
[2026-09-12 21:14:21] INFO Val horizons | 15min_mae=1.289402 15min_rmse=2.772057 15min_mape=2.726268 | 30min_mae=1.603724 30min_rmse=3.750227 30min_mape=3.629328 | 60min_mae=1.896071 60min_rmse=4.563299 60min_mape=4.503433
[2026-09-12 21:14:22] INFO Checkpoint updated | epoch=3 | stage=posthoc_calibrator | best_val_mae=1.544114 | path=C:\Users\clw\projects\researchRep\STAnchor-BlockMemory\artifacts\cross_dataset_pemsbay\pemsbay_source_router_st_ssdl_seed42\downstream_best.pt
[2026-09-12 21:16:54] INFO Epoch 004 | stage=posthoc_calibrator | train_total=1.372955 | train_forecast=1.372955 | train_confidence=0.000000 | train_risk=0.000000 | train_blend=0.000000 | val_total=1.548055 | val_mae=1.543396 | val_rmse=3.658139 | val_mape=3.477360 | val_confidence=0.000000 | val_risk=0.000000 | val_blend=0.000000 | batches=1131/154 | seconds=152.77 | lr=[0.0005] | cuda_peak_mb=2207.5
[2026-09-12 21:16:54] INFO Val horizons | 15min_mae=1.289574 15min_rmse=2.770339 15min_mape=2.724865 | 30min_mae=1.604545 30min_rmse=3.749770 30min_mape=3.624052 | 60min_mae=1.890238 60min_rmse=4.523367 60min_mape=4.457536
[2026-09-12 21:16:54] INFO Checkpoint updated | epoch=4 | stage=posthoc_calibrator | best_val_mae=1.543396 | path=C:\Users\clw\projects\researchRep\STAnchor-BlockMemory\artifacts\cross_dataset_pemsbay\pemsbay_source_router_st_ssdl_seed42\downstream_best.pt
[2026-09-12 21:19:27] INFO Epoch 005 | stage=posthoc_calibrator | train_total=1.372271 | train_forecast=1.372271 | train_confidence=0.000000 | train_risk=0.000000 | train_blend=0.000000 | val_total=1.546073 | val_mae=1.541438 | val_rmse=3.630509 | val_mape=3.493907 | val_confidence=0.000000 | val_risk=0.000000 | val_blend=0.000000 | batches=1131/154 | seconds=152.74 | lr=[0.0005] | cuda_peak_mb=2208.0
[2026-09-12 21:19:27] INFO Val horizons | 15min_mae=1.289473 15min_rmse=2.763102 15min_mape=2.732101 | 30min_mae=1.602928 30min_rmse=3.727497 30min_mape=3.646007 | 60min_mae=1.886094 60min_rmse=4.476475 60min_mape=4.473621
[2026-09-12 21:19:27] INFO Checkpoint updated | epoch=5 | stage=posthoc_calibrator | best_val_mae=1.541438 | path=C:\Users\clw\projects\researchRep\STAnchor-BlockMemory\artifacts\cross_dataset_pemsbay\pemsbay_source_router_st_ssdl_seed42\downstream_best.pt
[2026-09-12 21:22:00] INFO Epoch 006 | stage=posthoc_calibrator | train_total=1.371861 | train_forecast=1.371861 | train_confidence=0.000000 | train_risk=0.000000 | train_blend=0.000000 | val_total=1.546272 | val_mae=1.541655 | val_rmse=3.646267 | val_mape=3.510165 | val_confidence=0.000000 | val_risk=0.000000 | val_blend=0.000000 | batches=1131/154 | seconds=152.41 | lr=[0.0005] | cuda_peak_mb=2208.0
[2026-09-12 21:22:00] INFO Val horizons | 15min_mae=1.289076 15min_rmse=2.762336 15min_mape=2.736775 | 30min_mae=1.602001 30min_rmse=3.726292 30min_mape=3.656208 | 60min_mae=1.889475 60min_rmse=4.523841 60min_mape=4.517898
[2026-09-12 21:24:32] INFO Epoch 007 | stage=posthoc_calibrator | train_total=1.371266 | train_forecast=1.371266 | train_confidence=0.000000 | train_risk=0.000000 | train_blend=0.000000 | val_total=1.547597 | val_mae=1.542965 | val_rmse=3.665848 | val_mape=3.484246 | val_confidence=0.000000 | val_risk=0.000000 | val_blend=0.000000 | batches=1131/154 | seconds=152.55 | lr=[0.0005] | cuda_peak_mb=2208.0
[2026-09-12 21:24:32] INFO Val horizons | 15min_mae=1.288956 15min_rmse=2.772795 15min_mape=2.723721 | 30min_mae=1.603856 30min_rmse=3.756556 30min_mape=3.626572 | 60min_mae=1.891317 60min_rmse=4.542407 60min_mape=4.483357
[2026-09-12 21:27:04] INFO Epoch 008 | stage=posthoc_calibrator | train_total=1.370877 | train_forecast=1.370877 | train_confidence=0.000000 | train_risk=0.000000 | train_blend=0.000000 | val_total=1.551927 | val_mae=1.547391 | val_rmse=3.658464 | val_mape=3.562215 | val_confidence=0.000000 | val_risk=0.000000 | val_blend=0.000000 | batches=1131/154 | seconds=152.39 | lr=[0.0005] | cuda_peak_mb=2208.0
[2026-09-12 21:27:04] INFO Val horizons | 15min_mae=1.290346 15min_rmse=2.762684 15min_mape=2.749993 | 30min_mae=1.605730 30min_rmse=3.733453 30min_mape=3.701241 | 60min_mae=1.903721 60min_rmse=4.551442 60min_mape=4.627200
[2026-09-12 21:29:37] INFO Epoch 009 | stage=posthoc_calibrator | train_total=1.370644 | train_forecast=1.370644 | train_confidence=0.000000 | train_risk=0.000000 | train_blend=0.000000 | val_total=1.549240 | val_mae=1.544705 | val_rmse=3.671572 | val_mape=3.527264 | val_confidence=0.000000 | val_risk=0.000000 | val_blend=0.000000 | batches=1131/154 | seconds=152.51 | lr=[0.0005] | cuda_peak_mb=2208.0
[2026-09-12 21:29:37] INFO Val horizons | 15min_mae=1.289335 15min_rmse=2.772631 15min_mape=2.732038 | 30min_mae=1.605206 30min_rmse=3.756527 30min_mape=3.661731 | 60min_mae=1.896458 60min_rmse=4.564011 60min_mape=4.577287
[2026-09-12 21:32:09] INFO Epoch 010 | stage=posthoc_calibrator | train_total=1.370412 | train_forecast=1.370412 | train_confidence=0.000000 | train_risk=0.000000 | train_blend=0.000000 | val_total=1.548303 | val_mae=1.543788 | val_rmse=3.665351 | val_mape=3.525161 | val_confidence=0.000000 | val_risk=0.000000 | val_blend=0.000000 | batches=1131/154 | seconds=152.46 | lr=[0.0005] | cuda_peak_mb=2208.0
[2026-09-12 21:32:09] INFO Val horizons | 15min_mae=1.289274 15min_rmse=2.769739 15min_mape=2.736163 | 30min_mae=1.603595 30min_rmse=3.745575 30min_mape=3.665462 | 60min_mae=1.895712 60min_rmse=4.558248 60min_mape=4.562348
[2026-09-12 21:34:42] INFO Epoch 011 | stage=posthoc_calibrator | train_total=1.369455 | train_forecast=1.369455 | train_confidence=0.000000 | train_risk=0.000000 | train_blend=0.000000 | val_total=1.547125 | val_mae=1.542524 | val_rmse=3.664332 | val_mape=3.497340 | val_confidence=0.000000 | val_risk=0.000000 | val_blend=0.000000 | batches=1131/154 | seconds=152.54 | lr=[0.00025] | cuda_peak_mb=2208.0
[2026-09-12 21:34:42] INFO Val horizons | 15min_mae=1.288472 15min_rmse=2.769504 15min_mape=2.726752 | 30min_mae=1.603173 30min_rmse=3.752578 30min_mape=3.638978 | 60min_mae=1.891433 60min_rmse=4.544701 60min_mape=4.508574
[2026-09-12 21:37:14] INFO Epoch 012 | stage=posthoc_calibrator | train_total=1.369358 | train_forecast=1.369358 | train_confidence=0.000000 | train_risk=0.000000 | train_blend=0.000000 | val_total=1.546821 | val_mae=1.542225 | val_rmse=3.660286 | val_mape=3.501960 | val_confidence=0.000000 | val_risk=0.000000 | val_blend=0.000000 | batches=1131/154 | seconds=152.35 | lr=[0.00025] | cuda_peak_mb=2208.0
[2026-09-12 21:37:14] INFO Val horizons | 15min_mae=1.288395 15min_rmse=2.765979 15min_mape=2.727255 | 30min_mae=1.602419 30min_rmse=3.743727 30min_mape=3.644060 | 60min_mae=1.891628 60min_rmse=4.545726 60min_mape=4.511744
[2026-09-12 21:39:47] INFO Epoch 013 | stage=posthoc_calibrator | train_total=1.369242 | train_forecast=1.369242 | train_confidence=0.000000 | train_risk=0.000000 | train_blend=0.000000 | val_total=1.545484 | val_mae=1.540913 | val_rmse=3.649904 | val_mape=3.505655 | val_confidence=0.000000 | val_risk=0.000000 | val_blend=0.000000 | batches=1131/154 | seconds=152.35 | lr=[0.00025] | cuda_peak_mb=2208.0
[2026-09-12 21:39:47] INFO Val horizons | 15min_mae=1.288566 15min_rmse=2.768147 15min_mape=2.730535 | 30min_mae=1.602183 30min_rmse=3.739999 30min_mape=3.650319 | 60min_mae=1.886841 60min_rmse=4.518389 60min_mape=4.514550
[2026-09-12 21:39:47] INFO Checkpoint updated | epoch=13 | stage=posthoc_calibrator | best_val_mae=1.540913 | path=C:\Users\clw\projects\researchRep\STAnchor-BlockMemory\artifacts\cross_dataset_pemsbay\pemsbay_source_router_st_ssdl_seed42\downstream_best.pt
[2026-09-12 21:42:19] INFO Epoch 014 | stage=posthoc_calibrator | train_total=1.369020 | train_forecast=1.369020 | train_confidence=0.000000 | train_risk=0.000000 | train_blend=0.000000 | val_total=1.545529 | val_mae=1.540901 | val_rmse=3.646232 | val_mape=3.478594 | val_confidence=0.000000 | val_risk=0.000000 | val_blend=0.000000 | batches=1131/154 | seconds=152.53 | lr=[0.00025] | cuda_peak_mb=2208.0
[2026-09-12 21:42:19] INFO Val horizons | 15min_mae=1.288140 15min_rmse=2.761503 15min_mape=2.720502 | 30min_mae=1.601728 30min_rmse=3.735692 30min_mape=3.619433 | 60min_mae=1.887041 60min_rmse=4.513364 60min_mape=4.472115
[2026-09-12 21:42:19] INFO Checkpoint updated | epoch=14 | stage=posthoc_calibrator | best_val_mae=1.540901 | path=C:\Users\clw\projects\researchRep\STAnchor-BlockMemory\artifacts\cross_dataset_pemsbay\pemsbay_source_router_st_ssdl_seed42\downstream_best.pt
[2026-09-12 21:44:52] INFO Epoch 015 | stage=posthoc_calibrator | train_total=1.368811 | train_forecast=1.368811 | train_confidence=0.000000 | train_risk=0.000000 | train_blend=0.000000 | val_total=1.547915 | val_mae=1.543352 | val_rmse=3.662486 | val_mape=3.521604 | val_confidence=0.000000 | val_risk=0.000000 | val_blend=0.000000 | batches=1131/154 | seconds=152.56 | lr=[0.00025] | cuda_peak_mb=2208.0
[2026-09-12 21:44:52] INFO Val horizons | 15min_mae=1.288763 15min_rmse=2.768019 15min_mape=2.732893 | 30min_mae=1.603768 30min_rmse=3.747436 30min_mape=3.661775 | 60min_mae=1.893367 60min_rmse=4.546186 60min_mape=4.552632
[2026-09-12 21:47:24] INFO Epoch 016 | stage=posthoc_calibrator | train_total=1.368759 | train_forecast=1.368759 | train_confidence=0.000000 | train_risk=0.000000 | train_blend=0.000000 | val_total=1.544446 | val_mae=1.539863 | val_rmse=3.633020 | val_mape=3.501073 | val_confidence=0.000000 | val_risk=0.000000 | val_blend=0.000000 | batches=1131/154 | seconds=152.60 | lr=[0.00025] | cuda_peak_mb=2208.0
[2026-09-12 21:47:24] INFO Val horizons | 15min_mae=1.287799 15min_rmse=2.761568 15min_mape=2.725721 | 30min_mae=1.600924 30min_rmse=3.725856 30min_mape=3.641101 | 60min_mae=1.885525 60min_rmse=4.490796 60min_mape=4.511290
[2026-09-12 21:47:24] INFO Checkpoint updated | epoch=16 | stage=posthoc_calibrator | best_val_mae=1.539863 | path=C:\Users\clw\projects\researchRep\STAnchor-BlockMemory\artifacts\cross_dataset_pemsbay\pemsbay_source_router_st_ssdl_seed42\downstream_best.pt
[2026-09-12 21:49:57] INFO Epoch 017 | stage=posthoc_calibrator | train_total=1.368570 | train_forecast=1.368570 | train_confidence=0.000000 | train_risk=0.000000 | train_blend=0.000000 | val_total=1.547340 | val_mae=1.542761 | val_rmse=3.665649 | val_mape=3.505640 | val_confidence=0.000000 | val_risk=0.000000 | val_blend=0.000000 | batches=1131/154 | seconds=152.56 | lr=[0.00025] | cuda_peak_mb=2208.0
[2026-09-12 21:49:57] INFO Val horizons | 15min_mae=1.288023 15min_rmse=2.764889 15min_mape=2.724807 | 30min_mae=1.602803 30min_rmse=3.748999 30min_mape=3.639491 | 60min_mae=1.892967 60min_rmse=4.555892 60min_mape=4.535523
[2026-09-12 21:52:29] INFO Epoch 018 | stage=posthoc_calibrator | train_total=1.368587 | train_forecast=1.368587 | train_confidence=0.000000 | train_risk=0.000000 | train_blend=0.000000 | val_total=1.545525 | val_mae=1.541009 | val_rmse=3.645443 | val_mape=3.526220 | val_confidence=0.000000 | val_risk=0.000000 | val_blend=0.000000 | batches=1131/154 | seconds=152.35 | lr=[0.00025] | cuda_peak_mb=2208.0
[2026-09-12 21:52:29] INFO Val horizons | 15min_mae=1.288386 15min_rmse=2.759835 15min_mape=2.737447 | 30min_mae=1.602170 30min_rmse=3.725689 30min_mape=3.675205 | 60min_mae=1.887553 60min_rmse=4.525736 60min_mape=4.541015
[2026-09-12 21:55:02] INFO Epoch 019 | stage=posthoc_calibrator | train_total=1.368252 | train_forecast=1.368252 | train_confidence=0.000000 | train_risk=0.000000 | train_blend=0.000000 | val_total=1.547568 | val_mae=1.543042 | val_rmse=3.654838 | val_mape=3.534058 | val_confidence=0.000000 | val_risk=0.000000 | val_blend=0.000000 | batches=1131/154 | seconds=152.48 | lr=[0.00025] | cuda_peak_mb=2208.0
[2026-09-12 21:55:02] INFO Val horizons | 15min_mae=1.288520 15min_rmse=2.769111 15min_mape=2.731909 | 30min_mae=1.604005 30min_rmse=3.745240 30min_mape=3.670340 | 60min_mae=1.891430 60min_rmse=4.527821 60min_mape=4.580702
[2026-09-12 21:57:34] INFO Epoch 020 | stage=posthoc_calibrator | train_total=1.368379 | train_forecast=1.368379 | train_confidence=0.000000 | train_risk=0.000000 | train_blend=0.000000 | val_total=1.545189 | val_mae=1.540605 | val_rmse=3.650375 | val_mape=3.487719 | val_confidence=0.000000 | val_risk=0.000000 | val_blend=0.000000 | batches=1131/154 | seconds=152.49 | lr=[0.00025] | cuda_peak_mb=2208.0
[2026-09-12 21:57:34] INFO Val horizons | 15min_mae=1.287571 15min_rmse=2.762458 15min_mape=2.722389 | 30min_mae=1.601101 30min_rmse=3.737019 30min_mape=3.628129 | 60min_mae=1.887933 60min_rmse=4.525247 60min_mape=4.492194
[2026-09-12 22:00:07] INFO Epoch 021 | stage=posthoc_calibrator | train_total=1.367933 | train_forecast=1.367933 | train_confidence=0.000000 | train_risk=0.000000 | train_blend=0.000000 | val_total=1.546363 | val_mae=1.541744 | val_rmse=3.661775 | val_mape=3.488151 | val_confidence=0.000000 | val_risk=0.000000 | val_blend=0.000000 | batches=1131/154 | seconds=152.40 | lr=[0.000125] | cuda_peak_mb=2208.0
[2026-09-12 22:00:07] INFO Val horizons | 15min_mae=1.287924 15min_rmse=2.767350 15min_mape=2.722226 | 30min_mae=1.602600 30min_rmse=3.751379 30min_mape=3.629949 | 60min_mae=1.889282 60min_rmse=4.539217 60min_mape=4.490000
[2026-09-12 22:02:39] INFO Epoch 022 | stage=posthoc_calibrator | train_total=1.367721 | train_forecast=1.367721 | train_confidence=0.000000 | train_risk=0.000000 | train_blend=0.000000 | val_total=1.546156 | val_mae=1.541613 | val_rmse=3.652047 | val_mape=3.519596 | val_confidence=0.000000 | val_risk=0.000000 | val_blend=0.000000 | batches=1131/154 | seconds=152.33 | lr=[0.000125] | cuda_peak_mb=2208.0
[2026-09-12 22:02:39] INFO Val horizons | 15min_mae=1.288185 15min_rmse=2.764470 15min_mape=2.731217 | 30min_mae=1.602400 30min_rmse=3.737001 30min_mape=3.660269 | 60min_mae=1.889053 60min_rmse=4.530454 60min_mape=4.547882
[2026-09-12 22:05:12] INFO Epoch 023 | stage=posthoc_calibrator | train_total=1.367556 | train_forecast=1.367556 | train_confidence=0.000000 | train_risk=0.000000 | train_blend=0.000000 | val_total=1.545240 | val_mae=1.540623 | val_rmse=3.655041 | val_mape=3.483552 | val_confidence=0.000000 | val_risk=0.000000 | val_blend=0.000000 | batches=1131/154 | seconds=152.53 | lr=[0.000125] | cuda_peak_mb=2208.0
[2026-09-12 22:05:12] INFO Val horizons | 15min_mae=1.287727 15min_rmse=2.766756 15min_mape=2.722987 | 30min_mae=1.601607 30min_rmse=3.744312 30min_mape=3.628409 | 60min_mae=1.887138 60min_rmse=4.528424 60min_mape=4.475616
[2026-09-12 22:07:44] INFO Epoch 024 | stage=posthoc_calibrator | train_total=1.367637 | train_forecast=1.367637 | train_confidence=0.000000 | train_risk=0.000000 | train_blend=0.000000 | val_total=1.546147 | val_mae=1.541584 | val_rmse=3.655182 | val_mape=3.514505 | val_confidence=0.000000 | val_risk=0.000000 | val_blend=0.000000 | batches=1131/154 | seconds=152.48 | lr=[0.000125] | cuda_peak_mb=2208.0
[2026-09-12 22:07:44] INFO Val horizons | 15min_mae=1.287897 15min_rmse=2.765372 15min_mape=2.727626 | 30min_mae=1.602472 30min_rmse=3.740548 30min_mape=3.654799 | 60min_mae=1.889256 60min_rmse=4.536015 60min_mape=4.537319
[2026-09-12 22:10:16] INFO Epoch 025 | stage=posthoc_calibrator | train_total=1.367482 | train_forecast=1.367482 | train_confidence=0.000000 | train_risk=0.000000 | train_blend=0.000000 | val_total=1.545987 | val_mae=1.541394 | val_rmse=3.658182 | val_mape=3.498452 | val_confidence=0.000000 | val_risk=0.000000 | val_blend=0.000000 | batches=1131/154 | seconds=152.32 | lr=[0.000125] | cuda_peak_mb=2208.0
[2026-09-12 22:10:16] INFO Val horizons | 15min_mae=1.287925 15min_rmse=2.763706 15min_mape=2.726496 | 30min_mae=1.601604 30min_rmse=3.739970 30min_mape=3.640733 | 60min_mae=1.889989 60min_rmse=4.544655 60min_mape=4.507963
[2026-09-12 22:12:49] INFO Epoch 026 | stage=posthoc_calibrator | train_total=1.367512 | train_forecast=1.367512 | train_confidence=0.000000 | train_risk=0.000000 | train_blend=0.000000 | val_total=1.544372 | val_mae=1.539827 | val_rmse=3.643521 | val_mape=3.497696 | val_confidence=0.000000 | val_risk=0.000000 | val_blend=0.000000 | batches=1131/154 | seconds=152.41 | lr=[0.000125] | cuda_peak_mb=2208.0
[2026-09-12 22:12:49] INFO Val horizons | 15min_mae=1.288033 15min_rmse=2.765384 15min_mape=2.725697 | 30min_mae=1.601399 30min_rmse=3.734031 30min_mape=3.641601 | 60min_mae=1.884454 60min_rmse=4.511475 60min_mape=4.501351
[2026-09-12 22:12:49] INFO Checkpoint updated | epoch=26 | stage=posthoc_calibrator | best_val_mae=1.539827 | path=C:\Users\clw\projects\researchRep\STAnchor-BlockMemory\artifacts\cross_dataset_pemsbay\pemsbay_source_router_st_ssdl_seed42\downstream_best.pt
[2026-09-12 22:15:21] INFO Epoch 027 | stage=posthoc_calibrator | train_total=1.367532 | train_forecast=1.367532 | train_confidence=0.000000 | train_risk=0.000000 | train_blend=0.000000 | val_total=1.546758 | val_mae=1.542240 | val_rmse=3.655448 | val_mape=3.529380 | val_confidence=0.000000 | val_risk=0.000000 | val_blend=0.000000 | batches=1131/154 | seconds=152.40 | lr=[0.000125] | cuda_peak_mb=2208.0
[2026-09-12 22:15:21] INFO Val horizons | 15min_mae=1.288153 15min_rmse=2.764442 15min_mape=2.733410 | 30min_mae=1.603055 30min_rmse=3.739397 30min_mape=3.671188 | 60min_mae=1.890672 60min_rmse=4.538531 60min_mape=4.561914
[2026-09-12 22:17:54] INFO Epoch 028 | stage=posthoc_calibrator | train_total=1.367408 | train_forecast=1.367408 | train_confidence=0.000000 | train_risk=0.000000 | train_blend=0.000000 | val_total=1.543696 | val_mae=1.539110 | val_rmse=3.636549 | val_mape=3.493663 | val_confidence=0.000000 | val_risk=0.000000 | val_blend=0.000000 | batches=1131/154 | seconds=152.38 | lr=[0.000125] | cuda_peak_mb=2208.0
[2026-09-12 22:17:54] INFO Val horizons | 15min_mae=1.287435 15min_rmse=2.758721 15min_mape=2.726851 | 30min_mae=1.600292 30min_rmse=3.724813 30min_mape=3.640585 | 60min_mae=1.883887 60min_rmse=4.501403 60min_mape=4.485541
[2026-09-12 22:17:54] INFO Checkpoint updated | epoch=28 | stage=posthoc_calibrator | best_val_mae=1.539110 | path=C:\Users\clw\projects\researchRep\STAnchor-BlockMemory\artifacts\cross_dataset_pemsbay\pemsbay_source_router_st_ssdl_seed42\downstream_best.pt
[2026-09-12 22:20:26] INFO Epoch 029 | stage=posthoc_calibrator | train_total=1.367285 | train_forecast=1.367285 | train_confidence=0.000000 | train_risk=0.000000 | train_blend=0.000000 | val_total=1.544819 | val_mae=1.540279 | val_rmse=3.641200 | val_mape=3.521756 | val_confidence=0.000000 | val_risk=0.000000 | val_blend=0.000000 | batches=1131/154 | seconds=152.23 | lr=[0.000125] | cuda_peak_mb=2208.0
[2026-09-12 22:20:26] INFO Val horizons | 15min_mae=1.287896 15min_rmse=2.759875 15min_mape=2.735032 | 30min_mae=1.601655 30min_rmse=3.727134 30min_mape=3.668419 | 60min_mae=1.885370 60min_rmse=4.511279 60min_mape=4.533519
[2026-09-12 22:22:58] INFO Epoch 030 | stage=posthoc_calibrator | train_total=1.367268 | train_forecast=1.367268 | train_confidence=0.000000 | train_risk=0.000000 | train_blend=0.000000 | val_total=1.547047 | val_mae=1.542470 | val_rmse=3.667162 | val_mape=3.508154 | val_confidence=0.000000 | val_risk=0.000000 | val_blend=0.000000 | batches=1131/154 | seconds=152.33 | lr=[0.000125] | cuda_peak_mb=2208.0
[2026-09-12 22:22:58] INFO Val horizons | 15min_mae=1.287827 15min_rmse=2.766921 15min_mape=2.726206 | 30min_mae=1.602568 30min_rmse=3.750309 30min_mape=3.646205 | 60min_mae=1.892846 60min_rmse=4.558006 60min_mape=4.532663
[2026-09-12 22:25:31] INFO Epoch 031 | stage=posthoc_calibrator | train_total=1.366996 | train_forecast=1.366996 | train_confidence=0.000000 | train_risk=0.000000 | train_blend=0.000000 | val_total=1.545370 | val_mae=1.540795 | val_rmse=3.652450 | val_mape=3.506276 | val_confidence=0.000000 | val_risk=0.000000 | val_blend=0.000000 | batches=1131/154 | seconds=152.36 | lr=[6.25e-05] | cuda_peak_mb=2208.0
[2026-09-12 22:25:31] INFO Val horizons | 15min_mae=1.287633 15min_rmse=2.763932 15min_mape=2.726312 | 30min_mae=1.601824 30min_rmse=3.740159 30min_mape=3.646872 | 60min_mae=1.887741 60min_rmse=4.530505 60min_mape=4.524077
[2026-09-12 22:28:03] INFO Epoch 032 | stage=posthoc_calibrator | train_total=1.366965 | train_forecast=1.366965 | train_confidence=0.000000 | train_risk=0.000000 | train_blend=0.000000 | val_total=1.544839 | val_mae=1.540266 | val_rmse=3.650608 | val_mape=3.499526 | val_confidence=0.000000 | val_risk=0.000000 | val_blend=0.000000 | batches=1131/154 | seconds=152.61 | lr=[6.25e-05] | cuda_peak_mb=2208.0
[2026-09-12 22:28:03] INFO Val horizons | 15min_mae=1.287709 15min_rmse=2.766569 15min_mape=2.725132 | 30min_mae=1.601872 30min_rmse=3.743158 30min_mape=3.642363 | 60min_mae=1.885531 60min_rmse=4.520135 60min_mape=4.507581
[2026-09-12 22:30:37] INFO Epoch 033 | stage=posthoc_calibrator | train_total=1.366976 | train_forecast=1.366976 | train_confidence=0.000000 | train_risk=0.000000 | train_blend=0.000000 | val_total=1.544595 | val_mae=1.540036 | val_rmse=3.649191 | val_mape=3.502690 | val_confidence=0.000000 | val_risk=0.000000 | val_blend=0.000000 | batches=1131/154 | seconds=153.46 | lr=[6.25e-05] | cuda_peak_mb=2208.0
[2026-09-12 22:30:37] INFO Val horizons | 15min_mae=1.287416 15min_rmse=2.762616 15min_mape=2.726139 | 30min_mae=1.600832 30min_rmse=3.734504 30min_mape=3.643972 | 60min_mae=1.886712 60min_rmse=4.527201 60min_mape=4.516234
[2026-09-12 22:33:10] INFO Epoch 034 | stage=posthoc_calibrator | train_total=1.367008 | train_forecast=1.367008 | train_confidence=0.000000 | train_risk=0.000000 | train_blend=0.000000 | val_total=1.544168 | val_mae=1.539579 | val_rmse=3.642583 | val_mape=3.494927 | val_confidence=0.000000 | val_risk=0.000000 | val_blend=0.000000 | batches=1131/154 | seconds=153.07 | lr=[6.25e-05] | cuda_peak_mb=2208.0
[2026-09-12 22:33:10] INFO Val horizons | 15min_mae=1.287526 15min_rmse=2.763691 15min_mape=2.724746 | 30min_mae=1.601027 30min_rmse=3.734909 30min_mape=3.638721 | 60min_mae=1.884234 60min_rmse=4.505768 60min_mape=4.495864
[2026-09-12 22:35:43] INFO Epoch 035 | stage=posthoc_calibrator | train_total=1.366892 | train_forecast=1.366892 | train_confidence=0.000000 | train_risk=0.000000 | train_blend=0.000000 | val_total=1.543507 | val_mae=1.538922 | val_rmse=3.638282 | val_mape=3.483917 | val_confidence=0.000000 | val_risk=0.000000 | val_blend=0.000000 | batches=1131/154 | seconds=153.34 | lr=[6.25e-05] | cuda_peak_mb=2208.0
[2026-09-12 22:35:43] INFO Val horizons | 15min_mae=1.287474 15min_rmse=2.761178 15min_mape=2.723713 | 30min_mae=1.600575 30min_rmse=3.731211 30min_mape=3.631470 | 60min_mae=1.882468 60min_rmse=4.498890 60min_mape=4.468547
[2026-09-12 22:35:43] INFO Checkpoint updated | epoch=35 | stage=posthoc_calibrator | best_val_mae=1.538922 | path=C:\Users\clw\projects\researchRep\STAnchor-BlockMemory\artifacts\cross_dataset_pemsbay\pemsbay_source_router_st_ssdl_seed42\downstream_best.pt
[2026-09-12 22:38:16] INFO Epoch 036 | stage=posthoc_calibrator | train_total=1.366914 | train_forecast=1.366914 | train_confidence=0.000000 | train_risk=0.000000 | train_blend=0.000000 | val_total=1.544673 | val_mae=1.540095 | val_rmse=3.650278 | val_mape=3.501647 | val_confidence=0.000000 | val_risk=0.000000 | val_blend=0.000000 | batches=1131/154 | seconds=153.21 | lr=[6.25e-05] | cuda_peak_mb=2208.0
[2026-09-12 22:38:16] INFO Val horizons | 15min_mae=1.287481 15min_rmse=2.763687 15min_mape=2.725741 | 30min_mae=1.601205 30min_rmse=3.737374 30min_mape=3.643429 | 60min_mae=1.886152 60min_rmse=4.525963 60min_mape=4.512746
[2026-09-12 22:40:49] INFO Epoch 037 | stage=posthoc_calibrator | train_total=1.366841 | train_forecast=1.366841 | train_confidence=0.000000 | train_risk=0.000000 | train_blend=0.000000 | val_total=1.545236 | val_mae=1.540660 | val_rmse=3.653440 | val_mape=3.504464 | val_confidence=0.000000 | val_risk=0.000000 | val_blend=0.000000 | batches=1131/154 | seconds=153.06 | lr=[6.25e-05] | cuda_peak_mb=2208.0
[2026-09-12 22:40:49] INFO Val horizons | 15min_mae=1.287621 15min_rmse=2.764098 15min_mape=2.726521 | 30min_mae=1.601528 30min_rmse=3.738841 30min_mape=3.647518 | 60min_mae=1.887615 60min_rmse=4.532118 60min_mape=4.516349
[2026-09-12 22:43:23] INFO Epoch 038 | stage=posthoc_calibrator | train_total=1.366772 | train_forecast=1.366772 | train_confidence=0.000000 | train_risk=0.000000 | train_blend=0.000000 | val_total=1.544158 | val_mae=1.539628 | val_rmse=3.639646 | val_mape=3.518251 | val_confidence=0.000000 | val_risk=0.000000 | val_blend=0.000000 | batches=1131/154 | seconds=153.17 | lr=[6.25e-05] | cuda_peak_mb=2208.0
[2026-09-12 22:43:23] INFO Val horizons | 15min_mae=1.287574 15min_rmse=2.761301 15min_mape=2.730550 | 30min_mae=1.601002 30min_rmse=3.727022 30min_mape=3.661266 | 60min_mae=1.884898 60min_rmse=4.509194 60min_mape=4.539726
[2026-09-12 22:45:56] INFO Epoch 039 | stage=posthoc_calibrator | train_total=1.366807 | train_forecast=1.366807 | train_confidence=0.000000 | train_risk=0.000000 | train_blend=0.000000 | val_total=1.544804 | val_mae=1.540221 | val_rmse=3.649985 | val_mape=3.500121 | val_confidence=0.000000 | val_risk=0.000000 | val_blend=0.000000 | batches=1131/154 | seconds=153.53 | lr=[6.25e-05] | cuda_peak_mb=2208.0
[2026-09-12 22:45:56] INFO Val horizons | 15min_mae=1.287540 15min_rmse=2.764682 15min_mape=2.724760 | 30min_mae=1.601564 30min_rmse=3.740284 30min_mape=3.641794 | 60min_mae=1.885795 60min_rmse=4.520559 60min_mape=4.509480
[2026-09-12 22:48:29] INFO Epoch 040 | stage=posthoc_calibrator | train_total=1.366804 | train_forecast=1.366804 | train_confidence=0.000000 | train_risk=0.000000 | train_blend=0.000000 | val_total=1.544546 | val_mae=1.539979 | val_rmse=3.646295 | val_mape=3.502356 | val_confidence=0.000000 | val_risk=0.000000 | val_blend=0.000000 | batches=1131/154 | seconds=152.80 | lr=[6.25e-05] | cuda_peak_mb=2208.0
[2026-09-12 22:48:29] INFO Val horizons | 15min_mae=1.287522 15min_rmse=2.761865 15min_mape=2.726389 | 30min_mae=1.601078 30min_rmse=3.736007 30min_mape=3.643699 | 60min_mae=1.885921 60min_rmse=4.517970 60min_mape=4.516263
[2026-09-12 22:51:02] INFO Epoch 041 | stage=posthoc_calibrator | train_total=1.366626 | train_forecast=1.366626 | train_confidence=0.000000 | train_risk=0.000000 | train_blend=0.000000 | val_total=1.544056 | val_mae=1.539481 | val_rmse=3.639903 | val_mape=3.501867 | val_confidence=0.000000 | val_risk=0.000000 | val_blend=0.000000 | batches=1131/154 | seconds=153.20 | lr=[3.125e-05] | cuda_peak_mb=2208.0
[2026-09-12 22:51:02] INFO Val horizons | 15min_mae=1.287526 15min_rmse=2.761683 15min_mape=2.726375 | 30min_mae=1.601083 30min_rmse=3.731269 30min_mape=3.646642 | 60min_mae=1.883732 60min_rmse=4.503881 60min_mape=4.504940
[2026-09-12 22:53:35] INFO Epoch 042 | stage=posthoc_calibrator | train_total=1.366616 | train_forecast=1.366616 | train_confidence=0.000000 | train_risk=0.000000 | train_blend=0.000000 | val_total=1.544487 | val_mae=1.539921 | val_rmse=3.644029 | val_mape=3.505999 | val_confidence=0.000000 | val_risk=0.000000 | val_blend=0.000000 | batches=1131/154 | seconds=152.84 | lr=[3.125e-05] | cuda_peak_mb=2208.0
[2026-09-12 22:53:35] INFO Val horizons | 15min_mae=1.287397 15min_rmse=2.761761 15min_mape=2.725859 | 30min_mae=1.601072 30min_rmse=3.732756 30min_mape=3.646711 | 60min_mae=1.885716 60min_rmse=4.514326 60min_mape=4.522605
[2026-09-12 22:56:08] INFO Epoch 043 | stage=posthoc_calibrator | train_total=1.366643 | train_forecast=1.366643 | train_confidence=0.000000 | train_risk=0.000000 | train_blend=0.000000 | val_total=1.544591 | val_mae=1.540012 | val_rmse=3.648418 | val_mape=3.499859 | val_confidence=0.000000 | val_risk=0.000000 | val_blend=0.000000 | batches=1131/154 | seconds=152.76 | lr=[3.125e-05] | cuda_peak_mb=2208.0
[2026-09-12 22:56:08] INFO Val horizons | 15min_mae=1.287499 15min_rmse=2.763503 15min_mape=2.725712 | 30min_mae=1.601257 30min_rmse=3.737984 30min_mape=3.642914 | 60min_mae=1.885662 60min_rmse=4.519652 60min_mape=4.507395
[2026-09-12 22:58:41] INFO Epoch 044 | stage=posthoc_calibrator | train_total=1.366679 | train_forecast=1.366679 | train_confidence=0.000000 | train_risk=0.000000 | train_blend=0.000000 | val_total=1.544590 | val_mae=1.540022 | val_rmse=3.648141 | val_mape=3.503715 | val_confidence=0.000000 | val_risk=0.000000 | val_blend=0.000000 | batches=1131/154 | seconds=152.97 | lr=[3.125e-05] | cuda_peak_mb=2208.0
[2026-09-12 22:58:41] INFO Val horizons | 15min_mae=1.287424 15min_rmse=2.762922 15min_mape=2.726081 | 30min_mae=1.601259 30min_rmse=3.737391 30min_mape=3.645415 | 60min_mae=1.885856 60min_rmse=4.520632 60min_mape=4.516523
[2026-09-12 23:01:14] INFO Epoch 045 | stage=posthoc_calibrator | train_total=1.366598 | train_forecast=1.366598 | train_confidence=0.000000 | train_risk=0.000000 | train_blend=0.000000 | val_total=1.545151 | val_mae=1.540570 | val_rmse=3.652614 | val_mape=3.505633 | val_confidence=0.000000 | val_risk=0.000000 | val_blend=0.000000 | batches=1131/154 | seconds=153.31 | lr=[3.125e-05] | cuda_peak_mb=2208.0
[2026-09-12 23:01:14] INFO Val horizons | 15min_mae=1.287535 15min_rmse=2.762669 15min_mape=2.727480 | 30min_mae=1.601517 30min_rmse=3.738226 30min_mape=3.648580 | 60min_mae=1.887205 60min_rmse=4.530587 60min_mape=4.518179
[2026-09-12 23:03:47] INFO Epoch 046 | stage=posthoc_calibrator | train_total=1.366552 | train_forecast=1.366552 | train_confidence=0.000000 | train_risk=0.000000 | train_blend=0.000000 | val_total=1.544538 | val_mae=1.539956 | val_rmse=3.648360 | val_mape=3.501315 | val_confidence=0.000000 | val_risk=0.000000 | val_blend=0.000000 | batches=1131/154 | seconds=153.18 | lr=[3.125e-05] | cuda_peak_mb=2208.0
[2026-09-12 23:03:47] INFO Val horizons | 15min_mae=1.287480 15min_rmse=2.764179 15min_mape=2.725049 | 30min_mae=1.601330 30min_rmse=3.737807 30min_mape=3.643462 | 60min_mae=1.885262 60min_rmse=4.519350 60min_mape=4.510932
[2026-09-12 23:06:20] INFO Epoch 047 | stage=posthoc_calibrator | train_total=1.366541 | train_forecast=1.366541 | train_confidence=0.000000 | train_risk=0.000000 | train_blend=0.000000 | val_total=1.544633 | val_mae=1.540068 | val_rmse=3.647034 | val_mape=3.506698 | val_confidence=0.000000 | val_risk=0.000000 | val_blend=0.000000 | batches=1131/154 | seconds=152.92 | lr=[3.125e-05] | cuda_peak_mb=2208.0
[2026-09-12 23:06:20] INFO Val horizons | 15min_mae=1.287459 15min_rmse=2.762766 15min_mape=2.726530 | 30min_mae=1.601242 30min_rmse=3.736014 30min_mape=3.648307 | 60min_mae=1.885862 60min_rmse=4.517847 60min_mape=4.523063
[2026-09-12 23:08:54] INFO Epoch 048 | stage=posthoc_calibrator | train_total=1.366516 | train_forecast=1.366516 | train_confidence=0.000000 | train_risk=0.000000 | train_blend=0.000000 | val_total=1.544673 | val_mae=1.540088 | val_rmse=3.651480 | val_mape=3.497411 | val_confidence=0.000000 | val_risk=0.000000 | val_blend=0.000000 | batches=1131/154 | seconds=153.99 | lr=[3.125e-05] | cuda_peak_mb=2208.0
[2026-09-12 23:08:54] INFO Val horizons | 15min_mae=1.287491 15min_rmse=2.765043 15min_mape=2.724044 | 30min_mae=1.601426 30min_rmse=3.741329 30min_mape=3.639436 | 60min_mae=1.885688 60min_rmse=4.523840 60min_mape=4.505834
[2026-09-12 23:11:27] INFO Epoch 049 | stage=posthoc_calibrator | train_total=1.366532 | train_forecast=1.366532 | train_confidence=0.000000 | train_risk=0.000000 | train_blend=0.000000 | val_total=1.544438 | val_mae=1.539857 | val_rmse=3.647375 | val_mape=3.501565 | val_confidence=0.000000 | val_risk=0.000000 | val_blend=0.000000 | batches=1131/154 | seconds=152.76 | lr=[3.125e-05] | cuda_peak_mb=2208.0
[2026-09-12 23:11:27] INFO Val horizons | 15min_mae=1.287501 15min_rmse=2.764084 15min_mape=2.726063 | 30min_mae=1.601171 30min_rmse=3.736833 30min_mape=3.645029 | 60min_mae=1.885121 60min_rmse=4.516569 60min_mape=4.509891
[2026-09-12 23:13:59] INFO Epoch 050 | stage=posthoc_calibrator | train_total=1.366537 | train_forecast=1.366537 | train_confidence=0.000000 | train_risk=0.000000 | train_blend=0.000000 | val_total=1.545349 | val_mae=1.540752 | val_rmse=3.656956 | val_mape=3.498567 | val_confidence=0.000000 | val_risk=0.000000 | val_blend=0.000000 | batches=1131/154 | seconds=152.52 | lr=[3.125e-05] | cuda_peak_mb=2208.0
[2026-09-12 23:13:59] INFO Val horizons | 15min_mae=1.287446 15min_rmse=2.764859 15min_mape=2.724627 | 30min_mae=1.601565 30min_rmse=3.744325 30min_mape=3.639838 | 60min_mae=1.887852 60min_rmse=4.534215 60min_mape=4.509764
[2026-09-12 23:13:59] INFO Downstream training finished | best_val_mae=1.538922 | checkpoint=C:\Users\clw\projects\researchRep\STAnchor-BlockMemory\artifacts\cross_dataset_pemsbay\pemsbay_source_router_st_ssdl_seed42\downstream_best.pt
