[2026-09-15 18:39:56] INFO Downstream start | run=paper_final_joint_context_offset_only_seed42/main_table/metrla/ours/dlinear | device=cuda:0 (requested=cuda:0) | seed=42 | output=C:\Users\clw\projects\researchRep\STAnchor-BlockMemory\artifacts\paper_final_joint_context_offset_only_seed42\main_table\metrla\ours\dlinear
[2026-09-15 18:39:56] INFO Mode | downstream_mode=learned_topk_error_aware | training_protocol=posthoc_frozen_base | candidate_protocol=weekday_radius1_overlap | candidate_ranking=learned_key | candidate_payload=offset_only
[2026-09-15 18:39:56] INFO Downstream initialization | seed=42 | state_hash=be4c2771f1606285
[2026-09-15 18:39:56] INFO Frozen base | checkpoint=C:\Users\clw\projects\researchRep\STAnchor-BlockMemory\artifacts\convergence\formal_20260910_baseonly_dlinear_seed42\downstream_best.pt | fingerprint=38e666d999bd460c
[2026-09-15 18:39:56] INFO Data | steps=34272 | nodes=207 | channels=1 | training_scope=full_train | memory/post_memory/train_selected/val/test=15876/6805/22681/2993/6025
[2026-09-15 18:39:56] INFO Frozen path cache | enabled=True | storage=disk_mmap | train_samples=22681 | val_samples=2993 | allocated_mib=2818.0
[2026-09-15 18:39:56] INFO Bank/retrieval | dataset=metrla_final_joint_context_offset_only | events=15876 | nodes=207 | retrieval_dim=64 | event_top_r=32 | node_top_k=12 | key_dtype=float16
[2026-09-15 18:39:56] INFO Frozen path cache | enabled=yes | candidate_ranking=learned_key | fill=first_epoch
[2026-09-15 18:39:56] INFO Parameters | downstream_total=885,666 | downstream_trainable=885,085 | backbone=0 | confidence_head=0 | fusion=0 | frozen_pretrained=958,704
[2026-09-15 18:39:56] INFO Optimization | epochs=50 | batch_size=32 | optimizer=adam | lr=0.0005 | weight_decay=0.0001 | scheduler=step_lr | step_size=10 | gamma=0.500 | confidence_weight=0.000 | patience=20 | early_stopping=disabled
[2026-09-15 18:39:57] INFO Stage start | stage=posthoc_calibrator | epochs=50 | optimizer_lrs=[0.0005]
[2026-09-15 18:45:11] INFO Epoch 001 | stage=posthoc_calibrator | train_total=3.146517 | train_forecast=3.146517 | train_confidence=0.000000 | train_risk=0.000000 | train_blend=0.000000 | val_total=2.998930 | val_mae=2.995552 | val_rmse=6.041190 | val_mape=8.412168 | val_confidence=0.000000 | val_risk=0.000000 | val_blend=0.000000 | batches=709/94 | seconds=314.41 | lr=[0.0005] | cuda_peak_mb=3503.9
[2026-09-15 18:45:11] INFO Val horizons | 15min_mae=2.656940 15min_rmse=5.100329 15min_mape=6.956408 | 30min_mae=3.030274 30min_rmse=6.099890 30min_mape=8.541846 | 60min_mae=3.468682 60min_rmse=7.109287 60min_mape=10.337980
[2026-09-15 18:45:11] INFO Checkpoint updated | epoch=1 | stage=posthoc_calibrator | best_val_mae=2.995552 | path=C:\Users\clw\projects\researchRep\STAnchor-BlockMemory\artifacts\paper_final_joint_context_offset_only_seed42\main_table\metrla\ours\dlinear\downstream_best.pt
[2026-09-15 18:47:17] INFO Epoch 002 | stage=posthoc_calibrator | train_total=3.070498 | train_forecast=3.070498 | train_confidence=0.000000 | train_risk=0.000000 | train_blend=0.000000 | val_total=2.991860 | val_mae=2.988413 | val_rmse=6.005440 | val_mape=8.416004 | val_confidence=0.000000 | val_risk=0.000000 | val_blend=0.000000 | batches=709/94 | seconds=125.83 | lr=[0.0005] | cuda_peak_mb=1468.0
[2026-09-15 18:47:17] INFO Val horizons | 15min_mae=2.652821 15min_rmse=5.105142 15min_mape=6.985876 | 30min_mae=3.020814 30min_rmse=6.058734 30min_mape=8.525062 | 60min_mae=3.461406 60min_rmse=7.057536 60min_mape=10.355440
[2026-09-15 18:47:17] INFO Checkpoint updated | epoch=2 | stage=posthoc_calibrator | best_val_mae=2.988413 | path=C:\Users\clw\projects\researchRep\STAnchor-BlockMemory\artifacts\paper_final_joint_context_offset_only_seed42\main_table\metrla\ours\dlinear\downstream_best.pt
[2026-09-15 18:49:23] INFO Epoch 003 | stage=posthoc_calibrator | train_total=3.059567 | train_forecast=3.059567 | train_confidence=0.000000 | train_risk=0.000000 | train_blend=0.000000 | val_total=2.985266 | val_mae=2.981633 | val_rmse=6.003630 | val_mape=8.425285 | val_confidence=0.000000 | val_risk=0.000000 | val_blend=0.000000 | batches=709/94 | seconds=125.55 | lr=[0.0005] | cuda_peak_mb=1468.8
[2026-09-15 18:49:23] INFO Val horizons | 15min_mae=2.647643 15min_rmse=5.089481 15min_mape=7.015526 | 30min_mae=3.015191 30min_rmse=6.055345 30min_mape=8.564217 | 60min_mae=3.451559 60min_rmse=7.068435 60min_mape=10.316334
[2026-09-15 18:49:23] INFO Checkpoint updated | epoch=3 | stage=posthoc_calibrator | best_val_mae=2.981633 | path=C:\Users\clw\projects\researchRep\STAnchor-BlockMemory\artifacts\paper_final_joint_context_offset_only_seed42\main_table\metrla\ours\dlinear\downstream_best.pt
[2026-09-15 18:51:29] INFO Epoch 004 | stage=posthoc_calibrator | train_total=3.050368 | train_forecast=3.050368 | train_confidence=0.000000 | train_risk=0.000000 | train_blend=0.000000 | val_total=2.973244 | val_mae=2.969584 | val_rmse=6.033100 | val_mape=8.303607 | val_confidence=0.000000 | val_risk=0.000000 | val_blend=0.000000 | batches=709/94 | seconds=125.81 | lr=[0.0005] | cuda_peak_mb=1468.1
[2026-09-15 18:51:29] INFO Val horizons | 15min_mae=2.633083 15min_rmse=5.102010 15min_mape=6.850450 | 30min_mae=3.003738 30min_rmse=6.091003 30min_mape=8.399097 | 60min_mae=3.439414 60min_rmse=7.101238 60min_mape=10.262199
[2026-09-15 18:51:29] INFO Checkpoint updated | epoch=4 | stage=posthoc_calibrator | best_val_mae=2.969584 | path=C:\Users\clw\projects\researchRep\STAnchor-BlockMemory\artifacts\paper_final_joint_context_offset_only_seed42\main_table\metrla\ours\dlinear\downstream_best.pt
[2026-09-15 18:53:34] INFO Epoch 005 | stage=posthoc_calibrator | train_total=3.044380 | train_forecast=3.044380 | train_confidence=0.000000 | train_risk=0.000000 | train_blend=0.000000 | val_total=2.970000 | val_mae=2.966403 | val_rmse=6.011895 | val_mape=8.336644 | val_confidence=0.000000 | val_risk=0.000000 | val_blend=0.000000 | batches=709/94 | seconds=125.52 | lr=[0.0005] | cuda_peak_mb=1468.8
[2026-09-15 18:53:34] INFO Val horizons | 15min_mae=2.625978 15min_rmse=5.088312 15min_mape=6.874887 | 30min_mae=2.998731 30min_rmse=6.066871 30min_mape=8.428997 | 60min_mae=3.443596 60min_rmse=7.078833 60min_mape=10.307595
[2026-09-15 18:53:34] INFO Checkpoint updated | epoch=5 | stage=posthoc_calibrator | best_val_mae=2.966403 | path=C:\Users\clw\projects\researchRep\STAnchor-BlockMemory\artifacts\paper_final_joint_context_offset_only_seed42\main_table\metrla\ours\dlinear\downstream_best.pt
[2026-09-15 18:55:40] INFO Epoch 006 | stage=posthoc_calibrator | train_total=3.039399 | train_forecast=3.039399 | train_confidence=0.000000 | train_risk=0.000000 | train_blend=0.000000 | val_total=2.971414 | val_mae=2.967854 | val_rmse=6.009900 | val_mape=8.328636 | val_confidence=0.000000 | val_risk=0.000000 | val_blend=0.000000 | batches=709/94 | seconds=125.70 | lr=[0.0005] | cuda_peak_mb=1468.1
[2026-09-15 18:55:40] INFO Val horizons | 15min_mae=2.625679 15min_rmse=5.076167 15min_mape=6.921073 | 30min_mae=3.000113 30min_rmse=6.062089 30min_mape=8.458324 | 60min_mae=3.447312 60min_rmse=7.084048 60min_mape=10.198395
[2026-09-15 18:57:46] INFO Epoch 007 | stage=posthoc_calibrator | train_total=3.034837 | train_forecast=3.034837 | train_confidence=0.000000 | train_risk=0.000000 | train_blend=0.000000 | val_total=2.968847 | val_mae=2.965286 | val_rmse=6.021964 | val_mape=8.347294 | val_confidence=0.000000 | val_risk=0.000000 | val_blend=0.000000 | batches=709/94 | seconds=125.72 | lr=[0.0005] | cuda_peak_mb=1467.8
[2026-09-15 18:57:46] INFO Val horizons | 15min_mae=2.620690 15min_rmse=5.078995 15min_mape=6.898976 | 30min_mae=2.996988 30min_rmse=6.071398 30min_mape=8.467818 | 60min_mae=3.445006 60min_rmse=7.105114 60min_mape=10.269515
[2026-09-15 18:57:46] INFO Checkpoint updated | epoch=7 | stage=posthoc_calibrator | best_val_mae=2.965286 | path=C:\Users\clw\projects\researchRep\STAnchor-BlockMemory\artifacts\paper_final_joint_context_offset_only_seed42\main_table\metrla\ours\dlinear\downstream_best.pt
[2026-09-15 18:59:51] INFO Epoch 008 | stage=posthoc_calibrator | train_total=3.030397 | train_forecast=3.030397 | train_confidence=0.000000 | train_risk=0.000000 | train_blend=0.000000 | val_total=2.964735 | val_mae=2.961207 | val_rmse=6.042137 | val_mape=8.257429 | val_confidence=0.000000 | val_risk=0.000000 | val_blend=0.000000 | batches=709/94 | seconds=125.32 | lr=[0.0005] | cuda_peak_mb=1468.4
[2026-09-15 18:59:51] INFO Val horizons | 15min_mae=2.613472 15min_rmse=5.070980 15min_mape=6.778759 | 30min_mae=2.991968 30min_rmse=6.083050 30min_mape=8.325057 | 60min_mae=3.443819 60min_rmse=7.149195 60min_mape=10.257433
[2026-09-15 18:59:51] INFO Checkpoint updated | epoch=8 | stage=posthoc_calibrator | best_val_mae=2.961207 | path=C:\Users\clw\projects\researchRep\STAnchor-BlockMemory\artifacts\paper_final_joint_context_offset_only_seed42\main_table\metrla\ours\dlinear\downstream_best.pt
[2026-09-15 19:01:57] INFO Epoch 009 | stage=posthoc_calibrator | train_total=3.026426 | train_forecast=3.026426 | train_confidence=0.000000 | train_risk=0.000000 | train_blend=0.000000 | val_total=2.976178 | val_mae=2.972785 | val_rmse=6.005883 | val_mape=8.301640 | val_confidence=0.000000 | val_risk=0.000000 | val_blend=0.000000 | batches=709/94 | seconds=125.80 | lr=[0.0005] | cuda_peak_mb=1468.2
[2026-09-15 19:01:57] INFO Val horizons | 15min_mae=2.623027 15min_rmse=5.065113 15min_mape=6.888009 | 30min_mae=3.007869 30min_rmse=6.068657 30min_mape=8.436527 | 60min_mae=3.456028 60min_rmse=7.068979 60min_mape=10.153316
[2026-09-15 19:04:03] INFO Epoch 010 | stage=posthoc_calibrator | train_total=3.022698 | train_forecast=3.022698 | train_confidence=0.000000 | train_risk=0.000000 | train_blend=0.000000 | val_total=2.963014 | val_mae=2.959510 | val_rmse=6.002481 | val_mape=8.193598 | val_confidence=0.000000 | val_risk=0.000000 | val_blend=0.000000 | batches=709/94 | seconds=125.81 | lr=[0.0005] | cuda_peak_mb=1469.3
[2026-09-15 19:04:03] INFO Val horizons | 15min_mae=2.609519 15min_rmse=5.061092 15min_mape=6.756052 | 30min_mae=2.994269 30min_rmse=6.060535 30min_mape=8.268329 | 60min_mae=3.441340 60min_rmse=7.080325 60min_mape=10.138995
[2026-09-15 19:04:03] INFO Checkpoint updated | epoch=10 | stage=posthoc_calibrator | best_val_mae=2.959510 | path=C:\Users\clw\projects\researchRep\STAnchor-BlockMemory\artifacts\paper_final_joint_context_offset_only_seed42\main_table\metrla\ours\dlinear\downstream_best.pt
[2026-09-15 19:06:08] INFO Epoch 011 | stage=posthoc_calibrator | train_total=3.014582 | train_forecast=3.014582 | train_confidence=0.000000 | train_risk=0.000000 | train_blend=0.000000 | val_total=2.958599 | val_mae=2.955051 | val_rmse=6.008265 | val_mape=8.271394 | val_confidence=0.000000 | val_risk=0.000000 | val_blend=0.000000 | batches=709/94 | seconds=125.78 | lr=[0.00025] | cuda_peak_mb=1469.3
[2026-09-15 19:06:08] INFO Val horizons | 15min_mae=2.610487 15min_rmse=5.075100 15min_mape=6.883545 | 30min_mae=2.994853 30min_rmse=6.083408 30min_mape=8.453312 | 60min_mae=3.431059 60min_rmse=7.072342 60min_mape=10.074858
[2026-09-15 19:06:09] INFO Checkpoint updated | epoch=11 | stage=posthoc_calibrator | best_val_mae=2.955051 | path=C:\Users\clw\projects\researchRep\STAnchor-BlockMemory\artifacts\paper_final_joint_context_offset_only_seed42\main_table\metrla\ours\dlinear\downstream_best.pt
[2026-09-15 19:08:15] INFO Epoch 012 | stage=posthoc_calibrator | train_total=3.012437 | train_forecast=3.012437 | train_confidence=0.000000 | train_risk=0.000000 | train_blend=0.000000 | val_total=2.966721 | val_mae=2.963290 | val_rmse=6.032229 | val_mape=8.395165 | val_confidence=0.000000 | val_risk=0.000000 | val_blend=0.000000 | batches=709/94 | seconds=126.09 | lr=[0.00025] | cuda_peak_mb=1468.2
[2026-09-15 19:08:15] INFO Val horizons | 15min_mae=2.610791 15min_rmse=5.069052 15min_mape=6.894139 | 30min_mae=3.000717 30min_rmse=6.092035 30min_mape=8.523554 | 60min_mae=3.446004 60min_rmse=7.124343 60min_mape=10.382134
[2026-09-15 19:10:20] INFO Epoch 013 | stage=posthoc_calibrator | train_total=3.010793 | train_forecast=3.010793 | train_confidence=0.000000 | train_risk=0.000000 | train_blend=0.000000 | val_total=2.968758 | val_mae=2.965369 | val_rmse=6.033419 | val_mape=8.324994 | val_confidence=0.000000 | val_risk=0.000000 | val_blend=0.000000 | batches=709/94 | seconds=125.71 | lr=[0.00025] | cuda_peak_mb=1469.3
[2026-09-15 19:10:20] INFO Val horizons | 15min_mae=2.613139 15min_rmse=5.068956 15min_mape=6.859086 | 30min_mae=3.003669 30min_rmse=6.099929 30min_mape=8.459672 | 60min_mae=3.448741 60min_rmse=7.120450 60min_mape=10.257471
[2026-09-15 19:12:26] INFO Epoch 014 | stage=posthoc_calibrator | train_total=3.010162 | train_forecast=3.010162 | train_confidence=0.000000 | train_risk=0.000000 | train_blend=0.000000 | val_total=2.949692 | val_mae=2.946036 | val_rmse=5.996109 | val_mape=8.275638 | val_confidence=0.000000 | val_risk=0.000000 | val_blend=0.000000 | batches=709/94 | seconds=125.88 | lr=[0.00025] | cuda_peak_mb=1469.3
[2026-09-15 19:12:26] INFO Val horizons | 15min_mae=2.601066 15min_rmse=5.069353 15min_mape=6.835247 | 30min_mae=2.980999 30min_rmse=6.053588 30min_mape=8.389112 | 60min_mae=3.423801 60min_rmse=7.071326 60min_mape=10.216337
[2026-09-15 19:12:26] INFO Checkpoint updated | epoch=14 | stage=posthoc_calibrator | best_val_mae=2.946036 | path=C:\Users\clw\projects\researchRep\STAnchor-BlockMemory\artifacts\paper_final_joint_context_offset_only_seed42\main_table\metrla\ours\dlinear\downstream_best.pt
[2026-09-15 19:14:32] INFO Epoch 015 | stage=posthoc_calibrator | train_total=3.008771 | train_forecast=3.008771 | train_confidence=0.000000 | train_risk=0.000000 | train_blend=0.000000 | val_total=2.948732 | val_mae=2.945159 | val_rmse=6.001869 | val_mape=8.134981 | val_confidence=0.000000 | val_risk=0.000000 | val_blend=0.000000 | batches=709/94 | seconds=125.64 | lr=[0.00025] | cuda_peak_mb=1468.2
[2026-09-15 19:14:32] INFO Val horizons | 15min_mae=2.598955 15min_rmse=5.052816 15min_mape=6.695303 | 30min_mae=2.981050 30min_rmse=6.055249 30min_mape=8.228734 | 60min_mae=3.421773 60min_rmse=7.094391 60min_mape=10.072058
[2026-09-15 19:14:32] INFO Checkpoint updated | epoch=15 | stage=posthoc_calibrator | best_val_mae=2.945159 | path=C:\Users\clw\projects\researchRep\STAnchor-BlockMemory\artifacts\paper_final_joint_context_offset_only_seed42\main_table\metrla\ours\dlinear\downstream_best.pt
[2026-09-15 19:16:37] INFO Epoch 016 | stage=posthoc_calibrator | train_total=3.008127 | train_forecast=3.008127 | train_confidence=0.000000 | train_risk=0.000000 | train_blend=0.000000 | val_total=2.954702 | val_mae=2.951197 | val_rmse=6.009468 | val_mape=8.206338 | val_confidence=0.000000 | val_risk=0.000000 | val_blend=0.000000 | batches=709/94 | seconds=125.57 | lr=[0.00025] | cuda_peak_mb=1469.3
[2026-09-15 19:16:37] INFO Val horizons | 15min_mae=2.601509 15min_rmse=5.049845 15min_mape=6.714678 | 30min_mae=2.989375 30min_rmse=6.070517 30min_mape=8.311228 | 60min_mae=3.431632 60min_rmse=7.105391 60min_mape=10.185683
[2026-09-15 19:18:43] INFO Epoch 017 | stage=posthoc_calibrator | train_total=3.006655 | train_forecast=3.006655 | train_confidence=0.000000 | train_risk=0.000000 | train_blend=0.000000 | val_total=2.952894 | val_mae=2.949365 | val_rmse=6.017263 | val_mape=8.232285 | val_confidence=0.000000 | val_risk=0.000000 | val_blend=0.000000 | batches=709/94 | seconds=125.91 | lr=[0.00025] | cuda_peak_mb=1469.3
[2026-09-15 19:18:43] INFO Val horizons | 15min_mae=2.595228 15min_rmse=5.055947 15min_mape=6.765289 | 30min_mae=2.981853 30min_rmse=6.063419 30min_mape=8.345368 | 60min_mae=3.434156 60min_rmse=7.115428 60min_mape=10.161984
[2026-09-15 19:20:49] INFO Epoch 018 | stage=posthoc_calibrator | train_total=3.005684 | train_forecast=3.005684 | train_confidence=0.000000 | train_risk=0.000000 | train_blend=0.000000 | val_total=2.940689 | val_mae=2.936965 | val_rmse=5.977281 | val_mape=8.195019 | val_confidence=0.000000 | val_risk=0.000000 | val_blend=0.000000 | batches=709/94 | seconds=125.67 | lr=[0.00025] | cuda_peak_mb=1468.2
[2026-09-15 19:20:49] INFO Val horizons | 15min_mae=2.591654 15min_rmse=5.041301 15min_mape=6.733123 | 30min_mae=2.972697 30min_rmse=6.040073 30min_mape=8.312798 | 60min_mae=3.412146 60min_rmse=7.050341 60min_mape=10.122549
[2026-09-15 19:20:49] INFO Checkpoint updated | epoch=18 | stage=posthoc_calibrator | best_val_mae=2.936965 | path=C:\Users\clw\projects\researchRep\STAnchor-BlockMemory\artifacts\paper_final_joint_context_offset_only_seed42\main_table\metrla\ours\dlinear\downstream_best.pt
[2026-09-15 19:22:55] INFO Epoch 019 | stage=posthoc_calibrator | train_total=3.004550 | train_forecast=3.004550 | train_confidence=0.000000 | train_risk=0.000000 | train_blend=0.000000 | val_total=2.951769 | val_mae=2.948221 | val_rmse=6.000156 | val_mape=8.313598 | val_confidence=0.000000 | val_risk=0.000000 | val_blend=0.000000 | batches=709/94 | seconds=125.41 | lr=[0.00025] | cuda_peak_mb=1469.3
[2026-09-15 19:22:55] INFO Val horizons | 15min_mae=2.597370 15min_rmse=5.045107 15min_mape=6.849485 | 30min_mae=2.985495 30min_rmse=6.057602 30min_mape=8.450148 | 60min_mae=3.427150 60min_rmse=7.086717 60min_mape=10.239239
[2026-09-15 19:25:00] INFO Epoch 020 | stage=posthoc_calibrator | train_total=3.003975 | train_forecast=3.003975 | train_confidence=0.000000 | train_risk=0.000000 | train_blend=0.000000 | val_total=2.951954 | val_mae=2.948341 | val_rmse=6.010908 | val_mape=8.295638 | val_confidence=0.000000 | val_risk=0.000000 | val_blend=0.000000 | batches=709/94 | seconds=125.56 | lr=[0.00025] | cuda_peak_mb=1469.3
[2026-09-15 19:25:00] INFO Val horizons | 15min_mae=2.597815 15min_rmse=5.044235 15min_mape=6.822401 | 30min_mae=2.983869 30min_rmse=6.067948 30min_mape=8.423353 | 60min_mae=3.430807 60min_rmse=7.107209 60min_mape=10.242012
[2026-09-15 19:27:06] INFO Epoch 021 | stage=posthoc_calibrator | train_total=3.000280 | train_forecast=3.000280 | train_confidence=0.000000 | train_risk=0.000000 | train_blend=0.000000 | val_total=2.951590 | val_mae=2.947997 | val_rmse=6.022368 | val_mape=8.319139 | val_confidence=0.000000 | val_risk=0.000000 | val_blend=0.000000 | batches=709/94 | seconds=125.99 | lr=[0.000125] | cuda_peak_mb=1468.2
[2026-09-15 19:27:06] INFO Val horizons | 15min_mae=2.597332 15min_rmse=5.060936 15min_mape=6.835306 | 30min_mae=2.985382 30min_rmse=6.079163 30min_mape=8.447545 | 60min_mae=3.428394 60min_rmse=7.115664 60min_mape=10.275797
[2026-09-15 19:29:12] INFO Epoch 022 | stage=posthoc_calibrator | train_total=2.999869 | train_forecast=2.999869 | train_confidence=0.000000 | train_risk=0.000000 | train_blend=0.000000 | val_total=2.948611 | val_mae=2.944983 | val_rmse=6.010900 | val_mape=8.278768 | val_confidence=0.000000 | val_risk=0.000000 | val_blend=0.000000 | batches=709/94 | seconds=125.78 | lr=[0.000125] | cuda_peak_mb=1469.3
[2026-09-15 19:29:12] INFO Val horizons | 15min_mae=2.591731 15min_rmse=5.045285 15min_mape=6.750012 | 30min_mae=2.980259 30min_rmse=6.062638 30min_mape=8.382922 | 60min_mae=3.429478 60min_rmse=7.117062 60min_mape=10.297046
[2026-09-15 19:31:18] INFO Epoch 023 | stage=posthoc_calibrator | train_total=2.999663 | train_forecast=2.999663 | train_confidence=0.000000 | train_risk=0.000000 | train_blend=0.000000 | val_total=2.948181 | val_mae=2.944535 | val_rmse=5.995876 | val_mape=8.243730 | val_confidence=0.000000 | val_risk=0.000000 | val_blend=0.000000 | batches=709/94 | seconds=125.98 | lr=[0.000125] | cuda_peak_mb=1469.3
[2026-09-15 19:31:18] INFO Val horizons | 15min_mae=2.595211 15min_rmse=5.030996 15min_mape=6.743474 | 30min_mae=2.981610 30min_rmse=6.054533 30min_mape=8.353005 | 60min_mae=3.424274 60min_rmse=7.092877 60min_mape=10.225973
[2026-09-15 19:33:24] INFO Epoch 024 | stage=posthoc_calibrator | train_total=2.999466 | train_forecast=2.999466 | train_confidence=0.000000 | train_risk=0.000000 | train_blend=0.000000 | val_total=2.945556 | val_mae=2.941912 | val_rmse=5.998261 | val_mape=8.222793 | val_confidence=0.000000 | val_risk=0.000000 | val_blend=0.000000 | batches=709/94 | seconds=126.00 | lr=[0.000125] | cuda_peak_mb=1468.2
[2026-09-15 19:33:24] INFO Val horizons | 15min_mae=2.588095 15min_rmse=5.031367 15min_mape=6.713293 | 30min_mae=2.975715 30min_rmse=6.043281 30min_mape=8.321310 | 60min_mae=3.426573 60min_rmse=7.107286 60min_mape=10.214089
[2026-09-15 19:35:30] INFO Epoch 025 | stage=posthoc_calibrator | train_total=2.998334 | train_forecast=2.998334 | train_confidence=0.000000 | train_risk=0.000000 | train_blend=0.000000 | val_total=2.942526 | val_mae=2.938906 | val_rmse=5.994207 | val_mape=8.168808 | val_confidence=0.000000 | val_risk=0.000000 | val_blend=0.000000 | batches=709/94 | seconds=125.68 | lr=[0.000125] | cuda_peak_mb=1469.3
[2026-09-15 19:35:30] INFO Val horizons | 15min_mae=2.584932 15min_rmse=5.033898 15min_mape=6.691473 | 30min_mae=2.971171 30min_rmse=6.040146 30min_mape=8.274274 | 60min_mae=3.425611 60min_rmse=7.098608 60min_mape=10.123727
[2026-09-15 19:37:35] INFO Epoch 026 | stage=posthoc_calibrator | train_total=2.998590 | train_forecast=2.998590 | train_confidence=0.000000 | train_risk=0.000000 | train_blend=0.000000 | val_total=2.950798 | val_mae=2.947228 | val_rmse=6.006455 | val_mape=8.303875 | val_confidence=0.000000 | val_risk=0.000000 | val_blend=0.000000 | batches=709/94 | seconds=125.63 | lr=[0.000125] | cuda_peak_mb=1469.3
[2026-09-15 19:37:35] INFO Val horizons | 15min_mae=2.595544 15min_rmse=5.038292 15min_mape=6.808909 | 30min_mae=2.985142 30min_rmse=6.069774 30min_mape=8.448300 | 60min_mae=3.427505 60min_rmse=7.093750 60min_mape=10.244546
[2026-09-15 19:39:41] INFO Epoch 027 | stage=posthoc_calibrator | train_total=2.998070 | train_forecast=2.998070 | train_confidence=0.000000 | train_risk=0.000000 | train_blend=0.000000 | val_total=2.945863 | val_mae=2.942259 | val_rmse=6.008529 | val_mape=8.217717 | val_confidence=0.000000 | val_risk=0.000000 | val_blend=0.000000 | batches=709/94 | seconds=125.83 | lr=[0.000125] | cuda_peak_mb=1468.2
[2026-09-15 19:39:41] INFO Val horizons | 15min_mae=2.590365 15min_rmse=5.051143 15min_mape=6.753303 | 30min_mae=2.976944 30min_rmse=6.065185 30min_mape=8.328720 | 60min_mae=3.424570 60min_rmse=7.101113 60min_mape=10.159480
[2026-09-15 19:41:46] INFO Epoch 028 | stage=posthoc_calibrator | train_total=2.997683 | train_forecast=2.997683 | train_confidence=0.000000 | train_risk=0.000000 | train_blend=0.000000 | val_total=2.948362 | val_mae=2.944769 | val_rmse=6.013207 | val_mape=8.307326 | val_confidence=0.000000 | val_risk=0.000000 | val_blend=0.000000 | batches=709/94 | seconds=125.48 | lr=[0.000125] | cuda_peak_mb=1469.3
[2026-09-15 19:41:46] INFO Val horizons | 15min_mae=2.601164 15min_rmse=5.062733 15min_mape=6.855569 | 30min_mae=2.984371 30min_rmse=6.082133 30min_mape=8.445447 | 60min_mae=3.417962 60min_rmse=7.094921 60min_mape=10.237264
[2026-09-15 19:43:52] INFO Epoch 029 | stage=posthoc_calibrator | train_total=2.997416 | train_forecast=2.997416 | train_confidence=0.000000 | train_risk=0.000000 | train_blend=0.000000 | val_total=2.947131 | val_mae=2.943462 | val_rmse=6.012276 | val_mape=8.232429 | val_confidence=0.000000 | val_risk=0.000000 | val_blend=0.000000 | batches=709/94 | seconds=125.73 | lr=[0.000125] | cuda_peak_mb=1469.3
[2026-09-15 19:43:52] INFO Val horizons | 15min_mae=2.596181 15min_rmse=5.053921 15min_mape=6.788623 | 30min_mae=2.980749 30min_rmse=6.073746 30min_mape=8.357924 | 60min_mae=3.420831 60min_rmse=7.104911 60min_mape=10.155644
[2026-09-15 19:45:58] INFO Epoch 030 | stage=posthoc_calibrator | train_total=2.997250 | train_forecast=2.997250 | train_confidence=0.000000 | train_risk=0.000000 | train_blend=0.000000 | val_total=2.942520 | val_mae=2.938945 | val_rmse=5.998457 | val_mape=8.148692 | val_confidence=0.000000 | val_risk=0.000000 | val_blend=0.000000 | batches=709/94 | seconds=125.88 | lr=[0.000125] | cuda_peak_mb=1468.2
[2026-09-15 19:45:58] INFO Val horizons | 15min_mae=2.586550 15min_rmse=5.028727 15min_mape=6.661089 | 30min_mae=2.973451 30min_rmse=6.047529 30min_mape=8.246044 | 60min_mae=3.422420 60min_rmse=7.104657 60min_mape=10.120689
[2026-09-15 19:48:04] INFO Epoch 031 | stage=posthoc_calibrator | train_total=2.994877 | train_forecast=2.994877 | train_confidence=0.000000 | train_risk=0.000000 | train_blend=0.000000 | val_total=2.942808 | val_mae=2.939125 | val_rmse=5.992207 | val_mape=8.267087 | val_confidence=0.000000 | val_risk=0.000000 | val_blend=0.000000 | batches=709/94 | seconds=125.82 | lr=[6.25e-05] | cuda_peak_mb=1469.3
[2026-09-15 19:48:04] INFO Val horizons | 15min_mae=2.590489 15min_rmse=5.034485 15min_mape=6.787579 | 30min_mae=2.974758 30min_rmse=6.045702 30min_mape=8.382062 | 60min_mae=3.418943 60min_rmse=7.089637 60min_mape=10.234913
[2026-09-15 19:50:10] INFO Epoch 032 | stage=posthoc_calibrator | train_total=2.994577 | train_forecast=2.994577 | train_confidence=0.000000 | train_risk=0.000000 | train_blend=0.000000 | val_total=2.947859 | val_mae=2.944284 | val_rmse=6.001967 | val_mape=8.194439 | val_confidence=0.000000 | val_risk=0.000000 | val_blend=0.000000 | batches=709/94 | seconds=125.93 | lr=[6.25e-05] | cuda_peak_mb=1469.3
[2026-09-15 19:50:10] INFO Val horizons | 15min_mae=2.589465 15min_rmse=5.037382 15min_mape=6.723525 | 30min_mae=2.979078 30min_rmse=6.055573 30min_mape=8.308941 | 60min_mae=3.430400 60min_rmse=7.103470 60min_mape=10.140457
[2026-09-15 19:52:16] INFO Epoch 033 | stage=posthoc_calibrator | train_total=2.994701 | train_forecast=2.994701 | train_confidence=0.000000 | train_risk=0.000000 | train_blend=0.000000 | val_total=2.946145 | val_mae=2.942576 | val_rmse=5.995914 | val_mape=8.187147 | val_confidence=0.000000 | val_risk=0.000000 | val_blend=0.000000 | batches=709/94 | seconds=126.17 | lr=[6.25e-05] | cuda_peak_mb=1468.2
[2026-09-15 19:52:16] INFO Val horizons | 15min_mae=2.591330 15min_rmse=5.034401 15min_mape=6.717710 | 30min_mae=2.979943 30min_rmse=6.054405 30min_mape=8.304477 | 60min_mae=3.422737 60min_rmse=7.087564 60min_mape=10.121994
[2026-09-15 19:54:21] INFO Epoch 034 | stage=posthoc_calibrator | train_total=2.994352 | train_forecast=2.994352 | train_confidence=0.000000 | train_risk=0.000000 | train_blend=0.000000 | val_total=2.940942 | val_mae=2.937243 | val_rmse=5.977876 | val_mape=8.224578 | val_confidence=0.000000 | val_risk=0.000000 | val_blend=0.000000 | batches=709/94 | seconds=125.47 | lr=[6.25e-05] | cuda_peak_mb=1469.3
[2026-09-15 19:54:21] INFO Val horizons | 15min_mae=2.588422 15min_rmse=5.026802 15min_mape=6.755275 | 30min_mae=2.973288 30min_rmse=6.033799 30min_mape=8.344026 | 60min_mae=3.416975 60min_rmse=7.067890 60min_mape=10.181362
[2026-09-15 19:56:27] INFO Epoch 035 | stage=posthoc_calibrator | train_total=2.994200 | train_forecast=2.994200 | train_confidence=0.000000 | train_risk=0.000000 | train_blend=0.000000 | val_total=2.939929 | val_mae=2.936254 | val_rmse=5.994832 | val_mape=8.179174 | val_confidence=0.000000 | val_risk=0.000000 | val_blend=0.000000 | batches=709/94 | seconds=125.90 | lr=[6.25e-05] | cuda_peak_mb=1469.3
[2026-09-15 19:56:27] INFO Val horizons | 15min_mae=2.587198 15min_rmse=5.036083 15min_mape=6.731581 | 30min_mae=2.973138 30min_rmse=6.054039 30min_mape=8.308379 | 60min_mae=3.415030 60min_rmse=7.087817 60min_mape=10.094251
[2026-09-15 19:56:27] INFO Checkpoint updated | epoch=35 | stage=posthoc_calibrator | best_val_mae=2.936254 | path=C:\Users\clw\projects\researchRep\STAnchor-BlockMemory\artifacts\paper_final_joint_context_offset_only_seed42\main_table\metrla\ours\dlinear\downstream_best.pt
[2026-09-15 19:58:33] INFO Epoch 036 | stage=posthoc_calibrator | train_total=2.993956 | train_forecast=2.993956 | train_confidence=0.000000 | train_risk=0.000000 | train_blend=0.000000 | val_total=2.935153 | val_mae=2.931395 | val_rmse=5.984043 | val_mape=8.194597 | val_confidence=0.000000 | val_risk=0.000000 | val_blend=0.000000 | batches=709/94 | seconds=125.16 | lr=[6.25e-05] | cuda_peak_mb=1468.3
[2026-09-15 19:58:33] INFO Val horizons | 15min_mae=2.585705 15min_rmse=5.038174 15min_mape=6.737631 | 30min_mae=2.965274 30min_rmse=6.038613 30min_mape=8.305554 | 60min_mae=3.409825 60min_rmse=7.073208 60min_mape=10.140292
[2026-09-15 19:58:33] INFO Checkpoint updated | epoch=36 | stage=posthoc_calibrator | best_val_mae=2.931395 | path=C:\Users\clw\projects\researchRep\STAnchor-BlockMemory\artifacts\paper_final_joint_context_offset_only_seed42\main_table\metrla\ours\dlinear\downstream_best.pt
[2026-09-15 20:00:38] INFO Epoch 037 | stage=posthoc_calibrator | train_total=2.993689 | train_forecast=2.993689 | train_confidence=0.000000 | train_risk=0.000000 | train_blend=0.000000 | val_total=2.937552 | val_mae=2.933831 | val_rmse=5.995353 | val_mape=8.200670 | val_confidence=0.000000 | val_risk=0.000000 | val_blend=0.000000 | batches=709/94 | seconds=125.65 | lr=[6.25e-05] | cuda_peak_mb=1468.6
[2026-09-15 20:00:38] INFO Val horizons | 15min_mae=2.586106 15min_rmse=5.037603 15min_mape=6.722893 | 30min_mae=2.969177 30min_rmse=6.051973 30min_mape=8.314090 | 60min_mae=3.412255 60min_rmse=7.089280 60min_mape=10.155782
[2026-09-15 20:02:46] INFO Epoch 038 | stage=posthoc_calibrator | train_total=2.993619 | train_forecast=2.993619 | train_confidence=0.000000 | train_risk=0.000000 | train_blend=0.000000 | val_total=2.943236 | val_mae=2.939584 | val_rmse=5.999287 | val_mape=8.247188 | val_confidence=0.000000 | val_risk=0.000000 | val_blend=0.000000 | batches=709/94 | seconds=127.32 | lr=[6.25e-05] | cuda_peak_mb=1469.0
[2026-09-15 20:02:46] INFO Val horizons | 15min_mae=2.588190 15min_rmse=5.039263 15min_mape=6.756771 | 30min_mae=2.975250 30min_rmse=6.058837 30min_mape=8.362325 | 60min_mae=3.421743 60min_rmse=7.091223 60min_mape=10.230048
[2026-09-15 20:04:51] INFO Epoch 039 | stage=posthoc_calibrator | train_total=2.993396 | train_forecast=2.993396 | train_confidence=0.000000 | train_risk=0.000000 | train_blend=0.000000 | val_total=2.942337 | val_mae=2.938692 | val_rmse=6.006673 | val_mape=8.233547 | val_confidence=0.000000 | val_risk=0.000000 | val_blend=0.000000 | batches=709/94 | seconds=125.23 | lr=[6.25e-05] | cuda_peak_mb=1467.8
[2026-09-15 20:04:51] INFO Val horizons | 15min_mae=2.591461 15min_rmse=5.049514 15min_mape=6.799713 | 30min_mae=2.975387 30min_rmse=6.066949 30min_mape=8.374183 | 60min_mae=3.417684 60min_rmse=7.097947 60min_mape=10.137706
[2026-09-15 20:06:56] INFO Epoch 040 | stage=posthoc_calibrator | train_total=2.993576 | train_forecast=2.993576 | train_confidence=0.000000 | train_risk=0.000000 | train_blend=0.000000 | val_total=2.945286 | val_mae=2.941703 | val_rmse=5.987154 | val_mape=8.187574 | val_confidence=0.000000 | val_risk=0.000000 | val_blend=0.000000 | batches=709/94 | seconds=125.47 | lr=[6.25e-05] | cuda_peak_mb=1467.7
[2026-09-15 20:06:56] INFO Val horizons | 15min_mae=2.588502 15min_rmse=5.029654 15min_mape=6.743711 | 30min_mae=2.977131 30min_rmse=6.044038 30min_mape=8.319452 | 60min_mae=3.426517 60min_rmse=7.079683 60min_mape=10.098768
[2026-09-15 20:09:02] INFO Epoch 041 | stage=posthoc_calibrator | train_total=2.992585 | train_forecast=2.992585 | train_confidence=0.000000 | train_risk=0.000000 | train_blend=0.000000 | val_total=2.943514 | val_mae=2.939846 | val_rmse=5.991397 | val_mape=8.263366 | val_confidence=0.000000 | val_risk=0.000000 | val_blend=0.000000 | batches=709/94 | seconds=125.70 | lr=[3.125e-05] | cuda_peak_mb=1468.3
[2026-09-15 20:09:02] INFO Val horizons | 15min_mae=2.589385 15min_rmse=5.037326 15min_mape=6.778631 | 30min_mae=2.975750 30min_rmse=6.050812 30min_mape=8.393419 | 60min_mae=3.421932 60min_rmse=7.080346 60min_mape=10.219454
[2026-09-15 20:11:08] INFO Epoch 042 | stage=posthoc_calibrator | train_total=2.992097 | train_forecast=2.992097 | train_confidence=0.000000 | train_risk=0.000000 | train_blend=0.000000 | val_total=2.940293 | val_mae=2.936613 | val_rmse=5.992621 | val_mape=8.217162 | val_confidence=0.000000 | val_risk=0.000000 | val_blend=0.000000 | batches=709/94 | seconds=125.75 | lr=[3.125e-05] | cuda_peak_mb=1469.3
[2026-09-15 20:11:08] INFO Val horizons | 15min_mae=2.586924 15min_rmse=5.035753 15min_mape=6.751000 | 30min_mae=2.971670 30min_rmse=6.046187 30min_mape=8.326326 | 60min_mae=3.417253 60min_rmse=7.089254 60min_mape=10.175224
[2026-09-15 20:13:14] INFO Epoch 043 | stage=posthoc_calibrator | train_total=2.992394 | train_forecast=2.992394 | train_confidence=0.000000 | train_risk=0.000000 | train_blend=0.000000 | val_total=2.939581 | val_mae=2.935882 | val_rmse=5.982358 | val_mape=8.225336 | val_confidence=0.000000 | val_risk=0.000000 | val_blend=0.000000 | batches=709/94 | seconds=125.98 | lr=[3.125e-05] | cuda_peak_mb=1469.3
[2026-09-15 20:13:14] INFO Val horizons | 15min_mae=2.586252 15min_rmse=5.027025 15min_mape=6.737740 | 30min_mae=2.971464 30min_rmse=6.039283 30min_mape=8.340969 | 60min_mae=3.416008 60min_rmse=7.072167 60min_mape=10.190382
[2026-09-15 20:15:19] INFO Epoch 044 | stage=posthoc_calibrator | train_total=2.992095 | train_forecast=2.992095 | train_confidence=0.000000 | train_risk=0.000000 | train_blend=0.000000 | val_total=2.938022 | val_mae=2.934313 | val_rmse=5.989752 | val_mape=8.188242 | val_confidence=0.000000 | val_risk=0.000000 | val_blend=0.000000 | batches=709/94 | seconds=125.71 | lr=[3.125e-05] | cuda_peak_mb=1468.3
[2026-09-15 20:15:19] INFO Val horizons | 15min_mae=2.585839 15min_rmse=5.030165 15min_mape=6.713157 | 30min_mae=2.969594 30min_rmse=6.043035 30min_mape=8.297226 | 60min_mae=3.413527 60min_rmse=7.087329 60min_mape=10.145398
[2026-09-15 20:17:25] INFO Epoch 045 | stage=posthoc_calibrator | train_total=2.992050 | train_forecast=2.992050 | train_confidence=0.000000 | train_risk=0.000000 | train_blend=0.000000 | val_total=2.943330 | val_mae=2.939684 | val_rmse=5.994371 | val_mape=8.263762 | val_confidence=0.000000 | val_risk=0.000000 | val_blend=0.000000 | batches=709/94 | seconds=125.90 | lr=[3.125e-05] | cuda_peak_mb=1469.3
[2026-09-15 20:17:25] INFO Val horizons | 15min_mae=2.590800 15min_rmse=5.032545 15min_mape=6.777808 | 30min_mae=2.977501 30min_rmse=6.057825 30min_mape=8.396794 | 60min_mae=3.417724 60min_rmse=7.081665 60min_mape=10.212857
[2026-09-15 20:19:31] INFO Epoch 046 | stage=posthoc_calibrator | train_total=2.991885 | train_forecast=2.991885 | train_confidence=0.000000 | train_risk=0.000000 | train_blend=0.000000 | val_total=2.941298 | val_mae=2.937634 | val_rmse=5.989154 | val_mape=8.203475 | val_confidence=0.000000 | val_risk=0.000000 | val_blend=0.000000 | batches=709/94 | seconds=125.80 | lr=[3.125e-05] | cuda_peak_mb=1469.3
[2026-09-15 20:19:31] INFO Val horizons | 15min_mae=2.586084 15min_rmse=5.027453 15min_mape=6.708497 | 30min_mae=2.972585 30min_rmse=6.042638 30min_mape=8.301502 | 60min_mae=3.421385 60min_rmse=7.088311 60min_mape=10.200358
[2026-09-15 20:21:37] INFO Epoch 047 | stage=posthoc_calibrator | train_total=2.991667 | train_forecast=2.991667 | train_confidence=0.000000 | train_risk=0.000000 | train_blend=0.000000 | val_total=2.941485 | val_mae=2.937835 | val_rmse=5.992204 | val_mape=8.238704 | val_confidence=0.000000 | val_risk=0.000000 | val_blend=0.000000 | batches=709/94 | seconds=125.85 | lr=[3.125e-05] | cuda_peak_mb=1468.3
[2026-09-15 20:21:37] INFO Val horizons | 15min_mae=2.587306 15min_rmse=5.030779 15min_mape=6.747168 | 30min_mae=2.974412 30min_rmse=6.052227 30min_mape=8.363767 | 60min_mae=3.417899 60min_rmse=7.081403 60min_mape=10.197429
[2026-09-15 20:23:43] INFO Epoch 048 | stage=posthoc_calibrator | train_total=2.991609 | train_forecast=2.991609 | train_confidence=0.000000 | train_risk=0.000000 | train_blend=0.000000 | val_total=2.941235 | val_mae=2.937625 | val_rmse=5.990021 | val_mape=8.141716 | val_confidence=0.000000 | val_risk=0.000000 | val_blend=0.000000 | batches=709/94 | seconds=125.68 | lr=[3.125e-05] | cuda_peak_mb=1469.3
[2026-09-15 20:23:43] INFO Val horizons | 15min_mae=2.585617 15min_rmse=5.029238 15min_mape=6.658399 | 30min_mae=2.972595 30min_rmse=6.042320 30min_mape=8.244952 | 60min_mae=3.420597 60min_rmse=7.089987 60min_mape=10.107692
[2026-09-15 20:25:48] INFO Epoch 049 | stage=posthoc_calibrator | train_total=2.991458 | train_forecast=2.991458 | train_confidence=0.000000 | train_risk=0.000000 | train_blend=0.000000 | val_total=2.938734 | val_mae=2.935068 | val_rmse=5.993501 | val_mape=8.183961 | val_confidence=0.000000 | val_risk=0.000000 | val_blend=0.000000 | batches=709/94 | seconds=125.65 | lr=[3.125e-05] | cuda_peak_mb=1469.3
[2026-09-15 20:25:48] INFO Val horizons | 15min_mae=2.585237 15min_rmse=5.034948 15min_mape=6.734409 | 30min_mae=2.970269 30min_rmse=6.051232 30min_mape=8.307953 | 60min_mae=3.416480 60min_rmse=7.085957 60min_mape=10.106235
[2026-09-15 20:27:54] INFO Epoch 050 | stage=posthoc_calibrator | train_total=2.991256 | train_forecast=2.991256 | train_confidence=0.000000 | train_risk=0.000000 | train_blend=0.000000 | val_total=2.945482 | val_mae=2.941880 | val_rmse=6.009313 | val_mape=8.282946 | val_confidence=0.000000 | val_risk=0.000000 | val_blend=0.000000 | batches=709/94 | seconds=125.96 | lr=[3.125e-05] | cuda_peak_mb=1468.3
[2026-09-15 20:27:54] INFO Val horizons | 15min_mae=2.592245 15min_rmse=5.039789 15min_mape=6.791767 | 30min_mae=2.979748 30min_rmse=6.071732 30min_mape=8.414406 | 60min_mae=3.421615 60min_rmse=7.104478 60min_mape=10.246808
[2026-09-15 20:27:54] INFO Downstream training finished | best_val_mae=2.931395 | checkpoint=C:\Users\clw\projects\researchRep\STAnchor-BlockMemory\artifacts\paper_final_joint_context_offset_only_seed42\main_table\metrla\ours\dlinear\downstream_best.pt
