[2026-09-09 05:14:37] INFO Downstream start | run=cross_dataset_final/pemsbay_source_router_argcn_seed42 | device=cuda:0 (requested=cuda:0) | seed=42 | output=C:\Users\clw\projects\researchRep\STAnchor-BlockMemory\artifacts\cross_dataset_final\pemsbay_source_router_argcn_seed42
[2026-09-09 05:14:37] INFO Mode | downstream_mode=learned_topk_error_aware | training_protocol=posthoc_frozen_base | candidate_protocol=weekday_radius1_overlap
[2026-09-09 05:14:37] INFO Downstream initialization | seed=42 | state_hash=f4bac7b3a3aaab30
[2026-09-09 05:14:37] INFO Frozen base | checkpoint=C:\Users\clw\projects\researchRep\STAnchor-BlockMemory\artifacts\cross_dataset_stage1\pemsbay_baseonly_argcn_seed42\downstream_best.pt | fingerprint=3134cfb6578107d4
[2026-09-09 05:14:37] INFO Data | steps=52116 | nodes=325 | channels=1 | training_scope=full_train | memory/post_memory/train_selected/val/test=25327/10855/36182/4912/10125
[2026-09-09 05:14:37] INFO Bank/retrieval | dataset=PEMS-BAY | events=25327 | nodes=325 | retrieval_dim=64 | event_top_r=96 | node_top_k=12 | key_dtype=float16
[2026-09-09 05:14:37] INFO Parameters | downstream_total=1,030,502 | downstream_trainable=879,693 | backbone=0 | confidence_head=0 | fusion=0 | frozen_pretrained=958,704
[2026-09-09 05:14:37] INFO Optimization | epochs=50 | batch_size=32 | optimizer=adam | lr=0.001 | weight_decay=0.0001 | scheduler=step_lr | step_size=10 | gamma=0.950 | confidence_weight=0.000 | patience=10 | early_stopping=disabled
[2026-09-09 05:14:38] INFO Stage start | stage=posthoc_calibrator | epochs=50 | optimizer_lrs=[0.001]
[2026-09-09 05:32:22] INFO Epoch 001 | stage=posthoc_calibrator | train_total=1.454195 | train_forecast=1.454195 | train_confidence=0.000000 | train_risk=0.000000 | train_blend=0.000000 | val_total=1.713022 | val_mae=1.707602 | val_rmse=4.009056 | val_mape=4.023139 | val_confidence=0.000000 | val_risk=0.000000 | val_blend=0.000000 | batches=1131/154 | seconds=1064.54 | lr=[0.001] | cuda_peak_mb=5432.3
[2026-09-09 05:32:22] INFO Val horizons | 15min_mae=1.396024 15min_rmse=2.935232 15min_mape=3.052995 | 30min_mae=1.769098 30min_rmse=4.079239 30min_mape=4.168974 | 60min_mae=2.133507 60min_rmse=5.033209 60min_mape=5.301777
[2026-09-09 05:32:22] INFO Checkpoint updated | epoch=1 | stage=posthoc_calibrator | best_val_mae=1.707602 | path=C:\Users\clw\projects\researchRep\STAnchor-BlockMemory\artifacts\cross_dataset_final\pemsbay_source_router_argcn_seed42\downstream_best.pt
[2026-09-09 05:34:54] INFO Epoch 002 | stage=posthoc_calibrator | train_total=1.444156 | train_forecast=1.444156 | train_confidence=0.000000 | train_risk=0.000000 | train_blend=0.000000 | val_total=1.710770 | val_mae=1.705350 | val_rmse=4.014028 | val_mape=4.042767 | val_confidence=0.000000 | val_risk=0.000000 | val_blend=0.000000 | batches=1131/154 | seconds=151.58 | lr=[0.001] | cuda_peak_mb=2202.8
[2026-09-09 05:34:54] INFO Val horizons | 15min_mae=1.398024 15min_rmse=2.963472 15min_mape=3.086667 | 30min_mae=1.768023 30min_rmse=4.097776 30min_mape=4.189158 | 60min_mae=2.121962 60min_rmse=4.996652 60min_mape=5.280492
[2026-09-09 05:34:54] INFO Checkpoint updated | epoch=2 | stage=posthoc_calibrator | best_val_mae=1.705350 | path=C:\Users\clw\projects\researchRep\STAnchor-BlockMemory\artifacts\cross_dataset_final\pemsbay_source_router_argcn_seed42\downstream_best.pt
[2026-09-09 05:37:25] INFO Epoch 003 | stage=posthoc_calibrator | train_total=1.441257 | train_forecast=1.441257 | train_confidence=0.000000 | train_risk=0.000000 | train_blend=0.000000 | val_total=1.700957 | val_mae=1.695422 | val_rmse=3.973537 | val_mape=3.978096 | val_confidence=0.000000 | val_risk=0.000000 | val_blend=0.000000 | batches=1131/154 | seconds=150.72 | lr=[0.001] | cuda_peak_mb=2202.4
[2026-09-09 05:37:25] INFO Val horizons | 15min_mae=1.393837 15min_rmse=2.941575 15min_mape=3.057506 | 30min_mae=1.758953 30min_rmse=4.058003 30min_mape=4.129849 | 60min_mae=2.106182 60min_rmse=4.952508 60min_mape=5.177116
[2026-09-09 05:37:25] INFO Checkpoint updated | epoch=3 | stage=posthoc_calibrator | best_val_mae=1.695422 | path=C:\Users\clw\projects\researchRep\STAnchor-BlockMemory\artifacts\cross_dataset_final\pemsbay_source_router_argcn_seed42\downstream_best.pt
[2026-09-09 05:39:55] INFO Epoch 004 | stage=posthoc_calibrator | train_total=1.439587 | train_forecast=1.439587 | train_confidence=0.000000 | train_risk=0.000000 | train_blend=0.000000 | val_total=1.694754 | val_mae=1.689348 | val_rmse=3.955950 | val_mape=3.976441 | val_confidence=0.000000 | val_risk=0.000000 | val_blend=0.000000 | batches=1131/154 | seconds=150.41 | lr=[0.001] | cuda_peak_mb=2202.2
[2026-09-09 05:39:55] INFO Val horizons | 15min_mae=1.388937 15min_rmse=2.924099 15min_mape=3.028208 | 30min_mae=1.751436 30min_rmse=4.032539 30min_mape=4.114064 | 60min_mae=2.100582 60min_rmse=4.946116 60min_mape=5.231051
[2026-09-09 05:39:55] INFO Checkpoint updated | epoch=4 | stage=posthoc_calibrator | best_val_mae=1.689348 | path=C:\Users\clw\projects\researchRep\STAnchor-BlockMemory\artifacts\cross_dataset_final\pemsbay_source_router_argcn_seed42\downstream_best.pt
[2026-09-09 05:42:26] INFO Epoch 005 | stage=posthoc_calibrator | train_total=1.438613 | train_forecast=1.438613 | train_confidence=0.000000 | train_risk=0.000000 | train_blend=0.000000 | val_total=1.707241 | val_mae=1.701766 | val_rmse=3.999651 | val_mape=4.003719 | val_confidence=0.000000 | val_risk=0.000000 | val_blend=0.000000 | batches=1131/154 | seconds=150.56 | lr=[0.001] | cuda_peak_mb=2202.5
[2026-09-09 05:42:26] INFO Val horizons | 15min_mae=1.391493 15min_rmse=2.933979 15min_mape=3.034919 | 30min_mae=1.761061 30min_rmse=4.064094 30min_mape=4.131664 | 60min_mae=2.128385 60min_rmse=5.026642 60min_mape=5.295378
[2026-09-09 05:44:57] INFO Epoch 006 | stage=posthoc_calibrator | train_total=1.437241 | train_forecast=1.437241 | train_confidence=0.000000 | train_risk=0.000000 | train_blend=0.000000 | val_total=1.696113 | val_mae=1.690637 | val_rmse=3.967878 | val_mape=3.981323 | val_confidence=0.000000 | val_risk=0.000000 | val_blend=0.000000 | batches=1131/154 | seconds=150.74 | lr=[0.001] | cuda_peak_mb=2202.9
[2026-09-09 05:44:57] INFO Val horizons | 15min_mae=1.391442 15min_rmse=2.937152 15min_mape=3.048466 | 30min_mae=1.754441 30min_rmse=4.046927 30min_mape=4.137688 | 60min_mae=2.099127 60min_rmse=4.960477 60min_mape=5.194011
[2026-09-09 05:47:27] INFO Epoch 007 | stage=posthoc_calibrator | train_total=1.436374 | train_forecast=1.436374 | train_confidence=0.000000 | train_risk=0.000000 | train_blend=0.000000 | val_total=1.693879 | val_mae=1.688452 | val_rmse=3.949046 | val_mape=3.953991 | val_confidence=0.000000 | val_risk=0.000000 | val_blend=0.000000 | batches=1131/154 | seconds=150.49 | lr=[0.001] | cuda_peak_mb=2202.2
[2026-09-09 05:47:27] INFO Val horizons | 15min_mae=1.388256 15min_rmse=2.924349 15min_mape=3.024024 | 30min_mae=1.751083 30min_rmse=4.029122 30min_mape=4.103256 | 60min_mae=2.099353 60min_rmse=4.935017 60min_mape=5.170780
[2026-09-09 05:47:27] INFO Checkpoint updated | epoch=7 | stage=posthoc_calibrator | best_val_mae=1.688452 | path=C:\Users\clw\projects\researchRep\STAnchor-BlockMemory\artifacts\cross_dataset_final\pemsbay_source_router_argcn_seed42\downstream_best.pt
[2026-09-09 05:49:58] INFO Epoch 008 | stage=posthoc_calibrator | train_total=1.435465 | train_forecast=1.435465 | train_confidence=0.000000 | train_risk=0.000000 | train_blend=0.000000 | val_total=1.692513 | val_mae=1.687149 | val_rmse=3.960338 | val_mape=3.964487 | val_confidence=0.000000 | val_risk=0.000000 | val_blend=0.000000 | batches=1131/154 | seconds=150.46 | lr=[0.001] | cuda_peak_mb=2202.0
[2026-09-09 05:49:58] INFO Val horizons | 15min_mae=1.388467 15min_rmse=2.934759 15min_mape=3.027731 | 30min_mae=1.749880 30min_rmse=4.041113 30min_mape=4.107056 | 60min_mae=2.095558 60min_rmse=4.942826 60min_mape=5.194726
[2026-09-09 05:49:58] INFO Checkpoint updated | epoch=8 | stage=posthoc_calibrator | best_val_mae=1.687149 | path=C:\Users\clw\projects\researchRep\STAnchor-BlockMemory\artifacts\cross_dataset_final\pemsbay_source_router_argcn_seed42\downstream_best.pt
[2026-09-09 05:52:28] INFO Epoch 009 | stage=posthoc_calibrator | train_total=1.434919 | train_forecast=1.434919 | train_confidence=0.000000 | train_risk=0.000000 | train_blend=0.000000 | val_total=1.691576 | val_mae=1.686126 | val_rmse=3.949413 | val_mape=3.958130 | val_confidence=0.000000 | val_risk=0.000000 | val_blend=0.000000 | batches=1131/154 | seconds=150.53 | lr=[0.001] | cuda_peak_mb=2202.2
[2026-09-09 05:52:28] INFO Val horizons | 15min_mae=1.387426 15min_rmse=2.928840 15min_mape=3.030725 | 30min_mae=1.749690 30min_rmse=4.036862 30min_mape=4.112854 | 60min_mae=2.092761 60min_rmse=4.920652 60min_mape=5.164191
[2026-09-09 05:52:28] INFO Checkpoint updated | epoch=9 | stage=posthoc_calibrator | best_val_mae=1.686126 | path=C:\Users\clw\projects\researchRep\STAnchor-BlockMemory\artifacts\cross_dataset_final\pemsbay_source_router_argcn_seed42\downstream_best.pt
[2026-09-09 05:54:58] INFO Epoch 010 | stage=posthoc_calibrator | train_total=1.434489 | train_forecast=1.434489 | train_confidence=0.000000 | train_risk=0.000000 | train_blend=0.000000 | val_total=1.686391 | val_mae=1.680922 | val_rmse=3.934001 | val_mape=3.929724 | val_confidence=0.000000 | val_risk=0.000000 | val_blend=0.000000 | batches=1131/154 | seconds=150.23 | lr=[0.001] | cuda_peak_mb=2202.4
[2026-09-09 05:54:58] INFO Val horizons | 15min_mae=1.384517 15min_rmse=2.918498 15min_mape=3.014170 | 30min_mae=1.741466 30min_rmse=4.013142 30min_mape=4.063797 | 60min_mae=2.089727 60min_rmse=4.913510 60min_mape=5.156802
[2026-09-09 05:54:58] INFO Checkpoint updated | epoch=10 | stage=posthoc_calibrator | best_val_mae=1.680922 | path=C:\Users\clw\projects\researchRep\STAnchor-BlockMemory\artifacts\cross_dataset_final\pemsbay_source_router_argcn_seed42\downstream_best.pt
[2026-09-09 05:57:29] INFO Epoch 011 | stage=posthoc_calibrator | train_total=1.433625 | train_forecast=1.433625 | train_confidence=0.000000 | train_risk=0.000000 | train_blend=0.000000 | val_total=1.700082 | val_mae=1.694708 | val_rmse=3.967252 | val_mape=3.999212 | val_confidence=0.000000 | val_risk=0.000000 | val_blend=0.000000 | batches=1131/154 | seconds=150.31 | lr=[0.00095] | cuda_peak_mb=2202.2
[2026-09-09 05:57:29] INFO Val horizons | 15min_mae=1.391150 15min_rmse=2.932254 15min_mape=3.042570 | 30min_mae=1.756442 30min_rmse=4.041424 30min_mape=4.143661 | 60min_mae=2.111662 60min_rmse=4.972380 60min_mape=5.256410
[2026-09-09 05:59:59] INFO Epoch 012 | stage=posthoc_calibrator | train_total=1.433167 | train_forecast=1.433167 | train_confidence=0.000000 | train_risk=0.000000 | train_blend=0.000000 | val_total=1.705627 | val_mae=1.700234 | val_rmse=4.005181 | val_mape=4.029466 | val_confidence=0.000000 | val_risk=0.000000 | val_blend=0.000000 | batches=1131/154 | seconds=150.61 | lr=[0.00095] | cuda_peak_mb=2202.5
[2026-09-09 05:59:59] INFO Val horizons | 15min_mae=1.391199 15min_rmse=2.938843 15min_mape=3.043604 | 30min_mae=1.759218 30min_rmse=4.069144 30min_mape=4.156611 | 60min_mae=2.128352 60min_rmse=5.047639 60min_mape=5.348194
[2026-09-09 06:02:30] INFO Epoch 013 | stage=posthoc_calibrator | train_total=1.432770 | train_forecast=1.432770 | train_confidence=0.000000 | train_risk=0.000000 | train_blend=0.000000 | val_total=1.699948 | val_mae=1.694552 | val_rmse=3.981638 | val_mape=3.996223 | val_confidence=0.000000 | val_risk=0.000000 | val_blend=0.000000 | batches=1131/154 | seconds=150.61 | lr=[0.00095] | cuda_peak_mb=2202.9
[2026-09-09 06:02:30] INFO Val horizons | 15min_mae=1.389613 15min_rmse=2.931554 15min_mape=3.037656 | 30min_mae=1.756418 30min_rmse=4.055198 30min_mape=4.138655 | 60min_mae=2.112883 60min_rmse=4.997665 60min_mape=5.265025
[2026-09-09 06:05:01] INFO Epoch 014 | stage=posthoc_calibrator | train_total=1.431949 | train_forecast=1.431949 | train_confidence=0.000000 | train_risk=0.000000 | train_blend=0.000000 | val_total=1.683514 | val_mae=1.678151 | val_rmse=3.925349 | val_mape=3.958071 | val_confidence=0.000000 | val_risk=0.000000 | val_blend=0.000000 | batches=1131/154 | seconds=150.65 | lr=[0.00095] | cuda_peak_mb=2202.2
[2026-09-09 06:05:01] INFO Val horizons | 15min_mae=1.385419 15min_rmse=2.925105 15min_mape=3.030911 | 30min_mae=1.743109 30min_rmse=4.020524 30min_mape=4.116487 | 60min_mae=2.077768 60min_rmse=4.880641 60min_mape=5.159855
[2026-09-09 06:05:01] INFO Checkpoint updated | epoch=14 | stage=posthoc_calibrator | best_val_mae=1.678151 | path=C:\Users\clw\projects\researchRep\STAnchor-BlockMemory\artifacts\cross_dataset_final\pemsbay_source_router_argcn_seed42\downstream_best.pt
[2026-09-09 06:07:31] INFO Epoch 015 | stage=posthoc_calibrator | train_total=1.431021 | train_forecast=1.431021 | train_confidence=0.000000 | train_risk=0.000000 | train_blend=0.000000 | val_total=1.681552 | val_mae=1.676079 | val_rmse=3.916831 | val_mape=3.920668 | val_confidence=0.000000 | val_risk=0.000000 | val_blend=0.000000 | batches=1131/154 | seconds=150.29 | lr=[0.00095] | cuda_peak_mb=2202.0
[2026-09-09 06:07:31] INFO Val horizons | 15min_mae=1.383739 15min_rmse=2.914268 15min_mape=3.015449 | 30min_mae=1.739167 30min_rmse=4.004256 30min_mape=4.068878 | 60min_mae=2.076495 60min_rmse=4.877882 60min_mape=5.107328
[2026-09-09 06:07:31] INFO Checkpoint updated | epoch=15 | stage=posthoc_calibrator | best_val_mae=1.676079 | path=C:\Users\clw\projects\researchRep\STAnchor-BlockMemory\artifacts\cross_dataset_final\pemsbay_source_router_argcn_seed42\downstream_best.pt
[2026-09-09 06:10:01] INFO Epoch 016 | stage=posthoc_calibrator | train_total=1.430369 | train_forecast=1.430369 | train_confidence=0.000000 | train_risk=0.000000 | train_blend=0.000000 | val_total=1.684657 | val_mae=1.679231 | val_rmse=3.927035 | val_mape=3.968220 | val_confidence=0.000000 | val_risk=0.000000 | val_blend=0.000000 | batches=1131/154 | seconds=150.28 | lr=[0.00095] | cuda_peak_mb=2202.2
[2026-09-09 06:10:01] INFO Val horizons | 15min_mae=1.385436 15min_rmse=2.921477 15min_mape=3.041326 | 30min_mae=1.741864 30min_rmse=4.013314 30min_mape=4.116568 | 60min_mae=2.081901 60min_rmse=4.890905 60min_mape=5.183901
[2026-09-09 06:12:32] INFO Epoch 017 | stage=posthoc_calibrator | train_total=1.430349 | train_forecast=1.430349 | train_confidence=0.000000 | train_risk=0.000000 | train_blend=0.000000 | val_total=1.681919 | val_mae=1.676415 | val_rmse=3.910528 | val_mape=3.916860 | val_confidence=0.000000 | val_risk=0.000000 | val_blend=0.000000 | batches=1131/154 | seconds=150.34 | lr=[0.00095] | cuda_peak_mb=2202.4
[2026-09-09 06:12:32] INFO Val horizons | 15min_mae=1.384323 15min_rmse=2.915266 15min_mape=3.014558 | 30min_mae=1.739145 30min_rmse=3.996799 30min_mape=4.063590 | 60min_mae=2.077848 60min_rmse=4.875326 60min_mape=5.101849
[2026-09-09 06:15:02] INFO Epoch 018 | stage=posthoc_calibrator | train_total=1.429558 | train_forecast=1.429558 | train_confidence=0.000000 | train_risk=0.000000 | train_blend=0.000000 | val_total=1.688766 | val_mae=1.683457 | val_rmse=3.950650 | val_mape=3.986144 | val_confidence=0.000000 | val_risk=0.000000 | val_blend=0.000000 | batches=1131/154 | seconds=150.32 | lr=[0.00095] | cuda_peak_mb=2202.2
[2026-09-09 06:15:02] INFO Val horizons | 15min_mae=1.387446 15min_rmse=2.935361 15min_mape=3.037674 | 30min_mae=1.748587 30min_rmse=4.045489 30min_mape=4.136429 | 60min_mae=2.086422 60min_rmse=4.915266 60min_mape=5.226163
[2026-09-09 06:17:32] INFO Epoch 019 | stage=posthoc_calibrator | train_total=1.429363 | train_forecast=1.429363 | train_confidence=0.000000 | train_risk=0.000000 | train_blend=0.000000 | val_total=1.690835 | val_mae=1.685532 | val_rmse=3.958125 | val_mape=3.994596 | val_confidence=0.000000 | val_risk=0.000000 | val_blend=0.000000 | batches=1131/154 | seconds=150.42 | lr=[0.00095] | cuda_peak_mb=2202.5
[2026-09-09 06:17:32] INFO Val horizons | 15min_mae=1.386333 15min_rmse=2.928571 15min_mape=3.036636 | 30min_mae=1.746511 30min_rmse=4.038048 30min_mape=4.128104 | 60min_mae=2.095913 60min_rmse=4.946523 60min_mape=5.262104
[2026-09-09 06:20:03] INFO Epoch 020 | stage=posthoc_calibrator | train_total=1.429121 | train_forecast=1.429121 | train_confidence=0.000000 | train_risk=0.000000 | train_blend=0.000000 | val_total=1.692545 | val_mae=1.687251 | val_rmse=3.965258 | val_mape=4.002220 | val_confidence=0.000000 | val_risk=0.000000 | val_blend=0.000000 | batches=1131/154 | seconds=150.34 | lr=[0.00095] | cuda_peak_mb=2202.9
[2026-09-09 06:20:03] INFO Val horizons | 15min_mae=1.387710 15min_rmse=2.932244 15min_mape=3.039927 | 30min_mae=1.750896 30min_rmse=4.051829 30min_mape=4.151192 | 60min_mae=2.094422 60min_rmse=4.942066 60min_mape=5.253450
[2026-09-09 06:22:33] INFO Epoch 021 | stage=posthoc_calibrator | train_total=1.428959 | train_forecast=1.428959 | train_confidence=0.000000 | train_risk=0.000000 | train_blend=0.000000 | val_total=1.685375 | val_mae=1.680047 | val_rmse=3.945618 | val_mape=3.959073 | val_confidence=0.000000 | val_risk=0.000000 | val_blend=0.000000 | batches=1131/154 | seconds=150.32 | lr=[0.0009025] | cuda_peak_mb=2202.2
[2026-09-09 06:22:33] INFO Val horizons | 15min_mae=1.385081 15min_rmse=2.926030 15min_mape=3.027595 | 30min_mae=1.743622 30min_rmse=4.036042 30min_mape=4.106061 | 60min_mae=2.081331 60min_rmse=4.908961 60min_mape=5.173201
[2026-09-09 06:25:03] INFO Epoch 022 | stage=posthoc_calibrator | train_total=1.428563 | train_forecast=1.428563 | train_confidence=0.000000 | train_risk=0.000000 | train_blend=0.000000 | val_total=1.686866 | val_mae=1.681492 | val_rmse=3.943118 | val_mape=3.971502 | val_confidence=0.000000 | val_risk=0.000000 | val_blend=0.000000 | batches=1131/154 | seconds=150.39 | lr=[0.0009025] | cuda_peak_mb=2202.0
[2026-09-09 06:25:03] INFO Val horizons | 15min_mae=1.385702 15min_rmse=2.928110 15min_mape=3.032278 | 30min_mae=1.744618 30min_rmse=4.033017 30min_mape=4.120661 | 60min_mae=2.085750 60min_rmse=4.911524 60min_mape=5.196482
[2026-09-09 06:27:34] INFO Epoch 023 | stage=posthoc_calibrator | train_total=1.428558 | train_forecast=1.428558 | train_confidence=0.000000 | train_risk=0.000000 | train_blend=0.000000 | val_total=1.679675 | val_mae=1.674275 | val_rmse=3.907994 | val_mape=3.934730 | val_confidence=0.000000 | val_risk=0.000000 | val_blend=0.000000 | batches=1131/154 | seconds=150.51 | lr=[0.0009025] | cuda_peak_mb=2202.2
[2026-09-09 06:27:34] INFO Val horizons | 15min_mae=1.383737 15min_rmse=2.918064 15min_mape=3.022510 | 30min_mae=1.739379 30min_rmse=4.006808 30min_mape=4.092721 | 60min_mae=2.070021 60min_rmse=4.851866 60min_mape=5.116580
[2026-09-09 06:27:34] INFO Checkpoint updated | epoch=23 | stage=posthoc_calibrator | best_val_mae=1.674275 | path=C:\Users\clw\projects\researchRep\STAnchor-BlockMemory\artifacts\cross_dataset_final\pemsbay_source_router_argcn_seed42\downstream_best.pt
[2026-09-09 06:30:04] INFO Epoch 024 | stage=posthoc_calibrator | train_total=1.428096 | train_forecast=1.428096 | train_confidence=0.000000 | train_risk=0.000000 | train_blend=0.000000 | val_total=1.691289 | val_mae=1.685945 | val_rmse=3.962827 | val_mape=3.988546 | val_confidence=0.000000 | val_risk=0.000000 | val_blend=0.000000 | batches=1131/154 | seconds=150.37 | lr=[0.0009025] | cuda_peak_mb=2202.4
[2026-09-09 06:30:04] INFO Val horizons | 15min_mae=1.386940 15min_rmse=2.931688 15min_mape=3.037437 | 30min_mae=1.748959 30min_rmse=4.046676 30min_mape=4.138077 | 60min_mae=2.093133 60min_rmse=4.944022 60min_mape=5.220651
[2026-09-09 06:32:35] INFO Epoch 025 | stage=posthoc_calibrator | train_total=1.428035 | train_forecast=1.428035 | train_confidence=0.000000 | train_risk=0.000000 | train_blend=0.000000 | val_total=1.685860 | val_mae=1.680469 | val_rmse=3.948101 | val_mape=3.958977 | val_confidence=0.000000 | val_risk=0.000000 | val_blend=0.000000 | batches=1131/154 | seconds=150.26 | lr=[0.0009025] | cuda_peak_mb=2202.2
[2026-09-09 06:32:35] INFO Val horizons | 15min_mae=1.384192 15min_rmse=2.929075 15min_mape=3.024237 | 30min_mae=1.742830 30min_rmse=4.032389 30min_mape=4.097097 | 60min_mae=2.084658 60min_rmse=4.923486 60min_mape=5.187595
[2026-09-09 06:35:05] INFO Epoch 026 | stage=posthoc_calibrator | train_total=1.427995 | train_forecast=1.427995 | train_confidence=0.000000 | train_risk=0.000000 | train_blend=0.000000 | val_total=1.686327 | val_mae=1.680963 | val_rmse=3.932370 | val_mape=3.959709 | val_confidence=0.000000 | val_risk=0.000000 | val_blend=0.000000 | batches=1131/154 | seconds=150.35 | lr=[0.0009025] | cuda_peak_mb=2202.5
[2026-09-09 06:35:05] INFO Val horizons | 15min_mae=1.384346 15min_rmse=2.918667 15min_mape=3.016438 | 30min_mae=1.743858 30min_rmse=4.019579 30min_mape=4.099047 | 60min_mae=2.088356 60min_rmse=4.910127 60min_mape=5.209948
[2026-09-09 06:37:35] INFO Epoch 027 | stage=posthoc_calibrator | train_total=1.427674 | train_forecast=1.427674 | train_confidence=0.000000 | train_risk=0.000000 | train_blend=0.000000 | val_total=1.691805 | val_mae=1.686365 | val_rmse=3.960269 | val_mape=3.965852 | val_confidence=0.000000 | val_risk=0.000000 | val_blend=0.000000 | batches=1131/154 | seconds=150.33 | lr=[0.0009025] | cuda_peak_mb=2202.9
[2026-09-09 06:37:35] INFO Val horizons | 15min_mae=1.385503 15min_rmse=2.924059 15min_mape=3.026167 | 30min_mae=1.749542 30min_rmse=4.043774 30min_mape=4.114865 | 60min_mae=2.093912 60min_rmse=4.946902 60min_mape=5.183021
[2026-09-09 06:40:05] INFO Epoch 028 | stage=posthoc_calibrator | train_total=1.427491 | train_forecast=1.427491 | train_confidence=0.000000 | train_risk=0.000000 | train_blend=0.000000 | val_total=1.691755 | val_mae=1.686365 | val_rmse=3.947612 | val_mape=3.999394 | val_confidence=0.000000 | val_risk=0.000000 | val_blend=0.000000 | batches=1131/154 | seconds=150.23 | lr=[0.0009025] | cuda_peak_mb=2202.2
[2026-09-09 06:40:05] INFO Val horizons | 15min_mae=1.388559 15min_rmse=2.933249 15min_mape=3.048557 | 30min_mae=1.750561 30min_rmse=4.038606 30min_mape=4.150508 | 60min_mae=2.092999 60min_rmse=4.921317 60min_mape=5.234323
[2026-09-09 06:42:36] INFO Epoch 029 | stage=posthoc_calibrator | train_total=1.427236 | train_forecast=1.427236 | train_confidence=0.000000 | train_risk=0.000000 | train_blend=0.000000 | val_total=1.681708 | val_mae=1.676233 | val_rmse=3.924908 | val_mape=3.933954 | val_confidence=0.000000 | val_risk=0.000000 | val_blend=0.000000 | batches=1131/154 | seconds=150.15 | lr=[0.0009025] | cuda_peak_mb=2202.0
[2026-09-09 06:42:36] INFO Val horizons | 15min_mae=1.382935 15min_rmse=2.918728 15min_mape=3.011986 | 30min_mae=1.740130 30min_rmse=4.013755 30min_mape=4.083213 | 60min_mae=2.076922 60min_rmse=4.893925 60min_mape=5.134475
[2026-09-09 06:45:06] INFO Epoch 030 | stage=posthoc_calibrator | train_total=1.426948 | train_forecast=1.426948 | train_confidence=0.000000 | train_risk=0.000000 | train_blend=0.000000 | val_total=1.684237 | val_mae=1.678900 | val_rmse=3.934031 | val_mape=3.960502 | val_confidence=0.000000 | val_risk=0.000000 | val_blend=0.000000 | batches=1131/154 | seconds=150.33 | lr=[0.0009025] | cuda_peak_mb=2202.2
[2026-09-09 06:45:06] INFO Val horizons | 15min_mae=1.384735 15min_rmse=2.923608 15min_mape=3.026801 | 30min_mae=1.743263 30min_rmse=4.026240 30min_mape=4.111481 | 60min_mae=2.080254 60min_rmse=4.898847 60min_mape=5.177665
[2026-09-09 06:47:36] INFO Epoch 031 | stage=posthoc_calibrator | train_total=1.426612 | train_forecast=1.426612 | train_confidence=0.000000 | train_risk=0.000000 | train_blend=0.000000 | val_total=1.686251 | val_mae=1.680785 | val_rmse=3.938359 | val_mape=3.943143 | val_confidence=0.000000 | val_risk=0.000000 | val_blend=0.000000 | batches=1131/154 | seconds=150.39 | lr=[0.000857375] | cuda_peak_mb=2202.4
[2026-09-09 06:47:36] INFO Val horizons | 15min_mae=1.384555 15min_rmse=2.924673 15min_mape=3.020022 | 30min_mae=1.742844 30min_rmse=4.025050 30min_mape=4.083875 | 60min_mae=2.086718 60min_rmse=4.914916 60min_mape=5.158725
[2026-09-09 06:50:07] INFO Epoch 032 | stage=posthoc_calibrator | train_total=1.426760 | train_forecast=1.426760 | train_confidence=0.000000 | train_risk=0.000000 | train_blend=0.000000 | val_total=1.686383 | val_mae=1.680959 | val_rmse=3.945219 | val_mape=3.955360 | val_confidence=0.000000 | val_risk=0.000000 | val_blend=0.000000 | batches=1131/154 | seconds=150.33 | lr=[0.000857375] | cuda_peak_mb=2202.2
[2026-09-09 06:50:07] INFO Val horizons | 15min_mae=1.383446 15min_rmse=2.922237 15min_mape=3.016361 | 30min_mae=1.743476 30min_rmse=4.029234 30min_mape=4.097255 | 60min_mae=2.087331 60min_rmse=4.927402 60min_mape=5.180763
[2026-09-09 06:52:37] INFO Epoch 033 | stage=posthoc_calibrator | train_total=1.426534 | train_forecast=1.426534 | train_confidence=0.000000 | train_risk=0.000000 | train_blend=0.000000 | val_total=1.685737 | val_mae=1.680357 | val_rmse=3.943319 | val_mape=3.963457 | val_confidence=0.000000 | val_risk=0.000000 | val_blend=0.000000 | batches=1131/154 | seconds=150.43 | lr=[0.000857375] | cuda_peak_mb=2202.5
[2026-09-09 06:52:37] INFO Val horizons | 15min_mae=1.381984 15min_rmse=2.918408 15min_mape=3.017165 | 30min_mae=1.742231 30min_rmse=4.026351 30min_mape=4.103072 | 60min_mae=2.088951 60min_rmse=4.931150 60min_mape=5.207405
[2026-09-09 06:55:07] INFO Epoch 034 | stage=posthoc_calibrator | train_total=1.426482 | train_forecast=1.426482 | train_confidence=0.000000 | train_risk=0.000000 | train_blend=0.000000 | val_total=1.685057 | val_mae=1.679693 | val_rmse=3.938172 | val_mape=3.969036 | val_confidence=0.000000 | val_risk=0.000000 | val_blend=0.000000 | batches=1131/154 | seconds=150.23 | lr=[0.000857375] | cuda_peak_mb=2202.9
[2026-09-09 06:55:07] INFO Val horizons | 15min_mae=1.385373 15min_rmse=2.925313 15min_mape=3.028395 | 30min_mae=1.744849 30min_rmse=4.030625 30min_mape=4.118120 | 60min_mae=2.078058 60min_rmse=4.899733 60min_mape=5.190853
[2026-09-09 06:57:38] INFO Epoch 035 | stage=posthoc_calibrator | train_total=1.426035 | train_forecast=1.426035 | train_confidence=0.000000 | train_risk=0.000000 | train_blend=0.000000 | val_total=1.683177 | val_mae=1.677817 | val_rmse=3.940998 | val_mape=3.955408 | val_confidence=0.000000 | val_risk=0.000000 | val_blend=0.000000 | batches=1131/154 | seconds=150.27 | lr=[0.000857375] | cuda_peak_mb=2202.2
[2026-09-09 06:57:38] INFO Val horizons | 15min_mae=1.382907 15min_rmse=2.922227 15min_mape=3.023819 | 30min_mae=1.741317 30min_rmse=4.025720 30min_mape=4.107045 | 60min_mae=2.079316 60min_rmse=4.913959 60min_mape=5.161826
[2026-09-09 07:00:08] INFO Epoch 036 | stage=posthoc_calibrator | train_total=1.426187 | train_forecast=1.426187 | train_confidence=0.000000 | train_risk=0.000000 | train_blend=0.000000 | val_total=1.673946 | val_mae=1.668527 | val_rmse=3.895124 | val_mape=3.913889 | val_confidence=0.000000 | val_risk=0.000000 | val_blend=0.000000 | batches=1131/154 | seconds=150.35 | lr=[0.000857375] | cuda_peak_mb=2202.0
[2026-09-09 07:00:08] INFO Val horizons | 15min_mae=1.379873 15min_rmse=2.911389 15min_mape=3.014024 | 30min_mae=1.731115 30min_rmse=3.982545 30min_mape=4.062808 | 60min_mae=2.065211 60min_rmse=4.845442 60min_mape=5.086469
[2026-09-09 07:00:08] INFO Checkpoint updated | epoch=36 | stage=posthoc_calibrator | best_val_mae=1.668527 | path=C:\Users\clw\projects\researchRep\STAnchor-BlockMemory\artifacts\cross_dataset_final\pemsbay_source_router_argcn_seed42\downstream_best.pt
[2026-09-09 07:02:38] INFO Epoch 037 | stage=posthoc_calibrator | train_total=1.425731 | train_forecast=1.425731 | train_confidence=0.000000 | train_risk=0.000000 | train_blend=0.000000 | val_total=1.675019 | val_mae=1.669720 | val_rmse=3.903645 | val_mape=3.928479 | val_confidence=0.000000 | val_risk=0.000000 | val_blend=0.000000 | batches=1131/154 | seconds=150.33 | lr=[0.000857375] | cuda_peak_mb=2202.2
[2026-09-09 07:02:38] INFO Val horizons | 15min_mae=1.382547 15min_rmse=2.924230 15min_mape=3.022831 | 30min_mae=1.735185 30min_rmse=4.003263 30min_mape=4.088954 | 60min_mae=2.060496 60min_rmse=4.834025 60min_mape=5.094294
[2026-09-09 07:05:09] INFO Epoch 038 | stage=posthoc_calibrator | train_total=1.425918 | train_forecast=1.425918 | train_confidence=0.000000 | train_risk=0.000000 | train_blend=0.000000 | val_total=1.680384 | val_mae=1.675071 | val_rmse=3.931764 | val_mape=3.946043 | val_confidence=0.000000 | val_risk=0.000000 | val_blend=0.000000 | batches=1131/154 | seconds=150.32 | lr=[0.000857375] | cuda_peak_mb=2202.4
[2026-09-09 07:05:09] INFO Val horizons | 15min_mae=1.382219 15min_rmse=2.923362 15min_mape=3.018963 | 30min_mae=1.737930 30min_rmse=4.017731 30min_mape=4.091422 | 60min_mae=2.075195 60min_rmse=4.897725 60min_mape=5.155539
[2026-09-09 07:07:39] INFO Epoch 039 | stage=posthoc_calibrator | train_total=1.425498 | train_forecast=1.425498 | train_confidence=0.000000 | train_risk=0.000000 | train_blend=0.000000 | val_total=1.683684 | val_mae=1.678351 | val_rmse=3.947474 | val_mape=3.975562 | val_confidence=0.000000 | val_risk=0.000000 | val_blend=0.000000 | batches=1131/154 | seconds=150.18 | lr=[0.000857375] | cuda_peak_mb=2202.2
[2026-09-09 07:07:39] INFO Val horizons | 15min_mae=1.382507 15min_rmse=2.923698 15min_mape=3.023364 | 30min_mae=1.741104 30min_rmse=4.030602 30min_mape=4.112519 | 60min_mae=2.080201 60min_rmse=4.924027 60min_mape=5.223776
[2026-09-09 07:10:09] INFO Epoch 040 | stage=posthoc_calibrator | train_total=1.425660 | train_forecast=1.425660 | train_confidence=0.000000 | train_risk=0.000000 | train_blend=0.000000 | val_total=1.674222 | val_mae=1.668901 | val_rmse=3.912383 | val_mape=3.908768 | val_confidence=0.000000 | val_risk=0.000000 | val_blend=0.000000 | batches=1131/154 | seconds=150.30 | lr=[0.000857375] | cuda_peak_mb=2202.5
[2026-09-09 07:10:09] INFO Val horizons | 15min_mae=1.380522 15min_rmse=2.917009 15min_mape=3.017862 | 30min_mae=1.732125 30min_rmse=4.003859 30min_mape=4.061960 | 60min_mae=2.063493 60min_rmse=4.859085 60min_mape=5.072468
[2026-09-09 07:12:40] INFO Epoch 041 | stage=posthoc_calibrator | train_total=1.425304 | train_forecast=1.425304 | train_confidence=0.000000 | train_risk=0.000000 | train_blend=0.000000 | val_total=1.681018 | val_mae=1.675629 | val_rmse=3.928906 | val_mape=3.944286 | val_confidence=0.000000 | val_risk=0.000000 | val_blend=0.000000 | batches=1131/154 | seconds=150.40 | lr=[0.0008145062499999999] | cuda_peak_mb=2202.9
[2026-09-09 07:12:40] INFO Val horizons | 15min_mae=1.383708 15min_rmse=2.920095 15min_mape=3.028052 | 30min_mae=1.738892 30min_rmse=4.014340 30min_mape=4.094033 | 60min_mae=2.074637 60min_rmse=4.900044 60min_mape=5.141931
[2026-09-09 07:15:10] INFO Epoch 042 | stage=posthoc_calibrator | train_total=1.425185 | train_forecast=1.425185 | train_confidence=0.000000 | train_risk=0.000000 | train_blend=0.000000 | val_total=1.686292 | val_mae=1.680973 | val_rmse=3.951059 | val_mape=3.984466 | val_confidence=0.000000 | val_risk=0.000000 | val_blend=0.000000 | batches=1131/154 | seconds=150.38 | lr=[0.0008145062499999999] | cuda_peak_mb=2202.2
[2026-09-09 07:15:10] INFO Val horizons | 15min_mae=1.383773 15min_rmse=2.927543 15min_mape=3.030575 | 30min_mae=1.744028 30min_rmse=4.038767 30min_mape=4.128748 | 60min_mae=2.086512 60min_rmse=4.929281 60min_mape=5.229765
[2026-09-09 07:17:40] INFO Epoch 043 | stage=posthoc_calibrator | train_total=1.425135 | train_forecast=1.425135 | train_confidence=0.000000 | train_risk=0.000000 | train_blend=0.000000 | val_total=1.678404 | val_mae=1.673130 | val_rmse=3.910264 | val_mape=3.935667 | val_confidence=0.000000 | val_risk=0.000000 | val_blend=0.000000 | batches=1131/154 | seconds=150.37 | lr=[0.0008145062499999999] | cuda_peak_mb=2202.0
[2026-09-09 07:17:40] INFO Val horizons | 15min_mae=1.382627 15min_rmse=2.918904 15min_mape=3.019341 | 30min_mae=1.736235 30min_rmse=3.998244 30min_mape=4.081823 | 60min_mae=2.071996 60min_rmse=4.867636 60min_mape=5.139374
[2026-09-09 07:20:11] INFO Epoch 044 | stage=posthoc_calibrator | train_total=1.424819 | train_forecast=1.424819 | train_confidence=0.000000 | train_risk=0.000000 | train_blend=0.000000 | val_total=1.686538 | val_mae=1.681195 | val_rmse=3.949156 | val_mape=3.964221 | val_confidence=0.000000 | val_risk=0.000000 | val_blend=0.000000 | batches=1131/154 | seconds=150.31 | lr=[0.0008145062499999999] | cuda_peak_mb=2202.2
[2026-09-09 07:20:11] INFO Val horizons | 15min_mae=1.384423 15min_rmse=2.927639 15min_mape=3.031838 | 30min_mae=1.744618 30min_rmse=4.037496 30min_mape=4.117780 | 60min_mae=2.087052 60min_rmse=4.925717 60min_mape=5.181389
[2026-09-09 07:22:41] INFO Epoch 045 | stage=posthoc_calibrator | train_total=1.424830 | train_forecast=1.424830 | train_confidence=0.000000 | train_risk=0.000000 | train_blend=0.000000 | val_total=1.681468 | val_mae=1.675965 | val_rmse=3.922677 | val_mape=3.921290 | val_confidence=0.000000 | val_risk=0.000000 | val_blend=0.000000 | batches=1131/154 | seconds=150.40 | lr=[0.0008145062499999999] | cuda_peak_mb=2202.4
[2026-09-09 07:22:41] INFO Val horizons | 15min_mae=1.382636 15min_rmse=2.916753 15min_mape=3.015770 | 30min_mae=1.739755 30min_rmse=4.013546 30min_mape=4.074140 | 60min_mae=2.074918 60min_rmse=4.880465 60min_mape=5.090916
[2026-09-09 07:25:11] INFO Epoch 046 | stage=posthoc_calibrator | train_total=1.424802 | train_forecast=1.424802 | train_confidence=0.000000 | train_risk=0.000000 | train_blend=0.000000 | val_total=1.682367 | val_mae=1.676976 | val_rmse=3.930878 | val_mape=3.946857 | val_confidence=0.000000 | val_risk=0.000000 | val_blend=0.000000 | batches=1131/154 | seconds=150.29 | lr=[0.0008145062499999999] | cuda_peak_mb=2202.2
[2026-09-09 07:25:11] INFO Val horizons | 15min_mae=1.382067 15min_rmse=2.919466 15min_mape=3.018274 | 30min_mae=1.739857 30min_rmse=4.019800 30min_mape=4.090992 | 60min_mae=2.078352 60min_rmse=4.894197 60min_mape=5.156791
[2026-09-09 07:27:42] INFO Epoch 047 | stage=posthoc_calibrator | train_total=1.424625 | train_forecast=1.424625 | train_confidence=0.000000 | train_risk=0.000000 | train_blend=0.000000 | val_total=1.681879 | val_mae=1.676399 | val_rmse=3.928033 | val_mape=3.921279 | val_confidence=0.000000 | val_risk=0.000000 | val_blend=0.000000 | batches=1131/154 | seconds=150.26 | lr=[0.0008145062499999999] | cuda_peak_mb=2202.5
[2026-09-09 07:27:42] INFO Val horizons | 15min_mae=1.382516 15min_rmse=2.919781 15min_mape=3.004200 | 30min_mae=1.741109 30min_rmse=4.016955 30min_mape=4.071639 | 60min_mae=2.073613 60min_rmse=4.890454 60min_mape=5.108218
[2026-09-09 07:30:12] INFO Epoch 048 | stage=posthoc_calibrator | train_total=1.424580 | train_forecast=1.424580 | train_confidence=0.000000 | train_risk=0.000000 | train_blend=0.000000 | val_total=1.685584 | val_mae=1.680080 | val_rmse=3.931909 | val_mape=3.948816 | val_confidence=0.000000 | val_risk=0.000000 | val_blend=0.000000 | batches=1131/154 | seconds=150.40 | lr=[0.0008145062499999999] | cuda_peak_mb=2202.9
[2026-09-09 07:30:12] INFO Val horizons | 15min_mae=1.383115 15min_rmse=2.919194 15min_mape=3.005973 | 30min_mae=1.742914 30min_rmse=4.012825 30min_mape=4.087469 | 60min_mae=2.084636 60min_rmse=4.910244 60min_mape=5.180440
[2026-09-09 07:32:42] INFO Epoch 049 | stage=posthoc_calibrator | train_total=1.424468 | train_forecast=1.424468 | train_confidence=0.000000 | train_risk=0.000000 | train_blend=0.000000 | val_total=1.678754 | val_mae=1.673475 | val_rmse=3.926514 | val_mape=3.956967 | val_confidence=0.000000 | val_risk=0.000000 | val_blend=0.000000 | batches=1131/154 | seconds=150.26 | lr=[0.0008145062499999999] | cuda_peak_mb=2202.2
[2026-09-09 07:32:42] INFO Val horizons | 15min_mae=1.381678 15min_rmse=2.921403 15min_mape=3.025666 | 30min_mae=1.736789 30min_rmse=4.013252 30min_mape=4.105641 | 60min_mae=2.071221 60min_rmse=4.889625 60min_mape=5.166138
[2026-09-09 07:35:13] INFO Epoch 050 | stage=posthoc_calibrator | train_total=1.424297 | train_forecast=1.424297 | train_confidence=0.000000 | train_risk=0.000000 | train_blend=0.000000 | val_total=1.680103 | val_mae=1.674828 | val_rmse=3.927361 | val_mape=3.975910 | val_confidence=0.000000 | val_risk=0.000000 | val_blend=0.000000 | batches=1131/154 | seconds=150.31 | lr=[0.0008145062499999999] | cuda_peak_mb=2202.0
[2026-09-09 07:35:13] INFO Val horizons | 15min_mae=1.382642 15min_rmse=2.922887 15min_mape=3.033210 | 30min_mae=1.738896 30min_rmse=4.017217 30min_mape=4.124976 | 60min_mae=2.072138 60min_rmse=4.883984 60min_mape=5.199722
[2026-09-09 07:35:13] INFO Downstream training finished | best_val_mae=1.668527 | checkpoint=C:\Users\clw\projects\researchRep\STAnchor-BlockMemory\artifacts\cross_dataset_final\pemsbay_source_router_argcn_seed42\downstream_best.pt
