[2026-09-16 16:18:01] INFO Downstream start | run=paper_final_joint_context_offset_only_seed42/main_table/pemsbay/ours/staeformer | device=cuda:0 (requested=cuda:0) | seed=42 | output=C:\Users\clw\projects\researchRep\STAnchor-BlockMemory\artifacts\paper_final_joint_context_offset_only_seed42\main_table\pemsbay\ours\staeformer
[2026-09-16 16:18:01] INFO Mode | downstream_mode=learned_topk_error_aware | training_protocol=posthoc_frozen_base | candidate_protocol=weekday_radius1_overlap | candidate_ranking=learned_key | candidate_payload=offset_only
[2026-09-16 16:18:01] INFO STAEformer temporal covariates | mode=calendar | source=dataset slot/weekday
[2026-09-16 16:18:01] INFO Downstream initialization | seed=42 | state_hash=648b77f31a89ba9b
[2026-09-16 16:18:01] INFO Frozen base | checkpoint=C:\Users\clw\projects\researchRep\STAnchor-BlockMemory\artifacts\cross_dataset_stage1\pemsbay_baseonly_staeformer_seed42\downstream_best.pt | fingerprint=6f593ac9a74ab861
[2026-09-16 16:18:01] INFO Data | steps=52116 | nodes=325 | channels=1 | training_scope=full_train | memory/post_memory/train_selected/val/test=25327/10855/36182/4912/10125
[2026-09-16 16:18:01] INFO Frozen path cache | enabled=True | storage=disk_mmap | train_samples=36182 | val_samples=4912 | allocated_mib=7081.7
[2026-09-16 16:18:01] INFO Bank/retrieval | dataset=pemsbay_joint_context_offset_only_t1 | events=25327 | nodes=325 | retrieval_dim=64 | event_top_r=96 | node_top_k=12 | key_dtype=float16
[2026-09-16 16:18:01] INFO Frozen path cache | enabled=yes | candidate_ranking=learned_key | fill=first_epoch
[2026-09-16 16:18:01] INFO Parameters | downstream_total=2,257,566 | downstream_trainable=885,085 | backbone=0 | confidence_head=0 | fusion=0 | frozen_pretrained=958,704
[2026-09-16 16:18:01] INFO Optimization | epochs=50 | batch_size=32 | optimizer=adam | lr=0.001 | weight_decay=0.0001 | scheduler=step_lr | step_size=10 | gamma=0.950 | confidence_weight=0.000 | patience=10 | early_stopping=disabled
[2026-09-16 16:18:02] INFO Stage start | stage=posthoc_calibrator | epochs=50 | optimizer_lrs=[0.001]
[2026-09-16 16:36:43] INFO Epoch 001 | stage=posthoc_calibrator | train_total=1.302270 | train_forecast=1.302270 | train_confidence=0.000000 | train_risk=0.000000 | train_blend=0.000000 | val_total=1.538638 | val_mae=1.533999 | val_rmse=3.559220 | val_mape=3.520648 | val_confidence=0.000000 | val_risk=0.000000 | val_blend=0.000000 | batches=1131/154 | seconds=1120.43 | lr=[0.001] | cuda_peak_mb=5467.5
[2026-09-16 16:36:43] INFO Val horizons | 15min_mae=1.321738 15min_rmse=2.808253 15min_mape=2.879722 | 30min_mae=1.603312 30min_rmse=3.692318 30min_mape=3.708410 | 60min_mae=1.820800 60min_rmse=4.267412 60min_mape=4.330082
[2026-09-16 16:36:43] INFO Checkpoint updated | epoch=1 | stage=posthoc_calibrator | best_val_mae=1.533999 | path=C:\Users\clw\projects\researchRep\STAnchor-BlockMemory\artifacts\paper_final_joint_context_offset_only_seed42\main_table\pemsbay\ours\staeformer\downstream_best.pt
[2026-09-16 16:42:00] INFO Epoch 002 | stage=posthoc_calibrator | train_total=1.298585 | train_forecast=1.298585 | train_confidence=0.000000 | train_risk=0.000000 | train_blend=0.000000 | val_total=1.537682 | val_mae=1.533070 | val_rmse=3.555866 | val_mape=3.509039 | val_confidence=0.000000 | val_risk=0.000000 | val_blend=0.000000 | batches=1131/154 | seconds=317.07 | lr=[0.001] | cuda_peak_mb=2282.6
[2026-09-16 16:42:00] INFO Val horizons | 15min_mae=1.321231 15min_rmse=2.807073 15min_mape=2.872607 | 30min_mae=1.601861 30min_rmse=3.689642 30min_mape=3.694442 | 60min_mae=1.821101 60min_rmse=4.262426 60min_mape=4.318845
[2026-09-16 16:42:00] INFO Checkpoint updated | epoch=2 | stage=posthoc_calibrator | best_val_mae=1.533070 | path=C:\Users\clw\projects\researchRep\STAnchor-BlockMemory\artifacts\paper_final_joint_context_offset_only_seed42\main_table\pemsbay\ours\staeformer\downstream_best.pt
[2026-09-16 16:47:16] INFO Epoch 003 | stage=posthoc_calibrator | train_total=1.297800 | train_forecast=1.297800 | train_confidence=0.000000 | train_risk=0.000000 | train_blend=0.000000 | val_total=1.538092 | val_mae=1.533443 | val_rmse=3.556856 | val_mape=3.506927 | val_confidence=0.000000 | val_risk=0.000000 | val_blend=0.000000 | batches=1131/154 | seconds=316.49 | lr=[0.001] | cuda_peak_mb=2283.2
[2026-09-16 16:47:16] INFO Val horizons | 15min_mae=1.320548 15min_rmse=2.806398 15min_mape=2.870483 | 30min_mae=1.602930 30min_rmse=3.689872 30min_mape=3.695314 | 60min_mae=1.821179 60min_rmse=4.267316 60min_mape=4.309466
[2026-09-16 16:52:33] INFO Epoch 004 | stage=posthoc_calibrator | train_total=1.297180 | train_forecast=1.297180 | train_confidence=0.000000 | train_risk=0.000000 | train_blend=0.000000 | val_total=1.540629 | val_mae=1.535946 | val_rmse=3.561914 | val_mape=3.520923 | val_confidence=0.000000 | val_risk=0.000000 | val_blend=0.000000 | batches=1131/154 | seconds=316.64 | lr=[0.001] | cuda_peak_mb=2283.2
[2026-09-16 16:52:33] INFO Val horizons | 15min_mae=1.322802 15min_rmse=2.811670 15min_mape=2.881168 | 30min_mae=1.605855 30min_rmse=3.696814 30min_mape=3.710256 | 60min_mae=1.824331 60min_rmse=4.273765 60min_mape=4.331496
[2026-09-16 16:57:49] INFO Epoch 005 | stage=posthoc_calibrator | train_total=1.296822 | train_forecast=1.296822 | train_confidence=0.000000 | train_risk=0.000000 | train_blend=0.000000 | val_total=1.537442 | val_mae=1.532779 | val_rmse=3.558090 | val_mape=3.516609 | val_confidence=0.000000 | val_risk=0.000000 | val_blend=0.000000 | batches=1131/154 | seconds=316.51 | lr=[0.001] | cuda_peak_mb=2283.2
[2026-09-16 16:57:49] INFO Val horizons | 15min_mae=1.320086 15min_rmse=2.808095 15min_mape=2.875490 | 30min_mae=1.601439 30min_rmse=3.691446 30min_mape=3.703930 | 60min_mae=1.821345 60min_rmse=4.268468 60min_mape=4.327724
[2026-09-16 16:57:50] INFO Checkpoint updated | epoch=5 | stage=posthoc_calibrator | best_val_mae=1.532779 | path=C:\Users\clw\projects\researchRep\STAnchor-BlockMemory\artifacts\paper_final_joint_context_offset_only_seed42\main_table\pemsbay\ours\staeformer\downstream_best.pt
[2026-09-16 17:03:06] INFO Epoch 006 | stage=posthoc_calibrator | train_total=1.296093 | train_forecast=1.296093 | train_confidence=0.000000 | train_risk=0.000000 | train_blend=0.000000 | val_total=1.535645 | val_mae=1.531016 | val_rmse=3.557967 | val_mape=3.504534 | val_confidence=0.000000 | val_risk=0.000000 | val_blend=0.000000 | batches=1131/154 | seconds=316.27 | lr=[0.001] | cuda_peak_mb=2282.9
[2026-09-16 17:03:06] INFO Val horizons | 15min_mae=1.318598 15min_rmse=2.806741 15min_mape=2.866141 | 30min_mae=1.599724 30min_rmse=3.694506 30min_mape=3.692232 | 60min_mae=1.819316 60min_rmse=4.264721 60min_mape=4.310802
[2026-09-16 17:03:06] INFO Checkpoint updated | epoch=6 | stage=posthoc_calibrator | best_val_mae=1.531016 | path=C:\Users\clw\projects\researchRep\STAnchor-BlockMemory\artifacts\paper_final_joint_context_offset_only_seed42\main_table\pemsbay\ours\staeformer\downstream_best.pt
[2026-09-16 17:08:22] INFO Epoch 007 | stage=posthoc_calibrator | train_total=1.295171 | train_forecast=1.295171 | train_confidence=0.000000 | train_risk=0.000000 | train_blend=0.000000 | val_total=1.538320 | val_mae=1.533669 | val_rmse=3.561719 | val_mape=3.520064 | val_confidence=0.000000 | val_risk=0.000000 | val_blend=0.000000 | batches=1131/154 | seconds=316.41 | lr=[0.001] | cuda_peak_mb=2283.2
[2026-09-16 17:08:22] INFO Val horizons | 15min_mae=1.321257 15min_rmse=2.813458 15min_mape=2.881361 | 30min_mae=1.602324 30min_rmse=3.696998 30min_mape=3.707033 | 60min_mae=1.822278 60min_rmse=4.270696 60min_mape=4.330578
[2026-09-16 17:13:38] INFO Epoch 008 | stage=posthoc_calibrator | train_total=1.294379 | train_forecast=1.294379 | train_confidence=0.000000 | train_risk=0.000000 | train_blend=0.000000 | val_total=1.534830 | val_mae=1.530210 | val_rmse=3.558920 | val_mape=3.496621 | val_confidence=0.000000 | val_risk=0.000000 | val_blend=0.000000 | batches=1131/154 | seconds=316.02 | lr=[0.001] | cuda_peak_mb=2282.9
[2026-09-16 17:13:38] INFO Val horizons | 15min_mae=1.317766 15min_rmse=2.807685 15min_mape=2.861503 | 30min_mae=1.598412 30min_rmse=3.694760 30min_mape=3.675763 | 60min_mae=1.818650 60min_rmse=4.265543 60min_mape=4.308711
[2026-09-16 17:13:38] INFO Checkpoint updated | epoch=8 | stage=posthoc_calibrator | best_val_mae=1.530210 | path=C:\Users\clw\projects\researchRep\STAnchor-BlockMemory\artifacts\paper_final_joint_context_offset_only_seed42\main_table\pemsbay\ours\staeformer\downstream_best.pt
[2026-09-16 17:18:55] INFO Epoch 009 | stage=posthoc_calibrator | train_total=1.293954 | train_forecast=1.293954 | train_confidence=0.000000 | train_risk=0.000000 | train_blend=0.000000 | val_total=1.535891 | val_mae=1.531270 | val_rmse=3.561281 | val_mape=3.496655 | val_confidence=0.000000 | val_risk=0.000000 | val_blend=0.000000 | batches=1131/154 | seconds=316.66 | lr=[0.001] | cuda_peak_mb=2283.2
[2026-09-16 17:18:55] INFO Val horizons | 15min_mae=1.318112 15min_rmse=2.808837 15min_mape=2.863017 | 30min_mae=1.599391 30min_rmse=3.696430 30min_mape=3.675830 | 60min_mae=1.820929 60min_rmse=4.270519 60min_mape=4.311487
[2026-09-16 17:24:09] INFO Epoch 010 | stage=posthoc_calibrator | train_total=1.293694 | train_forecast=1.293694 | train_confidence=0.000000 | train_risk=0.000000 | train_blend=0.000000 | val_total=1.536150 | val_mae=1.531521 | val_rmse=3.564057 | val_mape=3.498611 | val_confidence=0.000000 | val_risk=0.000000 | val_blend=0.000000 | batches=1131/154 | seconds=313.51 | lr=[0.001] | cuda_peak_mb=2282.9
[2026-09-16 17:24:09] INFO Val horizons | 15min_mae=1.318288 15min_rmse=2.807884 15min_mape=2.861645 | 30min_mae=1.600169 30min_rmse=3.700859 30min_mape=3.676555 | 60min_mae=1.819611 60min_rmse=4.270323 60min_mape=4.311920
[2026-09-16 17:29:22] INFO Epoch 011 | stage=posthoc_calibrator | train_total=1.293390 | train_forecast=1.293390 | train_confidence=0.000000 | train_risk=0.000000 | train_blend=0.000000 | val_total=1.535845 | val_mae=1.531230 | val_rmse=3.562269 | val_mape=3.496429 | val_confidence=0.000000 | val_risk=0.000000 | val_blend=0.000000 | batches=1131/154 | seconds=313.51 | lr=[0.00095] | cuda_peak_mb=2283.2
[2026-09-16 17:29:22] INFO Val horizons | 15min_mae=1.318073 15min_rmse=2.809218 15min_mape=2.861645 | 30min_mae=1.599981 30min_rmse=3.703298 30min_mape=3.671105 | 60min_mae=1.819536 60min_rmse=4.264996 60min_mape=4.311182
[2026-09-16 17:34:35] INFO Epoch 012 | stage=posthoc_calibrator | train_total=1.293481 | train_forecast=1.293481 | train_confidence=0.000000 | train_risk=0.000000 | train_blend=0.000000 | val_total=1.534683 | val_mae=1.530082 | val_rmse=3.562692 | val_mape=3.492755 | val_confidence=0.000000 | val_risk=0.000000 | val_blend=0.000000 | batches=1131/154 | seconds=312.66 | lr=[0.00095] | cuda_peak_mb=2282.9
[2026-09-16 17:34:35] INFO Val horizons | 15min_mae=1.317314 15min_rmse=2.808025 15min_mape=2.858855 | 30min_mae=1.598299 30min_rmse=3.697537 30min_mape=3.671535 | 60min_mae=1.818468 60min_rmse=4.269968 60min_mape=4.306114
[2026-09-16 17:34:35] INFO Checkpoint updated | epoch=12 | stage=posthoc_calibrator | best_val_mae=1.530082 | path=C:\Users\clw\projects\researchRep\STAnchor-BlockMemory\artifacts\paper_final_joint_context_offset_only_seed42\main_table\pemsbay\ours\staeformer\downstream_best.pt
[2026-09-16 17:39:48] INFO Epoch 013 | stage=posthoc_calibrator | train_total=1.293099 | train_forecast=1.293099 | train_confidence=0.000000 | train_risk=0.000000 | train_blend=0.000000 | val_total=1.537216 | val_mae=1.532634 | val_rmse=3.564864 | val_mape=3.473345 | val_confidence=0.000000 | val_risk=0.000000 | val_blend=0.000000 | batches=1131/154 | seconds=313.06 | lr=[0.00095] | cuda_peak_mb=2283.2
[2026-09-16 17:39:48] INFO Val horizons | 15min_mae=1.318117 15min_rmse=2.806151 15min_mape=2.847527 | 30min_mae=1.601725 30min_rmse=3.701614 30min_mape=3.646783 | 60min_mae=1.820815 60min_rmse=4.269730 60min_mape=4.280608
[2026-09-16 17:45:01] INFO Epoch 014 | stage=posthoc_calibrator | train_total=1.293095 | train_forecast=1.293095 | train_confidence=0.000000 | train_risk=0.000000 | train_blend=0.000000 | val_total=1.537091 | val_mae=1.532445 | val_rmse=3.563446 | val_mape=3.495791 | val_confidence=0.000000 | val_risk=0.000000 | val_blend=0.000000 | batches=1131/154 | seconds=312.83 | lr=[0.00095] | cuda_peak_mb=2282.9
[2026-09-16 17:45:01] INFO Val horizons | 15min_mae=1.318780 15min_rmse=2.808853 15min_mape=2.862588 | 30min_mae=1.601218 30min_rmse=3.700145 30min_mape=3.673585 | 60min_mae=1.821152 60min_rmse=4.270187 60min_mape=4.307395
[2026-09-16 17:50:13] INFO Epoch 015 | stage=posthoc_calibrator | train_total=1.292960 | train_forecast=1.292960 | train_confidence=0.000000 | train_risk=0.000000 | train_blend=0.000000 | val_total=1.537336 | val_mae=1.532693 | val_rmse=3.570045 | val_mape=3.504356 | val_confidence=0.000000 | val_risk=0.000000 | val_blend=0.000000 | batches=1131/154 | seconds=311.90 | lr=[0.00095] | cuda_peak_mb=2283.2
[2026-09-16 17:50:13] INFO Val horizons | 15min_mae=1.318980 15min_rmse=2.812916 15min_mape=2.868292 | 30min_mae=1.601561 30min_rmse=3.709974 30min_mape=3.679748 | 60min_mae=1.821291 60min_rmse=4.275451 60min_mape=4.322609
[2026-09-16 17:55:25] INFO Epoch 016 | stage=posthoc_calibrator | train_total=1.292874 | train_forecast=1.292874 | train_confidence=0.000000 | train_risk=0.000000 | train_blend=0.000000 | val_total=1.535795 | val_mae=1.531216 | val_rmse=3.561149 | val_mape=3.490164 | val_confidence=0.000000 | val_risk=0.000000 | val_blend=0.000000 | batches=1131/154 | seconds=312.19 | lr=[0.00095] | cuda_peak_mb=2282.9
[2026-09-16 17:55:25] INFO Val horizons | 15min_mae=1.317884 15min_rmse=2.808764 15min_mape=2.859696 | 30min_mae=1.599423 30min_rmse=3.697918 30min_mape=3.663803 | 60min_mae=1.819878 60min_rmse=4.265926 60min_mape=4.305096
[2026-09-16 18:00:37] INFO Epoch 017 | stage=posthoc_calibrator | train_total=1.292849 | train_forecast=1.292849 | train_confidence=0.000000 | train_risk=0.000000 | train_blend=0.000000 | val_total=1.536569 | val_mae=1.531932 | val_rmse=3.562808 | val_mape=3.504255 | val_confidence=0.000000 | val_risk=0.000000 | val_blend=0.000000 | batches=1131/154 | seconds=311.88 | lr=[0.00095] | cuda_peak_mb=2283.2
[2026-09-16 18:00:37] INFO Val horizons | 15min_mae=1.318964 15min_rmse=2.809886 15min_mape=2.868374 | 30min_mae=1.600445 30min_rmse=3.698049 30min_mape=3.684082 | 60min_mae=1.819870 60min_rmse=4.269994 60min_mape=4.317146
[2026-09-16 18:05:48] INFO Epoch 018 | stage=posthoc_calibrator | train_total=1.292731 | train_forecast=1.292731 | train_confidence=0.000000 | train_risk=0.000000 | train_blend=0.000000 | val_total=1.535118 | val_mae=1.530516 | val_rmse=3.560136 | val_mape=3.482866 | val_confidence=0.000000 | val_risk=0.000000 | val_blend=0.000000 | batches=1131/154 | seconds=311.73 | lr=[0.00095] | cuda_peak_mb=2282.9
[2026-09-16 18:05:48] INFO Val horizons | 15min_mae=1.317038 15min_rmse=2.803272 15min_mape=2.847994 | 30min_mae=1.599080 30min_rmse=3.693852 30min_mape=3.658545 | 60min_mae=1.818301 60min_rmse=4.267703 60min_mape=4.294813
[2026-09-16 18:11:01] INFO Epoch 019 | stage=posthoc_calibrator | train_total=1.292648 | train_forecast=1.292648 | train_confidence=0.000000 | train_risk=0.000000 | train_blend=0.000000 | val_total=1.536362 | val_mae=1.531727 | val_rmse=3.562454 | val_mape=3.498324 | val_confidence=0.000000 | val_risk=0.000000 | val_blend=0.000000 | batches=1131/154 | seconds=312.60 | lr=[0.00095] | cuda_peak_mb=2283.2
[2026-09-16 18:11:01] INFO Val horizons | 15min_mae=1.318160 15min_rmse=2.808193 15min_mape=2.862780 | 30min_mae=1.600190 30min_rmse=3.697658 30min_mape=3.676863 | 60min_mae=1.819849 60min_rmse=4.268341 60min_mape=4.310270
[2026-09-16 18:16:13] INFO Epoch 020 | stage=posthoc_calibrator | train_total=1.292769 | train_forecast=1.292769 | train_confidence=0.000000 | train_risk=0.000000 | train_blend=0.000000 | val_total=1.535362 | val_mae=1.530758 | val_rmse=3.563529 | val_mape=3.483514 | val_confidence=0.000000 | val_risk=0.000000 | val_blend=0.000000 | batches=1131/154 | seconds=312.13 | lr=[0.00095] | cuda_peak_mb=2282.9
[2026-09-16 18:16:13] INFO Val horizons | 15min_mae=1.317039 15min_rmse=2.807275 15min_mape=2.854851 | 30min_mae=1.599221 30min_rmse=3.698805 30min_mape=3.660898 | 60min_mae=1.818982 60min_rmse=4.269330 60min_mape=4.292420
[2026-09-16 18:21:25] INFO Epoch 021 | stage=posthoc_calibrator | train_total=1.292459 | train_forecast=1.292459 | train_confidence=0.000000 | train_risk=0.000000 | train_blend=0.000000 | val_total=1.536648 | val_mae=1.532011 | val_rmse=3.566790 | val_mape=3.501678 | val_confidence=0.000000 | val_risk=0.000000 | val_blend=0.000000 | batches=1131/154 | seconds=312.22 | lr=[0.0009025] | cuda_peak_mb=2283.2
[2026-09-16 18:21:25] INFO Val horizons | 15min_mae=1.318271 15min_rmse=2.810794 15min_mape=2.864814 | 30min_mae=1.601120 30min_rmse=3.705066 30min_mape=3.682603 | 60min_mae=1.819920 60min_rmse=4.271500 60min_mape=4.314435
[2026-09-16 18:26:38] INFO Epoch 022 | stage=posthoc_calibrator | train_total=1.292405 | train_forecast=1.292405 | train_confidence=0.000000 | train_risk=0.000000 | train_blend=0.000000 | val_total=1.537955 | val_mae=1.533322 | val_rmse=3.567156 | val_mape=3.504188 | val_confidence=0.000000 | val_risk=0.000000 | val_blend=0.000000 | batches=1131/154 | seconds=312.20 | lr=[0.0009025] | cuda_peak_mb=2282.9
[2026-09-16 18:26:38] INFO Val horizons | 15min_mae=1.319311 15min_rmse=2.812969 15min_mape=2.868671 | 30min_mae=1.601626 30min_rmse=3.703709 30min_mape=3.677710 | 60min_mae=1.822622 60min_rmse=4.273850 60min_mape=4.324372
[2026-09-16 18:31:51] INFO Epoch 023 | stage=posthoc_calibrator | train_total=1.292407 | train_forecast=1.292407 | train_confidence=0.000000 | train_risk=0.000000 | train_blend=0.000000 | val_total=1.534613 | val_mae=1.529992 | val_rmse=3.560764 | val_mape=3.486496 | val_confidence=0.000000 | val_risk=0.000000 | val_blend=0.000000 | batches=1131/154 | seconds=313.24 | lr=[0.0009025] | cuda_peak_mb=2283.2
[2026-09-16 18:31:51] INFO Val horizons | 15min_mae=1.316771 15min_rmse=2.805371 15min_mape=2.852865 | 30min_mae=1.598144 30min_rmse=3.694419 30min_mape=3.660862 | 60min_mae=1.818785 60min_rmse=4.268985 60min_mape=4.305601
[2026-09-16 18:31:51] INFO Checkpoint updated | epoch=23 | stage=posthoc_calibrator | best_val_mae=1.529992 | path=C:\Users\clw\projects\researchRep\STAnchor-BlockMemory\artifacts\paper_final_joint_context_offset_only_seed42\main_table\pemsbay\ours\staeformer\downstream_best.pt
[2026-09-16 18:37:03] INFO Epoch 024 | stage=posthoc_calibrator | train_total=1.292485 | train_forecast=1.292485 | train_confidence=0.000000 | train_risk=0.000000 | train_blend=0.000000 | val_total=1.535346 | val_mae=1.530710 | val_rmse=3.561583 | val_mape=3.498852 | val_confidence=0.000000 | val_risk=0.000000 | val_blend=0.000000 | batches=1131/154 | seconds=312.48 | lr=[0.0009025] | cuda_peak_mb=2282.9
[2026-09-16 18:37:03] INFO Val horizons | 15min_mae=1.317561 15min_rmse=2.806074 15min_mape=2.861341 | 30min_mae=1.599030 30min_rmse=3.695277 30min_mape=3.678162 | 60min_mae=1.818957 60min_rmse=4.269147 60min_mape=4.312189
[2026-09-16 18:42:16] INFO Epoch 025 | stage=posthoc_calibrator | train_total=1.292323 | train_forecast=1.292323 | train_confidence=0.000000 | train_risk=0.000000 | train_blend=0.000000 | val_total=1.535482 | val_mae=1.530868 | val_rmse=3.561051 | val_mape=3.486221 | val_confidence=0.000000 | val_risk=0.000000 | val_blend=0.000000 | batches=1131/154 | seconds=313.06 | lr=[0.0009025] | cuda_peak_mb=2283.2
[2026-09-16 18:42:16] INFO Val horizons | 15min_mae=1.317474 15min_rmse=2.806891 15min_mape=2.857422 | 30min_mae=1.599321 30min_rmse=3.695762 30min_mape=3.665189 | 60min_mae=1.818825 60min_rmse=4.267281 60min_mape=4.293070
[2026-09-16 18:47:28] INFO Epoch 026 | stage=posthoc_calibrator | train_total=1.292212 | train_forecast=1.292212 | train_confidence=0.000000 | train_risk=0.000000 | train_blend=0.000000 | val_total=1.536707 | val_mae=1.532061 | val_rmse=3.560747 | val_mape=3.500067 | val_confidence=0.000000 | val_risk=0.000000 | val_blend=0.000000 | batches=1131/154 | seconds=311.91 | lr=[0.0009025] | cuda_peak_mb=2282.9
[2026-09-16 18:47:28] INFO Val horizons | 15min_mae=1.317630 15min_rmse=2.806618 15min_mape=2.860481 | 30min_mae=1.600561 30min_rmse=3.696277 30min_mape=3.681049 | 60min_mae=1.821326 60min_rmse=4.267519 60min_mape=4.313085
[2026-09-16 18:52:40] INFO Epoch 027 | stage=posthoc_calibrator | train_total=1.292182 | train_forecast=1.292182 | train_confidence=0.000000 | train_risk=0.000000 | train_blend=0.000000 | val_total=1.537485 | val_mae=1.532822 | val_rmse=3.561893 | val_mape=3.502982 | val_confidence=0.000000 | val_risk=0.000000 | val_blend=0.000000 | batches=1131/154 | seconds=312.10 | lr=[0.0009025] | cuda_peak_mb=2283.2
[2026-09-16 18:52:40] INFO Val horizons | 15min_mae=1.317607 15min_rmse=2.803828 15min_mape=2.857678 | 30min_mae=1.600442 30min_rmse=3.692991 30min_mape=3.681083 | 60min_mae=1.823877 60min_rmse=4.274804 60min_mape=4.328169
[2026-09-16 18:57:52] INFO Epoch 028 | stage=posthoc_calibrator | train_total=1.292161 | train_forecast=1.292161 | train_confidence=0.000000 | train_risk=0.000000 | train_blend=0.000000 | val_total=1.539969 | val_mae=1.535282 | val_rmse=3.572192 | val_mape=3.533611 | val_confidence=0.000000 | val_risk=0.000000 | val_blend=0.000000 | batches=1131/154 | seconds=311.85 | lr=[0.0009025] | cuda_peak_mb=2282.9
[2026-09-16 18:57:52] INFO Val horizons | 15min_mae=1.322032 15min_rmse=2.817895 15min_mape=2.887935 | 30min_mae=1.605034 30min_rmse=3.710090 30min_mape=3.725771 | 60min_mae=1.823516 60min_rmse=4.279715 60min_mape=4.346886
[2026-09-16 19:03:04] INFO Epoch 029 | stage=posthoc_calibrator | train_total=1.291724 | train_forecast=1.291724 | train_confidence=0.000000 | train_risk=0.000000 | train_blend=0.000000 | val_total=1.535619 | val_mae=1.530986 | val_rmse=3.562900 | val_mape=3.500251 | val_confidence=0.000000 | val_risk=0.000000 | val_blend=0.000000 | batches=1131/154 | seconds=312.01 | lr=[0.0009025] | cuda_peak_mb=2283.2
[2026-09-16 19:03:04] INFO Val horizons | 15min_mae=1.317747 15min_rmse=2.808451 15min_mape=2.864040 | 30min_mae=1.599275 30min_rmse=3.696901 30min_mape=3.676579 | 60min_mae=1.819215 60min_rmse=4.271080 60min_mape=4.317782
[2026-09-16 19:08:16] INFO Epoch 030 | stage=posthoc_calibrator | train_total=1.291822 | train_forecast=1.291822 | train_confidence=0.000000 | train_risk=0.000000 | train_blend=0.000000 | val_total=1.535865 | val_mae=1.531230 | val_rmse=3.565328 | val_mape=3.496880 | val_confidence=0.000000 | val_risk=0.000000 | val_blend=0.000000 | batches=1131/154 | seconds=311.71 | lr=[0.0009025] | cuda_peak_mb=2282.9
[2026-09-16 19:08:16] INFO Val horizons | 15min_mae=1.317150 15min_rmse=2.808736 15min_mape=2.860303 | 30min_mae=1.599634 30min_rmse=3.700307 30min_mape=3.678100 | 60min_mae=1.820398 60min_rmse=4.273465 60min_mape=4.309682
[2026-09-16 19:13:32] INFO Epoch 031 | stage=posthoc_calibrator | train_total=1.291410 | train_forecast=1.291410 | train_confidence=0.000000 | train_risk=0.000000 | train_blend=0.000000 | val_total=1.534985 | val_mae=1.530382 | val_rmse=3.560672 | val_mape=3.491144 | val_confidence=0.000000 | val_risk=0.000000 | val_blend=0.000000 | batches=1131/154 | seconds=316.15 | lr=[0.000857375] | cuda_peak_mb=2283.2
[2026-09-16 19:13:32] INFO Val horizons | 15min_mae=1.316692 15min_rmse=2.808221 15min_mape=2.856590 | 30min_mae=1.598709 30min_rmse=3.695675 30min_mape=3.670590 | 60min_mae=1.819113 60min_rmse=4.267255 60min_mape=4.303925
[2026-09-16 19:18:51] INFO Epoch 032 | stage=posthoc_calibrator | train_total=1.291331 | train_forecast=1.291331 | train_confidence=0.000000 | train_risk=0.000000 | train_blend=0.000000 | val_total=1.535141 | val_mae=1.530521 | val_rmse=3.562554 | val_mape=3.497021 | val_confidence=0.000000 | val_risk=0.000000 | val_blend=0.000000 | batches=1131/154 | seconds=318.66 | lr=[0.000857375] | cuda_peak_mb=2282.9
[2026-09-16 19:18:51] INFO Val horizons | 15min_mae=1.317131 15min_rmse=2.808391 15min_mape=2.859941 | 30min_mae=1.598620 30min_rmse=3.695673 30min_mape=3.675264 | 60min_mae=1.819138 60min_rmse=4.272027 60min_mape=4.311734
[2026-09-16 19:24:19] INFO Epoch 033 | stage=posthoc_calibrator | train_total=1.291175 | train_forecast=1.291175 | train_confidence=0.000000 | train_risk=0.000000 | train_blend=0.000000 | val_total=1.536345 | val_mae=1.531692 | val_rmse=3.565722 | val_mape=3.499469 | val_confidence=0.000000 | val_risk=0.000000 | val_blend=0.000000 | batches=1131/154 | seconds=328.22 | lr=[0.000857375] | cuda_peak_mb=2283.2
[2026-09-16 19:24:19] INFO Val horizons | 15min_mae=1.317937 15min_rmse=2.809740 15min_mape=2.863060 | 30min_mae=1.600311 30min_rmse=3.700661 30min_mape=3.679922 | 60min_mae=1.819666 60min_rmse=4.273139 60min_mape=4.308560
[2026-09-16 19:29:31] INFO Epoch 034 | stage=posthoc_calibrator | train_total=1.291242 | train_forecast=1.291242 | train_confidence=0.000000 | train_risk=0.000000 | train_blend=0.000000 | val_total=1.532260 | val_mae=1.527655 | val_rmse=3.549999 | val_mape=3.471816 | val_confidence=0.000000 | val_risk=0.000000 | val_blend=0.000000 | batches=1131/154 | seconds=312.34 | lr=[0.000857375] | cuda_peak_mb=2282.9
[2026-09-16 19:29:31] INFO Val horizons | 15min_mae=1.314528 15min_rmse=2.798329 15min_mape=2.841614 | 30min_mae=1.595103 30min_rmse=3.680230 30min_mape=3.645749 | 60min_mae=1.816568 60min_rmse=4.259515 60min_mape=4.282622
[2026-09-16 19:29:31] INFO Checkpoint updated | epoch=34 | stage=posthoc_calibrator | best_val_mae=1.527655 | path=C:\Users\clw\projects\researchRep\STAnchor-BlockMemory\artifacts\paper_final_joint_context_offset_only_seed42\main_table\pemsbay\ours\staeformer\downstream_best.pt
[2026-09-16 19:34:43] INFO Epoch 035 | stage=posthoc_calibrator | train_total=1.291059 | train_forecast=1.291059 | train_confidence=0.000000 | train_risk=0.000000 | train_blend=0.000000 | val_total=1.535605 | val_mae=1.530962 | val_rmse=3.561692 | val_mape=3.494852 | val_confidence=0.000000 | val_risk=0.000000 | val_blend=0.000000 | batches=1131/154 | seconds=312.05 | lr=[0.000857375] | cuda_peak_mb=2283.2
[2026-09-16 19:34:43] INFO Val horizons | 15min_mae=1.317504 15min_rmse=2.804445 15min_mape=2.857709 | 30min_mae=1.598929 30min_rmse=3.692609 30min_mape=3.671525 | 60min_mae=1.819446 60min_rmse=4.273007 60min_mape=4.308899
[2026-09-16 19:39:55] INFO Epoch 036 | stage=posthoc_calibrator | train_total=1.290970 | train_forecast=1.290970 | train_confidence=0.000000 | train_risk=0.000000 | train_blend=0.000000 | val_total=1.534685 | val_mae=1.530042 | val_rmse=3.554726 | val_mape=3.490009 | val_confidence=0.000000 | val_risk=0.000000 | val_blend=0.000000 | batches=1131/154 | seconds=311.88 | lr=[0.000857375] | cuda_peak_mb=2282.9
[2026-09-16 19:39:55] INFO Val horizons | 15min_mae=1.315893 15min_rmse=2.800608 15min_mape=2.847671 | 30min_mae=1.598393 30min_rmse=3.687707 30min_mape=3.668257 | 60min_mae=1.819941 60min_rmse=4.267223 60min_mape=4.314414
[2026-09-16 19:45:07] INFO Epoch 037 | stage=posthoc_calibrator | train_total=1.291047 | train_forecast=1.291047 | train_confidence=0.000000 | train_risk=0.000000 | train_blend=0.000000 | val_total=1.532800 | val_mae=1.528192 | val_rmse=3.557504 | val_mape=3.477423 | val_confidence=0.000000 | val_risk=0.000000 | val_blend=0.000000 | batches=1131/154 | seconds=311.77 | lr=[0.000857375] | cuda_peak_mb=2283.2
[2026-09-16 19:45:07] INFO Val horizons | 15min_mae=1.315072 15min_rmse=2.802831 15min_mape=2.845319 | 30min_mae=1.596435 30min_rmse=3.689688 30min_mape=3.654437 | 60min_mae=1.815486 60min_rmse=4.265296 60min_mape=4.285803
[2026-09-16 19:50:19] INFO Epoch 038 | stage=posthoc_calibrator | train_total=1.290957 | train_forecast=1.290957 | train_confidence=0.000000 | train_risk=0.000000 | train_blend=0.000000 | val_total=1.535248 | val_mae=1.530643 | val_rmse=3.564463 | val_mape=3.498099 | val_confidence=0.000000 | val_risk=0.000000 | val_blend=0.000000 | batches=1131/154 | seconds=311.92 | lr=[0.000857375] | cuda_peak_mb=2282.9
[2026-09-16 19:50:19] INFO Val horizons | 15min_mae=1.317426 15min_rmse=2.810208 15min_mape=2.864835 | 30min_mae=1.598733 30min_rmse=3.699095 30min_mape=3.679405 | 60min_mae=1.819380 60min_rmse=4.272152 60min_mape=4.305703
[2026-09-16 19:55:32] INFO Epoch 039 | stage=posthoc_calibrator | train_total=1.290898 | train_forecast=1.290898 | train_confidence=0.000000 | train_risk=0.000000 | train_blend=0.000000 | val_total=1.532717 | val_mae=1.528140 | val_rmse=3.553270 | val_mape=3.472350 | val_confidence=0.000000 | val_risk=0.000000 | val_blend=0.000000 | batches=1131/154 | seconds=312.67 | lr=[0.000857375] | cuda_peak_mb=2283.2
[2026-09-16 19:55:32] INFO Val horizons | 15min_mae=1.314856 15min_rmse=2.800896 15min_mape=2.840770 | 30min_mae=1.595646 30min_rmse=3.683285 30min_mape=3.639791 | 60min_mae=1.817308 60min_rmse=4.263371 60min_mape=4.292766
[2026-09-16 20:00:44] INFO Epoch 040 | stage=posthoc_calibrator | train_total=1.290807 | train_forecast=1.290807 | train_confidence=0.000000 | train_risk=0.000000 | train_blend=0.000000 | val_total=1.533639 | val_mae=1.529020 | val_rmse=3.559820 | val_mape=3.475983 | val_confidence=0.000000 | val_risk=0.000000 | val_blend=0.000000 | batches=1131/154 | seconds=312.51 | lr=[0.000857375] | cuda_peak_mb=2282.9
[2026-09-16 20:00:44] INFO Val horizons | 15min_mae=1.314833 15min_rmse=2.801958 15min_mape=2.842165 | 30min_mae=1.597014 30min_rmse=3.693453 30min_mape=3.646089 | 60min_mae=1.818034 60min_rmse=4.267224 60min_mape=4.295594
[2026-09-16 20:05:57] INFO Epoch 041 | stage=posthoc_calibrator | train_total=1.290688 | train_forecast=1.290688 | train_confidence=0.000000 | train_risk=0.000000 | train_blend=0.000000 | val_total=1.533764 | val_mae=1.529134 | val_rmse=3.558003 | val_mape=3.496358 | val_confidence=0.000000 | val_risk=0.000000 | val_blend=0.000000 | batches=1131/154 | seconds=312.63 | lr=[0.0008145062499999999] | cuda_peak_mb=2283.2
[2026-09-16 20:05:57] INFO Val horizons | 15min_mae=1.316668 15min_rmse=2.805887 15min_mape=2.861667 | 30min_mae=1.597601 30min_rmse=3.691942 30min_mape=3.679988 | 60min_mae=1.815974 60min_rmse=4.264303 60min_mape=4.299174
[2026-09-16 20:11:09] INFO Epoch 042 | stage=posthoc_calibrator | train_total=1.290890 | train_forecast=1.290890 | train_confidence=0.000000 | train_risk=0.000000 | train_blend=0.000000 | val_total=1.532777 | val_mae=1.528160 | val_rmse=3.562128 | val_mape=3.472324 | val_confidence=0.000000 | val_risk=0.000000 | val_blend=0.000000 | batches=1131/154 | seconds=312.11 | lr=[0.0008145062499999999] | cuda_peak_mb=2282.9
[2026-09-16 20:11:09] INFO Val horizons | 15min_mae=1.314791 15min_rmse=2.804410 15min_mape=2.842696 | 30min_mae=1.595812 30min_rmse=3.695851 30min_mape=3.642986 | 60min_mae=1.816283 60min_rmse=4.268615 60min_mape=4.283681
[2026-09-16 20:16:21] INFO Epoch 043 | stage=posthoc_calibrator | train_total=1.290739 | train_forecast=1.290739 | train_confidence=0.000000 | train_risk=0.000000 | train_blend=0.000000 | val_total=1.533371 | val_mae=1.528749 | val_rmse=3.558967 | val_mape=3.497173 | val_confidence=0.000000 | val_risk=0.000000 | val_blend=0.000000 | batches=1131/154 | seconds=311.94 | lr=[0.0008145062499999999] | cuda_peak_mb=2283.2
[2026-09-16 20:16:21] INFO Val horizons | 15min_mae=1.316098 15min_rmse=2.806988 15min_mape=2.861942 | 30min_mae=1.597174 30min_rmse=3.695036 30min_mape=3.679607 | 60min_mae=1.815670 60min_rmse=4.261995 60min_mape=4.303026
[2026-09-16 20:21:34] INFO Epoch 044 | stage=posthoc_calibrator | train_total=1.290530 | train_forecast=1.290530 | train_confidence=0.000000 | train_risk=0.000000 | train_blend=0.000000 | val_total=1.533922 | val_mae=1.529279 | val_rmse=3.556576 | val_mape=3.492649 | val_confidence=0.000000 | val_risk=0.000000 | val_blend=0.000000 | batches=1131/154 | seconds=312.64 | lr=[0.0008145062499999999] | cuda_peak_mb=2282.9
[2026-09-16 20:21:34] INFO Val horizons | 15min_mae=1.315747 15min_rmse=2.802788 15min_mape=2.855131 | 30min_mae=1.597219 30min_rmse=3.688431 30min_mape=3.668144 | 60min_mae=1.817738 60min_rmse=4.266014 60min_mape=4.309907
[2026-09-16 20:26:45] INFO Epoch 045 | stage=posthoc_calibrator | train_total=1.290715 | train_forecast=1.290715 | train_confidence=0.000000 | train_risk=0.000000 | train_blend=0.000000 | val_total=1.532898 | val_mae=1.528266 | val_rmse=3.559582 | val_mape=3.498565 | val_confidence=0.000000 | val_risk=0.000000 | val_blend=0.000000 | batches=1131/154 | seconds=311.63 | lr=[0.0008145062499999999] | cuda_peak_mb=2283.2
[2026-09-16 20:26:45] INFO Val horizons | 15min_mae=1.316470 15min_rmse=2.806280 15min_mape=2.863549 | 30min_mae=1.596642 30min_rmse=3.693427 30min_mape=3.678157 | 60min_mae=1.814408 60min_rmse=4.265781 60min_mape=4.306788
[2026-09-16 20:31:58] INFO Epoch 046 | stage=posthoc_calibrator | train_total=1.290685 | train_forecast=1.290685 | train_confidence=0.000000 | train_risk=0.000000 | train_blend=0.000000 | val_total=1.531218 | val_mae=1.526629 | val_rmse=3.549235 | val_mape=3.484941 | val_confidence=0.000000 | val_risk=0.000000 | val_blend=0.000000 | batches=1131/154 | seconds=313.08 | lr=[0.0008145062499999999] | cuda_peak_mb=2282.9
[2026-09-16 20:31:58] INFO Val horizons | 15min_mae=1.315079 15min_rmse=2.800992 15min_mape=2.855329 | 30min_mae=1.594784 30min_rmse=3.681257 30min_mape=3.667054 | 60min_mae=1.813178 60min_rmse=4.253911 60min_mape=4.283397
[2026-09-16 20:31:58] INFO Checkpoint updated | epoch=46 | stage=posthoc_calibrator | best_val_mae=1.526629 | path=C:\Users\clw\projects\researchRep\STAnchor-BlockMemory\artifacts\paper_final_joint_context_offset_only_seed42\main_table\pemsbay\ours\staeformer\downstream_best.pt
[2026-09-16 20:37:11] INFO Epoch 047 | stage=posthoc_calibrator | train_total=1.290746 | train_forecast=1.290746 | train_confidence=0.000000 | train_risk=0.000000 | train_blend=0.000000 | val_total=1.533750 | val_mae=1.529161 | val_rmse=3.560431 | val_mape=3.486704 | val_confidence=0.000000 | val_risk=0.000000 | val_blend=0.000000 | batches=1131/154 | seconds=312.82 | lr=[0.0008145062499999999] | cuda_peak_mb=2283.2
[2026-09-16 20:37:11] INFO Val horizons | 15min_mae=1.316259 15min_rmse=2.808069 15min_mape=2.858116 | 30min_mae=1.597349 30min_rmse=3.694789 30min_mape=3.666196 | 60min_mae=1.817040 60min_rmse=4.267014 60min_mape=4.290386
[2026-09-16 20:42:28] INFO Epoch 048 | stage=posthoc_calibrator | train_total=1.290607 | train_forecast=1.290607 | train_confidence=0.000000 | train_risk=0.000000 | train_blend=0.000000 | val_total=1.531703 | val_mae=1.527081 | val_rmse=3.553709 | val_mape=3.477484 | val_confidence=0.000000 | val_risk=0.000000 | val_blend=0.000000 | batches=1131/154 | seconds=317.31 | lr=[0.0008145062499999999] | cuda_peak_mb=2282.9
[2026-09-16 20:42:28] INFO Val horizons | 15min_mae=1.314673 15min_rmse=2.801628 15min_mape=2.845678 | 30min_mae=1.594881 30min_rmse=3.685768 30min_mape=3.651796 | 60min_mae=1.814120 60min_rmse=4.259796 60min_mape=4.286263
[2026-09-16 20:47:46] INFO Epoch 049 | stage=posthoc_calibrator | train_total=1.290477 | train_forecast=1.290477 | train_confidence=0.000000 | train_risk=0.000000 | train_blend=0.000000 | val_total=1.532714 | val_mae=1.528098 | val_rmse=3.558371 | val_mape=3.490618 | val_confidence=0.000000 | val_risk=0.000000 | val_blend=0.000000 | batches=1131/154 | seconds=317.24 | lr=[0.0008145062499999999] | cuda_peak_mb=2283.2
[2026-09-16 20:47:46] INFO Val horizons | 15min_mae=1.315999 15min_rmse=2.806280 15min_mape=2.859233 | 30min_mae=1.596172 30min_rmse=3.691240 30min_mape=3.669286 | 60min_mae=1.814876 60min_rmse=4.265472 60min_mape=4.296314
[2026-09-16 20:53:02] INFO Epoch 050 | stage=posthoc_calibrator | train_total=1.290486 | train_forecast=1.290486 | train_confidence=0.000000 | train_risk=0.000000 | train_blend=0.000000 | val_total=1.531087 | val_mae=1.526499 | val_rmse=3.558506 | val_mape=3.486262 | val_confidence=0.000000 | val_risk=0.000000 | val_blend=0.000000 | batches=1131/154 | seconds=316.38 | lr=[0.0008145062499999999] | cuda_peak_mb=2282.9
[2026-09-16 20:53:02] INFO Val horizons | 15min_mae=1.314897 15min_rmse=2.803452 15min_mape=2.852845 | 30min_mae=1.594082 30min_rmse=3.690618 30min_mape=3.665911 | 60min_mae=1.813619 60min_rmse=4.265609 60min_mape=4.292826
[2026-09-16 20:53:02] INFO Checkpoint updated | epoch=50 | stage=posthoc_calibrator | best_val_mae=1.526499 | path=C:\Users\clw\projects\researchRep\STAnchor-BlockMemory\artifacts\paper_final_joint_context_offset_only_seed42\main_table\pemsbay\ours\staeformer\downstream_best.pt
[2026-09-16 20:53:02] INFO Downstream training finished | best_val_mae=1.526499 | checkpoint=C:\Users\clw\projects\researchRep\STAnchor-BlockMemory\artifacts\paper_final_joint_context_offset_only_seed42\main_table\pemsbay\ours\staeformer\downstream_best.pt
