[2026-09-10 00:24:18] INFO Downstream start | run=cross_dataset_final/pems04_source_router_gwn_seed42 | device=cuda:0 (requested=cuda:0) | seed=42 | output=C:\Users\clw\projects\researchRep\STAnchor-BlockMemory\artifacts\cross_dataset_final\pems04_source_router_gwn_seed42
[2026-09-10 00:24:18] INFO Mode | downstream_mode=learned_topk_error_aware | training_protocol=posthoc_frozen_base | candidate_protocol=weekday_radius1_overlap
[2026-09-10 00:24:18] INFO Downstream initialization | seed=42 | state_hash=b0faec289cb51be0
[2026-09-10 00:24:18] INFO Frozen base | checkpoint=C:\Users\clw\projects\researchRep\STAnchor-BlockMemory\artifacts\cross_dataset_final\pems04_baseonly_gwn_seed42\downstream_best.pt | fingerprint=81ee9600b73a0917
[2026-09-10 00:24:18] INFO Data | steps=16992 | nodes=307 | channels=1 | training_scope=full_train | memory/post_memory/train_selected/val/test=8116/3479/11595/1400/3100
[2026-09-10 00:24:18] INFO Bank/retrieval | dataset=pems04_source_queue | events=8116 | nodes=307 | retrieval_dim=64 | event_top_r=96 | node_top_k=12 | key_dtype=float16
[2026-09-10 00:24:18] INFO Parameters | downstream_total=1,191,330 | downstream_trainable=879,693 | backbone=0 | confidence_head=0 | fusion=0 | frozen_pretrained=958,704
[2026-09-10 00:24:18] INFO Optimization | epochs=50 | batch_size=32 | optimizer=adam | lr=0.001 | weight_decay=0.0001 | scheduler=step_lr | step_size=10 | gamma=0.950 | confidence_weight=0.000 | patience=10 | early_stopping=disabled
[2026-09-10 00:24:19] INFO Stage start | stage=posthoc_calibrator | epochs=50 | optimizer_lrs=[0.001]
[2026-09-10 00:28:55] INFO Epoch 001 | stage=posthoc_calibrator | train_total=1.378090 | train_forecast=1.378090 | train_confidence=0.000000 | train_risk=0.000000 | train_blend=0.000000 | val_total=1.697840 | val_mae=1.703094 | val_rmse=3.942945 | val_mape=3.862500 | val_confidence=0.000000 | val_risk=0.000000 | val_blend=0.000000 | batches=363/44 | seconds=276.25 | lr=[0.001] | cuda_peak_mb=2196.0
[2026-09-10 00:28:55] INFO Val horizons | 15min_mae=1.443221 15min_rmse=3.030741 15min_mape=2.993085 | 30min_mae=1.771982 30min_rmse=4.027829 30min_mape=4.012425 | 60min_mae=2.058193 60min_rmse=4.842416 60min_mape=4.979110
[2026-09-10 00:28:55] INFO Checkpoint updated | epoch=1 | stage=posthoc_calibrator | best_val_mae=1.703094 | path=C:\Users\clw\projects\researchRep\STAnchor-BlockMemory\artifacts\cross_dataset_final\pems04_source_router_gwn_seed42\downstream_best.pt
[2026-09-10 00:29:39] INFO Epoch 002 | stage=posthoc_calibrator | train_total=1.369346 | train_forecast=1.369346 | train_confidence=0.000000 | train_risk=0.000000 | train_blend=0.000000 | val_total=1.687292 | val_mae=1.692480 | val_rmse=3.915398 | val_mape=3.894463 | val_confidence=0.000000 | val_risk=0.000000 | val_blend=0.000000 | batches=363/44 | seconds=43.68 | lr=[0.001] | cuda_peak_mb=2080.3
[2026-09-10 00:29:39] INFO Val horizons | 15min_mae=1.434901 15min_rmse=3.006979 15min_mape=2.995931 | 30min_mae=1.761392 30min_rmse=3.986877 30min_mape=4.053966 | 60min_mae=2.043500 60min_rmse=4.824734 60min_mape=5.032931
[2026-09-10 00:29:39] INFO Checkpoint updated | epoch=2 | stage=posthoc_calibrator | best_val_mae=1.692480 | path=C:\Users\clw\projects\researchRep\STAnchor-BlockMemory\artifacts\cross_dataset_final\pems04_source_router_gwn_seed42\downstream_best.pt
[2026-09-10 00:30:22] INFO Epoch 003 | stage=posthoc_calibrator | train_total=1.363748 | train_forecast=1.363748 | train_confidence=0.000000 | train_risk=0.000000 | train_blend=0.000000 | val_total=1.692560 | val_mae=1.697752 | val_rmse=3.912832 | val_mape=3.892795 | val_confidence=0.000000 | val_risk=0.000000 | val_blend=0.000000 | batches=363/44 | seconds=43.64 | lr=[0.001] | cuda_peak_mb=2080.1
[2026-09-10 00:30:22] INFO Val horizons | 15min_mae=1.438888 15min_rmse=3.012673 15min_mape=3.001217 | 30min_mae=1.766698 30min_rmse=3.993751 30min_mape=4.045337 | 60min_mae=2.051493 60min_rmse=4.806707 60min_mape=5.034233
[2026-09-10 00:31:06] INFO Epoch 004 | stage=posthoc_calibrator | train_total=1.360700 | train_forecast=1.360700 | train_confidence=0.000000 | train_risk=0.000000 | train_blend=0.000000 | val_total=1.682811 | val_mae=1.687992 | val_rmse=3.929795 | val_mape=3.864545 | val_confidence=0.000000 | val_risk=0.000000 | val_blend=0.000000 | batches=363/44 | seconds=43.70 | lr=[0.001] | cuda_peak_mb=2080.7
[2026-09-10 00:31:06] INFO Val horizons | 15min_mae=1.432124 15min_rmse=3.012787 15min_mape=2.998413 | 30min_mae=1.757876 30min_rmse=4.008193 30min_mape=4.026467 | 60min_mae=2.036866 60min_rmse=4.842740 60min_mape=4.967699
[2026-09-10 00:31:06] INFO Checkpoint updated | epoch=4 | stage=posthoc_calibrator | best_val_mae=1.687992 | path=C:\Users\clw\projects\researchRep\STAnchor-BlockMemory\artifacts\cross_dataset_final\pems04_source_router_gwn_seed42\downstream_best.pt
[2026-09-10 00:31:50] INFO Epoch 005 | stage=posthoc_calibrator | train_total=1.360085 | train_forecast=1.360085 | train_confidence=0.000000 | train_risk=0.000000 | train_blend=0.000000 | val_total=1.680873 | val_mae=1.686039 | val_rmse=3.922493 | val_mape=3.876162 | val_confidence=0.000000 | val_risk=0.000000 | val_blend=0.000000 | batches=363/44 | seconds=43.71 | lr=[0.001] | cuda_peak_mb=2080.6
[2026-09-10 00:31:50] INFO Val horizons | 15min_mae=1.431909 15min_rmse=3.008725 15min_mape=3.004901 | 30min_mae=1.754611 30min_rmse=3.996128 30min_mape=4.028281 | 60min_mae=2.034339 60min_rmse=4.835528 60min_mape=5.001154
[2026-09-10 00:31:50] INFO Checkpoint updated | epoch=5 | stage=posthoc_calibrator | best_val_mae=1.686039 | path=C:\Users\clw\projects\researchRep\STAnchor-BlockMemory\artifacts\cross_dataset_final\pems04_source_router_gwn_seed42\downstream_best.pt
[2026-09-10 00:32:34] INFO Epoch 006 | stage=posthoc_calibrator | train_total=1.358335 | train_forecast=1.358335 | train_confidence=0.000000 | train_risk=0.000000 | train_blend=0.000000 | val_total=1.682043 | val_mae=1.687223 | val_rmse=3.921096 | val_mape=3.858479 | val_confidence=0.000000 | val_risk=0.000000 | val_blend=0.000000 | batches=363/44 | seconds=43.73 | lr=[0.001] | cuda_peak_mb=2080.7
[2026-09-10 00:32:34] INFO Val horizons | 15min_mae=1.431310 15min_rmse=3.013181 15min_mape=2.982818 | 30min_mae=1.755597 30min_rmse=3.996594 30min_mape=4.007993 | 60min_mae=2.037092 60min_rmse=4.831420 60min_mape=4.978691
[2026-09-10 00:33:17] INFO Epoch 007 | stage=posthoc_calibrator | train_total=1.357975 | train_forecast=1.357975 | train_confidence=0.000000 | train_risk=0.000000 | train_blend=0.000000 | val_total=1.683906 | val_mae=1.689090 | val_rmse=3.924152 | val_mape=3.900138 | val_confidence=0.000000 | val_risk=0.000000 | val_blend=0.000000 | batches=363/44 | seconds=43.58 | lr=[0.001] | cuda_peak_mb=2080.6
[2026-09-10 00:33:17] INFO Val horizons | 15min_mae=1.432311 15min_rmse=3.006763 15min_mape=3.014086 | 30min_mae=1.758422 30min_rmse=3.995429 30min_mape=4.066109 | 60min_mae=2.039477 60min_rmse=4.845408 60min_mape=5.019115
[2026-09-10 00:34:01] INFO Epoch 008 | stage=posthoc_calibrator | train_total=1.357662 | train_forecast=1.357662 | train_confidence=0.000000 | train_risk=0.000000 | train_blend=0.000000 | val_total=1.678376 | val_mae=1.683541 | val_rmse=3.911794 | val_mape=3.864058 | val_confidence=0.000000 | val_risk=0.000000 | val_blend=0.000000 | batches=363/44 | seconds=43.49 | lr=[0.001] | cuda_peak_mb=2080.7
[2026-09-10 00:34:01] INFO Val horizons | 15min_mae=1.428263 15min_rmse=3.004226 15min_mape=2.984563 | 30min_mae=1.752233 30min_rmse=3.985719 30min_mape=4.019630 | 60min_mae=2.032365 60min_rmse=4.823398 60min_mape=4.985478
[2026-09-10 00:34:01] INFO Checkpoint updated | epoch=8 | stage=posthoc_calibrator | best_val_mae=1.683541 | path=C:\Users\clw\projects\researchRep\STAnchor-BlockMemory\artifacts\cross_dataset_final\pems04_source_router_gwn_seed42\downstream_best.pt
[2026-09-10 00:34:44] INFO Epoch 009 | stage=posthoc_calibrator | train_total=1.356585 | train_forecast=1.356585 | train_confidence=0.000000 | train_risk=0.000000 | train_blend=0.000000 | val_total=1.677219 | val_mae=1.682372 | val_rmse=3.918172 | val_mape=3.859868 | val_confidence=0.000000 | val_risk=0.000000 | val_blend=0.000000 | batches=363/44 | seconds=43.45 | lr=[0.001] | cuda_peak_mb=2080.6
[2026-09-10 00:34:44] INFO Val horizons | 15min_mae=1.428061 15min_rmse=3.007760 15min_mape=2.986081 | 30min_mae=1.750893 30min_rmse=3.991667 30min_mape=4.014331 | 60min_mae=2.030379 60min_rmse=4.827679 60min_mape=4.973778
[2026-09-10 00:34:44] INFO Checkpoint updated | epoch=9 | stage=posthoc_calibrator | best_val_mae=1.682372 | path=C:\Users\clw\projects\researchRep\STAnchor-BlockMemory\artifacts\cross_dataset_final\pems04_source_router_gwn_seed42\downstream_best.pt
[2026-09-10 00:35:28] INFO Epoch 010 | stage=posthoc_calibrator | train_total=1.356260 | train_forecast=1.356260 | train_confidence=0.000000 | train_risk=0.000000 | train_blend=0.000000 | val_total=1.679520 | val_mae=1.684691 | val_rmse=3.910893 | val_mape=3.877288 | val_confidence=0.000000 | val_risk=0.000000 | val_blend=0.000000 | batches=363/44 | seconds=43.45 | lr=[0.001] | cuda_peak_mb=2080.7
[2026-09-10 00:35:28] INFO Val horizons | 15min_mae=1.429653 15min_rmse=3.004221 15min_mape=3.012537 | 30min_mae=1.752546 30min_rmse=3.984683 30min_mape=4.036085 | 60min_mae=2.035412 60min_rmse=4.822778 60min_mape=4.989001
[2026-09-10 00:36:11] INFO Epoch 011 | stage=posthoc_calibrator | train_total=1.356341 | train_forecast=1.356341 | train_confidence=0.000000 | train_risk=0.000000 | train_blend=0.000000 | val_total=1.677760 | val_mae=1.682933 | val_rmse=3.901133 | val_mape=3.850341 | val_confidence=0.000000 | val_risk=0.000000 | val_blend=0.000000 | batches=363/44 | seconds=43.47 | lr=[0.00095] | cuda_peak_mb=2080.6
[2026-09-10 00:36:11] INFO Val horizons | 15min_mae=1.427398 15min_rmse=3.001256 15min_mape=2.981517 | 30min_mae=1.750665 30min_rmse=3.974568 30min_mape=4.006607 | 60min_mae=2.033128 60min_rmse=4.803648 60min_mape=4.954175
[2026-09-10 00:36:55] INFO Epoch 012 | stage=posthoc_calibrator | train_total=1.355904 | train_forecast=1.355904 | train_confidence=0.000000 | train_risk=0.000000 | train_blend=0.000000 | val_total=1.678653 | val_mae=1.683827 | val_rmse=3.921348 | val_mape=3.861690 | val_confidence=0.000000 | val_risk=0.000000 | val_blend=0.000000 | batches=363/44 | seconds=43.31 | lr=[0.00095] | cuda_peak_mb=2080.7
[2026-09-10 00:36:55] INFO Val horizons | 15min_mae=1.427601 15min_rmse=3.005674 15min_mape=2.990546 | 30min_mae=1.752342 30min_rmse=3.995566 30min_mape=4.018640 | 60min_mae=2.033508 60min_rmse=4.834386 60min_mape=4.971422
[2026-09-10 00:37:38] INFO Epoch 013 | stage=posthoc_calibrator | train_total=1.354924 | train_forecast=1.354924 | train_confidence=0.000000 | train_risk=0.000000 | train_blend=0.000000 | val_total=1.679662 | val_mae=1.684846 | val_rmse=3.925760 | val_mape=3.844164 | val_confidence=0.000000 | val_risk=0.000000 | val_blend=0.000000 | batches=363/44 | seconds=43.34 | lr=[0.00095] | cuda_peak_mb=2080.6
[2026-09-10 00:37:38] INFO Val horizons | 15min_mae=1.428896 15min_rmse=3.012674 15min_mape=2.986553 | 30min_mae=1.753070 30min_rmse=4.004019 30min_mape=4.003025 | 60min_mae=2.034753 60min_rmse=4.833182 60min_mape=4.933957
[2026-09-10 00:38:21] INFO Epoch 014 | stage=posthoc_calibrator | train_total=1.354317 | train_forecast=1.354317 | train_confidence=0.000000 | train_risk=0.000000 | train_blend=0.000000 | val_total=1.678665 | val_mae=1.683838 | val_rmse=3.917796 | val_mape=3.881854 | val_confidence=0.000000 | val_risk=0.000000 | val_blend=0.000000 | batches=363/44 | seconds=43.31 | lr=[0.00095] | cuda_peak_mb=2080.7
[2026-09-10 00:38:21] INFO Val horizons | 15min_mae=1.427846 15min_rmse=3.001455 15min_mape=3.004918 | 30min_mae=1.751975 30min_rmse=3.990119 30min_mape=4.042655 | 60min_mae=2.034438 60min_rmse=4.835814 60min_mape=4.996276
[2026-09-10 00:39:05] INFO Epoch 015 | stage=posthoc_calibrator | train_total=1.354112 | train_forecast=1.354112 | train_confidence=0.000000 | train_risk=0.000000 | train_blend=0.000000 | val_total=1.676977 | val_mae=1.682141 | val_rmse=3.918229 | val_mape=3.847591 | val_confidence=0.000000 | val_risk=0.000000 | val_blend=0.000000 | batches=363/44 | seconds=43.30 | lr=[0.00095] | cuda_peak_mb=2080.6
[2026-09-10 00:39:05] INFO Val horizons | 15min_mae=1.426651 15min_rmse=3.009484 15min_mape=2.975143 | 30min_mae=1.750224 30min_rmse=3.991927 30min_mape=3.999397 | 60min_mae=2.031024 60min_rmse=4.826193 60min_mape=4.957358
[2026-09-10 00:39:05] INFO Checkpoint updated | epoch=15 | stage=posthoc_calibrator | best_val_mae=1.682141 | path=C:\Users\clw\projects\researchRep\STAnchor-BlockMemory\artifacts\cross_dataset_final\pems04_source_router_gwn_seed42\downstream_best.pt
[2026-09-10 00:39:48] INFO Epoch 016 | stage=posthoc_calibrator | train_total=1.353706 | train_forecast=1.353706 | train_confidence=0.000000 | train_risk=0.000000 | train_blend=0.000000 | val_total=1.677908 | val_mae=1.683070 | val_rmse=3.913958 | val_mape=3.837583 | val_confidence=0.000000 | val_risk=0.000000 | val_blend=0.000000 | batches=363/44 | seconds=43.32 | lr=[0.00095] | cuda_peak_mb=2080.7
[2026-09-10 00:39:48] INFO Val horizons | 15min_mae=1.428081 15min_rmse=3.007315 15min_mape=2.974382 | 30min_mae=1.750551 30min_rmse=3.988553 30min_mape=3.985730 | 60min_mae=2.033116 60min_rmse=4.819928 60min_mape=4.941367
[2026-09-10 00:40:31] INFO Epoch 017 | stage=posthoc_calibrator | train_total=1.354270 | train_forecast=1.354270 | train_confidence=0.000000 | train_risk=0.000000 | train_blend=0.000000 | val_total=1.675599 | val_mae=1.680752 | val_rmse=3.912526 | val_mape=3.851805 | val_confidence=0.000000 | val_risk=0.000000 | val_blend=0.000000 | batches=363/44 | seconds=43.29 | lr=[0.00095] | cuda_peak_mb=2080.6
[2026-09-10 00:40:31] INFO Val horizons | 15min_mae=1.425953 15min_rmse=3.007015 15min_mape=2.975846 | 30min_mae=1.748641 30min_rmse=3.987345 30min_mape=4.006484 | 60min_mae=2.029928 60min_rmse=4.818009 60min_mape=4.963938
[2026-09-10 00:40:31] INFO Checkpoint updated | epoch=17 | stage=posthoc_calibrator | best_val_mae=1.680752 | path=C:\Users\clw\projects\researchRep\STAnchor-BlockMemory\artifacts\cross_dataset_final\pems04_source_router_gwn_seed42\downstream_best.pt
[2026-09-10 00:41:15] INFO Epoch 018 | stage=posthoc_calibrator | train_total=1.354757 | train_forecast=1.354757 | train_confidence=0.000000 | train_risk=0.000000 | train_blend=0.000000 | val_total=1.677283 | val_mae=1.682453 | val_rmse=3.912737 | val_mape=3.860139 | val_confidence=0.000000 | val_risk=0.000000 | val_blend=0.000000 | batches=363/44 | seconds=43.26 | lr=[0.00095] | cuda_peak_mb=2080.7
[2026-09-10 00:41:15] INFO Val horizons | 15min_mae=1.426647 15min_rmse=3.002334 15min_mape=2.989031 | 30min_mae=1.749884 30min_rmse=3.985489 30min_mape=4.015911 | 60min_mae=2.033578 60min_rmse=4.825731 60min_mape=4.971256
[2026-09-10 00:41:58] INFO Epoch 019 | stage=posthoc_calibrator | train_total=1.353962 | train_forecast=1.353962 | train_confidence=0.000000 | train_risk=0.000000 | train_blend=0.000000 | val_total=1.677222 | val_mae=1.682389 | val_rmse=3.912169 | val_mape=3.842857 | val_confidence=0.000000 | val_risk=0.000000 | val_blend=0.000000 | batches=363/44 | seconds=43.21 | lr=[0.00095] | cuda_peak_mb=2080.6
[2026-09-10 00:41:58] INFO Val horizons | 15min_mae=1.427312 15min_rmse=3.003999 15min_mape=2.980736 | 30min_mae=1.750439 30min_rmse=3.987041 30min_mape=3.996183 | 60min_mae=2.031720 60min_rmse=4.820550 60min_mape=4.941127
[2026-09-10 00:42:41] INFO Epoch 020 | stage=posthoc_calibrator | train_total=1.353115 | train_forecast=1.353115 | train_confidence=0.000000 | train_risk=0.000000 | train_blend=0.000000 | val_total=1.675793 | val_mae=1.680948 | val_rmse=3.906028 | val_mape=3.860892 | val_confidence=0.000000 | val_risk=0.000000 | val_blend=0.000000 | batches=363/44 | seconds=43.32 | lr=[0.00095] | cuda_peak_mb=2080.7
[2026-09-10 00:42:41] INFO Val horizons | 15min_mae=1.426152 15min_rmse=3.003082 15min_mape=2.985363 | 30min_mae=1.748425 30min_rmse=3.981361 30min_mape=4.016400 | 60min_mae=2.031190 60min_rmse=4.811240 60min_mape=4.975079
[2026-09-10 00:43:24] INFO Epoch 021 | stage=posthoc_calibrator | train_total=1.353213 | train_forecast=1.353213 | train_confidence=0.000000 | train_risk=0.000000 | train_blend=0.000000 | val_total=1.676078 | val_mae=1.681231 | val_rmse=3.919748 | val_mape=3.849866 | val_confidence=0.000000 | val_risk=0.000000 | val_blend=0.000000 | batches=363/44 | seconds=43.24 | lr=[0.0009025] | cuda_peak_mb=2080.6
[2026-09-10 00:43:24] INFO Val horizons | 15min_mae=1.426361 15min_rmse=3.006261 15min_mape=2.979013 | 30min_mae=1.749024 30min_rmse=3.992486 30min_mape=4.001563 | 60min_mae=2.030542 60min_rmse=4.835046 60min_mape=4.961974
[2026-09-10 00:44:08] INFO Epoch 022 | stage=posthoc_calibrator | train_total=1.353139 | train_forecast=1.353139 | train_confidence=0.000000 | train_risk=0.000000 | train_blend=0.000000 | val_total=1.677903 | val_mae=1.683077 | val_rmse=3.919394 | val_mape=3.837744 | val_confidence=0.000000 | val_risk=0.000000 | val_blend=0.000000 | batches=363/44 | seconds=43.23 | lr=[0.0009025] | cuda_peak_mb=2080.7
[2026-09-10 00:44:08] INFO Val horizons | 15min_mae=1.427092 15min_rmse=3.010489 15min_mape=2.978678 | 30min_mae=1.750449 30min_rmse=3.997604 30min_mape=3.993779 | 60min_mae=2.034859 60min_rmse=4.824903 60min_mape=4.930408
[2026-09-10 00:44:51] INFO Epoch 023 | stage=posthoc_calibrator | train_total=1.352681 | train_forecast=1.352681 | train_confidence=0.000000 | train_risk=0.000000 | train_blend=0.000000 | val_total=1.675938 | val_mae=1.681096 | val_rmse=3.919621 | val_mape=3.861329 | val_confidence=0.000000 | val_risk=0.000000 | val_blend=0.000000 | batches=363/44 | seconds=43.26 | lr=[0.0009025] | cuda_peak_mb=2080.6
[2026-09-10 00:44:51] INFO Val horizons | 15min_mae=1.426947 15min_rmse=3.004132 15min_mape=2.995970 | 30min_mae=1.749230 30min_rmse=3.996206 30min_mape=4.018307 | 60min_mae=2.029971 60min_rmse=4.832479 60min_mape=4.970680
[2026-09-10 00:45:34] INFO Epoch 024 | stage=posthoc_calibrator | train_total=1.353617 | train_forecast=1.353617 | train_confidence=0.000000 | train_risk=0.000000 | train_blend=0.000000 | val_total=1.676962 | val_mae=1.682126 | val_rmse=3.920111 | val_mape=3.862782 | val_confidence=0.000000 | val_risk=0.000000 | val_blend=0.000000 | batches=363/44 | seconds=43.25 | lr=[0.0009025] | cuda_peak_mb=2080.7
[2026-09-10 00:45:34] INFO Val horizons | 15min_mae=1.427511 15min_rmse=3.005095 15min_mape=2.998016 | 30min_mae=1.749949 30min_rmse=3.993212 30min_mape=4.016006 | 60min_mae=2.032022 60min_rmse=4.836524 60min_mape=4.980317
[2026-09-10 00:46:17] INFO Epoch 025 | stage=posthoc_calibrator | train_total=1.352577 | train_forecast=1.352577 | train_confidence=0.000000 | train_risk=0.000000 | train_blend=0.000000 | val_total=1.677586 | val_mae=1.682756 | val_rmse=3.914187 | val_mape=3.858490 | val_confidence=0.000000 | val_risk=0.000000 | val_blend=0.000000 | batches=363/44 | seconds=43.25 | lr=[0.0009025] | cuda_peak_mb=2080.6
[2026-09-10 00:46:17] INFO Val horizons | 15min_mae=1.427748 15min_rmse=3.003105 15min_mape=3.000647 | 30min_mae=1.750076 30min_rmse=3.988796 30min_mape=4.014622 | 60min_mae=2.034378 60min_rmse=4.826161 60min_mape=4.961927
[2026-09-10 00:47:01] INFO Epoch 026 | stage=posthoc_calibrator | train_total=1.353308 | train_forecast=1.353308 | train_confidence=0.000000 | train_risk=0.000000 | train_blend=0.000000 | val_total=1.676745 | val_mae=1.681905 | val_rmse=3.922055 | val_mape=3.850656 | val_confidence=0.000000 | val_risk=0.000000 | val_blend=0.000000 | batches=363/44 | seconds=43.23 | lr=[0.0009025] | cuda_peak_mb=2080.7
[2026-09-10 00:47:01] INFO Val horizons | 15min_mae=1.427329 15min_rmse=3.008743 15min_mape=2.990842 | 30min_mae=1.749606 30min_rmse=3.998155 30min_mape=4.006901 | 60min_mae=2.031871 60min_rmse=4.835147 60min_mape=4.950543
[2026-09-10 00:47:44] INFO Epoch 027 | stage=posthoc_calibrator | train_total=1.352839 | train_forecast=1.352839 | train_confidence=0.000000 | train_risk=0.000000 | train_blend=0.000000 | val_total=1.679708 | val_mae=1.684893 | val_rmse=3.924761 | val_mape=3.860918 | val_confidence=0.000000 | val_risk=0.000000 | val_blend=0.000000 | batches=363/44 | seconds=43.25 | lr=[0.0009025] | cuda_peak_mb=2080.6
[2026-09-10 00:47:44] INFO Val horizons | 15min_mae=1.428191 15min_rmse=3.006725 15min_mape=2.992406 | 30min_mae=1.753237 30min_rmse=3.998669 30min_mape=4.015429 | 60min_mae=2.036181 60min_rmse=4.843243 60min_mape=4.975629
[2026-09-10 00:48:27] INFO Epoch 028 | stage=posthoc_calibrator | train_total=1.352731 | train_forecast=1.352731 | train_confidence=0.000000 | train_risk=0.000000 | train_blend=0.000000 | val_total=1.677968 | val_mae=1.683142 | val_rmse=3.920403 | val_mape=3.855847 | val_confidence=0.000000 | val_risk=0.000000 | val_blend=0.000000 | batches=363/44 | seconds=43.17 | lr=[0.0009025] | cuda_peak_mb=2080.7
[2026-09-10 00:48:27] INFO Val horizons | 15min_mae=1.427129 15min_rmse=3.006260 15min_mape=2.986872 | 30min_mae=1.751017 30min_rmse=3.994155 30min_mape=4.008717 | 60min_mae=2.034378 60min_rmse=4.837145 60min_mape=4.970658
[2026-09-10 00:49:10] INFO Epoch 029 | stage=posthoc_calibrator | train_total=1.352142 | train_forecast=1.352142 | train_confidence=0.000000 | train_risk=0.000000 | train_blend=0.000000 | val_total=1.677779 | val_mae=1.682946 | val_rmse=3.922880 | val_mape=3.861384 | val_confidence=0.000000 | val_risk=0.000000 | val_blend=0.000000 | batches=363/44 | seconds=43.21 | lr=[0.0009025] | cuda_peak_mb=2080.6
[2026-09-10 00:49:10] INFO Val horizons | 15min_mae=1.427228 15min_rmse=3.008102 15min_mape=2.987540 | 30min_mae=1.751349 30min_rmse=3.997668 30min_mape=4.012991 | 60min_mae=2.033000 60min_rmse=4.837435 60min_mape=4.985502
[2026-09-10 00:49:53] INFO Epoch 030 | stage=posthoc_calibrator | train_total=1.353057 | train_forecast=1.353057 | train_confidence=0.000000 | train_risk=0.000000 | train_blend=0.000000 | val_total=1.678173 | val_mae=1.683337 | val_rmse=3.920470 | val_mape=3.868911 | val_confidence=0.000000 | val_risk=0.000000 | val_blend=0.000000 | batches=363/44 | seconds=43.16 | lr=[0.0009025] | cuda_peak_mb=2080.7
[2026-09-10 00:49:53] INFO Val horizons | 15min_mae=1.427354 15min_rmse=3.004232 15min_mape=2.999645 | 30min_mae=1.751248 30min_rmse=3.999961 30min_mape=4.029270 | 60min_mae=2.034648 60min_rmse=4.831432 60min_mape=4.974157
[2026-09-10 00:50:37] INFO Epoch 031 | stage=posthoc_calibrator | train_total=1.352147 | train_forecast=1.352147 | train_confidence=0.000000 | train_risk=0.000000 | train_blend=0.000000 | val_total=1.676862 | val_mae=1.682030 | val_rmse=3.920293 | val_mape=3.859737 | val_confidence=0.000000 | val_risk=0.000000 | val_blend=0.000000 | batches=363/44 | seconds=43.23 | lr=[0.000857375] | cuda_peak_mb=2080.6
[2026-09-10 00:50:37] INFO Val horizons | 15min_mae=1.426693 15min_rmse=3.004816 15min_mape=2.991524 | 30min_mae=1.749522 30min_rmse=3.993896 30min_mape=4.011299 | 60min_mae=2.032586 60min_rmse=4.838582 60min_mape=4.977492
[2026-09-10 00:51:20] INFO Epoch 032 | stage=posthoc_calibrator | train_total=1.352583 | train_forecast=1.352583 | train_confidence=0.000000 | train_risk=0.000000 | train_blend=0.000000 | val_total=1.679683 | val_mae=1.684872 | val_rmse=3.922433 | val_mape=3.836233 | val_confidence=0.000000 | val_risk=0.000000 | val_blend=0.000000 | batches=363/44 | seconds=43.24 | lr=[0.000857375] | cuda_peak_mb=2080.7
[2026-09-10 00:51:20] INFO Val horizons | 15min_mae=1.428280 15min_rmse=3.009163 15min_mape=2.982064 | 30min_mae=1.752377 30min_rmse=3.999718 30min_mape=3.989121 | 60min_mae=2.036521 60min_rmse=4.831659 60min_mape=4.933744
[2026-09-10 00:52:03] INFO Epoch 033 | stage=posthoc_calibrator | train_total=1.352284 | train_forecast=1.352284 | train_confidence=0.000000 | train_risk=0.000000 | train_blend=0.000000 | val_total=1.677371 | val_mae=1.682535 | val_rmse=3.925803 | val_mape=3.859121 | val_confidence=0.000000 | val_risk=0.000000 | val_blend=0.000000 | batches=363/44 | seconds=43.16 | lr=[0.000857375] | cuda_peak_mb=2080.6
[2026-09-10 00:52:03] INFO Val horizons | 15min_mae=1.426589 15min_rmse=3.004505 15min_mape=2.989440 | 30min_mae=1.750088 30min_rmse=3.998943 30min_mape=4.010600 | 60min_mae=2.033915 60min_rmse=4.848635 60min_mape=4.978672
[2026-09-10 00:52:46] INFO Epoch 034 | stage=posthoc_calibrator | train_total=1.352284 | train_forecast=1.352284 | train_confidence=0.000000 | train_risk=0.000000 | train_blend=0.000000 | val_total=1.678086 | val_mae=1.683261 | val_rmse=3.923474 | val_mape=3.855092 | val_confidence=0.000000 | val_risk=0.000000 | val_blend=0.000000 | batches=363/44 | seconds=43.21 | lr=[0.000857375] | cuda_peak_mb=2080.7
[2026-09-10 00:52:46] INFO Val horizons | 15min_mae=1.427254 15min_rmse=3.003394 15min_mape=2.991604 | 30min_mae=1.751181 30min_rmse=3.997725 30min_mape=4.008007 | 60min_mae=2.034179 60min_rmse=4.841037 60min_mape=4.965919
[2026-09-10 00:53:29] INFO Epoch 035 | stage=posthoc_calibrator | train_total=1.352132 | train_forecast=1.352132 | train_confidence=0.000000 | train_risk=0.000000 | train_blend=0.000000 | val_total=1.677711 | val_mae=1.682883 | val_rmse=3.925701 | val_mape=3.857645 | val_confidence=0.000000 | val_risk=0.000000 | val_blend=0.000000 | batches=363/44 | seconds=43.25 | lr=[0.000857375] | cuda_peak_mb=2080.6
[2026-09-10 00:53:29] INFO Val horizons | 15min_mae=1.427266 15min_rmse=3.004800 15min_mape=2.997222 | 30min_mae=1.750839 30min_rmse=4.000918 30min_mape=4.011949 | 60min_mae=2.033490 60min_rmse=4.843406 60min_mape=4.966793
[2026-09-10 00:54:13] INFO Epoch 036 | stage=posthoc_calibrator | train_total=1.353092 | train_forecast=1.353092 | train_confidence=0.000000 | train_risk=0.000000 | train_blend=0.000000 | val_total=1.677195 | val_mae=1.682359 | val_rmse=3.919820 | val_mape=3.850288 | val_confidence=0.000000 | val_risk=0.000000 | val_blend=0.000000 | batches=363/44 | seconds=43.30 | lr=[0.000857375] | cuda_peak_mb=2080.7
[2026-09-10 00:54:13] INFO Val horizons | 15min_mae=1.427442 15min_rmse=3.004818 15min_mape=2.994222 | 30min_mae=1.749497 30min_rmse=3.994785 30min_mape=4.004851 | 60min_mae=2.032956 60min_rmse=4.831505 60min_mape=4.955408
[2026-09-10 00:54:56] INFO Epoch 037 | stage=posthoc_calibrator | train_total=1.351924 | train_forecast=1.351924 | train_confidence=0.000000 | train_risk=0.000000 | train_blend=0.000000 | val_total=1.677508 | val_mae=1.682671 | val_rmse=3.922685 | val_mape=3.861103 | val_confidence=0.000000 | val_risk=0.000000 | val_blend=0.000000 | batches=363/44 | seconds=43.35 | lr=[0.000857375] | cuda_peak_mb=2080.6
[2026-09-10 00:54:56] INFO Val horizons | 15min_mae=1.428738 15min_rmse=3.004223 15min_mape=3.010951 | 30min_mae=1.750089 30min_rmse=3.998030 30min_mape=4.017463 | 60min_mae=2.032901 60min_rmse=4.839721 60min_mape=4.959439
[2026-09-10 00:55:39] INFO Epoch 038 | stage=posthoc_calibrator | train_total=1.352523 | train_forecast=1.352523 | train_confidence=0.000000 | train_risk=0.000000 | train_blend=0.000000 | val_total=1.677492 | val_mae=1.682663 | val_rmse=3.918396 | val_mape=3.853353 | val_confidence=0.000000 | val_risk=0.000000 | val_blend=0.000000 | batches=363/44 | seconds=43.31 | lr=[0.000857375] | cuda_peak_mb=2080.7
[2026-09-10 00:55:39] INFO Val horizons | 15min_mae=1.426635 15min_rmse=3.007232 15min_mape=2.980874 | 30min_mae=1.750831 30min_rmse=3.996742 30min_mape=4.008907 | 60min_mae=2.033559 60min_rmse=4.826694 60min_mape=4.960224
[2026-09-10 00:56:23] INFO Epoch 039 | stage=posthoc_calibrator | train_total=1.351963 | train_forecast=1.351963 | train_confidence=0.000000 | train_risk=0.000000 | train_blend=0.000000 | val_total=1.677404 | val_mae=1.682561 | val_rmse=3.924692 | val_mape=3.868024 | val_confidence=0.000000 | val_risk=0.000000 | val_blend=0.000000 | batches=363/44 | seconds=43.29 | lr=[0.000857375] | cuda_peak_mb=2080.6
[2026-09-10 00:56:23] INFO Val horizons | 15min_mae=1.427732 15min_rmse=3.004608 15min_mape=3.003053 | 30min_mae=1.750457 30min_rmse=3.997897 30min_mape=4.025657 | 60min_mae=2.032656 60min_rmse=4.843845 60min_mape=4.976671
[2026-09-10 00:57:06] INFO Epoch 040 | stage=posthoc_calibrator | train_total=1.351432 | train_forecast=1.351432 | train_confidence=0.000000 | train_risk=0.000000 | train_blend=0.000000 | val_total=1.676675 | val_mae=1.681839 | val_rmse=3.913637 | val_mape=3.857803 | val_confidence=0.000000 | val_risk=0.000000 | val_blend=0.000000 | batches=363/44 | seconds=43.31 | lr=[0.000857375] | cuda_peak_mb=2080.7
[2026-09-10 00:57:06] INFO Val horizons | 15min_mae=1.426087 15min_rmse=3.002852 15min_mape=2.987571 | 30min_mae=1.748963 30min_rmse=3.989336 30min_mape=4.011840 | 60min_mae=2.033476 60min_rmse=4.824960 60min_mape=4.971761
[2026-09-10 00:57:49] INFO Epoch 041 | stage=posthoc_calibrator | train_total=1.351887 | train_forecast=1.351887 | train_confidence=0.000000 | train_risk=0.000000 | train_blend=0.000000 | val_total=1.677242 | val_mae=1.682404 | val_rmse=3.921881 | val_mape=3.872674 | val_confidence=0.000000 | val_risk=0.000000 | val_blend=0.000000 | batches=363/44 | seconds=43.31 | lr=[0.0008145062499999999] | cuda_peak_mb=2080.6
[2026-09-10 00:57:49] INFO Val horizons | 15min_mae=1.426635 15min_rmse=3.002332 15min_mape=2.996713 | 30min_mae=1.750017 30min_rmse=3.992556 30min_mape=4.031476 | 60min_mae=2.033584 60min_rmse=4.844317 60min_mape=4.993825
[2026-09-10 00:58:33] INFO Epoch 042 | stage=posthoc_calibrator | train_total=1.352460 | train_forecast=1.352460 | train_confidence=0.000000 | train_risk=0.000000 | train_blend=0.000000 | val_total=1.677676 | val_mae=1.682846 | val_rmse=3.922152 | val_mape=3.859655 | val_confidence=0.000000 | val_risk=0.000000 | val_blend=0.000000 | batches=363/44 | seconds=43.23 | lr=[0.0008145062499999999] | cuda_peak_mb=2080.7
[2026-09-10 00:58:33] INFO Val horizons | 15min_mae=1.427163 15min_rmse=3.001815 15min_mape=2.994886 | 30min_mae=1.750396 30min_rmse=3.995083 30min_mape=4.016151 | 60min_mae=2.034052 60min_rmse=4.842844 60min_mape=4.973739
[2026-09-10 00:59:16] INFO Epoch 043 | stage=posthoc_calibrator | train_total=1.352459 | train_forecast=1.352459 | train_confidence=0.000000 | train_risk=0.000000 | train_blend=0.000000 | val_total=1.676930 | val_mae=1.682097 | val_rmse=3.924367 | val_mape=3.855920 | val_confidence=0.000000 | val_risk=0.000000 | val_blend=0.000000 | batches=363/44 | seconds=43.20 | lr=[0.0008145062499999999] | cuda_peak_mb=2080.6
[2026-09-10 00:59:16] INFO Val horizons | 15min_mae=1.426227 15min_rmse=3.006805 15min_mape=2.983001 | 30min_mae=1.750033 30min_rmse=3.997563 30min_mape=4.009374 | 60min_mae=2.032673 60min_rmse=4.844199 60min_mape=4.972223
[2026-09-10 00:59:59] INFO Epoch 044 | stage=posthoc_calibrator | train_total=1.351607 | train_forecast=1.351607 | train_confidence=0.000000 | train_risk=0.000000 | train_blend=0.000000 | val_total=1.677471 | val_mae=1.682640 | val_rmse=3.921643 | val_mape=3.857287 | val_confidence=0.000000 | val_risk=0.000000 | val_blend=0.000000 | batches=363/44 | seconds=43.21 | lr=[0.0008145062499999999] | cuda_peak_mb=2080.7
[2026-09-10 00:59:59] INFO Val horizons | 15min_mae=1.427405 15min_rmse=3.003293 15min_mape=2.996278 | 30min_mae=1.750561 30min_rmse=3.996123 30min_mape=4.014533 | 60min_mae=2.033774 60min_rmse=4.839196 60min_mape=4.963367
[2026-09-10 01:00:42] INFO Epoch 045 | stage=posthoc_calibrator | train_total=1.351634 | train_forecast=1.351634 | train_confidence=0.000000 | train_risk=0.000000 | train_blend=0.000000 | val_total=1.678097 | val_mae=1.683269 | val_rmse=3.921265 | val_mape=3.864981 | val_confidence=0.000000 | val_risk=0.000000 | val_blend=0.000000 | batches=363/44 | seconds=43.38 | lr=[0.0008145062499999999] | cuda_peak_mb=2080.6
[2026-09-10 01:00:42] INFO Val horizons | 15min_mae=1.427448 15min_rmse=3.002694 15min_mape=2.999398 | 30min_mae=1.751220 30min_rmse=3.992520 30min_mape=4.021628 | 60min_mae=2.034646 60min_rmse=4.843367 60min_mape=4.977717
[2026-09-10 01:01:26] INFO Epoch 046 | stage=posthoc_calibrator | train_total=1.351453 | train_forecast=1.351453 | train_confidence=0.000000 | train_risk=0.000000 | train_blend=0.000000 | val_total=1.677856 | val_mae=1.683030 | val_rmse=3.925048 | val_mape=3.855883 | val_confidence=0.000000 | val_risk=0.000000 | val_blend=0.000000 | batches=363/44 | seconds=43.30 | lr=[0.0008145062499999999] | cuda_peak_mb=2080.7
[2026-09-10 01:01:26] INFO Val horizons | 15min_mae=1.426716 15min_rmse=3.004683 15min_mape=2.992033 | 30min_mae=1.750907 30min_rmse=3.999099 30min_mape=4.011149 | 60min_mae=2.034556 60min_rmse=4.842845 60min_mape=4.964577
[2026-09-10 01:02:09] INFO Epoch 047 | stage=posthoc_calibrator | train_total=1.351644 | train_forecast=1.351644 | train_confidence=0.000000 | train_risk=0.000000 | train_blend=0.000000 | val_total=1.677524 | val_mae=1.682686 | val_rmse=3.921914 | val_mape=3.851167 | val_confidence=0.000000 | val_risk=0.000000 | val_blend=0.000000 | batches=363/44 | seconds=43.29 | lr=[0.0008145062499999999] | cuda_peak_mb=2080.6
[2026-09-10 01:02:09] INFO Val horizons | 15min_mae=1.426922 15min_rmse=3.005897 15min_mape=2.987754 | 30min_mae=1.750305 30min_rmse=3.996290 30min_mape=4.004125 | 60min_mae=2.034077 60min_rmse=4.838291 60min_mape=4.964407
[2026-09-10 01:02:52] INFO Epoch 048 | stage=posthoc_calibrator | train_total=1.351597 | train_forecast=1.351597 | train_confidence=0.000000 | train_risk=0.000000 | train_blend=0.000000 | val_total=1.675766 | val_mae=1.680921 | val_rmse=3.916044 | val_mape=3.853708 | val_confidence=0.000000 | val_risk=0.000000 | val_blend=0.000000 | batches=363/44 | seconds=43.37 | lr=[0.0008145062499999999] | cuda_peak_mb=2080.7
[2026-09-10 01:02:52] INFO Val horizons | 15min_mae=1.426244 15min_rmse=3.004527 15min_mape=2.986236 | 30min_mae=1.748160 30min_rmse=3.988734 30min_mape=4.008337 | 60min_mae=2.031367 60min_rmse=4.832114 60min_mape=4.966284
[2026-09-10 01:03:36] INFO Epoch 049 | stage=posthoc_calibrator | train_total=1.351817 | train_forecast=1.351817 | train_confidence=0.000000 | train_risk=0.000000 | train_blend=0.000000 | val_total=1.676789 | val_mae=1.681949 | val_rmse=3.924640 | val_mape=3.844372 | val_confidence=0.000000 | val_risk=0.000000 | val_blend=0.000000 | batches=363/44 | seconds=43.27 | lr=[0.0008145062499999999] | cuda_peak_mb=2080.6
[2026-09-10 01:03:36] INFO Val horizons | 15min_mae=1.426809 15min_rmse=3.010148 15min_mape=2.982582 | 30min_mae=1.749482 30min_rmse=4.000159 30min_mape=3.999996 | 60min_mae=2.032641 60min_rmse=4.837994 60min_mape=4.946501
[2026-09-10 01:04:19] INFO Epoch 050 | stage=posthoc_calibrator | train_total=1.351333 | train_forecast=1.351333 | train_confidence=0.000000 | train_risk=0.000000 | train_blend=0.000000 | val_total=1.676121 | val_mae=1.681281 | val_rmse=3.914981 | val_mape=3.857758 | val_confidence=0.000000 | val_risk=0.000000 | val_blend=0.000000 | batches=363/44 | seconds=43.35 | lr=[0.0008145062499999999] | cuda_peak_mb=2080.7
[2026-09-10 01:04:19] INFO Val horizons | 15min_mae=1.425960 15min_rmse=3.001013 15min_mape=2.986272 | 30min_mae=1.748668 30min_rmse=3.985407 30min_mape=4.012440 | 60min_mae=2.032083 60min_rmse=4.833916 60min_mape=4.974199
[2026-09-10 01:04:19] INFO Downstream training finished | best_val_mae=1.680752 | checkpoint=C:\Users\clw\projects\researchRep\STAnchor-BlockMemory\artifacts\cross_dataset_final\pems04_source_router_gwn_seed42\downstream_best.pt
