[2026-08-18 17:51:35] INFO Downstream start | run=metrla_stgcn_base_only_fulltrain_seed42_v2 | device=cuda:0 (requested=cuda:0) | seed=42 | output=C:\Users\clw\projects\researchRep\STAnchor-BlockMemory\artifacts\metrla_stgcn_base_only_fulltrain_seed42_v2
[2026-08-18 17:51:35] INFO Mode | downstream_mode=base_only | training_protocol=staged_joint | candidate_protocol=exact_calendar
[2026-08-18 17:51:35] INFO Downstream initialization | seed=42 | state_hash=706d57a284aec3e9
[2026-08-18 17:51:35] INFO Data | steps=34272 | nodes=207 | channels=1 | memory/calibration/val/test=15876/6805/2993/6025
[2026-08-18 17:51:35] INFO Bank/retrieval | disabled (base_only)
[2026-08-18 17:51:35] INFO Parameters | downstream_total=231,513 | downstream_trainable=231,244 | backbone=231,244 | confidence_head=0 | fusion=0 | frozen_pretrained=0
[2026-08-18 17:51:35] INFO Optimization | epochs=50 | batch_size=32 | lr=0.001 | weight_decay=0.0001 | confidence_weight=1.000 | patience=10
[2026-08-18 17:51:36] INFO Stage start | stage=standard | epochs=50 | optimizer_lrs=[0.001]
[2026-08-18 17:51:45] INFO Epoch 001 | stage=standard | train_total=0.436446 | train_forecast=0.436446 | train_confidence=0.000000 | train_risk=0.000000 | train_blend=0.000000 | val_total=0.360540 | val_mae=3.324107 | val_rmse=6.739201 | val_mape=9.867860 | val_confidence=0.000000 | val_risk=0.000000 | val_blend=0.000000
[2026-08-18 17:51:45] INFO Val horizons | 15min_mae=2.826293 15min_rmse=5.503220 15min_mape=8.013179 | 30min_mae=3.300329 30min_rmse=6.672501 30min_mape=9.732405 | 60min_mae=4.072507 60min_rmse=8.238131 60min_mape=12.679259
[2026-08-18 17:51:45] INFO Checkpoint updated | epoch=1 | stage=standard | best_val_mae=3.324107 | path=C:\Users\clw\projects\researchRep\STAnchor-BlockMemory\artifacts\metrla_stgcn_base_only_fulltrain_seed42_v2\downstream_best.pt
[2026-08-18 17:51:54] INFO Epoch 002 | stage=standard | train_total=0.396422 | train_forecast=0.396422 | train_confidence=0.000000 | train_risk=0.000000 | train_blend=0.000000 | val_total=0.355048 | val_mae=3.265311 | val_rmse=6.616425 | val_mape=9.903373 | val_confidence=0.000000 | val_risk=0.000000 | val_blend=0.000000
[2026-08-18 17:51:54] INFO Val horizons | 15min_mae=2.788098 15min_rmse=5.432716 15min_mape=8.046834 | 30min_mae=3.238134 30min_rmse=6.545737 30min_mape=9.743003 | 60min_mae=3.995910 60min_rmse=8.059578 60min_mape=12.845306
[2026-08-18 17:51:55] INFO Checkpoint updated | epoch=2 | stage=standard | best_val_mae=3.265311 | path=C:\Users\clw\projects\researchRep\STAnchor-BlockMemory\artifacts\metrla_stgcn_base_only_fulltrain_seed42_v2\downstream_best.pt
[2026-08-18 17:52:04] INFO Epoch 003 | stage=standard | train_total=0.386970 | train_forecast=0.386970 | train_confidence=0.000000 | train_risk=0.000000 | train_blend=0.000000 | val_total=0.348473 | val_mae=3.193230 | val_rmse=6.548124 | val_mape=9.501267 | val_confidence=0.000000 | val_risk=0.000000 | val_blend=0.000000
[2026-08-18 17:52:04] INFO Val horizons | 15min_mae=2.719080 15min_rmse=5.371122 15min_mape=7.501949 | 30min_mae=3.169439 30min_rmse=6.494167 30min_mape=9.291531 | 60min_mae=3.895052 60min_rmse=7.970245 60min_mape=12.519253
[2026-08-18 17:52:04] INFO Checkpoint updated | epoch=3 | stage=standard | best_val_mae=3.193230 | path=C:\Users\clw\projects\researchRep\STAnchor-BlockMemory\artifacts\metrla_stgcn_base_only_fulltrain_seed42_v2\downstream_best.pt
[2026-08-18 17:52:12] INFO Epoch 004 | stage=standard | train_total=0.381096 | train_forecast=0.381096 | train_confidence=0.000000 | train_risk=0.000000 | train_blend=0.000000 | val_total=0.352727 | val_mae=3.237375 | val_rmse=6.626820 | val_mape=9.798002 | val_confidence=0.000000 | val_risk=0.000000 | val_blend=0.000000
[2026-08-18 17:52:12] INFO Val horizons | 15min_mae=2.776848 15min_rmse=5.446126 15min_mape=7.892157 | 30min_mae=3.221766 30min_rmse=6.572613 30min_mape=9.713950 | 60min_mae=3.924426 60min_rmse=8.066029 60min_mape=12.627628
[2026-08-18 17:52:21] INFO Epoch 005 | stage=standard | train_total=0.377022 | train_forecast=0.377022 | train_confidence=0.000000 | train_risk=0.000000 | train_blend=0.000000 | val_total=0.351780 | val_mae=3.242989 | val_rmse=6.493452 | val_mape=10.107663 | val_confidence=0.000000 | val_risk=0.000000 | val_blend=0.000000
[2026-08-18 17:52:21] INFO Val horizons | 15min_mae=2.834580 15min_rmse=5.420398 15min_mape=8.556688 | 30min_mae=3.241349 30min_rmse=6.453841 30min_mape=10.125549 | 60min_mae=3.846395 60min_rmse=7.809792 60min_mape=12.327820
[2026-08-18 17:52:30] INFO Epoch 006 | stage=standard | train_total=0.372568 | train_forecast=0.372568 | train_confidence=0.000000 | train_risk=0.000000 | train_blend=0.000000 | val_total=0.340139 | val_mae=3.100583 | val_rmse=6.385371 | val_mape=9.337939 | val_confidence=0.000000 | val_risk=0.000000 | val_blend=0.000000
[2026-08-18 17:52:30] INFO Val horizons | 15min_mae=2.703472 15min_rmse=5.288150 15min_mape=7.761751 | 30min_mae=3.093881 30min_rmse=6.348703 30min_mape=9.256549 | 60min_mae=3.693157 60min_rmse=7.712164 60min_mape=11.639374
[2026-08-18 17:52:30] INFO Checkpoint updated | epoch=6 | stage=standard | best_val_mae=3.100583 | path=C:\Users\clw\projects\researchRep\STAnchor-BlockMemory\artifacts\metrla_stgcn_base_only_fulltrain_seed42_v2\downstream_best.pt
[2026-08-18 17:52:38] INFO Epoch 007 | stage=standard | train_total=0.369305 | train_forecast=0.369305 | train_confidence=0.000000 | train_risk=0.000000 | train_blend=0.000000 | val_total=0.356783 | val_mae=3.325764 | val_rmse=6.693117 | val_mape=10.770567 | val_confidence=0.000000 | val_risk=0.000000 | val_blend=0.000000
[2026-08-18 17:52:38] INFO Val horizons | 15min_mae=2.890668 15min_rmse=5.553058 15min_mape=8.780834 | 30min_mae=3.313498 30min_rmse=6.640134 30min_mape=10.674664 | 60min_mae=3.967614 60min_rmse=8.066347 60min_mape=13.648514
[2026-08-18 17:52:47] INFO Epoch 008 | stage=standard | train_total=0.367934 | train_forecast=0.367934 | train_confidence=0.000000 | train_risk=0.000000 | train_blend=0.000000 | val_total=0.342937 | val_mae=3.146775 | val_rmse=6.363996 | val_mape=9.403018 | val_confidence=0.000000 | val_risk=0.000000 | val_blend=0.000000
[2026-08-18 17:52:47] INFO Val horizons | 15min_mae=2.749605 15min_rmse=5.286194 15min_mape=7.749909 | 30min_mae=3.140744 30min_rmse=6.351480 30min_mape=9.402098 | 60min_mae=3.731367 60min_rmse=7.662141 60min_mape=11.822653
[2026-08-18 17:52:56] INFO Epoch 009 | stage=standard | train_total=0.364810 | train_forecast=0.364810 | train_confidence=0.000000 | train_risk=0.000000 | train_blend=0.000000 | val_total=0.335364 | val_mae=3.056533 | val_rmse=6.321433 | val_mape=9.202331 | val_confidence=0.000000 | val_risk=0.000000 | val_blend=0.000000
[2026-08-18 17:52:56] INFO Val horizons | 15min_mae=2.665492 15min_rmse=5.253432 15min_mape=7.512833 | 30min_mae=3.052905 30min_rmse=6.300412 30min_mape=9.120597 | 60min_mae=3.628547 60min_rmse=7.615651 60min_mape=11.640143
[2026-08-18 17:52:56] INFO Checkpoint updated | epoch=9 | stage=standard | best_val_mae=3.056533 | path=C:\Users\clw\projects\researchRep\STAnchor-BlockMemory\artifacts\metrla_stgcn_base_only_fulltrain_seed42_v2\downstream_best.pt
[2026-08-18 17:53:05] INFO Epoch 010 | stage=standard | train_total=0.362127 | train_forecast=0.362127 | train_confidence=0.000000 | train_risk=0.000000 | train_blend=0.000000 | val_total=0.335213 | val_mae=3.057285 | val_rmse=6.295173 | val_mape=9.288534 | val_confidence=0.000000 | val_risk=0.000000 | val_blend=0.000000
[2026-08-18 17:53:05] INFO Val horizons | 15min_mae=2.671700 15min_rmse=5.213165 15min_mape=7.515979 | 30min_mae=3.063788 30min_rmse=6.270049 30min_mape=9.267418 | 60min_mae=3.627726 60min_rmse=7.592746 60min_mape=11.841083
[2026-08-18 17:53:13] INFO Epoch 011 | stage=standard | train_total=0.359948 | train_forecast=0.359948 | train_confidence=0.000000 | train_risk=0.000000 | train_blend=0.000000 | val_total=0.341462 | val_mae=3.127292 | val_rmse=6.384284 | val_mape=9.698153 | val_confidence=0.000000 | val_risk=0.000000 | val_blend=0.000000
[2026-08-18 17:53:13] INFO Val horizons | 15min_mae=2.744857 15min_rmse=5.312772 15min_mape=7.901412 | 30min_mae=3.149513 30min_rmse=6.374658 30min_mape=9.747676 | 60min_mae=3.659339 60min_rmse=7.632007 60min_mape=12.076116
[2026-08-18 17:53:22] INFO Epoch 012 | stage=standard | train_total=0.357356 | train_forecast=0.357356 | train_confidence=0.000000 | train_risk=0.000000 | train_blend=0.000000 | val_total=0.333027 | val_mae=3.030470 | val_rmse=6.263659 | val_mape=9.041362 | val_confidence=0.000000 | val_risk=0.000000 | val_blend=0.000000
[2026-08-18 17:53:22] INFO Val horizons | 15min_mae=2.659878 15min_rmse=5.225503 15min_mape=7.424568 | 30min_mae=3.037079 30min_rmse=6.270498 30min_mape=9.059795 | 60min_mae=3.596617 60min_rmse=7.513605 60min_mape=11.492229
[2026-08-18 17:53:22] INFO Checkpoint updated | epoch=12 | stage=standard | best_val_mae=3.030470 | path=C:\Users\clw\projects\researchRep\STAnchor-BlockMemory\artifacts\metrla_stgcn_base_only_fulltrain_seed42_v2\downstream_best.pt
[2026-08-18 17:53:30] INFO Epoch 013 | stage=standard | train_total=0.355262 | train_forecast=0.355262 | train_confidence=0.000000 | train_risk=0.000000 | train_blend=0.000000 | val_total=0.334534 | val_mae=3.054530 | val_rmse=6.322691 | val_mape=9.534424 | val_confidence=0.000000 | val_risk=0.000000 | val_blend=0.000000
[2026-08-18 17:53:30] INFO Val horizons | 15min_mae=2.686220 15min_rmse=5.266157 15min_mape=7.868149 | 30min_mae=3.067503 30min_rmse=6.316782 30min_mape=9.567559 | 60min_mae=3.574591 60min_rmse=7.548142 60min_mape=11.739596
[2026-08-18 17:53:39] INFO Epoch 014 | stage=standard | train_total=0.354390 | train_forecast=0.354390 | train_confidence=0.000000 | train_risk=0.000000 | train_blend=0.000000 | val_total=0.331011 | val_mae=3.017697 | val_rmse=6.174362 | val_mape=8.787170 | val_confidence=0.000000 | val_risk=0.000000 | val_blend=0.000000
[2026-08-18 17:53:39] INFO Val horizons | 15min_mae=2.649027 15min_rmse=5.185460 15min_mape=7.210956 | 30min_mae=3.028835 30min_rmse=6.189612 30min_mape=8.729231 | 60min_mae=3.548927 60min_rmse=7.363881 60min_mape=11.082132
[2026-08-18 17:53:39] INFO Checkpoint updated | epoch=14 | stage=standard | best_val_mae=3.017697 | path=C:\Users\clw\projects\researchRep\STAnchor-BlockMemory\artifacts\metrla_stgcn_base_only_fulltrain_seed42_v2\downstream_best.pt
[2026-08-18 17:53:48] INFO Epoch 015 | stage=standard | train_total=0.352330 | train_forecast=0.352330 | train_confidence=0.000000 | train_risk=0.000000 | train_blend=0.000000 | val_total=0.341744 | val_mae=3.154249 | val_rmse=6.332847 | val_mape=9.876141 | val_confidence=0.000000 | val_risk=0.000000 | val_blend=0.000000
[2026-08-18 17:53:48] INFO Val horizons | 15min_mae=2.809184 15min_rmse=5.310195 15min_mape=8.256850 | 30min_mae=3.160998 30min_rmse=6.327952 30min_mape=9.895992 | 60min_mae=3.649445 60min_rmse=7.526208 60min_mape=12.080052
[2026-08-18 17:53:56] INFO Epoch 016 | stage=standard | train_total=0.350383 | train_forecast=0.350383 | train_confidence=0.000000 | train_risk=0.000000 | train_blend=0.000000 | val_total=0.327404 | val_mae=2.970656 | val_rmse=6.154425 | val_mape=8.732876 | val_confidence=0.000000 | val_risk=0.000000 | val_blend=0.000000
[2026-08-18 17:53:56] INFO Val horizons | 15min_mae=2.618699 15min_rmse=5.153400 15min_mape=7.196009 | 30min_mae=2.989173 30min_rmse=6.161599 30min_mape=8.783569 | 60min_mae=3.482129 60min_rmse=7.360878 60min_mape=10.962685
[2026-08-18 17:53:56] INFO Checkpoint updated | epoch=16 | stage=standard | best_val_mae=2.970656 | path=C:\Users\clw\projects\researchRep\STAnchor-BlockMemory\artifacts\metrla_stgcn_base_only_fulltrain_seed42_v2\downstream_best.pt
[2026-08-18 17:54:05] INFO Epoch 017 | stage=standard | train_total=0.349800 | train_forecast=0.349800 | train_confidence=0.000000 | train_risk=0.000000 | train_blend=0.000000 | val_total=0.328703 | val_mae=2.979574 | val_rmse=6.197921 | val_mape=8.921043 | val_confidence=0.000000 | val_risk=0.000000 | val_blend=0.000000
[2026-08-18 17:54:05] INFO Val horizons | 15min_mae=2.626346 15min_rmse=5.183848 15min_mape=7.306322 | 30min_mae=2.995154 30min_rmse=6.206146 30min_mape=8.955352 | 60min_mae=3.486048 60min_rmse=7.401984 60min_mape=11.143258
[2026-08-18 17:54:14] INFO Epoch 018 | stage=standard | train_total=0.348396 | train_forecast=0.348396 | train_confidence=0.000000 | train_risk=0.000000 | train_blend=0.000000 | val_total=0.325180 | val_mae=2.943691 | val_rmse=6.135136 | val_mape=8.540573 | val_confidence=0.000000 | val_risk=0.000000 | val_blend=0.000000
[2026-08-18 17:54:14] INFO Val horizons | 15min_mae=2.599093 15min_rmse=5.144310 15min_mape=7.117595 | 30min_mae=2.953686 30min_rmse=6.138293 30min_mape=8.557953 | 60min_mae=3.452033 60min_rmse=7.338953 60min_mape=10.603863
[2026-08-18 17:54:14] INFO Checkpoint updated | epoch=18 | stage=standard | best_val_mae=2.943691 | path=C:\Users\clw\projects\researchRep\STAnchor-BlockMemory\artifacts\metrla_stgcn_base_only_fulltrain_seed42_v2\downstream_best.pt
[2026-08-18 17:54:22] INFO Epoch 019 | stage=standard | train_total=0.347598 | train_forecast=0.347598 | train_confidence=0.000000 | train_risk=0.000000 | train_blend=0.000000 | val_total=0.338367 | val_mae=3.107836 | val_rmse=6.354674 | val_mape=9.841184 | val_confidence=0.000000 | val_risk=0.000000 | val_blend=0.000000
[2026-08-18 17:54:22] INFO Val horizons | 15min_mae=2.767649 15min_rmse=5.344853 15min_mape=8.252187 | 30min_mae=3.123488 30min_rmse=6.345112 30min_mape=9.795736 | 60min_mae=3.602116 60min_rmse=7.528321 60min_mape=12.116033
[2026-08-18 17:54:31] INFO Epoch 020 | stage=standard | train_total=0.346929 | train_forecast=0.346929 | train_confidence=0.000000 | train_risk=0.000000 | train_blend=0.000000 | val_total=0.331520 | val_mae=3.033983 | val_rmse=6.100491 | val_mape=9.135701 | val_confidence=0.000000 | val_risk=0.000000 | val_blend=0.000000
[2026-08-18 17:54:31] INFO Val horizons | 15min_mae=2.721003 15min_rmse=5.189276 15min_mape=7.829088 | 30min_mae=3.042507 30min_rmse=6.114576 30min_mape=9.160882 | 60min_mae=3.510513 60min_rmse=7.221778 60min_mape=11.010837
[2026-08-18 17:54:40] INFO Epoch 021 | stage=standard | train_total=0.345430 | train_forecast=0.345430 | train_confidence=0.000000 | train_risk=0.000000 | train_blend=0.000000 | val_total=0.326509 | val_mae=2.965257 | val_rmse=6.154828 | val_mape=8.565623 | val_confidence=0.000000 | val_risk=0.000000 | val_blend=0.000000
[2026-08-18 17:54:40] INFO Val horizons | 15min_mae=2.620877 15min_rmse=5.152153 15min_mape=7.144133 | 30min_mae=2.970796 30min_rmse=6.164807 30min_mape=8.581204 | 60min_mae=3.489639 60min_rmse=7.360264 60min_mape=10.633553
[2026-08-18 17:54:48] INFO Epoch 022 | stage=standard | train_total=0.343958 | train_forecast=0.343958 | train_confidence=0.000000 | train_risk=0.000000 | train_blend=0.000000 | val_total=0.326340 | val_mae=2.963118 | val_rmse=6.084527 | val_mape=8.493526 | val_confidence=0.000000 | val_risk=0.000000 | val_blend=0.000000
[2026-08-18 17:54:48] INFO Val horizons | 15min_mae=2.620047 15min_rmse=5.097866 15min_mape=7.129692 | 30min_mae=2.976017 30min_rmse=6.100695 30min_mape=8.498858 | 60min_mae=3.469885 60min_rmse=7.255778 60min_mape=10.564946
[2026-08-18 17:54:57] INFO Epoch 023 | stage=standard | train_total=0.343360 | train_forecast=0.343360 | train_confidence=0.000000 | train_risk=0.000000 | train_blend=0.000000 | val_total=0.330833 | val_mae=3.018528 | val_rmse=6.293335 | val_mape=9.470343 | val_confidence=0.000000 | val_risk=0.000000 | val_blend=0.000000
[2026-08-18 17:54:57] INFO Val horizons | 15min_mae=2.656056 15min_rmse=5.250980 15min_mape=7.751648 | 30min_mae=3.035596 30min_rmse=6.280861 30min_mape=9.500146 | 60min_mae=3.532035 60min_rmse=7.530649 60min_mape=11.843505
[2026-08-18 17:55:06] INFO Epoch 024 | stage=standard | train_total=0.343722 | train_forecast=0.343722 | train_confidence=0.000000 | train_risk=0.000000 | train_blend=0.000000 | val_total=0.325722 | val_mae=2.954150 | val_rmse=6.147142 | val_mape=8.766660 | val_confidence=0.000000 | val_risk=0.000000 | val_blend=0.000000
[2026-08-18 17:55:06] INFO Val horizons | 15min_mae=2.609277 15min_rmse=5.159432 15min_mape=7.167195 | 30min_mae=2.968330 30min_rmse=6.166042 30min_mape=8.799091 | 60min_mae=3.449915 60min_rmse=7.312244 60min_mape=10.956236
[2026-08-18 17:55:14] INFO Epoch 025 | stage=standard | train_total=0.341911 | train_forecast=0.341911 | train_confidence=0.000000 | train_risk=0.000000 | train_blend=0.000000 | val_total=0.323308 | val_mae=2.925638 | val_rmse=6.144923 | val_mape=8.585861 | val_confidence=0.000000 | val_risk=0.000000 | val_blend=0.000000
[2026-08-18 17:55:14] INFO Val horizons | 15min_mae=2.587078 15min_rmse=5.132388 15min_mape=7.076129 | 30min_mae=2.941048 30min_rmse=6.164207 30min_mape=8.618757 | 60min_mae=3.412950 60min_rmse=7.335193 60min_mape=10.713574
[2026-08-18 17:55:14] INFO Checkpoint updated | epoch=25 | stage=standard | best_val_mae=2.925638 | path=C:\Users\clw\projects\researchRep\STAnchor-BlockMemory\artifacts\metrla_stgcn_base_only_fulltrain_seed42_v2\downstream_best.pt
[2026-08-18 17:55:23] INFO Epoch 026 | stage=standard | train_total=0.341391 | train_forecast=0.341391 | train_confidence=0.000000 | train_risk=0.000000 | train_blend=0.000000 | val_total=0.329365 | val_mae=3.007445 | val_rmse=6.162757 | val_mape=9.234653 | val_confidence=0.000000 | val_risk=0.000000 | val_blend=0.000000
[2026-08-18 17:55:23] INFO Val horizons | 15min_mae=2.658499 15min_rmse=5.192035 15min_mape=7.704674 | 30min_mae=3.030279 30min_rmse=6.169429 30min_mape=9.319425 | 60min_mae=3.490821 60min_rmse=7.313241 60min_mape=11.269201
[2026-08-18 17:55:31] INFO Epoch 027 | stage=standard | train_total=0.340597 | train_forecast=0.340597 | train_confidence=0.000000 | train_risk=0.000000 | train_blend=0.000000 | val_total=0.327399 | val_mae=2.977572 | val_rmse=6.146791 | val_mape=9.197558 | val_confidence=0.000000 | val_risk=0.000000 | val_blend=0.000000
[2026-08-18 17:55:31] INFO Val horizons | 15min_mae=2.650198 15min_rmse=5.181044 15min_mape=7.700371 | 30min_mae=2.989153 30min_rmse=6.153769 30min_mape=9.173381 | 60min_mae=3.452485 60min_rmse=7.291873 60min_mape=11.356082
[2026-08-18 17:55:40] INFO Epoch 028 | stage=standard | train_total=0.339822 | train_forecast=0.339822 | train_confidence=0.000000 | train_risk=0.000000 | train_blend=0.000000 | val_total=0.326451 | val_mae=2.973631 | val_rmse=6.115830 | val_mape=9.082758 | val_confidence=0.000000 | val_risk=0.000000 | val_blend=0.000000
[2026-08-18 17:55:40] INFO Val horizons | 15min_mae=2.664976 15min_rmse=5.180629 15min_mape=7.706335 | 30min_mae=2.981180 30min_rmse=6.121639 30min_mape=9.046188 | 60min_mae=3.425456 60min_rmse=7.231032 60min_mape=11.047516
[2026-08-18 17:55:49] INFO Epoch 029 | stage=standard | train_total=0.338950 | train_forecast=0.338950 | train_confidence=0.000000 | train_risk=0.000000 | train_blend=0.000000 | val_total=0.324633 | val_mae=2.943186 | val_rmse=6.082351 | val_mape=8.774102 | val_confidence=0.000000 | val_risk=0.000000 | val_blend=0.000000
[2026-08-18 17:55:49] INFO Val horizons | 15min_mae=2.613649 15min_rmse=5.114831 15min_mape=7.347334 | 30min_mae=2.953706 30min_rmse=6.092627 30min_mape=8.790004 | 60min_mae=3.417029 60min_rmse=7.236843 60min_mape=10.699476
[2026-08-18 17:55:57] INFO Epoch 030 | stage=standard | train_total=0.338509 | train_forecast=0.338509 | train_confidence=0.000000 | train_risk=0.000000 | train_blend=0.000000 | val_total=0.328805 | val_mae=3.002251 | val_rmse=6.226715 | val_mape=9.240936 | val_confidence=0.000000 | val_risk=0.000000 | val_blend=0.000000
[2026-08-18 17:55:57] INFO Val horizons | 15min_mae=2.656839 15min_rmse=5.211770 15min_mape=7.607570 | 30min_mae=3.005911 30min_rmse=6.213208 30min_mape=9.143493 | 60min_mae=3.504481 60min_rmse=7.436663 60min_mape=11.645875
[2026-08-18 17:56:06] INFO Epoch 031 | stage=standard | train_total=0.337788 | train_forecast=0.337788 | train_confidence=0.000000 | train_risk=0.000000 | train_blend=0.000000 | val_total=0.324715 | val_mae=2.946085 | val_rmse=6.109382 | val_mape=8.893791 | val_confidence=0.000000 | val_risk=0.000000 | val_blend=0.000000
[2026-08-18 17:56:06] INFO Val horizons | 15min_mae=2.615479 15min_rmse=5.149160 15min_mape=7.443478 | 30min_mae=2.948413 30min_rmse=6.125416 30min_mape=8.840710 | 60min_mae=3.428490 60min_rmse=7.259102 60min_mape=10.980931
[2026-08-18 17:56:14] INFO Epoch 032 | stage=standard | train_total=0.336879 | train_forecast=0.336879 | train_confidence=0.000000 | train_risk=0.000000 | train_blend=0.000000 | val_total=0.322661 | val_mae=2.916420 | val_rmse=6.069785 | val_mape=8.445241 | val_confidence=0.000000 | val_risk=0.000000 | val_blend=0.000000
[2026-08-18 17:56:14] INFO Val horizons | 15min_mae=2.584877 15min_rmse=5.114223 15min_mape=7.032611 | 30min_mae=2.931771 30min_rmse=6.098914 30min_mape=8.461815 | 60min_mae=3.400706 60min_rmse=7.212971 60min_mape=10.465836
[2026-08-18 17:56:14] INFO Checkpoint updated | epoch=32 | stage=standard | best_val_mae=2.916420 | path=C:\Users\clw\projects\researchRep\STAnchor-BlockMemory\artifacts\metrla_stgcn_base_only_fulltrain_seed42_v2\downstream_best.pt
[2026-08-18 17:56:23] INFO Epoch 033 | stage=standard | train_total=0.336995 | train_forecast=0.336995 | train_confidence=0.000000 | train_risk=0.000000 | train_blend=0.000000 | val_total=0.323094 | val_mae=2.926022 | val_rmse=6.044996 | val_mape=8.301992 | val_confidence=0.000000 | val_risk=0.000000 | val_blend=0.000000
[2026-08-18 17:56:23] INFO Val horizons | 15min_mae=2.598006 15min_rmse=5.087458 15min_mape=7.066029 | 30min_mae=2.937792 30min_rmse=6.074728 30min_mape=8.311008 | 60min_mae=3.406832 60min_rmse=7.183765 60min_mape=10.048114
[2026-08-18 17:56:32] INFO Epoch 034 | stage=standard | train_total=0.336033 | train_forecast=0.336033 | train_confidence=0.000000 | train_risk=0.000000 | train_blend=0.000000 | val_total=0.322512 | val_mae=2.920587 | val_rmse=6.090523 | val_mape=8.663594 | val_confidence=0.000000 | val_risk=0.000000 | val_blend=0.000000
[2026-08-18 17:56:32] INFO Val horizons | 15min_mae=2.608385 15min_rmse=5.127959 15min_mape=7.366900 | 30min_mae=2.933809 30min_rmse=6.097818 30min_mape=8.663349 | 60min_mae=3.385896 60min_rmse=7.249465 60min_mape=10.641547
[2026-08-18 17:56:40] INFO Epoch 035 | stage=standard | train_total=0.335237 | train_forecast=0.335237 | train_confidence=0.000000 | train_risk=0.000000 | train_blend=0.000000 | val_total=0.323596 | val_mae=2.932610 | val_rmse=6.091506 | val_mape=8.513284 | val_confidence=0.000000 | val_risk=0.000000 | val_blend=0.000000
[2026-08-18 17:56:40] INFO Val horizons | 15min_mae=2.612804 15min_rmse=5.135644 15min_mape=7.114953 | 30min_mae=2.949812 30min_rmse=6.124104 30min_mape=8.437182 | 60min_mae=3.411407 60min_rmse=7.225596 60min_mape=10.675707
[2026-08-18 17:56:49] INFO Epoch 036 | stage=standard | train_total=0.334586 | train_forecast=0.334586 | train_confidence=0.000000 | train_risk=0.000000 | train_blend=0.000000 | val_total=0.326360 | val_mae=2.969714 | val_rmse=6.194064 | val_mape=9.205374 | val_confidence=0.000000 | val_risk=0.000000 | val_blend=0.000000
[2026-08-18 17:56:49] INFO Val horizons | 15min_mae=2.648689 15min_rmse=5.232214 15min_mape=7.738776 | 30min_mae=2.996062 30min_rmse=6.207247 30min_mape=9.313432 | 60min_mae=3.426316 60min_rmse=7.324221 60min_mape=11.228195
[2026-08-18 17:56:58] INFO Epoch 037 | stage=standard | train_total=0.334198 | train_forecast=0.334198 | train_confidence=0.000000 | train_risk=0.000000 | train_blend=0.000000 | val_total=0.323398 | val_mae=2.933724 | val_rmse=6.113366 | val_mape=8.778159 | val_confidence=0.000000 | val_risk=0.000000 | val_blend=0.000000
[2026-08-18 17:56:58] INFO Val horizons | 15min_mae=2.608459 15min_rmse=5.131523 15min_mape=7.288779 | 30min_mae=2.945755 30min_rmse=6.129424 30min_mape=8.770177 | 60min_mae=3.403305 60min_rmse=7.267129 60min_mape=10.971347
[2026-08-18 17:57:06] INFO Epoch 038 | stage=standard | train_total=0.333311 | train_forecast=0.333311 | train_confidence=0.000000 | train_risk=0.000000 | train_blend=0.000000 | val_total=0.321677 | val_mae=2.908617 | val_rmse=6.029942 | val_mape=8.484659 | val_confidence=0.000000 | val_risk=0.000000 | val_blend=0.000000
[2026-08-18 17:57:06] INFO Val horizons | 15min_mae=2.587069 15min_rmse=5.107759 15min_mape=7.130002 | 30min_mae=2.924749 30min_rmse=6.070979 30min_mape=8.484447 | 60min_mae=3.375482 60min_rmse=7.117655 60min_mape=10.524629
[2026-08-18 17:57:06] INFO Checkpoint updated | epoch=38 | stage=standard | best_val_mae=2.908617 | path=C:\Users\clw\projects\researchRep\STAnchor-BlockMemory\artifacts\metrla_stgcn_base_only_fulltrain_seed42_v2\downstream_best.pt
[2026-08-18 17:57:15] INFO Epoch 039 | stage=standard | train_total=0.333632 | train_forecast=0.333632 | train_confidence=0.000000 | train_risk=0.000000 | train_blend=0.000000 | val_total=0.322507 | val_mae=2.923739 | val_rmse=6.028489 | val_mape=8.738362 | val_confidence=0.000000 | val_risk=0.000000 | val_blend=0.000000
[2026-08-18 17:57:15] INFO Val horizons | 15min_mae=2.619664 15min_rmse=5.099356 15min_mape=7.401706 | 30min_mae=2.940617 30min_rmse=6.044066 30min_mape=8.717078 | 60min_mae=3.370723 60min_rmse=7.132729 60min_mape=10.704498
[2026-08-18 17:57:24] INFO Epoch 040 | stage=standard | train_total=0.332809 | train_forecast=0.332809 | train_confidence=0.000000 | train_risk=0.000000 | train_blend=0.000000 | val_total=0.323310 | val_mae=2.933600 | val_rmse=6.132492 | val_mape=8.919712 | val_confidence=0.000000 | val_risk=0.000000 | val_blend=0.000000
[2026-08-18 17:57:24] INFO Val horizons | 15min_mae=2.598819 15min_rmse=5.126895 15min_mape=7.282359 | 30min_mae=2.959573 30min_rmse=6.168007 30min_mape=9.024699 | 60min_mae=3.403428 60min_rmse=7.291981 60min_mape=11.156311
[2026-08-18 17:57:33] INFO Epoch 041 | stage=standard | train_total=0.332552 | train_forecast=0.332552 | train_confidence=0.000000 | train_risk=0.000000 | train_blend=0.000000 | val_total=0.322695 | val_mae=2.924528 | val_rmse=6.044204 | val_mape=8.805945 | val_confidence=0.000000 | val_risk=0.000000 | val_blend=0.000000
[2026-08-18 17:57:33] INFO Val horizons | 15min_mae=2.634587 15min_rmse=5.118002 15min_mape=7.494725 | 30min_mae=2.949785 30min_rmse=6.061052 30min_mape=8.917851 | 60min_mae=3.352664 60min_rmse=7.135062 60min_mape=10.664148
[2026-08-18 17:57:41] INFO Epoch 042 | stage=standard | train_total=0.331887 | train_forecast=0.331887 | train_confidence=0.000000 | train_risk=0.000000 | train_blend=0.000000 | val_total=0.323315 | val_mae=2.933742 | val_rmse=6.131514 | val_mape=8.955040 | val_confidence=0.000000 | val_risk=0.000000 | val_blend=0.000000
[2026-08-18 17:57:41] INFO Val horizons | 15min_mae=2.611922 15min_rmse=5.154050 15min_mape=7.400840 | 30min_mae=2.947556 30min_rmse=6.143309 30min_mape=8.945847 | 60min_mae=3.395072 60min_rmse=7.260813 60min_mape=11.153581
[2026-08-18 17:57:50] INFO Epoch 043 | stage=standard | train_total=0.331180 | train_forecast=0.331180 | train_confidence=0.000000 | train_risk=0.000000 | train_blend=0.000000 | val_total=0.321637 | val_mae=2.913082 | val_rmse=6.036462 | val_mape=8.478894 | val_confidence=0.000000 | val_risk=0.000000 | val_blend=0.000000
[2026-08-18 17:57:50] INFO Val horizons | 15min_mae=2.584211 15min_rmse=5.077159 15min_mape=7.071095 | 30min_mae=2.931733 30min_rmse=6.060555 30min_mape=8.557386 | 60min_mae=3.374945 60min_rmse=7.169717 60min_mape=10.301780
[2026-08-18 17:57:59] INFO Epoch 044 | stage=standard | train_total=0.330714 | train_forecast=0.330714 | train_confidence=0.000000 | train_risk=0.000000 | train_blend=0.000000 | val_total=0.321451 | val_mae=2.914647 | val_rmse=6.098318 | val_mape=8.628591 | val_confidence=0.000000 | val_risk=0.000000 | val_blend=0.000000
[2026-08-18 17:57:59] INFO Val horizons | 15min_mae=2.601848 15min_rmse=5.131164 15min_mape=7.173119 | 30min_mae=2.943467 30min_rmse=6.134277 30min_mape=8.785610 | 60min_mae=3.348595 60min_rmse=7.180593 60min_mape=10.535156
[2026-08-18 17:58:07] INFO Epoch 045 | stage=standard | train_total=0.330679 | train_forecast=0.330679 | train_confidence=0.000000 | train_risk=0.000000 | train_blend=0.000000 | val_total=0.323289 | val_mae=2.928087 | val_rmse=6.113321 | val_mape=8.887234 | val_confidence=0.000000 | val_risk=0.000000 | val_blend=0.000000
[2026-08-18 17:58:07] INFO Val horizons | 15min_mae=2.618782 15min_rmse=5.154860 15min_mape=7.513555 | 30min_mae=2.930808 30min_rmse=6.107523 30min_mape=8.801507 | 60min_mae=3.377758 60min_rmse=7.245858 60min_mape=10.843734
[2026-08-18 17:58:16] INFO Epoch 046 | stage=standard | train_total=0.329964 | train_forecast=0.329964 | train_confidence=0.000000 | train_risk=0.000000 | train_blend=0.000000 | val_total=0.324728 | val_mae=2.951260 | val_rmse=6.131377 | val_mape=9.009761 | val_confidence=0.000000 | val_risk=0.000000 | val_blend=0.000000
[2026-08-18 17:58:16] INFO Val horizons | 15min_mae=2.640163 15min_rmse=5.172507 15min_mape=7.632509 | 30min_mae=2.977914 30min_rmse=6.169457 30min_mape=9.081311 | 60min_mae=3.388594 60min_rmse=7.205790 60min_mape=10.925894
[2026-08-18 17:58:24] INFO Epoch 047 | stage=standard | train_total=0.330510 | train_forecast=0.330510 | train_confidence=0.000000 | train_risk=0.000000 | train_blend=0.000000 | val_total=0.324675 | val_mae=2.945244 | val_rmse=6.160753 | val_mape=9.020579 | val_confidence=0.000000 | val_risk=0.000000 | val_blend=0.000000
[2026-08-18 17:58:24] INFO Val horizons | 15min_mae=2.619791 15min_rmse=5.169986 15min_mape=7.497399 | 30min_mae=2.967460 30min_rmse=6.197372 30min_mape=9.096212 | 60min_mae=3.388222 60min_rmse=7.274842 60min_mape=10.979169
[2026-08-18 17:58:33] INFO Epoch 048 | stage=standard | train_total=0.329221 | train_forecast=0.329221 | train_confidence=0.000000 | train_risk=0.000000 | train_blend=0.000000 | val_total=0.323034 | val_mae=2.934067 | val_rmse=6.118761 | val_mape=8.719336 | val_confidence=0.000000 | val_risk=0.000000 | val_blend=0.000000
[2026-08-18 17:58:33] INFO Val horizons | 15min_mae=2.606344 15min_rmse=5.141650 15min_mape=7.205911 | 30min_mae=2.950263 30min_rmse=6.156713 30min_mape=8.738182 | 60min_mae=3.399826 60min_rmse=7.218869 60min_mape=10.814554
[2026-08-18 17:58:33] INFO Stage early stopping | epoch=48 | stage=standard | stale_epochs=10 | best_val_mae=2.908617
[2026-08-18 17:58:33] INFO Downstream training finished | best_val_mae=2.908617 | checkpoint=C:\Users\clw\projects\researchRep\STAnchor-BlockMemory\artifacts\metrla_stgcn_base_only_fulltrain_seed42_v2\downstream_best.pt
