[2026-09-02 13:16:19] INFO Downstream start | run=convergence\formal_20260902_physical_mae_router_gwn_seed42 | device=cuda:0 (requested=cuda:0) | seed=42 | output=C:\Users\clw\projects\researchRep\STAnchor-BlockMemory\artifacts\convergence\formal_20260902_physical_mae_router_gwn_seed42
[2026-09-02 13:16:19] INFO Mode | downstream_mode=learned_topk_error_aware | training_protocol=posthoc_frozen_base | candidate_protocol=weekday_radius1_overlap
[2026-09-02 13:16:19] INFO Downstream initialization | seed=42 | state_hash=49bd33fb8bf47c41
[2026-09-02 13:16:19] INFO Frozen base | checkpoint=C:\Users\clw\projects\researchRep\STAnchor-BlockMemory\artifacts\convergence\downstream_tgge_v3_matched_fulltrain_queue\downstream_tgge_v3_graphwavenet_base_only_fulltrain_seed42\downstream_best.pt | fingerprint=7833628cfbf8cde5
[2026-09-02 13:16:19] INFO Data | steps=34272 | nodes=207 | channels=1 | training_scope=full_train | memory/post_memory/train_selected/val/test=15876/6805/22681/2993/6025
[2026-09-02 13:16:19] INFO Bank/retrieval | dataset=METR-LA | events=15876 | nodes=207 | retrieval_dim=64 | event_top_r=32 | node_top_k=12 | key_dtype=float16
[2026-09-02 13:16:19] INFO Parameters | downstream_total=1,189,330 | downstream_trainable=879,693 | backbone=0 | confidence_head=0 | fusion=0 | frozen_pretrained=958,704
[2026-09-02 13:16:19] INFO Optimization | epochs=50 | batch_size=32 | optimizer=adam | lr=0.0005 | weight_decay=0.0001 | scheduler=step_lr | step_size=10 | gamma=0.500 | confidence_weight=0.000 | patience=20 | early_stopping=disabled
[2026-09-02 13:16:20] INFO Stage start | stage=posthoc_calibrator | epochs=50 | optimizer_lrs=[0.0005]
[2026-09-02 13:22:18] INFO Epoch 001 | stage=posthoc_calibrator | train_total=2.880290 | train_forecast=2.880290 | train_confidence=0.000000 | train_risk=0.000000 | train_blend=0.000000 | val_total=2.837745 | val_mae=2.835498 | val_rmse=5.815465 | val_mape=7.852748 | val_confidence=0.000000 | val_risk=0.000000 | val_blend=0.000000 | batches=709/94 | seconds=357.74 | lr=[0.0005] | cuda_peak_mb=3485.3
[2026-09-02 13:22:18] INFO Val horizons | 15min_mae=2.527212 15min_rmse=4.873661 15min_mape=6.693283 | 30min_mae=2.861326 30min_rmse=5.792724 30min_mape=7.996824 | 60min_mae=3.290329 60min_rmse=6.996821 60min_mape=9.449689
[2026-09-02 13:22:18] INFO Checkpoint updated | epoch=1 | stage=posthoc_calibrator | best_val_mae=2.835498 | path=C:\Users\clw\projects\researchRep\STAnchor-BlockMemory\artifacts\convergence\formal_20260902_physical_mae_router_gwn_seed42\downstream_best.pt
[2026-09-02 13:23:23] INFO Epoch 002 | stage=posthoc_calibrator | train_total=2.853268 | train_forecast=2.853268 | train_confidence=0.000000 | train_risk=0.000000 | train_blend=0.000000 | val_total=2.829812 | val_mae=2.827503 | val_rmse=5.789127 | val_mape=7.930293 | val_confidence=0.000000 | val_risk=0.000000 | val_blend=0.000000 | batches=709/94 | seconds=64.88 | lr=[0.0005] | cuda_peak_mb=1421.0
[2026-09-02 13:23:23] INFO Val horizons | 15min_mae=2.515878 15min_rmse=4.877077 15min_mape=6.663955 | 30min_mae=2.851255 30min_rmse=5.774366 30min_mape=8.032489 | 60min_mae=3.285161 60min_rmse=6.940428 60min_mape=9.696832
[2026-09-02 13:23:23] INFO Checkpoint updated | epoch=2 | stage=posthoc_calibrator | best_val_mae=2.827503 | path=C:\Users\clw\projects\researchRep\STAnchor-BlockMemory\artifacts\convergence\formal_20260902_physical_mae_router_gwn_seed42\downstream_best.pt
[2026-09-02 13:24:28] INFO Epoch 003 | stage=posthoc_calibrator | train_total=2.847942 | train_forecast=2.847942 | train_confidence=0.000000 | train_risk=0.000000 | train_blend=0.000000 | val_total=2.807422 | val_mae=2.804755 | val_rmse=5.767326 | val_mape=7.971045 | val_confidence=0.000000 | val_risk=0.000000 | val_blend=0.000000 | batches=709/94 | seconds=64.76 | lr=[0.0005] | cuda_peak_mb=1421.7
[2026-09-02 13:24:28] INFO Val horizons | 15min_mae=2.513542 15min_rmse=4.877355 15min_mape=6.709027 | 30min_mae=2.839963 30min_rmse=5.783732 30min_mape=8.119339 | 60min_mae=3.223201 60min_rmse=6.847309 60min_mape=9.665112
[2026-09-02 13:24:28] INFO Checkpoint updated | epoch=3 | stage=posthoc_calibrator | best_val_mae=2.804755 | path=C:\Users\clw\projects\researchRep\STAnchor-BlockMemory\artifacts\convergence\formal_20260902_physical_mae_router_gwn_seed42\downstream_best.pt
[2026-09-02 13:25:32] INFO Epoch 004 | stage=posthoc_calibrator | train_total=2.844559 | train_forecast=2.844559 | train_confidence=0.000000 | train_risk=0.000000 | train_blend=0.000000 | val_total=2.806255 | val_mae=2.803702 | val_rmse=5.750560 | val_mape=7.789402 | val_confidence=0.000000 | val_risk=0.000000 | val_blend=0.000000 | batches=709/94 | seconds=64.64 | lr=[0.0005] | cuda_peak_mb=1422.0
[2026-09-02 13:25:32] INFO Val horizons | 15min_mae=2.510451 15min_rmse=4.862574 15min_mape=6.591836 | 30min_mae=2.835950 30min_rmse=5.758844 30min_mape=7.884447 | 60min_mae=3.231251 60min_rmse=6.852962 60min_mape=9.485277
[2026-09-02 13:25:33] INFO Checkpoint updated | epoch=4 | stage=posthoc_calibrator | best_val_mae=2.803702 | path=C:\Users\clw\projects\researchRep\STAnchor-BlockMemory\artifacts\convergence\formal_20260902_physical_mae_router_gwn_seed42\downstream_best.pt
[2026-09-02 13:26:37] INFO Epoch 005 | stage=posthoc_calibrator | train_total=2.842120 | train_forecast=2.842120 | train_confidence=0.000000 | train_risk=0.000000 | train_blend=0.000000 | val_total=2.793935 | val_mae=2.791136 | val_rmse=5.774273 | val_mape=7.847524 | val_confidence=0.000000 | val_risk=0.000000 | val_blend=0.000000 | batches=709/94 | seconds=64.67 | lr=[0.0005] | cuda_peak_mb=1421.3
[2026-09-02 13:26:37] INFO Val horizons | 15min_mae=2.501402 15min_rmse=4.877750 15min_mape=6.625177 | 30min_mae=2.817577 30min_rmse=5.778406 30min_mape=7.985329 | 60min_mae=3.217283 60min_rmse=6.881243 60min_mape=9.495270
[2026-09-02 13:26:37] INFO Checkpoint updated | epoch=5 | stage=posthoc_calibrator | best_val_mae=2.791136 | path=C:\Users\clw\projects\researchRep\STAnchor-BlockMemory\artifacts\convergence\formal_20260902_physical_mae_router_gwn_seed42\downstream_best.pt
[2026-09-02 13:27:42] INFO Epoch 006 | stage=posthoc_calibrator | train_total=2.839225 | train_forecast=2.839225 | train_confidence=0.000000 | train_risk=0.000000 | train_blend=0.000000 | val_total=2.816628 | val_mae=2.814167 | val_rmse=5.773228 | val_mape=7.929388 | val_confidence=0.000000 | val_risk=0.000000 | val_blend=0.000000 | batches=709/94 | seconds=64.88 | lr=[0.0005] | cuda_peak_mb=1420.4
[2026-09-02 13:27:42] INFO Val horizons | 15min_mae=2.507275 15min_rmse=4.861713 15min_mape=6.644389 | 30min_mae=2.834884 30min_rmse=5.749204 30min_mape=8.018205 | 60min_mae=3.264056 60min_rmse=6.922471 60min_mape=9.716499
[2026-09-02 13:28:47] INFO Epoch 007 | stage=posthoc_calibrator | train_total=2.837134 | train_forecast=2.837134 | train_confidence=0.000000 | train_risk=0.000000 | train_blend=0.000000 | val_total=2.811777 | val_mae=2.809186 | val_rmse=5.784510 | val_mape=7.991182 | val_confidence=0.000000 | val_risk=0.000000 | val_blend=0.000000 | batches=709/94 | seconds=64.75 | lr=[0.0005] | cuda_peak_mb=1422.8
[2026-09-02 13:28:47] INFO Val horizons | 15min_mae=2.507526 15min_rmse=4.867242 15min_mape=6.628586 | 30min_mae=2.835520 30min_rmse=5.779199 30min_mape=8.103887 | 60min_mae=3.250794 60min_rmse=6.917250 60min_mape=9.818444
[2026-09-02 13:29:52] INFO Epoch 008 | stage=posthoc_calibrator | train_total=2.835177 | train_forecast=2.835177 | train_confidence=0.000000 | train_risk=0.000000 | train_blend=0.000000 | val_total=2.794148 | val_mae=2.791326 | val_rmse=5.756629 | val_mape=7.826599 | val_confidence=0.000000 | val_risk=0.000000 | val_blend=0.000000 | batches=709/94 | seconds=64.69 | lr=[0.0005] | cuda_peak_mb=1421.3
[2026-09-02 13:29:52] INFO Val horizons | 15min_mae=2.495064 15min_rmse=4.868804 15min_mape=6.563839 | 30min_mae=2.812182 30min_rmse=5.754304 30min_mape=7.929850 | 60min_mae=3.233467 60min_rmse=6.872934 60min_mape=9.560017
[2026-09-02 13:30:56] INFO Epoch 009 | stage=posthoc_calibrator | train_total=2.834352 | train_forecast=2.834352 | train_confidence=0.000000 | train_risk=0.000000 | train_blend=0.000000 | val_total=2.812519 | val_mae=2.809898 | val_rmse=5.766331 | val_mape=7.870293 | val_confidence=0.000000 | val_risk=0.000000 | val_blend=0.000000 | batches=709/94 | seconds=64.78 | lr=[0.0005] | cuda_peak_mb=1421.0
[2026-09-02 13:30:56] INFO Val horizons | 15min_mae=2.503267 15min_rmse=4.853560 15min_mape=6.576175 | 30min_mae=2.835381 30min_rmse=5.745444 30min_mape=7.955441 | 60min_mae=3.255916 60min_rmse=6.920724 60min_mape=9.682121
[2026-09-02 13:32:01] INFO Epoch 010 | stage=posthoc_calibrator | train_total=2.833706 | train_forecast=2.833706 | train_confidence=0.000000 | train_risk=0.000000 | train_blend=0.000000 | val_total=2.797541 | val_mae=2.794695 | val_rmse=5.752101 | val_mape=7.848519 | val_confidence=0.000000 | val_risk=0.000000 | val_blend=0.000000 | batches=709/94 | seconds=64.63 | lr=[0.0005] | cuda_peak_mb=1421.0
[2026-09-02 13:32:01] INFO Val horizons | 15min_mae=2.495978 15min_rmse=4.856982 15min_mape=6.592837 | 30min_mae=2.814247 30min_rmse=5.737704 30min_mape=7.941687 | 60min_mae=3.242937 60min_rmse=6.894214 60min_mape=9.598332
[2026-09-02 13:33:06] INFO Epoch 011 | stage=posthoc_calibrator | train_total=2.829395 | train_forecast=2.829395 | train_confidence=0.000000 | train_risk=0.000000 | train_blend=0.000000 | val_total=2.806953 | val_mae=2.804321 | val_rmse=5.788301 | val_mape=7.889065 | val_confidence=0.000000 | val_risk=0.000000 | val_blend=0.000000 | batches=709/94 | seconds=64.72 | lr=[0.00025] | cuda_peak_mb=1421.0
[2026-09-02 13:33:06] INFO Val horizons | 15min_mae=2.498057 15min_rmse=4.862790 15min_mape=6.566144 | 30min_mae=2.821949 30min_rmse=5.762573 30min_mape=7.962527 | 60min_mae=3.259110 60min_rmse=6.953944 60min_mape=9.734851
[2026-09-02 13:34:10] INFO Epoch 012 | stage=posthoc_calibrator | train_total=2.829453 | train_forecast=2.829453 | train_confidence=0.000000 | train_risk=0.000000 | train_blend=0.000000 | val_total=2.802320 | val_mae=2.799661 | val_rmse=5.773400 | val_mape=7.820743 | val_confidence=0.000000 | val_risk=0.000000 | val_blend=0.000000 | batches=709/94 | seconds=64.74 | lr=[0.00025] | cuda_peak_mb=1420.7
[2026-09-02 13:34:10] INFO Val horizons | 15min_mae=2.498717 15min_rmse=4.857433 15min_mape=6.548939 | 30min_mae=2.822150 30min_rmse=5.758559 30min_mape=7.912445 | 60min_mae=3.241416 60min_rmse=6.919564 60min_mape=9.581165
[2026-09-02 13:35:15] INFO Epoch 013 | stage=posthoc_calibrator | train_total=2.828410 | train_forecast=2.828410 | train_confidence=0.000000 | train_risk=0.000000 | train_blend=0.000000 | val_total=2.823589 | val_mae=2.821263 | val_rmse=5.829666 | val_mape=7.870061 | val_confidence=0.000000 | val_risk=0.000000 | val_blend=0.000000 | batches=709/94 | seconds=64.70 | lr=[0.00025] | cuda_peak_mb=1421.3
[2026-09-02 13:35:15] INFO Val horizons | 15min_mae=2.500538 15min_rmse=4.864893 15min_mape=6.603050 | 30min_mae=2.838510 30min_rmse=5.798592 30min_mape=7.993259 | 60min_mae=3.289027 60min_rmse=7.017688 60min_mape=9.578432
[2026-09-02 13:36:20] INFO Epoch 014 | stage=posthoc_calibrator | train_total=2.828649 | train_forecast=2.828649 | train_confidence=0.000000 | train_risk=0.000000 | train_blend=0.000000 | val_total=2.802415 | val_mae=2.799724 | val_rmse=5.763389 | val_mape=7.871652 | val_confidence=0.000000 | val_risk=0.000000 | val_blend=0.000000 | batches=709/94 | seconds=64.73 | lr=[0.00025] | cuda_peak_mb=1421.0
[2026-09-02 13:36:20] INFO Val horizons | 15min_mae=2.499093 15min_rmse=4.856362 15min_mape=6.570367 | 30min_mae=2.825010 30min_rmse=5.746073 30min_mape=7.950205 | 60min_mae=3.239962 60min_rmse=6.908407 60min_mape=9.684906
[2026-09-02 13:37:25] INFO Epoch 015 | stage=posthoc_calibrator | train_total=2.827413 | train_forecast=2.827413 | train_confidence=0.000000 | train_risk=0.000000 | train_blend=0.000000 | val_total=2.822106 | val_mae=2.819747 | val_rmse=5.803053 | val_mape=7.755587 | val_confidence=0.000000 | val_risk=0.000000 | val_blend=0.000000 | batches=709/94 | seconds=64.79 | lr=[0.00025] | cuda_peak_mb=1422.2
[2026-09-02 13:37:25] INFO Val horizons | 15min_mae=2.510305 15min_rmse=4.865779 15min_mape=6.499929 | 30min_mae=2.847641 30min_rmse=5.789714 30min_mape=7.828011 | 60min_mae=3.265051 60min_rmse=6.958291 60min_mape=9.523762
[2026-09-02 13:38:29] INFO Epoch 016 | stage=posthoc_calibrator | train_total=2.827280 | train_forecast=2.827280 | train_confidence=0.000000 | train_risk=0.000000 | train_blend=0.000000 | val_total=2.807228 | val_mae=2.804589 | val_rmse=5.789999 | val_mape=7.881220 | val_confidence=0.000000 | val_risk=0.000000 | val_blend=0.000000 | batches=709/94 | seconds=64.68 | lr=[0.00025] | cuda_peak_mb=1421.7
[2026-09-02 13:38:29] INFO Val horizons | 15min_mae=2.499125 15min_rmse=4.865814 15min_mape=6.584869 | 30min_mae=2.831626 30min_rmse=5.780042 30min_mape=7.994941 | 60min_mae=3.249771 60min_rmse=6.933962 60min_mape=9.638628
[2026-09-02 13:39:34] INFO Epoch 017 | stage=posthoc_calibrator | train_total=2.826944 | train_forecast=2.826944 | train_confidence=0.000000 | train_risk=0.000000 | train_blend=0.000000 | val_total=2.799706 | val_mae=2.797043 | val_rmse=5.772831 | val_mape=7.782463 | val_confidence=0.000000 | val_risk=0.000000 | val_blend=0.000000 | batches=709/94 | seconds=64.75 | lr=[0.00025] | cuda_peak_mb=1420.7
[2026-09-02 13:39:34] INFO Val horizons | 15min_mae=2.495075 15min_rmse=4.861722 15min_mape=6.517350 | 30min_mae=2.817751 30min_rmse=5.757776 30min_mape=7.874272 | 60min_mae=3.245593 60min_rmse=6.918379 60min_mape=9.545616
[2026-09-02 13:40:39] INFO Epoch 018 | stage=posthoc_calibrator | train_total=2.826395 | train_forecast=2.826395 | train_confidence=0.000000 | train_risk=0.000000 | train_blend=0.000000 | val_total=2.792076 | val_mae=2.789273 | val_rmse=5.756679 | val_mape=7.794522 | val_confidence=0.000000 | val_risk=0.000000 | val_blend=0.000000 | batches=709/94 | seconds=64.74 | lr=[0.00025] | cuda_peak_mb=1420.7
[2026-09-02 13:40:39] INFO Val horizons | 15min_mae=2.492941 15min_rmse=4.857013 15min_mape=6.538201 | 30min_mae=2.810819 30min_rmse=5.745999 30min_mape=7.862747 | 60min_mae=3.229782 60min_rmse=6.898921 60min_mape=9.602913
[2026-09-02 13:40:39] INFO Checkpoint updated | epoch=18 | stage=posthoc_calibrator | best_val_mae=2.789273 | path=C:\Users\clw\projects\researchRep\STAnchor-BlockMemory\artifacts\convergence\formal_20260902_physical_mae_router_gwn_seed42\downstream_best.pt
[2026-09-02 13:41:44] INFO Epoch 019 | stage=posthoc_calibrator | train_total=2.826157 | train_forecast=2.826157 | train_confidence=0.000000 | train_risk=0.000000 | train_blend=0.000000 | val_total=2.806568 | val_mae=2.803939 | val_rmse=5.781950 | val_mape=7.835881 | val_confidence=0.000000 | val_risk=0.000000 | val_blend=0.000000 | batches=709/94 | seconds=64.69 | lr=[0.00025] | cuda_peak_mb=1422.2
[2026-09-02 13:41:44] INFO Val horizons | 15min_mae=2.496501 15min_rmse=4.851547 15min_mape=6.559604 | 30min_mae=2.826370 30min_rmse=5.760595 30min_mape=7.925490 | 60min_mae=3.248917 60min_rmse=6.934090 60min_mape=9.595264
[2026-09-02 13:42:48] INFO Epoch 020 | stage=posthoc_calibrator | train_total=2.825673 | train_forecast=2.825673 | train_confidence=0.000000 | train_risk=0.000000 | train_blend=0.000000 | val_total=2.816084 | val_mae=2.813659 | val_rmse=5.806371 | val_mape=7.801481 | val_confidence=0.000000 | val_risk=0.000000 | val_blend=0.000000 | batches=709/94 | seconds=64.64 | lr=[0.00025] | cuda_peak_mb=1421.6
[2026-09-02 13:42:48] INFO Val horizons | 15min_mae=2.503119 15min_rmse=4.862804 15min_mape=6.519249 | 30min_mae=2.838612 30min_rmse=5.790792 30min_mape=7.854929 | 60min_mae=3.261388 60min_rmse=6.963215 60min_mape=9.620319
[2026-09-02 13:43:53] INFO Epoch 021 | stage=posthoc_calibrator | train_total=2.823903 | train_forecast=2.823903 | train_confidence=0.000000 | train_risk=0.000000 | train_blend=0.000000 | val_total=2.803793 | val_mae=2.801137 | val_rmse=5.770678 | val_mape=7.810530 | val_confidence=0.000000 | val_risk=0.000000 | val_blend=0.000000 | batches=709/94 | seconds=64.91 | lr=[0.000125] | cuda_peak_mb=1420.7
[2026-09-02 13:43:53] INFO Val horizons | 15min_mae=2.495247 15min_rmse=4.854158 15min_mape=6.529790 | 30min_mae=2.822043 30min_rmse=5.754366 30min_mape=7.897499 | 60min_mae=3.250887 60min_rmse=6.918572 60min_mape=9.586767
[2026-09-02 13:44:58] INFO Epoch 022 | stage=posthoc_calibrator | train_total=2.823220 | train_forecast=2.823220 | train_confidence=0.000000 | train_risk=0.000000 | train_blend=0.000000 | val_total=2.798755 | val_mae=2.796091 | val_rmse=5.788927 | val_mape=7.812408 | val_confidence=0.000000 | val_risk=0.000000 | val_blend=0.000000 | batches=709/94 | seconds=64.74 | lr=[0.000125] | cuda_peak_mb=1420.7
[2026-09-02 13:44:58] INFO Val horizons | 15min_mae=2.493446 15min_rmse=4.858517 15min_mape=6.544282 | 30min_mae=2.818536 30min_rmse=5.772388 30min_mape=7.909914 | 60min_mae=3.240047 60min_rmse=6.947961 60min_mape=9.570421
[2026-09-02 13:46:03] INFO Epoch 023 | stage=posthoc_calibrator | train_total=2.823416 | train_forecast=2.823416 | train_confidence=0.000000 | train_risk=0.000000 | train_blend=0.000000 | val_total=2.808472 | val_mae=2.805873 | val_rmse=5.789678 | val_mape=7.844483 | val_confidence=0.000000 | val_risk=0.000000 | val_blend=0.000000 | batches=709/94 | seconds=64.72 | lr=[0.000125] | cuda_peak_mb=1422.2
[2026-09-02 13:46:03] INFO Val horizons | 15min_mae=2.498228 15min_rmse=4.853595 15min_mape=6.550236 | 30min_mae=2.828792 30min_rmse=5.771309 30min_mape=7.931100 | 60min_mae=3.255784 60min_rmse=6.950502 60min_mape=9.634414
[2026-09-02 13:47:07] INFO Epoch 024 | stage=posthoc_calibrator | train_total=2.822923 | train_forecast=2.822923 | train_confidence=0.000000 | train_risk=0.000000 | train_blend=0.000000 | val_total=2.811122 | val_mae=2.808554 | val_rmse=5.781818 | val_mape=7.827848 | val_confidence=0.000000 | val_risk=0.000000 | val_blend=0.000000 | batches=709/94 | seconds=64.73 | lr=[0.000125] | cuda_peak_mb=1421.3
[2026-09-02 13:47:07] INFO Val horizons | 15min_mae=2.497653 15min_rmse=4.852816 15min_mape=6.537200 | 30min_mae=2.830298 30min_rmse=5.765186 30min_mape=7.919763 | 60min_mae=3.265287 60min_rmse=6.947444 60min_mape=9.622878
[2026-09-02 13:48:12] INFO Epoch 025 | stage=posthoc_calibrator | train_total=2.823011 | train_forecast=2.823011 | train_confidence=0.000000 | train_risk=0.000000 | train_blend=0.000000 | val_total=2.815923 | val_mae=2.813363 | val_rmse=5.810873 | val_mape=7.939457 | val_confidence=0.000000 | val_risk=0.000000 | val_blend=0.000000 | batches=709/94 | seconds=64.63 | lr=[0.000125] | cuda_peak_mb=1421.6
[2026-09-02 13:48:12] INFO Val horizons | 15min_mae=2.497710 15min_rmse=4.865954 15min_mape=6.596703 | 30min_mae=2.828902 30min_rmse=5.781109 30min_mape=8.005695 | 60min_mae=3.277725 60min_rmse=6.989210 60min_mape=9.830605
[2026-09-02 13:49:17] INFO Epoch 026 | stage=posthoc_calibrator | train_total=2.822694 | train_forecast=2.822694 | train_confidence=0.000000 | train_risk=0.000000 | train_blend=0.000000 | val_total=2.812702 | val_mae=2.810159 | val_rmse=5.801420 | val_mape=7.894642 | val_confidence=0.000000 | val_risk=0.000000 | val_blend=0.000000 | batches=709/94 | seconds=64.72 | lr=[0.000125] | cuda_peak_mb=1421.0
[2026-09-02 13:49:17] INFO Val horizons | 15min_mae=2.498681 15min_rmse=4.851932 15min_mape=6.541368 | 30min_mae=2.832095 30min_rmse=5.779266 30min_mape=7.962981 | 60min_mae=3.266932 60min_rmse=6.976549 60min_mape=9.778427
[2026-09-02 13:50:21] INFO Epoch 027 | stage=posthoc_calibrator | train_total=2.822021 | train_forecast=2.822021 | train_confidence=0.000000 | train_risk=0.000000 | train_blend=0.000000 | val_total=2.811922 | val_mae=2.809324 | val_rmse=5.808590 | val_mape=7.920037 | val_confidence=0.000000 | val_risk=0.000000 | val_blend=0.000000 | batches=709/94 | seconds=64.72 | lr=[0.000125] | cuda_peak_mb=1422.2
[2026-09-02 13:50:21] INFO Val horizons | 15min_mae=2.497463 15min_rmse=4.859597 15min_mape=6.574920 | 30min_mae=2.832276 30min_rmse=5.792562 30min_mape=8.005057 | 60min_mae=3.261024 60min_rmse=6.971989 60min_mape=9.771975
[2026-09-02 13:51:26] INFO Epoch 028 | stage=posthoc_calibrator | train_total=2.822321 | train_forecast=2.822321 | train_confidence=0.000000 | train_risk=0.000000 | train_blend=0.000000 | val_total=2.811780 | val_mae=2.809293 | val_rmse=5.797330 | val_mape=7.762352 | val_confidence=0.000000 | val_risk=0.000000 | val_blend=0.000000 | batches=709/94 | seconds=64.66 | lr=[0.000125] | cuda_peak_mb=1421.7
[2026-09-02 13:51:26] INFO Val horizons | 15min_mae=2.496898 15min_rmse=4.853900 15min_mape=6.517829 | 30min_mae=2.830312 30min_rmse=5.779673 30min_mape=7.832340 | 60min_mae=3.266453 60min_rmse=6.959183 60min_mape=9.522925
[2026-09-02 13:52:31] INFO Epoch 029 | stage=posthoc_calibrator | train_total=2.822259 | train_forecast=2.822259 | train_confidence=0.000000 | train_risk=0.000000 | train_blend=0.000000 | val_total=2.808421 | val_mae=2.805821 | val_rmse=5.787812 | val_mape=7.835608 | val_confidence=0.000000 | val_risk=0.000000 | val_blend=0.000000 | batches=709/94 | seconds=64.66 | lr=[0.000125] | cuda_peak_mb=1420.7
[2026-09-02 13:52:31] INFO Val horizons | 15min_mae=2.496438 15min_rmse=4.854061 15min_mape=6.552792 | 30min_mae=2.828501 30min_rmse=5.770648 30min_mape=7.924010 | 60min_mae=3.253893 60min_rmse=6.942651 60min_mape=9.628071
[2026-09-02 13:53:35] INFO Epoch 030 | stage=posthoc_calibrator | train_total=2.821712 | train_forecast=2.821712 | train_confidence=0.000000 | train_risk=0.000000 | train_blend=0.000000 | val_total=2.802409 | val_mae=2.799728 | val_rmse=5.762594 | val_mape=7.810289 | val_confidence=0.000000 | val_risk=0.000000 | val_blend=0.000000 | batches=709/94 | seconds=64.65 | lr=[0.000125] | cuda_peak_mb=1422.2
[2026-09-02 13:53:35] INFO Val horizons | 15min_mae=2.494522 15min_rmse=4.852696 15min_mape=6.544678 | 30min_mae=2.821146 30min_rmse=5.750842 30min_mape=7.909230 | 60min_mae=3.246167 60min_rmse=6.895430 60min_mape=9.560118
[2026-09-02 13:54:40] INFO Epoch 031 | stage=posthoc_calibrator | train_total=2.820424 | train_forecast=2.820424 | train_confidence=0.000000 | train_risk=0.000000 | train_blend=0.000000 | val_total=2.803517 | val_mae=2.800839 | val_rmse=5.786440 | val_mape=7.861049 | val_confidence=0.000000 | val_risk=0.000000 | val_blend=0.000000 | batches=709/94 | seconds=64.70 | lr=[6.25e-05] | cuda_peak_mb=1421.1
[2026-09-02 13:54:40] INFO Val horizons | 15min_mae=2.494325 15min_rmse=4.855839 15min_mape=6.564359 | 30min_mae=2.822872 30min_rmse=5.771883 30min_mape=7.955554 | 60min_mae=3.248455 60min_rmse=6.938289 60min_mape=9.658420
[2026-09-02 13:55:45] INFO Epoch 032 | stage=posthoc_calibrator | train_total=2.820454 | train_forecast=2.820454 | train_confidence=0.000000 | train_risk=0.000000 | train_blend=0.000000 | val_total=2.809727 | val_mae=2.807138 | val_rmse=5.793112 | val_mape=7.874408 | val_confidence=0.000000 | val_risk=0.000000 | val_blend=0.000000 | batches=709/94 | seconds=64.70 | lr=[6.25e-05] | cuda_peak_mb=1420.7
[2026-09-02 13:55:45] INFO Val horizons | 15min_mae=2.497059 15min_rmse=4.855943 15min_mape=6.558001 | 30min_mae=2.830896 30min_rmse=5.778077 30min_mape=7.958951 | 60min_mae=3.258304 60min_rmse=6.954319 60min_mape=9.715695
[2026-09-02 13:56:49] INFO Epoch 033 | stage=posthoc_calibrator | train_total=2.820328 | train_forecast=2.820328 | train_confidence=0.000000 | train_risk=0.000000 | train_blend=0.000000 | val_total=2.797561 | val_mae=2.794849 | val_rmse=5.760374 | val_mape=7.786031 | val_confidence=0.000000 | val_risk=0.000000 | val_blend=0.000000 | batches=709/94 | seconds=64.60 | lr=[6.25e-05] | cuda_peak_mb=1420.7
[2026-09-02 13:56:49] INFO Val horizons | 15min_mae=2.491465 15min_rmse=4.850428 15min_mape=6.534100 | 30min_mae=2.813981 30min_rmse=5.748365 30min_mape=7.879562 | 60min_mae=3.243374 60min_rmse=6.896081 60min_mape=9.542410
[2026-09-02 13:57:54] INFO Epoch 034 | stage=posthoc_calibrator | train_total=2.820260 | train_forecast=2.820260 | train_confidence=0.000000 | train_risk=0.000000 | train_blend=0.000000 | val_total=2.811628 | val_mae=2.809070 | val_rmse=5.796155 | val_mape=7.833232 | val_confidence=0.000000 | val_risk=0.000000 | val_blend=0.000000 | batches=709/94 | seconds=64.75 | lr=[6.25e-05] | cuda_peak_mb=1421.0
[2026-09-02 13:57:54] INFO Val horizons | 15min_mae=2.497345 15min_rmse=4.853752 15min_mape=6.531489 | 30min_mae=2.829442 30min_rmse=5.774651 30min_mape=7.913057 | 60min_mae=3.263249 60min_rmse=6.960228 60min_mape=9.650400
[2026-09-02 13:58:59] INFO Epoch 035 | stage=posthoc_calibrator | train_total=2.820224 | train_forecast=2.820224 | train_confidence=0.000000 | train_risk=0.000000 | train_blend=0.000000 | val_total=2.805584 | val_mae=2.802928 | val_rmse=5.785699 | val_mape=7.868524 | val_confidence=0.000000 | val_risk=0.000000 | val_blend=0.000000 | batches=709/94 | seconds=64.69 | lr=[6.25e-05] | cuda_peak_mb=1421.8
[2026-09-02 13:58:59] INFO Val horizons | 15min_mae=2.494951 15min_rmse=4.852676 15min_mape=6.554817 | 30min_mae=2.824856 30min_rmse=5.769579 30min_mape=7.961098 | 60min_mae=3.251202 60min_rmse=6.940228 60min_mape=9.692348
[2026-09-02 14:00:04] INFO Epoch 036 | stage=posthoc_calibrator | train_total=2.820248 | train_forecast=2.820248 | train_confidence=0.000000 | train_risk=0.000000 | train_blend=0.000000 | val_total=2.798393 | val_mae=2.795651 | val_rmse=5.774673 | val_mape=7.841030 | val_confidence=0.000000 | val_risk=0.000000 | val_blend=0.000000 | batches=709/94 | seconds=64.72 | lr=[6.25e-05] | cuda_peak_mb=1421.0
[2026-09-02 14:00:04] INFO Val horizons | 15min_mae=2.492410 15min_rmse=4.851721 15min_mape=6.555058 | 30min_mae=2.816090 30min_rmse=5.761504 30min_mape=7.928079 | 60min_mae=3.242090 60min_rmse=6.920142 60min_mape=9.642679
[2026-09-02 14:01:08] INFO Epoch 037 | stage=posthoc_calibrator | train_total=2.819942 | train_forecast=2.819942 | train_confidence=0.000000 | train_risk=0.000000 | train_blend=0.000000 | val_total=2.799229 | val_mae=2.796514 | val_rmse=5.760472 | val_mape=7.775445 | val_confidence=0.000000 | val_risk=0.000000 | val_blend=0.000000 | batches=709/94 | seconds=64.68 | lr=[6.25e-05] | cuda_peak_mb=1422.2
[2026-09-02 14:01:08] INFO Val horizons | 15min_mae=2.492427 15min_rmse=4.847475 15min_mape=6.519042 | 30min_mae=2.817824 30min_rmse=5.746975 30min_mape=7.855329 | 60min_mae=3.243412 60min_rmse=6.902049 60min_mape=9.554221
[2026-09-02 14:02:13] INFO Epoch 038 | stage=posthoc_calibrator | train_total=2.819761 | train_forecast=2.819761 | train_confidence=0.000000 | train_risk=0.000000 | train_blend=0.000000 | val_total=2.810133 | val_mae=2.807567 | val_rmse=5.792968 | val_mape=7.839544 | val_confidence=0.000000 | val_risk=0.000000 | val_blend=0.000000 | batches=709/94 | seconds=64.71 | lr=[6.25e-05] | cuda_peak_mb=1420.6
[2026-09-02 14:02:13] INFO Val horizons | 15min_mae=2.498255 15min_rmse=4.853670 15min_mape=6.521936 | 30min_mae=2.829074 30min_rmse=5.772198 30min_mape=7.918375 | 60min_mae=3.259269 60min_rmse=6.955916 60min_mape=9.665102
[2026-09-02 14:03:18] INFO Epoch 039 | stage=posthoc_calibrator | train_total=2.819814 | train_forecast=2.819814 | train_confidence=0.000000 | train_risk=0.000000 | train_blend=0.000000 | val_total=2.805939 | val_mae=2.803328 | val_rmse=5.782136 | val_mape=7.813138 | val_confidence=0.000000 | val_risk=0.000000 | val_blend=0.000000 | batches=709/94 | seconds=64.65 | lr=[6.25e-05] | cuda_peak_mb=1422.4
[2026-09-02 14:03:18] INFO Val horizons | 15min_mae=2.497096 15min_rmse=4.853709 15min_mape=6.544617 | 30min_mae=2.826279 30min_rmse=5.769005 30min_mape=7.917697 | 60min_mae=3.251795 60min_rmse=6.937379 60min_mape=9.582645
[2026-09-02 14:04:22] INFO Epoch 040 | stage=posthoc_calibrator | train_total=2.819493 | train_forecast=2.819493 | train_confidence=0.000000 | train_risk=0.000000 | train_blend=0.000000 | val_total=2.810261 | val_mae=2.807687 | val_rmse=5.788114 | val_mape=7.834442 | val_confidence=0.000000 | val_risk=0.000000 | val_blend=0.000000 | batches=709/94 | seconds=64.68 | lr=[6.25e-05] | cuda_peak_mb=1421.7
[2026-09-02 14:04:22] INFO Val horizons | 15min_mae=2.493585 15min_rmse=4.851554 15min_mape=6.547126 | 30min_mae=2.824752 30min_rmse=5.762364 30min_mape=7.917702 | 60min_mae=3.270047 60min_rmse=6.959347 60min_mape=9.641482
[2026-09-02 14:05:27] INFO Epoch 041 | stage=posthoc_calibrator | train_total=2.818950 | train_forecast=2.818950 | train_confidence=0.000000 | train_risk=0.000000 | train_blend=0.000000 | val_total=2.807801 | val_mae=2.805199 | val_rmse=5.791820 | val_mape=7.858063 | val_confidence=0.000000 | val_risk=0.000000 | val_blend=0.000000 | batches=709/94 | seconds=64.70 | lr=[3.125e-05] | cuda_peak_mb=1421.7
[2026-09-02 14:05:27] INFO Val horizons | 15min_mae=2.494359 15min_rmse=4.854613 15min_mape=6.558440 | 30min_mae=2.825143 30min_rmse=5.772738 30min_mape=7.946593 | 60min_mae=3.259139 60min_rmse=6.951087 60min_mape=9.667988
[2026-09-02 14:06:32] INFO Epoch 042 | stage=posthoc_calibrator | train_total=2.818689 | train_forecast=2.818689 | train_confidence=0.000000 | train_risk=0.000000 | train_blend=0.000000 | val_total=2.799164 | val_mae=2.796416 | val_rmse=5.770603 | val_mape=7.835552 | val_confidence=0.000000 | val_risk=0.000000 | val_blend=0.000000 | batches=709/94 | seconds=64.81 | lr=[3.125e-05] | cuda_peak_mb=1420.2
[2026-09-02 14:06:32] INFO Val horizons | 15min_mae=2.492163 15min_rmse=4.850822 15min_mape=6.550373 | 30min_mae=2.816979 30min_rmse=5.757540 30min_mape=7.927048 | 60min_mae=3.244282 60min_rmse=6.915381 60min_mape=9.627075
[2026-09-02 14:07:37] INFO Epoch 043 | stage=posthoc_calibrator | train_total=2.818932 | train_forecast=2.818932 | train_confidence=0.000000 | train_risk=0.000000 | train_blend=0.000000 | val_total=2.807163 | val_mae=2.804555 | val_rmse=5.780399 | val_mape=7.792917 | val_confidence=0.000000 | val_risk=0.000000 | val_blend=0.000000 | batches=709/94 | seconds=64.82 | lr=[3.125e-05] | cuda_peak_mb=1420.8
[2026-09-02 14:07:37] INFO Val horizons | 15min_mae=2.492875 15min_rmse=4.849857 15min_mape=6.523636 | 30min_mae=2.822735 30min_rmse=5.759996 30min_mape=7.880412 | 60min_mae=3.261084 60min_rmse=6.941393 60min_mape=9.568615
[2026-09-02 14:08:41] INFO Epoch 044 | stage=posthoc_calibrator | train_total=2.818616 | train_forecast=2.818616 | train_confidence=0.000000 | train_risk=0.000000 | train_blend=0.000000 | val_total=2.809227 | val_mae=2.806614 | val_rmse=5.778513 | val_mape=7.811458 | val_confidence=0.000000 | val_risk=0.000000 | val_blend=0.000000 | batches=709/94 | seconds=64.59 | lr=[3.125e-05] | cuda_peak_mb=1421.4
[2026-09-02 14:08:41] INFO Val horizons | 15min_mae=2.496357 15min_rmse=4.849223 15min_mape=6.527469 | 30min_mae=2.828615 30min_rmse=5.763519 30min_mape=7.901235 | 60min_mae=3.258374 60min_rmse=6.930371 60min_mape=9.600041
[2026-09-02 14:09:46] INFO Epoch 045 | stage=posthoc_calibrator | train_total=2.818666 | train_forecast=2.818666 | train_confidence=0.000000 | train_risk=0.000000 | train_blend=0.000000 | val_total=2.809308 | val_mae=2.806744 | val_rmse=5.796187 | val_mape=7.801309 | val_confidence=0.000000 | val_risk=0.000000 | val_blend=0.000000 | batches=709/94 | seconds=64.86 | lr=[3.125e-05] | cuda_peak_mb=1421.6
[2026-09-02 14:09:46] INFO Val horizons | 15min_mae=2.494507 15min_rmse=4.851611 15min_mape=6.513746 | 30min_mae=2.825839 30min_rmse=5.774162 30min_mape=7.880496 | 60min_mae=3.262872 60min_rmse=6.963224 60min_mape=9.598961
[2026-09-02 14:10:52] INFO Epoch 046 | stage=posthoc_calibrator | train_total=2.818655 | train_forecast=2.818655 | train_confidence=0.000000 | train_risk=0.000000 | train_blend=0.000000 | val_total=2.807736 | val_mae=2.805153 | val_rmse=5.789130 | val_mape=7.819785 | val_confidence=0.000000 | val_risk=0.000000 | val_blend=0.000000 | batches=709/94 | seconds=65.72 | lr=[3.125e-05] | cuda_peak_mb=1421.0
[2026-09-02 14:10:52] INFO Val horizons | 15min_mae=2.494256 15min_rmse=4.854253 15min_mape=6.530277 | 30min_mae=2.824347 30min_rmse=5.770688 30min_mape=7.899422 | 60min_mae=3.260364 60min_rmse=6.949386 60min_mape=9.630962
[2026-09-02 14:11:56] INFO Epoch 047 | stage=posthoc_calibrator | train_total=2.818656 | train_forecast=2.818656 | train_confidence=0.000000 | train_risk=0.000000 | train_blend=0.000000 | val_total=2.804908 | val_mae=2.802259 | val_rmse=5.785362 | val_mape=7.836326 | val_confidence=0.000000 | val_risk=0.000000 | val_blend=0.000000 | batches=709/94 | seconds=64.57 | lr=[3.125e-05] | cuda_peak_mb=1420.3
[2026-09-02 14:11:56] INFO Val horizons | 15min_mae=2.495024 15min_rmse=4.854059 15min_mape=6.537492 | 30min_mae=2.825040 30min_rmse=5.770461 30min_mape=7.931385 | 60min_mae=3.250007 60min_rmse=6.938430 60min_mape=9.628239
[2026-09-02 14:13:01] INFO Epoch 048 | stage=posthoc_calibrator | train_total=2.818581 | train_forecast=2.818581 | train_confidence=0.000000 | train_risk=0.000000 | train_blend=0.000000 | val_total=2.807412 | val_mae=2.804780 | val_rmse=5.787452 | val_mape=7.861440 | val_confidence=0.000000 | val_risk=0.000000 | val_blend=0.000000 | batches=709/94 | seconds=64.69 | lr=[3.125e-05] | cuda_peak_mb=1421.7
[2026-09-02 14:13:01] INFO Val horizons | 15min_mae=2.493634 15min_rmse=4.851746 15min_mape=6.555488 | 30min_mae=2.823785 30min_rmse=5.767451 30min_mape=7.954922 | 60min_mae=3.261424 60min_rmse=6.949109 60min_mape=9.670611
[2026-09-02 14:14:06] INFO Epoch 049 | stage=posthoc_calibrator | train_total=2.818354 | train_forecast=2.818354 | train_confidence=0.000000 | train_risk=0.000000 | train_blend=0.000000 | val_total=2.804856 | val_mae=2.802215 | val_rmse=5.779151 | val_mape=7.800885 | val_confidence=0.000000 | val_risk=0.000000 | val_blend=0.000000 | batches=709/94 | seconds=64.83 | lr=[3.125e-05] | cuda_peak_mb=1421.0
[2026-09-02 14:14:06] INFO Val horizons | 15min_mae=2.494305 15min_rmse=4.851145 15min_mape=6.527121 | 30min_mae=2.823443 30min_rmse=5.763081 30min_mape=7.886097 | 60min_mae=3.252209 60min_rmse=6.931130 60min_mape=9.581508
[2026-09-02 14:15:11] INFO Epoch 050 | stage=posthoc_calibrator | train_total=2.818323 | train_forecast=2.818323 | train_confidence=0.000000 | train_risk=0.000000 | train_blend=0.000000 | val_total=2.811868 | val_mae=2.809308 | val_rmse=5.794103 | val_mape=7.829327 | val_confidence=0.000000 | val_risk=0.000000 | val_blend=0.000000 | batches=709/94 | seconds=64.81 | lr=[3.125e-05] | cuda_peak_mb=1421.8
[2026-09-02 14:15:11] INFO Val horizons | 15min_mae=2.497269 15min_rmse=4.854186 15min_mape=6.536396 | 30min_mae=2.831466 30min_rmse=5.778401 30min_mape=7.920037 | 60min_mae=3.262910 60min_rmse=6.952860 60min_mape=9.625186
[2026-09-02 14:15:11] INFO Downstream training finished | best_val_mae=2.789273 | checkpoint=C:\Users\clw\projects\researchRep\STAnchor-BlockMemory\artifacts\convergence\formal_20260902_physical_mae_router_gwn_seed42\downstream_best.pt
