[2026-09-11 01:17:46] INFO Downstream start | run=convergence/formal_20260910_baseonly_dlinear_seed42 | device=cuda:0 (requested=cuda:0) | seed=42 | output=C:\Users\clw\projects\researchRep\STAnchor-BlockMemory\artifacts\convergence\formal_20260910_baseonly_dlinear_seed42
[2026-09-11 01:17:46] INFO Mode | downstream_mode=base_only | training_protocol=staged_joint | candidate_protocol=weekday_radius1_overlap | candidate_ranking=learned_key
[2026-09-11 01:17:46] INFO Downstream initialization | seed=42 | state_hash=4f788eaf16e4e728
[2026-09-11 01:17:46] INFO Data | steps=34272 | nodes=207 | channels=1 | training_scope=full_train | memory/post_memory/train_selected/val/test=15876/6805/22681/2993/6025
[2026-09-11 01:17:46] INFO Bank/retrieval | disabled (base_only)
[2026-09-11 01:17:46] INFO Frozen path cache | enabled=no | candidate_ranking=learned_key | fill=first_epoch
[2026-09-11 01:17:46] INFO Parameters | downstream_total=581 | downstream_trainable=312 | backbone=312 | confidence_head=0 | fusion=0 | frozen_pretrained=0
[2026-09-11 01:17:46] INFO Optimization | epochs=100 | batch_size=32 | optimizer=adam | lr=0.0001 | weight_decay=0 | scheduler=none | step_size=10 | gamma=0.950 | confidence_weight=0.000 | patience=3 | early_stopping=enabled
[2026-09-11 01:17:47] INFO Stage start | stage=standard | epochs=100 | optimizer_lrs=[0.0001]
[2026-09-11 01:18:06] INFO Epoch 001 | stage=standard | train_total=1.118132 | train_forecast=1.118132 | train_confidence=0.000000 | train_risk=0.000000 | train_blend=0.000000 | val_total=0.866666 | val_mae=5.949854 | val_rmse=9.849169 | val_mape=18.126945 | val_confidence=0.000000 | val_risk=0.000000 | val_blend=0.000000 | batches=709/94 | seconds=18.77 | lr=[0.0001] | cuda_peak_mb=24.7
[2026-09-11 01:18:06] INFO Val horizons | 15min_mae=3.639237 15min_rmse=6.278602 15min_mape=10.277792 | 30min_mae=4.566445 30min_rmse=7.518658 30min_mape=13.629551 | 60min_mae=8.661261 60min_rmse=12.994437 60min_mape=26.123652
[2026-09-11 01:18:06] INFO Checkpoint updated | epoch=1 | stage=standard | best_val_mae=5.949854 | path=C:\Users\clw\projects\researchRep\STAnchor-BlockMemory\artifacts\convergence\formal_20260910_baseonly_dlinear_seed42\downstream_best.pt
[2026-09-11 01:18:26] INFO Epoch 002 | stage=standard | train_total=0.692146 | train_forecast=0.692146 | train_confidence=0.000000 | train_risk=0.000000 | train_blend=0.000000 | val_total=0.617240 | val_mae=4.670844 | val_rmse=7.926164 | val_mape=14.111976 | val_confidence=0.000000 | val_risk=0.000000 | val_blend=0.000000 | batches=709/94 | seconds=20.47 | lr=[0.0001] | cuda_peak_mb=24.7
[2026-09-11 01:18:26] INFO Val horizons | 15min_mae=3.413462 15min_rmse=6.016831 15min_mape=9.485216 | 30min_mae=4.079602 30min_rmse=7.135502 30min_mape=11.884141 | 60min_mae=6.411184 60min_rmse=9.917342 60min_mape=19.705650
[2026-09-11 01:18:26] INFO Checkpoint updated | epoch=2 | stage=standard | best_val_mae=4.670844 | path=C:\Users\clw\projects\researchRep\STAnchor-BlockMemory\artifacts\convergence\formal_20260910_baseonly_dlinear_seed42\downstream_best.pt
[2026-09-11 01:18:47] INFO Epoch 003 | stage=standard | train_total=0.575813 | train_forecast=0.575813 | train_confidence=0.000000 | train_risk=0.000000 | train_blend=0.000000 | val_total=0.554198 | val_mae=4.186250 | val_rmse=7.360172 | val_mape=12.412161 | val_confidence=0.000000 | val_risk=0.000000 | val_blend=0.000000 | batches=709/94 | seconds=20.64 | lr=[0.0001] | cuda_peak_mb=24.7
[2026-09-11 01:18:47] INFO Val horizons | 15min_mae=3.285105 15min_rmse=5.853825 15min_mape=9.063128 | 30min_mae=3.969902 30min_rmse=7.043146 30min_mape=11.516625 | 60min_mae=5.507768 60min_rmse=8.988473 60min_mape=16.805680
[2026-09-11 01:18:47] INFO Checkpoint updated | epoch=3 | stage=standard | best_val_mae=4.186250 | path=C:\Users\clw\projects\researchRep\STAnchor-BlockMemory\artifacts\convergence\formal_20260910_baseonly_dlinear_seed42\downstream_best.pt
[2026-09-11 01:19:07] INFO Epoch 004 | stage=standard | train_total=0.544721 | train_forecast=0.544721 | train_confidence=0.000000 | train_risk=0.000000 | train_blend=0.000000 | val_total=0.534821 | val_mae=4.043979 | val_rmse=7.193425 | val_mape=11.883498 | val_confidence=0.000000 | val_risk=0.000000 | val_blend=0.000000 | batches=709/94 | seconds=20.46 | lr=[0.0001] | cuda_peak_mb=24.7
[2026-09-11 01:19:07] INFO Val horizons | 15min_mae=3.224594 15min_rmse=5.761824 15min_mape=8.905469 | 30min_mae=3.939006 30min_rmse=7.006952 30min_mape=11.442991 | 60min_mae=5.226988 60min_rmse=8.774932 60min_mape=15.873994
[2026-09-11 01:19:07] INFO Checkpoint updated | epoch=4 | stage=standard | best_val_mae=4.043979 | path=C:\Users\clw\projects\researchRep\STAnchor-BlockMemory\artifacts\convergence\formal_20260910_baseonly_dlinear_seed42\downstream_best.pt
[2026-09-11 01:19:28] INFO Epoch 005 | stage=standard | train_total=0.531858 | train_forecast=0.531858 | train_confidence=0.000000 | train_risk=0.000000 | train_blend=0.000000 | val_total=0.525448 | val_mae=3.995069 | val_rmse=7.115056 | val_mape=11.682370 | val_confidence=0.000000 | val_risk=0.000000 | val_blend=0.000000 | batches=709/94 | seconds=20.30 | lr=[0.0001] | cuda_peak_mb=24.7
[2026-09-11 01:19:28] INFO Val horizons | 15min_mae=3.186570 15min_rmse=5.711518 15min_mape=8.778280 | 30min_mae=3.924701 30min_rmse=6.989568 30min_mape=11.408452 | 60min_mae=5.146481 60min_rmse=8.695915 60min_mape=15.609652
[2026-09-11 01:19:28] INFO Checkpoint updated | epoch=5 | stage=standard | best_val_mae=3.995069 | path=C:\Users\clw\projects\researchRep\STAnchor-BlockMemory\artifacts\convergence\formal_20260910_baseonly_dlinear_seed42\downstream_best.pt
[2026-09-11 01:19:48] INFO Epoch 006 | stage=standard | train_total=0.524899 | train_forecast=0.524899 | train_confidence=0.000000 | train_risk=0.000000 | train_blend=0.000000 | val_total=0.520637 | val_mae=3.978986 | val_rmse=7.072167 | val_mape=11.599042 | val_confidence=0.000000 | val_risk=0.000000 | val_blend=0.000000 | batches=709/94 | seconds=20.43 | lr=[0.0001] | cuda_peak_mb=24.7
[2026-09-11 01:19:48] INFO Val horizons | 15min_mae=3.163761 15min_rmse=5.683921 15min_mape=8.692077 | 30min_mae=3.928358 30min_rmse=6.984580 30min_mape=11.425552 | 60min_mae=5.128531 60min_rmse=8.657781 60min_mape=15.553037
[2026-09-11 01:19:48] INFO Checkpoint updated | epoch=6 | stage=standard | best_val_mae=3.978986 | path=C:\Users\clw\projects\researchRep\STAnchor-BlockMemory\artifacts\convergence\formal_20260910_baseonly_dlinear_seed42\downstream_best.pt
[2026-09-11 01:20:09] INFO Epoch 007 | stage=standard | train_total=0.521415 | train_forecast=0.521415 | train_confidence=0.000000 | train_risk=0.000000 | train_blend=0.000000 | val_total=0.517923 | val_mae=3.955094 | val_rmse=7.042440 | val_mape=11.499188 | val_confidence=0.000000 | val_risk=0.000000 | val_blend=0.000000 | batches=709/94 | seconds=20.47 | lr=[0.0001] | cuda_peak_mb=24.7
[2026-09-11 01:20:09] INFO Val horizons | 15min_mae=3.151909 15min_rmse=5.673656 15min_mape=8.657778 | 30min_mae=3.910720 30min_rmse=6.977045 30min_mape=11.371586 | 60min_mae=5.097884 60min_rmse=8.627120 60min_mape=15.456112
[2026-09-11 01:20:09] INFO Checkpoint updated | epoch=7 | stage=standard | best_val_mae=3.955094 | path=C:\Users\clw\projects\researchRep\STAnchor-BlockMemory\artifacts\convergence\formal_20260910_baseonly_dlinear_seed42\downstream_best.pt
[2026-09-11 01:20:29] INFO Epoch 008 | stage=standard | train_total=0.519592 | train_forecast=0.519592 | train_confidence=0.000000 | train_risk=0.000000 | train_blend=0.000000 | val_total=0.516358 | val_mae=3.933450 | val_rmse=7.018906 | val_mape=11.398419 | val_confidence=0.000000 | val_risk=0.000000 | val_blend=0.000000 | batches=709/94 | seconds=20.36 | lr=[0.0001] | cuda_peak_mb=24.7
[2026-09-11 01:20:29] INFO Val horizons | 15min_mae=3.148467 15min_rmse=5.667077 15min_mape=8.625415 | 30min_mae=3.903407 30min_rmse=6.970124 30min_mape=11.322414 | 60min_mae=5.057245 60min_rmse=8.596485 60min_mape=15.295992
[2026-09-11 01:20:29] INFO Checkpoint updated | epoch=8 | stage=standard | best_val_mae=3.933450 | path=C:\Users\clw\projects\researchRep\STAnchor-BlockMemory\artifacts\convergence\formal_20260910_baseonly_dlinear_seed42\downstream_best.pt
[2026-09-11 01:20:50] INFO Epoch 009 | stage=standard | train_total=0.518887 | train_forecast=0.518887 | train_confidence=0.000000 | train_risk=0.000000 | train_blend=0.000000 | val_total=0.515875 | val_mae=3.929522 | val_rmse=7.011803 | val_mape=11.383522 | val_confidence=0.000000 | val_risk=0.000000 | val_blend=0.000000 | batches=709/94 | seconds=20.64 | lr=[0.0001] | cuda_peak_mb=24.7
[2026-09-11 01:20:50] INFO Val horizons | 15min_mae=3.146420 15min_rmse=5.666191 15min_mape=8.624513 | 30min_mae=3.900492 30min_rmse=6.969522 30min_mape=11.316269 | 60min_mae=5.057689 60min_rmse=8.590819 60min_mape=15.295811
[2026-09-11 01:20:50] INFO Checkpoint updated | epoch=9 | stage=standard | best_val_mae=3.929522 | path=C:\Users\clw\projects\researchRep\STAnchor-BlockMemory\artifacts\convergence\formal_20260910_baseonly_dlinear_seed42\downstream_best.pt
[2026-09-11 01:21:10] INFO Epoch 010 | stage=standard | train_total=0.518566 | train_forecast=0.518566 | train_confidence=0.000000 | train_risk=0.000000 | train_blend=0.000000 | val_total=0.515819 | val_mae=3.933702 | val_rmse=7.010324 | val_mape=11.390271 | val_confidence=0.000000 | val_risk=0.000000 | val_blend=0.000000 | batches=709/94 | seconds=20.46 | lr=[0.0001] | cuda_peak_mb=24.7
[2026-09-11 01:21:10] INFO Val horizons | 15min_mae=3.148517 15min_rmse=5.665514 15min_mape=8.618098 | 30min_mae=3.909429 30min_rmse=6.972556 30min_mape=11.337578 | 60min_mae=5.072218 60min_rmse=8.593439 60min_mape=15.340682
[2026-09-11 01:21:31] INFO Epoch 011 | stage=standard | train_total=0.518542 | train_forecast=0.518542 | train_confidence=0.000000 | train_risk=0.000000 | train_blend=0.000000 | val_total=0.515702 | val_mae=3.931488 | val_rmse=7.007857 | val_mape=11.376546 | val_confidence=0.000000 | val_risk=0.000000 | val_blend=0.000000 | batches=709/94 | seconds=20.40 | lr=[0.0001] | cuda_peak_mb=24.7
[2026-09-11 01:21:31] INFO Val horizons | 15min_mae=3.157189 15min_rmse=5.668751 15min_mape=8.643250 | 30min_mae=3.905779 30min_rmse=6.971534 30min_mape=11.327290 | 60min_mae=5.063301 60min_rmse=8.588220 60min_mape=15.304563
[2026-09-11 01:21:51] INFO Epoch 012 | stage=standard | train_total=0.518370 | train_forecast=0.518370 | train_confidence=0.000000 | train_risk=0.000000 | train_blend=0.000000 | val_total=0.515616 | val_mae=3.925721 | val_rmse=7.005957 | val_mape=11.361845 | val_confidence=0.000000 | val_risk=0.000000 | val_blend=0.000000 | batches=709/94 | seconds=20.44 | lr=[0.0001] | cuda_peak_mb=24.7
[2026-09-11 01:21:51] INFO Val horizons | 15min_mae=3.141722 15min_rmse=5.665004 15min_mape=8.596700 | 30min_mae=3.909187 30min_rmse=6.973790 30min_mape=11.348814 | 60min_mae=5.055150 60min_rmse=8.584850 60min_mape=15.283230
[2026-09-11 01:21:51] INFO Checkpoint updated | epoch=12 | stage=standard | best_val_mae=3.925721 | path=C:\Users\clw\projects\researchRep\STAnchor-BlockMemory\artifacts\convergence\formal_20260910_baseonly_dlinear_seed42\downstream_best.pt
[2026-09-11 01:22:12] INFO Epoch 013 | stage=standard | train_total=0.518424 | train_forecast=0.518424 | train_confidence=0.000000 | train_risk=0.000000 | train_blend=0.000000 | val_total=0.515333 | val_mae=3.912794 | val_rmse=6.998423 | val_mape=11.307988 | val_confidence=0.000000 | val_risk=0.000000 | val_blend=0.000000 | batches=709/94 | seconds=20.55 | lr=[0.0001] | cuda_peak_mb=24.7
[2026-09-11 01:22:12] INFO Val horizons | 15min_mae=3.140043 15min_rmse=5.662346 15min_mape=8.583450 | 30min_mae=3.901709 30min_rmse=6.969087 30min_mape=11.319746 | 60min_mae=5.021737 60min_rmse=8.568960 60min_mape=15.150164
[2026-09-11 01:22:12] INFO Checkpoint updated | epoch=13 | stage=standard | best_val_mae=3.912794 | path=C:\Users\clw\projects\researchRep\STAnchor-BlockMemory\artifacts\convergence\formal_20260910_baseonly_dlinear_seed42\downstream_best.pt
[2026-09-11 01:22:32] INFO Epoch 014 | stage=standard | train_total=0.518448 | train_forecast=0.518448 | train_confidence=0.000000 | train_risk=0.000000 | train_blend=0.000000 | val_total=0.515534 | val_mae=3.921944 | val_rmse=7.002389 | val_mape=11.312098 | val_confidence=0.000000 | val_risk=0.000000 | val_blend=0.000000 | batches=709/94 | seconds=20.40 | lr=[0.0001] | cuda_peak_mb=24.7
[2026-09-11 01:22:32] INFO Val horizons | 15min_mae=3.147034 15min_rmse=5.665993 15min_mape=8.591196 | 30min_mae=3.897778 30min_rmse=6.967406 30min_mape=11.267395 | 60min_mae=5.059048 60min_rmse=8.582158 60min_mape=15.255768
[2026-09-11 01:22:52] INFO Epoch 015 | stage=standard | train_total=0.518428 | train_forecast=0.518428 | train_confidence=0.000000 | train_risk=0.000000 | train_blend=0.000000 | val_total=0.515542 | val_mae=3.928140 | val_rmse=7.002227 | val_mape=11.337508 | val_confidence=0.000000 | val_risk=0.000000 | val_blend=0.000000 | batches=709/94 | seconds=20.53 | lr=[0.0001] | cuda_peak_mb=24.7
[2026-09-11 01:22:52] INFO Val horizons | 15min_mae=3.152452 15min_rmse=5.665613 15min_mape=8.611554 | 30min_mae=3.908301 30min_rmse=6.969162 30min_mape=11.301118 | 60min_mae=5.046500 60min_rmse=8.575493 60min_mape=15.201085
[2026-09-11 01:23:13] INFO Epoch 016 | stage=standard | train_total=0.518394 | train_forecast=0.518394 | train_confidence=0.000000 | train_risk=0.000000 | train_blend=0.000000 | val_total=0.515640 | val_mae=3.930016 | val_rmse=7.004023 | val_mape=11.348351 | val_confidence=0.000000 | val_risk=0.000000 | val_blend=0.000000 | batches=709/94 | seconds=20.60 | lr=[0.0001] | cuda_peak_mb=24.7
[2026-09-11 01:23:13] INFO Val horizons | 15min_mae=3.144566 15min_rmse=5.661639 15min_mape=8.569072 | 30min_mae=3.908873 30min_rmse=6.970459 30min_mape=11.320235 | 60min_mae=5.066717 60min_rmse=8.585224 60min_mape=15.290689
[2026-09-11 01:23:13] INFO Stage early stopping | epoch=16 | stage=standard | stale_epochs=3 | best_val_mae=3.912794
[2026-09-11 01:23:13] INFO Downstream training finished | best_val_mae=3.912794 | checkpoint=C:\Users\clw\projects\researchRep\STAnchor-BlockMemory\artifacts\convergence\formal_20260910_baseonly_dlinear_seed42\downstream_best.pt
