[2026-09-13 08:45:04] INFO Downstream start | run=cross_dataset_pemsbay/pemsbay_finetuned_router_dcrnn_seed42 | device=cuda:0 (requested=cuda:0) | seed=42 | output=C:\Users\clw\projects\researchRep\STAnchor-BlockMemory\artifacts\cross_dataset_pemsbay\pemsbay_finetuned_router_dcrnn_seed42
[2026-09-13 08:45:04] INFO Mode | downstream_mode=learned_topk_error_aware | training_protocol=posthoc_frozen_base | candidate_protocol=weekday_radius1_overlap | candidate_ranking=learned_key | candidate_payload=offset_decay
[2026-09-13 08:45:04] INFO Downstream initialization | seed=42 | state_hash=5aaf37a186f13e4e
[2026-09-13 08:45:04] INFO Frozen base | checkpoint=C:\Users\clw\projects\researchRep\STAnchor-BlockMemory\artifacts\cross_dataset_pemsbay\pemsbay_baseonly_dcrnn_seed42\downstream_best.pt | fingerprint=ffd693c48d04bb1d
[2026-09-13 08:45:04] INFO Data | steps=52116 | nodes=325 | channels=1 | training_scope=full_train | memory/post_memory/train_selected/val/test=25327/10855/36182/4912/10125
[2026-09-13 08:45:04] INFO Bank/retrieval | dataset=pemsbay_finetuned_queue | events=25327 | nodes=325 | retrieval_dim=64 | event_top_r=96 | node_top_k=12 | key_dtype=float16
[2026-09-13 08:45:04] INFO Frozen path cache | enabled=yes | candidate_ranking=learned_key | fill=first_epoch
[2026-09-13 08:45:04] INFO Parameters | downstream_total=1,252,314 | downstream_trainable=879,693 | backbone=0 | confidence_head=0 | fusion=0 | frozen_pretrained=958,704
[2026-09-13 08:45:04] INFO Optimization | epochs=50 | batch_size=32 | optimizer=adam | lr=0.0005 | weight_decay=0.0001 | scheduler=step_lr | step_size=10 | gamma=0.500 | confidence_weight=0.000 | patience=20 | early_stopping=disabled
[2026-09-13 08:45:05] INFO Stage start | stage=posthoc_calibrator | epochs=50 | optimizer_lrs=[0.0005]
[2026-09-13 09:05:03] INFO Epoch 001 | stage=posthoc_calibrator | train_total=1.408851 | train_forecast=1.408851 | train_confidence=0.000000 | train_risk=0.000000 | train_blend=0.000000 | val_total=1.574906 | val_mae=1.570197 | val_rmse=3.669316 | val_mape=3.594603 | val_confidence=0.000000 | val_risk=0.000000 | val_blend=0.000000 | batches=1131/154 | seconds=1197.56 | lr=[0.0005] | cuda_peak_mb=5439.7
[2026-09-13 09:05:03] INFO Val horizons | 15min_mae=1.316613 15min_rmse=2.769325 15min_mape=2.809967 | 30min_mae=1.635947 30min_rmse=3.761908 30min_mape=3.760951 | 60min_mae=1.909603 60min_rmse=4.510510 60min_mape=4.572135
[2026-09-13 09:05:03] INFO Checkpoint updated | epoch=1 | stage=posthoc_calibrator | best_val_mae=1.570197 | path=C:\Users\clw\projects\researchRep\STAnchor-BlockMemory\artifacts\cross_dataset_pemsbay\pemsbay_finetuned_router_dcrnn_seed42\downstream_best.pt
[2026-09-13 09:07:34] INFO Epoch 002 | stage=posthoc_calibrator | train_total=1.402951 | train_forecast=1.402951 | train_confidence=0.000000 | train_risk=0.000000 | train_blend=0.000000 | val_total=1.572031 | val_mae=1.567340 | val_rmse=3.679802 | val_mape=3.623499 | val_confidence=0.000000 | val_risk=0.000000 | val_blend=0.000000 | batches=1131/154 | seconds=151.47 | lr=[0.0005] | cuda_peak_mb=2210.5
[2026-09-13 09:07:34] INFO Val horizons | 15min_mae=1.314057 15min_rmse=2.770919 15min_mape=2.822903 | 30min_mae=1.631650 30min_rmse=3.767182 30min_mape=3.785599 | 60min_mae=1.908765 60min_rmse=4.539126 60min_mape=4.637186
[2026-09-13 09:07:34] INFO Checkpoint updated | epoch=2 | stage=posthoc_calibrator | best_val_mae=1.567340 | path=C:\Users\clw\projects\researchRep\STAnchor-BlockMemory\artifacts\cross_dataset_pemsbay\pemsbay_finetuned_router_dcrnn_seed42\downstream_best.pt
[2026-09-13 09:10:05] INFO Epoch 003 | stage=posthoc_calibrator | train_total=1.400484 | train_forecast=1.400484 | train_confidence=0.000000 | train_risk=0.000000 | train_blend=0.000000 | val_total=1.567311 | val_mae=1.562695 | val_rmse=3.664724 | val_mape=3.618355 | val_confidence=0.000000 | val_risk=0.000000 | val_blend=0.000000 | batches=1131/154 | seconds=150.33 | lr=[0.0005] | cuda_peak_mb=2210.3
[2026-09-13 09:10:05] INFO Val horizons | 15min_mae=1.312651 15min_rmse=2.768560 15min_mape=2.831657 | 30min_mae=1.627162 30min_rmse=3.749655 30min_mape=3.785854 | 60min_mae=1.901137 60min_rmse=4.522365 60min_mape=4.617041
[2026-09-13 09:10:05] INFO Checkpoint updated | epoch=3 | stage=posthoc_calibrator | best_val_mae=1.562695 | path=C:\Users\clw\projects\researchRep\STAnchor-BlockMemory\artifacts\cross_dataset_pemsbay\pemsbay_finetuned_router_dcrnn_seed42\downstream_best.pt
[2026-09-13 09:12:35] INFO Epoch 004 | stage=posthoc_calibrator | train_total=1.398606 | train_forecast=1.398606 | train_confidence=0.000000 | train_risk=0.000000 | train_blend=0.000000 | val_total=1.570501 | val_mae=1.565762 | val_rmse=3.688570 | val_mape=3.624170 | val_confidence=0.000000 | val_risk=0.000000 | val_blend=0.000000 | batches=1131/154 | seconds=149.80 | lr=[0.0005] | cuda_peak_mb=2210.6
[2026-09-13 09:12:35] INFO Val horizons | 15min_mae=1.312592 15min_rmse=2.780237 15min_mape=2.817979 | 30min_mae=1.632022 30min_rmse=3.784570 30min_mape=3.794696 | 60min_mae=1.904861 60min_rmse=4.545443 60min_mape=4.631647
[2026-09-13 09:15:04] INFO Epoch 005 | stage=posthoc_calibrator | train_total=1.397947 | train_forecast=1.397947 | train_confidence=0.000000 | train_risk=0.000000 | train_blend=0.000000 | val_total=1.564622 | val_mae=1.559960 | val_rmse=3.653257 | val_mape=3.602781 | val_confidence=0.000000 | val_risk=0.000000 | val_blend=0.000000 | batches=1131/154 | seconds=149.78 | lr=[0.0005] | cuda_peak_mb=2210.3
[2026-09-13 09:15:04] INFO Val horizons | 15min_mae=1.310489 15min_rmse=2.763139 15min_mape=2.814554 | 30min_mae=1.626199 30min_rmse=3.749309 30min_mape=3.777476 | 60min_mae=1.894836 60min_rmse=4.495337 60min_mape=4.587221
[2026-09-13 09:15:04] INFO Checkpoint updated | epoch=5 | stage=posthoc_calibrator | best_val_mae=1.559960 | path=C:\Users\clw\projects\researchRep\STAnchor-BlockMemory\artifacts\cross_dataset_pemsbay\pemsbay_finetuned_router_dcrnn_seed42\downstream_best.pt
[2026-09-13 09:17:34] INFO Epoch 006 | stage=posthoc_calibrator | train_total=1.396878 | train_forecast=1.396878 | train_confidence=0.000000 | train_risk=0.000000 | train_blend=0.000000 | val_total=1.562354 | val_mae=1.557800 | val_rmse=3.651519 | val_mape=3.599494 | val_confidence=0.000000 | val_risk=0.000000 | val_blend=0.000000 | batches=1131/154 | seconds=149.73 | lr=[0.0005] | cuda_peak_mb=2210.6
[2026-09-13 09:17:34] INFO Val horizons | 15min_mae=1.309738 15min_rmse=2.763479 15min_mape=2.818803 | 30min_mae=1.622328 30min_rmse=3.743480 30min_mape=3.767280 | 60min_mae=1.892948 60min_rmse=4.491420 60min_mape=4.581739
[2026-09-13 09:17:34] INFO Checkpoint updated | epoch=6 | stage=posthoc_calibrator | best_val_mae=1.557800 | path=C:\Users\clw\projects\researchRep\STAnchor-BlockMemory\artifacts\cross_dataset_pemsbay\pemsbay_finetuned_router_dcrnn_seed42\downstream_best.pt
[2026-09-13 09:20:04] INFO Epoch 007 | stage=posthoc_calibrator | train_total=1.396157 | train_forecast=1.396157 | train_confidence=0.000000 | train_risk=0.000000 | train_blend=0.000000 | val_total=1.561432 | val_mae=1.556890 | val_rmse=3.644768 | val_mape=3.584005 | val_confidence=0.000000 | val_risk=0.000000 | val_blend=0.000000 | batches=1131/154 | seconds=149.87 | lr=[0.0005] | cuda_peak_mb=2211.0
[2026-09-13 09:20:04] INFO Val horizons | 15min_mae=1.309967 15min_rmse=2.760458 15min_mape=2.810676 | 30min_mae=1.622072 30min_rmse=3.737372 30min_mape=3.754146 | 60min_mae=1.891308 60min_rmse=4.485366 60min_mape=4.560283
[2026-09-13 09:20:04] INFO Checkpoint updated | epoch=7 | stage=posthoc_calibrator | best_val_mae=1.556890 | path=C:\Users\clw\projects\researchRep\STAnchor-BlockMemory\artifacts\cross_dataset_pemsbay\pemsbay_finetuned_router_dcrnn_seed42\downstream_best.pt
[2026-09-13 09:22:34] INFO Epoch 008 | stage=posthoc_calibrator | train_total=1.395404 | train_forecast=1.395404 | train_confidence=0.000000 | train_risk=0.000000 | train_blend=0.000000 | val_total=1.561309 | val_mae=1.556670 | val_rmse=3.651356 | val_mape=3.561856 | val_confidence=0.000000 | val_risk=0.000000 | val_blend=0.000000 | batches=1131/154 | seconds=150.03 | lr=[0.0005] | cuda_peak_mb=2210.3
[2026-09-13 09:22:34] INFO Val horizons | 15min_mae=1.309592 15min_rmse=2.761802 15min_mape=2.798489 | 30min_mae=1.621880 30min_rmse=3.738610 30min_mape=3.725579 | 60min_mae=1.890831 60min_rmse=4.505838 60min_mape=4.539754
[2026-09-13 09:22:34] INFO Checkpoint updated | epoch=8 | stage=posthoc_calibrator | best_val_mae=1.556670 | path=C:\Users\clw\projects\researchRep\STAnchor-BlockMemory\artifacts\cross_dataset_pemsbay\pemsbay_finetuned_router_dcrnn_seed42\downstream_best.pt
[2026-09-13 09:25:04] INFO Epoch 009 | stage=posthoc_calibrator | train_total=1.394870 | train_forecast=1.394870 | train_confidence=0.000000 | train_risk=0.000000 | train_blend=0.000000 | val_total=1.563381 | val_mae=1.558761 | val_rmse=3.662045 | val_mape=3.597942 | val_confidence=0.000000 | val_risk=0.000000 | val_blend=0.000000 | batches=1131/154 | seconds=150.00 | lr=[0.0005] | cuda_peak_mb=2210.1
[2026-09-13 09:25:04] INFO Val horizons | 15min_mae=1.309287 15min_rmse=2.766399 15min_mape=2.807107 | 30min_mae=1.622728 30min_rmse=3.746896 30min_mape=3.758781 | 60min_mae=1.896696 60min_rmse=4.522365 60min_mape=4.603213
[2026-09-13 09:27:34] INFO Epoch 010 | stage=posthoc_calibrator | train_total=1.394489 | train_forecast=1.394489 | train_confidence=0.000000 | train_risk=0.000000 | train_blend=0.000000 | val_total=1.560583 | val_mae=1.555985 | val_rmse=3.656130 | val_mape=3.580138 | val_confidence=0.000000 | val_risk=0.000000 | val_blend=0.000000 | batches=1131/154 | seconds=150.00 | lr=[0.0005] | cuda_peak_mb=2210.3
[2026-09-13 09:27:34] INFO Val horizons | 15min_mae=1.309115 15min_rmse=2.766823 15min_mape=2.807125 | 30min_mae=1.620725 30min_rmse=3.744553 30min_mape=3.747544 | 60min_mae=1.891390 60min_rmse=4.512580 60min_mape=4.563848
[2026-09-13 09:27:34] INFO Checkpoint updated | epoch=10 | stage=posthoc_calibrator | best_val_mae=1.555985 | path=C:\Users\clw\projects\researchRep\STAnchor-BlockMemory\artifacts\cross_dataset_pemsbay\pemsbay_finetuned_router_dcrnn_seed42\downstream_best.pt
[2026-09-13 09:30:04] INFO Epoch 011 | stage=posthoc_calibrator | train_total=1.393114 | train_forecast=1.393114 | train_confidence=0.000000 | train_risk=0.000000 | train_blend=0.000000 | val_total=1.560869 | val_mae=1.556304 | val_rmse=3.653037 | val_mape=3.591398 | val_confidence=0.000000 | val_risk=0.000000 | val_blend=0.000000 | batches=1131/154 | seconds=150.00 | lr=[0.00025] | cuda_peak_mb=2210.6
[2026-09-13 09:30:04] INFO Val horizons | 15min_mae=1.308757 15min_rmse=2.762601 15min_mape=2.814851 | 30min_mae=1.621827 30min_rmse=3.745497 30min_mape=3.765139 | 60min_mae=1.890612 60min_rmse=4.503159 60min_mape=4.568300
[2026-09-13 09:32:34] INFO Epoch 012 | stage=posthoc_calibrator | train_total=1.393036 | train_forecast=1.393036 | train_confidence=0.000000 | train_risk=0.000000 | train_blend=0.000000 | val_total=1.561232 | val_mae=1.556641 | val_rmse=3.659322 | val_mape=3.584235 | val_confidence=0.000000 | val_risk=0.000000 | val_blend=0.000000 | batches=1131/154 | seconds=150.05 | lr=[0.00025] | cuda_peak_mb=2210.3
[2026-09-13 09:32:34] INFO Val horizons | 15min_mae=1.308632 15min_rmse=2.764134 15min_mape=2.806479 | 30min_mae=1.621253 30min_rmse=3.748324 30min_mape=3.749007 | 60min_mae=1.893082 60min_rmse=4.519140 60min_mape=4.576835
[2026-09-13 09:35:04] INFO Epoch 013 | stage=posthoc_calibrator | train_total=1.392702 | train_forecast=1.392702 | train_confidence=0.000000 | train_risk=0.000000 | train_blend=0.000000 | val_total=1.566335 | val_mae=1.561750 | val_rmse=3.676425 | val_mape=3.612205 | val_confidence=0.000000 | val_risk=0.000000 | val_blend=0.000000 | batches=1131/154 | seconds=149.98 | lr=[0.00025] | cuda_peak_mb=2210.6
[2026-09-13 09:35:04] INFO Val horizons | 15min_mae=1.310868 15min_rmse=2.772101 15min_mape=2.817908 | 30min_mae=1.625309 30min_rmse=3.762631 30min_mape=3.772668 | 60min_mae=1.901900 60min_rmse=4.539792 60min_mape=4.624283
[2026-09-13 09:37:34] INFO Epoch 014 | stage=posthoc_calibrator | train_total=1.392672 | train_forecast=1.392672 | train_confidence=0.000000 | train_risk=0.000000 | train_blend=0.000000 | val_total=1.563299 | val_mae=1.558715 | val_rmse=3.666312 | val_mape=3.604817 | val_confidence=0.000000 | val_risk=0.000000 | val_blend=0.000000 | batches=1131/154 | seconds=149.99 | lr=[0.00025] | cuda_peak_mb=2211.0
[2026-09-13 09:37:34] INFO Val horizons | 15min_mae=1.309655 15min_rmse=2.771003 15min_mape=2.816529 | 30min_mae=1.624642 30min_rmse=3.763293 30min_mape=3.776565 | 60min_mae=1.893902 60min_rmse=4.512963 60min_mape=4.595402
[2026-09-13 09:40:04] INFO Epoch 015 | stage=posthoc_calibrator | train_total=1.392386 | train_forecast=1.392386 | train_confidence=0.000000 | train_risk=0.000000 | train_blend=0.000000 | val_total=1.562458 | val_mae=1.557901 | val_rmse=3.661803 | val_mape=3.600134 | val_confidence=0.000000 | val_risk=0.000000 | val_blend=0.000000 | batches=1131/154 | seconds=150.08 | lr=[0.00025] | cuda_peak_mb=2210.3
[2026-09-13 09:40:04] INFO Val horizons | 15min_mae=1.309613 15min_rmse=2.767084 15min_mape=2.816922 | 30min_mae=1.622826 30min_rmse=3.752896 30min_mape=3.767462 | 60min_mae=1.893688 60min_rmse=4.514982 60min_mape=4.593949
[2026-09-13 09:42:34] INFO Epoch 016 | stage=posthoc_calibrator | train_total=1.392378 | train_forecast=1.392378 | train_confidence=0.000000 | train_risk=0.000000 | train_blend=0.000000 | val_total=1.561354 | val_mae=1.556746 | val_rmse=3.659766 | val_mape=3.602106 | val_confidence=0.000000 | val_risk=0.000000 | val_blend=0.000000 | batches=1131/154 | seconds=149.76 | lr=[0.00025] | cuda_peak_mb=2210.1
[2026-09-13 09:42:34] INFO Val horizons | 15min_mae=1.308358 15min_rmse=2.766252 15min_mape=2.810772 | 30min_mae=1.622026 30min_rmse=3.753558 30min_mape=3.768541 | 60min_mae=1.891566 60min_rmse=4.507017 60min_mape=4.601953
[2026-09-13 09:45:04] INFO Epoch 017 | stage=posthoc_calibrator | train_total=1.392058 | train_forecast=1.392058 | train_confidence=0.000000 | train_risk=0.000000 | train_blend=0.000000 | val_total=1.559519 | val_mae=1.554918 | val_rmse=3.653514 | val_mape=3.587829 | val_confidence=0.000000 | val_risk=0.000000 | val_blend=0.000000 | batches=1131/154 | seconds=149.85 | lr=[0.00025] | cuda_peak_mb=2210.3
[2026-09-13 09:45:04] INFO Val horizons | 15min_mae=1.308115 15min_rmse=2.764833 15min_mape=2.807046 | 30min_mae=1.620507 30min_rmse=3.748278 30min_mape=3.756734 | 60min_mae=1.888204 60min_rmse=4.499382 60min_mape=4.575572
[2026-09-13 09:45:04] INFO Checkpoint updated | epoch=17 | stage=posthoc_calibrator | best_val_mae=1.554918 | path=C:\Users\clw\projects\researchRep\STAnchor-BlockMemory\artifacts\cross_dataset_pemsbay\pemsbay_finetuned_router_dcrnn_seed42\downstream_best.pt
[2026-09-13 09:47:34] INFO Epoch 018 | stage=posthoc_calibrator | train_total=1.391953 | train_forecast=1.391953 | train_confidence=0.000000 | train_risk=0.000000 | train_blend=0.000000 | val_total=1.564366 | val_mae=1.559778 | val_rmse=3.664731 | val_mape=3.616505 | val_confidence=0.000000 | val_risk=0.000000 | val_blend=0.000000 | batches=1131/154 | seconds=150.05 | lr=[0.00025] | cuda_peak_mb=2210.6
[2026-09-13 09:47:34] INFO Val horizons | 15min_mae=1.309367 15min_rmse=2.766928 15min_mape=2.815432 | 30min_mae=1.626168 30min_rmse=3.761266 30min_mape=3.791887 | 60min_mae=1.895302 60min_rmse=4.510941 60min_mape=4.611813
[2026-09-13 09:50:04] INFO Epoch 019 | stage=posthoc_calibrator | train_total=1.391758 | train_forecast=1.391758 | train_confidence=0.000000 | train_risk=0.000000 | train_blend=0.000000 | val_total=1.557480 | val_mae=1.553015 | val_rmse=3.641487 | val_mape=3.559460 | val_confidence=0.000000 | val_risk=0.000000 | val_blend=0.000000 | batches=1131/154 | seconds=149.98 | lr=[0.00025] | cuda_peak_mb=2210.3
[2026-09-13 09:50:04] INFO Val horizons | 15min_mae=1.306972 15min_rmse=2.760353 15min_mape=2.797353 | 30min_mae=1.617584 30min_rmse=3.735220 30min_mape=3.723050 | 60min_mae=1.886264 60min_rmse=4.481844 60min_mape=4.531172
[2026-09-13 09:50:04] INFO Checkpoint updated | epoch=19 | stage=posthoc_calibrator | best_val_mae=1.553015 | path=C:\Users\clw\projects\researchRep\STAnchor-BlockMemory\artifacts\cross_dataset_pemsbay\pemsbay_finetuned_router_dcrnn_seed42\downstream_best.pt
[2026-09-13 09:52:34] INFO Epoch 020 | stage=posthoc_calibrator | train_total=1.391617 | train_forecast=1.391617 | train_confidence=0.000000 | train_risk=0.000000 | train_blend=0.000000 | val_total=1.560984 | val_mae=1.556395 | val_rmse=3.661035 | val_mape=3.595604 | val_confidence=0.000000 | val_risk=0.000000 | val_blend=0.000000 | batches=1131/154 | seconds=150.06 | lr=[0.00025] | cuda_peak_mb=2210.6
[2026-09-13 09:52:34] INFO Val horizons | 15min_mae=1.307677 15min_rmse=2.764289 15min_mape=2.808298 | 30min_mae=1.621731 30min_rmse=3.755404 30min_mape=3.764755 | 60min_mae=1.891269 60min_rmse=4.507867 60min_mape=4.585317
[2026-09-13 09:55:04] INFO Epoch 021 | stage=posthoc_calibrator | train_total=1.390780 | train_forecast=1.390780 | train_confidence=0.000000 | train_risk=0.000000 | train_blend=0.000000 | val_total=1.562252 | val_mae=1.557642 | val_rmse=3.665634 | val_mape=3.600945 | val_confidence=0.000000 | val_risk=0.000000 | val_blend=0.000000 | batches=1131/154 | seconds=149.95 | lr=[0.000125] | cuda_peak_mb=2211.0
[2026-09-13 09:55:04] INFO Val horizons | 15min_mae=1.308508 15min_rmse=2.768206 15min_mape=2.808815 | 30min_mae=1.622926 30min_rmse=3.759126 30min_mape=3.768121 | 60min_mae=1.893893 60min_rmse=4.519077 60min_mape=4.601429
[2026-09-13 09:57:34] INFO Epoch 022 | stage=posthoc_calibrator | train_total=1.390728 | train_forecast=1.390728 | train_confidence=0.000000 | train_risk=0.000000 | train_blend=0.000000 | val_total=1.562064 | val_mae=1.557513 | val_rmse=3.662164 | val_mape=3.613640 | val_confidence=0.000000 | val_risk=0.000000 | val_blend=0.000000 | batches=1131/154 | seconds=149.87 | lr=[0.000125] | cuda_peak_mb=2210.3
[2026-09-13 09:57:34] INFO Val horizons | 15min_mae=1.308705 15min_rmse=2.768510 15min_mape=2.817527 | 30min_mae=1.622958 30min_rmse=3.755999 30min_mape=3.784577 | 60min_mae=1.892794 60min_rmse=4.511995 60min_mape=4.613059
[2026-09-13 10:00:04] INFO Epoch 023 | stage=posthoc_calibrator | train_total=1.390606 | train_forecast=1.390606 | train_confidence=0.000000 | train_risk=0.000000 | train_blend=0.000000 | val_total=1.560176 | val_mae=1.555622 | val_rmse=3.655617 | val_mape=3.590704 | val_confidence=0.000000 | val_risk=0.000000 | val_blend=0.000000 | batches=1131/154 | seconds=149.91 | lr=[0.000125] | cuda_peak_mb=2210.1
[2026-09-13 10:00:04] INFO Val horizons | 15min_mae=1.307460 15min_rmse=2.764345 15min_mape=2.802499 | 30min_mae=1.620758 30min_rmse=3.750549 30min_mape=3.755546 | 60min_mae=1.890415 60min_rmse=4.502174 60min_mape=4.586772
[2026-09-13 10:02:34] INFO Epoch 024 | stage=posthoc_calibrator | train_total=1.390573 | train_forecast=1.390573 | train_confidence=0.000000 | train_risk=0.000000 | train_blend=0.000000 | val_total=1.558932 | val_mae=1.554427 | val_rmse=3.652232 | val_mape=3.588583 | val_confidence=0.000000 | val_risk=0.000000 | val_blend=0.000000 | batches=1131/154 | seconds=149.97 | lr=[0.000125] | cuda_peak_mb=2210.3
[2026-09-13 10:02:34] INFO Val horizons | 15min_mae=1.307139 15min_rmse=2.762736 15min_mape=2.805849 | 30min_mae=1.619623 30min_rmse=3.748037 30min_mape=3.757619 | 60min_mae=1.888306 60min_rmse=4.495810 60min_mape=4.575283
[2026-09-13 10:05:04] INFO Epoch 025 | stage=posthoc_calibrator | train_total=1.390312 | train_forecast=1.390312 | train_confidence=0.000000 | train_risk=0.000000 | train_blend=0.000000 | val_total=1.560058 | val_mae=1.555473 | val_rmse=3.651857 | val_mape=3.588136 | val_confidence=0.000000 | val_risk=0.000000 | val_blend=0.000000 | batches=1131/154 | seconds=149.97 | lr=[0.000125] | cuda_peak_mb=2210.6
[2026-09-13 10:05:04] INFO Val horizons | 15min_mae=1.307266 15min_rmse=2.759920 15min_mape=2.800854 | 30min_mae=1.620025 30min_rmse=3.741405 30min_mape=3.751246 | 60min_mae=1.891468 60min_rmse=4.506729 60min_mape=4.588766
[2026-09-13 10:07:34] INFO Epoch 026 | stage=posthoc_calibrator | train_total=1.390289 | train_forecast=1.390289 | train_confidence=0.000000 | train_risk=0.000000 | train_blend=0.000000 | val_total=1.557152 | val_mae=1.552670 | val_rmse=3.642173 | val_mape=3.570858 | val_confidence=0.000000 | val_risk=0.000000 | val_blend=0.000000 | batches=1131/154 | seconds=149.97 | lr=[0.000125] | cuda_peak_mb=2210.3
[2026-09-13 10:07:34] INFO Val horizons | 15min_mae=1.307048 15min_rmse=2.758732 15min_mape=2.802599 | 30min_mae=1.617347 30min_rmse=3.735025 30min_mape=3.738336 | 60min_mae=1.885353 60min_rmse=4.484681 60min_mape=4.545248
[2026-09-13 10:07:34] INFO Checkpoint updated | epoch=26 | stage=posthoc_calibrator | best_val_mae=1.552670 | path=C:\Users\clw\projects\researchRep\STAnchor-BlockMemory\artifacts\cross_dataset_pemsbay\pemsbay_finetuned_router_dcrnn_seed42\downstream_best.pt
[2026-09-13 10:10:04] INFO Epoch 027 | stage=posthoc_calibrator | train_total=1.390226 | train_forecast=1.390226 | train_confidence=0.000000 | train_risk=0.000000 | train_blend=0.000000 | val_total=1.558834 | val_mae=1.554320 | val_rmse=3.652602 | val_mape=3.582137 | val_confidence=0.000000 | val_risk=0.000000 | val_blend=0.000000 | batches=1131/154 | seconds=149.87 | lr=[0.000125] | cuda_peak_mb=2210.6
[2026-09-13 10:10:04] INFO Val horizons | 15min_mae=1.307061 15min_rmse=2.763164 15min_mape=2.800949 | 30min_mae=1.618190 30min_rmse=3.742152 30min_mape=3.740749 | 60min_mae=1.889833 60min_rmse=4.503630 60min_mape=4.579971
[2026-09-13 10:12:34] INFO Epoch 028 | stage=posthoc_calibrator | train_total=1.390082 | train_forecast=1.390082 | train_confidence=0.000000 | train_risk=0.000000 | train_blend=0.000000 | val_total=1.556674 | val_mae=1.552154 | val_rmse=3.642125 | val_mape=3.559207 | val_confidence=0.000000 | val_risk=0.000000 | val_blend=0.000000 | batches=1131/154 | seconds=150.14 | lr=[0.000125] | cuda_peak_mb=2211.0
[2026-09-13 10:12:34] INFO Val horizons | 15min_mae=1.306794 15min_rmse=2.759024 15min_mape=2.796534 | 30min_mae=1.616684 30min_rmse=3.733995 30min_mape=3.724728 | 60min_mae=1.884789 60min_rmse=4.486207 60min_mape=4.529972
[2026-09-13 10:12:34] INFO Checkpoint updated | epoch=28 | stage=posthoc_calibrator | best_val_mae=1.552154 | path=C:\Users\clw\projects\researchRep\STAnchor-BlockMemory\artifacts\cross_dataset_pemsbay\pemsbay_finetuned_router_dcrnn_seed42\downstream_best.pt
[2026-09-13 10:15:04] INFO Epoch 029 | stage=posthoc_calibrator | train_total=1.389989 | train_forecast=1.389989 | train_confidence=0.000000 | train_risk=0.000000 | train_blend=0.000000 | val_total=1.557908 | val_mae=1.553411 | val_rmse=3.644889 | val_mape=3.574429 | val_confidence=0.000000 | val_risk=0.000000 | val_blend=0.000000 | batches=1131/154 | seconds=149.93 | lr=[0.000125] | cuda_peak_mb=2210.3
[2026-09-13 10:15:04] INFO Val horizons | 15min_mae=1.307916 15min_rmse=2.761564 15min_mape=2.810837 | 30min_mae=1.618705 30min_rmse=3.740756 30min_mape=3.748332 | 60min_mae=1.885566 60min_rmse=4.485189 60min_mape=4.536693
[2026-09-13 10:17:34] INFO Epoch 030 | stage=posthoc_calibrator | train_total=1.389877 | train_forecast=1.389877 | train_confidence=0.000000 | train_risk=0.000000 | train_blend=0.000000 | val_total=1.556880 | val_mae=1.552367 | val_rmse=3.643433 | val_mape=3.572692 | val_confidence=0.000000 | val_risk=0.000000 | val_blend=0.000000 | batches=1131/154 | seconds=150.09 | lr=[0.000125] | cuda_peak_mb=2210.1
[2026-09-13 10:17:34] INFO Val horizons | 15min_mae=1.306801 15min_rmse=2.760590 15min_mape=2.802796 | 30min_mae=1.616546 30min_rmse=3.734537 30min_mape=3.734927 | 60min_mae=1.885949 60min_rmse=4.489321 60min_mape=4.558244
[2026-09-13 10:20:04] INFO Epoch 031 | stage=posthoc_calibrator | train_total=1.389487 | train_forecast=1.389487 | train_confidence=0.000000 | train_risk=0.000000 | train_blend=0.000000 | val_total=1.559220 | val_mae=1.554692 | val_rmse=3.654314 | val_mape=3.586226 | val_confidence=0.000000 | val_risk=0.000000 | val_blend=0.000000 | batches=1131/154 | seconds=149.89 | lr=[6.25e-05] | cuda_peak_mb=2210.3
[2026-09-13 10:20:04] INFO Val horizons | 15min_mae=1.307306 15min_rmse=2.763216 15min_mape=2.806834 | 30min_mae=1.619260 30min_rmse=3.744858 30min_mape=3.754572 | 60min_mae=1.889474 60min_rmse=4.506480 60min_mape=4.571580
[2026-09-13 10:22:34] INFO Epoch 032 | stage=posthoc_calibrator | train_total=1.389387 | train_forecast=1.389387 | train_confidence=0.000000 | train_risk=0.000000 | train_blend=0.000000 | val_total=1.559381 | val_mae=1.554849 | val_rmse=3.656524 | val_mape=3.582487 | val_confidence=0.000000 | val_risk=0.000000 | val_blend=0.000000 | batches=1131/154 | seconds=149.99 | lr=[6.25e-05] | cuda_peak_mb=2210.6
[2026-09-13 10:22:34] INFO Val horizons | 15min_mae=1.307307 15min_rmse=2.764866 15min_mape=2.802030 | 30min_mae=1.618763 30min_rmse=3.747253 30min_mape=3.744345 | 60min_mae=1.891049 60min_rmse=4.509246 60min_mape=4.579334
[2026-09-13 10:25:04] INFO Epoch 033 | stage=posthoc_calibrator | train_total=1.389424 | train_forecast=1.389424 | train_confidence=0.000000 | train_risk=0.000000 | train_blend=0.000000 | val_total=1.559316 | val_mae=1.554761 | val_rmse=3.655122 | val_mape=3.584703 | val_confidence=0.000000 | val_risk=0.000000 | val_blend=0.000000 | batches=1131/154 | seconds=149.87 | lr=[6.25e-05] | cuda_peak_mb=2210.3
[2026-09-13 10:25:04] INFO Val horizons | 15min_mae=1.307114 15min_rmse=2.762665 15min_mape=2.801844 | 30min_mae=1.618726 30min_rmse=3.743739 30min_mape=3.746587 | 60min_mae=1.890977 60min_rmse=4.511269 60min_mape=4.583345
[2026-09-13 10:27:39] INFO Epoch 034 | stage=posthoc_calibrator | train_total=1.389373 | train_forecast=1.389373 | train_confidence=0.000000 | train_risk=0.000000 | train_blend=0.000000 | val_total=1.558504 | val_mae=1.553989 | val_rmse=3.650478 | val_mape=3.587512 | val_confidence=0.000000 | val_risk=0.000000 | val_blend=0.000000 | batches=1131/154 | seconds=155.50 | lr=[6.25e-05] | cuda_peak_mb=2210.6
[2026-09-13 10:27:39] INFO Val horizons | 15min_mae=1.307006 15min_rmse=2.762638 15min_mape=2.804663 | 30min_mae=1.618537 30min_rmse=3.742340 30min_mape=3.752889 | 60min_mae=1.888687 60min_rmse=4.500793 60min_mape=4.580181
[2026-09-13 10:30:13] INFO Epoch 035 | stage=posthoc_calibrator | train_total=1.389326 | train_forecast=1.389326 | train_confidence=0.000000 | train_risk=0.000000 | train_blend=0.000000 | val_total=1.557814 | val_mae=1.553304 | val_rmse=3.650248 | val_mape=3.579229 | val_confidence=0.000000 | val_risk=0.000000 | val_blend=0.000000 | batches=1131/154 | seconds=153.60 | lr=[6.25e-05] | cuda_peak_mb=2211.0
[2026-09-13 10:30:13] INFO Val horizons | 15min_mae=1.306572 15min_rmse=2.759136 15min_mape=2.801998 | 30min_mae=1.617224 30min_rmse=3.738974 30min_mape=3.742068 | 60min_mae=1.888770 60min_rmse=4.504921 60min_mape=4.573428
[2026-09-13 10:32:46] INFO Epoch 036 | stage=posthoc_calibrator | train_total=1.389226 | train_forecast=1.389226 | train_confidence=0.000000 | train_risk=0.000000 | train_blend=0.000000 | val_total=1.557938 | val_mae=1.553420 | val_rmse=3.647360 | val_mape=3.573501 | val_confidence=0.000000 | val_risk=0.000000 | val_blend=0.000000 | batches=1131/154 | seconds=153.35 | lr=[6.25e-05] | cuda_peak_mb=2210.3
[2026-09-13 10:32:46] INFO Val horizons | 15min_mae=1.307313 15min_rmse=2.762020 15min_mape=2.801580 | 30min_mae=1.617801 30min_rmse=3.737603 30min_mape=3.736610 | 60min_mae=1.888246 60min_rmse=4.500526 60min_mape=4.562374
[2026-09-13 10:35:20] INFO Epoch 037 | stage=posthoc_calibrator | train_total=1.389118 | train_forecast=1.389118 | train_confidence=0.000000 | train_risk=0.000000 | train_blend=0.000000 | val_total=1.557059 | val_mae=1.552572 | val_rmse=3.646833 | val_mape=3.565870 | val_confidence=0.000000 | val_risk=0.000000 | val_blend=0.000000 | batches=1131/154 | seconds=153.42 | lr=[6.25e-05] | cuda_peak_mb=2210.1
[2026-09-13 10:35:20] INFO Val horizons | 15min_mae=1.306535 15min_rmse=2.761058 15min_mape=2.797227 | 30min_mae=1.616339 30min_rmse=3.736635 30min_mape=3.727039 | 60min_mae=1.887905 60min_rmse=4.499388 60min_mape=4.554621
[2026-09-13 10:37:53] INFO Epoch 038 | stage=posthoc_calibrator | train_total=1.389093 | train_forecast=1.389093 | train_confidence=0.000000 | train_risk=0.000000 | train_blend=0.000000 | val_total=1.556861 | val_mae=1.552347 | val_rmse=3.646228 | val_mape=3.566658 | val_confidence=0.000000 | val_risk=0.000000 | val_blend=0.000000 | batches=1131/154 | seconds=153.74 | lr=[6.25e-05] | cuda_peak_mb=2210.3
[2026-09-13 10:37:53] INFO Val horizons | 15min_mae=1.306249 15min_rmse=2.759396 15min_mape=2.797302 | 30min_mae=1.615788 30min_rmse=3.733458 30min_mape=3.725241 | 60min_mae=1.887500 60min_rmse=4.499061 60min_mape=4.554870
[2026-09-13 10:40:26] INFO Epoch 039 | stage=posthoc_calibrator | train_total=1.389038 | train_forecast=1.389038 | train_confidence=0.000000 | train_risk=0.000000 | train_blend=0.000000 | val_total=1.556206 | val_mae=1.551700 | val_rmse=3.643083 | val_mape=3.567870 | val_confidence=0.000000 | val_risk=0.000000 | val_blend=0.000000 | batches=1131/154 | seconds=153.09 | lr=[6.25e-05] | cuda_peak_mb=2210.6
[2026-09-13 10:40:26] INFO Val horizons | 15min_mae=1.306330 15min_rmse=2.758461 15min_mape=2.799528 | 30min_mae=1.615614 30min_rmse=3.732024 30min_mape=3.729818 | 60min_mae=1.885971 60min_rmse=4.494882 60min_mape=4.554321
[2026-09-13 10:40:27] INFO Checkpoint updated | epoch=39 | stage=posthoc_calibrator | best_val_mae=1.551700 | path=C:\Users\clw\projects\researchRep\STAnchor-BlockMemory\artifacts\cross_dataset_pemsbay\pemsbay_finetuned_router_dcrnn_seed42\downstream_best.pt
[2026-09-13 10:42:59] INFO Epoch 040 | stage=posthoc_calibrator | train_total=1.389080 | train_forecast=1.389080 | train_confidence=0.000000 | train_risk=0.000000 | train_blend=0.000000 | val_total=1.558373 | val_mae=1.553847 | val_rmse=3.653718 | val_mape=3.582366 | val_confidence=0.000000 | val_risk=0.000000 | val_blend=0.000000 | batches=1131/154 | seconds=152.72 | lr=[6.25e-05] | cuda_peak_mb=2210.3
[2026-09-13 10:42:59] INFO Val horizons | 15min_mae=1.306805 15min_rmse=2.762360 15min_mape=2.804048 | 30min_mae=1.618028 30min_rmse=3.745209 30min_mape=3.747487 | 60min_mae=1.888250 60min_rmse=4.501978 60min_mape=4.568376
[2026-09-13 10:45:32] INFO Epoch 041 | stage=posthoc_calibrator | train_total=1.388905 | train_forecast=1.388905 | train_confidence=0.000000 | train_risk=0.000000 | train_blend=0.000000 | val_total=1.557375 | val_mae=1.552877 | val_rmse=3.648513 | val_mape=3.578984 | val_confidence=0.000000 | val_risk=0.000000 | val_blend=0.000000 | batches=1131/154 | seconds=153.17 | lr=[3.125e-05] | cuda_peak_mb=2210.6
[2026-09-13 10:45:32] INFO Val horizons | 15min_mae=1.306500 15min_rmse=2.760640 15min_mape=2.802351 | 30min_mae=1.617048 30min_rmse=3.739452 30min_mape=3.743819 | 60min_mae=1.887426 60min_rmse=4.499084 60min_mape=4.567783
[2026-09-13 10:48:05] INFO Epoch 042 | stage=posthoc_calibrator | train_total=1.388799 | train_forecast=1.388799 | train_confidence=0.000000 | train_risk=0.000000 | train_blend=0.000000 | val_total=1.557285 | val_mae=1.552770 | val_rmse=3.648500 | val_mape=3.580041 | val_confidence=0.000000 | val_risk=0.000000 | val_blend=0.000000 | batches=1131/154 | seconds=152.97 | lr=[3.125e-05] | cuda_peak_mb=2211.0
[2026-09-13 10:48:05] INFO Val horizons | 15min_mae=1.306367 15min_rmse=2.761224 15min_mape=2.800517 | 30min_mae=1.617210 30min_rmse=3.740264 30min_mape=3.744601 | 60min_mae=1.886862 60min_rmse=4.497203 60min_mape=4.570788
[2026-09-13 10:50:38] INFO Epoch 043 | stage=posthoc_calibrator | train_total=1.388862 | train_forecast=1.388862 | train_confidence=0.000000 | train_risk=0.000000 | train_blend=0.000000 | val_total=1.557337 | val_mae=1.552833 | val_rmse=3.647915 | val_mape=3.577806 | val_confidence=0.000000 | val_risk=0.000000 | val_blend=0.000000 | batches=1131/154 | seconds=152.80 | lr=[3.125e-05] | cuda_peak_mb=2210.3
[2026-09-13 10:50:38] INFO Val horizons | 15min_mae=1.306071 15min_rmse=2.759942 15min_mape=2.796958 | 30min_mae=1.616728 30min_rmse=3.737348 30min_mape=3.738169 | 60min_mae=1.887887 60min_rmse=4.499735 60min_mape=4.574864
[2026-09-13 10:53:11] INFO Epoch 044 | stage=posthoc_calibrator | train_total=1.388790 | train_forecast=1.388790 | train_confidence=0.000000 | train_risk=0.000000 | train_blend=0.000000 | val_total=1.556597 | val_mae=1.552071 | val_rmse=3.645832 | val_mape=3.570231 | val_confidence=0.000000 | val_risk=0.000000 | val_blend=0.000000 | batches=1131/154 | seconds=152.82 | lr=[3.125e-05] | cuda_peak_mb=2210.1
[2026-09-13 10:53:11] INFO Val horizons | 15min_mae=1.306158 15min_rmse=2.759573 15min_mape=2.797835 | 30min_mae=1.616312 30min_rmse=3.736739 30min_mape=3.733644 | 60min_mae=1.885759 60min_rmse=4.493986 60min_mape=4.554320
[2026-09-13 10:55:44] INFO Epoch 045 | stage=posthoc_calibrator | train_total=1.388725 | train_forecast=1.388725 | train_confidence=0.000000 | train_risk=0.000000 | train_blend=0.000000 | val_total=1.559021 | val_mae=1.554496 | val_rmse=3.655941 | val_mape=3.582974 | val_confidence=0.000000 | val_risk=0.000000 | val_blend=0.000000 | batches=1131/154 | seconds=152.62 | lr=[3.125e-05] | cuda_peak_mb=2210.3
[2026-09-13 10:55:44] INFO Val horizons | 15min_mae=1.307119 15min_rmse=2.764027 15min_mape=2.802255 | 30min_mae=1.618192 30min_rmse=3.744846 30min_mape=3.743870 | 60min_mae=1.890360 60min_rmse=4.510071 60min_mape=4.579379
[2026-09-13 10:58:16] INFO Epoch 046 | stage=posthoc_calibrator | train_total=1.388749 | train_forecast=1.388749 | train_confidence=0.000000 | train_risk=0.000000 | train_blend=0.000000 | val_total=1.557959 | val_mae=1.553432 | val_rmse=3.651148 | val_mape=3.576700 | val_confidence=0.000000 | val_risk=0.000000 | val_blend=0.000000 | batches=1131/154 | seconds=152.65 | lr=[3.125e-05] | cuda_peak_mb=2210.6
[2026-09-13 10:58:16] INFO Val horizons | 15min_mae=1.306761 15min_rmse=2.760909 15min_mape=2.800761 | 30min_mae=1.617535 30min_rmse=3.740966 30min_mape=3.740358 | 60min_mae=1.888244 60min_rmse=4.503912 60min_mape=4.565196
[2026-09-13 11:00:49] INFO Epoch 047 | stage=posthoc_calibrator | train_total=1.388586 | train_forecast=1.388586 | train_confidence=0.000000 | train_risk=0.000000 | train_blend=0.000000 | val_total=1.557482 | val_mae=1.552962 | val_rmse=3.649595 | val_mape=3.581088 | val_confidence=0.000000 | val_risk=0.000000 | val_blend=0.000000 | batches=1131/154 | seconds=152.65 | lr=[3.125e-05] | cuda_peak_mb=2210.3
[2026-09-13 11:00:49] INFO Val horizons | 15min_mae=1.305991 15min_rmse=2.758701 15min_mape=2.799150 | 30min_mae=1.616817 30min_rmse=3.738661 30min_mape=3.741750 | 60min_mae=1.888055 60min_rmse=4.502300 60min_mape=4.578451
[2026-09-13 11:03:22] INFO Epoch 048 | stage=posthoc_calibrator | train_total=1.388715 | train_forecast=1.388715 | train_confidence=0.000000 | train_risk=0.000000 | train_blend=0.000000 | val_total=1.559212 | val_mae=1.554689 | val_rmse=3.658842 | val_mape=3.589746 | val_confidence=0.000000 | val_risk=0.000000 | val_blend=0.000000 | batches=1131/154 | seconds=152.59 | lr=[3.125e-05] | cuda_peak_mb=2210.6
[2026-09-13 11:03:22] INFO Val horizons | 15min_mae=1.306765 15min_rmse=2.765050 15min_mape=2.802155 | 30min_mae=1.618917 30min_rmse=3.751095 30min_mape=3.753037 | 60min_mae=1.890562 60min_rmse=4.511160 60min_mape=4.589457
[2026-09-13 11:05:54] INFO Epoch 049 | stage=posthoc_calibrator | train_total=1.388609 | train_forecast=1.388609 | train_confidence=0.000000 | train_risk=0.000000 | train_blend=0.000000 | val_total=1.557980 | val_mae=1.553463 | val_rmse=3.651540 | val_mape=3.584573 | val_confidence=0.000000 | val_risk=0.000000 | val_blend=0.000000 | batches=1131/154 | seconds=152.88 | lr=[3.125e-05] | cuda_peak_mb=2211.0
[2026-09-13 11:05:54] INFO Val horizons | 15min_mae=1.306445 15min_rmse=2.761498 15min_mape=2.800987 | 30min_mae=1.617464 30min_rmse=3.740823 30min_mape=3.747404 | 60min_mae=1.888628 60min_rmse=4.504855 60min_mape=4.580963
[2026-09-13 11:08:27] INFO Epoch 050 | stage=posthoc_calibrator | train_total=1.388662 | train_forecast=1.388662 | train_confidence=0.000000 | train_risk=0.000000 | train_blend=0.000000 | val_total=1.557102 | val_mae=1.552588 | val_rmse=3.648155 | val_mape=3.577107 | val_confidence=0.000000 | val_risk=0.000000 | val_blend=0.000000 | batches=1131/154 | seconds=152.59 | lr=[3.125e-05] | cuda_peak_mb=2210.3
[2026-09-13 11:08:27] INFO Val horizons | 15min_mae=1.306055 15min_rmse=2.758929 15min_mape=2.797445 | 30min_mae=1.616474 30min_rmse=3.736320 30min_mape=3.738831 | 60min_mae=1.887114 60min_rmse=4.500856 60min_mape=4.569329
[2026-09-13 11:08:27] INFO Downstream training finished | best_val_mae=1.551700 | checkpoint=C:\Users\clw\projects\researchRep\STAnchor-BlockMemory\artifacts\cross_dataset_pemsbay\pemsbay_finetuned_router_dcrnn_seed42\downstream_best.pt
