[2026-09-10 01:04:23] INFO Downstream start | run=cross_dataset_final/pems04_source_router_stgcn_seed42 | device=cuda:0 (requested=cuda:0) | seed=42 | output=C:\Users\clw\projects\researchRep\STAnchor-BlockMemory\artifacts\cross_dataset_final\pems04_source_router_stgcn_seed42
[2026-09-10 01:04:23] INFO Mode | downstream_mode=learned_topk_error_aware | training_protocol=posthoc_frozen_base | candidate_protocol=weekday_radius1_overlap
[2026-09-10 01:04:23] INFO Downstream initialization | seed=42 | state_hash=4a715c9846fea242
[2026-09-10 01:04:23] INFO Frozen base | checkpoint=C:\Users\clw\projects\researchRep\STAnchor-BlockMemory\artifacts\cross_dataset_final\pems04_baseonly_stgcn_seed42\downstream_best.pt | fingerprint=02c495ad88aaeffd
[2026-09-10 01:04:23] INFO Data | steps=16992 | nodes=307 | channels=1 | training_scope=full_train | memory/post_memory/train_selected/val/test=8116/3479/11595/1400/3100
[2026-09-10 01:04:23] INFO Bank/retrieval | dataset=pems04_source_queue | events=8116 | nodes=307 | retrieval_dim=64 | event_top_r=96 | node_top_k=12 | key_dtype=float16
[2026-09-10 01:04:23] INFO Parameters | downstream_total=1,162,406 | downstream_trainable=879,693 | backbone=0 | confidence_head=0 | fusion=0 | frozen_pretrained=958,704
[2026-09-10 01:04:23] INFO Optimization | epochs=50 | batch_size=32 | optimizer=adam | lr=0.001 | weight_decay=0.0001 | scheduler=step_lr | step_size=10 | gamma=0.950 | confidence_weight=0.000 | patience=10 | early_stopping=disabled
[2026-09-10 01:04:24] INFO Stage start | stage=posthoc_calibrator | epochs=50 | optimizer_lrs=[0.001]
[2026-09-10 01:08:51] INFO Epoch 001 | stage=posthoc_calibrator | train_total=1.404987 | train_forecast=1.404987 | train_confidence=0.000000 | train_risk=0.000000 | train_blend=0.000000 | val_total=1.711557 | val_mae=1.716749 | val_rmse=3.923090 | val_mape=3.926838 | val_confidence=0.000000 | val_risk=0.000000 | val_blend=0.000000 | batches=363/44 | seconds=266.97 | lr=[0.001] | cuda_peak_mb=2194.7
[2026-09-10 01:08:51] INFO Val horizons | 15min_mae=1.466061 15min_rmse=3.069131 15min_mape=3.108139 | 30min_mae=1.778607 30min_rmse=3.990346 30min_mape=4.073272 | 60min_mae=2.072933 60min_rmse=4.818456 60min_mape=5.002054
[2026-09-10 01:08:51] INFO Checkpoint updated | epoch=1 | stage=posthoc_calibrator | best_val_mae=1.716749 | path=C:\Users\clw\projects\researchRep\STAnchor-BlockMemory\artifacts\cross_dataset_final\pems04_source_router_stgcn_seed42\downstream_best.pt
[2026-09-10 01:09:35] INFO Epoch 002 | stage=posthoc_calibrator | train_total=1.395237 | train_forecast=1.395237 | train_confidence=0.000000 | train_risk=0.000000 | train_blend=0.000000 | val_total=1.701019 | val_mae=1.706174 | val_rmse=3.909376 | val_mape=3.882241 | val_confidence=0.000000 | val_risk=0.000000 | val_blend=0.000000 | batches=363/44 | seconds=43.58 | lr=[0.001] | cuda_peak_mb=2080.7
[2026-09-10 01:09:35] INFO Val horizons | 15min_mae=1.458618 15min_rmse=3.063351 15min_mape=3.088008 | 30min_mae=1.768644 30min_rmse=3.981945 30min_mape=4.033326 | 60min_mae=2.055821 60min_rmse=4.789957 60min_mape=4.919963
[2026-09-10 01:09:35] INFO Checkpoint updated | epoch=2 | stage=posthoc_calibrator | best_val_mae=1.706174 | path=C:\Users\clw\projects\researchRep\STAnchor-BlockMemory\artifacts\cross_dataset_final\pems04_source_router_stgcn_seed42\downstream_best.pt
[2026-09-10 01:10:19] INFO Epoch 003 | stage=posthoc_calibrator | train_total=1.391125 | train_forecast=1.391125 | train_confidence=0.000000 | train_risk=0.000000 | train_blend=0.000000 | val_total=1.690636 | val_mae=1.695741 | val_rmse=3.881744 | val_mape=3.883685 | val_confidence=0.000000 | val_risk=0.000000 | val_blend=0.000000 | batches=363/44 | seconds=43.56 | lr=[0.001] | cuda_peak_mb=2080.7
[2026-09-10 01:10:19] INFO Val horizons | 15min_mae=1.451795 15min_rmse=3.043053 15min_mape=3.097044 | 30min_mae=1.759406 30min_rmse=3.957743 30min_mape=4.047605 | 60min_mae=2.041783 60min_rmse=4.748486 60min_mape=4.909965
[2026-09-10 01:10:19] INFO Checkpoint updated | epoch=3 | stage=posthoc_calibrator | best_val_mae=1.695741 | path=C:\Users\clw\projects\researchRep\STAnchor-BlockMemory\artifacts\cross_dataset_final\pems04_source_router_stgcn_seed42\downstream_best.pt
[2026-09-10 01:11:02] INFO Epoch 004 | stage=posthoc_calibrator | train_total=1.389144 | train_forecast=1.389144 | train_confidence=0.000000 | train_risk=0.000000 | train_blend=0.000000 | val_total=1.691155 | val_mae=1.696271 | val_rmse=3.892305 | val_mape=3.878517 | val_confidence=0.000000 | val_risk=0.000000 | val_blend=0.000000 | batches=363/44 | seconds=43.55 | lr=[0.001] | cuda_peak_mb=2079.9
[2026-09-10 01:11:02] INFO Val horizons | 15min_mae=1.450262 15min_rmse=3.047484 15min_mape=3.072485 | 30min_mae=1.759736 30min_rmse=3.965876 30min_mape=4.032526 | 60min_mae=2.043003 60min_rmse=4.768704 60min_mape=4.921400
[2026-09-10 01:11:46] INFO Epoch 005 | stage=posthoc_calibrator | train_total=1.389101 | train_forecast=1.389101 | train_confidence=0.000000 | train_risk=0.000000 | train_blend=0.000000 | val_total=1.692046 | val_mae=1.697164 | val_rmse=3.893770 | val_mape=3.872568 | val_confidence=0.000000 | val_risk=0.000000 | val_blend=0.000000 | batches=363/44 | seconds=43.55 | lr=[0.001] | cuda_peak_mb=2080.2
[2026-09-10 01:11:46] INFO Val horizons | 15min_mae=1.451672 15min_rmse=3.050183 15min_mape=3.089728 | 30min_mae=1.760470 30min_rmse=3.969912 30min_mape=4.036528 | 60min_mae=2.043619 60min_rmse=4.771395 60min_mape=4.884575
[2026-09-10 01:12:29] INFO Epoch 006 | stage=posthoc_calibrator | train_total=1.386529 | train_forecast=1.386529 | train_confidence=0.000000 | train_risk=0.000000 | train_blend=0.000000 | val_total=1.689637 | val_mae=1.694744 | val_rmse=3.891299 | val_mape=3.881769 | val_confidence=0.000000 | val_risk=0.000000 | val_blend=0.000000 | batches=363/44 | seconds=43.52 | lr=[0.001] | cuda_peak_mb=2079.9
[2026-09-10 01:12:29] INFO Val horizons | 15min_mae=1.448021 15min_rmse=3.039944 15min_mape=3.064317 | 30min_mae=1.758544 30min_rmse=3.961031 30min_mape=4.030197 | 60min_mae=2.043641 60min_rmse=4.781067 60min_mape=4.957825
[2026-09-10 01:12:29] INFO Checkpoint updated | epoch=6 | stage=posthoc_calibrator | best_val_mae=1.694744 | path=C:\Users\clw\projects\researchRep\STAnchor-BlockMemory\artifacts\cross_dataset_final\pems04_source_router_stgcn_seed42\downstream_best.pt
[2026-09-10 01:13:13] INFO Epoch 007 | stage=posthoc_calibrator | train_total=1.385335 | train_forecast=1.385335 | train_confidence=0.000000 | train_risk=0.000000 | train_blend=0.000000 | val_total=1.691391 | val_mae=1.696512 | val_rmse=3.894996 | val_mape=3.892018 | val_confidence=0.000000 | val_risk=0.000000 | val_blend=0.000000 | batches=363/44 | seconds=43.43 | lr=[0.001] | cuda_peak_mb=2080.3
[2026-09-10 01:13:13] INFO Val horizons | 15min_mae=1.449385 15min_rmse=3.044268 15min_mape=3.080957 | 30min_mae=1.760199 30min_rmse=3.965784 30min_mape=4.046656 | 60min_mae=2.048073 60min_rmse=4.788997 60min_mape=4.962533
[2026-09-10 01:13:56] INFO Epoch 008 | stage=posthoc_calibrator | train_total=1.383739 | train_forecast=1.383739 | train_confidence=0.000000 | train_risk=0.000000 | train_blend=0.000000 | val_total=1.690158 | val_mae=1.695276 | val_rmse=3.896422 | val_mape=3.859157 | val_confidence=0.000000 | val_risk=0.000000 | val_blend=0.000000 | batches=363/44 | seconds=43.33 | lr=[0.001] | cuda_peak_mb=2080.9
[2026-09-10 01:13:56] INFO Val horizons | 15min_mae=1.449032 15min_rmse=3.051120 15min_mape=3.067754 | 30min_mae=1.758312 30min_rmse=3.970176 30min_mape=4.020359 | 60min_mae=2.045473 60min_rmse=4.781209 60min_mape=4.886459
[2026-09-10 01:14:39] INFO Epoch 009 | stage=posthoc_calibrator | train_total=1.383615 | train_forecast=1.383615 | train_confidence=0.000000 | train_risk=0.000000 | train_blend=0.000000 | val_total=1.690824 | val_mae=1.695937 | val_rmse=3.909782 | val_mape=3.877170 | val_confidence=0.000000 | val_risk=0.000000 | val_blend=0.000000 | batches=363/44 | seconds=43.38 | lr=[0.001] | cuda_peak_mb=2080.3
[2026-09-10 01:14:39] INFO Val horizons | 15min_mae=1.448077 15min_rmse=3.054212 15min_mape=3.072742 | 30min_mae=1.759712 30min_rmse=3.982760 30min_mape=4.035468 | 60min_mae=2.046406 60min_rmse=4.799453 60min_mape=4.925122
[2026-09-10 01:15:23] INFO Epoch 010 | stage=posthoc_calibrator | train_total=1.383075 | train_forecast=1.383075 | train_confidence=0.000000 | train_risk=0.000000 | train_blend=0.000000 | val_total=1.692644 | val_mae=1.697773 | val_rmse=3.904246 | val_mape=3.871095 | val_confidence=0.000000 | val_risk=0.000000 | val_blend=0.000000 | batches=363/44 | seconds=43.39 | lr=[0.001] | cuda_peak_mb=2080.2
[2026-09-10 01:15:23] INFO Val horizons | 15min_mae=1.450356 15min_rmse=3.050057 15min_mape=3.061660 | 30min_mae=1.762023 30min_rmse=3.976363 30min_mape=4.023177 | 60min_mae=2.049244 60min_rmse=4.799065 60min_mape=4.936141
[2026-09-10 01:16:06] INFO Epoch 011 | stage=posthoc_calibrator | train_total=1.381988 | train_forecast=1.381988 | train_confidence=0.000000 | train_risk=0.000000 | train_blend=0.000000 | val_total=1.689281 | val_mae=1.694389 | val_rmse=3.902627 | val_mape=3.870780 | val_confidence=0.000000 | val_risk=0.000000 | val_blend=0.000000 | batches=363/44 | seconds=43.21 | lr=[0.00095] | cuda_peak_mb=2080.8
[2026-09-10 01:16:06] INFO Val horizons | 15min_mae=1.444959 15min_rmse=3.041947 15min_mape=3.058269 | 30min_mae=1.758233 30min_rmse=3.975334 30min_mape=4.026002 | 60min_mae=2.047966 60min_rmse=4.799946 60min_mape=4.938617
[2026-09-10 01:16:06] INFO Checkpoint updated | epoch=11 | stage=posthoc_calibrator | best_val_mae=1.694389 | path=C:\Users\clw\projects\researchRep\STAnchor-BlockMemory\artifacts\cross_dataset_final\pems04_source_router_stgcn_seed42\downstream_best.pt
[2026-09-10 01:16:49] INFO Epoch 012 | stage=posthoc_calibrator | train_total=1.381739 | train_forecast=1.381739 | train_confidence=0.000000 | train_risk=0.000000 | train_blend=0.000000 | val_total=1.695406 | val_mae=1.700548 | val_rmse=3.910741 | val_mape=3.879629 | val_confidence=0.000000 | val_risk=0.000000 | val_blend=0.000000 | batches=363/44 | seconds=43.26 | lr=[0.00095] | cuda_peak_mb=2079.6
[2026-09-10 01:16:49] INFO Val horizons | 15min_mae=1.453306 15min_rmse=3.064244 15min_mape=3.080092 | 30min_mae=1.764989 30min_rmse=3.985724 30min_mape=4.036486 | 60min_mae=2.051888 60min_rmse=4.799882 60min_mape=4.930761
[2026-09-10 01:17:33] INFO Epoch 013 | stage=posthoc_calibrator | train_total=1.381805 | train_forecast=1.381805 | train_confidence=0.000000 | train_risk=0.000000 | train_blend=0.000000 | val_total=1.685936 | val_mae=1.691025 | val_rmse=3.895066 | val_mape=3.869703 | val_confidence=0.000000 | val_risk=0.000000 | val_blend=0.000000 | batches=363/44 | seconds=43.20 | lr=[0.00095] | cuda_peak_mb=2079.8
[2026-09-10 01:17:33] INFO Val horizons | 15min_mae=1.444112 15min_rmse=3.037482 15min_mape=3.064155 | 30min_mae=1.755044 30min_rmse=3.968768 30min_mape=4.033741 | 60min_mae=2.041848 60min_rmse=4.785434 60min_mape=4.914287
[2026-09-10 01:17:33] INFO Checkpoint updated | epoch=13 | stage=posthoc_calibrator | best_val_mae=1.691025 | path=C:\Users\clw\projects\researchRep\STAnchor-BlockMemory\artifacts\cross_dataset_final\pems04_source_router_stgcn_seed42\downstream_best.pt
[2026-09-10 01:18:16] INFO Epoch 014 | stage=posthoc_calibrator | train_total=1.380676 | train_forecast=1.380676 | train_confidence=0.000000 | train_risk=0.000000 | train_blend=0.000000 | val_total=1.685621 | val_mae=1.690717 | val_rmse=3.887521 | val_mape=3.848357 | val_confidence=0.000000 | val_risk=0.000000 | val_blend=0.000000 | batches=363/44 | seconds=43.19 | lr=[0.00095] | cuda_peak_mb=2079.6
[2026-09-10 01:18:16] INFO Val horizons | 15min_mae=1.443936 15min_rmse=3.037163 15min_mape=3.069511 | 30min_mae=1.752883 30min_rmse=3.959647 30min_mape=4.004852 | 60min_mae=2.043555 60min_rmse=4.777432 60min_mape=4.880712
[2026-09-10 01:18:16] INFO Checkpoint updated | epoch=14 | stage=posthoc_calibrator | best_val_mae=1.690717 | path=C:\Users\clw\projects\researchRep\STAnchor-BlockMemory\artifacts\cross_dataset_final\pems04_source_router_stgcn_seed42\downstream_best.pt
[2026-09-10 01:18:59] INFO Epoch 015 | stage=posthoc_calibrator | train_total=1.380449 | train_forecast=1.380449 | train_confidence=0.000000 | train_risk=0.000000 | train_blend=0.000000 | val_total=1.686995 | val_mae=1.692098 | val_rmse=3.884990 | val_mape=3.864603 | val_confidence=0.000000 | val_risk=0.000000 | val_blend=0.000000 | batches=363/44 | seconds=43.26 | lr=[0.00095] | cuda_peak_mb=2080.2
[2026-09-10 01:18:59] INFO Val horizons | 15min_mae=1.446108 15min_rmse=3.042607 15min_mape=3.068049 | 30min_mae=1.755566 30min_rmse=3.958692 30min_mape=4.021739 | 60min_mae=2.042054 60min_rmse=4.768167 60min_mape=4.908141
[2026-09-10 01:19:42] INFO Epoch 016 | stage=posthoc_calibrator | train_total=1.380286 | train_forecast=1.380286 | train_confidence=0.000000 | train_risk=0.000000 | train_blend=0.000000 | val_total=1.685307 | val_mae=1.690399 | val_rmse=3.887424 | val_mape=3.856732 | val_confidence=0.000000 | val_risk=0.000000 | val_blend=0.000000 | batches=363/44 | seconds=43.15 | lr=[0.00095] | cuda_peak_mb=2080.1
[2026-09-10 01:19:42] INFO Val horizons | 15min_mae=1.442878 15min_rmse=3.029198 15min_mape=3.051191 | 30min_mae=1.753231 30min_rmse=3.957824 30min_mape=4.008794 | 60min_mae=2.042265 60min_rmse=4.783839 60min_mape=4.924236
[2026-09-10 01:19:42] INFO Checkpoint updated | epoch=16 | stage=posthoc_calibrator | best_val_mae=1.690399 | path=C:\Users\clw\projects\researchRep\STAnchor-BlockMemory\artifacts\cross_dataset_final\pems04_source_router_stgcn_seed42\downstream_best.pt
[2026-09-10 01:20:26] INFO Epoch 017 | stage=posthoc_calibrator | train_total=1.379814 | train_forecast=1.379814 | train_confidence=0.000000 | train_risk=0.000000 | train_blend=0.000000 | val_total=1.684929 | val_mae=1.690023 | val_rmse=3.882913 | val_mape=3.849094 | val_confidence=0.000000 | val_risk=0.000000 | val_blend=0.000000 | batches=363/44 | seconds=43.31 | lr=[0.00095] | cuda_peak_mb=2080.2
[2026-09-10 01:20:26] INFO Val horizons | 15min_mae=1.441873 15min_rmse=3.024932 15min_mape=3.046944 | 30min_mae=1.752597 30min_rmse=3.953317 30min_mape=4.004700 | 60min_mae=2.043349 60min_rmse=4.776682 60min_mape=4.901898
[2026-09-10 01:20:26] INFO Checkpoint updated | epoch=17 | stage=posthoc_calibrator | best_val_mae=1.690023 | path=C:\Users\clw\projects\researchRep\STAnchor-BlockMemory\artifacts\cross_dataset_final\pems04_source_router_stgcn_seed42\downstream_best.pt
[2026-09-10 01:21:09] INFO Epoch 018 | stage=posthoc_calibrator | train_total=1.379929 | train_forecast=1.379929 | train_confidence=0.000000 | train_risk=0.000000 | train_blend=0.000000 | val_total=1.683071 | val_mae=1.688146 | val_rmse=3.877406 | val_mape=3.835646 | val_confidence=0.000000 | val_risk=0.000000 | val_blend=0.000000 | batches=363/44 | seconds=43.20 | lr=[0.00095] | cuda_peak_mb=2080.1
[2026-09-10 01:21:09] INFO Val horizons | 15min_mae=1.441577 15min_rmse=3.027231 15min_mape=3.037115 | 30min_mae=1.751553 30min_rmse=3.950895 30min_mape=3.985359 | 60min_mae=2.038495 60min_rmse=4.767749 60min_mape=4.888407
[2026-09-10 01:21:09] INFO Checkpoint updated | epoch=18 | stage=posthoc_calibrator | best_val_mae=1.688146 | path=C:\Users\clw\projects\researchRep\STAnchor-BlockMemory\artifacts\cross_dataset_final\pems04_source_router_stgcn_seed42\downstream_best.pt
[2026-09-10 01:21:52] INFO Epoch 019 | stage=posthoc_calibrator | train_total=1.379727 | train_forecast=1.379727 | train_confidence=0.000000 | train_risk=0.000000 | train_blend=0.000000 | val_total=1.685094 | val_mae=1.690184 | val_rmse=3.900656 | val_mape=3.881415 | val_confidence=0.000000 | val_risk=0.000000 | val_blend=0.000000 | batches=363/44 | seconds=43.22 | lr=[0.00095] | cuda_peak_mb=2080.2
[2026-09-10 01:21:52] INFO Val horizons | 15min_mae=1.444145 15min_rmse=3.041621 15min_mape=3.087004 | 30min_mae=1.753306 30min_rmse=3.973860 30min_mape=4.040145 | 60min_mae=2.040831 60min_rmse=4.793574 60min_mape=4.936516
[2026-09-10 01:22:35] INFO Epoch 020 | stage=posthoc_calibrator | train_total=1.380397 | train_forecast=1.380397 | train_confidence=0.000000 | train_risk=0.000000 | train_blend=0.000000 | val_total=1.684314 | val_mae=1.689408 | val_rmse=3.871164 | val_mape=3.829486 | val_confidence=0.000000 | val_risk=0.000000 | val_blend=0.000000 | batches=363/44 | seconds=43.29 | lr=[0.00095] | cuda_peak_mb=2080.1
[2026-09-10 01:22:35] INFO Val horizons | 15min_mae=1.441062 15min_rmse=3.022926 15min_mape=3.035550 | 30min_mae=1.751061 30min_rmse=3.945008 30min_mape=3.978834 | 60min_mae=2.045064 60min_rmse=4.757466 60min_mape=4.878904
[2026-09-10 01:23:19] INFO Epoch 021 | stage=posthoc_calibrator | train_total=1.379741 | train_forecast=1.379741 | train_confidence=0.000000 | train_risk=0.000000 | train_blend=0.000000 | val_total=1.683356 | val_mae=1.688434 | val_rmse=3.883648 | val_mape=3.847510 | val_confidence=0.000000 | val_risk=0.000000 | val_blend=0.000000 | batches=363/44 | seconds=43.20 | lr=[0.0009025] | cuda_peak_mb=2080.2
[2026-09-10 01:23:19] INFO Val horizons | 15min_mae=1.442166 15min_rmse=3.033914 15min_mape=3.048935 | 30min_mae=1.751375 30min_rmse=3.955894 30min_mape=4.000969 | 60min_mae=2.039114 60min_rmse=4.772246 60min_mape=4.898713
[2026-09-10 01:24:02] INFO Epoch 022 | stage=posthoc_calibrator | train_total=1.379090 | train_forecast=1.379090 | train_confidence=0.000000 | train_risk=0.000000 | train_blend=0.000000 | val_total=1.685087 | val_mae=1.690176 | val_rmse=3.888822 | val_mape=3.859377 | val_confidence=0.000000 | val_risk=0.000000 | val_blend=0.000000 | batches=363/44 | seconds=43.14 | lr=[0.0009025] | cuda_peak_mb=2080.1
[2026-09-10 01:24:02] INFO Val horizons | 15min_mae=1.443823 15min_rmse=3.034630 15min_mape=3.070119 | 30min_mae=1.754403 30min_rmse=3.965123 30min_mape=4.024614 | 60min_mae=2.039708 60min_rmse=4.773737 60min_mape=4.892919
[2026-09-10 01:24:45] INFO Epoch 023 | stage=posthoc_calibrator | train_total=1.378678 | train_forecast=1.378678 | train_confidence=0.000000 | train_risk=0.000000 | train_blend=0.000000 | val_total=1.684107 | val_mae=1.689196 | val_rmse=3.891866 | val_mape=3.867779 | val_confidence=0.000000 | val_risk=0.000000 | val_blend=0.000000 | batches=363/44 | seconds=43.28 | lr=[0.0009025] | cuda_peak_mb=2080.2
[2026-09-10 01:24:45] INFO Val horizons | 15min_mae=1.442427 15min_rmse=3.032824 15min_mape=3.075225 | 30min_mae=1.751831 30min_rmse=3.965415 30min_mape=4.027352 | 60min_mae=2.040184 60min_rmse=4.780012 60min_mape=4.914043
[2026-09-10 01:25:28] INFO Epoch 024 | stage=posthoc_calibrator | train_total=1.378803 | train_forecast=1.378803 | train_confidence=0.000000 | train_risk=0.000000 | train_blend=0.000000 | val_total=1.682640 | val_mae=1.687718 | val_rmse=3.884269 | val_mape=3.842462 | val_confidence=0.000000 | val_risk=0.000000 | val_blend=0.000000 | batches=363/44 | seconds=43.12 | lr=[0.0009025] | cuda_peak_mb=2080.1
[2026-09-10 01:25:28] INFO Val horizons | 15min_mae=1.441406 15min_rmse=3.027618 15min_mape=3.049448 | 30min_mae=1.750417 30min_rmse=3.959918 30min_mape=3.994474 | 60min_mae=2.039515 60min_rmse=4.770284 60min_mape=4.887415
[2026-09-10 01:25:28] INFO Checkpoint updated | epoch=24 | stage=posthoc_calibrator | best_val_mae=1.687718 | path=C:\Users\clw\projects\researchRep\STAnchor-BlockMemory\artifacts\cross_dataset_final\pems04_source_router_stgcn_seed42\downstream_best.pt
[2026-09-10 01:26:11] INFO Epoch 025 | stage=posthoc_calibrator | train_total=1.378586 | train_forecast=1.378586 | train_confidence=0.000000 | train_risk=0.000000 | train_blend=0.000000 | val_total=1.682678 | val_mae=1.687755 | val_rmse=3.882190 | val_mape=3.862580 | val_confidence=0.000000 | val_risk=0.000000 | val_blend=0.000000 | batches=363/44 | seconds=43.20 | lr=[0.0009025] | cuda_peak_mb=2080.2
[2026-09-10 01:26:11] INFO Val horizons | 15min_mae=1.441486 15min_rmse=3.025557 15min_mape=3.069200 | 30min_mae=1.750005 30min_rmse=3.950757 30min_mape=4.021480 | 60min_mae=2.039504 60min_rmse=4.777550 60min_mape=4.910239
[2026-09-10 01:26:55] INFO Epoch 026 | stage=posthoc_calibrator | train_total=1.378916 | train_forecast=1.378916 | train_confidence=0.000000 | train_risk=0.000000 | train_blend=0.000000 | val_total=1.683449 | val_mae=1.688532 | val_rmse=3.891314 | val_mape=3.853514 | val_confidence=0.000000 | val_risk=0.000000 | val_blend=0.000000 | batches=363/44 | seconds=43.19 | lr=[0.0009025] | cuda_peak_mb=2080.1
[2026-09-10 01:26:55] INFO Val horizons | 15min_mae=1.442470 15min_rmse=3.036115 15min_mape=3.054797 | 30min_mae=1.752153 30min_rmse=3.966548 30min_mape=4.006120 | 60min_mae=2.038164 60min_rmse=4.781855 60min_mape=4.909108
[2026-09-10 01:27:38] INFO Epoch 027 | stage=posthoc_calibrator | train_total=1.378341 | train_forecast=1.378341 | train_confidence=0.000000 | train_risk=0.000000 | train_blend=0.000000 | val_total=1.682979 | val_mae=1.688056 | val_rmse=3.868639 | val_mape=3.860168 | val_confidence=0.000000 | val_risk=0.000000 | val_blend=0.000000 | batches=363/44 | seconds=43.19 | lr=[0.0009025] | cuda_peak_mb=2080.2
[2026-09-10 01:27:38] INFO Val horizons | 15min_mae=1.441352 15min_rmse=3.015705 15min_mape=3.059819 | 30min_mae=1.751256 30min_rmse=3.935598 30min_mape=4.008366 | 60min_mae=2.038298 60min_rmse=4.765310 60min_mape=4.922161
[2026-09-10 01:28:21] INFO Epoch 028 | stage=posthoc_calibrator | train_total=1.378379 | train_forecast=1.378379 | train_confidence=0.000000 | train_risk=0.000000 | train_blend=0.000000 | val_total=1.684197 | val_mae=1.689286 | val_rmse=3.888051 | val_mape=3.865804 | val_confidence=0.000000 | val_risk=0.000000 | val_blend=0.000000 | batches=363/44 | seconds=43.18 | lr=[0.0009025] | cuda_peak_mb=2080.1
[2026-09-10 01:28:21] INFO Val horizons | 15min_mae=1.442586 15min_rmse=3.036456 15min_mape=3.064685 | 30min_mae=1.751189 30min_rmse=3.960745 30min_mape=4.018590 | 60min_mae=2.041672 60min_rmse=4.778130 60min_mape=4.928340
[2026-09-10 01:29:04] INFO Epoch 029 | stage=posthoc_calibrator | train_total=1.378367 | train_forecast=1.378367 | train_confidence=0.000000 | train_risk=0.000000 | train_blend=0.000000 | val_total=1.683748 | val_mae=1.688829 | val_rmse=3.894391 | val_mape=3.859728 | val_confidence=0.000000 | val_risk=0.000000 | val_blend=0.000000 | batches=363/44 | seconds=43.10 | lr=[0.0009025] | cuda_peak_mb=2080.2
[2026-09-10 01:29:04] INFO Val horizons | 15min_mae=1.442629 15min_rmse=3.037195 15min_mape=3.055247 | 30min_mae=1.751185 30min_rmse=3.964637 30min_mape=4.002421 | 60min_mae=2.039465 60min_rmse=4.789172 60min_mape=4.931842
[2026-09-10 01:29:47] INFO Epoch 030 | stage=posthoc_calibrator | train_total=1.377833 | train_forecast=1.377833 | train_confidence=0.000000 | train_risk=0.000000 | train_blend=0.000000 | val_total=1.686991 | val_mae=1.692091 | val_rmse=3.901615 | val_mape=3.864846 | val_confidence=0.000000 | val_risk=0.000000 | val_blend=0.000000 | batches=363/44 | seconds=43.13 | lr=[0.0009025] | cuda_peak_mb=2080.1
[2026-09-10 01:29:47] INFO Val horizons | 15min_mae=1.445627 15min_rmse=3.046695 15min_mape=3.067673 | 30min_mae=1.754811 30min_rmse=3.975700 30min_mape=4.022771 | 60min_mae=2.043886 60min_rmse=4.791653 60min_mape=4.908413
[2026-09-10 01:30:30] INFO Epoch 031 | stage=posthoc_calibrator | train_total=1.378480 | train_forecast=1.378480 | train_confidence=0.000000 | train_risk=0.000000 | train_blend=0.000000 | val_total=1.687073 | val_mae=1.692187 | val_rmse=3.888245 | val_mape=3.839380 | val_confidence=0.000000 | val_risk=0.000000 | val_blend=0.000000 | batches=363/44 | seconds=43.14 | lr=[0.000857375] | cuda_peak_mb=2080.2
[2026-09-10 01:30:30] INFO Val horizons | 15min_mae=1.443485 15min_rmse=3.035420 15min_mape=3.047623 | 30min_mae=1.754885 30min_rmse=3.964786 30min_mape=3.990743 | 60min_mae=2.046770 60min_rmse=4.777593 60min_mape=4.889865
[2026-09-10 01:31:13] INFO Epoch 032 | stage=posthoc_calibrator | train_total=1.378220 | train_forecast=1.378220 | train_confidence=0.000000 | train_risk=0.000000 | train_blend=0.000000 | val_total=1.684953 | val_mae=1.690058 | val_rmse=3.888411 | val_mape=3.828575 | val_confidence=0.000000 | val_risk=0.000000 | val_blend=0.000000 | batches=363/44 | seconds=43.09 | lr=[0.000857375] | cuda_peak_mb=2080.1
[2026-09-10 01:31:13] INFO Val horizons | 15min_mae=1.441962 15min_rmse=3.032574 15min_mape=3.040074 | 30min_mae=1.753048 30min_rmse=3.962624 30min_mape=3.969876 | 60min_mae=2.042731 60min_rmse=4.783383 60min_mape=4.896470
[2026-09-10 01:31:56] INFO Epoch 033 | stage=posthoc_calibrator | train_total=1.378140 | train_forecast=1.378140 | train_confidence=0.000000 | train_risk=0.000000 | train_blend=0.000000 | val_total=1.683309 | val_mae=1.688395 | val_rmse=3.888503 | val_mape=3.869852 | val_confidence=0.000000 | val_risk=0.000000 | val_blend=0.000000 | batches=363/44 | seconds=43.05 | lr=[0.000857375] | cuda_peak_mb=2080.2
[2026-09-10 01:31:56] INFO Val horizons | 15min_mae=1.440433 15min_rmse=3.023383 15min_mape=3.061155 | 30min_mae=1.750962 30min_rmse=3.960029 30min_mape=4.024248 | 60min_mae=2.041034 60min_rmse=4.783224 60min_mape=4.935768
[2026-09-10 01:32:40] INFO Epoch 034 | stage=posthoc_calibrator | train_total=1.377723 | train_forecast=1.377723 | train_confidence=0.000000 | train_risk=0.000000 | train_blend=0.000000 | val_total=1.683367 | val_mae=1.688452 | val_rmse=3.888176 | val_mape=3.845898 | val_confidence=0.000000 | val_risk=0.000000 | val_blend=0.000000 | batches=363/44 | seconds=43.19 | lr=[0.000857375] | cuda_peak_mb=2080.1
[2026-09-10 01:32:40] INFO Val horizons | 15min_mae=1.443201 15min_rmse=3.035864 15min_mape=3.052001 | 30min_mae=1.751209 30min_rmse=3.960407 30min_mape=3.989275 | 60min_mae=2.039012 60min_rmse=4.780120 60min_mape=4.908235
[2026-09-10 01:33:23] INFO Epoch 035 | stage=posthoc_calibrator | train_total=1.378064 | train_forecast=1.378064 | train_confidence=0.000000 | train_risk=0.000000 | train_blend=0.000000 | val_total=1.685756 | val_mae=1.690857 | val_rmse=3.889662 | val_mape=3.851304 | val_confidence=0.000000 | val_risk=0.000000 | val_blend=0.000000 | batches=363/44 | seconds=43.08 | lr=[0.000857375] | cuda_peak_mb=2080.2
[2026-09-10 01:33:23] INFO Val horizons | 15min_mae=1.444864 15min_rmse=3.042195 15min_mape=3.055598 | 30min_mae=1.753601 30min_rmse=3.963989 30min_mape=3.999270 | 60min_mae=2.041529 60min_rmse=4.778652 60min_mape=4.909285
[2026-09-10 01:34:06] INFO Epoch 036 | stage=posthoc_calibrator | train_total=1.377613 | train_forecast=1.377613 | train_confidence=0.000000 | train_risk=0.000000 | train_blend=0.000000 | val_total=1.684350 | val_mae=1.689442 | val_rmse=3.896929 | val_mape=3.860144 | val_confidence=0.000000 | val_risk=0.000000 | val_blend=0.000000 | batches=363/44 | seconds=43.13 | lr=[0.000857375] | cuda_peak_mb=2080.1
[2026-09-10 01:34:06] INFO Val horizons | 15min_mae=1.442578 15min_rmse=3.040832 15min_mape=3.062488 | 30min_mae=1.751399 30min_rmse=3.969251 30min_mape=4.011726 | 60min_mae=2.042182 60min_rmse=4.788703 60min_mape=4.920038
[2026-09-10 01:34:49] INFO Epoch 037 | stage=posthoc_calibrator | train_total=1.377690 | train_forecast=1.377690 | train_confidence=0.000000 | train_risk=0.000000 | train_blend=0.000000 | val_total=1.681124 | val_mae=1.686200 | val_rmse=3.878498 | val_mape=3.855940 | val_confidence=0.000000 | val_risk=0.000000 | val_blend=0.000000 | batches=363/44 | seconds=43.14 | lr=[0.000857375] | cuda_peak_mb=2080.2
[2026-09-10 01:34:49] INFO Val horizons | 15min_mae=1.439305 15min_rmse=3.018541 15min_mape=3.056935 | 30min_mae=1.748570 30min_rmse=3.947608 30min_mape=4.011616 | 60min_mae=2.037855 60min_rmse=4.773208 60min_mape=4.910326
[2026-09-10 01:34:49] INFO Checkpoint updated | epoch=37 | stage=posthoc_calibrator | best_val_mae=1.686200 | path=C:\Users\clw\projects\researchRep\STAnchor-BlockMemory\artifacts\cross_dataset_final\pems04_source_router_stgcn_seed42\downstream_best.pt
[2026-09-10 01:35:32] INFO Epoch 038 | stage=posthoc_calibrator | train_total=1.377752 | train_forecast=1.377752 | train_confidence=0.000000 | train_risk=0.000000 | train_blend=0.000000 | val_total=1.682773 | val_mae=1.687857 | val_rmse=3.875911 | val_mape=3.834652 | val_confidence=0.000000 | val_risk=0.000000 | val_blend=0.000000 | batches=363/44 | seconds=43.11 | lr=[0.000857375] | cuda_peak_mb=2080.1
[2026-09-10 01:35:32] INFO Val horizons | 15min_mae=1.440565 15min_rmse=3.019504 15min_mape=3.051820 | 30min_mae=1.749618 30min_rmse=3.950064 30min_mape=3.994443 | 60min_mae=2.042198 60min_rmse=4.766409 60min_mape=4.869829
[2026-09-10 01:36:15] INFO Epoch 039 | stage=posthoc_calibrator | train_total=1.377788 | train_forecast=1.377788 | train_confidence=0.000000 | train_risk=0.000000 | train_blend=0.000000 | val_total=1.682041 | val_mae=1.687119 | val_rmse=3.891287 | val_mape=3.858348 | val_confidence=0.000000 | val_risk=0.000000 | val_blend=0.000000 | batches=363/44 | seconds=43.06 | lr=[0.000857375] | cuda_peak_mb=2080.2
[2026-09-10 01:36:15] INFO Val horizons | 15min_mae=1.441570 15min_rmse=3.032460 15min_mape=3.061683 | 30min_mae=1.750309 30min_rmse=3.965693 30min_mape=4.017770 | 60min_mae=2.036750 60min_rmse=4.781900 60min_mape=4.906396
[2026-09-10 01:36:58] INFO Epoch 040 | stage=posthoc_calibrator | train_total=1.377068 | train_forecast=1.377068 | train_confidence=0.000000 | train_risk=0.000000 | train_blend=0.000000 | val_total=1.682354 | val_mae=1.687439 | val_rmse=3.876894 | val_mape=3.847435 | val_confidence=0.000000 | val_risk=0.000000 | val_blend=0.000000 | batches=363/44 | seconds=43.07 | lr=[0.000857375] | cuda_peak_mb=2080.1
[2026-09-10 01:36:58] INFO Val horizons | 15min_mae=1.439592 15min_rmse=3.020299 15min_mape=3.045708 | 30min_mae=1.749541 30min_rmse=3.949211 30min_mape=4.000087 | 60min_mae=2.040568 60min_rmse=4.763916 60min_mape=4.898221
[2026-09-10 01:37:41] INFO Epoch 041 | stage=posthoc_calibrator | train_total=1.377511 | train_forecast=1.377511 | train_confidence=0.000000 | train_risk=0.000000 | train_blend=0.000000 | val_total=1.681455 | val_mae=1.686530 | val_rmse=3.892250 | val_mape=3.847227 | val_confidence=0.000000 | val_risk=0.000000 | val_blend=0.000000 | batches=363/44 | seconds=43.03 | lr=[0.0008145062499999999] | cuda_peak_mb=2080.2
[2026-09-10 01:37:41] INFO Val horizons | 15min_mae=1.440492 15min_rmse=3.033537 15min_mape=3.045706 | 30min_mae=1.748280 30min_rmse=3.958971 30min_mape=3.983024 | 60min_mae=2.038241 60min_rmse=4.794705 60min_mape=4.924151
[2026-09-10 01:38:24] INFO Epoch 042 | stage=posthoc_calibrator | train_total=1.377356 | train_forecast=1.377356 | train_confidence=0.000000 | train_risk=0.000000 | train_blend=0.000000 | val_total=1.682550 | val_mae=1.687636 | val_rmse=3.885989 | val_mape=3.835239 | val_confidence=0.000000 | val_risk=0.000000 | val_blend=0.000000 | batches=363/44 | seconds=43.07 | lr=[0.0008145062499999999] | cuda_peak_mb=2080.1
[2026-09-10 01:38:24] INFO Val horizons | 15min_mae=1.440481 15min_rmse=3.028042 15min_mape=3.044655 | 30min_mae=1.749220 30min_rmse=3.955301 30min_mape=3.976562 | 60min_mae=2.040816 60min_rmse=4.783101 60min_mape=4.901063
[2026-09-10 01:39:07] INFO Epoch 043 | stage=posthoc_calibrator | train_total=1.376983 | train_forecast=1.376983 | train_confidence=0.000000 | train_risk=0.000000 | train_blend=0.000000 | val_total=1.682780 | val_mae=1.687875 | val_rmse=3.886840 | val_mape=3.837795 | val_confidence=0.000000 | val_risk=0.000000 | val_blend=0.000000 | batches=363/44 | seconds=43.07 | lr=[0.0008145062499999999] | cuda_peak_mb=2080.2
[2026-09-10 01:39:07] INFO Val horizons | 15min_mae=1.440574 15min_rmse=3.034051 15min_mape=3.045704 | 30min_mae=1.749120 30min_rmse=3.959691 30min_mape=3.976967 | 60min_mae=2.040784 60min_rmse=4.775207 60min_mape=4.901039
[2026-09-10 01:39:51] INFO Epoch 044 | stage=posthoc_calibrator | train_total=1.377694 | train_forecast=1.377694 | train_confidence=0.000000 | train_risk=0.000000 | train_blend=0.000000 | val_total=1.681660 | val_mae=1.686735 | val_rmse=3.888729 | val_mape=3.842789 | val_confidence=0.000000 | val_risk=0.000000 | val_blend=0.000000 | batches=363/44 | seconds=43.04 | lr=[0.0008145062499999999] | cuda_peak_mb=2080.1
[2026-09-10 01:39:51] INFO Val horizons | 15min_mae=1.441105 15min_rmse=3.034992 15min_mape=3.054278 | 30min_mae=1.749584 30min_rmse=3.967239 30min_mape=3.998513 | 60min_mae=2.036732 60min_rmse=4.772984 60min_mape=4.886200
[2026-09-10 01:40:34] INFO Epoch 045 | stage=posthoc_calibrator | train_total=1.377436 | train_forecast=1.377436 | train_confidence=0.000000 | train_risk=0.000000 | train_blend=0.000000 | val_total=1.681955 | val_mae=1.687040 | val_rmse=3.879946 | val_mape=3.839354 | val_confidence=0.000000 | val_risk=0.000000 | val_blend=0.000000 | batches=363/44 | seconds=43.06 | lr=[0.0008145062499999999] | cuda_peak_mb=2080.2
[2026-09-10 01:40:34] INFO Val horizons | 15min_mae=1.439198 15min_rmse=3.020746 15min_mape=3.048779 | 30min_mae=1.748345 30min_rmse=3.951156 30min_mape=3.987735 | 60min_mae=2.040895 60min_rmse=4.774076 60min_mape=4.897422
[2026-09-10 01:41:17] INFO Epoch 046 | stage=posthoc_calibrator | train_total=1.376637 | train_forecast=1.376637 | train_confidence=0.000000 | train_risk=0.000000 | train_blend=0.000000 | val_total=1.680229 | val_mae=1.685299 | val_rmse=3.888523 | val_mape=3.832832 | val_confidence=0.000000 | val_risk=0.000000 | val_blend=0.000000 | batches=363/44 | seconds=43.08 | lr=[0.0008145062499999999] | cuda_peak_mb=2080.1
[2026-09-10 01:41:17] INFO Val horizons | 15min_mae=1.438825 15min_rmse=3.025912 15min_mape=3.036557 | 30min_mae=1.747308 30min_rmse=3.961144 30min_mape=3.972542 | 60min_mae=2.036760 60min_rmse=4.787350 60min_mape=4.909892
[2026-09-10 01:41:17] INFO Checkpoint updated | epoch=46 | stage=posthoc_calibrator | best_val_mae=1.685299 | path=C:\Users\clw\projects\researchRep\STAnchor-BlockMemory\artifacts\cross_dataset_final\pems04_source_router_stgcn_seed42\downstream_best.pt
[2026-09-10 01:42:00] INFO Epoch 047 | stage=posthoc_calibrator | train_total=1.376600 | train_forecast=1.376600 | train_confidence=0.000000 | train_risk=0.000000 | train_blend=0.000000 | val_total=1.683376 | val_mae=1.688464 | val_rmse=3.890938 | val_mape=3.840709 | val_confidence=0.000000 | val_risk=0.000000 | val_blend=0.000000 | batches=363/44 | seconds=43.09 | lr=[0.0008145062499999999] | cuda_peak_mb=2080.2
[2026-09-10 01:42:00] INFO Val horizons | 15min_mae=1.442261 15min_rmse=3.032506 15min_mape=3.049772 | 30min_mae=1.751639 30min_rmse=3.965446 30min_mape=3.994637 | 60min_mae=2.039627 60min_rmse=4.781716 60min_mape=4.888146
[2026-09-10 01:42:43] INFO Epoch 048 | stage=posthoc_calibrator | train_total=1.376902 | train_forecast=1.376902 | train_confidence=0.000000 | train_risk=0.000000 | train_blend=0.000000 | val_total=1.684783 | val_mae=1.689890 | val_rmse=3.896960 | val_mape=3.850638 | val_confidence=0.000000 | val_risk=0.000000 | val_blend=0.000000 | batches=363/44 | seconds=43.07 | lr=[0.0008145062499999999] | cuda_peak_mb=2080.1
[2026-09-10 01:42:43] INFO Val horizons | 15min_mae=1.442797 15min_rmse=3.038991 15min_mape=3.056721 | 30min_mae=1.752809 30min_rmse=3.974032 30min_mape=4.005654 | 60min_mae=2.041530 60min_rmse=4.783847 60min_mape=4.899385
[2026-09-10 01:43:26] INFO Epoch 049 | stage=posthoc_calibrator | train_total=1.377054 | train_forecast=1.377054 | train_confidence=0.000000 | train_risk=0.000000 | train_blend=0.000000 | val_total=1.683644 | val_mae=1.688741 | val_rmse=3.894265 | val_mape=3.846606 | val_confidence=0.000000 | val_risk=0.000000 | val_blend=0.000000 | batches=363/44 | seconds=43.15 | lr=[0.0008145062499999999] | cuda_peak_mb=2080.2
[2026-09-10 01:43:26] INFO Val horizons | 15min_mae=1.441155 15min_rmse=3.033105 15min_mape=3.051744 | 30min_mae=1.751004 30min_rmse=3.967756 30min_mape=3.994046 | 60min_mae=2.041717 60min_rmse=4.787149 60min_mape=4.911181
[2026-09-10 01:44:09] INFO Epoch 050 | stage=posthoc_calibrator | train_total=1.376519 | train_forecast=1.376519 | train_confidence=0.000000 | train_risk=0.000000 | train_blend=0.000000 | val_total=1.683593 | val_mae=1.688685 | val_rmse=3.898053 | val_mape=3.858078 | val_confidence=0.000000 | val_risk=0.000000 | val_blend=0.000000 | batches=363/44 | seconds=43.18 | lr=[0.0008145062499999999] | cuda_peak_mb=2080.1
[2026-09-10 01:44:09] INFO Val horizons | 15min_mae=1.441937 15min_rmse=3.040255 15min_mape=3.057507 | 30min_mae=1.751028 30min_rmse=3.971286 30min_mape=4.007856 | 60min_mae=2.040772 60min_rmse=4.789094 60min_mape=4.920422
[2026-09-10 01:44:09] INFO Downstream training finished | best_val_mae=1.685299 | checkpoint=C:\Users\clw\projects\researchRep\STAnchor-BlockMemory\artifacts\cross_dataset_final\pems04_source_router_stgcn_seed42\downstream_best.pt
